core_cm3.h:982:22:NVIC_ClearPendingIRQ	16	static
Communication_NG.c:32:6:Add_Trame_ToTXQueue	24	static
Communication_NG.c:38:6:Communication_Send_Trame	96	static
Communication_NG.c:97:6:uTask_ReceptionDatas	24	static
Communication_NG.c:129:6:Communication_Reception_Data	112	static
Communication_NG.c:295:6:Communication_Lecture_Trames	88	static
Communication_NG.c:316:6:Communication_Reception_Data_USB	104	static
Communication_NG.c:459:6:Communication_Lecture_Trames_USB	88	static
Communication_NG.c:481:38:SendRS485Byte	16	static
Communication_NG.c:498:38:UART1_IRQHandler	8	static
Communication_NG.c:512:6:Communication_Envoie_Nombre_Messages	88	static
