clock_17xx_40xx.h:120:20:Chip_Clock_IsMainPLLEnabled	4	static
clock_17xx_40xx.h:133:20:Chip_Clock_IsUSBPLLEnabled	4	static
clock_17xx_40xx.h:173:20:Chip_Clock_IsMainPLLConnected	4	static
clock_17xx_40xx.h:182:20:Chip_Clock_IsUSBPLLConnected	4	static
clock_17xx_40xx.h:229:20:Chip_Clock_FeedPLL	16	static
clock_17xx_40xx.h:497:39:Chip_Clock_GetMainPLLSource	4	static
clock_17xx_40xx.h:736:24:Chip_Clock_GetMainOscRate	4	static
clock_17xx_40xx.h:745:24:Chip_Clock_GetIntOscRate	4	static
clock_17xx_40xx.h:754:24:Chip_Clock_GetRTCOscRate	4	static
clock_17xx_40xx.h:771:24:Chip_Clock_GetMainPLLInClockRate	8	static
clock_17xx_40xx.h:786:24:Chip_Clock_GetUSBPLLInClockRate	8	static
clock_17xx_40xx.c:51:6:Chip_Clock_EnablePLL	24	static
clock_17xx_40xx.c:61:6:Chip_Clock_DisablePLL	24	static
clock_17xx_40xx.c:71:6:Chip_Clock_SetupPLL	32	static
clock_17xx_40xx.c:93:6:Chip_Clock_EnablePeriphClock	24	static
clock_17xx_40xx.c:109:6:Chip_Clock_DisablePeriphClock	24	static
clock_17xx_40xx.c:125:6:Chip_Clock_IsPeripheralClockEnabled	24	static
clock_17xx_40xx.c:144:6:Chip_Clock_SetCPUClockSource	16	static
clock_17xx_40xx.c:168:23:Chip_Clock_GetCPUClockSource	16	static
clock_17xx_40xx.c:193:6:Chip_Clock_SetCPUClockDiv	16	static
clock_17xx_40xx.c:207:10:Chip_Clock_GetCPUClockDiv	4	static
clock_17xx_40xx.c:230:6:Chip_Clock_SetUSBClockDiv	24	static
clock_17xx_40xx.c:244:10:Chip_Clock_GetUSBClockDiv	4	static
clock_17xx_40xx.c:255:6:Chip_Clock_SetPCLKDiv	32	static
clock_17xx_40xx.c:270:10:Chip_Clock_GetPCLKDiv	32	static
clock_17xx_40xx.c:306:6:Chip_Clock_SetCLKOUTSource	24	static
clock_17xx_40xx.c:317:10:Chip_Clock_GetSYSCLKRate	8	static
clock_17xx_40xx.c:336:10:Chip_Clock_GetMainPLLOutClockRate	24	static
clock_17xx_40xx.c:364:10:Chip_Clock_GetUSBPLLOutClockRate	16	static
clock_17xx_40xx.c:385:10:Chip_Clock_GetMainClockRate	8	static
clock_17xx_40xx.c:400:10:Chip_Clock_GetSystemClockRate	16	static
clock_17xx_40xx.c:406:10:Chip_Clock_GetUSBClockRate	16	static
clock_17xx_40xx.c:495:10:Chip_Clock_GetPeripheralClockRate	24	static
