ring_buffer.h:133:19:RingBuffer_IsEmpty	16	static
uart_17xx_40xx.h:309:20:Chip_UART_SendByte	16	static
uart_17xx_40xx.h:322:23:Chip_UART_ReadByte	16	static
uart_17xx_40xx.h:337:20:Chip_UART_IntEnable	16	static
uart_17xx_40xx.h:352:20:Chip_UART_IntDisable	16	static
uart_17xx_40xx.h:375:24:Chip_UART_ReadIntIDReg	16	static
uart_17xx_40xx.h:390:20:Chip_UART_SetupFIFOS	16	static
uart_17xx_40xx.h:405:20:Chip_UART_ConfigData	16	static
uart_17xx_40xx.h:415:20:Chip_UART_EnableDivisorAccess	16	static
uart_17xx_40xx.h:425:20:Chip_UART_DisableDivisorAccess	16	static
uart_17xx_40xx.h:440:20:Chip_UART_SetDivisorLatches	16	static
uart_17xx_40xx.h:492:24:Chip_UART_ReadLineStatus	16	static
uart_17xx_40xx.h:538:20:Chip_UART_SetAutoBaudReg	16	static
uart_17xx_40xx.c:50:28:Chip_UART_GetClockIndex	24	static
uart_17xx_40xx.c:76:13:Chip_UART_ABIntHandler	16	static
uart_17xx_40xx.c:96:27:Chip_UART_GetClkIndex	24	static
uart_17xx_40xx.c:122:6:Chip_UART_Init	24	static
uart_17xx_40xx.c:168:6:Chip_UART_DeInit	16	static
uart_17xx_40xx.c:178:6:Chip_UART_TXEnable	16	static
uart_17xx_40xx.c:193:6:Chip_UART_TXDisable	16	static
uart_17xx_40xx.c:208:5:Chip_UART_Send	32	static
uart_17xx_40xx.c:225:12:Chip_UART_CheckBusy	16	static
uart_17xx_40xx.c:236:5:Chip_UART_SendBlocking	40	static
uart_17xx_40xx.c:252:5:Chip_UART_Read	32	static
uart_17xx_40xx.c:269:5:Chip_UART_ReadBlocking	40	static
uart_17xx_40xx.c:285:10:Chip_UART_SetBaud	32	static
uart_17xx_40xx.c:311:6:Chip_UART_RXIntHandlerRB	24	static
uart_17xx_40xx.c:321:6:Chip_UART_TXIntHandlerRB	24	static
uart_17xx_40xx.c:333:10:Chip_UART_SendRB	32	static
uart_17xx_40xx.c:355:5:Chip_UART_ReadRB	24	static
uart_17xx_40xx.c:363:6:Chip_UART_IRQRBHandler	24	static
uart_17xx_40xx.c:383:10:Chip_UART_SetBaudFDR	96	static
uart_17xx_40xx.c:498:12:Chip_UART_GetABEOStatus	16	static
uart_17xx_40xx.c:505:6:Chip_UART_ABCmd	32	static
