core_cm3.h:1323:22:NVIC_EnableIRQ	16	static
gpio_17xx_40xx.h:88:20:Chip_GPIO_SetPinState	16	static
gpio_17xx_40xx.h:106:20:Chip_GPIO_WritePortBit	24	static
1_Trame_Communication.c:38:6:_1_Communication_Init	16	static
1_Trame_Communication.c:60:6:_1_Communication_Create_Queues_Semaphores	8	static
1_Trame_Communication.c:83:12:_1_Communication_Wait_To_Send	32	static
1_Trame_Communication.c:110:6:_1_Communication_Free_Send_Bit	8	static
1_Trame_Communication.c:127:12:_1_Communication_Wait_To_Receive	32	static
1_Trame_Communication.c:154:6:_1_Communication_Free_Receive_Bit	8	static
1_Trame_Communication.c:173:12:_1_Communication_Create_Trame	24	static
1_Trame_Communication.c:246:44:_1_Communication_Create_Trame_From_Buffer	48	static
1_Trame_Communication.c:475:12:_1_Communication_Check_Rx_Adresse	16	static
1_Trame_Communication.c:508:12:_1_Communication_Check_Priority_Messages	16	static
1_Trame_Communication.c:523:6:_1_Communication_Recomposition_Rx	48	static
