1_Asservissement.c:33:6:_1_Asserv_Init_Asserv	16	static
1_Asservissement.c:57:23:_1_Asserv_GetPtr_PID_Vit_Pos	0	static
1_Asservissement.c:72:23:_1_Asserv_GetPtr_PID_Vit_Rot	0	static
1_Asservissement.c:87:23:_1_Get_prt_PID_Vit_Droite	0	static
1_Asservissement.c:102:23:_1_Get_prt_PID_Vit_Gauche	0	static
1_Asservissement.c:119:6:_1_Update_PID_Vitesse_Consigne_distance	8	static
1_Asservissement.c:134:6:_1_Update_PID_Vitesse_Consigne_rotation	8	static
1_Asservissement.c:149:6:_1_Update_PID_Consigne_Vitesse_Roue_Droite	8	static
1_Asservissement.c:164:6:_1_Update_PID_Consigne_Vitesse_Roue_Gauche	8	static
1_Asservissement.c:181:6:_1_Asserv_Niveau_1	16	static
1_Asservissement.c:220:6:_1_Asserv_Vitesse_Independantes	32	static
1_Asservissement.c:348:6:_1_Asserv_Boucle_Asserv_Vitesse_Polaire	24	static
