2_Asservissement.c:47:6:_2_Deplacement_Init	16	static
2_Asservissement.c:78:23:_2_Asserv_GetPtr_PID_Pos	0	static
2_Asservissement.c:93:23:_2_Asserv_GetPtr_PID_Rot	0	static
2_Asservissement.c:109:5:_2_Deplacement_Ajout_Point	0	static
2_Asservissement.c:120:6:_2_Asservissement_DestinationBuffer_Clear	8	static
2_Asservissement.c:136:6:_2_Update_PID_Vitesse_Consignes	8	static
2_Asservissement.c:152:6:_2_Asservissement_Set_Distance_Speed_Accel	0	static
2_Asservissement.c:169:6:_2_Asservissement_Set_Rotation_Speed_Accel	0	static
2_Asservissement.c:187:6:_2_Asservissement_Set_Distance_Displacement_Consign	0	static
2_Asservissement.c:202:6:_2_Asservissement_Set_Rotation_Displacement_Consign	0	static
2_Asservissement.c:530:5:_2_Asservissement_Read_Next_Desti_Point	0	static
2_Asservissement.c:543:5:_2_Asservissement_Read_Next_Desti_Point_extern	0	static
2_Asservissement.c:556:7:Trapeze_Vitesse	24	static
2_Asservissement.c:301:6:_2_Asservissement_Distance_Angle_Avec_Vitesse	16	static
2_Asservissement.c:595:7:Calcul_Distance_2_points	32	static
2_Asservissement.c:617:7:Calcul_Distance_2_points_Simple	16	static
2_Asservissement.c:639:7:Calcul_Angle_2_points	32	static
2_Asservissement.c:656:7:Calcul_Angle_2_points_Simple	24	static
2_Asservissement.c:347:6:_2_Asservissement_Rotation_Avance	48	static
2_Asservissement.c:218:6:_2_Asservissement_Distance_Angle	80	static
2_Asservissement.c:676:7:minf	16	static
