2_Asservissement.c:47:6:_2_Deplacement_Init	16	static
2_Asservissement.c:79:6:_2_Enable_Asserv	8	static
2_Asservissement.c:95:6:_2_Disable_Asserv	8	static
2_Asservissement.c:110:23:_2_Asserv_GetPtr_PID_Pos	0	static
2_Asservissement.c:125:23:_2_Asserv_GetPtr_PID_Rot	0	static
2_Asservissement.c:141:5:_2_Deplacement_Ajout_Point	8	static
2_Asservissement.c:152:6:_2_Asservissement_DestinationBuffer_Clear	8	static
2_Asservissement.c:168:6:_2_Update_PID_Vitesse_Consignes	8	static
2_Asservissement.c:184:6:_2_Asservissement_Set_Distance_Speed_Accel	0	static
2_Asservissement.c:201:6:_2_Asservissement_Set_Rotation_Speed_Accel	0	static
2_Asservissement.c:219:6:_2_Asservissement_Set_Distance_Displacement_Consign	0	static
2_Asservissement.c:234:6:_2_Asservissement_Set_Rotation_Displacement_Consign	0	static
2_Asservissement.c:653:5:_2_Asservissement_Read_Next_Desti_Point	8	static
2_Asservissement.c:666:5:_2_Asservissement_Read_Next_Desti_Point_extern	8	static
2_Asservissement.c:718:7:Calcul_Distance_2_points	8	static
2_Asservissement.c:740:7:Calcul_Distance_2_points_Simple	16	static
2_Asservissement.c:762:7:Calcul_Angle_2_points	16	static
2_Asservissement.c:779:7:Calcul_Angle_2_points_Simple	16	static
2_Asservissement.c:510:6:_2_Asservissement_Rotation_Avance	32	static
2_Asservissement.c:799:7:minf	16	static
2_Asservissement.c:679:7:Trapeze_Vitesse	24	static
2_Asservissement.c:250:6:_2_Asservissement_Distance_Angle	72	static
2_Asservissement.c:464:6:_2_Asservissement_Distance_Angle_Avec_Vitesse	16	static
