port.c:200:17:pxPortInitialiseStack	24	static
port.c:218:13:prvTaskExitError	8	static
port.c:232:6:SVC_Handler	0	static
port.c:251:13:prvPortStartFirstTask	0	static
port.c:268:15:xPortStartScheduler	24	static
port.c:337:6:vPortEndScheduler	4	static
port.c:344:6:vPortYield	4	static
port.c:356:6:vPortEnterCritical	8	static
port.c:365:6:vPortExitCritical	8	static
port.c:375:40:ulPortSetInterruptMask	0	static
port.c:392:31:vPortClearInterruptMask	0	static
port.c:406:6:PendSV_Handler	0	static
port.c:441:6:SysTick_Handler	8	static
port.c:616:30:vPortSetupTimerInterrupt	4	static
port.c:635:7:vPortValidateInterruptPriority	16	static
