queue.c:239:15:xQueueGenericReset	24	static
queue.c:284:14:xQueueGenericCreate	40	static
queue.c:344:15:xQueueCreateMutex	24	static
queue.c:439:16:xQueueGiveMutexRecursive	32	static
queue.c:489:16:xQueueTakeMutexRecursive	32	static
queue.c:530:15:xQueueCreateCountingSemaphore	24	static
queue.c:554:22:xQueueGenericSend	40	static
queue.c:924:22:xQueueGenericSendFromISR	40	static
queue.c:1036:22:xQueueGenericReceive	48	static
queue.c:1191:22:xQueueReceiveFromISR	40	static
queue.c:1266:22:xQueuePeekFromISR	32	static
queue.c:1319:24:uxQueueMessagesWaiting	24	static
queue.c:1333:24:uxQueueSpacesAvailable	24	static
queue.c:1349:24:uxQueueMessagesWaitingFromISR	24	static
queue.c:1361:6:vQueueDelete	24	static
queue.c:1380:16:ucQueueGetQueueNumber	16	static
queue.c:1390:7:vQueueSetQueueNumber	16	static
queue.c:1400:16:ucQueueGetQueueType	16	static
queue.c:1408:13:prvCopyDataToQueue	24	static
queue.c:1458:13:prvCopyDataFromQueue	16	static
queue.c:1472:13:prvUnlockQueue	16	static
queue.c:1571:29:prvIsQueueEmpty	24	static
queue.c:1592:22:xQueueIsQueueEmptyFromISR	24	static
queue.c:1610:29:prvIsQueueFull	24	static
queue.c:1631:22:xQueueIsQueueFullFromISR	24	static
queue.c:1870:7:vQueueAddToRegistry	24	static
queue.c:1893:7:vQueueUnregisterQueue	24	static
