tasks.c:479:22:xTaskGenericCreate	48	static
tasks.c:635:7:vTaskDelete	24	static
tasks.c:689:7:vTaskDelayUntil	32	static
tasks.c:765:7:vTaskDelay	24	static
tasks.c:877:25:uxTaskPriorityGet	24	static
tasks.c:899:7:vTaskPrioritySet	32	static
tasks.c:1030:7:vTaskSuspend	24	static
tasks.c:1091:23:xTaskIsTaskSuspended	24	static
tasks.c:1125:7:vTaskResume	24	static
tasks.c:1166:16:xTaskResumeFromISR	32	static
tasks.c:1225:6:vTaskStartScheduler	32	static
tasks.c:1299:6:vTaskEndScheduler	8	static
tasks.c:1310:6:vTaskSuspendAll	4	static
tasks.c:1346:22:xTaskResumeAll	16	static
tasks.c:1414:14:xTaskGetTickCount	16	static
tasks.c:1429:14:xTaskGetTickCountFromISR	16	static
tasks.c:1458:24:uxTaskGetNumberOfTasks	4	static
tasks.c:1483:25:uxTaskGetSystemState	32	static
tasks.c:1583:15:xTaskIncrementTick	32	static
tasks.c:1814:6:vTaskSwitchContext	16	static
tasks.c:1868:6:vTaskPlaceOnEventList	24	static
tasks.c:1961:22:xTaskRemoveFromEventList	24	static
tasks.c:2016:6:vTaskSetTimeOutState	16	static
tasks.c:2024:15:xTaskCheckForTimeOut	24	static
tasks.c:2073:6:vTaskMissedYield	4	static
tasks.c:2081:25:uxTaskGetTaskNumber	24	static
tasks.c:2104:7:vTaskSetTaskNumber	24	static
tasks.c:2128:8:prvIdleTask	16	static
tasks.c:2259:13:prvInitialiseTCBVariables	32	static
tasks.c:2359:13:prvInitialiseTaskLists	16	static
tasks.c:2391:13:prvCheckTasksWaitingTermination	16	static
tasks.c:2426:13:prvAddCurrentTaskToDelayedList	16	static
tasks.c:2452:16:prvAllocateTCBAndStack	24	static
tasks.c:2486:32:prvListTaskWithinSingleList	56	static
tasks.c:2552:24:prvTaskCheckFreeStackSpace	24	static
tasks.c:2600:14:prvDeleteTCB	16	static
tasks.c:2618:14:xTaskGetCurrentTaskHandle	16	static
tasks.c:2663:7:vTaskPriorityInherit	24	static
tasks.c:2705:7:vTaskPriorityDisinherit	24	static
