core_cm3.h:1323:22:NVIC_EnableIRQ	16	static
core_cm3.h:1375:22:NVIC_ClearPendingIRQ	16	static
core_cm3.h:1405:22:NVIC_SetPriority	16	static
iocon_17xx_40xx.h:181:20:Chip_IOCON_PinMux	32	static
gpio_17xx_40xx.h:156:20:Chip_GPIO_SetPinDIRInput	16	static
gpioint_17xx_40xx.h:106:20:Chip_GPIOINT_SetIntFalling	24	static
gpioint_17xx_40xx.h:123:20:Chip_GPIOINT_SetIntRising	24	static
gpioint_17xx_40xx.h:199:20:Chip_GPIOINT_ClearIntStatus	24	static
gpioint_17xx_40xx.h:214:20:Chip_GPIOINT_IsIntPending	16	static
0_Codeurs.h:41:20:GPIOSetInterrupt	24	static
0_Codeurs.c:21:6:_0_Codeurs_Init	16	static
0_Codeurs.c:76:23:_0_Codeurs_Get_CodeursValues	16	static
0_Codeurs.c:92:6:_0_Codeurs_Increment_Simulation	16	static
0_Codeurs.c:108:38:EINT3_IRQHandler	8	static
0_Codeurs.c:120:38:EINT0_IRQHandler	0	static
0_Codeurs.c:125:38:EINT1_IRQHandler	0	static
0_Codeurs.c:130:38:EINT2_IRQHandler	0	static
0_Codeurs.c:145:37:Codeurs_Interrupts_420cy	8	static
0_Codeurs.c:315:37:Codeurs_Interrupts	16	static
0_Codeurs.c:392:6:_0_Codeurs_Reset	4	static
