can_17xx_40xx.h:762:20:Chip_CAN_SetCmd	16	static
can_17xx_40xx.h:803:24:Chip_CAN_GetStatus	16	static
can_17xx_40xx.h:870:26:Chip_CAN_GetMode	16	static
can_17xx_40xx.h:881:20:Chip_CAN_SetAFMode	16	static
can_17xx_40xx.h:891:29:Chip_CAN_GetAFMode	16	static
can_17xx_40xx.c:47:13:setBusTiming	16	static
can_17xx_40xx.c:66:13:getSectionAddress	24	static
can_17xx_40xx.c:86:24:getTotalEntryNum	16	static
can_17xx_40xx.c:92:20:setSectionEndAddress	16	static
can_17xx_40xx.c:99:22:getReceiveFrameInfo	16	static
can_17xx_40xx.c:107:20:setSendFrameInfo	24	static
can_17xx_40xx.c:114:17:createStdIDEntry	24	static
can_17xx_40xx.c:126:24:createUnUsedSTDEntry	16	static
can_17xx_40xx.c:132:13:readStdIDEntry	16	static
can_17xx_40xx.c:140:15:setupSTDSection	32	static
can_17xx_40xx.c:179:15:setupSTDRangeSection	24	static
can_17xx_40xx.c:187:13:shiftSTDEntryDown	40	static
can_17xx_40xx.c:210:13:shiftSTDEntryUp	40	static
can_17xx_40xx.c:237:17:createExtIDEntry	24	static
can_17xx_40xx.c:246:13:readExtIDEntry	16	static
can_17xx_40xx.c:253:15:setupEXTSection	40	static
can_17xx_40xx.c:275:15:setupEXTRangeSection	24	static
can_17xx_40xx.c:283:17:getArrayVal	40	static
can_17xx_40xx.c:306:16:searchInsertIndex	48	static
can_17xx_40xx.c:347:15:insertSTDEntry	80	static
can_17xx_40xx.c:459:15:readSTDEntry	32	static
can_17xx_40xx.c:501:8:removeSTDEntry	56	static
can_17xx_40xx.c:593:8:removeLUTEntry	40	static
can_17xx_40xx.c:670:6:clearAFLUT	24	static
can_17xx_40xx.c:694:28:Chip_CAN_GetClockIndex	24	static
can_17xx_40xx.c:728:27:Chip_CAN_GetClkIndex	24	static
can_17xx_40xx.c:749:6:Chip_CAN_Init	32	static
can_17xx_40xx.c:780:6:Chip_CAN_DeInit	16	static
can_17xx_40xx.c:786:8:Chip_CAN_SetBitRate	40	static
can_17xx_40xx.c:833:6:Chip_CAN_SetMode	16	static
can_17xx_40xx.c:862:17:Chip_CAN_GetFreeTxBuf	24	static
can_17xx_40xx.c:877:8:Chip_CAN_SetAFLUT	32	static
can_17xx_40xx.c:964:10:Chip_CAN_GetEntriesNum	32	static
can_17xx_40xx.c:995:8:Chip_CAN_InsertFullCANEntry	24	static
can_17xx_40xx.c:1002:8:Chip_CAN_InsertSTDEntry	24	static
can_17xx_40xx.c:1010:8:Chip_CAN_InsertEXTEntry	56	static
can_17xx_40xx.c:1066:8:Chip_CAN_InsertGroupSTDEntry	56	static
can_17xx_40xx.c:1158:8:Chip_CAN_InsertGroupEXTEntry	56	static
can_17xx_40xx.c:1243:8:Chip_CAN_RemoveFullCANEntry	24	static
can_17xx_40xx.c:1250:8:Chip_CAN_RemoveSTDEntry	24	static
can_17xx_40xx.c:1258:8:Chip_CAN_RemoveGroupSTDEntry	24	static
can_17xx_40xx.c:1266:8:Chip_CAN_RemoveEXTEntry	24	static
can_17xx_40xx.c:1273:8:Chip_CAN_RemoveGroupEXTEntry	24	static
can_17xx_40xx.c:1280:8:Chip_CAN_ReadFullCANEntry	32	static
can_17xx_40xx.c:1288:8:Chip_CAN_ReadSTDEntry	32	static
can_17xx_40xx.c:1296:8:Chip_CAN_ReadGroupSTDEntry	32	static
can_17xx_40xx.c:1318:8:Chip_CAN_ReadEXTEntry	32	static
can_17xx_40xx.c:1339:8:Chip_CAN_ReadGroupEXTEntry	32	static
can_17xx_40xx.c:1363:8:Chip_CAN_Send	48	static
can_17xx_40xx.c:1407:8:Chip_CAN_Receive	40	static
can_17xx_40xx.c:1444:6:Chip_CAN_ConfigFullCANInt	24	static
can_17xx_40xx.c:1463:10:Chip_CAN_GetFullCANIntStatus	16	static
can_17xx_40xx.c:1472:8:Chip_CAN_FullCANReceive	32	static
