clock_17xx_40xx.h:120:20:Chip_Clock_IsMainPLLEnabled	4	static
clock_17xx_40xx.h:146:20:Chip_Clock_IsMainPLLLocked	4	static
clock_17xx_40xx.h:173:20:Chip_Clock_IsMainPLLConnected	4	static
clock_17xx_40xx.h:192:20:Chip_Clock_EnableCrystal	4	static
clock_17xx_40xx.h:201:20:Chip_Clock_IsCrystalEnabled	4	static
clock_17xx_40xx.h:488:20:Chip_Clock_SetMainPLLSource	16	static
sysinit_17xx_40xx.c:105:6:Chip_SetupIrcClocking	8	static
sysinit_17xx_40xx.c:160:6:Chip_SetupXtalClocking	32	static
sysinit_17xx_40xx.c:286:6:Chip_SystemInit	8	static
