15:27:40 **** Incremental Build of configuration Release for project 0_Robot_Library ****
make -r all 
Building file: ../src/main.c
Invoking: MCU C Compiler
arm-none-eabi-gcc -DDEBUG -D__CODE_RED -D__NEWLIB__ -DCORE_M3 -D__LPC17XX__ -DCR_INTEGER_PRINTF -D__USE_LPCOPEN -DNO_BOARD_LIB -I"C:\Robot\Robotic-System.git\trunk\TEST\Test_Workspace\0_lpc_board_nxp_lpcxpresso_1769\inc" -I"C:\Robot\Robotic-System.git\trunk\TEST\Test_Workspace\0_lpc_chip_175x_6x\inc" -I"C:\Robot\Robotic-System.git\trunk\TEST\Test_Workspace\0_lpc_chip_175x_6x\inc\usbd" -I"C:\Robot\Robotic-System.git\trunk\TEST\Test_Workspace\0_lpc_chip_175x_6x\Release" -I"C:\Robot\Robotic-System.git\trunk\TEST\Test_Workspace\0_lpc_board_nxp_lpcxpresso_1769\Release" -I"C:\Robot\Robotic-System.git\trunk\TEST\Test_Workspace\0_Robot_Library\FreeRTOS" -I"C:\Robot\Robotic-System.git\trunk\TEST\Test_Workspace\0_Robot_Library\FreeRTOS\inc" -I"C:\Robot\Robotic-System.git\trunk\TEST\Test_Workspace\0_Robot_Library\FreeRTOS\FreeRTOS_Trace" -I"C:\Robot\Robotic-System.git\trunk\TEST\Test_Workspace\0_Robot_Library\inc" -Og -fno-common -g -Wall -c -fmessage-length=0 -fno-builtin -ffunction-sections -fdata-sections -fmacro-prefix-map="../src/"=. -mcpu=cortex-m3 -mthumb -D__NEWLIB__ -fstack-usage -specs=nano.specs -MMD -MP -MF"src/main.d" -MT"src/main.o" -MT"src/main.d" -o "src/main.o" "../src/main.c"
../src/main.c: In function 'vTask_HartBeat':
../src/main.c:82:3: warning: implicit declaration of function 'vTaskDelay' [-Wimplicit-function-declaration]
   82 |   vTaskDelay(configTICK_RATE_HZ / 1);
      |   ^~~~~~~~~~
Finished building: ../src/main.c
 
Building file: ../FreeRTOS/src/FreeRTOSCommonHooks.c
Invoking: MCU C Compiler
arm-none-eabi-gcc -DDEBUG -D__CODE_RED -D__NEWLIB__ -DCORE_M3 -D__LPC17XX__ -DCR_INTEGER_PRINTF -D__USE_LPCOPEN -DNO_BOARD_LIB -I"C:\Robot\Robotic-System.git\trunk\TEST\Test_Workspace\0_lpc_board_nxp_lpcxpresso_1769\inc" -I"C:\Robot\Robotic-System.git\trunk\TEST\Test_Workspace\0_lpc_chip_175x_6x\inc" -I"C:\Robot\Robotic-System.git\trunk\TEST\Test_Workspace\0_lpc_chip_175x_6x\inc\usbd" -I"C:\Robot\Robotic-System.git\trunk\TEST\Test_Workspace\0_lpc_chip_175x_6x\Release" -I"C:\Robot\Robotic-System.git\trunk\TEST\Test_Workspace\0_lpc_board_nxp_lpcxpresso_1769\Release" -I"C:\Robot\Robotic-System.git\trunk\TEST\Test_Workspace\0_Robot_Library\FreeRTOS" -I"C:\Robot\Robotic-System.git\trunk\TEST\Test_Workspace\0_Robot_Library\FreeRTOS\inc" -I"C:\Robot\Robotic-System.git\trunk\TEST\Test_Workspace\0_Robot_Library\FreeRTOS\FreeRTOS_Trace" -I"C:\Robot\Robotic-System.git\trunk\TEST\Test_Workspace\0_Robot_Library\inc" -Og -fno-common -g -Wall -c -fmessage-length=0 -fno-builtin -ffunction-sections -fdata-sections -fmacro-prefix-map="../FreeRTOS/src/"=. -mcpu=cortex-m3 -mthumb -D__NEWLIB__ -fstack-usage -specs=nano.specs -MMD -MP -MF"FreeRTOS/src/FreeRTOSCommonHooks.d" -MT"FreeRTOS/src/FreeRTOSCommonHooks.o" -MT"FreeRTOS/src/FreeRTOSCommonHooks.d" -o "FreeRTOS/src/FreeRTOSCommonHooks.o" "../FreeRTOS/src/FreeRTOSCommonHooks.c"
Finished building: ../FreeRTOS/src/FreeRTOSCommonHooks.c
 
Building file: ../FreeRTOS/src/croutine.c
Invoking: MCU C Compiler
arm-none-eabi-gcc -DDEBUG -D__CODE_RED -D__NEWLIB__ -DCORE_M3 -D__LPC17XX__ -DCR_INTEGER_PRINTF -D__USE_LPCOPEN -DNO_BOARD_LIB -I"C:\Robot\Robotic-System.git\trunk\TEST\Test_Workspace\0_lpc_board_nxp_lpcxpresso_1769\inc" -I"C:\Robot\Robotic-System.git\trunk\TEST\Test_Workspace\0_lpc_chip_175x_6x\inc" -I"C:\Robot\Robotic-System.git\trunk\TEST\Test_Workspace\0_lpc_chip_175x_6x\inc\usbd" -I"C:\Robot\Robotic-System.git\trunk\TEST\Test_Workspace\0_lpc_chip_175x_6x\Release" -I"C:\Robot\Robotic-System.git\trunk\TEST\Test_Workspace\0_lpc_board_nxp_lpcxpresso_1769\Release" -I"C:\Robot\Robotic-System.git\trunk\TEST\Test_Workspace\0_Robot_Library\FreeRTOS" -I"C:\Robot\Robotic-System.git\trunk\TEST\Test_Workspace\0_Robot_Library\FreeRTOS\inc" -I"C:\Robot\Robotic-System.git\trunk\TEST\Test_Workspace\0_Robot_Library\FreeRTOS\FreeRTOS_Trace" -I"C:\Robot\Robotic-System.git\trunk\TEST\Test_Workspace\0_Robot_Library\inc" -Og -fno-common -g -Wall -c -fmessage-length=0 -fno-builtin -ffunction-sections -fdata-sections -fmacro-prefix-map="../FreeRTOS/src/"=. -mcpu=cortex-m3 -mthumb -D__NEWLIB__ -fstack-usage -specs=nano.specs -MMD -MP -MF"FreeRTOS/src/croutine.d" -MT"FreeRTOS/src/croutine.o" -MT"FreeRTOS/src/croutine.d" -o "FreeRTOS/src/croutine.o" "../FreeRTOS/src/croutine.c"
Finished building: ../FreeRTOS/src/croutine.c
 
Building file: ../FreeRTOS/src/event_groups.c
Invoking: MCU C Compiler
arm-none-eabi-gcc -DDEBUG -D__CODE_RED -D__NEWLIB__ -DCORE_M3 -D__LPC17XX__ -DCR_INTEGER_PRINTF -D__USE_LPCOPEN -DNO_BOARD_LIB -I"C:\Robot\Robotic-System.git\trunk\TEST\Test_Workspace\0_lpc_board_nxp_lpcxpresso_1769\inc" -I"C:\Robot\Robotic-System.git\trunk\TEST\Test_Workspace\0_lpc_chip_175x_6x\inc" -I"C:\Robot\Robotic-System.git\trunk\TEST\Test_Workspace\0_lpc_chip_175x_6x\inc\usbd" -I"C:\Robot\Robotic-System.git\trunk\TEST\Test_Workspace\0_lpc_chip_175x_6x\Release" -I"C:\Robot\Robotic-System.git\trunk\TEST\Test_Workspace\0_lpc_board_nxp_lpcxpresso_1769\Release" -I"C:\Robot\Robotic-System.git\trunk\TEST\Test_Workspace\0_Robot_Library\FreeRTOS" -I"C:\Robot\Robotic-System.git\trunk\TEST\Test_Workspace\0_Robot_Library\FreeRTOS\inc" -I"C:\Robot\Robotic-System.git\trunk\TEST\Test_Workspace\0_Robot_Library\FreeRTOS\FreeRTOS_Trace" -I"C:\Robot\Robotic-System.git\trunk\TEST\Test_Workspace\0_Robot_Library\inc" -Og -fno-common -g -Wall -c -fmessage-length=0 -fno-builtin -ffunction-sections -fdata-sections -fmacro-prefix-map="../FreeRTOS/src/"=. -mcpu=cortex-m3 -mthumb -D__NEWLIB__ -fstack-usage -specs=nano.specs -MMD -MP -MF"FreeRTOS/src/event_groups.d" -MT"FreeRTOS/src/event_groups.o" -MT"FreeRTOS/src/event_groups.d" -o "FreeRTOS/src/event_groups.o" "../FreeRTOS/src/event_groups.c"
Finished building: ../FreeRTOS/src/event_groups.c
 
Building file: ../FreeRTOS/src/heap_5.c
Invoking: MCU C Compiler
arm-none-eabi-gcc -DDEBUG -D__CODE_RED -D__NEWLIB__ -DCORE_M3 -D__LPC17XX__ -DCR_INTEGER_PRINTF -D__USE_LPCOPEN -DNO_BOARD_LIB -I"C:\Robot\Robotic-System.git\trunk\TEST\Test_Workspace\0_lpc_board_nxp_lpcxpresso_1769\inc" -I"C:\Robot\Robotic-System.git\trunk\TEST\Test_Workspace\0_lpc_chip_175x_6x\inc" -I"C:\Robot\Robotic-System.git\trunk\TEST\Test_Workspace\0_lpc_chip_175x_6x\inc\usbd" -I"C:\Robot\Robotic-System.git\trunk\TEST\Test_Workspace\0_lpc_chip_175x_6x\Release" -I"C:\Robot\Robotic-System.git\trunk\TEST\Test_Workspace\0_lpc_board_nxp_lpcxpresso_1769\Release" -I"C:\Robot\Robotic-System.git\trunk\TEST\Test_Workspace\0_Robot_Library\FreeRTOS" -I"C:\Robot\Robotic-System.git\trunk\TEST\Test_Workspace\0_Robot_Library\FreeRTOS\inc" -I"C:\Robot\Robotic-System.git\trunk\TEST\Test_Workspace\0_Robot_Library\FreeRTOS\FreeRTOS_Trace" -I"C:\Robot\Robotic-System.git\trunk\TEST\Test_Workspace\0_Robot_Library\inc" -Og -fno-common -g -Wall -c -fmessage-length=0 -fno-builtin -ffunction-sections -fdata-sections -fmacro-prefix-map="../FreeRTOS/src/"=. -mcpu=cortex-m3 -mthumb -D__NEWLIB__ -fstack-usage -specs=nano.specs -MMD -MP -MF"FreeRTOS/src/heap_5.d" -MT"FreeRTOS/src/heap_5.o" -MT"FreeRTOS/src/heap_5.d" -o "FreeRTOS/src/heap_5.o" "../FreeRTOS/src/heap_5.c"
Finished building: ../FreeRTOS/src/heap_5.c
 
Building file: ../FreeRTOS/src/list.c
Invoking: MCU C Compiler
arm-none-eabi-gcc -DDEBUG -D__CODE_RED -D__NEWLIB__ -DCORE_M3 -D__LPC17XX__ -DCR_INTEGER_PRINTF -D__USE_LPCOPEN -DNO_BOARD_LIB -I"C:\Robot\Robotic-System.git\trunk\TEST\Test_Workspace\0_lpc_board_nxp_lpcxpresso_1769\inc" -I"C:\Robot\Robotic-System.git\trunk\TEST\Test_Workspace\0_lpc_chip_175x_6x\inc" -I"C:\Robot\Robotic-System.git\trunk\TEST\Test_Workspace\0_lpc_chip_175x_6x\inc\usbd" -I"C:\Robot\Robotic-System.git\trunk\TEST\Test_Workspace\0_lpc_chip_175x_6x\Release" -I"C:\Robot\Robotic-System.git\trunk\TEST\Test_Workspace\0_lpc_board_nxp_lpcxpresso_1769\Release" -I"C:\Robot\Robotic-System.git\trunk\TEST\Test_Workspace\0_Robot_Library\FreeRTOS" -I"C:\Robot\Robotic-System.git\trunk\TEST\Test_Workspace\0_Robot_Library\FreeRTOS\inc" -I"C:\Robot\Robotic-System.git\trunk\TEST\Test_Workspace\0_Robot_Library\FreeRTOS\FreeRTOS_Trace" -I"C:\Robot\Robotic-System.git\trunk\TEST\Test_Workspace\0_Robot_Library\inc" -Og -fno-common -g -Wall -c -fmessage-length=0 -fno-builtin -ffunction-sections -fdata-sections -fmacro-prefix-map="../FreeRTOS/src/"=. -mcpu=cortex-m3 -mthumb -D__NEWLIB__ -fstack-usage -specs=nano.specs -MMD -MP -MF"FreeRTOS/src/list.d" -MT"FreeRTOS/src/list.o" -MT"FreeRTOS/src/list.d" -o "FreeRTOS/src/list.o" "../FreeRTOS/src/list.c"
Finished building: ../FreeRTOS/src/list.c
 
Building file: ../FreeRTOS/src/port.c
Invoking: MCU C Compiler
arm-none-eabi-gcc -DDEBUG -D__CODE_RED -D__NEWLIB__ -DCORE_M3 -D__LPC17XX__ -DCR_INTEGER_PRINTF -D__USE_LPCOPEN -DNO_BOARD_LIB -I"C:\Robot\Robotic-System.git\trunk\TEST\Test_Workspace\0_lpc_board_nxp_lpcxpresso_1769\inc" -I"C:\Robot\Robotic-System.git\trunk\TEST\Test_Workspace\0_lpc_chip_175x_6x\inc" -I"C:\Robot\Robotic-System.git\trunk\TEST\Test_Workspace\0_lpc_chip_175x_6x\inc\usbd" -I"C:\Robot\Robotic-System.git\trunk\TEST\Test_Workspace\0_lpc_chip_175x_6x\Release" -I"C:\Robot\Robotic-System.git\trunk\TEST\Test_Workspace\0_lpc_board_nxp_lpcxpresso_1769\Release" -I"C:\Robot\Robotic-System.git\trunk\TEST\Test_Workspace\0_Robot_Library\FreeRTOS" -I"C:\Robot\Robotic-System.git\trunk\TEST\Test_Workspace\0_Robot_Library\FreeRTOS\inc" -I"C:\Robot\Robotic-System.git\trunk\TEST\Test_Workspace\0_Robot_Library\FreeRTOS\FreeRTOS_Trace" -I"C:\Robot\Robotic-System.git\trunk\TEST\Test_Workspace\0_Robot_Library\inc" -Og -fno-common -g -Wall -c -fmessage-length=0 -fno-builtin -ffunction-sections -fdata-sections -fmacro-prefix-map="../FreeRTOS/src/"=. -mcpu=cortex-m3 -mthumb -D__NEWLIB__ -fstack-usage -specs=nano.specs -MMD -MP -MF"FreeRTOS/src/port.d" -MT"FreeRTOS/src/port.o" -MT"FreeRTOS/src/port.d" -o "FreeRTOS/src/port.o" "../FreeRTOS/src/port.c"
Finished building: ../FreeRTOS/src/port.c
 
Building file: ../FreeRTOS/src/queue.c
Invoking: MCU C Compiler
arm-none-eabi-gcc -DDEBUG -D__CODE_RED -D__NEWLIB__ -DCORE_M3 -D__LPC17XX__ -DCR_INTEGER_PRINTF -D__USE_LPCOPEN -DNO_BOARD_LIB -I"C:\Robot\Robotic-System.git\trunk\TEST\Test_Workspace\0_lpc_board_nxp_lpcxpresso_1769\inc" -I"C:\Robot\Robotic-System.git\trunk\TEST\Test_Workspace\0_lpc_chip_175x_6x\inc" -I"C:\Robot\Robotic-System.git\trunk\TEST\Test_Workspace\0_lpc_chip_175x_6x\inc\usbd" -I"C:\Robot\Robotic-System.git\trunk\TEST\Test_Workspace\0_lpc_chip_175x_6x\Release" -I"C:\Robot\Robotic-System.git\trunk\TEST\Test_Workspace\0_lpc_board_nxp_lpcxpresso_1769\Release" -I"C:\Robot\Robotic-System.git\trunk\TEST\Test_Workspace\0_Robot_Library\FreeRTOS" -I"C:\Robot\Robotic-System.git\trunk\TEST\Test_Workspace\0_Robot_Library\FreeRTOS\inc" -I"C:\Robot\Robotic-System.git\trunk\TEST\Test_Workspace\0_Robot_Library\FreeRTOS\FreeRTOS_Trace" -I"C:\Robot\Robotic-System.git\trunk\TEST\Test_Workspace\0_Robot_Library\inc" -Og -fno-common -g -Wall -c -fmessage-length=0 -fno-builtin -ffunction-sections -fdata-sections -fmacro-prefix-map="../FreeRTOS/src/"=. -mcpu=cortex-m3 -mthumb -D__NEWLIB__ -fstack-usage -specs=nano.specs -MMD -MP -MF"FreeRTOS/src/queue.d" -MT"FreeRTOS/src/queue.o" -MT"FreeRTOS/src/queue.d" -o "FreeRTOS/src/queue.o" "../FreeRTOS/src/queue.c"
Finished building: ../FreeRTOS/src/queue.c
 
Building file: ../FreeRTOS/src/stream_buffer.c
Invoking: MCU C Compiler
arm-none-eabi-gcc -DDEBUG -D__CODE_RED -D__NEWLIB__ -DCORE_M3 -D__LPC17XX__ -DCR_INTEGER_PRINTF -D__USE_LPCOPEN -DNO_BOARD_LIB -I"C:\Robot\Robotic-System.git\trunk\TEST\Test_Workspace\0_lpc_board_nxp_lpcxpresso_1769\inc" -I"C:\Robot\Robotic-System.git\trunk\TEST\Test_Workspace\0_lpc_chip_175x_6x\inc" -I"C:\Robot\Robotic-System.git\trunk\TEST\Test_Workspace\0_lpc_chip_175x_6x\inc\usbd" -I"C:\Robot\Robotic-System.git\trunk\TEST\Test_Workspace\0_lpc_chip_175x_6x\Release" -I"C:\Robot\Robotic-System.git\trunk\TEST\Test_Workspace\0_lpc_board_nxp_lpcxpresso_1769\Release" -I"C:\Robot\Robotic-System.git\trunk\TEST\Test_Workspace\0_Robot_Library\FreeRTOS" -I"C:\Robot\Robotic-System.git\trunk\TEST\Test_Workspace\0_Robot_Library\FreeRTOS\inc" -I"C:\Robot\Robotic-System.git\trunk\TEST\Test_Workspace\0_Robot_Library\FreeRTOS\FreeRTOS_Trace" -I"C:\Robot\Robotic-System.git\trunk\TEST\Test_Workspace\0_Robot_Library\inc" -Og -fno-common -g -Wall -c -fmessage-length=0 -fno-builtin -ffunction-sections -fdata-sections -fmacro-prefix-map="../FreeRTOS/src/"=. -mcpu=cortex-m3 -mthumb -D__NEWLIB__ -fstack-usage -specs=nano.specs -MMD -MP -MF"FreeRTOS/src/stream_buffer.d" -MT"FreeRTOS/src/stream_buffer.o" -MT"FreeRTOS/src/stream_buffer.d" -o "FreeRTOS/src/stream_buffer.o" "../FreeRTOS/src/stream_buffer.c"
Finished building: ../FreeRTOS/src/stream_buffer.c
 
Building file: ../FreeRTOS/src/tasks.c
Invoking: MCU C Compiler
arm-none-eabi-gcc -DDEBUG -D__CODE_RED -D__NEWLIB__ -DCORE_M3 -D__LPC17XX__ -DCR_INTEGER_PRINTF -D__USE_LPCOPEN -DNO_BOARD_LIB -I"C:\Robot\Robotic-System.git\trunk\TEST\Test_Workspace\0_lpc_board_nxp_lpcxpresso_1769\inc" -I"C:\Robot\Robotic-System.git\trunk\TEST\Test_Workspace\0_lpc_chip_175x_6x\inc" -I"C:\Robot\Robotic-System.git\trunk\TEST\Test_Workspace\0_lpc_chip_175x_6x\inc\usbd" -I"C:\Robot\Robotic-System.git\trunk\TEST\Test_Workspace\0_lpc_chip_175x_6x\Release" -I"C:\Robot\Robotic-System.git\trunk\TEST\Test_Workspace\0_lpc_board_nxp_lpcxpresso_1769\Release" -I"C:\Robot\Robotic-System.git\trunk\TEST\Test_Workspace\0_Robot_Library\FreeRTOS" -I"C:\Robot\Robotic-System.git\trunk\TEST\Test_Workspace\0_Robot_Library\FreeRTOS\inc" -I"C:\Robot\Robotic-System.git\trunk\TEST\Test_Workspace\0_Robot_Library\FreeRTOS\FreeRTOS_Trace" -I"C:\Robot\Robotic-System.git\trunk\TEST\Test_Workspace\0_Robot_Library\inc" -Og -fno-common -g -Wall -c -fmessage-length=0 -fno-builtin -ffunction-sections -fdata-sections -fmacro-prefix-map="../FreeRTOS/src/"=. -mcpu=cortex-m3 -mthumb -D__NEWLIB__ -fstack-usage -specs=nano.specs -MMD -MP -MF"FreeRTOS/src/tasks.d" -MT"FreeRTOS/src/tasks.o" -MT"FreeRTOS/src/tasks.d" -o "FreeRTOS/src/tasks.o" "../FreeRTOS/src/tasks.c"
Finished building: ../FreeRTOS/src/tasks.c
 
Building file: ../FreeRTOS/src/timers.c
Invoking: MCU C Compiler
arm-none-eabi-gcc -DDEBUG -D__CODE_RED -D__NEWLIB__ -DCORE_M3 -D__LPC17XX__ -DCR_INTEGER_PRINTF -D__USE_LPCOPEN -DNO_BOARD_LIB -I"C:\Robot\Robotic-System.git\trunk\TEST\Test_Workspace\0_lpc_board_nxp_lpcxpresso_1769\inc" -I"C:\Robot\Robotic-System.git\trunk\TEST\Test_Workspace\0_lpc_chip_175x_6x\inc" -I"C:\Robot\Robotic-System.git\trunk\TEST\Test_Workspace\0_lpc_chip_175x_6x\inc\usbd" -I"C:\Robot\Robotic-System.git\trunk\TEST\Test_Workspace\0_lpc_chip_175x_6x\Release" -I"C:\Robot\Robotic-System.git\trunk\TEST\Test_Workspace\0_lpc_board_nxp_lpcxpresso_1769\Release" -I"C:\Robot\Robotic-System.git\trunk\TEST\Test_Workspace\0_Robot_Library\FreeRTOS" -I"C:\Robot\Robotic-System.git\trunk\TEST\Test_Workspace\0_Robot_Library\FreeRTOS\inc" -I"C:\Robot\Robotic-System.git\trunk\TEST\Test_Workspace\0_Robot_Library\FreeRTOS\FreeRTOS_Trace" -I"C:\Robot\Robotic-System.git\trunk\TEST\Test_Workspace\0_Robot_Library\inc" -Og -fno-common -g -Wall -c -fmessage-length=0 -fno-builtin -ffunction-sections -fdata-sections -fmacro-prefix-map="../FreeRTOS/src/"=. -mcpu=cortex-m3 -mthumb -D__NEWLIB__ -fstack-usage -specs=nano.specs -MMD -MP -MF"FreeRTOS/src/timers.d" -MT"FreeRTOS/src/timers.o" -MT"FreeRTOS/src/timers.d" -o "FreeRTOS/src/timers.o" "../FreeRTOS/src/timers.c"
Finished building: ../FreeRTOS/src/timers.c
 
Building file: ../FreeRTOS/FreeRTOS_Trace/trcHardwarePort.c
Invoking: MCU C Compiler
arm-none-eabi-gcc -DDEBUG -D__CODE_RED -D__NEWLIB__ -DCORE_M3 -D__LPC17XX__ -DCR_INTEGER_PRINTF -D__USE_LPCOPEN -DNO_BOARD_LIB -I"C:\Robot\Robotic-System.git\trunk\TEST\Test_Workspace\0_lpc_board_nxp_lpcxpresso_1769\inc" -I"C:\Robot\Robotic-System.git\trunk\TEST\Test_Workspace\0_lpc_chip_175x_6x\inc" -I"C:\Robot\Robotic-System.git\trunk\TEST\Test_Workspace\0_lpc_chip_175x_6x\inc\usbd" -I"C:\Robot\Robotic-System.git\trunk\TEST\Test_Workspace\0_lpc_chip_175x_6x\Release" -I"C:\Robot\Robotic-System.git\trunk\TEST\Test_Workspace\0_lpc_board_nxp_lpcxpresso_1769\Release" -I"C:\Robot\Robotic-System.git\trunk\TEST\Test_Workspace\0_Robot_Library\FreeRTOS" -I"C:\Robot\Robotic-System.git\trunk\TEST\Test_Workspace\0_Robot_Library\FreeRTOS\inc" -I"C:\Robot\Robotic-System.git\trunk\TEST\Test_Workspace\0_Robot_Library\FreeRTOS\FreeRTOS_Trace" -I"C:\Robot\Robotic-System.git\trunk\TEST\Test_Workspace\0_Robot_Library\inc" -Og -fno-common -g -Wall -c -fmessage-length=0 -fno-builtin -ffunction-sections -fdata-sections -fmacro-prefix-map="../FreeRTOS/FreeRTOS_Trace/"=. -mcpu=cortex-m3 -mthumb -D__NEWLIB__ -fstack-usage -specs=nano.specs -MMD -MP -MF"FreeRTOS/FreeRTOS_Trace/trcHardwarePort.d" -MT"FreeRTOS/FreeRTOS_Trace/trcHardwarePort.o" -MT"FreeRTOS/FreeRTOS_Trace/trcHardwarePort.d" -o "FreeRTOS/FreeRTOS_Trace/trcHardwarePort.o" "../FreeRTOS/FreeRTOS_Trace/trcHardwarePort.c"
Finished building: ../FreeRTOS/FreeRTOS_Trace/trcHardwarePort.c
 
Building file: ../FreeRTOS/FreeRTOS_Trace/trcKernelPort.c
Invoking: MCU C Compiler
arm-none-eabi-gcc -DDEBUG -D__CODE_RED -D__NEWLIB__ -DCORE_M3 -D__LPC17XX__ -DCR_INTEGER_PRINTF -D__USE_LPCOPEN -DNO_BOARD_LIB -I"C:\Robot\Robotic-System.git\trunk\TEST\Test_Workspace\0_lpc_board_nxp_lpcxpresso_1769\inc" -I"C:\Robot\Robotic-System.git\trunk\TEST\Test_Workspace\0_lpc_chip_175x_6x\inc" -I"C:\Robot\Robotic-System.git\trunk\TEST\Test_Workspace\0_lpc_chip_175x_6x\inc\usbd" -I"C:\Robot\Robotic-System.git\trunk\TEST\Test_Workspace\0_lpc_chip_175x_6x\Release" -I"C:\Robot\Robotic-System.git\trunk\TEST\Test_Workspace\0_lpc_board_nxp_lpcxpresso_1769\Release" -I"C:\Robot\Robotic-System.git\trunk\TEST\Test_Workspace\0_Robot_Library\FreeRTOS" -I"C:\Robot\Robotic-System.git\trunk\TEST\Test_Workspace\0_Robot_Library\FreeRTOS\inc" -I"C:\Robot\Robotic-System.git\trunk\TEST\Test_Workspace\0_Robot_Library\FreeRTOS\FreeRTOS_Trace" -I"C:\Robot\Robotic-System.git\trunk\TEST\Test_Workspace\0_Robot_Library\inc" -Og -fno-common -g -Wall -c -fmessage-length=0 -fno-builtin -ffunction-sections -fdata-sections -fmacro-prefix-map="../FreeRTOS/FreeRTOS_Trace/"=. -mcpu=cortex-m3 -mthumb -D__NEWLIB__ -fstack-usage -specs=nano.specs -MMD -MP -MF"FreeRTOS/FreeRTOS_Trace/trcKernelPort.d" -MT"FreeRTOS/FreeRTOS_Trace/trcKernelPort.o" -MT"FreeRTOS/FreeRTOS_Trace/trcKernelPort.d" -o "FreeRTOS/FreeRTOS_Trace/trcKernelPort.o" "../FreeRTOS/FreeRTOS_Trace/trcKernelPort.c"
Finished building: ../FreeRTOS/FreeRTOS_Trace/trcKernelPort.c
 
Building file: ../FreeRTOS/FreeRTOS_Trace/trcSnapshotRecorder.c
Invoking: MCU C Compiler
arm-none-eabi-gcc -DDEBUG -D__CODE_RED -D__NEWLIB__ -DCORE_M3 -D__LPC17XX__ -DCR_INTEGER_PRINTF -D__USE_LPCOPEN -DNO_BOARD_LIB -I"C:\Robot\Robotic-System.git\trunk\TEST\Test_Workspace\0_lpc_board_nxp_lpcxpresso_1769\inc" -I"C:\Robot\Robotic-System.git\trunk\TEST\Test_Workspace\0_lpc_chip_175x_6x\inc" -I"C:\Robot\Robotic-System.git\trunk\TEST\Test_Workspace\0_lpc_chip_175x_6x\inc\usbd" -I"C:\Robot\Robotic-System.git\trunk\TEST\Test_Workspace\0_lpc_chip_175x_6x\Release" -I"C:\Robot\Robotic-System.git\trunk\TEST\Test_Workspace\0_lpc_board_nxp_lpcxpresso_1769\Release" -I"C:\Robot\Robotic-System.git\trunk\TEST\Test_Workspace\0_Robot_Library\FreeRTOS" -I"C:\Robot\Robotic-System.git\trunk\TEST\Test_Workspace\0_Robot_Library\FreeRTOS\inc" -I"C:\Robot\Robotic-System.git\trunk\TEST\Test_Workspace\0_Robot_Library\FreeRTOS\FreeRTOS_Trace" -I"C:\Robot\Robotic-System.git\trunk\TEST\Test_Workspace\0_Robot_Library\inc" -Og -fno-common -g -Wall -c -fmessage-length=0 -fno-builtin -ffunction-sections -fdata-sections -fmacro-prefix-map="../FreeRTOS/FreeRTOS_Trace/"=. -mcpu=cortex-m3 -mthumb -D__NEWLIB__ -fstack-usage -specs=nano.specs -MMD -MP -MF"FreeRTOS/FreeRTOS_Trace/trcSnapshotRecorder.d" -MT"FreeRTOS/FreeRTOS_Trace/trcSnapshotRecorder.o" -MT"FreeRTOS/FreeRTOS_Trace/trcSnapshotRecorder.d" -o "FreeRTOS/FreeRTOS_Trace/trcSnapshotRecorder.o" "../FreeRTOS/FreeRTOS_Trace/trcSnapshotRecorder.c"
Finished building: ../FreeRTOS/FreeRTOS_Trace/trcSnapshotRecorder.c
 
Building target: lib0_Robot_Library.a
Invoking: MCU Archiver
arm-none-eabi-ar -r  "lib0_Robot_Library.a"  ./src/main.o  ./FreeRTOS/src/FreeRTOSCommonHooks.o ./FreeRTOS/src/croutine.o ./FreeRTOS/src/event_groups.o ./FreeRTOS/src/heap_5.o ./FreeRTOS/src/list.o ./FreeRTOS/src/port.o ./FreeRTOS/src/queue.o ./FreeRTOS/src/stream_buffer.o ./FreeRTOS/src/tasks.o ./FreeRTOS/src/timers.o  ./FreeRTOS/FreeRTOS_Trace/trcHardwarePort.o ./FreeRTOS/FreeRTOS_Trace/trcKernelPort.o ./FreeRTOS/FreeRTOS_Trace/trcSnapshotRecorder.o   
arm-none-eabi-ar: creating lib0_Robot_Library.a
Finished building target: lib0_Robot_Library.a
 
make --no-print-directory post-build
Performing post-build steps
arm-none-eabi-size "lib0_Robot_Library.a" ; # arm-none-eabi-objdump -h -S "lib0_Robot_Library.a" >"lib0_Robot_Library.lss"
   text	   data	    bss	    dec	    hex	filename
    206	     16	  12288	  12510	   30de	main.o (ex lib0_Robot_Library.a)
     66	      0	      0	     66	     42	FreeRTOSCommonHooks.o (ex lib0_Robot_Library.a)
      0	      0	      0	      0	      0	croutine.o (ex lib0_Robot_Library.a)
    590	      0	      0	    590	    24e	event_groups.o (ex lib0_Robot_Library.a)
    652	      0	     32	    684	    2ac	heap_5.o (ex lib0_Robot_Library.a)
    138	      0	      0	    138	     8a	list.o (ex lib0_Robot_Library.a)
    394	      4	      0	    398	    18e	port.o (ex lib0_Robot_Library.a)
   2372	      0	     80	   2452	    994	queue.o (ex lib0_Robot_Library.a)
   1356	      0	      0	   1356	    54c	stream_buffer.o (ex lib0_Robot_Library.a)
   4867	      0	    260	   5127	   1407	tasks.o (ex lib0_Robot_Library.a)
   1319	      0	     60	   1379	    563	timers.o (ex lib0_Robot_Library.a)
      0	      0	      0	      0	      0	trcHardwarePort.o (ex lib0_Robot_Library.a)
      0	      0	      0	      0	      0	trcKernelPort.o (ex lib0_Robot_Library.a)
      0	      0	      0	      0	      0	trcSnapshotRecorder.o (ex lib0_Robot_Library.a)
 

15:27:46 Build Finished. 0 errors, 1 warnings. (took 5s.836ms)

