15:45:17 **** Incremental Build of configuration Release for project IA_2021_V1 ****
make -r -j4 all 
Building file: ../src/test.c
Invoking: MCU C Compiler
arm-none-eabi-gcc -DDEBUG -D__CODE_RED -D__NEWLIB__ -DCORE_M3 -DNO_BOARD_LIB -I"C:\Robot\Robotic-System.git\trunk\TEST\Test_Workspace\0_Robot_Library\0_lpc_board\inc" -I"C:\Robot\Robotic-System.git\trunk\TEST\Test_Workspace\0_Robot_Library\0_lpc_chip\inc" -I"C:\Robot\Robotic-System.git\trunk\TEST\Test_Workspace\0_Robot_Library\0_lpc_chip\inc\usbd" -I"C:\Robot\Robotic-System.git\trunk\TEST\Test_Workspace\0_Robot_Library\inc" -I"C:\Robot\Robotic-System.git\trunk\TEST\Test_Workspace\0_Robot_Library\FreeRTOS" -I"C:\Robot\Robotic-System.git\trunk\TEST\Test_Workspace\0_Robot_Library\FreeRTOS\inc" -I"C:\Robot\Robotic-System.git\trunk\TEST\Test_Workspace\0_Robot_Library\FreeRTOS\FreeRTOS_Trace" -I"C:\Robot\Robotic-System.git\trunk\TEST\Test_Workspace\IA_2021_V1\inc" -Og -fno-common -g -Wall -c -fmessage-length=0 -fno-builtin -ffunction-sections -fdata-sections -fmacro-prefix-map="../src/"=. -mcpu=cortex-m3 -mthumb -D__NEWLIB__ -fstack-usage -specs=nano.specs -MMD -MP -MF"src/test.d" -MT"src/test.o" -MT"src/test.d" -o "src/test.o" "../src/test.c"
../src/test.c: In function 'TEST':
../src/test.c:13:2: warning: implicit declaration of function '_0_RS485_Init' [-Wimplicit-function-declaration]
   13 |  _0_RS485_Init(RS485_DIR_PORT, RS485_DIR_BIT);
      |  ^~~~~~~~~~~~~
../src/test.c:15:2: warning: implicit declaration of function '_0_Communication_Init' [-Wimplicit-function-declaration]
   15 |  _0_Communication_Init();
      |  ^~~~~~~~~~~~~~~~~~~~~
Finished building: ../src/test.c
 
Building target: IA_2021_V1.axf
Invoking: MCU Linker
arm-none-eabi-gcc -nostdlib -L"C:\Robot\Robotic-System.git\trunk\TEST\Test_Workspace\0_Robot_Library\Release" -L"C:\Robot\Robotic-System.git\trunk\TEST\Test_Workspace\0_Robot_Library\0_lpc_chip\libs" -Xlinker -Map="IA_2021_V1.map" -Xlinker --cref -Xlinker --gc-sections -Xlinker -print-memory-usage -mcpu=cortex-m3 -mthumb -T "IA_2021_V1_Release.ld" -u _printf_float -o "IA_2021_V1.axf"  ./src/IA_2021_V1.o ./src/cr_startup_lpc175x_6x.o ./src/crp.o ./src/sysinit.o ./src/test.o   -lusbd_175x_6x_lib -l0_Robot_Library
Memory region         Used Size  Region Size  %age Used
       MFlash512:       12756 B       448 KB      2.78%
        RamLoc32:        4776 B        32 KB     14.58%
         Ram_USB:          0 GB         2 KB      0.00%
            RAM3:         12 KB        30 KB     40.00%
Finished building target: IA_2021_V1.axf
 
make --no-print-directory post-build
Performing post-build steps
arm-none-eabi-size "IA_2021_V1.axf"; # arm-none-eabi-objcopy -v -O binary "IA_2021_V1.axf" "IA_2021_V1.bin" ; # checksum -p LPC1769 -d "IA_2021_V1.bin";
   text	   data	    bss	    dec	    hex	filename
  12272	    484	  16580	  29336	   7298	IA_2021_V1.axf
 
