11:15:50 **** Incremental Build of configuration Release for project IA_2021_V1 ****
make -r -j4 all 
Building file: ../src/IA_2021_V1.c
Building file: ../src/crp.c
Building file: ../src/sysinit.c
Building file: ../src/cr_startup_lpc175x_6x.c
Invoking: MCU C Compiler
Invoking: MCU C Compiler
Invoking: MCU C Compiler
arm-none-eabi-gcc -DDEBUG -D__CODE_RED -D__NEWLIB__ -DCORE_M3 -DNO_BOARD_LIB -I"C:\Robot\Robotic-System.git\trunk\TEST\Test_Workspace\0_lpc_board_nxp_lpcxpresso_1769\inc" -I"C:\Robot\Robotic-System.git\trunk\TEST\Test_Workspace\0_lpc_chip_175x_6x\inc" -I"C:\Robot\Robotic-System.git\trunk\TEST\Test_Workspace\0_lpc_chip_175x_6x\inc\usbd" -I"C:\Robot\Robotic-System.git\trunk\TEST\Test_Workspace\IA_2021_V1\inc" -I"C:\Robot\Robotic-System.git\trunk\TEST\Test_Workspace\0_Robot_Library\inc" -I"C:\Robot\Robotic-System.git\trunk\TEST\Test_Workspace\0_Robot_Library\FreeRTOS" -I"C:\Robot\Robotic-System.git\trunk\TEST\Test_Workspace\0_Robot_Library\FreeRTOS\inc" -I"C:\Robot\Robotic-System.git\trunk\TEST\Test_Workspace\0_Robot_Library\FreeRTOS\FreeRTOS_Trace" -Og -fno-common -g -Wall -c -fmessage-length=0 -fno-builtin -ffunction-sections -fdata-sections -fmacro-prefix-map="../src/"=. -mcpu=cortex-m3 -mthumb -D__NEWLIB__ -fstack-usage -specs=nano.specs -MMD -MP -MF"src/crp.d" -MT"src/crp.o" -MT"src/crp.d" -o "src/crp.o" "../src/crp.c"
arm-none-eabi-gcc -DDEBUG -D__CODE_RED -D__NEWLIB__ -DCORE_M3 -DNO_BOARD_LIB -I"C:\Robot\Robotic-System.git\trunk\TEST\Test_Workspace\0_lpc_board_nxp_lpcxpresso_1769\inc" -I"C:\Robot\Robotic-System.git\trunk\TEST\Test_Workspace\0_lpc_chip_175x_6x\inc" -I"C:\Robot\Robotic-System.git\trunk\TEST\Test_Workspace\0_lpc_chip_175x_6x\inc\usbd" -I"C:\Robot\Robotic-System.git\trunk\TEST\Test_Workspace\IA_2021_V1\inc" -I"C:\Robot\Robotic-System.git\trunk\TEST\Test_Workspace\0_Robot_Library\inc" -I"C:\Robot\Robotic-System.git\trunk\TEST\Test_Workspace\0_Robot_Library\FreeRTOS" -I"C:\Robot\Robotic-System.git\trunk\TEST\Test_Workspace\0_Robot_Library\FreeRTOS\inc" -I"C:\Robot\Robotic-System.git\trunk\TEST\Test_Workspace\0_Robot_Library\FreeRTOS\FreeRTOS_Trace" -Og -fno-common -g -Wall -c -fmessage-length=0 -fno-builtin -ffunction-sections -fdata-sections -fmacro-prefix-map="../src/"=. -mcpu=cortex-m3 -mthumb -D__NEWLIB__ -fstack-usage -specs=nano.specs -MMD -MP -MF"src/IA_2021_V1.d" -MT"src/IA_2021_V1.o" -MT"src/IA_2021_V1.d" -o "src/IA_2021_V1.o" "../src/IA_2021_V1.c"
Invoking: MCU C Compiler
arm-none-eabi-gcc -DDEBUG -D__CODE_RED -D__NEWLIB__ -DCORE_M3 -DNO_BOARD_LIB -I"C:\Robot\Robotic-System.git\trunk\TEST\Test_Workspace\0_lpc_board_nxp_lpcxpresso_1769\inc" -I"C:\Robot\Robotic-System.git\trunk\TEST\Test_Workspace\0_lpc_chip_175x_6x\inc" -I"C:\Robot\Robotic-System.git\trunk\TEST\Test_Workspace\0_lpc_chip_175x_6x\inc\usbd" -I"C:\Robot\Robotic-System.git\trunk\TEST\Test_Workspace\IA_2021_V1\inc" -I"C:\Robot\Robotic-System.git\trunk\TEST\Test_Workspace\0_Robot_Library\inc" -I"C:\Robot\Robotic-System.git\trunk\TEST\Test_Workspace\0_Robot_Library\FreeRTOS" -I"C:\Robot\Robotic-System.git\trunk\TEST\Test_Workspace\0_Robot_Library\FreeRTOS\inc" -I"C:\Robot\Robotic-System.git\trunk\TEST\Test_Workspace\0_Robot_Library\FreeRTOS\FreeRTOS_Trace" -Og -fno-common -g -Wall -c -fmessage-length=0 -fno-builtin -ffunction-sections -fdata-sections -fmacro-prefix-map="../src/"=. -mcpu=cortex-m3 -mthumb -D__NEWLIB__ -fstack-usage -specs=nano.specs -MMD -MP -MF"src/sysinit.d" -MT"src/sysinit.o" -MT"src/sysinit.d" -o "src/sysinit.o" "../src/sysinit.c"
arm-none-eabi-gcc -DDEBUG -D__CODE_RED -D__NEWLIB__ -DCORE_M3 -DNO_BOARD_LIB -I"C:\Robot\Robotic-System.git\trunk\TEST\Test_Workspace\0_lpc_board_nxp_lpcxpresso_1769\inc" -I"C:\Robot\Robotic-System.git\trunk\TEST\Test_Workspace\0_lpc_chip_175x_6x\inc" -I"C:\Robot\Robotic-System.git\trunk\TEST\Test_Workspace\0_lpc_chip_175x_6x\inc\usbd" -I"C:\Robot\Robotic-System.git\trunk\TEST\Test_Workspace\IA_2021_V1\inc" -I"C:\Robot\Robotic-System.git\trunk\TEST\Test_Workspace\0_Robot_Library\inc" -I"C:\Robot\Robotic-System.git\trunk\TEST\Test_Workspace\0_Robot_Library\FreeRTOS" -I"C:\Robot\Robotic-System.git\trunk\TEST\Test_Workspace\0_Robot_Library\FreeRTOS\inc" -I"C:\Robot\Robotic-System.git\trunk\TEST\Test_Workspace\0_Robot_Library\FreeRTOS\FreeRTOS_Trace" -Og -fno-common -g -Wall -c -fmessage-length=0 -fno-builtin -ffunction-sections -fdata-sections -fmacro-prefix-map="../src/"=. -mcpu=cortex-m3 -mthumb -D__NEWLIB__ -fstack-usage -specs=nano.specs -MMD -MP -MF"src/cr_startup_lpc175x_6x.d" -MT"src/cr_startup_lpc175x_6x.o" -MT"src/cr_startup_lpc175x_6x.d" -o "src/cr_startup_lpc175x_6x.o" "../src/cr_startup_lpc175x_6x.c"
Finished building: ../src/crp.c
 
Finished building: ../src/sysinit.c
Finished building: ../src/IA_2021_V1.c
 
 
Finished building: ../src/cr_startup_lpc175x_6x.c
 
Building target: IA_2021_V1.axf
Invoking: MCU Linker
arm-none-eabi-gcc -nostdlib -L"C:\Robot\Robotic-System.git\trunk\TEST\Test_Workspace\0_lpc_board_nxp_lpcxpresso_1769\Release" -L"C:\Robot\Robotic-System.git\trunk\TEST\Test_Workspace\0_lpc_chip_175x_6x\Release" -L"C:\Robot\Robotic-System.git\trunk\TEST\Test_Workspace\0_lpc_chip_175x_6x\libs" -L"C:\Robot\Robotic-System.git\trunk\TEST\Test_Workspace\0_Robot_Library\Release" -Xlinker -Map="IA_2021_V1.map" -Xlinker --cref -Xlinker --gc-sections -Xlinker -print-memory-usage -mcpu=cortex-m3 -mthumb -T "IA_2021_V1_Release.ld" -u _printf_float -o "IA_2021_V1.axf"  ./src/IA_2021_V1.o ./src/cr_startup_lpc175x_6x.o ./src/crp.o ./src/sysinit.o   -l0_lpc_chip_175x_6x -l0_lpc_board_nxp_lpcxpresso_1769 -lusbd_175x_6x_lib -l0_Robot_Library
Memory region         Used Size  Region Size  %age Used
       MFlash512:       12716 B       448 KB      2.77%
        RamLoc32:        4776 B        32 KB     14.58%
         Ram_USB:          0 GB         2 KB      0.00%
            RAM3:         12 KB        30 KB     40.00%
Finished building target: IA_2021_V1.axf
 
make --no-print-directory post-build
Performing post-build steps
arm-none-eabi-size "IA_2021_V1.axf"; # arm-none-eabi-objcopy -v -O binary "IA_2021_V1.axf" "IA_2021_V1.bin" ; # checksum -p LPC1769 -d "IA_2021_V1.bin";
   text	   data	    bss	    dec	    hex	filename
  12232	    484	  16580	  29296	   7270	IA_2021_V1.axf
 

11:15:52 Build Finished. 0 errors, 0 warnings. (took 1s.950ms)

