trcSnapshotRecorder.c:2394:13:prvStrncpy	4	static
trcSnapshotRecorder.c:275:6:vTraceSetStopHook	0	static
trcSnapshotRecorder.c:286:6:vTraceClear	16	static
trcSnapshotRecorder.c:378:6:vTraceStop	8	static
trcSnapshotRecorder.c:2143:6:prvTraceInitTraceData	40	static
trcSnapshotRecorder.c:2600:6:prvTraceUpdateCounters	8	static
trcSnapshotRecorder.c:395:5:xTraceIsRecordingEnabled	0	static
trcSnapshotRecorder.c:413:13:xTraceGetLastError	0	static
trcSnapshotRecorder.c:426:6:vTraceClearError	0	static
trcSnapshotRecorder.c:443:7:xTraceGetTraceBuffer	0	static
trcSnapshotRecorder.c:455:10:uiTraceGetTraceBufferSize	0	static
trcSnapshotRecorder.c:1535:6:prvTraceSetReadyEventsEnabled	0	static
trcSnapshotRecorder.c:2488:6:vTraceSetFrequency	0	static
trcSnapshotRecorder.c:2509:6:prvTraceError	8	static
trcSnapshotRecorder.c:2265:7:prvTraceNextFreeEventBufferSlot	8	static
trcSnapshotRecorder.c:823:16:writeInt32	8	static
trcSnapshotRecorder.c:795:16:writeInt16	8	static
trcSnapshotRecorder.c:774:16:writeInt8	8	static
trcSnapshotRecorder.c:2858:6:prvTraceGetChecksum	16	static
trcSnapshotRecorder.c:2754:13:prvTraceLookupSymbolTableEntry	24	static
trcSnapshotRecorder.c:2797:10:prvTraceCreateSymbolTableEntry	24	static
trcSnapshotRecorder.c:2449:13:prvTraceOpenSymbol	24	static
trcSnapshotRecorder.c:1524:13:xTraceRegisterString	8	static
trcSnapshotRecorder.c:919:16:prvTraceUserEventFormat	40	static
trcSnapshotRecorder.c:1854:17:prvTraceGetParam	16	static
trcSnapshotRecorder.c:2282:10:uiIndexOfObject	8	static
trcSnapshotRecorder.c:2383:6:prvMarkObjectAsUsed	8	static
trcSnapshotRecorder.c:2088:9:prvTraceGetObjectState	16	static
trcSnapshotRecorder.c:1998:6:prvTraceStoreObjectNameOnCloseEvent	16	static
trcSnapshotRecorder.c:2028:6:prvTraceStoreObjectPropertiesOnCloseEvent	32	static
trcSnapshotRecorder.c:2058:6:prvTraceSetPriorityProperty	16	static
trcSnapshotRecorder.c:2068:9:prvTraceGetPriorityProperty	16	static
trcSnapshotRecorder.c:2078:6:prvTraceSetObjectState	16	static
trcSnapshotRecorder.c:2098:6:prvTraceSetTaskInstanceFinished	8	static
trcSnapshotRecorder.c:2300:13:prvTraceGetObjectHandle	16	static
trcSnapshotRecorder.c:2352:6:prvTraceFreeObjectHandle	8	static
trcSnapshotRecorder.c:2411:6:prvTraceSetObjectName	16	static
trcSnapshotRecorder.c:571:14:xTraceSetISRProperties	16	static
trcSnapshotRecorder.c:2529:6:vTraceSetFilterMask	0	static
trcSnapshotRecorder.c:2534:6:vTraceSetFilterGroup	0	static
trcSnapshotRecorder.c:2930:6:prvTraceInitCortexM	8	static
trcSnapshotRecorder.c:2995:6:prvTracePortGetTimeStamp	4	static
trcSnapshotRecorder.c:2636:10:prvTraceGetDTS	24	static
trcSnapshotRecorder.c:465:13:prvTraceTaskInstanceFinish	16	static
trcSnapshotRecorder.c:513:6:vTraceInstanceFinishedNext	8	static
trcSnapshotRecorder.c:542:6:vTraceInstanceFinishedNow	8	static
trcSnapshotRecorder.c:604:6:vTraceStoreISRBegin	16	static
trcSnapshotRecorder.c:683:6:vTraceStoreISREnd	24	static
trcSnapshotRecorder.c:1343:6:vTracePrintF_Helper	64	static
trcSnapshotRecorder.c:1332:6:vTracePrintF	12	static
trcSnapshotRecorder.c:1468:6:vTracePrint	24	static
trcSnapshotRecorder.c:1545:6:prvTraceStoreTaskReady	16	static
trcSnapshotRecorder.c:1609:6:prvTraceStoreLowPower	16	static
trcSnapshotRecorder.c:1659:6:vTraceStoreMemMangEvent	32	static
trcSnapshotRecorder.c:1736:6:prvTraceStoreKernelCall	24	static
trcSnapshotRecorder.c:1794:6:prvTraceStoreKernelCallWithParam	24	static
trcSnapshotRecorder.c:1888:6:prvTraceStoreKernelCallWithNumericParamOnly	24	static
trcSnapshotRecorder.c:1938:6:prvTraceStoreTaskswitch	24	static
trcSnapshotRecorder.c:317:10:uiTraceStart	16	static
trcSnapshotRecorder.c:367:6:vTraceStart	8	static
trcSnapshotRecorder.c:236:6:vTraceEnable	8	static
