iocon_17xx_40xx.h:151:20:Chip_IOCON_Init	16	static
iocon_17xx_40xx.h:181:20:Chip_IOCON_PinMux	32	static
iocon_17xx_40xx.h:203:20:Chip_IOCON_EnableOD	16	static
iocon_17xx_40xx.h:236:20:Chip_IOCON_SetI2CPad	16	static
gpio_17xx_40xx.h:64:20:Chip_GPIO_Init	16	static
gpio_17xx_40xx.h:88:20:Chip_GPIO_SetPinState	16	static
gpio_17xx_40xx.h:106:20:Chip_GPIO_WritePortBit	24	static
gpio_17xx_40xx.h:119:20:Chip_GPIO_GetPinState	16	static
gpio_17xx_40xx.h:132:20:Chip_GPIO_ReadPortBit	24	static
gpio_17xx_40xx.h:144:20:Chip_GPIO_SetPinDIROutput	16	static
gpio_17xx_40xx.h:156:20:Chip_GPIO_SetPinDIRInput	16	static
gpio_17xx_40xx.h:169:20:Chip_GPIO_SetPinDIR	16	static
gpio_17xx_40xx.h:190:20:Chip_GPIO_WriteDirBit	16	static
board.c:70:13:Board_LED_Init	8	static
board.c:81:6:Set_Clock_in	16	static
board.c:89:6:Board_UART_Init	16	static
board.c:95:6:Board_Debug_Init	4	static
board.c:110:6:Board_UARTPutChar	16	static
board.c:119:5:Board_UARTGetChar	4	static
board.c:130:6:Board_UARTPutSTR	16	static
board.c:140:6:Board_LED_Set	16	static
board.c:149:6:Board_LED_Test	24	static
board.c:160:6:Board_LED_Toggle	16	static
board.c:169:6:Board_Init	8	static
board.c:180:6:Board_ENET_GetMacADDR	24	static
board.c:188:6:Board_SSP_Init	24	static
board.c:221:6:Board_SPI_Init	24	static
board.c:246:6:Board_SPI_AssertSSEL	8	static
board.c:252:6:Board_SPI_DeassertSSEL	8	static
board.c:257:6:Board_Audio_Init	24	static
board.c:271:6:Board_I2C_Init	24	static
board.c:299:6:Board_Buttons_Init	8	static
board.c:304:10:Buttons_GetStatus	16	static
board.c:338:6:Board_Joystick_Init	16	static
board.c:350:9:Joystick_GetStatus	16	static
board.c:364:6:Serial_CreateStream	16	static
board.c:367:6:Board_USBD_Init	24	static
