0_Communication.c:75:6:_0_Communication_Init	24	static
0_Communication.c:110:6:_0_Communication_Init_USB	0	static
0_Communication.c:134:6:_0_Communication_Init_RS485	16	static
0_Communication.c:184:6:UART1_IRQHandler	16	static
0_Communication.c:235:6:USB_IRQHandler	0	static
0_Communication.c:290:6:_0_Communication_Send_Data	24	static
0_Communication.c:354:38:_0_Communication_Send_RS485	32	static
0_Communication.c:388:6:_0_Communication_Send_USB	8	static
uart_17xx_40xx.h:309:20:Chip_UART_SendByte	0	static
uart_17xx_40xx.h:492:24:Chip_UART_ReadLineStatus	0	static
