1_Trame_Communication.c:243:44:_1_Communication_Create_Trame_From_Buffer	48	static
1_Trame_Communication.c:454:12:_1_Communication_Check_Rx_Adresse	4	static
1_Trame_Communication.c:487:12:_1_Communication_Check_Priority_Messages	0	static
1_Trame_Communication.c:502:6:_1_Communication_Recomposition_Rx	32	static
1_Trame_Communication.c:57:6:_1_Communication_Create_Queues_Semaphores	8	static
1_Trame_Communication.c:39:6:_1_Communication_Init	16	static
1_Trame_Communication.c:80:12:_1_Communication_Wait_To_Send	16	static
1_Trame_Communication.c:107:6:_1_Communication_Free_Send_Bit	0	static
1_Trame_Communication.c:124:12:_1_Communication_Wait_To_Receive	16	static
1_Trame_Communication.c:151:6:_1_Communication_Free_Receive_Bit	0	static
1_Trame_Communication.c:170:12:_1_Communication_Create_Trame	16	static
