core_cm3.h:1323:22:NVIC_EnableIRQ	16	static
1_Trame_Communication.c:35:6:_1_Communication_Init	16	static
1_Trame_Communication.c:53:6:_1_Communication_Create_Queues_Semaphores	8	static
1_Trame_Communication.c:76:12:_1_Communication_Wait_To_Send	32	static
1_Trame_Communication.c:103:6:_1_Communication_Free_Send_Bit	8	static
1_Trame_Communication.c:120:12:_1_Communication_Wait_To_Receive	32	static
1_Trame_Communication.c:147:6:_1_Communication_Free_Receive_Bit	8	static
1_Trame_Communication.c:166:12:_1_Communication_Create_Trame	24	static
1_Trame_Communication.c:239:44:_1_Communication_Create_Trame_From_Buffer	48	static
1_Trame_Communication.c:441:12:_1_Communication_Check_Rx_Adresse	16	static
1_Trame_Communication.c:474:12:_1_Communication_Check_Priority_Messages	16	static
1_Trame_Communication.c:489:6:_1_Communication_Recomposition_Rx	32	static
