gpio_17xx_40xx.h:88:20:Chip_GPIO_SetPinState	16	static
gpio_17xx_40xx.h:106:20:Chip_GPIO_WritePortBit	24	static
gpio_17xx_40xx.h:144:20:Chip_GPIO_SetPinDIROutput	16	static
gpio_17xx_40xx.h:156:20:Chip_GPIO_SetPinDIRInput	16	static
gpio_17xx_40xx.h:169:20:Chip_GPIO_SetPinDIR	16	static
gpio_17xx_40xx.h:190:20:Chip_GPIO_WriteDirBit	16	static
main.c:38:13:prvSetupHardware	8	static
main.c:53:13:vTask_HartBeat	24	static
main.c:78:13:vTask_LunchUser_Application	24	static
main.c:115:5:main	16	static
