core_cm3.h:1323:22:NVIC_EnableIRQ	16	static
gpio_17xx_40xx.h:119:20:Chip_GPIO_GetPinState	16	static
1_Trame_Communication.c:40:6:_1_Communication_Init	16	static
1_Trame_Communication.c:62:6:_1_Communication_Create_Queues_Semaphores	8	static
1_Trame_Communication.c:85:12:_1_Communication_Wait_To_Send	32	static
1_Trame_Communication.c:112:6:_1_Communication_Free_Send_Bit	8	static
1_Trame_Communication.c:129:12:_1_Communication_Wait_To_Receive	32	static
1_Trame_Communication.c:156:6:_1_Communication_Free_Receive_Bit	8	static
1_Trame_Communication.c:175:12:_1_Communication_Create_Trame	24	static
1_Trame_Communication.c:248:44:_1_Communication_Create_Trame_From_Buffer	48	static
1_Trame_Communication.c:477:12:_1_Communication_Check_Rx_Adresse	24	static
1_Trame_Communication.c:510:12:_1_Communication_Check_Priority_Messages	16	static
1_Trame_Communication.c:525:6:_1_Communication_Recomposition_Rx	40	static
