core_cm3.h:1323:22:NVIC_EnableIRQ	16	static
gpio_13xx_1.h:125:20:Chip_GPIO_GetPinState	16	static
1_Trame_Communication.c:34:6:_1_Communication_Init	16	static
1_Trame_Communication.c:52:6:_1_Communication_Create_Queues_Semaphores	8	static
1_Trame_Communication.c:70:12:_1_Communication_Wait_To_Send	32	static
1_Trame_Communication.c:97:6:_1_Communication_Free_Send_Bit	8	static
1_Trame_Communication.c:114:12:_1_Communication_Wait_To_Receive	32	static
1_Trame_Communication.c:141:6:_1_Communication_Free_Receive_Bit	8	static
1_Trame_Communication.c:160:31:_1_Communication_Create_Message	24	static
1_Trame_Communication.c:209:12:_1_Communication_Create_Trame	16	static
1_Trame_Communication.c:242:44:_1_Communication_Create_Trame_From_Buffer	40	static
1_Trame_Communication.c:422:12:_1_Communication_Check_Rx_Adresse	24	static
1_Trame_Communication.c:444:12:_1_Communication_Check_Priority_Messages	16	static
1_Trame_Communication.c:459:6:_1_Communication_Recomposition_Rx	32	static
