Archive member included to satisfy reference by file (symbol)

C:\Robot\Robotic-System.git\trunk\Workspaces\MultiWorkSpaces_2021\0_lpc_chip_175x_6x\Release\lib0_lpc_chip_175x_6x.a(adc_17xx_40xx.o)
                              ./Level_0/Drivers/0_ADC/0_ADC.o (Chip_ADC_Init)
C:\Robot\Robotic-System.git\trunk\Workspaces\MultiWorkSpaces_2021\0_lpc_chip_175x_6x\Release\lib0_lpc_chip_175x_6x.a(chip_17xx_40xx.o)
                              ./src/IA_2021_V0.o (SystemCoreClockUpdate)
C:\Robot\Robotic-System.git\trunk\Workspaces\MultiWorkSpaces_2021\0_lpc_chip_175x_6x\Release\lib0_lpc_chip_175x_6x.a(clock_17xx_40xx.o)
                              C:\Robot\Robotic-System.git\trunk\Workspaces\MultiWorkSpaces_2021\0_lpc_chip_175x_6x\Release\lib0_lpc_chip_175x_6x.a(chip_17xx_40xx.o) (Chip_Clock_EnablePLL)
C:\Robot\Robotic-System.git\trunk\Workspaces\MultiWorkSpaces_2021\0_lpc_chip_175x_6x\Release\lib0_lpc_chip_175x_6x.a(ring_buffer.o)
                              ./Communication/0_Communication.o (RingBuffer_Init)
C:\Robot\Robotic-System.git\trunk\Workspaces\MultiWorkSpaces_2021\0_lpc_chip_175x_6x\Release\lib0_lpc_chip_175x_6x.a(stopwatch_17xx_40xx.o)
                              ./Communication/USB/src/cdc_usb_main.o (StopWatch_Init)
C:\Robot\Robotic-System.git\trunk\Workspaces\MultiWorkSpaces_2021\0_lpc_chip_175x_6x\Release\lib0_lpc_chip_175x_6x.a(sysinit_17xx_40xx.o)
                              ./src/IA_2021_V0.o (Chip_SetupXtalClocking)
C:\Robot\Robotic-System.git\trunk\Workspaces\MultiWorkSpaces_2021\0_lpc_chip_175x_6x\Release\lib0_lpc_chip_175x_6x.a(timer_17xx_40xx.o)
                              ./src/IA_2021_V0.o (Chip_TIMER_Init)
C:\Robot\Robotic-System.git\trunk\Workspaces\MultiWorkSpaces_2021\0_lpc_chip_175x_6x\Release\lib0_lpc_chip_175x_6x.a(uart_17xx_40xx.o)
                              ./Communication/0_Communication.o (Chip_UART_Init)
C:\Robot\Robotic-System.git\trunk\Workspaces\MultiWorkSpaces_2021\0_lpc_board_nxp_lpcxpresso_1769\Release\lib0_lpc_board_nxp_lpcxpresso_1769.a(board.o)
                              ./src/IA_2021_V0.o (Set_Clock_in)
C:\Robot\Robotic-System.git\trunk\Workspaces\MultiWorkSpaces_2021\0_lpc_chip_175x_6x\libs\libusbd_175x_6x_lib.a(mw_usbd_rom_api.o)
                              ./Communication/USB/src/cdc_usb_main.o (cdc_api)
C:\Robot\Robotic-System.git\trunk\Workspaces\MultiWorkSpaces_2021\0_lpc_chip_175x_6x\libs\libusbd_175x_6x_lib.a(hw_usbd_ip3503.o)
                              C:\Robot\Robotic-System.git\trunk\Workspaces\MultiWorkSpaces_2021\0_lpc_chip_175x_6x\libs\libusbd_175x_6x_lib.a(mw_usbd_rom_api.o) (hwUSB_GetMemSize)
C:\Robot\Robotic-System.git\trunk\Workspaces\MultiWorkSpaces_2021\0_lpc_chip_175x_6x\libs\libusbd_175x_6x_lib.a(mw_usbd_cdcuser.o)
                              C:\Robot\Robotic-System.git\trunk\Workspaces\MultiWorkSpaces_2021\0_lpc_chip_175x_6x\libs\libusbd_175x_6x_lib.a(mw_usbd_rom_api.o) (mwCDC_SendNotification)
C:\Robot\Robotic-System.git\trunk\Workspaces\MultiWorkSpaces_2021\0_lpc_chip_175x_6x\libs\libusbd_175x_6x_lib.a(mw_usbd_core.o)
                              C:\Robot\Robotic-System.git\trunk\Workspaces\MultiWorkSpaces_2021\0_lpc_chip_175x_6x\libs\libusbd_175x_6x_lib.a(mw_usbd_rom_api.o) (mwUSB_SetupStage)
C:\Robot\Robotic-System.git\trunk\Workspaces\MultiWorkSpaces_2021\0_lpc_chip_175x_6x\libs\libusbd_175x_6x_lib.a(mw_usbd_dfuuser.o)
                              C:\Robot\Robotic-System.git\trunk\Workspaces\MultiWorkSpaces_2021\0_lpc_chip_175x_6x\libs\libusbd_175x_6x_lib.a(mw_usbd_rom_api.o) (mwDFU_GetMemSize)
C:\Robot\Robotic-System.git\trunk\Workspaces\MultiWorkSpaces_2021\0_lpc_chip_175x_6x\libs\libusbd_175x_6x_lib.a(mw_usbd_hiduser.o)
                              C:\Robot\Robotic-System.git\trunk\Workspaces\MultiWorkSpaces_2021\0_lpc_chip_175x_6x\libs\libusbd_175x_6x_lib.a(mw_usbd_rom_api.o) (mwHID_GetMemSize)
C:\Robot\Robotic-System.git\trunk\Workspaces\MultiWorkSpaces_2021\0_lpc_chip_175x_6x\libs\libusbd_175x_6x_lib.a(mw_usbd_mscuser.o)
                              C:\Robot\Robotic-System.git\trunk\Workspaces\MultiWorkSpaces_2021\0_lpc_chip_175x_6x\libs\libusbd_175x_6x_lib.a(mw_usbd_rom_api.o) (mwMSC_GetMemSize)
c:/nxp/mcuxpressoide_11.2.1_4149/ide/plugins/com.nxp.mcuxpresso.tools.win32_11.2.0.202008311134/tools/bin/../lib/gcc/arm-none-eabi/9.2.1/thumb/v7-m/nofp\libgcc.a(_arm_mulsf3.o)
                              ./Strategie/Strategie_Level0/Deplacement/0_Deplacements.o (__aeabi_fmul)
c:/nxp/mcuxpressoide_11.2.1_4149/ide/plugins/com.nxp.mcuxpresso.tools.win32_11.2.0.202008311134/tools/bin/../lib/gcc/arm-none-eabi/9.2.1/thumb/v7-m/nofp\libgcc.a(_arm_addsubdf3.o)
                              ./Communication/2_Echange_Datas.o (__aeabi_f2d)
c:/nxp/mcuxpressoide_11.2.1_4149/ide/plugins/com.nxp.mcuxpresso.tools.win32_11.2.0.202008311134/tools/bin/../lib/gcc/arm-none-eabi/9.2.1/thumb/v7-m/nofp\libgcc.a(_arm_addsubsf3.o)
[...]
Memory Configuration

Name             Origin             Length             Attributes
MFlash512        0x00010000         0x00070000         xr
RamLoc32         0x10000000         0x00008000         xrw
Ram_USB          0x2007c000         0x00000800         xrw
RAM3             0x2007c800         0x00007800         xrw
*default*        0x00000000         0xffffffff

Linker script and memory map

LOAD ./src/IA_2021_V0.o
LOAD ./src/Init.o
LOAD ./src/cr_startup_lpc175x_6x.o
LOAD ./src/crp.o
LOAD ./src/sysinit.o
LOAD ./src/test.o
LOAD ./freertos/src/FreeRTOSCommonHooks.o
LOAD ./freertos/src/croutine.o
LOAD ./freertos/src/event_groups.o
LOAD ./freertos/src/heap_5.o
LOAD ./freertos/src/list.o
LOAD ./freertos/src/port.o
LOAD ./freertos/src/queue.o
LOAD ./freertos/src/stream_buffer.o
LOAD ./freertos/src/tasks.o
LOAD ./freertos/src/timers.o
LOAD ./freertos/FreeRTOS_Trace/trcHardwarePort.o
LOAD ./freertos/FreeRTOS_Trace/trcKernelPort.o
LOAD ./freertos/FreeRTOS_Trace/trcSnapshotRecorder.o
LOAD ./Strategie/Strategie_Level0/Deplacement/0_Deplacements.o
LOAD ./Strategie/Strategie_Level0/Deplacement/1_Obstacles.o
LOAD ./Strategie/Strategie_Level0/Actionneurs/0_Actionneurs.o
LOAD ./Strategie/Strategie_Level0/0_Infos.o
LOAD ./Strategie/Strategie_Level0/Strategie_Actions.o
LOAD ./Strategie/Strategie.o
LOAD ./Pathfinding/Astar/Astar.o
LOAD ./Level_0/Drivers/0_ADC/0_ADC.o
LOAD ./Communication/USB/src/cdc_desc.o
LOAD ./Communication/USB/src/cdc_usb_main.o
LOAD ./Communication/USB/src/cdc_vcom.o
LOAD ./Communication/RS485/0_RS485.o
LOAD ./Communication/0_Communication.o
LOAD ./Communication/0_Event_Group.o
LOAD ./Communication/1_Trame_Communication.o
LOAD ./Communication/2_Echange_Data_Strategie.o
LOAD ./Communication/2_Echange_Datas.o
LOAD ./Communication/2_Echange_Datas_Reception.o
LOAD C:\Robot\Robotic-System.git\trunk\Workspaces\MultiWorkSpaces_2021\0_lpc_chip_175x_6x\Release\lib0_lpc_chip_175x_6x.a
LOAD C:\Robot\Robotic-System.git\trunk\Workspaces\MultiWorkSpaces_2021\0_lpc_board_nxp_lpcxpresso_1769\Release\lib0_lpc_board_nxp_lpcxpresso_1769.a
LOAD C:\Robot\Robotic-System.git\trunk\Workspaces\MultiWorkSpaces_2021\0_lpc_chip_175x_6x\libs\libusbd_175x_6x_lib.a
START GROUP
LOAD c:/nxp/mcuxpressoide_11.2.1_4149/ide/plugins/com.nxp.mcuxpresso.tools.win32_11.2.0.202008311134/tools/bin/../lib/gcc/arm-none-eabi/9.2.1/thumb/v7-m/nofp\libgcc.a
LOAD c:/nxp/mcuxpressoide_11.2.1_4149/ide/plugins/com.nxp.mcuxpresso.tools.win32_11.2.0.202008311134/tools/bin/../lib/gcc/arm-none-eabi/9.2.1/../../../../arm-none-eabi/lib/thumb/v7-m/nofp\libc_nano.a
LOAD c:/nxp/mcuxpressoide_11.2.1_4149/ide/plugins/com.nxp.mcuxpresso.tools.win32_11.2.0.202008311134/tools/bin/../lib/gcc/arm-none-eabi/9.2.1/../../../../arm-none-eabi/lib/thumb/v7-m/nofp\libm.a
LOAD c:/nxp/mcuxpressoide_11.2.1_4149/ide/plugins/com.nxp.mcuxpresso.tools.win32_11.2.0.202008311134/tools/bin/../lib/gcc/arm-none-eabi/9.2.1/../../../../arm-none-eabi/lib/thumb/v7-m/nofp\libcr_newlib_none.a
END GROUP
                0x00010000                __base_MFlash512 = 0x10000
                0x00010000                __base_Flash = 0x10000
                0x00080000                __top_MFlash512 = 0x80000
                0x00080000                __top_Flash = 0x80000
                0x10000000                __base_RamLoc32 = 0x10000000
                0x10000000                __base_RAM = 0x10000000
                0x10008000                __top_RamLoc32 = 0x10008000
                0x10008000                __top_RAM = 0x10008000
                0x2007c000                __base_Ram_USB = 0x2007c000
                0x2007c000                __base_RAM2 = 0x2007c000
                0x2007c800                __top_Ram_USB = 0x2007c800
                0x2007c800                __top_RAM2 = 0x2007c800
                0x2007c800                __base_RAM3 = 0x2007c800
                0x2007c800                __base_RAM3 = 0x2007c800
                0x20084000                __top_RAM3 = 0x20084000
                0x20084000                __top_RAM3 = 0x20084000

.text           0x00010000     0x7760
 FILL mask 0xff
                0x00010000                __vectors_start__ = ABSOLUTE (.)
 *(.isr_vector)
 .isr_vector    0x00010000       0xcc ./src/cr_startup_lpc175x_6x.o
                0x00010000                g_pfnVectors
                0x000100cc                . = ALIGN (0x4)
                0x000100cc                __section_table_start = .
                0x000100cc                __data_section_table = .
                0x000100cc        0x4 LONG 0x17760 LOADADDR (.data)
                0x000100d0        0x4 LONG 0x10000000 ADDR (.data)
                0x000100d4        0x4 LONG 0x80 SIZEOF (.data)
                0x000100d8        0x4 LONG 0x17760 LOADADDR (.data_RAM2)
                0x000100dc        0x4 LONG 0x2007c000 ADDR (.data_RAM2)
                0x000100e0        0x4 LONG 0x0 SIZEOF (.data_RAM2)
                0x000100e4        0x4 LONG 0x17760 LOADADDR (.data_RAM3)
                0x000100e8        0x4 LONG 0x2007c800 ADDR (.data_RAM3)
                0x000100ec        0x4 LONG 0x0 SIZEOF (.data_RAM3)
                0x000100f0                __data_section_table_end = .
                0x000100f0                __bss_section_table = .
                0x000100f0        0x4 LONG 0x10000080 ADDR (.bss)
                0x000100f4        0x4 LONG 0x5ec SIZEOF (.bss)
                0x000100f8        0x4 LONG 0x2007c000 ADDR (.bss_RAM2)
                0x000100fc        0x4 LONG 0x0 SIZEOF (.bss_RAM2)
                0x00010100        0x4 LONG 0x2007c800 ADDR (.bss_RAM3)
                0x00010104        0x4 LONG 0x385c SIZEOF (.bss_RAM3)
                0x00010108                __bss_section_table_end = .
                0x00010108                __section_table_end = .
 *(.after_vectors*)
 .after_vectors
                0x00010108      0x130 ./src/cr_startup_lpc175x_6x.o
                0x00010108                data_init
                0x0001014c                bss_init
                0x00010184                ResetISR
                0x000101fc                NMI_Handler
                0x00010202                HardFault_Handler
                0x00010208                MemManage_Handler
                0x0001020e                BusFault_Handler
                0x00010214                UsageFault_Handler
                0x0001021a                SVC_Handler
                0x00010220                DebugMon_Handler
                0x00010226                PendSV_Handler
                0x0001022c                SysTick_Handler
                0x00010232                EINT3_IRQHandler
                0x00010232                CANActivity_IRQHandler
                0x00010232                TIMER3_IRQHandler
                0x00010232                UART0_IRQHandler
                0x00010232                EINT2_IRQHandler
                0x00010232                USBActivity_IRQHandler
                0x00010232                IntDefaultHandler
                0x00010232                PLL0_IRQHandler
                0x00010232                I2C0_IRQHandler
                0x00010232                I2C1_IRQHandler
                0x00010232                SSP0_IRQHandler
                0x00010232                I2S_IRQHandler
                0x00010232                I2C2_IRQHandler
                0x00010232                RTC_IRQHandler
                0x00010232                TIMER0_IRQHandler
                0x00010232                SPI_IRQHandler
                0x00010232                RIT_IRQHandler
                0x00010232                EINT1_IRQHandler
                0x00010232                TIMER1_IRQHandler
                0x00010232                ADC_IRQHandler
                0x00010232                SSP1_IRQHandler
                0x00010232                BOD_IRQHandler
                0x00010232                PLL1_IRQHandler
                0x00010232                WDT_IRQHandler
                0x00010232                PWM1_IRQHandler
                0x00010232                QEI_IRQHandler
                0x00010232                EINT0_IRQHandler
                0x00010232                ETH_IRQHandler
                0x00010232                CAN_IRQHandler
                0x00010232                DMA_IRQHandler
                0x00010232                TIMER2_IRQHandler
                0x00010232                UART3_IRQHandler
                0x00010232                MCPWM_IRQHandler
                0x000002fc                . = 0x2fc
 *fill*         0x00010238       0xc4 ff
                0x000102fc                PROVIDE (__CRP_WORD_START__ = .)
 *(.crp)
 .crp           0x000102fc        0x4 ./src/crp.o
                0x000102fc                CRP_WORD
                0x00010300                PROVIDE (__CRP_WORD_END__ = .)
                0x00000001                ASSERT (! ((__CRP_WORD_START__ == __CRP_WORD_END__)), Linker CRP Enabled, but no CRP_WORD provided within application)
 *(.text*)
 .text.Chip_GPIO_SetPinState
                0x00010300       0x64 ./src/IA_2021_V0.o
 .text.Chip_GPIO_WritePortBit
                0x00010364       0x2c ./src/IA_2021_V0.o
 .text.Chip_GPIO_SetPinDIROutput
                0x00010390       0x36 ./src/IA_2021_V0.o
 .text.Chip_GPIO_SetPinDIRInput
                0x000103c6       0x3a ./src/IA_2021_V0.o
 .text.Chip_GPIO_SetPinDIR
                0x00010400       0x42 ./src/IA_2021_V0.o
 .text.Chip_GPIO_WriteDirBit
                0x00010442       0x2e ./src/IA_2021_V0.o
 .text.vConfigureTimerForRunTimeStats
                0x00010470       0x44 ./src/IA_2021_V0.o
                0x00010470                vConfigureTimerForRunTimeStats
 .text.prvSetupHardware
                0x000104b4       0x30 ./src/IA_2021_V0.o
 .text.vTask_HartBeat
                0x000104e4       0x78 ./src/IA_2021_V0.o
 .text.main     0x0001055c       0x3c ./src/IA_2021_V0.o
                0x0001055c                main
 .text.Chip_GPIO_SetPinState
                0x00010598       0x64 ./src/Init.o
 .text.Chip_GPIO_WritePortBit
                0x000105fc       0x2c ./src/Init.o
 .text.Chip_GPIO_SetPinDIROutput
                0x00010628       0x36 ./src/Init.o
 .text.Chip_GPIO_SetPinDIRInput
                0x0001065e       0x3a ./src/Init.o
 .text.Chip_GPIO_SetPinDIR
                0x00010698       0x42 ./src/Init.o
 .text.Chip_GPIO_WriteDirBit
                0x000106da       0x2e ./src/Init.o
 .text.Debug_Trace_Texte
                0x00010708       0x12 ./src/Init.o
                0x00010708                Debug_Trace_Texte
 *fill*         0x0001071a        0x2 ff
 .text.Set_Debug_Pin_0_Low
                0x0001071c       0x18 ./src/Init.o
                0x0001071c                Set_Debug_Pin_0_Low
 .text.Set_Debug_Pin_1_Low
                0x00010734       0x18 ./src/Init.o
                0x00010734                Set_Debug_Pin_1_Low
 .text.Init_Carte_IA
                0x0001074c       0xb0 ./src/Init.o
                0x0001074c                Init_Carte_IA
 .text.Init_Send_Robot_ID
                0x000107fc       0x16 ./src/Init.o
                0x000107fc                Init_Send_Robot_ID
 *fill*         0x00010812        0x2 ff
 .text.SystemInit
                0x00010814       0x24 ./src/sysinit.o
                0x00010814                SystemInit
 .text.TEST_init_parametres
                0x00010838        0xc ./src/test.o
                0x00010838                TEST_init_parametres
 .text.Chip_UART_SendByte
                0x00010844       0x1c ./freertos/src/FreeRTOSCommonHooks.o
 .text.Chip_UART_ReadLineStatus
                0x00010860       0x16 ./freertos/src/FreeRTOSCommonHooks.o
 *fill*         0x00010876        0x2 ff
 .text.vApplicationStackOverflowHook
                0x00010878      0x184 ./freertos/src/FreeRTOSCommonHooks.o
                0x00010878                vApplicationStackOverflowHook
 .text.xEventGroupCreate
                0x000109fc       0x2e ./freertos/src/event_groups.o
                0x000109fc                xEventGroupCreate
 *fill*         0x00010a2a        0x2 ff
 .text.xEventGroupWaitBits
                0x00010a2c      0x114 ./freertos/src/event_groups.o
                0x00010a2c                xEventGroupWaitBits
 .text.xEventGroupSetBits
                0x00010b40       0xda ./freertos/src/event_groups.o
                0x00010b40                xEventGroupSetBits
 .text.vEventGroupSetBitsCallback
                0x00010c1a       0x1a ./freertos/src/event_groups.o
                0x00010c1a                vEventGroupSetBitsCallback
 .text.prvTestWaitCondition
                0x00010c34       0x42 ./freertos/src/event_groups.o
 *fill*         0x00010c76        0x2 ff
 .text.pvPortMalloc
                0x00010c78      0x128 ./freertos/src/heap_5.o
                0x00010c78                pvPortMalloc
 .text.vPortFree
                0x00010da0       0x80 ./freertos/src/heap_5.o
                0x00010da0                vPortFree
 .text.prvInsertBlockIntoFreeList
                0x00010e20       0xb0 ./freertos/src/heap_5.o
 .text.vPortDefineHeapRegions
                0x00010ed0      0x114 ./freertos/src/heap_5.o
                0x00010ed0                vPortDefineHeapRegions
 .text.vListInitialise
                0x00010fe4       0x3e ./freertos/src/list.o
                0x00010fe4                vListInitialise
 .text.vListInitialiseItem
                0x00011022       0x18 ./freertos/src/list.o
                0x00011022                vListInitialiseItem
 .text.vListInsertEnd
                0x0001103a       0x46 ./freertos/src/list.o
                0x0001103a                vListInsertEnd
 .text.vListInsert
                0x00011080       0x70 ./freertos/src/list.o
                0x00011080                vListInsert
 .text.uxListRemove
                0x000110f0       0x52 ./freertos/src/list.o
                0x000110f0                uxListRemove
 *fill*         0x00011142        0x2 ff
 .text.pxPortInitialiseStack
                0x00011144       0x58 ./freertos/src/port.o
                0x00011144                pxPortInitialiseStack
 .text.prvTaskExitError
                0x0001119c       0x32 ./freertos/src/port.o
 *fill*         0x000111ce        0x2 ff
 .text.vPortSVCHandler
                0x000111d0       0x28 ./freertos/src/port.o
                0x000111d0                vPortSVCHandler
 .text.prvPortStartFirstTask
                0x000111f8       0x20 ./freertos/src/port.o
 .text.xPortStartScheduler
                0x00011218       0x40 ./freertos/src/port.o
                0x00011218                xPortStartScheduler
 .text.vPortEnterCritical
                0x00011258       0x34 ./freertos/src/port.o
                0x00011258                vPortEnterCritical
 .text.vPortExitCritical
                0x0001128c       0x34 ./freertos/src/port.o
                0x0001128c                vPortExitCritical
 .text.xPortPendSVHandler
                0x000112c0       0x48 ./freertos/src/port.o
                0x000112c0                xPortPendSVHandler
 .text.xPortSysTickHandler
                0x00011308       0x44 ./freertos/src/port.o
                0x00011308                xPortSysTickHandler
 .text.vPortSetupTimerInterrupt
                0x0001134c       0x34 ./freertos/src/port.o
                0x0001134c                vPortSetupTimerInterrupt
 .text.xQueueGenericReset
                0x00011380       0xb4 ./freertos/src/queue.o
                0x00011380                xQueueGenericReset
 .text.xQueueGenericCreate
                0x00011434       0x50 ./freertos/src/queue.o
                0x00011434                xQueueGenericCreate
 .text.prvInitialiseNewQueue
                0x00011484       0x3e ./freertos/src/queue.o
 *fill*         0x000114c2        0x2 ff
 .text.xQueueGenericSend
                0x000114c4      0x154 ./freertos/src/queue.o
                0x000114c4                xQueueGenericSend
 .text.xQueueGenericSendFromISR
                0x00011618       0xba ./freertos/src/queue.o
                0x00011618                xQueueGenericSendFromISR
 *fill*         0x000116d2        0x2 ff
 .text.xQueueReceive
                0x000116d4      0x144 ./freertos/src/queue.o
                0x000116d4                xQueueReceive
 .text.prvCopyDataToQueue
                0x00011818       0xd4 ./freertos/src/queue.o
 .text.prvCopyDataFromQueue
                0x000118ec       0x4c ./freertos/src/queue.o
 .text.prvUnlockQueue
                0x00011938       0xa4 ./freertos/src/queue.o
 .text.prvIsQueueEmpty
                0x000119dc       0x2c ./freertos/src/queue.o
 .text.prvIsQueueFull
                0x00011a08       0x30 ./freertos/src/queue.o
 .text.vQueueAddToRegistry
                0x00011a38       0x50 ./freertos/src/queue.o
                0x00011a38                vQueueAddToRegistry
 .text.vQueueWaitForMessageRestricted
                0x00011a88       0x68 ./freertos/src/queue.o
                0x00011a88                vQueueWaitForMessageRestricted
 .text.xTaskCreate
                0x00011af0       0x82 ./freertos/src/tasks.o
                0x00011af0                xTaskCreate
 .text.prvInitialiseNewTask
                0x00011b72      0x104 ./freertos/src/tasks.o
 *fill*         0x00011c76        0x2 ff
 .text.prvAddNewTaskToReadyList
                0x00011c78       0xd4 ./freertos/src/tasks.o
 .text.vTaskDelete
                0x00011d4c       0xfc ./freertos/src/tasks.o
                0x00011d4c                vTaskDelete
 .text.vTaskDelayUntil
                0x00011e48       0xa0 ./freertos/src/tasks.o
                0x00011e48                vTaskDelayUntil
 .text.vTaskDelay
                0x00011ee8       0x48 ./freertos/src/tasks.o
                0x00011ee8                vTaskDelay
 .text.vTaskStartScheduler
                0x00011f30       0x80 ./freertos/src/tasks.o
                0x00011f30                vTaskStartScheduler
 .text.vTaskSuspendAll
                0x00011fb0       0x1c ./freertos/src/tasks.o
                0x00011fb0                vTaskSuspendAll
 .text.xTaskResumeAll
                0x00011fcc      0x11c ./freertos/src/tasks.o
                0x00011fcc                xTaskResumeAll
 .text.xTaskGetTickCount
                0x000120e8       0x1c ./freertos/src/tasks.o
                0x000120e8                xTaskGetTickCount
 .text.xTaskIncrementTick
                0x00012104      0x150 ./freertos/src/tasks.o
                0x00012104                xTaskIncrementTick
 .text.vTaskSwitchContext
                0x00012254       0xd8 ./freertos/src/tasks.o
                0x00012254                vTaskSwitchContext
 .text.vTaskPlaceOnEventList
                0x0001232c       0x2c ./freertos/src/tasks.o
                0x0001232c                vTaskPlaceOnEventList
 .text.vTaskPlaceOnUnorderedEventList
                0x00012358       0x3c ./freertos/src/tasks.o
                0x00012358                vTaskPlaceOnUnorderedEventList
 .text.vTaskPlaceOnEventListRestricted
                0x00012394       0x3c ./freertos/src/tasks.o
                0x00012394                vTaskPlaceOnEventListRestricted
 .text.xTaskRemoveFromEventList
                0x000123d0       0xa8 ./freertos/src/tasks.o
                0x000123d0                xTaskRemoveFromEventList
 .text.vTaskRemoveFromUnorderedEventList
                0x00012478       0x84 ./freertos/src/tasks.o
                0x00012478                vTaskRemoveFromUnorderedEventList
 .text.vTaskInternalSetTimeOutState
                0x000124fc       0x2c ./freertos/src/tasks.o
                0x000124fc                vTaskInternalSetTimeOutState
 .text.xTaskCheckForTimeOut
                0x00012528       0x8c ./freertos/src/tasks.o
                0x00012528                xTaskCheckForTimeOut
 .text.vTaskMissedYield
                0x000125b4       0x18 ./freertos/src/tasks.o
                0x000125b4                vTaskMissedYield
 .text.prvIdleTask
                0x000125cc       0x30 ./freertos/src/tasks.o
 .text.prvInitialiseTaskLists
                0x000125fc       0x80 ./freertos/src/tasks.o
 .text.prvCheckTasksWaitingTermination
                0x0001267c       0x5c ./freertos/src/tasks.o
 .text.prvDeleteTCB
                0x000126d8       0x20 ./freertos/src/tasks.o
 .text.prvResetNextTaskUnblockTime
                0x000126f8       0x40 ./freertos/src/tasks.o
 .text.xTaskGetCurrentTaskHandle
                0x00012738       0x1c ./freertos/src/tasks.o
                0x00012738                xTaskGetCurrentTaskHandle
 .text.xTaskGetSchedulerState
                0x00012754       0x3c ./freertos/src/tasks.o
                0x00012754                xTaskGetSchedulerState
 .text.xTaskPriorityDisinherit
                0x00012790       0xc8 ./freertos/src/tasks.o
                0x00012790                xTaskPriorityDisinherit
 .text.uxTaskResetEventItemValue
                0x00012858       0x30 ./freertos/src/tasks.o
                0x00012858                uxTaskResetEventItemValue
 .text.prvAddCurrentTaskToDelayedList
                0x00012888       0xcc ./freertos/src/tasks.o
 .text.xTimerCreateTimerTask
                0x00012954       0x48 ./freertos/src/timers.o
                0x00012954                xTimerCreateTimerTask
 .text.xTimerGenericCommand
                0x0001299c       0x80 ./freertos/src/timers.o
                0x0001299c                xTimerGenericCommand
 .text.prvProcessExpiredTimer
                0x00012a1c       0x80 ./freertos/src/timers.o
 .text.prvTimerTask
                0x00012a9c       0x24 ./freertos/src/timers.o
 .text.prvProcessTimerOrBlockTask
                0x00012ac0       0x9c ./freertos/src/timers.o
 .text.prvGetNextExpireTime
                0x00012b5c       0x44 ./freertos/src/timers.o
 .text.prvSampleTimeNow
                0x00012ba0       0x40 ./freertos/src/timers.o
 .text.prvInsertTimerInActiveList
                0x00012be0       0x84 ./freertos/src/timers.o
 .text.prvProcessReceivedCommands
                0x00012c64      0x170 ./freertos/src/timers.o
 .text.prvSwitchTimerLists
                0x00012dd4       0xac ./freertos/src/timers.o
 .text.prvCheckForValidListAndQueue
                0x00012e80       0x6c ./freertos/src/timers.o
 .text.xTimerPendFunctionCallFromISR
                0x00012eec       0x40 ./freertos/src/timers.o
                0x00012eec                xTimerPendFunctionCallFromISR
 .text._0_Deplacement_Init
                0x00012f2c       0x18 ./Strategie/Strategie_Level0/Deplacement/0_Deplacements.o
                0x00012f2c                _0_Deplacement_Init
 .text._0_Infos_Init
                0x00012f44       0x18 ./Strategie/Strategie_Level0/0_Infos.o
                0x00012f44                _0_Infos_Init
 .text._0_Update_Card_Datas
                0x00012f5c       0x54 ./Strategie/Strategie_Level0/0_Infos.o
                0x00012f5c                _0_Update_Card_Datas
 .text.Chip_GPIO_GetPinState
                0x00012fb0       0x38 ./Strategie/Strategie_Level0/Strategie_Actions.o
 .text._Strategie_Change_Action_State
                0x00012fe8       0x5c ./Strategie/Strategie_Level0/Strategie_Actions.o
                0x00012fe8                _Strategie_Change_Action_State
 .text._Strategie_Change_Action_Step
                0x00013044       0x26 ./Strategie/Strategie_Level0/Strategie_Actions.o
                0x00013044                _Strategie_Change_Action_Step
 .text.Chip_GPIO_GetPinState
                0x0001306a       0x38 ./Strategie/Strategie.o
 *fill*         0x000130a2        0x2 ff
 .text._Strategie_Get_Robot_ID
                0x000130a4       0x18 ./Strategie/Strategie.o
                0x000130a4                _Strategie_Get_Robot_ID
 .text._Strategie_Get_Chosen_Strategie
                0x000130bc       0x14 ./Strategie/Strategie.o
                0x000130bc                _Strategie_Get_Chosen_Strategie
 .text._Strategie_Get_Temps_Match
                0x000130d0       0x14 ./Strategie/Strategie.o
                0x000130d0                _Strategie_Get_Temps_Match
 .text._Strategie_Get_Jack_Status
                0x000130e4       0x18 ./Strategie/Strategie.o
                0x000130e4                _Strategie_Get_Jack_Status
 .text._Strategie_Get_Color_Status
                0x000130fc       0x18 ./Strategie/Strategie.o
                0x000130fc                _Strategie_Get_Color_Status
 .text._Strategie_Get_Switch_Status
                0x00013114       0x18 ./Strategie/Strategie.o
                0x00013114                _Strategie_Get_Switch_Status
 .text._Strategie_Get_External_LED_RED_Status
                0x0001312c       0x18 ./Strategie/Strategie.o
                0x0001312c                _Strategie_Get_External_LED_RED_Status
 .text._Strategie_Get_External_LED_YELLOW_Status
                0x00013144       0x18 ./Strategie/Strategie.o
                0x00013144                _Strategie_Get_External_LED_YELLOW_Status
 .text._Strategie_Get_External_LED_GREEN_Status
                0x0001315c       0x18 ./Strategie/Strategie.o
                0x0001315c                _Strategie_Get_External_LED_GREEN_Status
 .text._Strategie_Init_Strategie_2021
                0x00013174      0x2d0 ./Strategie/Strategie.o
                0x00013174                _Strategie_Init_Strategie_2021
 .text.Chip_IOCON_PinMux
                0x00013444       0x94 ./Level_0/Drivers/0_ADC/0_ADC.o
 .text._0_ADC_Init
                0x000134d8       0x30 ./Level_0/Drivers/0_ADC/0_ADC.o
                0x000134d8                _0_ADC_Init
 .text.Chip_IOCON_PinMux
                0x00013508       0x94 ./Communication/RS485/0_RS485.o
 .text.Chip_GPIO_SetPinState
                0x0001359c       0x64 ./Communication/RS485/0_RS485.o
 .text.Chip_GPIO_WritePortBit
                0x00013600       0x2c ./Communication/RS485/0_RS485.o
 .text.Chip_GPIO_SetPinDIROutput
                0x0001362c       0x36 ./Communication/RS485/0_RS485.o
 .text.Chip_GPIO_SetPinDIRInput
                0x00013662       0x3a ./Communication/RS485/0_RS485.o
 .text.Chip_GPIO_SetPinDIR
                0x0001369c       0x42 ./Communication/RS485/0_RS485.o
 .text.Chip_GPIO_WriteDirBit
                0x000136de       0x2e ./Communication/RS485/0_RS485.o
 .text._0_RS485_Init
                0x0001370c       0x48 ./Communication/RS485/0_RS485.o
                0x0001370c                _0_RS485_Init
 .text._0_RS485_Master_Mode
                0x00013754       0x28 ./Communication/RS485/0_RS485.o
                0x00013754                _0_RS485_Master_Mode
 .text._0_RS485_Slave_Mode
                0x0001377c       0x28 ./Communication/RS485/0_RS485.o
                0x0001377c                _0_RS485_Slave_Mode
 .text.NVIC_DisableIRQ
                0x000137a4       0x34 ./Communication/0_Communication.o
 .text.NVIC_ClearPendingIRQ
                0x000137d8       0x34 ./Communication/0_Communication.o
 .text.NVIC_SetPriority
                0x0001380c       0x54 ./Communication/0_Communication.o
 .text.Chip_IOCON_PinMux
                0x00013860       0x94 ./Communication/0_Communication.o
 .text.Chip_GPIO_SetPinState
                0x000138f4       0x64 ./Communication/0_Communication.o
 .text.Chip_GPIO_WritePortBit
                0x00013958       0x2c ./Communication/0_Communication.o
 .text.Chip_UART_SendByte
                0x00013984       0x1c ./Communication/0_Communication.o
 .text.Chip_UART_IntEnable
                0x000139a0       0x20 ./Communication/0_Communication.o
 .text.Chip_UART_IntDisable
                0x000139c0       0x22 ./Communication/0_Communication.o
 .text.Chip_UART_SetupFIFOS
                0x000139e2       0x1a ./Communication/0_Communication.o
 .text.Chip_UART_ConfigData
                0x000139fc       0x1a ./Communication/0_Communication.o
 .text.Chip_UART_ReadLineStatus
                0x00013a16       0x16 ./Communication/0_Communication.o
 .text._0_Communication_Init
                0x00013a2c       0x78 ./Communication/0_Communication.o
                0x00013a2c                _0_Communication_Init
 .text._0_Communication_Init_USB
                0x00013aa4        0xc ./Communication/0_Communication.o
                0x00013aa4                _0_Communication_Init_USB
 .text._0_Communication_Init_RS485
                0x00013ab0       0xa8 ./Communication/0_Communication.o
                0x00013ab0                _0_Communication_Init_RS485
 .text._0_Communication_Init_XBEE
                0x00013b58       0x94 ./Communication/0_Communication.o
                0x00013b58                _0_Communication_Init_XBEE
 .text.UART1_IRQHandler
                0x00013bec       0xc0 ./Communication/0_Communication.o
                0x00013bec                UART1_IRQHandler
 .text.UART2_IRQHandler
                0x00013cac       0xb0 ./Communication/0_Communication.o
                0x00013cac                UART2_IRQHandler
 .text.USB_IRQHandler
                0x00013d5c       0x2c ./Communication/0_Communication.o
                0x00013d5c                USB_IRQHandler
 .text._0_Communication_Send_Data
                0x00013d88       0xb0 ./Communication/0_Communication.o
                0x00013d88                _0_Communication_Send_Data
 .text._0_Communication_Send_RS485
                0x00013e38       0x90 ./Communication/0_Communication.o
                0x00013e38                _0_Communication_Send_RS485
 .text._0_Communication_Send_XBEE
                0x00013ec8       0x82 ./Communication/0_Communication.o
                0x00013ec8                _0_Communication_Send_XBEE
 *fill*         0x00013f4a        0x2 ff
 .text._0_Communication_Init_Event_Group
                0x00013f4c       0x18 ./Communication/0_Event_Group.o
                0x00013f4c                _0_Communication_Init_Event_Group
 .text.NVIC_EnableIRQ
                0x00013f64       0x30 ./Communication/1_Trame_Communication.o
 .text._1_Communication_Init
                0x00013f94       0x38 ./Communication/1_Trame_Communication.o
                0x00013f94                _1_Communication_Init
 .text._1_Communication_Create_Queues_Semaphores
                0x00013fcc       0x18 ./Communication/1_Trame_Communication.o
                0x00013fcc                _1_Communication_Create_Queues_Semaphores
 .text._1_Communication_Wait_To_Send
                0x00013fe4       0x40 ./Communication/1_Trame_Communication.o
                0x00013fe4                _1_Communication_Wait_To_Send
 .text._1_Communication_Free_Send_Bit
                0x00014024       0x24 ./Communication/1_Trame_Communication.o
                0x00014024                _1_Communication_Free_Send_Bit
 .text._1_Communication_Wait_To_Receive
                0x00014048       0x38 ./Communication/1_Trame_Communication.o
                0x00014048                _1_Communication_Wait_To_Receive
 .text._1_Communication_Free_Receive_Bit
                0x00014080       0x18 ./Communication/1_Trame_Communication.o
                0x00014080                _1_Communication_Free_Receive_Bit
 .text._1_Communication_Create_Message
                0x00014098      0x104 ./Communication/1_Trame_Communication.o
                0x00014098                _1_Communication_Create_Message
 .text._1_Communication_Create_Trame
                0x0001419c       0x58 ./Communication/1_Trame_Communication.o
                0x0001419c                _1_Communication_Create_Trame
 .text._1_Communication_Create_Trame_From_Buffer
                0x000141f4      0x294 ./Communication/1_Trame_Communication.o
                0x000141f4                _1_Communication_Create_Trame_From_Buffer
 .text._1_Communication_Check_Rx_Adresse
                0x00014488       0x32 ./Communication/1_Trame_Communication.o
                0x00014488                _1_Communication_Check_Rx_Adresse
 *fill*         0x000144ba        0x2 ff
 .text._1_Communication_Recomposition_Rx
                0x000144bc       0x84 ./Communication/1_Trame_Communication.o
                0x000144bc                _1_Communication_Recomposition_Rx
 .text._2_Comm_Strategie_Init
                0x00014540       0x18 ./Communication/2_Echange_Data_Strategie.o
                0x00014540                _2_Comm_Strategie_Init
 .text._2_Comm_Strategie_Send_Action_Creation
                0x00014558      0x128 ./Communication/2_Echange_Data_Strategie.o
                0x00014558                _2_Comm_Strategie_Send_Action_Creation
 .text._2_Comm_Strategie_Send_Action_State_Update
                0x00014680      0x11c ./Communication/2_Echange_Data_Strategie.o
                0x00014680                _2_Comm_Strategie_Send_Action_State_Update
 .text._2_Communication_Init
                0x0001479c       0x18 ./Communication/2_Echange_Datas.o
                0x0001479c                _2_Communication_Init
 .text._2_Comm_Send_Demande_Info
                0x000147b4       0x58 ./Communication/2_Echange_Datas.o
                0x000147b4                _2_Comm_Send_Demande_Info
 .text._2_Comm_Send_PING
                0x0001480c       0x58 ./Communication/2_Echange_Datas.o
                0x0001480c                _2_Comm_Send_PING
 .text._2_Comm_Send_PONG
                0x00014864       0xa0 ./Communication/2_Echange_Datas.o
                0x00014864                _2_Comm_Send_PONG
 .text._2_Comm_Send_Communication_Status
                0x00014904       0x54 ./Communication/2_Echange_Datas.o
                0x00014904                _2_Comm_Send_Communication_Status
 .text._2_Comm_Send_Log_Message
                0x00014958      0x154 ./Communication/2_Echange_Datas.o
                0x00014958                _2_Comm_Send_Log_Message
 .text._2_Communication_Boards_Status
                0x00014aac      0x19c ./Communication/2_Echange_Datas.o
                0x00014aac                _2_Communication_Boards_Status
 .text._2_Comm_Robot_ID
                0x00014c48       0x5c ./Communication/2_Echange_Datas.o
                0x00014c48                _2_Comm_Robot_ID
 .text._2_Comm_Send_Info_Carte_IA
                0x00014ca4       0xfc ./Communication/2_Echange_Datas.o
                0x00014ca4                _2_Comm_Send_Info_Carte_IA
 .text._2_Communication_RX_Init
                0x00014da0        0xc ./Communication/2_Echange_Datas_Reception.o
                0x00014da0                _2_Communication_RX_Init
 .text._2_Communication_Interprete_message
                0x00014dac       0x80 ./Communication/2_Echange_Datas_Reception.o
                0x00014dac                _2_Communication_Interprete_message
 .text._2_Communication_RX_Reponse_Infos
                0x00014e2c       0x2a ./Communication/2_Echange_Datas_Reception.o
                0x00014e2c                _2_Communication_RX_Reponse_Infos
 *fill*         0x00014e56        0x2 ff
 .text.Chip_ADC_Init
                0x00014e58       0x48 C:\Robot\Robotic-System.git\trunk\Workspaces\MultiWorkSpaces_2021\0_lpc_chip_175x_6x\Release\lib0_lpc_chip_175x_6x.a(adc_17xx_40xx.o)
                0x00014e58                Chip_ADC_Init
 .text.SystemCoreClockUpdate
                0x00014ea0       0x10 C:\Robot\Robotic-System.git\trunk\Workspaces\MultiWorkSpaces_2021\0_lpc_chip_175x_6x\Release\lib0_lpc_chip_175x_6x.a(chip_17xx_40xx.o)
                0x00014ea0                SystemCoreClockUpdate
 .text.Chip_Clock_EnablePLL
                0x00014eb0       0x24 C:\Robot\Robotic-System.git\trunk\Workspaces\MultiWorkSpaces_2021\0_lpc_chip_175x_6x\Release\lib0_lpc_chip_175x_6x.a(clock_17xx_40xx.o)
                0x00014eb0                Chip_Clock_EnablePLL
 .text.Chip_Clock_DisablePLL
                0x00014ed4       0x26 C:\Robot\Robotic-System.git\trunk\Workspaces\MultiWorkSpaces_2021\0_lpc_chip_175x_6x\Release\lib0_lpc_chip_175x_6x.a(clock_17xx_40xx.o)
                0x00014ed4                Chip_Clock_DisablePLL
 .text.Chip_Clock_SetupPLL
                0x00014efa       0x30 C:\Robot\Robotic-System.git\trunk\Workspaces\MultiWorkSpaces_2021\0_lpc_chip_175x_6x\Release\lib0_lpc_chip_175x_6x.a(clock_17xx_40xx.o)
                0x00014efa                Chip_Clock_SetupPLL
 *fill*         0x00014f2a        0x2 ff
 .text.Chip_Clock_EnablePeriphClock
                0x00014f2c       0x18 C:\Robot\Robotic-System.git\trunk\Workspaces\MultiWorkSpaces_2021\0_lpc_chip_175x_6x\Release\lib0_lpc_chip_175x_6x.a(clock_17xx_40xx.o)
                0x00014f2c                Chip_Clock_EnablePeriphClock
 .text.Chip_Clock_GetCPUClockSource
                0x00014f44       0x10 C:\Robot\Robotic-System.git\trunk\Workspaces\MultiWorkSpaces_2021\0_lpc_chip_175x_6x\Release\lib0_lpc_chip_175x_6x.a(clock_17xx_40xx.o)
                0x00014f44                Chip_Clock_GetCPUClockSource
 .text.Chip_Clock_SetCPUClockDiv
                0x00014f54        0xc C:\Robot\Robotic-System.git\trunk\Workspaces\MultiWorkSpaces_2021\0_lpc_chip_175x_6x\Release\lib0_lpc_chip_175x_6x.a(clock_17xx_40xx.o)
                0x00014f54                Chip_Clock_SetCPUClockDiv
 .text.Chip_Clock_GetCPUClockDiv
                0x00014f60       0x10 C:\Robot\Robotic-System.git\trunk\Workspaces\MultiWorkSpaces_2021\0_lpc_chip_175x_6x\Release\lib0_lpc_chip_175x_6x.a(clock_17xx_40xx.o)
                0x00014f60                Chip_Clock_GetCPUClockDiv
 .text.Chip_Clock_GetPCLKDiv
                0x00014f70       0x38 C:\Robot\Robotic-System.git\trunk\Workspaces\MultiWorkSpaces_2021\0_lpc_chip_175x_6x\Release\lib0_lpc_chip_175x_6x.a(clock_17xx_40xx.o)
                0x00014f70                Chip_Clock_GetPCLKDiv
 .text.Chip_Clock_GetSYSCLKRate
                0x00014fa8       0x38 C:\Robot\Robotic-System.git\trunk\Workspaces\MultiWorkSpaces_2021\0_lpc_chip_175x_6x\Release\lib0_lpc_chip_175x_6x.a(clock_17xx_40xx.o)
                0x00014fa8                Chip_Clock_GetSYSCLKRate
 .text.Chip_Clock_GetMainPLLOutClockRate
                0x00014fe0       0x34 C:\Robot\Robotic-System.git\trunk\Workspaces\MultiWorkSpaces_2021\0_lpc_chip_175x_6x\Release\lib0_lpc_chip_175x_6x.a(clock_17xx_40xx.o)
                0x00014fe0                Chip_Clock_GetMainPLLOutClockRate
 .text.Chip_Clock_GetMainClockRate
                0x00015014       0x20 C:\Robot\Robotic-System.git\trunk\Workspaces\MultiWorkSpaces_2021\0_lpc_chip_175x_6x\Release\lib0_lpc_chip_175x_6x.a(clock_17xx_40xx.o)
                0x00015014                Chip_Clock_GetMainClockRate
 .text.Chip_Clock_GetSystemClockRate
                0x00015034       0x12 C:\Robot\Robotic-System.git\trunk\Workspaces\MultiWorkSpaces_2021\0_lpc_chip_175x_6x\Release\lib0_lpc_chip_175x_6x.a(clock_17xx_40xx.o)
                0x00015034                Chip_Clock_GetSystemClockRate
 .text.Chip_Clock_GetPeripheralClockRate
                0x00015046       0x16 C:\Robot\Robotic-System.git\trunk\Workspaces\MultiWorkSpaces_2021\0_lpc_chip_175x_6x\Release\lib0_lpc_chip_175x_6x.a(clock_17xx_40xx.o)
                0x00015046                Chip_Clock_GetPeripheralClockRate
 .text.RingBuffer_Init
                0x0001505c       0x10 C:\Robot\Robotic-System.git\trunk\Workspaces\MultiWorkSpaces_2021\0_lpc_chip_175x_6x\Release\lib0_lpc_chip_175x_6x.a(ring_buffer.o)
                0x0001505c                RingBuffer_Init
 .text.RingBuffer_Insert
                0x0001506c       0x30 C:\Robot\Robotic-System.git\trunk\Workspaces\MultiWorkSpaces_2021\0_lpc_chip_175x_6x\Release\lib0_lpc_chip_175x_6x.a(ring_buffer.o)
                0x0001506c                RingBuffer_Insert
 .text.RingBuffer_InsertMult
                0x0001509c       0x88 C:\Robot\Robotic-System.git\trunk\Workspaces\MultiWorkSpaces_2021\0_lpc_chip_175x_6x\Release\lib0_lpc_chip_175x_6x.a(ring_buffer.o)
                0x0001509c                RingBuffer_InsertMult
 .text.RingBuffer_Pop
                0x00015124       0x30 C:\Robot\Robotic-System.git\trunk\Workspaces\MultiWorkSpaces_2021\0_lpc_chip_175x_6x\Release\lib0_lpc_chip_175x_6x.a(ring_buffer.o)
                0x00015124                RingBuffer_Pop
 .text.RingBuffer_PopMult
                0x00015154       0x7c C:\Robot\Robotic-System.git\trunk\Workspaces\MultiWorkSpaces_2021\0_lpc_chip_175x_6x\Release\lib0_lpc_chip_175x_6x.a(ring_buffer.o)
                0x00015154                RingBuffer_PopMult
 .text.RingBuffer_Count
                0x000151d0        0x8 C:\Robot\Robotic-System.git\trunk\Workspaces\MultiWorkSpaces_2021\0_lpc_chip_175x_6x\Release\lib0_lpc_chip_175x_6x.a(ring_buffer.o)
                0x000151d0                RingBuffer_Count
 .text.Chip_SetupIrcClocking
                0x000151d8       0x64 C:\Robot\Robotic-System.git\trunk\Workspaces\MultiWorkSpaces_2021\0_lpc_chip_175x_6x\Release\lib0_lpc_chip_175x_6x.a(sysinit_17xx_40xx.o)
                0x000151d8                Chip_SetupIrcClocking
 .text.Chip_SetupXtalClocking
                0x0001523c       0xdc C:\Robot\Robotic-System.git\trunk\Workspaces\MultiWorkSpaces_2021\0_lpc_chip_175x_6x\Release\lib0_lpc_chip_175x_6x.a(sysinit_17xx_40xx.o)
                0x0001523c                Chip_SetupXtalClocking
 .text.Chip_SystemInit
                0x00015318        0x4 C:\Robot\Robotic-System.git\trunk\Workspaces\MultiWorkSpaces_2021\0_lpc_chip_175x_6x\Release\lib0_lpc_chip_175x_6x.a(sysinit_17xx_40xx.o)
                0x00015318                Chip_SystemInit
 .text.Chip_TIMER_Init
                0x0001531c       0x2c C:\Robot\Robotic-System.git\trunk\Workspaces\MultiWorkSpaces_2021\0_lpc_chip_175x_6x\Release\lib0_lpc_chip_175x_6x.a(timer_17xx_40xx.o)
                0x0001531c                Chip_TIMER_Init
 .text.Chip_UART_GetClockIndex
                0x00015348       0x28 C:\Robot\Robotic-System.git\trunk\Workspaces\MultiWorkSpaces_2021\0_lpc_chip_175x_6x\Release\lib0_lpc_chip_175x_6x.a(uart_17xx_40xx.o)
 .text.Chip_UART_Init
                0x00015370       0x38 C:\Robot\Robotic-System.git\trunk\Workspaces\MultiWorkSpaces_2021\0_lpc_chip_175x_6x\Release\lib0_lpc_chip_175x_6x.a(uart_17xx_40xx.o)
                0x00015370                Chip_UART_Init
 .text.Chip_UART_TXEnable
                0x000153a8        0x6 C:\Robot\Robotic-System.git\trunk\Workspaces\MultiWorkSpaces_2021\0_lpc_chip_175x_6x\Release\lib0_lpc_chip_175x_6x.a(uart_17xx_40xx.o)
                0x000153a8                Chip_UART_TXEnable
 .text.Chip_UART_SetBaud
                0x000153ae       0x34 C:\Robot\Robotic-System.git\trunk\Workspaces\MultiWorkSpaces_2021\0_lpc_chip_175x_6x\Release\lib0_lpc_chip_175x_6x.a(uart_17xx_40xx.o)
                0x000153ae                Chip_UART_SetBaud
 .text.Chip_UART_RXIntHandlerRB
                0x000153e2       0x22 C:\Robot\Robotic-System.git\trunk\Workspaces\MultiWorkSpaces_2021\0_lpc_chip_175x_6x\Release\lib0_lpc_chip_175x_6x.a(uart_17xx_40xx.o)
                0x000153e2                Chip_UART_RXIntHandlerRB
 .text.Chip_UART_TXIntHandlerRB
                0x00015404       0x24 C:\Robot\Robotic-System.git\trunk\Workspaces\MultiWorkSpaces_2021\0_lpc_chip_175x_6x\Release\lib0_lpc_chip_175x_6x.a(uart_17xx_40xx.o)
                0x00015404                Chip_UART_TXIntHandlerRB
 .text.Chip_UART_IRQRBHandler
                0x00015428       0x68 C:\Robot\Robotic-System.git\trunk\Workspaces\MultiWorkSpaces_2021\0_lpc_chip_175x_6x\Release\lib0_lpc_chip_175x_6x.a(uart_17xx_40xx.o)
                0x00015428                Chip_UART_IRQRBHandler
 .text.Set_Clock_in
                0x00015490        0xc C:\Robot\Robotic-System.git\trunk\Workspaces\MultiWorkSpaces_2021\0_lpc_board_nxp_lpcxpresso_1769\Release\lib0_lpc_board_nxp_lpcxpresso_1769.a(board.o)
                0x00015490                Set_Clock_in
 .text.Board_Init
                0x0001549c       0x12 C:\Robot\Robotic-System.git\trunk\Workspaces\MultiWorkSpaces_2021\0_lpc_board_nxp_lpcxpresso_1769\Release\lib0_lpc_board_nxp_lpcxpresso_1769.a(board.o)
                0x0001549c                Board_Init
 .text.EPAdr    0x000154ae       0x10 C:\Robot\Robotic-System.git\trunk\Workspaces\MultiWorkSpaces_2021\0_lpc_chip_175x_6x\libs\libusbd_175x_6x_lib.a(hw_usbd_ip3503.o)
                0x000154ae                EPAdr
 .text.hwWrCmd  0x000154be       0x10 C:\Robot\Robotic-System.git\trunk\Workspaces\MultiWorkSpaces_2021\0_lpc_chip_175x_6x\libs\libusbd_175x_6x_lib.a(hw_usbd_ip3503.o)
                0x000154be                hwWrCmd
 .text.hwWrCmdDat
                0x000154ce       0x16 C:\Robot\Robotic-System.git\trunk\Workspaces\MultiWorkSpaces_2021\0_lpc_chip_175x_6x\libs\libusbd_175x_6x_lib.a(hw_usbd_ip3503.o)
                0x000154ce                hwWrCmdDat
 .text.hwWrCmdEP
                0x000154e4       0x24 C:\Robot\Robotic-System.git\trunk\Workspaces\MultiWorkSpaces_2021\0_lpc_chip_175x_6x\libs\libusbd_175x_6x_lib.a(hw_usbd_ip3503.o)
                0x000154e4                hwWrCmdEP
 .text.hwRdCmdDat
                0x00015508       0x12 C:\Robot\Robotic-System.git\trunk\Workspaces\MultiWorkSpaces_2021\0_lpc_chip_175x_6x\libs\libusbd_175x_6x_lib.a(hw_usbd_ip3503.o)
                0x00015508                hwRdCmdDat
 .text.hwUSB_GetMemSize
                0x0001551a        0x6 C:\Robot\Robotic-System.git\trunk\Workspaces\MultiWorkSpaces_2021\0_lpc_chip_175x_6x\libs\libusbd_175x_6x_lib.a(hw_usbd_ip3503.o)
                0x0001551a                hwUSB_GetMemSize
 .text.hwUSB_Connect
                0x00015520       0x1c C:\Robot\Robotic-System.git\trunk\Workspaces\MultiWorkSpaces_2021\0_lpc_chip_175x_6x\libs\libusbd_175x_6x_lib.a(hw_usbd_ip3503.o)
                0x00015520                hwUSB_Connect
 .text.hwUSB_Reset
                0x0001553c       0x30 C:\Robot\Robotic-System.git\trunk\Workspaces\MultiWorkSpaces_2021\0_lpc_chip_175x_6x\libs\libusbd_175x_6x_lib.a(hw_usbd_ip3503.o)
                0x0001553c                hwUSB_Reset
 .text.hwUSB_WakeUp
                0x0001556c       0x20 C:\Robot\Robotic-System.git\trunk\Workspaces\MultiWorkSpaces_2021\0_lpc_chip_175x_6x\libs\libusbd_175x_6x_lib.a(hw_usbd_ip3503.o)
                0x0001556c                hwUSB_WakeUp
 .text.hwUSB_WakeUpCfg
                0x0001558c        0x2 C:\Robot\Robotic-System.git\trunk\Workspaces\MultiWorkSpaces_2021\0_lpc_chip_175x_6x\libs\libusbd_175x_6x_lib.a(hw_usbd_ip3503.o)
                0x0001558c                hwUSB_WakeUpCfg
 *fill*         0x0001558e        0x2 ff
 .text.hwUSB_SetAddress
                0x00015590       0x30 C:\Robot\Robotic-System.git\trunk\Workspaces\MultiWorkSpaces_2021\0_lpc_chip_175x_6x\libs\libusbd_175x_6x_lib.a(hw_usbd_ip3503.o)
                0x00015590                hwUSB_SetAddress
 .text.hwUSB_Init
                0x000155c0       0x84 C:\Robot\Robotic-System.git\trunk\Workspaces\MultiWorkSpaces_2021\0_lpc_chip_175x_6x\libs\libusbd_175x_6x_lib.a(hw_usbd_ip3503.o)
                0x000155c0                hwUSB_Init
 .text.hwUSB_Configure
                0x00015644       0x34 C:\Robot\Robotic-System.git\trunk\Workspaces\MultiWorkSpaces_2021\0_lpc_chip_175x_6x\libs\libusbd_175x_6x_lib.a(hw_usbd_ip3503.o)
                0x00015644                hwUSB_Configure
 .text.hwUSB_ConfigEP
                0x00015678       0x32 C:\Robot\Robotic-System.git\trunk\Workspaces\MultiWorkSpaces_2021\0_lpc_chip_175x_6x\libs\libusbd_175x_6x_lib.a(hw_usbd_ip3503.o)
                0x00015678                hwUSB_ConfigEP
 .text.hwUSB_DirCtrlEP
                0x000156aa        0x2 C:\Robot\Robotic-System.git\trunk\Workspaces\MultiWorkSpaces_2021\0_lpc_chip_175x_6x\libs\libusbd_175x_6x_lib.a(hw_usbd_ip3503.o)
                0x000156aa                hwUSB_DirCtrlEP
 .text.hwUSB_EnableEP
                0x000156ac       0x24 C:\Robot\Robotic-System.git\trunk\Workspaces\MultiWorkSpaces_2021\0_lpc_chip_175x_6x\libs\libusbd_175x_6x_lib.a(hw_usbd_ip3503.o)
                0x000156ac                hwUSB_EnableEP
 .text.hwUSB_DisableEP
                0x000156d0       0x28 C:\Robot\Robotic-System.git\trunk\Workspaces\MultiWorkSpaces_2021\0_lpc_chip_175x_6x\libs\libusbd_175x_6x_lib.a(hw_usbd_ip3503.o)
                0x000156d0                hwUSB_DisableEP
 .text.hwUSB_ResetEP
                0x000156f8       0x24 C:\Robot\Robotic-System.git\trunk\Workspaces\MultiWorkSpaces_2021\0_lpc_chip_175x_6x\libs\libusbd_175x_6x_lib.a(hw_usbd_ip3503.o)
                0x000156f8                hwUSB_ResetEP
 .text.hwUSB_SetStallEP
                0x0001571c       0x28 C:\Robot\Robotic-System.git\trunk\Workspaces\MultiWorkSpaces_2021\0_lpc_chip_175x_6x\libs\libusbd_175x_6x_lib.a(hw_usbd_ip3503.o)
                0x0001571c                hwUSB_SetStallEP
 .text.hwUSB_ClrStallEP
                0x00015744       0x24 C:\Robot\Robotic-System.git\trunk\Workspaces\MultiWorkSpaces_2021\0_lpc_chip_175x_6x\libs\libusbd_175x_6x_lib.a(hw_usbd_ip3503.o)
                0x00015744                hwUSB_ClrStallEP
 .text.hwUSB_EnableEvent
                0x00015768       0xd8 C:\Robot\Robotic-System.git\trunk\Workspaces\MultiWorkSpaces_2021\0_lpc_chip_175x_6x\libs\libusbd_175x_6x_lib.a(hw_usbd_ip3503.o)
                0x00015768                hwUSB_EnableEvent
 .text.hwUSB_ReadEP
                0x00015840       0x80 C:\Robot\Robotic-System.git\trunk\Workspaces\MultiWorkSpaces_2021\0_lpc_chip_175x_6x\libs\libusbd_175x_6x_lib.a(hw_usbd_ip3503.o)
                0x00015840                hwUSB_ReadEP
 .text.hwUSB_ForceFullSpeed
                0x000158c0        0x2 C:\Robot\Robotic-System.git\trunk\Workspaces\MultiWorkSpaces_2021\0_lpc_chip_175x_6x\libs\libusbd_175x_6x_lib.a(hw_usbd_ip3503.o)
                0x000158c0                hwUSB_ForceFullSpeed
 .text.hwUSB_SetTestMode
                0x000158c2        0x4 C:\Robot\Robotic-System.git\trunk\Workspaces\MultiWorkSpaces_2021\0_lpc_chip_175x_6x\libs\libusbd_175x_6x_lib.a(hw_usbd_ip3503.o)
                0x000158c2                hwUSB_SetTestMode
 .text.hwUSB_ReadReqEP
                0x000158c6        0x4 C:\Robot\Robotic-System.git\trunk\Workspaces\MultiWorkSpaces_2021\0_lpc_chip_175x_6x\libs\libusbd_175x_6x_lib.a(hw_usbd_ip3503.o)
                0x000158c6                hwUSB_ReadReqEP
 .text.hwUSB_ReadSetupPkt
                0x000158ca        0x4 C:\Robot\Robotic-System.git\trunk\Workspaces\MultiWorkSpaces_2021\0_lpc_chip_175x_6x\libs\libusbd_175x_6x_lib.a(hw_usbd_ip3503.o)
                0x000158ca                hwUSB_ReadSetupPkt
 *fill*         0x000158ce        0x2 ff
 .text.hwUSB_WriteEP
                0x000158d0       0x44 C:\Robot\Robotic-System.git\trunk\Workspaces\MultiWorkSpaces_2021\0_lpc_chip_175x_6x\libs\libusbd_175x_6x_lib.a(hw_usbd_ip3503.o)
                0x000158d0                hwUSB_WriteEP
 .text.hwUSB_ISR
                0x00015914      0x1a0 C:\Robot\Robotic-System.git\trunk\Workspaces\MultiWorkSpaces_2021\0_lpc_chip_175x_6x\libs\libusbd_175x_6x_lib.a(hw_usbd_ip3503.o)
                0x00015914                hwUSB_ISR
 .text.mwCDC_SetRequest
                0x00015ab4       0x7c C:\Robot\Robotic-System.git\trunk\Workspaces\MultiWorkSpaces_2021\0_lpc_chip_175x_6x\libs\libusbd_175x_6x_lib.a(mw_usbd_cdcuser.o)
                0x00015ab4                mwCDC_SetRequest
 .text.mwCDC_ep0_hdlr
                0x00015b30       0xb0 C:\Robot\Robotic-System.git\trunk\Workspaces\MultiWorkSpaces_2021\0_lpc_chip_175x_6x\libs\libusbd_175x_6x_lib.a(mw_usbd_cdcuser.o)
                0x00015b30                mwCDC_ep0_hdlr
 .text.mwCDC_GetRequest
                0x00015be0       0x50 C:\Robot\Robotic-System.git\trunk\Workspaces\MultiWorkSpaces_2021\0_lpc_chip_175x_6x\libs\libusbd_175x_6x_lib.a(mw_usbd_cdcuser.o)
                0x00015be0                mwCDC_GetRequest
 .text.mwCDC_SendNotification
                0x00015c30       0x50 C:\Robot\Robotic-System.git\trunk\Workspaces\MultiWorkSpaces_2021\0_lpc_chip_175x_6x\libs\libusbd_175x_6x_lib.a(mw_usbd_cdcuser.o)
                0x00015c30                mwCDC_SendNotification
 .text.mwCDC_GetMemSize
                0x00015c80        0x4 C:\Robot\Robotic-System.git\trunk\Workspaces\MultiWorkSpaces_2021\0_lpc_chip_175x_6x\libs\libusbd_175x_6x_lib.a(mw_usbd_cdcuser.o)
                0x00015c80                mwCDC_GetMemSize
 .text.mwCDC_init
                0x00015c84      0x140 C:\Robot\Robotic-System.git\trunk\Workspaces\MultiWorkSpaces_2021\0_lpc_chip_175x_6x\libs\libusbd_175x_6x_lib.a(mw_usbd_cdcuser.o)
                0x00015c84                mwCDC_init
 .text.USB_ReqGetConfiguration
                0x00015dc4       0x20 C:\Robot\Robotic-System.git\trunk\Workspaces\MultiWorkSpaces_2021\0_lpc_chip_175x_6x\libs\libusbd_175x_6x_lib.a(mw_usbd_core.o)
                0x00015dc4                USB_ReqGetConfiguration
 .text.USBD_virt_to_phys
                0x00015de4        0x2 C:\Robot\Robotic-System.git\trunk\Workspaces\MultiWorkSpaces_2021\0_lpc_chip_175x_6x\libs\libusbd_175x_6x_lib.a(mw_usbd_core.o)
                0x00015de4                USBD_virt_to_phys
 .text.USBD_cache_flush
                0x00015de6        0x2 C:\Robot\Robotic-System.git\trunk\Workspaces\MultiWorkSpaces_2021\0_lpc_chip_175x_6x\libs\libusbd_175x_6x_lib.a(mw_usbd_core.o)
                0x00015de6                USBD_cache_flush
 .text.USB_ReqGetStatus
                0x00015de8       0x8c C:\Robot\Robotic-System.git\trunk\Workspaces\MultiWorkSpaces_2021\0_lpc_chip_175x_6x\libs\libusbd_175x_6x_lib.a(mw_usbd_core.o)
                0x00015de8                USB_ReqGetStatus
 .text.USB_ReqGetDescriptor
                0x00015e74       0x84 C:\Robot\Robotic-System.git\trunk\Workspaces\MultiWorkSpaces_2021\0_lpc_chip_175x_6x\libs\libusbd_175x_6x_lib.a(mw_usbd_core.o)
                0x00015e74                USB_ReqGetDescriptor
 .text.USB_ReqGetInterface
                0x00015ef8       0x34 C:\Robot\Robotic-System.git\trunk\Workspaces\MultiWorkSpaces_2021\0_lpc_chip_175x_6x\libs\libusbd_175x_6x_lib.a(mw_usbd_core.o)
                0x00015ef8                USB_ReqGetInterface
 .text.USB_ReqSetClrFeature
                0x00015f2c       0xb4 C:\Robot\Robotic-System.git\trunk\Workspaces\MultiWorkSpaces_2021\0_lpc_chip_175x_6x\libs\libusbd_175x_6x_lib.a(mw_usbd_core.o)
                0x00015f2c                USB_ReqSetClrFeature
 .text.USB_ReqSetConfiguration
                0x00015fe0      0x194 C:\Robot\Robotic-System.git\trunk\Workspaces\MultiWorkSpaces_2021\0_lpc_chip_175x_6x\libs\libusbd_175x_6x_lib.a(mw_usbd_core.o)
                0x00015fe0                USB_ReqSetConfiguration
 .text.USB_ReqSetInterface
                0x00016174      0x144 C:\Robot\Robotic-System.git\trunk\Workspaces\MultiWorkSpaces_2021\0_lpc_chip_175x_6x\libs\libusbd_175x_6x_lib.a(mw_usbd_core.o)
                0x00016174                USB_ReqSetInterface
 .text.mwUSB_SetupStage
                0x000162b8        0xa C:\Robot\Robotic-System.git\trunk\Workspaces\MultiWorkSpaces_2021\0_lpc_chip_175x_6x\libs\libusbd_175x_6x_lib.a(mw_usbd_core.o)
                0x000162b8                mwUSB_SetupStage
 .text.mwUSB_DataInStage
                0x000162c2       0x2e C:\Robot\Robotic-System.git\trunk\Workspaces\MultiWorkSpaces_2021\0_lpc_chip_175x_6x\libs\libusbd_175x_6x_lib.a(mw_usbd_core.o)
                0x000162c2                mwUSB_DataInStage
 .text.mwUSB_DataOutStage
                0x000162f0       0x24 C:\Robot\Robotic-System.git\trunk\Workspaces\MultiWorkSpaces_2021\0_lpc_chip_175x_6x\libs\libusbd_175x_6x_lib.a(mw_usbd_core.o)
                0x000162f0                mwUSB_DataOutStage
 .text.mwUSB_StatusInStage
                0x00016314        0xa C:\Robot\Robotic-System.git\trunk\Workspaces\MultiWorkSpaces_2021\0_lpc_chip_175x_6x\libs\libusbd_175x_6x_lib.a(mw_usbd_core.o)
                0x00016314                mwUSB_StatusInStage
 .text.mwUSB_StatusOutStage
                0x0001631e        0xa C:\Robot\Robotic-System.git\trunk\Workspaces\MultiWorkSpaces_2021\0_lpc_chip_175x_6x\libs\libusbd_175x_6x_lib.a(mw_usbd_core.o)
                0x0001631e                mwUSB_StatusOutStage
 .text.mwUSB_StallEp0
                0x00016328       0x12 C:\Robot\Robotic-System.git\trunk\Workspaces\MultiWorkSpaces_2021\0_lpc_chip_175x_6x\libs\libusbd_175x_6x_lib.a(mw_usbd_core.o)
                0x00016328                mwUSB_StallEp0
 *fill*         0x0001633a        0x2 ff
 .text.USB_ReqSetAddress
                0x0001633c       0x24 C:\Robot\Robotic-System.git\trunk\Workspaces\MultiWorkSpaces_2021\0_lpc_chip_175x_6x\libs\libusbd_175x_6x_lib.a(mw_usbd_core.o)
                0x0001633c                USB_ReqSetAddress
 .text.USB_InvokeEp0Hdlrs
                0x00016360       0x44 C:\Robot\Robotic-System.git\trunk\Workspaces\MultiWorkSpaces_2021\0_lpc_chip_175x_6x\libs\libusbd_175x_6x_lib.a(mw_usbd_core.o)
                0x00016360                USB_InvokeEp0Hdlrs
 .text.mwUSB_ResetCore
                0x000163a4       0x26 C:\Robot\Robotic-System.git\trunk\Workspaces\MultiWorkSpaces_2021\0_lpc_chip_175x_6x\libs\libusbd_175x_6x_lib.a(mw_usbd_core.o)
                0x000163a4                mwUSB_ResetCore
 *fill*         0x000163ca        0x2 ff
 .text.USB_EvtSetupHandler
                0x000163cc      0x108 C:\Robot\Robotic-System.git\trunk\Workspaces\MultiWorkSpaces_2021\0_lpc_chip_175x_6x\libs\libusbd_175x_6x_lib.a(mw_usbd_core.o)
                0x000163cc                USB_EvtSetupHandler
 .text.USB_EvtOutHandler
                0x000164d4       0x68 C:\Robot\Robotic-System.git\trunk\Workspaces\MultiWorkSpaces_2021\0_lpc_chip_175x_6x\libs\libusbd_175x_6x_lib.a(mw_usbd_core.o)
                0x000164d4                USB_EvtOutHandler
 .text.USB_EndPoint0
                0x0001653c       0x94 C:\Robot\Robotic-System.git\trunk\Workspaces\MultiWorkSpaces_2021\0_lpc_chip_175x_6x\libs\libusbd_175x_6x_lib.a(mw_usbd_core.o)
                0x0001653c                USB_EndPoint0
 .text.mwUSB_InitCore
                0x000165d0       0xdc C:\Robot\Robotic-System.git\trunk\Workspaces\MultiWorkSpaces_2021\0_lpc_chip_175x_6x\libs\libusbd_175x_6x_lib.a(mw_usbd_core.o)
                0x000165d0                mwUSB_InitCore
 .text.mwUSB_RegisterClassHandler
                0x000166ac       0x28 C:\Robot\Robotic-System.git\trunk\Workspaces\MultiWorkSpaces_2021\0_lpc_chip_175x_6x\libs\libusbd_175x_6x_lib.a(mw_usbd_core.o)
                0x000166ac                mwUSB_RegisterClassHandler
 .text.mwUSB_RegisterEpHandler
                0x000166d4       0x24 C:\Robot\Robotic-System.git\trunk\Workspaces\MultiWorkSpaces_2021\0_lpc_chip_175x_6x\libs\libusbd_175x_6x_lib.a(mw_usbd_core.o)
                0x000166d4                mwUSB_RegisterEpHandler
 .text          0x000166f8      0x2a0 c:/nxp/mcuxpressoide_11.2.1_4149/ide/plugins/com.nxp.mcuxpresso.tools.win32_11.2.0.202008311134/tools/bin/../lib/gcc/arm-none-eabi/9.2.1/thumb/v7-m/nofp\libgcc.a(_arm_muldivsf3.o)
                0x000166f8                __mulsf3
                0x000166f8                __aeabi_fmul
                0x00016860                __aeabi_fdiv
                0x00016860                __divsf3
 .text          0x00016998       0x40 c:/nxp/mcuxpressoide_11.2.1_4149/ide/plugins/com.nxp.mcuxpresso.tools.win32_11.2.0.202008311134/tools/bin/../lib/gcc/arm-none-eabi/9.2.1/thumb/v7-m/nofp\libgcc.a(_arm_fixunssfsi.o)
                0x00016998                __fixunssfsi
                0x00016998                __aeabi_f2uiz
 .text.memcpy   0x000169d8       0x1c c:/nxp/mcuxpressoide_11.2.1_4149/ide/plugins/com.nxp.mcuxpresso.tools.win32_11.2.0.202008311134/tools/bin/../lib/gcc/arm-none-eabi/9.2.1/../../../../arm-none-eabi/lib/thumb/v7-m/nofp\libc_nano.a(lib_a-memcpy-stub.o)
                0x000169d8                memcpy
 .text.memset   0x000169f4       0x10 c:/nxp/mcuxpressoide_11.2.1_4149/ide/plugins/com.nxp.mcuxpresso.tools.win32_11.2.0.202008311134/tools/bin/../lib/gcc/arm-none-eabi/9.2.1/../../../../arm-none-eabi/lib/thumb/v7-m/nofp\libc_nano.a(lib_a-memset.o)
                0x000169f4                memset
 .text.sprintf  0x00016a04       0x40 c:/nxp/mcuxpressoide_11.2.1_4149/ide/plugins/com.nxp.mcuxpresso.tools.win32_11.2.0.202008311134/tools/bin/../lib/gcc/arm-none-eabi/9.2.1/../../../../arm-none-eabi/lib/thumb/v7-m/nofp\libc_nano.a(lib_a-sprintf.o)
                0x00016a04                siprintf
                0x00016a04                sprintf
 .text          0x00016a44       0x10 c:/nxp/mcuxpressoide_11.2.1_4149/ide/plugins/com.nxp.mcuxpresso.tools.win32_11.2.0.202008311134/tools/bin/../lib/gcc/arm-none-eabi/9.2.1/../../../../arm-none-eabi/lib/thumb/v7-m/nofp\libc_nano.a(lib_a-strlen.o)
                0x00016a44                strlen
 .text.__ssputs_r
                0x00016a54       0xb6 c:/nxp/mcuxpressoide_11.2.1_4149/ide/plugins/com.nxp.mcuxpresso.tools.win32_11.2.0.202008311134/tools/bin/../lib/gcc/arm-none-eabi/9.2.1/../../../../arm-none-eabi/lib/thumb/v7-m/nofp\libc_nano.a(lib_a-nano-svfprintf.o)
                0x00016a54                __ssputs_r
 *fill*         0x00016b0a        0x2 ff
 .text._svfprintf_r
                0x00016b0c      0x200 c:/nxp/mcuxpressoide_11.2.1_4149/ide/plugins/com.nxp.mcuxpresso.tools.win32_11.2.0.202008311134/tools/bin/../lib/gcc/arm-none-eabi/9.2.1/../../../../arm-none-eabi/lib/thumb/v7-m/nofp\libc_nano.a(lib_a-nano-svfprintf.o)
                0x00016b0c                _svfiprintf_r
                0x00016b0c                _svfprintf_r
 .text._printf_common
                0x00016d0c       0xde c:/nxp/mcuxpressoide_11.2.1_4149/ide/plugins/com.nxp.mcuxpresso.tools.win32_11.2.0.202008311134/tools/bin/../lib/gcc/arm-none-eabi/9.2.1/../../../../arm-none-eabi/lib/thumb/v7-m/nofp\libc_nano.a(lib_a-nano-vfprintf_i.o)
                0x00016d0c                _printf_common
 *fill*         0x00016dea        0x2 ff
 .text._printf_i
                0x00016dec      0x24c c:/nxp/mcuxpressoide_11.2.1_4149/ide/plugins/com.nxp.mcuxpresso.tools.win32_11.2.0.202008311134/tools/bin/../lib/gcc/arm-none-eabi/9.2.1/../../../../arm-none-eabi/lib/thumb/v7-m/nofp\libc_nano.a(lib_a-nano-vfprintf_i.o)
                0x00016dec                _printf_i
 .text.memchr   0x00017038       0x1c c:/nxp/mcuxpressoide_11.2.1_4149/ide/plugins/com.nxp.mcuxpresso.tools.win32_11.2.0.202008311134/tools/bin/../lib/gcc/arm-none-eabi/9.2.1/../../../../arm-none-eabi/lib/thumb/v7-m/nofp\libc_nano.a(lib_a-memchr-stub.o)
                0x00017038                memchr
 .text.memmove  0x00017054       0x34 c:/nxp/mcuxpressoide_11.2.1_4149/ide/plugins/com.nxp.mcuxpresso.tools.win32_11.2.0.202008311134/tools/bin/../lib/gcc/arm-none-eabi/9.2.1/../../../../arm-none-eabi/lib/thumb/v7-m/nofp\libc_nano.a(lib_a-memmove.o)
                0x00017054                memmove
 .text._free_r  0x00017088       0x98 c:/nxp/mcuxpressoide_11.2.1_4149/ide/plugins/com.nxp.mcuxpresso.tools.win32_11.2.0.202008311134/tools/bin/../lib/gcc/arm-none-eabi/9.2.1/../../../../arm-none-eabi/lib/thumb/v7-m/nofp\libc_nano.a(lib_a-nano-freer.o)
                0x00017088                _free_r
 .text._malloc_r
                0x00017120       0xb4 c:/nxp/mcuxpressoide_11.2.1_4149/ide/plugins/com.nxp.mcuxpresso.tools.win32_11.2.0.202008311134/tools/bin/../lib/gcc/arm-none-eabi/9.2.1/../../../../arm-none-eabi/lib/thumb/v7-m/nofp\libc_nano.a(lib_a-nano-mallocr.o)
                0x00017120                _malloc_r
 .text._realloc_r
                0x000171d4       0x4c c:/nxp/mcuxpressoide_11.2.1_4149/ide/plugins/com.nxp.mcuxpresso.tools.win32_11.2.0.202008311134/tools/bin/../lib/gcc/arm-none-eabi/9.2.1/../../../../arm-none-eabi/lib/thumb/v7-m/nofp\libc_nano.a(lib_a-nano-reallocr.o)
                0x000171d4                _realloc_r
 .text._sbrk_r  0x00017220       0x20 c:/nxp/mcuxpressoide_11.2.1_4149/ide/plugins/com.nxp.mcuxpresso.tools.win32_11.2.0.202008311134/tools/bin/../lib/gcc/arm-none-eabi/9.2.1/../../../../arm-none-eabi/lib/thumb/v7-m/nofp\libc_nano.a(lib_a-sbrkr.o)
                0x00017220                _sbrk_r
 .text.__malloc_lock
                0x00017240        0xc c:/nxp/mcuxpressoide_11.2.1_4149/ide/plugins/com.nxp.mcuxpresso.tools.win32_11.2.0.202008311134/tools/bin/../lib/gcc/arm-none-eabi/9.2.1/../../../../arm-none-eabi/lib/thumb/v7-m/nofp\libc_nano.a(lib_a-mlock.o)
                0x00017240                __malloc_lock
 .text.__malloc_unlock
                0x0001724c        0xc c:/nxp/mcuxpressoide_11.2.1_4149/ide/plugins/com.nxp.mcuxpresso.tools.win32_11.2.0.202008311134/tools/bin/../lib/gcc/arm-none-eabi/9.2.1/../../../../arm-none-eabi/lib/thumb/v7-m/nofp\libc_nano.a(lib_a-mlock.o)
                0x0001724c                __malloc_unlock
 .text._malloc_usable_size_r
                0x00017258       0x10 c:/nxp/mcuxpressoide_11.2.1_4149/ide/plugins/com.nxp.mcuxpresso.tools.win32_11.2.0.202008311134/tools/bin/../lib/gcc/arm-none-eabi/9.2.1/../../../../arm-none-eabi/lib/thumb/v7-m/nofp\libc_nano.a(lib_a-nano-msizer.o)
                0x00017258                _malloc_usable_size_r
 .text.__retarget_lock_acquire_recursive
                0x00017268        0x2 c:/nxp/mcuxpressoide_11.2.1_4149/ide/plugins/com.nxp.mcuxpresso.tools.win32_11.2.0.202008311134/tools/bin/../lib/gcc/arm-none-eabi/9.2.1/../../../../arm-none-eabi/lib/thumb/v7-m/nofp\libc_nano.a(lib_a-lock.o)
                0x00017268                __retarget_lock_acquire_recursive
 .text.__retarget_lock_release_recursive
                0x0001726a        0x2 c:/nxp/mcuxpressoide_11.2.1_4149/ide/plugins/com.nxp.mcuxpresso.tools.win32_11.2.0.202008311134/tools/bin/../lib/gcc/arm-none-eabi/9.2.1/../../../../arm-none-eabi/lib/thumb/v7-m/nofp\libc_nano.a(lib_a-lock.o)
                0x0001726a                __retarget_lock_release_recursive
 .text._sbrk    0x0001726c       0x3c c:/nxp/mcuxpressoide_11.2.1_4149/ide/plugins/com.nxp.mcuxpresso.tools.win32_11.2.0.202008311134/tools/bin/../lib/gcc/arm-none-eabi/9.2.1/../../../../arm-none-eabi/lib/thumb/v7-m/nofp\libcr_newlib_none.a(_cr_sbrk.o)
                0x0001726c                _sbrk
 .text.__check_heap_overflow
                0x000172a8       0x14 c:/nxp/mcuxpressoide_11.2.1_4149/ide/plugins/com.nxp.mcuxpresso.tools.win32_11.2.0.202008311134/tools/bin/../lib/gcc/arm-none-eabi/9.2.1/../../../../arm-none-eabi/lib/thumb/v7-m/nofp\libcr_newlib_none.a(_cr_check_heap.o)
                0x000172a8                __check_heap_overflow
 .text.__errno  0x000172bc        0xc c:/nxp/mcuxpressoide_11.2.1_4149/ide/plugins/com.nxp.mcuxpresso.tools.win32_11.2.0.202008311134/tools/bin/../lib/gcc/arm-none-eabi/9.2.1/../../../../arm-none-eabi/lib/thumb/v7-m/nofp\libc_nano.a(lib_a-errno.o)
                0x000172bc                __errno
 *(.rodata .rodata.* .constdata .constdata.*)
 .rodata        0x000172c8        0xf ./src/IA_2021_V0.o
 *fill*         0x000172d7        0x1 ff
 .rodata        0x000172d8        0xf ./src/Init.o
 *fill*         0x000172e7        0x1 ff
 .rodata        0x000172e8       0x29 ./freertos/src/FreeRTOSCommonHooks.o
 *fill*         0x00017311        0x3 ff
 .rodata.vTaskStartScheduler.str1.4
                0x00017314        0x5 ./freertos/src/tasks.o
 *fill*         0x00017319        0x3 ff
 .rodata.xTimerCreateTimerTask.str1.4
                0x0001731c        0x8 ./freertos/src/timers.o
 .rodata.prvCheckForValidListAndQueue.str1.4
                0x00017324        0x5 ./freertos/src/timers.o
 *fill*         0x00017329        0x3 ff
 .rodata        0x0001732c       0x8b ./Strategie/Strategie.o
 *fill*         0x000173b7        0x1 ff
 .rodata.g_usbApi
                0x000173b8       0x20 ./Communication/USB/src/cdc_usb_main.o
 .rodata        0x000173d8       0x25 ./Communication/0_Communication.o
 *fill*         0x000173fd        0x3 ff
 .rodata        0x00017400       0x11 ./Communication/1_Trame_Communication.o
 *fill*         0x00017411        0x3 ff
 .rodata        0x00017414       0xbd ./Communication/2_Echange_Datas.o
 *fill*         0x000174d1        0x3 ff
 .rodata        0x000174d4       0x2b ./Communication/2_Echange_Datas_Reception.o
 *fill*         0x000174ff        0x1 ff
 .rodata.MainOscPLL0conf_12
                0x00017500       0xf0 C:\Robot\Robotic-System.git\trunk\Workspaces\MultiWorkSpaces_2021\0_lpc_chip_175x_6x\Release\lib0_lpc_chip_175x_6x.a(sysinit_17xx_40xx.o)
 .rodata.MainOscPLL0conf_16
                0x000175f0       0xb0 C:\Robot\Robotic-System.git\trunk\Workspaces\MultiWorkSpaces_2021\0_lpc_chip_175x_6x\Release\lib0_lpc_chip_175x_6x.a(sysinit_17xx_40xx.o)
 .rodata.RTCOscRateIn
                0x000176a0        0x4 C:\Robot\Robotic-System.git\trunk\Workspaces\MultiWorkSpaces_2021\0_lpc_board_nxp_lpcxpresso_1769\Release\lib0_lpc_board_nxp_lpcxpresso_1769.a(board.o)
                0x000176a0                RTCOscRateIn
 .rodata.hw_api
                0x000176a4       0x5c C:\Robot\Robotic-System.git\trunk\Workspaces\MultiWorkSpaces_2021\0_lpc_chip_175x_6x\libs\libusbd_175x_6x_lib.a(mw_usbd_rom_api.o)
                0x000176a4                hw_api
 .rodata.core_api
                0x00017700       0x20 C:\Robot\Robotic-System.git\trunk\Workspaces\MultiWorkSpaces_2021\0_lpc_chip_175x_6x\libs\libusbd_175x_6x_lib.a(mw_usbd_rom_api.o)
                0x00017700                core_api
 .rodata.cdc_api
                0x00017720        0xc C:\Robot\Robotic-System.git\trunk\Workspaces\MultiWorkSpaces_2021\0_lpc_chip_175x_6x\libs\libusbd_175x_6x_lib.a(mw_usbd_rom_api.o)
                0x00017720                cdc_api
 .rodata._svfprintf_r.str1.1
                0x0001772c       0x11 c:/nxp/mcuxpressoide_11.2.1_4149/ide/plugins/com.nxp.mcuxpresso.tools.win32_11.2.0.202008311134/tools/bin/../lib/gcc/arm-none-eabi/9.2.1/../../../../arm-none-eabi/lib/thumb/v7-m/nofp\libc_nano.a(lib_a-nano-svfprintf.o)
 .rodata._printf_i.str1.1
                0x0001773d       0x22 c:/nxp/mcuxpressoide_11.2.1_4149/ide/plugins/com.nxp.mcuxpresso.tools.win32_11.2.0.202008311134/tools/bin/../lib/gcc/arm-none-eabi/9.2.1/../../../../arm-none-eabi/lib/thumb/v7-m/nofp\libc_nano.a(lib_a-nano-vfprintf_i.o)
                0x00017760                . = ALIGN (0x4)
 *fill*         0x0001775f        0x1 ff

.glue_7         0x00017760        0x0
 .glue_7        0x00017760        0x0 linker stubs

.glue_7t        0x00017760        0x0
 .glue_7t       0x00017760        0x0 linker stubs

.vfp11_veneer   0x00017760        0x0
 .vfp11_veneer  0x00017760        0x0 linker stubs

.v4_bx          0x00017760        0x0
 .v4_bx         0x00017760        0x0 linker stubs

.iplt           0x00017760        0x0
 .iplt          0x00017760        0x0 ./src/IA_2021_V0.o

.rel.dyn        0x00017760        0x0
 .rel.iplt      0x00017760        0x0 ./src/IA_2021_V0.o

.ARM.extab
 *(.ARM.extab* .gnu.linkonce.armextab.*)

.ARM.exidx      0x00017760        0x0
                0x00017760                __exidx_start = .
 *(.ARM.exidx* .gnu.linkonce.armexidx.*)
                0x00017760                __exidx_end = .
                0x00017760                _etext = .

.data_RAM2      0x2007c000        0x0 load address 0x00017760
 FILL mask 0xff
                [!provide]                PROVIDE (__start_data_RAM2 = .)
                [!provide]                PROVIDE (__start_data_Ram_USB = .)
 *(.ramfunc.$RAM2)
 *(.ramfunc.$Ram_USB)
 *(.data.$RAM2)
 *(.data.$Ram_USB)
 *(.data.$RAM2.*)
 *(.data.$Ram_USB.*)
                0x2007c000                . = ALIGN (0x4)
                [!provide]                PROVIDE (__end_data_RAM2 = .)
                [!provide]                PROVIDE (__end_data_Ram_USB = .)

.data_RAM3      0x2007c800        0x0 load address 0x00017760
 FILL mask 0xff
                [!provide]                PROVIDE (__start_data_RAM3 = .)
                [!provide]                PROVIDE (__start_data_RAM3 = .)
 *(.ramfunc.$RAM3)
 *(.ramfunc.$RAM3)
 *(.data.$RAM3)
 *(.data.$RAM3)
 *(.data.$RAM3.*)
 *(.data.$RAM3.*)
                0x2007c800                . = ALIGN (0x4)
                [!provide]                PROVIDE (__end_data_RAM3 = .)
                [!provide]                PROVIDE (__end_data_RAM3 = .)

.uninit_RESERVED
                0x10000000        0x0
                0x10000000                _start_uninit_RESERVED = .
 *(.bss.$RESERVED*)
                0x10000000                . = ALIGN (0x4)
                0x10000000                _end_uninit_RESERVED = .

.data           0x10000000       0x80 load address 0x00017760
 FILL mask 0xff
                0x10000000                _data = .
                [!provide]                PROVIDE (__start_data_RAM = .)
                [!provide]                PROVIDE (__start_data_RamLoc32 = .)
 *(vtable)
 *(.ramfunc*)
 *(CodeQuickAccess)
 *(DataQuickAccess)
 *(RamFunction)
 *(.data*)
 .data.xHeapRegions
                0x10000000       0x10 ./src/IA_2021_V0.o
 .data.uxCriticalNesting
                0x10000010        0x4 ./freertos/src/port.o
 .data.g_pUsbApi
                0x10000014        0x4 ./Communication/USB/src/cdc_usb_main.o
                0x10000014                g_pUsbApi
 .data.OscRateIn
                0x10000018        0x4 C:\Robot\Robotic-System.git\trunk\Workspaces\MultiWorkSpaces_2021\0_lpc_board_nxp_lpcxpresso_1769\Release\lib0_lpc_board_nxp_lpcxpresso_1769.a(board.o)
                0x10000018                OscRateIn
 .data._impure_ptr
                0x1000001c        0x4 c:/nxp/mcuxpressoide_11.2.1_4149/ide/plugins/com.nxp.mcuxpresso.tools.win32_11.2.0.202008311134/tools/bin/../lib/gcc/arm-none-eabi/9.2.1/../../../../arm-none-eabi/lib/thumb/v7-m/nofp\libc_nano.a(lib_a-impure.o)
                0x1000001c                _impure_ptr
 .data.impure_data
                0x10000020       0x60 c:/nxp/mcuxpressoide_11.2.1_4149/ide/plugins/com.nxp.mcuxpresso.tools.win32_11.2.0.202008311134/tools/bin/../lib/gcc/arm-none-eabi/9.2.1/../../../../arm-none-eabi/lib/thumb/v7-m/nofp\libc_nano.a(lib_a-impure.o)
                0x10000080                . = ALIGN (0x4)
                0x10000080                _edata = .
                [!provide]                PROVIDE (__end_data_RAM = .)
                [!provide]                PROVIDE (__end_data_RamLoc32 = .)

.igot.plt       0x10000080        0x0 load address 0x000177e0
 .igot.plt      0x10000080        0x0 ./src/IA_2021_V0.o

.bss_RAM2       0x2007c000        0x0
                [!provide]                PROVIDE (__start_bss_RAM2 = .)
                [!provide]                PROVIDE (__start_bss_Ram_USB = .)
 *(.bss.$RAM2)
 *(.bss.$Ram_USB)
 *(.bss.$RAM2.*)
 *(.bss.$Ram_USB.*)
                0x2007c000                . = ALIGN ((. != 0x0)?0x4:0x1)
                [!provide]                PROVIDE (__end_bss_RAM2 = .)
                [!provide]                PROVIDE (__end_bss_Ram_USB = .)

.bss_RAM3       0x2007c800     0x385c
                [!provide]                PROVIDE (__start_bss_RAM3 = .)
                [!provide]                PROVIDE (__start_bss_RAM3 = .)
 *(.bss.$RAM3)
 .bss.$RAM3     0x2007c800      0x19e ./freertos/src/FreeRTOSCommonHooks.o
 *fill*         0x2007c99e        0x2 
 .bss.$RAM3     0x2007c9a0       0xc8 ./Strategie/Strategie_Level0/0_Infos.o
 .bss.$RAM3     0x2007ca68      0x480 ./Communication/0_Communication.o
 .bss.$RAM3     0x2007cee8       0xe3 ./Communication/1_Trame_Communication.o
 *fill*         0x2007cfcb        0x1 
 .bss.$RAM3     0x2007cfcc       0x46 ./Communication/2_Echange_Data_Strategie.o
 *fill*         0x2007d012        0x2 
 .bss.$RAM3     0x2007d014       0x46 ./Communication/2_Echange_Datas.o
 *(.bss.$RAM3)
 *(.bss.$RAM3.*)
 *fill*         0x2007d05a        0x2 
 .bss.$RAM3.    0x2007d05c     0x3000 ./src/IA_2021_V0.o
 *(.bss.$RAM3.*)
                0x2008005c                . = ALIGN ((. != 0x0)?0x4:0x1)
                [!provide]                PROVIDE (__end_bss_RAM3 = .)
                [!provide]                PROVIDE (__end_bss_RAM3 = .)

.bss            0x10000080      0x5ec
                0x10000080                _bss = .
                [!provide]                PROVIDE (__start_bss_RAM = .)
                [!provide]                PROVIDE (__start_bss_RamLoc32 = .)
 *(.bss*)
 .bss.MyChannel_Debug_pins
                0x10000080        0x2 ./src/Init.o
                0x10000080                MyChannel_Debug_pins
 .bss.MyChannel_Debug_texte
                0x10000082        0x2 ./src/Init.o
                0x10000082                MyChannel_Debug_texte
 .bss.xStart    0x10000084        0x8 ./freertos/src/heap_5.o
 .bss.pxEnd     0x1000008c        0x4 ./freertos/src/heap_5.o
 .bss.xFreeBytesRemaining
                0x10000090        0x4 ./freertos/src/heap_5.o
 .bss.xMinimumEverFreeBytesRemaining
                0x10000094        0x4 ./freertos/src/heap_5.o
 .bss.xNumberOfSuccessfulAllocations
                0x10000098        0x4 ./freertos/src/heap_5.o
 .bss.xNumberOfSuccessfulFrees
                0x1000009c        0x4 ./freertos/src/heap_5.o
 .bss.xBlockAllocatedBit
                0x100000a0        0x4 ./freertos/src/heap_5.o
 .bss.xQueueRegistry
                0x100000a4       0x50 ./freertos/src/queue.o
                0x100000a4                xQueueRegistry
 .bss.pxCurrentTCB
                0x100000f4        0x4 ./freertos/src/tasks.o
                0x100000f4                pxCurrentTCB
 .bss.pxReadyTasksLists
                0x100000f8       0x64 ./freertos/src/tasks.o
 .bss.xDelayedTaskList1
                0x1000015c       0x14 ./freertos/src/tasks.o
 .bss.xDelayedTaskList2
                0x10000170       0x14 ./freertos/src/tasks.o
 .bss.pxDelayedTaskList
                0x10000184        0x4 ./freertos/src/tasks.o
 .bss.pxOverflowDelayedTaskList
                0x10000188        0x4 ./freertos/src/tasks.o
 .bss.xPendingReadyList
                0x1000018c       0x14 ./freertos/src/tasks.o
 .bss.xTasksWaitingTermination
                0x100001a0       0x14 ./freertos/src/tasks.o
 .bss.uxDeletedTasksWaitingCleanUp
                0x100001b4        0x4 ./freertos/src/tasks.o
 .bss.xSuspendedTaskList
                0x100001b8       0x14 ./freertos/src/tasks.o
 .bss.uxCurrentNumberOfTasks
                0x100001cc        0x4 ./freertos/src/tasks.o
 .bss.xTickCount
                0x100001d0        0x4 ./freertos/src/tasks.o
 .bss.uxTopReadyPriority
                0x100001d4        0x4 ./freertos/src/tasks.o
 .bss.xSchedulerRunning
                0x100001d8        0x4 ./freertos/src/tasks.o
 .bss.xPendedTicks
                0x100001dc        0x4 ./freertos/src/tasks.o
 .bss.xYieldPending
                0x100001e0        0x4 ./freertos/src/tasks.o
 .bss.xNumOfOverflows
                0x100001e4        0x4 ./freertos/src/tasks.o
 .bss.uxTaskNumber
                0x100001e8        0x4 ./freertos/src/tasks.o
 .bss.xNextTaskUnblockTime
                0x100001ec        0x4 ./freertos/src/tasks.o
 .bss.xIdleTaskHandle
                0x100001f0        0x4 ./freertos/src/tasks.o
 .bss.uxSchedulerSuspended
                0x100001f4        0x4 ./freertos/src/tasks.o
 .bss.xActiveTimerList1
                0x100001f8       0x14 ./freertos/src/timers.o
 .bss.xActiveTimerList2
                0x1000020c       0x14 ./freertos/src/timers.o
 .bss.pxCurrentTimerList
                0x10000220        0x4 ./freertos/src/timers.o
 .bss.pxOverflowTimerList
                0x10000224        0x4 ./freertos/src/timers.o
 .bss.xTimerQueue
                0x10000228        0x4 ./freertos/src/timers.o
 .bss.xTimerTaskHandle
                0x1000022c        0x4 ./freertos/src/timers.o
 .bss.xLastTime.9167
                0x10000230        0x4 ./freertos/src/timers.o
 .bss._0_Deplacement_EventGroup
                0x10000234        0x4 ./Strategie/Strategie_Level0/Deplacement/0_Deplacements.o
                0x10000234                _0_Deplacement_EventGroup
 .bss.Actions_2021
                0x10000238      0x244 ./Strategie/Strategie.o
                0x10000238                Actions_2021
 .bss.Strategie_Choisie
                0x1000047c        0x1 ./Strategie/Strategie.o
                0x1000047c                Strategie_Choisie
 *fill*         0x1000047d        0x3 
 .bss.Temps_Match
                0x10000480        0x4 ./Strategie/Strategie.o
                0x10000480                Temps_Match
 .bss.ADCSetup  0x10000484        0x8 ./Level_0/Drivers/0_ADC/0_ADC.o
 .bss.g_hUsb    0x1000048c        0x4 ./Communication/USB/src/cdc_usb_main.o
                0x1000048c                g_hUsb
 .bss.Trace_Timer_RS485_Handle
                0x10000490        0x1 ./Communication/0_Communication.o
                0x10000490                Trace_Timer_RS485_Handle
 *fill*         0x10000491        0x3 
 .bss.rxring_RS485
                0x10000494       0x14 ./Communication/0_Communication.o
                0x10000494                rxring_RS485
 .bss.rxring_XBEE
                0x100004a8       0x14 ./Communication/0_Communication.o
                0x100004a8                rxring_XBEE
 .bss.txring    0x100004bc       0x14 ./Communication/0_Communication.o
                0x100004bc                txring
 .bss._1_xQueue_Message_TO_Send
                0x100004d0        0x4 ./Communication/0_Communication.o
                0x100004d0                _1_xQueue_Message_TO_Send
 .bss.MyChannel_RX_RS485
                0x100004d4        0x2 ./Communication/0_Communication.o
                0x100004d4                MyChannel_RX_RS485
 .bss.already_flaged.11297
                0x100004d6        0x1 ./Communication/0_Communication.o
 .bss.already_flaged.11302
                0x100004d7        0x1 ./Communication/0_Communication.o
 .bss.Message.11372
                0x100004d8       0x4d ./Communication/0_Communication.o
 *fill*         0x10000525        0x3 
 .bss.g_txBuff.11373
                0x10000528       0x80 ./Communication/0_Communication.o
 .bss._0_Comm_EventGroup
                0x100005a8        0x4 ./Communication/0_Event_Group.o
                0x100005a8                _0_Comm_EventGroup
 .bss.Nb_Messages_recus
                0x100005ac        0x4 ./Communication/1_Trame_Communication.o
                0x100005ac                Nb_Messages_recus
 .bss.Nb_Erreurs_com
                0x100005b0        0x4 ./Communication/1_Trame_Communication.o
                0x100005b0                Nb_Erreurs_com
 .bss.MyChannel_Recompo
                0x100005b4        0x2 ./Communication/1_Trame_Communication.o
                0x100005b4                MyChannel_Recompo
 .bss.relese_sent
                0x100005b6        0x1 ./Communication/2_Echange_Datas.o
                0x100005b6                relese_sent
 *fill*         0x100005b7        0x1 
 .bss.str       0x100005b8       0x46 ./Communication/2_Echange_Datas.o
 *fill*         0x100005fe        0x2 
 .bss.log_message
                0x10000600       0x3e ./Communication/2_Echange_Datas.o
 *fill*         0x1000063e        0x2 
 .bss.Nb_Messages_Interpretes
                0x10000640        0x4 ./Communication/2_Echange_Datas_Reception.o
 .bss.Nb_PONG_recus
                0x10000644        0x4 ./Communication/2_Echange_Datas_Reception.o
                0x10000644                Nb_PONG_recus
 .bss.ABsyncSts
                0x10000648        0x1 C:\Robot\Robotic-System.git\trunk\Workspaces\MultiWorkSpaces_2021\0_lpc_chip_175x_6x\Release\lib0_lpc_chip_175x_6x.a(uart_17xx_40xx.o)
 *fill*         0x10000649        0x3 
 .bss.__malloc_free_list
                0x1000064c        0x4 c:/nxp/mcuxpressoide_11.2.1_4149/ide/plugins/com.nxp.mcuxpresso.tools.win32_11.2.0.202008311134/tools/bin/../lib/gcc/arm-none-eabi/9.2.1/../../../../arm-none-eabi/lib/thumb/v7-m/nofp\libc_nano.a(lib_a-nano-mallocr.o)
                0x1000064c                __malloc_free_list
 .bss.__malloc_sbrk_start
                0x10000650        0x4 c:/nxp/mcuxpressoide_11.2.1_4149/ide/plugins/com.nxp.mcuxpresso.tools.win32_11.2.0.202008311134/tools/bin/../lib/gcc/arm-none-eabi/9.2.1/../../../../arm-none-eabi/lib/thumb/v7-m/nofp\libc_nano.a(lib_a-nano-mallocr.o)
                0x10000650                __malloc_sbrk_start
 .bss.__end_of_heap
                0x10000654        0x4 c:/nxp/mcuxpressoide_11.2.1_4149/ide/plugins/com.nxp.mcuxpresso.tools.win32_11.2.0.202008311134/tools/bin/../lib/gcc/arm-none-eabi/9.2.1/../../../../arm-none-eabi/lib/thumb/v7-m/nofp\libcr_newlib_none.a(_cr_sbrk.o)
                0x10000654                __end_of_heap
 *(COMMON)
 COMMON         0x10000658        0x4 C:\Robot\Robotic-System.git\trunk\Workspaces\MultiWorkSpaces_2021\0_lpc_chip_175x_6x\Release\lib0_lpc_chip_175x_6x.a(chip_17xx_40xx.o)
                0x10000658                SystemCoreClock
 COMMON         0x1000065c        0x4 c:/nxp/mcuxpressoide_11.2.1_4149/ide/plugins/com.nxp.mcuxpresso.tools.win32_11.2.0.202008311134/tools/bin/../lib/gcc/arm-none-eabi/9.2.1/../../../../arm-none-eabi/lib/thumb/v7-m/nofp\libc_nano.a(lib_a-reent.o)
                0x1000065c                errno
 COMMON         0x10000660        0x9 c:/nxp/mcuxpressoide_11.2.1_4149/ide/plugins/com.nxp.mcuxpresso.tools.win32_11.2.0.202008311134/tools/bin/../lib/gcc/arm-none-eabi/9.2.1/../../../../arm-none-eabi/lib/thumb/v7-m/nofp\libc_nano.a(lib_a-lock.o)
                0x10000660                __lock___atexit_recursive_mutex
                0x10000661                __lock___arc4random_mutex
                0x10000662                __lock___env_recursive_mutex
                0x10000663                __lock___sinit_recursive_mutex
                0x10000664                __lock___malloc_recursive_mutex
                0x10000665                __lock___at_quick_exit_mutex
                0x10000666                __lock___dd_hash_mutex
                0x10000667                __lock___tz_mutex
                0x10000668                __lock___sfp_recursive_mutex
                0x1000066c                . = ALIGN (0x4)
 *fill*         0x10000669        0x3 
                0x1000066c                _ebss = .
                [!provide]                PROVIDE (__end_bss_RAM = .)
                [!provide]                PROVIDE (__end_bss_RamLoc32 = .)
                [!provide]                PROVIDE (end = .)

.noinit_RAM2    0x2007c000        0x0
                [!provide]                PROVIDE (__start_noinit_RAM2 = .)
                [!provide]                PROVIDE (__start_noinit_Ram_USB = .)
 *(.noinit.$RAM2)
 *(.noinit.$Ram_USB)
 *(.noinit.$RAM2.*)
 *(.noinit.$Ram_USB.*)
                0x2007c000                . = ALIGN (0x4)
                [!provide]                PROVIDE (__end_noinit_RAM2 = .)
                [!provide]                PROVIDE (__end_noinit_Ram_USB = .)

.noinit_RAM3    0x2008005c        0x0
                [!provide]                PROVIDE (__start_noinit_RAM3 = .)
                [!provide]                PROVIDE (__start_noinit_RAM3 = .)
 *(.noinit.$RAM3)
 *(.noinit.$RAM3)
 *(.noinit.$RAM3.*)
 *(.noinit.$RAM3.*)
                0x2008005c                . = ALIGN (0x4)
                [!provide]                PROVIDE (__end_noinit_RAM3 = .)
                [!provide]                PROVIDE (__end_noinit_RAM3 = .)

.noinit         0x1000066c        0x0
                0x1000066c                _noinit = .
                [!provide]                PROVIDE (__start_noinit_RAM = .)
                [!provide]                PROVIDE (__start_noinit_RamLoc32 = .)
 *(.noinit*)
                0x1000066c                . = ALIGN (0x4)
                0x1000066c                _end_noinit = .
                [!provide]                PROVIDE (__end_noinit_RAM = .)
                [!provide]                PROVIDE (__end_noinit_RamLoc32 = .)
                0x1000066c                PROVIDE (_pvHeapStart = DEFINED (__user_heap_base)?__user_heap_base:.)
                0x10008000                PROVIDE (_vStackTop = DEFINED (__user_stack_top)?__user_stack_top:(__top_RamLoc32 - 0x0))
                [!provide]                PROVIDE (__valid_user_code_checksum = (0x0 - ((((((_vStackTop + (ResetISR + 0x1)) + (NMI_Handler + 0x1)) + (HardFault_Handler + 0x1)) + (DEFINED (MemManage_Handler)?MemManage_Handler:0x0 + 0x1)) + (DEFINED (BusFault_Handler)?BusFault_Handler:0x0 + 0x1)) + (DEFINED (UsageFault_Handler)?UsageFault_Handler:0x0 + 0x1))))
                0x00010000                _image_start = LOADADDR (.text)
                0x000177e0                _image_end = (LOADADDR (.data) + SIZEOF (.data))
                0x000077e0                _image_size = (_image_end - _image_start)
OUTPUT(IA_2021_V0.axf elf32-littlearm)

.debug_info     0x00000000    0x2c9af
 .debug_info    0x00000000     0x2352 ./src/IA_2021_V0.o
 .debug_info    0x00002352      0xecb ./src/Init.o
 .debug_info    0x0000321d      0x273 ./src/cr_startup_lpc175x_6x.o
 .debug_info    0x00003490       0x40 ./src/crp.o
 .debug_info    0x000034d0      0x9bf ./src/sysinit.o
 .debug_info    0x00003e8f      0xd95 ./src/test.o
 .debug_info    0x00004c24     0x12a4 ./freertos/src/FreeRTOSCommonHooks.o
 .debug_info    0x00005ec8     0x100d ./freertos/src/event_groups.o
 .debug_info    0x00006ed5      0xe5c ./freertos/src/heap_5.o
 .debug_info    0x00007d31      0xbdc ./freertos/src/list.o
 .debug_info    0x0000890d      0xc94 ./freertos/src/port.o
 .debug_info    0x000095a1     0x1a83 ./freertos/src/queue.o
 .debug_info    0x0000b024     0x21bd ./freertos/src/tasks.o
 .debug_info    0x0000d1e1     0x15d2 ./freertos/src/timers.o
 .debug_info    0x0000e7b3     0x113f ./Strategie/Strategie_Level0/Deplacement/0_Deplacements.o
 .debug_info    0x0000f8f2      0xdb0 ./Strategie/Strategie_Level0/0_Infos.o
 .debug_info    0x000106a2      0xd1d ./Strategie/Strategie_Level0/Strategie_Actions.o
 .debug_info    0x000113bf      0xfb3 ./Strategie/Strategie.o
 .debug_info    0x00012372      0xe6e ./Level_0/Drivers/0_ADC/0_ADC.o
 .debug_info    0x000131e0     0x2502 ./Communication/USB/src/cdc_usb_main.o
 .debug_info    0x000156e2      0xe2f ./Communication/RS485/0_RS485.o
 .debug_info    0x00016511     0x2f5d ./Communication/0_Communication.o
 .debug_info    0x0001946e      0xa8e ./Communication/0_Event_Group.o
 .debug_info    0x00019efc     0x1489 ./Communication/1_Trame_Communication.o
 .debug_info    0x0001b385     0x1001 ./Communication/2_Echange_Data_Strategie.o
 .debug_info    0x0001c386     0x1b45 ./Communication/2_Echange_Datas.o
 .debug_info    0x0001decb      0xf98 ./Communication/2_Echange_Datas_Reception.o
 .debug_info    0x0001ee63      0xb52 C:\Robot\Robotic-System.git\trunk\Workspaces\MultiWorkSpaces_2021\0_lpc_chip_175x_6x\Release\lib0_lpc_chip_175x_6x.a(adc_17xx_40xx.o)
 .debug_info    0x0001f9b5      0x642 C:\Robot\Robotic-System.git\trunk\Workspaces\MultiWorkSpaces_2021\0_lpc_chip_175x_6x\Release\lib0_lpc_chip_175x_6x.a(chip_17xx_40xx.o)
 .debug_info    0x0001fff7      0xe8f C:\Robot\Robotic-System.git\trunk\Workspaces\MultiWorkSpaces_2021\0_lpc_chip_175x_6x\Release\lib0_lpc_chip_175x_6x.a(clock_17xx_40xx.o)
 .debug_info    0x00020e86      0x63f C:\Robot\Robotic-System.git\trunk\Workspaces\MultiWorkSpaces_2021\0_lpc_chip_175x_6x\Release\lib0_lpc_chip_175x_6x.a(ring_buffer.o)
 .debug_info    0x000214c5      0x89e C:\Robot\Robotic-System.git\trunk\Workspaces\MultiWorkSpaces_2021\0_lpc_chip_175x_6x\Release\lib0_lpc_chip_175x_6x.a(sysinit_17xx_40xx.o)
 .debug_info    0x00021d63      0x501 C:\Robot\Robotic-System.git\trunk\Workspaces\MultiWorkSpaces_2021\0_lpc_chip_175x_6x\Release\lib0_lpc_chip_175x_6x.a(timer_17xx_40xx.o)
 .debug_info    0x00022264     0x170f C:\Robot\Robotic-System.git\trunk\Workspaces\MultiWorkSpaces_2021\0_lpc_chip_175x_6x\Release\lib0_lpc_chip_175x_6x.a(uart_17xx_40xx.o)
 .debug_info    0x00023973     0x2769 C:\Robot\Robotic-System.git\trunk\Workspaces\MultiWorkSpaces_2021\0_lpc_board_nxp_lpcxpresso_1769\Release\lib0_lpc_board_nxp_lpcxpresso_1769.a(board.o)
 .debug_info    0x000260dc     0x14f8 C:\Robot\Robotic-System.git\trunk\Workspaces\MultiWorkSpaces_2021\0_lpc_chip_175x_6x\libs\libusbd_175x_6x_lib.a(mw_usbd_rom_api.o)
 .debug_info    0x000275d4     0x1f77 C:\Robot\Robotic-System.git\trunk\Workspaces\MultiWorkSpaces_2021\0_lpc_chip_175x_6x\libs\libusbd_175x_6x_lib.a(hw_usbd_ip3503.o)
 .debug_info    0x0002954b     0x14e4 C:\Robot\Robotic-System.git\trunk\Workspaces\MultiWorkSpaces_2021\0_lpc_chip_175x_6x\libs\libusbd_175x_6x_lib.a(mw_usbd_cdcuser.o)
 .debug_info    0x0002aa2f     0x1f80 C:\Robot\Robotic-System.git\trunk\Workspaces\MultiWorkSpaces_2021\0_lpc_chip_175x_6x\libs\libusbd_175x_6x_lib.a(mw_usbd_core.o)

.debug_abbrev   0x00000000     0x6c1e
 .debug_abbrev  0x00000000      0x2ef ./src/IA_2021_V0.o
 .debug_abbrev  0x000002ef      0x29f ./src/Init.o
 .debug_abbrev  0x0000058e      0x12a ./src/cr_startup_lpc175x_6x.o
 .debug_abbrev  0x000006b8       0x38 ./src/crp.o
 .debug_abbrev  0x000006f0      0x1ac ./src/sysinit.o
 .debug_abbrev  0x0000089c      0x2a1 ./src/test.o
 .debug_abbrev  0x00000b3d      0x352 ./freertos/src/FreeRTOSCommonHooks.o
 .debug_abbrev  0x00000e8f      0x2da ./freertos/src/event_groups.o
 .debug_abbrev  0x00001169      0x28d ./freertos/src/heap_5.o
 .debug_abbrev  0x000013f6      0x1f7 ./freertos/src/list.o
 .debug_abbrev  0x000015ed      0x320 ./freertos/src/port.o
 .debug_abbrev  0x0000190d      0x36b ./freertos/src/queue.o
 .debug_abbrev  0x00001c78      0x380 ./freertos/src/tasks.o
 .debug_abbrev  0x00001ff8      0x2d3 ./freertos/src/timers.o
 .debug_abbrev  0x000022cb      0x2ba ./Strategie/Strategie_Level0/Deplacement/0_Deplacements.o
 .debug_abbrev  0x00002585      0x25e ./Strategie/Strategie_Level0/0_Infos.o
 .debug_abbrev  0x000027e3      0x22c ./Strategie/Strategie_Level0/Strategie_Actions.o