Archive member included to satisfy reference by file (symbol)

C:\Robot\trunk\Workspaces\MultiWorkSpaces_2021\0_lpc_chip_175x_6x\Release\lib0_lpc_chip_175x_6x.a(chip_17xx_40xx.o)
                              ./src/IA_2021_V0.o (SystemCoreClockUpdate)
C:\Robot\trunk\Workspaces\MultiWorkSpaces_2021\0_lpc_chip_175x_6x\Release\lib0_lpc_chip_175x_6x.a(clock_17xx_40xx.o)
                              C:\Robot\trunk\Workspaces\MultiWorkSpaces_2021\0_lpc_chip_175x_6x\Release\lib0_lpc_chip_175x_6x.a(chip_17xx_40xx.o) (Chip_Clock_EnablePLL)
C:\Robot\trunk\Workspaces\MultiWorkSpaces_2021\0_lpc_chip_175x_6x\Release\lib0_lpc_chip_175x_6x.a(ring_buffer.o)
                              ./Communication/0_Communication.o (RingBuffer_Init)
C:\Robot\trunk\Workspaces\MultiWorkSpaces_2021\0_lpc_chip_175x_6x\Release\lib0_lpc_chip_175x_6x.a(stopwatch_17xx_40xx.o)
                              ./Communication/USB/src/cdc_usb_main.o (StopWatch_Init)
C:\Robot\trunk\Workspaces\MultiWorkSpaces_2021\0_lpc_chip_175x_6x\Release\lib0_lpc_chip_175x_6x.a(sysinit_17xx_40xx.o)
                              ./src/IA_2021_V0.o (Chip_SetupXtalClocking)
C:\Robot\trunk\Workspaces\MultiWorkSpaces_2021\0_lpc_chip_175x_6x\Release\lib0_lpc_chip_175x_6x.a(timer_17xx_40xx.o)
                              ./src/IA_2021_V0.o (Chip_TIMER_Init)
C:\Robot\trunk\Workspaces\MultiWorkSpaces_2021\0_lpc_chip_175x_6x\Release\lib0_lpc_chip_175x_6x.a(uart_17xx_40xx.o)
                              ./Communication/0_Communication.o (Chip_UART_Init)
C:\Robot\trunk\Workspaces\MultiWorkSpaces_2021\0_lpc_board_nxp_lpcxpresso_1769\Release\lib0_lpc_board_nxp_lpcxpresso_1769.a(board.o)
                              ./src/IA_2021_V0.o (Set_Clock_in)
C:\Robot\trunk\Workspaces\MultiWorkSpaces_2021\0_lpc_chip_175x_6x\libs\libusbd_175x_6x_lib.a(mw_usbd_rom_api.o)
                              ./Communication/USB/src/cdc_usb_main.o (cdc_api)
C:\Robot\trunk\Workspaces\MultiWorkSpaces_2021\0_lpc_chip_175x_6x\libs\libusbd_175x_6x_lib.a(hw_usbd_ip3503.o)
                              C:\Robot\trunk\Workspaces\MultiWorkSpaces_2021\0_lpc_chip_175x_6x\libs\libusbd_175x_6x_lib.a(mw_usbd_rom_api.o) (hwUSB_GetMemSize)
C:\Robot\trunk\Workspaces\MultiWorkSpaces_2021\0_lpc_chip_175x_6x\libs\libusbd_175x_6x_lib.a(mw_usbd_cdcuser.o)
                              C:\Robot\trunk\Workspaces\MultiWorkSpaces_2021\0_lpc_chip_175x_6x\libs\libusbd_175x_6x_lib.a(mw_usbd_rom_api.o) (mwCDC_SendNotification)
C:\Robot\trunk\Workspaces\MultiWorkSpaces_2021\0_lpc_chip_175x_6x\libs\libusbd_175x_6x_lib.a(mw_usbd_core.o)
                              C:\Robot\trunk\Workspaces\MultiWorkSpaces_2021\0_lpc_chip_175x_6x\libs\libusbd_175x_6x_lib.a(mw_usbd_rom_api.o) (mwUSB_SetupStage)
C:\Robot\trunk\Workspaces\MultiWorkSpaces_2021\0_lpc_chip_175x_6x\libs\libusbd_175x_6x_lib.a(mw_usbd_dfuuser.o)
                              C:\Robot\trunk\Workspaces\MultiWorkSpaces_2021\0_lpc_chip_175x_6x\libs\libusbd_175x_6x_lib.a(mw_usbd_rom_api.o) (mwDFU_GetMemSize)
C:\Robot\trunk\Workspaces\MultiWorkSpaces_2021\0_lpc_chip_175x_6x\libs\libusbd_175x_6x_lib.a(mw_usbd_hiduser.o)
                              C:\Robot\trunk\Workspaces\MultiWorkSpaces_2021\0_lpc_chip_175x_6x\libs\libusbd_175x_6x_lib.a(mw_usbd_rom_api.o) (mwHID_GetMemSize)
C:\Robot\trunk\Workspaces\MultiWorkSpaces_2021\0_lpc_chip_175x_6x\libs\libusbd_175x_6x_lib.a(mw_usbd_mscuser.o)
                              C:\Robot\trunk\Workspaces\MultiWorkSpaces_2021\0_lpc_chip_175x_6x\libs\libusbd_175x_6x_lib.a(mw_usbd_rom_api.o) (mwMSC_GetMemSize)
c:/nxp/mcuxpressoide_11.1.1_3241/ide/plugins/com.nxp.mcuxpresso.tools.win32_11.1.0.202001081728/tools/bin/../lib/gcc/arm-none-eabi/8.3.1/thumb/v7-m/nofp\libgcc.a(_arm_fixunsdfsi.o)
                              ./freertos/FreeRTOS_Trace/trcSnapshotRecorder.o (__aeabi_d2uiz)
c:/nxp/mcuxpressoide_11.1.1_3241/ide/plugins/com.nxp.mcuxpresso.tools.win32_11.1.0.202001081728/tools/bin/../lib/gcc/arm-none-eabi/8.3.1/thumb/v7-m/nofp\libgcc.a(_arm_addsubsf3.o)
                              ./Strategie/Deplacement/0_Deplacements.o (__aeabi_fsub)
c:/nxp/mcuxpressoide_11.1.1_3241/ide/plugins/com.nxp.mcuxpresso.tools.win32_11.1.0.202001081728/tools/bin/../lib/gcc/arm-none-eabi/8.3.1/thumb/v7-m/nofp\libgcc.a(_arm_muldivsf3.o)
                              ./Strategie/Deplacement/0_Deplacements.o (__aeabi_fmul)
c:/nxp/mcuxpressoide_11.1.1_3241/ide/plugins/com.nxp.mcuxpresso.tools.win32_11.1.0.202001081728/tools/bin/../lib/gcc/arm-none-eabi/8.3.1/thumb/v7-m/nofp\libgcc.a(_arm_cmpsf2.o)
                              ./Pathfinding/Astar/Astar.o (__aeabi_fcmpeq)
c:/nxp/mcuxpressoide_11.1.1_3241/ide/plugins/com.nxp.mcuxpresso.tools.win32_11.1.0.202001081728/tools/bin/../lib/gcc/arm-none-eabi/8.3.1/thumb/v7-m/nofp\libgcc.a(_arm_fixsfsi.o)
                              ./Strategie/Deplacement/0_Deplacements.o (__aeabi_f2iz)
[...]
Memory Configuration

Name             Origin             Length             Attributes
MFlash512        0x00000000         0x00080000         xr
RamLoc32         0x10000000         0x00008000         xrw
RamAHB32         0x2007c000         0x00000800         xrw
RAM3             0x2007c800         0x00007800         xrw
*default*        0x00000000         0xffffffff

Linker script and memory map

LOAD ./src/IA_2021_V0.o
LOAD ./src/Init.o
LOAD ./src/cr_startup_lpc175x_6x.o
LOAD ./src/crp.o
LOAD ./src/sysinit.o
LOAD ./src/test.o
LOAD ./freertos/src/FreeRTOSCommonHooks.o
LOAD ./freertos/src/croutine.o
LOAD ./freertos/src/event_groups.o
LOAD ./freertos/src/heap_5.o
LOAD ./freertos/src/list.o
LOAD ./freertos/src/port.o
LOAD ./freertos/src/queue.o
LOAD ./freertos/src/stream_buffer.o
LOAD ./freertos/src/tasks.o
LOAD ./freertos/src/timers.o
LOAD ./freertos/FreeRTOS_Trace/trcHardwarePort.o
LOAD ./freertos/FreeRTOS_Trace/trcKernelPort.o
LOAD ./freertos/FreeRTOS_Trace/trcSnapshotRecorder.o
LOAD ./Strategie/Deplacement/0_Deplacements.o
LOAD ./Strategie/Deplacement/1_Obstacles.o
LOAD ./Strategie/Actionneurs/0_Actionneurs.o
LOAD ./Strategie/0_Infos.o
LOAD ./Pathfinding/Astar/Astar.o
LOAD ./Communication/USB/src/cdc_desc.o
LOAD ./Communication/USB/src/cdc_usb_main.o
LOAD ./Communication/USB/src/cdc_vcom.o
LOAD ./Communication/RS485/0_RS485.o
LOAD ./Communication/0_Communication.o
LOAD ./Communication/0_Event_Group.o
LOAD ./Communication/1_Trame_Communication.o
LOAD ./Communication/2_Echange_Datas.o
LOAD ./Communication/2_Echange_Datas_Reception.o
LOAD C:\Robot\trunk\Workspaces\MultiWorkSpaces_2021\0_lpc_chip_175x_6x\Release\lib0_lpc_chip_175x_6x.a
LOAD C:\Robot\trunk\Workspaces\MultiWorkSpaces_2021\0_lpc_board_nxp_lpcxpresso_1769\Release\lib0_lpc_board_nxp_lpcxpresso_1769.a
LOAD C:\Robot\trunk\Workspaces\MultiWorkSpaces_2021\0_lpc_chip_175x_6x\libs\libusbd_175x_6x_lib.a
START GROUP
LOAD c:/nxp/mcuxpressoide_11.1.1_3241/ide/plugins/com.nxp.mcuxpresso.tools.win32_11.1.0.202001081728/tools/bin/../lib/gcc/arm-none-eabi/8.3.1/thumb/v7-m/nofp\libgcc.a
LOAD c:/nxp/mcuxpressoide_11.1.1_3241/ide/plugins/com.nxp.mcuxpresso.tools.win32_11.1.0.202001081728/tools/bin/../lib/gcc/arm-none-eabi/8.3.1/../../../../arm-none-eabi/lib/thumb/v7-m/nofp\libc_nano.a
LOAD c:/nxp/mcuxpressoide_11.1.1_3241/ide/plugins/com.nxp.mcuxpresso.tools.win32_11.1.0.202001081728/tools/bin/../lib/gcc/arm-none-eabi/8.3.1/../../../../arm-none-eabi/lib/thumb/v7-m/nofp\libm.a
LOAD c:/nxp/mcuxpressoide_11.1.1_3241/ide/plugins/com.nxp.mcuxpresso.tools.win32_11.1.0.202001081728/tools/bin/../lib/gcc/arm-none-eabi/8.3.1/../../../../arm-none-eabi/lib/thumb/v7-m/nofp\libcr_newlib_none.a
END GROUP
                0x00000000                __base_MFlash512 = 0x0
                0x00000000                __base_Flash = 0x0
                0x00080000                __top_MFlash512 = 0x80000
                0x00080000                __top_Flash = 0x80000
                0x10000000                __base_RamLoc32 = 0x10000000
                0x10000000                __base_RAM = 0x10000000
                0x10008000                __top_RamLoc32 = 0x10008000
                0x10008000                __top_RAM = 0x10008000
                0x2007c000                __base_RamAHB32 = 0x2007c000
                0x2007c000                __base_RAM2 = 0x2007c000
                0x2007c800                __top_RamAHB32 = 0x2007c800
                0x2007c800                __top_RAM2 = 0x2007c800
                0x2007c800                __base_RAM3 = 0x2007c800
                0x2007c800                __base_RAM3 = 0x2007c800
                0x20084000                __top_RAM3 = 0x20084000
                0x20084000                __top_RAM3 = 0x20084000

.text           0x00000000     0xd9b8
 FILL mask 0xff
                0x00000000                __vectors_start__ = ABSOLUTE (.)
 *(.isr_vector)
 .isr_vector    0x00000000       0xcc ./src/cr_startup_lpc175x_6x.o
                0x00000000                g_pfnVectors
                0x000000cc                . = ALIGN (0x4)
                0x000000cc                __section_table_start = .
                0x000000cc                __data_section_table = .
                0x000000cc        0x4 LONG 0xd9b8 LOADADDR (.data)
                0x000000d0        0x4 LONG 0x10000000 ADDR (.data)
                0x000000d4        0x4 LONG 0x94 SIZEOF (.data)
                0x000000d8        0x4 LONG 0xd9b8 LOADADDR (.data_RAM2)
                0x000000dc        0x4 LONG 0x2007c000 ADDR (.data_RAM2)
                0x000000e0        0x4 LONG 0x0 SIZEOF (.data_RAM2)
                0x000000e4        0x4 LONG 0xd9b8 LOADADDR (.data_RAM3)
                0x000000e8        0x4 LONG 0x2007c800 ADDR (.data_RAM3)
                0x000000ec        0x4 LONG 0x0 SIZEOF (.data_RAM3)
                0x000000f0                __data_section_table_end = .
                0x000000f0                __bss_section_table = .
                0x000000f0        0x4 LONG 0x10000094 ADDR (.bss)
                0x000000f4        0x4 LONG 0x5374 SIZEOF (.bss)
                0x000000f8        0x4 LONG 0x2007c000 ADDR (.bss_RAM2)
                0x000000fc        0x4 LONG 0x0 SIZEOF (.bss_RAM2)
                0x00000100        0x4 LONG 0x2007c800 ADDR (.bss_RAM3)
                0x00000104        0x4 LONG 0x6bbc SIZEOF (.bss_RAM3)
                0x00000108                __bss_section_table_end = .
                0x00000108                __section_table_end = .
 *(.after_vectors*)
 .after_vectors
                0x00000108      0x12c ./src/cr_startup_lpc175x_6x.o
                0x00000108                data_init
                0x0000014a                bss_init
                0x00000180                ResetISR
                0x000001f8                NMI_Handler
                0x000001fe                HardFault_Handler
                0x00000204                MemManage_Handler
                0x0000020a                BusFault_Handler
                0x00000210                UsageFault_Handler
                0x00000216                SVC_Handler
                0x0000021c                DebugMon_Handler
                0x00000222                PendSV_Handler
                0x00000228                SysTick_Handler
                0x0000022e                EINT3_IRQHandler
                0x0000022e                CANActivity_IRQHandler
                0x0000022e                TIMER3_IRQHandler
                0x0000022e                UART0_IRQHandler
                0x0000022e                EINT2_IRQHandler
                0x0000022e                USBActivity_IRQHandler
                0x0000022e                IntDefaultHandler
                0x0000022e                PLL0_IRQHandler
                0x0000022e                CAN_IRQHandler
                0x0000022e                I2C1_IRQHandler
                0x0000022e                SSP0_IRQHandler
                0x0000022e                I2S_IRQHandler
                0x0000022e                I2C2_IRQHandler
                0x0000022e                RTC_IRQHandler
                0x0000022e                TIMER0_IRQHandler
                0x0000022e                SPI_IRQHandler
                0x0000022e                RIT_IRQHandler
                0x0000022e                EINT1_IRQHandler
                0x0000022e                TIMER1_IRQHandler
                0x0000022e                UART2_IRQHandler
                0x0000022e                ADC_IRQHandler
                0x0000022e                SSP1_IRQHandler
                0x0000022e                BOD_IRQHandler
                0x0000022e                I2C0_IRQHandler
                0x0000022e                WDT_IRQHandler
                0x0000022e                PWM1_IRQHandler
                0x0000022e                QEI_IRQHandler
                0x0000022e                EINT0_IRQHandler
                0x0000022e                ETH_IRQHandler
                0x0000022e                PLL1_IRQHandler
                0x0000022e                DMA_IRQHandler
                0x0000022e                TIMER2_IRQHandler
                0x0000022e                UART3_IRQHandler
                0x0000022e                MCPWM_IRQHandler
                0x000002fc                . = 0x2fc
 *fill*         0x00000234       0xc8 ff
                0x000002fc                PROVIDE (__CRP_WORD_START__ = .)
 *(.crp)
 .crp           0x000002fc        0x4 ./src/crp.o
                0x000002fc                CRP_WORD
                0x00000300                PROVIDE (__CRP_WORD_END__ = .)
                0x00000001                ASSERT (! ((__CRP_WORD_START__ == __CRP_WORD_END__)), Linker CRP Enabled, but no CRP_WORD provided within application)
 *(.text*)
 .text.Chip_GPIO_SetPinState
                0x00000300       0x64 ./src/IA_2021_V0.o
 .text.Chip_GPIO_WritePortBit
                0x00000364       0x2c ./src/IA_2021_V0.o
 .text.Chip_GPIO_SetPinDIROutput
                0x00000390       0x36 ./src/IA_2021_V0.o
 .text.Chip_GPIO_SetPinDIRInput
                0x000003c6       0x3a ./src/IA_2021_V0.o
 .text.Chip_GPIO_SetPinDIR
                0x00000400       0x42 ./src/IA_2021_V0.o
 .text.Chip_GPIO_WriteDirBit
                0x00000442       0x2e ./src/IA_2021_V0.o
 .text.vConfigureTimerForRunTimeStats
                0x00000470       0x44 ./src/IA_2021_V0.o
                0x00000470                vConfigureTimerForRunTimeStats
 .text.prvSetupHardware
                0x000004b4       0x30 ./src/IA_2021_V0.o
 .text.vTask_HartBeat
                0x000004e4       0x78 ./src/IA_2021_V0.o
 .text.main     0x0000055c       0x40 ./src/IA_2021_V0.o
                0x0000055c                main
 .text.Chip_GPIO_SetPinState
                0x0000059c       0x64 ./src/Init.o
 .text.Chip_GPIO_WritePortBit
                0x00000600       0x2c ./src/Init.o
 .text.Chip_GPIO_SetPinDIROutput
                0x0000062c       0x36 ./src/Init.o
 .text.Chip_GPIO_SetPinDIRInput
                0x00000662       0x3a ./src/Init.o
 .text.Chip_GPIO_SetPinDIR
                0x0000069c       0x42 ./src/Init.o
 .text.Chip_GPIO_WriteDirBit
                0x000006de       0x2e ./src/Init.o
 .text.Debug_Trace_Texte
                0x0000070c       0x20 ./src/Init.o
                0x0000070c                Debug_Trace_Texte
 .text.Set_Debug_Pin_0_High
                0x0000072c       0x2c ./src/Init.o
                0x0000072c                Set_Debug_Pin_0_High
 .text.Set_Debug_Pin_0_Low
                0x00000758       0x2c ./src/Init.o
                0x00000758                Set_Debug_Pin_0_Low
 .text.Set_Debug_Pin_1_Low
                0x00000784       0x2c ./src/Init.o
                0x00000784                Set_Debug_Pin_1_Low
 .text.Init_Carte_IA
                0x000007b0       0x94 ./src/Init.o
                0x000007b0                Init_Carte_IA
 .text.SystemInit
                0x00000844       0x24 ./src/sysinit.o
                0x00000844                SystemInit
 .text.Chip_GPIO_SetPinState
                0x00000868       0x64 ./src/test.o
 .text.Chip_GPIO_WritePortBit
                0x000008cc       0x2c ./src/test.o
 .text.TEST_init_parametres
                0x000008f8       0x44 ./src/test.o
                0x000008f8                TEST_init_parametres
 .text.TEST_Deplacement
                0x0000093c       0xac ./src/test.o
                0x0000093c                TEST_Deplacement
 .text.TEST_envoi_Ping
                0x000009e8       0x84 ./src/test.o
                0x000009e8                TEST_envoi_Ping
 .text.vApplicationStackOverflowHook
                0x00000a6c       0x1e ./freertos/src/FreeRTOSCommonHooks.o
                0x00000a6c                vApplicationStackOverflowHook
 *fill*         0x00000a8a        0x2 ff
 .text.xEventGroupCreate
                0x00000a8c       0xe8 ./freertos/src/event_groups.o
                0x00000a8c                xEventGroupCreate
 .text.xEventGroupWaitBits
                0x00000b74      0x22c ./freertos/src/event_groups.o
                0x00000b74                xEventGroupWaitBits
 .text.xEventGroupClearBits
                0x00000da0       0x80 ./freertos/src/event_groups.o
                0x00000da0                xEventGroupClearBits
 .text.xEventGroupSetBits
                0x00000e20      0x128 ./freertos/src/event_groups.o
                0x00000e20                xEventGroupSetBits
 .text.vEventGroupSetBitsCallback
                0x00000f48       0x1a ./freertos/src/event_groups.o
                0x00000f48                vEventGroupSetBitsCallback
 .text.prvTestWaitCondition
                0x00000f62       0x42 ./freertos/src/event_groups.o
 .text.xEventGroupSetBitsFromISR
                0x00000fa4       0x64 ./freertos/src/event_groups.o
                0x00000fa4                xEventGroupSetBitsFromISR
 .text.uxEventGroupGetNumber
                0x00001008       0x2a ./freertos/src/event_groups.o
                0x00001008                uxEventGroupGetNumber
 .text.vEventGroupSetNumber
                0x00001032       0x1a ./freertos/src/event_groups.o
                0x00001032                vEventGroupSetNumber
 .text.pvPortMalloc
                0x0000104c      0x13c ./freertos/src/heap_5.o
                0x0000104c                pvPortMalloc
 .text.vPortFree
                0x00001188       0x90 ./freertos/src/heap_5.o
                0x00001188                vPortFree
 .text.prvInsertBlockIntoFreeList
                0x00001218       0xb0 ./freertos/src/heap_5.o
 .text.vPortDefineHeapRegions
                0x000012c8      0x114 ./freertos/src/heap_5.o
                0x000012c8                vPortDefineHeapRegions
 .text.vListInitialise
                0x000013dc       0x3e ./freertos/src/list.o
                0x000013dc                vListInitialise
 .text.vListInitialiseItem
                0x0000141a       0x18 ./freertos/src/list.o
                0x0000141a                vListInitialiseItem
 .text.vListInsertEnd
                0x00001432       0x46 ./freertos/src/list.o
                0x00001432                vListInsertEnd
 .text.vListInsert
                0x00001478       0x70 ./freertos/src/list.o
                0x00001478                vListInsert
 .text.uxListRemove
                0x000014e8       0x52 ./freertos/src/list.o
                0x000014e8                uxListRemove
 *fill*         0x0000153a        0x2 ff
 .text.pxPortInitialiseStack
                0x0000153c       0x58 ./freertos/src/port.o
                0x0000153c                pxPortInitialiseStack
 .text.prvTaskExitError
                0x00001594       0x2e ./freertos/src/port.o
 *fill*         0x000015c2        0xe ff
 .text.vPortSVCHandler
                0x000015d0       0x28 ./freertos/src/port.o
                0x000015d0                vPortSVCHandler
 .text.prvPortStartFirstTask
                0x000015f8       0x20 ./freertos/src/port.o
 .text.xPortStartScheduler
                0x00001618       0x40 ./freertos/src/port.o
                0x00001618                xPortStartScheduler
 .text.vPortEnterCritical
                0x00001658       0x30 ./freertos/src/port.o
                0x00001658                vPortEnterCritical
 .text.vPortExitCritical
                0x00001688       0x30 ./freertos/src/port.o
                0x00001688                vPortExitCritical
 *fill*         0x000016b8        0x8 ff
 .text.xPortPendSVHandler
                0x000016c0       0x48 ./freertos/src/port.o
                0x000016c0                xPortPendSVHandler
 .text.xPortSysTickHandler
                0x00001708       0x40 ./freertos/src/port.o
                0x00001708                xPortSysTickHandler
 .text.vPortSetupTimerInterrupt
                0x00001748       0x34 ./freertos/src/port.o
                0x00001748                vPortSetupTimerInterrupt
 .text.xQueueGenericReset
                0x0000177c       0xb4 ./freertos/src/queue.o
                0x0000177c                xQueueGenericReset
 .text.xQueueGenericCreate
                0x00001830       0x88 ./freertos/src/queue.o
                0x00001830                xQueueGenericCreate
 .text.prvInitialiseNewQueue
                0x000018b8      0x128 ./freertos/src/queue.o
 .text.xQueueGenericSend
                0x000019e0      0x340 ./freertos/src/queue.o
                0x000019e0                xQueueGenericSend
 .text.xQueueGenericSendFromISR
                0x00001d20      0x184 ./freertos/src/queue.o
                0x00001d20                xQueueGenericSendFromISR
 .text.xQueueReceive
                0x00001ea4      0x390 ./freertos/src/queue.o
                0x00001ea4                xQueueReceive
 .text.uxQueueGetQueueNumber
                0x00002234       0x16 ./freertos/src/queue.o
                0x00002234                uxQueueGetQueueNumber
 .text.vQueueSetQueueNumber
                0x0000224a       0x1a ./freertos/src/queue.o
                0x0000224a                vQueueSetQueueNumber
 .text.ucQueueGetQueueType
                0x00002264       0x18 ./freertos/src/queue.o
                0x00002264                ucQueueGetQueueType
 .text.prvCopyDataToQueue
                0x0000227c       0xd4 ./freertos/src/queue.o
 .text.prvCopyDataFromQueue
                0x00002350       0x4c ./freertos/src/queue.o
 .text.prvUnlockQueue
                0x0000239c       0xa4 ./freertos/src/queue.o
 .text.prvIsQueueEmpty
                0x00002440       0x2c ./freertos/src/queue.o
 .text.prvIsQueueFull
                0x0000246c       0x30 ./freertos/src/queue.o
 .text.vQueueAddToRegistry
                0x0000249c       0x74 ./freertos/src/queue.o
                0x0000249c                vQueueAddToRegistry
 .text.vQueueWaitForMessageRestricted
                0x00002510       0x68 ./freertos/src/queue.o
                0x00002510                vQueueWaitForMessageRestricted
 .text.xTaskCreate
                0x00002578       0x82 ./freertos/src/tasks.o
                0x00002578                xTaskCreate
 .text.prvInitialiseNewTask
                0x000025fa      0x10a ./freertos/src/tasks.o
 .text.prvAddNewTaskToReadyList
                0x00002704      0x1a4 ./freertos/src/tasks.o
 .text.vTaskDelete
                0x000028a8      0x294 ./freertos/src/tasks.o
                0x000028a8                vTaskDelete
 .text.vTaskDelayUntil
                0x00002b3c      0x110 ./freertos/src/tasks.o
                0x00002b3c                vTaskDelayUntil
 .text.vTaskDelay
                0x00002c4c       0xb8 ./freertos/src/tasks.o
                0x00002c4c                vTaskDelay
 .text.vTaskStartScheduler
                0x00002d04       0xb4 ./freertos/src/tasks.o
                0x00002d04                vTaskStartScheduler
 .text.vTaskSuspendAll
                0x00002db8       0x1c ./freertos/src/tasks.o
                0x00002db8                vTaskSuspendAll
 .text.xTaskResumeAll
                0x00002dd4      0x144 ./freertos/src/tasks.o
                0x00002dd4                xTaskResumeAll
 .text.xTaskGetTickCount
                0x00002f18       0x1c ./freertos/src/tasks.o
                0x00002f18                xTaskGetTickCount
 .text.xTaskIncrementTick
                0x00002f34      0x1a4 ./freertos/src/tasks.o
                0x00002f34                xTaskIncrementTick
 .text.vTaskSwitchContext
                0x000030d8      0x148 ./freertos/src/tasks.o
                0x000030d8                vTaskSwitchContext
 .text.vTaskPlaceOnEventList
                0x00003220       0x2c ./freertos/src/tasks.o
                0x00003220                vTaskPlaceOnEventList
 .text.vTaskPlaceOnUnorderedEventList
                0x0000324c       0x3c ./freertos/src/tasks.o
                0x0000324c                vTaskPlaceOnUnorderedEventList
 .text.vTaskPlaceOnEventListRestricted
                0x00003288       0xb4 ./freertos/src/tasks.o
                0x00003288                vTaskPlaceOnEventListRestricted
 .text.xTaskRemoveFromEventList
                0x0000333c       0xd4 ./freertos/src/tasks.o
                0x0000333c                xTaskRemoveFromEventList
 .text.vTaskRemoveFromUnorderedEventList
                0x00003410       0xb0 ./freertos/src/tasks.o
                0x00003410                vTaskRemoveFromUnorderedEventList
 .text.vTaskInternalSetTimeOutState
                0x000034c0       0x2c ./freertos/src/tasks.o
                0x000034c0                vTaskInternalSetTimeOutState
 .text.xTaskCheckForTimeOut
                0x000034ec       0x8c ./freertos/src/tasks.o
                0x000034ec                xTaskCheckForTimeOut
 .text.vTaskMissedYield
                0x00003578       0x18 ./freertos/src/tasks.o
                0x00003578                vTaskMissedYield
 .text.uxTaskGetTaskNumber
                0x00003590       0x2a ./freertos/src/tasks.o
                0x00003590                uxTaskGetTaskNumber
 .text.vTaskSetTaskNumber
                0x000035ba       0x24 ./freertos/src/tasks.o
                0x000035ba                vTaskSetTaskNumber
 *fill*         0x000035de        0x2 ff
 .text.prvIdleTask
                0x000035e0       0x30 ./freertos/src/tasks.o
 .text.prvInitialiseTaskLists
                0x00003610       0x80 ./freertos/src/tasks.o
 .text.prvCheckTasksWaitingTermination
                0x00003690       0x58 ./freertos/src/tasks.o
 .text.prvDeleteTCB
                0x000036e8       0x20 ./freertos/src/tasks.o
 .text.prvResetNextTaskUnblockTime
                0x00003708       0x40 ./freertos/src/tasks.o
 .text.xTaskGetCurrentTaskHandle
                0x00003748       0x1c ./freertos/src/tasks.o
                0x00003748                xTaskGetCurrentTaskHandle
 .text.xTaskGetSchedulerState
                0x00003764       0x3c ./freertos/src/tasks.o
                0x00003764                xTaskGetSchedulerState
 .text.xTaskPriorityDisinherit
                0x000037a0      0x150 ./freertos/src/tasks.o
                0x000037a0                xTaskPriorityDisinherit
 .text.uxTaskResetEventItemValue
                0x000038f0       0x30 ./freertos/src/tasks.o
                0x000038f0                uxTaskResetEventItemValue
 .text.prvAddCurrentTaskToDelayedList
                0x00003920       0xcc ./freertos/src/tasks.o
 .text.xTimerCreateTimerTask
                0x000039ec       0x48 ./freertos/src/timers.o
                0x000039ec                xTimerCreateTimerTask
 .text.xTimerGenericCommand
                0x00003a34       0x80 ./freertos/src/timers.o
                0x00003a34                xTimerGenericCommand
 .text.prvProcessExpiredTimer
                0x00003ab4       0x80 ./freertos/src/timers.o
 .text.prvTimerTask
                0x00003b34       0x24 ./freertos/src/timers.o
 .text.prvProcessTimerOrBlockTask
                0x00003b58       0x9c ./freertos/src/timers.o
 .text.prvGetNextExpireTime
                0x00003bf4       0x44 ./freertos/src/timers.o
 .text.prvSampleTimeNow
                0x00003c38       0x40 ./freertos/src/timers.o
 .text.prvInsertTimerInActiveList
                0x00003c78       0x84 ./freertos/src/timers.o
 .text.prvProcessReceivedCommands
                0x00003cfc      0x170 ./freertos/src/timers.o
 .text.prvSwitchTimerLists
                0x00003e6c       0xac ./freertos/src/timers.o
 .text.prvCheckForValidListAndQueue
                0x00003f18       0x6c ./freertos/src/timers.o
 .text.xTimerPendFunctionCallFromISR
                0x00003f84       0x40 ./freertos/src/timers.o
                0x00003f84                xTimerPendFunctionCallFromISR
 .text.prvTraceGetQueueNumber
                0x00003fc4       0x18 ./freertos/FreeRTOS_Trace/trcKernelPort.o
                0x00003fc4                prvTraceGetQueueNumber
 .text.prvTraceGetQueueType
                0x00003fdc       0x18 ./freertos/FreeRTOS_Trace/trcKernelPort.o
                0x00003fdc                prvTraceGetQueueType
 .text.prvTraceGetTaskNumberLow16
                0x00003ff4       0x1a ./freertos/FreeRTOS_Trace/trcKernelPort.o
                0x00003ff4                prvTraceGetTaskNumberLow16
 .text.prvTraceGetTaskNumberHigh16
                0x0000400e       0x1c ./freertos/FreeRTOS_Trace/trcKernelPort.o
                0x0000400e                prvTraceGetTaskNumberHigh16
 .text.prvTraceSetTaskNumberLow16
                0x0000402a       0x2c ./freertos/FreeRTOS_Trace/trcKernelPort.o
                0x0000402a                prvTraceSetTaskNumberLow16
 .text.prvTraceSetTaskNumberHigh16
                0x00004056       0x2c ./freertos/FreeRTOS_Trace/trcKernelPort.o
                0x00004056                prvTraceSetTaskNumberHigh16
 .text.prvTraceGetQueueNumberLow16
                0x00004082       0x1a ./freertos/FreeRTOS_Trace/trcKernelPort.o
                0x00004082                prvTraceGetQueueNumberLow16
 .text.prvTraceGetQueueNumberHigh16
                0x0000409c       0x1c ./freertos/FreeRTOS_Trace/trcKernelPort.o
                0x0000409c                prvTraceGetQueueNumberHigh16
 .text.prvTraceSetQueueNumberLow16
                0x000040b8       0x2c ./freertos/FreeRTOS_Trace/trcKernelPort.o
                0x000040b8                prvTraceSetQueueNumberLow16
 .text.prvTraceSetQueueNumberHigh16
                0x000040e4       0x2c ./freertos/FreeRTOS_Trace/trcKernelPort.o
                0x000040e4                prvTraceSetQueueNumberHigh16
 .text.prvTraceGetEventGroupNumberLow16
                0x00004110       0x1a ./freertos/FreeRTOS_Trace/trcKernelPort.o
                0x00004110                prvTraceGetEventGroupNumberLow16
 .text.prvTraceGetEventGroupNumberHigh16
                0x0000412a       0x1c ./freertos/FreeRTOS_Trace/trcKernelPort.o
                0x0000412a                prvTraceGetEventGroupNumberHigh16
 .text.prvTraceSetEventGroupNumberLow16
                0x00004146       0x2c ./freertos/FreeRTOS_Trace/trcKernelPort.o
                0x00004146                prvTraceSetEventGroupNumberLow16
 .text.prvTraceSetEventGroupNumberHigh16
                0x00004172       0x2c ./freertos/FreeRTOS_Trace/trcKernelPort.o
                0x00004172                prvTraceSetEventGroupNumberHigh16
 .text.vTraceSetEventGroupName
                0x0000419e       0x26 ./freertos/FreeRTOS_Trace/trcKernelPort.o
                0x0000419e                vTraceSetEventGroupName
 .text.prvTraceGetCurrentTaskHandle
                0x000041c4        0xe ./freertos/FreeRTOS_Trace/trcKernelPort.o
                0x000041c4                prvTraceGetCurrentTaskHandle
 *fill*         0x000041d2        0x2 ff
 .text.vTraceInitObjectPropertyTable
                0x000041d4      0x198 ./freertos/FreeRTOS_Trace/trcKernelPort.o
                0x000041d4                vTraceInitObjectPropertyTable
 .text.vTraceInitObjectHandleStack
                0x0000436c       0xc4 ./freertos/FreeRTOS_Trace/trcKernelPort.o
                0x0000436c                vTraceInitObjectHandleStack
 .text.pszTraceGetErrorNotEnoughHandles
                0x00004430       0x94 ./freertos/FreeRTOS_Trace/trcKernelPort.o
                0x00004430                pszTraceGetErrorNotEnoughHandles
 .text.prvTraceIsSchedulerSuspended
                0x000044c4       0x18 ./freertos/FreeRTOS_Trace/trcKernelPort.o
                0x000044c4                prvTraceIsSchedulerSuspended
 .text.vTraceEnable
                0x000044dc       0x44 ./freertos/FreeRTOS_Trace/trcSnapshotRecorder.o
                0x000044dc                vTraceEnable
 .text.uiTraceStart
                0x00004520       0xdc ./freertos/FreeRTOS_Trace/trcSnapshotRecorder.o
                0x00004520                uiTraceStart
 .text.vTraceStart
                0x000045fc        0xc ./freertos/FreeRTOS_Trace/trcSnapshotRecorder.o
                0x000045fc                vTraceStart
 .text.vTraceStop
                0x00004608       0x30 ./freertos/FreeRTOS_Trace/trcSnapshotRecorder.o
                0x00004608                vTraceStop
 .text.xTraceSetISRProperties
                0x00004638       0x90 ./freertos/FreeRTOS_Trace/trcSnapshotRecorder.o
                0x00004638                xTraceSetISRProperties
 .text.vTraceStoreISRBegin
                0x000046c8      0x11c ./freertos/FreeRTOS_Trace/trcSnapshotRecorder.o
                0x000046c8                vTraceStoreISRBegin
 .text.vTraceStoreISREnd
                0x000047e4      0x140 ./freertos/FreeRTOS_Trace/trcSnapshotRecorder.o
                0x000047e4                vTraceStoreISREnd
 .text.writeInt8
                0x00004924       0x50 ./freertos/FreeRTOS_Trace/trcSnapshotRecorder.o
 .text.writeInt16
                0x00004974       0x74 ./freertos/FreeRTOS_Trace/trcSnapshotRecorder.o
 .text.writeInt32
                0x000049e8       0x70 ./freertos/FreeRTOS_Trace/trcSnapshotRecorder.o
 .text.prvTraceUserEventFormat
                0x00004a58      0x2ec ./freertos/FreeRTOS_Trace/trcSnapshotRecorder.o
 .text.vTracePrintF
                0x00004d44       0x2c ./freertos/FreeRTOS_Trace/trcSnapshotRecorder.o
                0x00004d44                vTracePrintF
 .text.vTracePrintF_Helper
                0x00004d70      0x14c ./freertos/FreeRTOS_Trace/trcSnapshotRecorder.o
 .text.vTracePrint
                0x00004ebc       0x9c ./freertos/FreeRTOS_Trace/trcSnapshotRecorder.o
                0x00004ebc                vTracePrint
 .text.xTraceRegisterString
                0x00004f58       0x48 ./freertos/FreeRTOS_Trace/trcSnapshotRecorder.o
                0x00004f58                xTraceRegisterString
 .text.prvTraceStoreTaskReady
                0x00004fa0       0xc8 ./freertos/FreeRTOS_Trace/trcSnapshotRecorder.o
                0x00004fa0                prvTraceStoreTaskReady
 .text.vTraceStoreMemMangEvent
                0x00005068      0x114 ./freertos/FreeRTOS_Trace/trcSnapshotRecorder.o
                0x00005068                vTraceStoreMemMangEvent
 .text.prvTraceStoreKernelCall
                0x0000517c       0xf8 ./freertos/FreeRTOS_Trace/trcSnapshotRecorder.o
                0x0000517c                prvTraceStoreKernelCall
 .text.prvTraceStoreKernelCallWithParam
                0x00005274      0x110 ./freertos/FreeRTOS_Trace/trcSnapshotRecorder.o
                0x00005274                prvTraceStoreKernelCallWithParam
 .text.prvTraceGetParam
                0x00005384       0x78 ./freertos/FreeRTOS_Trace/trcSnapshotRecorder.o
 .text.prvTraceStoreKernelCallWithNumericParamOnly
                0x000053fc       0xc8 ./freertos/FreeRTOS_Trace/trcSnapshotRecorder.o
                0x000053fc                prvTraceStoreKernelCallWithNumericParamOnly
 .text.prvTraceStoreTaskswitch
                0x000054c4       0xe0 ./freertos/FreeRTOS_Trace/trcSnapshotRecorder.o
                0x000054c4                prvTraceStoreTaskswitch
 .text.prvTraceStoreObjectNameOnCloseEvent
                0x000055a4       0xa4 ./freertos/FreeRTOS_Trace/trcSnapshotRecorder.o
                0x000055a4                prvTraceStoreObjectNameOnCloseEvent
 .text.prvTraceStoreObjectPropertiesOnCloseEvent
                0x00005648       0xd0 ./freertos/FreeRTOS_Trace/trcSnapshotRecorder.o
                0x00005648                prvTraceStoreObjectPropertiesOnCloseEvent
 .text.prvTraceSetPriorityProperty
                0x00005718       0x78 ./freertos/FreeRTOS_Trace/trcSnapshotRecorder.o
                0x00005718                prvTraceSetPriorityProperty
 .text.prvTraceGetPriorityProperty
                0x00005790       0x7c ./freertos/FreeRTOS_Trace/trcSnapshotRecorder.o
                0x00005790                prvTraceGetPriorityProperty
 .text.prvTraceSetObjectState
                0x0000580c       0x78 ./freertos/FreeRTOS_Trace/trcSnapshotRecorder.o
                0x0000580c                prvTraceSetObjectState
 .text.prvTraceGetObjectState
                0x00005884       0x78 ./freertos/FreeRTOS_Trace/trcSnapshotRecorder.o
 .text.prvTraceSetTaskInstanceFinished
                0x000058fc       0x54 ./freertos/FreeRTOS_Trace/trcSnapshotRecorder.o
                0x000058fc                prvTraceSetTaskInstanceFinished
 .text.prvTraceInitTraceData
                0x00005950      0x230 ./freertos/FreeRTOS_Trace/trcSnapshotRecorder.o
 .text.prvTraceNextFreeEventBufferSlot
                0x00005b80       0x48 ./freertos/FreeRTOS_Trace/trcSnapshotRecorder.o
 .text.uiIndexOfObject
                0x00005bc8       0xb0 ./freertos/FreeRTOS_Trace/trcSnapshotRecorder.o
                0x00005bc8                uiIndexOfObject
 .text.prvTraceGetObjectHandle
                0x00005c78      0x158 ./freertos/FreeRTOS_Trace/trcSnapshotRecorder.o
                0x00005c78                prvTraceGetObjectHandle
 .text.prvTraceFreeObjectHandle
                0x00005dd0       0xa0 ./freertos/FreeRTOS_Trace/trcSnapshotRecorder.o
                0x00005dd0                prvTraceFreeObjectHandle
 .text.prvMarkObjectAsUsed
                0x00005e70       0x3c ./freertos/FreeRTOS_Trace/trcSnapshotRecorder.o
                0x00005e70                prvMarkObjectAsUsed
 .text.prvStrncpy
                0x00005eac       0x4a ./freertos/FreeRTOS_Trace/trcSnapshotRecorder.o
 *fill*         0x00005ef6        0x2 ff
 .text.prvTraceSetObjectName
                0x00005ef8       0xbc ./freertos/FreeRTOS_Trace/trcSnapshotRecorder.o
                0x00005ef8                prvTraceSetObjectName
 .text.prvTraceOpenSymbol
                0x00005fb4       0xa0 ./freertos/FreeRTOS_Trace/trcSnapshotRecorder.o
 .text.prvTraceError
                0x00006054       0x58 ./freertos/FreeRTOS_Trace/trcSnapshotRecorder.o
                0x00006054                prvTraceError
 .text.prvTraceUpdateCounters
                0x000060ac       0x3c ./freertos/FreeRTOS_Trace/trcSnapshotRecorder.o
 .text.prvTraceGetDTS
                0x000060e8      0x1b4 ./freertos/FreeRTOS_Trace/trcSnapshotRecorder.o
 .text.prvTraceLookupSymbolTableEntry
                0x0000629c       0xf8 ./freertos/FreeRTOS_Trace/trcSnapshotRecorder.o
 .text.prvTraceCreateSymbolTableEntry
                0x00006394      0x17c ./freertos/FreeRTOS_Trace/trcSnapshotRecorder.o
 .text.prvTraceGetChecksum
                0x00006510       0x8c ./freertos/FreeRTOS_Trace/trcSnapshotRecorder.o
 .text.prvTracePortGetTimeStamp
                0x0000659c       0x98 ./freertos/FreeRTOS_Trace/trcSnapshotRecorder.o
                0x0000659c                prvTracePortGetTimeStamp
 .text._0_Deplacement_Init
                0x00006634       0x28 ./Strategie/Deplacement/0_Deplacements.o
                0x00006634                _0_Deplacement_Init
 .text._0_Deplacement_Get_ptr_Current_Destination
                0x0000665c       0x14 ./Strategie/Deplacement/0_Deplacements.o
                0x0000665c                _0_Deplacement_Get_ptr_Current_Destination
 .text._0_Deplacement_Wait_For_Arrival
                0x00006670       0xa0 ./Strategie/Deplacement/0_Deplacements.o
                0x00006670                _0_Deplacement_Wait_For_Arrival
 .text.Distance_To_Destination
                0x00006710       0x90 ./Strategie/Deplacement/0_Deplacements.o
                0x00006710                Distance_To_Destination
 .text.Distance_Two_Points
                0x000067a0       0x64 ./Strategie/Deplacement/0_Deplacements.o
                0x000067a0                Distance_Two_Points
 .text._0_Deplacement_Tourne_Avance
                0x00006804       0xfc ./Strategie/Deplacement/0_Deplacements.o
                0x00006804                _0_Deplacement_Tourne_Avance
 .text._0_Deplacement_Tourne_Avance_ASTAR
                0x00006900       0xf4 ./Strategie/Deplacement/0_Deplacements.o
                0x00006900                _0_Deplacement_Tourne_Avance_ASTAR
 .text._0_Deplacement_ASTAR
                0x000069f4      0x2f4 ./Strategie/Deplacement/0_Deplacements.o
                0x000069f4                _0_Deplacement_ASTAR
 .text._1_Obstacles_Create_Terrain_Border
                0x00006ce8       0xc0 ./Strategie/Deplacement/1_Obstacles.o
                0x00006ce8                _1_Obstacles_Create_Terrain_Border
 .text._1_TEST_Obstacles_Opponent_Robots
                0x00006da8       0x8c ./Strategie/Deplacement/1_Obstacles.o
                0x00006da8                _1_TEST_Obstacles_Opponent_Robots
 .text._0_Infos_Init
                0x00006e34       0x18 ./Strategie/0_Infos.o
                0x00006e34                _0_Infos_Init
 .text._0_Update_Card_Datas
                0x00006e4c       0x48 ./Strategie/0_Infos.o
                0x00006e4c                _0_Update_Card_Datas
 .text._0_Get_Robot_Position
                0x00006e94       0x88 ./Strategie/0_Infos.o
                0x00006e94                _0_Get_Robot_Position
 .text.Astar_Set_Node_as_Blocked
                0x00006f1c       0x2a ./Pathfinding/Astar/Astar.o
 .text.Astar_Set_Node_as_Closed
                0x00006f46       0x1e ./Pathfinding/Astar/Astar.o
 .text.Astar_Set_Node_as_Opened
                0x00006f64       0x1e ./Pathfinding/Astar/Astar.o
 .text.Astar_Set_Node_as_Start
                0x00006f82       0x2a ./Pathfinding/Astar/Astar.o
 .text.Astar_Set_Node_as_End
                0x00006fac       0x2a ./Pathfinding/Astar/Astar.o
 .text.Astar_Set_Node_as_Trajectory
                0x00006fd6       0x1e ./Pathfinding/Astar/Astar.o
 .text.Astar_Compute_H_cost
                0x00006ff4       0x88 ./Pathfinding/Astar/Astar.o
 .text.smin     0x0000707c       0x30 ./Pathfinding/Astar/Astar.o
 .text.smax     0x000070ac       0x30 ./Pathfinding/Astar/Astar.o
 .text.Astar_Coord_To_Index_X
                0x000070dc       0x40 ./Pathfinding/Astar/Astar.o
 .text.Astar_Coord_To_Index_Y
                0x0000711c       0x40 ./Pathfinding/Astar/Astar.o
 .text.Astar_Map_Init
                0x0000715c      0x100 ./Pathfinding/Astar/Astar.o
                0x0000715c                Astar_Map_Init
 .text.Astar_Get_Map
                0x0000725c       0x14 ./Pathfinding/Astar/Astar.o
                0x0000725c                Astar_Get_Map
 .text.Astar_Get_Vector_Map
                0x00007270       0x14 ./Pathfinding/Astar/Astar.o
                0x00007270                Astar_Get_Vector_Map
 .text.Astar_Find_Path
                0x00007284      0x1d4 ./Pathfinding/Astar/Astar.o
                0x00007284                Astar_Find_Path
 .text.Astar_Generate_Trajectory
                0x00007458      0x118 ./Pathfinding/Astar/Astar.o
                0x00007458                Astar_Generate_Trajectory
 .text.Astar_Find_Best_Node_To_Compute
                0x00007570      0x126 ./Pathfinding/Astar/Astar.o
                0x00007570                Astar_Find_Best_Node_To_Compute
 .text.Astar_Compute_Surronding_Nodes
                0x00007696      0x3da ./Pathfinding/Astar/Astar.o
                0x00007696                Astar_Compute_Surronding_Nodes
 .text.Astar_Compute_Node
                0x00007a70      0x102 ./Pathfinding/Astar/Astar.o
                0x00007a70                Astar_Compute_Node
 .text.Astar_Smoothing
                0x00007b72       0xf2 ./Pathfinding/Astar/Astar.o
                0x00007b72                Astar_Smoothing
 .text.Dijkstra_Intersect_Any_Segment
                0x00007c64       0x72 ./Pathfinding/Astar/Astar.o
                0x00007c64                Dijkstra_Intersect_Any_Segment
 .text.Dijkstra_intersect_segment
                0x00007cd6      0x562 ./Pathfinding/Astar/Astar.o
                0x00007cd6                Dijkstra_intersect_segment
 .text.Astar_Debug_Display_Map
                0x00008238       0x12 ./Pathfinding/Astar/Astar.o
                0x00008238                Astar_Debug_Display_Map
 .text.Astar_Add_Rectangular_Obstacle
                0x0000824a       0xba ./Pathfinding/Astar/Astar.o
                0x0000824a                Astar_Add_Rectangular_Obstacle
 .text.Astar_Add_Obstacle_Vector
                0x00008304      0x148 ./Pathfinding/Astar/Astar.o
                0x00008304                Astar_Add_Obstacle_Vector
 .text.Chip_IOCON_PinMux
                0x0000844c       0x94 ./Communication/RS485/0_RS485.o
 .text.Chip_GPIO_SetPinState
                0x000084e0       0x64 ./Communication/RS485/0_RS485.o
 .text.Chip_GPIO_WritePortBit
                0x00008544       0x2c ./Communication/RS485/0_RS485.o
 .text.Chip_GPIO_SetPinDIROutput
                0x00008570       0x36 ./Communication/RS485/0_RS485.o
 .text.Chip_GPIO_SetPinDIRInput
                0x000085a6       0x3a ./Communication/RS485/0_RS485.o
 .text.Chip_GPIO_SetPinDIR
                0x000085e0       0x42 ./Communication/RS485/0_RS485.o
 .text.Chip_GPIO_WriteDirBit
                0x00008622       0x2e ./Communication/RS485/0_RS485.o
 .text._0_RS485_Init
                0x00008650       0x48 ./Communication/RS485/0_RS485.o
                0x00008650                _0_RS485_Init
 .text._0_RS485_Master_Mode
                0x00008698       0x28 ./Communication/RS485/0_RS485.o
                0x00008698                _0_RS485_Master_Mode
 .text._0_RS485_Slave_Mode
                0x000086c0       0x28 ./Communication/RS485/0_RS485.o
                0x000086c0                _0_RS485_Slave_Mode
 .text.NVIC_DisableIRQ
                0x000086e8       0x34 ./Communication/0_Communication.o
 .text.NVIC_ClearPendingIRQ
                0x0000871c       0x34 ./Communication/0_Communication.o
 .text.NVIC_SetPriority
                0x00008750       0x54 ./Communication/0_Communication.o
 .text.Chip_IOCON_PinMux
                0x000087a4       0x94 ./Communication/0_Communication.o
 .text.Chip_UART_SendByte
                0x00008838       0x1c ./Communication/0_Communication.o
 .text.Chip_UART_IntEnable
                0x00008854       0x20 ./Communication/0_Communication.o
 .text.Chip_UART_IntDisable
                0x00008874       0x22 ./Communication/0_Communication.o
 .text.Chip_UART_SetupFIFOS
                0x00008896       0x1a ./Communication/0_Communication.o
 .text.Chip_UART_ConfigData
                0x000088b0       0x1a ./Communication/0_Communication.o
 .text.Chip_UART_ReadLineStatus
                0x000088ca       0x16 ./Communication/0_Communication.o
 .text._0_Communication_Init
                0x000088e0       0x84 ./Communication/0_Communication.o
                0x000088e0                _0_Communication_Init
 .text._0_Communication_Init_USB
                0x00008964        0xc ./Communication/0_Communication.o
                0x00008964                _0_Communication_Init_USB
 .text._0_Communication_Init_RS485
                0x00008970       0xb8 ./Communication/0_Communication.o
                0x00008970                _0_Communication_Init_RS485
 .text.UART1_IRQHandler
                0x00008a28       0xe0 ./Communication/0_Communication.o
                0x00008a28                UART1_IRQHandler
 .text.USB_IRQHandler
                0x00008b08       0x40 ./Communication/0_Communication.o
                0x00008b08                USB_IRQHandler
 .text._0_Communication_Send_Data
                0x00008b48       0x78 ./Communication/0_Communication.o
                0x00008b48                _0_Communication_Send_Data
 .text._0_Communication_Send_RS485
                0x00008bc0       0x6a ./Communication/0_Communication.o
                0x00008bc0                _0_Communication_Send_RS485
 *fill*         0x00008c2a        0x2 ff
 .text._0_Communication_Init_Event_Group
                0x00008c2c       0x28 ./Communication/0_Event_Group.o
                0x00008c2c                _0_Communication_Init_Event_Group
 .text.NVIC_EnableIRQ
                0x00008c54       0x30 ./Communication/1_Trame_Communication.o
 .text._1_Communication_Init
                0x00008c84       0x4c ./Communication/1_Trame_Communication.o
                0x00008c84                _1_Communication_Init
 .text._1_Communication_Create_Queues_Semaphores
                0x00008cd0       0x3c ./Communication/1_Trame_Communication.o
                0x00008cd0                _1_Communication_Create_Queues_Semaphores
 .text._1_Communication_Wait_To_Send
                0x00008d0c       0x38 ./Communication/1_Trame_Communication.o
                0x00008d0c                _1_Communication_Wait_To_Send
 .text._1_Communication_Free_Send_Bit
                0x00008d44       0x18 ./Communication/1_Trame_Communication.o
                0x00008d44                _1_Communication_Free_Send_Bit
 .text._1_Communication_Wait_To_Receive
                0x00008d5c       0x38 ./Communication/1_Trame_Communication.o
                0x00008d5c                _1_Communication_Wait_To_Receive
 .text._1_Communication_Free_Receive_Bit
                0x00008d94       0x18 ./Communication/1_Trame_Communication.o
                0x00008d94                _1_Communication_Free_Receive_Bit
 .text._1_Communication_Create_Trame
                0x00008dac      0x130 ./Communication/1_Trame_Communication.o
                0x00008dac                _1_Communication_Create_Trame
 .text._1_Communication_Create_Trame_From_Buffer
                0x00008edc      0x374 ./Communication/1_Trame_Communication.o
                0x00008edc                _1_Communication_Create_Trame_From_Buffer
 .text._1_Communication_Check_Rx_Adresse
                0x00009250       0x5a ./Communication/1_Trame_Communication.o
                0x00009250                _1_Communication_Check_Rx_Adresse
 .text._1_Communication_Check_Priority_Messages
                0x000092aa       0x14 ./Communication/1_Trame_Communication.o
                0x000092aa                _1_Communication_Check_Priority_Messages
 *fill*         0x000092be        0x2 ff
 .text._1_Communication_Recomposition_Rx
                0x000092c0       0x9c ./Communication/1_Trame_Communication.o
                0x000092c0                _1_Communication_Recomposition_Rx
 .text._2_Communication_Init
                0x0000935c       0x18 ./Communication/2_Echange_Datas.o
                0x0000935c                _2_Communication_Init
 .text._2_Comm_Send_Destination_Robot
                0x00009374       0xbc ./Communication/2_Echange_Datas.o
                0x00009374                _2_Comm_Send_Destination_Robot
 .text._2_Comm_Send_Demande_Info
                0x00009430       0x54 ./Communication/2_Echange_Datas.o
                0x00009430                _2_Comm_Send_Demande_Info
 .text._2_Comm_Send_PING
                0x00009484       0x54 ./Communication/2_Echange_Datas.o
                0x00009484                _2_Comm_Send_PING
 .text._2_Comm_Send_PONG
                0x000094d8       0x80 ./Communication/2_Echange_Datas.o
                0x000094d8                _2_Comm_Send_PONG
 .text._2_Comm_Send_Log_Message
                0x00009558      0x13c ./Communication/2_Echange_Datas.o
                0x00009558                _2_Comm_Send_Log_Message
 .text._2_Communication_Boards_Status
                0x00009694       0x58 ./Communication/2_Echange_Datas.o
                0x00009694                _2_Communication_Boards_Status
 .text._2_Communication_RX_Init
                0x000096ec       0x30 ./Communication/2_Echange_Datas_Reception.o
                0x000096ec                _2_Communication_RX_Init
 .text._2_Communication_RX_Lectures_Messages
                0x0000971c       0x98 ./Communication/2_Echange_Datas_Reception.o
                0x0000971c                _2_Communication_RX_Lectures_Messages
 .text._2_Communication_RX_Reponse_Infos
                0x000097b4       0x2a ./Communication/2_Echange_Datas_Reception.o
                0x000097b4                _2_Communication_RX_Reponse_Infos
 *fill*         0x000097de        0x2 ff
 .text.SystemCoreClockUpdate
                0x000097e0       0x10 C:\Robot\trunk\Workspaces\MultiWorkSpaces_2021\0_lpc_chip_175x_6x\Release\lib0_lpc_chip_175x_6x.a(chip_17xx_40xx.o)
                0x000097e0                SystemCoreClockUpdate
 .text.Chip_Clock_EnablePLL
                0x000097f0       0x24 C:\Robot\trunk\Workspaces\MultiWorkSpaces_2021\0_lpc_chip_175x_6x\Release\lib0_lpc_chip_175x_6x.a(clock_17xx_40xx.o)
                0x000097f0                Chip_Clock_EnablePLL
 .text.Chip_Clock_DisablePLL
                0x00009814       0x26 C:\Robot\trunk\Workspaces\MultiWorkSpaces_2021\0_lpc_chip_175x_6x\Release\lib0_lpc_chip_175x_6x.a(clock_17xx_40xx.o)
                0x00009814                Chip_Clock_DisablePLL
 .text.Chip_Clock_SetupPLL
                0x0000983a       0x30 C:\Robot\trunk\Workspaces\MultiWorkSpaces_2021\0_lpc_chip_175x_6x\Release\lib0_lpc_chip_175x_6x.a(clock_17xx_40xx.o)
                0x0000983a                Chip_Clock_SetupPLL
 *fill*         0x0000986a        0x2 ff
 .text.Chip_Clock_EnablePeriphClock
                0x0000986c       0x18 C:\Robot\trunk\Workspaces\MultiWorkSpaces_2021\0_lpc_chip_175x_6x\Release\lib0_lpc_chip_175x_6x.a(clock_17xx_40xx.o)
                0x0000986c                Chip_Clock_EnablePeriphClock
 .text.Chip_Clock_GetCPUClockSource
                0x00009884       0x10 C:\Robot\trunk\Workspaces\MultiWorkSpaces_2021\0_lpc_chip_175x_6x\Release\lib0_lpc_chip_175x_6x.a(clock_17xx_40xx.o)
                0x00009884                Chip_Clock_GetCPUClockSource
 .text.Chip_Clock_SetCPUClockDiv
                0x00009894        0xc C:\Robot\trunk\Workspaces\MultiWorkSpaces_2021\0_lpc_chip_175x_6x\Release\lib0_lpc_chip_175x_6x.a(clock_17xx_40xx.o)
                0x00009894                Chip_Clock_SetCPUClockDiv
 .text.Chip_Clock_GetCPUClockDiv
                0x000098a0       0x10 C:\Robot\trunk\Workspaces\MultiWorkSpaces_2021\0_lpc_chip_175x_6x\Release\lib0_lpc_chip_175x_6x.a(clock_17xx_40xx.o)
                0x000098a0                Chip_Clock_GetCPUClockDiv
 .text.Chip_Clock_GetPCLKDiv
                0x000098b0       0x38 C:\Robot\trunk\Workspaces\MultiWorkSpaces_2021\0_lpc_chip_175x_6x\Release\lib0_lpc_chip_175x_6x.a(clock_17xx_40xx.o)
                0x000098b0                Chip_Clock_GetPCLKDiv
 .text.Chip_Clock_GetSYSCLKRate
                0x000098e8       0x38 C:\Robot\trunk\Workspaces\MultiWorkSpaces_2021\0_lpc_chip_175x_6x\Release\lib0_lpc_chip_175x_6x.a(clock_17xx_40xx.o)
                0x000098e8                Chip_Clock_GetSYSCLKRate
 .text.Chip_Clock_GetMainPLLOutClockRate
                0x00009920       0x34 C:\Robot\trunk\Workspaces\MultiWorkSpaces_2021\0_lpc_chip_175x_6x\Release\lib0_lpc_chip_175x_6x.a(clock_17xx_40xx.o)
                0x00009920                Chip_Clock_GetMainPLLOutClockRate
 .text.Chip_Clock_GetMainClockRate
                0x00009954       0x20 C:\Robot\trunk\Workspaces\MultiWorkSpaces_2021\0_lpc_chip_175x_6x\Release\lib0_lpc_chip_175x_6x.a(clock_17xx_40xx.o)
                0x00009954                Chip_Clock_GetMainClockRate
 .text.Chip_Clock_GetSystemClockRate
                0x00009974       0x12 C:\Robot\trunk\Workspaces\MultiWorkSpaces_2021\0_lpc_chip_175x_6x\Release\lib0_lpc_chip_175x_6x.a(clock_17xx_40xx.o)
                0x00009974                Chip_Clock_GetSystemClockRate
 .text.Chip_Clock_GetPeripheralClockRate
                0x00009986       0x16 C:\Robot\trunk\Workspaces\MultiWorkSpaces_2021\0_lpc_chip_175x_6x\Release\lib0_lpc_chip_175x_6x.a(clock_17xx_40xx.o)
                0x00009986                Chip_Clock_GetPeripheralClockRate
 .text.RingBuffer_Init
                0x0000999c       0x10 C:\Robot\trunk\Workspaces\MultiWorkSpaces_2021\0_lpc_chip_175x_6x\Release\lib0_lpc_chip_175x_6x.a(ring_buffer.o)
                0x0000999c                RingBuffer_Init
 .text.RingBuffer_Insert
                0x000099ac       0x30 C:\Robot\trunk\Workspaces\MultiWorkSpaces_2021\0_lpc_chip_175x_6x\Release\lib0_lpc_chip_175x_6x.a(ring_buffer.o)
                0x000099ac                RingBuffer_Insert
 .text.RingBuffer_InsertMult
                0x000099dc       0x8c C:\Robot\trunk\Workspaces\MultiWorkSpaces_2021\0_lpc_chip_175x_6x\Release\lib0_lpc_chip_175x_6x.a(ring_buffer.o)
                0x000099dc                RingBuffer_InsertMult
 .text.RingBuffer_Pop
                0x00009a68       0x30 C:\Robot\trunk\Workspaces\MultiWorkSpaces_2021\0_lpc_chip_175x_6x\Release\lib0_lpc_chip_175x_6x.a(ring_buffer.o)
                0x00009a68                RingBuffer_Pop
 .text.RingBuffer_PopMult
                0x00009a98       0x7e C:\Robot\trunk\Workspaces\MultiWorkSpaces_2021\0_lpc_chip_175x_6x\Release\lib0_lpc_chip_175x_6x.a(ring_buffer.o)
                0x00009a98                RingBuffer_PopMult
 .text.RingBuffer_Count
                0x00009b16        0x8 C:\Robot\trunk\Workspaces\MultiWorkSpaces_2021\0_lpc_chip_175x_6x\Release\lib0_lpc_chip_175x_6x.a(ring_buffer.o)
                0x00009b16                RingBuffer_Count
 *fill*         0x00009b1e        0x2 ff
 .text.Chip_SetupIrcClocking
                0x00009b20       0x64 C:\Robot\trunk\Workspaces\MultiWorkSpaces_2021\0_lpc_chip_175x_6x\Release\lib0_lpc_chip_175x_6x.a(sysinit_17xx_40xx.o)
                0x00009b20                Chip_SetupIrcClocking
 .text.Chip_SetupXtalClocking
                0x00009b84       0xdc C:\Robot\trunk\Workspaces\MultiWorkSpaces_2021\0_lpc_chip_175x_6x\Release\lib0_lpc_chip_175x_6x.a(sysinit_17xx_40xx.o)
                0x00009b84                Chip_SetupXtalClocking
 .text.Chip_SystemInit
                0x00009c60        0x4 C:\Robot\trunk\Workspaces\MultiWorkSpaces_2021\0_lpc_chip_175x_6x\Release\lib0_lpc_chip_175x_6x.a(sysinit_17xx_40xx.o)
                0x00009c60                Chip_SystemInit
 .text.Chip_TIMER_Init
                0x00009c64       0x2c C:\Robot\trunk\Workspaces\MultiWorkSpaces_2021\0_lpc_chip_175x_6x\Release\lib0_lpc_chip_175x_6x.a(timer_17xx_40xx.o)
                0x00009c64                Chip_TIMER_Init
 .text.Chip_UART_Init
                0x00009c90       0x58 C:\Robot\trunk\Workspaces\MultiWorkSpaces_2021\0_lpc_chip_175x_6x\Release\lib0_lpc_chip_175x_6x.a(uart_17xx_40xx.o)
                0x00009c90                Chip_UART_Init
 .text.Chip_UART_TXEnable
                0x00009ce8        0x6 C:\Robot\trunk\Workspaces\MultiWorkSpaces_2021\0_lpc_chip_175x_6x\Release\lib0_lpc_chip_175x_6x.a(uart_17xx_40xx.o)
                0x00009ce8                Chip_UART_TXEnable
 *fill*         0x00009cee        0x2 ff
 .text.Chip_UART_SetBaud
                0x00009cf0       0x58 C:\Robot\trunk\Workspaces\MultiWorkSpaces_2021\0_lpc_chip_175x_6x\Release\lib0_lpc_chip_175x_6x.a(uart_17xx_40xx.o)
                0x00009cf0                Chip_UART_SetBaud
 .text.Chip_UART_RXIntHandlerRB
                0x00009d48       0x22 C:\Robot\trunk\Workspaces\MultiWorkSpaces_2021\0_lpc_chip_175x_6x\Release\lib0_lpc_chip_175x_6x.a(uart_17xx_40xx.o)
                0x00009d48                Chip_UART_RXIntHandlerRB
 .text.Chip_UART_TXIntHandlerRB
                0x00009d6a       0x24 C:\Robot\trunk\Workspaces\MultiWorkSpaces_2021\0_lpc_chip_175x_6x\Release\lib0_lpc_chip_175x_6x.a(uart_17xx_40xx.o)
                0x00009d6a                Chip_UART_TXIntHandlerRB
 *fill*         0x00009d8e        0x2 ff
 .text.Chip_UART_IRQRBHandler
                0x00009d90       0x68 C:\Robot\trunk\Workspaces\MultiWorkSpaces_2021\0_lpc_chip_175x_6x\Release\lib0_lpc_chip_175x_6x.a(uart_17xx_40xx.o)
                0x00009d90                Chip_UART_IRQRBHandler
 .text.Set_Clock_in
                0x00009df8        0xc C:\Robot\trunk\Workspaces\MultiWorkSpaces_2021\0_lpc_board_nxp_lpcxpresso_1769\Release\lib0_lpc_board_nxp_lpcxpresso_1769.a(board.o)
                0x00009df8                Set_Clock_in
 .text.Board_Init
                0x00009e04       0x12 C:\Robot\trunk\Workspaces\MultiWorkSpaces_2021\0_lpc_board_nxp_lpcxpresso_1769\Release\lib0_lpc_board_nxp_lpcxpresso_1769.a(board.o)
                0x00009e04                Board_Init
 .text.EPAdr    0x00009e16       0x10 C:\Robot\trunk\Workspaces\MultiWorkSpaces_2021\0_lpc_chip_175x_6x\libs\libusbd_175x_6x_lib.a(hw_usbd_ip3503.o)
                0x00009e16                EPAdr
 .text.hwWrCmd  0x00009e26       0x10 C:\Robot\trunk\Workspaces\MultiWorkSpaces_2021\0_lpc_chip_175x_6x\libs\libusbd_175x_6x_lib.a(hw_usbd_ip3503.o)
                0x00009e26                hwWrCmd
 .text.hwWrCmdDat
                0x00009e36       0x16 C:\Robot\trunk\Workspaces\MultiWorkSpaces_2021\0_lpc_chip_175x_6x\libs\libusbd_175x_6x_lib.a(hw_usbd_ip3503.o)
                0x00009e36                hwWrCmdDat
 .text.hwWrCmdEP
                0x00009e4c       0x24 C:\Robot\trunk\Workspaces\MultiWorkSpaces_2021\0_lpc_chip_175x_6x\libs\libusbd_175x_6x_lib.a(hw_usbd_ip3503.o)
                0x00009e4c                hwWrCmdEP
 .text.hwRdCmdDat
                0x00009e70       0x12 C:\Robot\trunk\Workspaces\MultiWorkSpaces_2021\0_lpc_chip_175x_6x\libs\libusbd_175x_6x_lib.a(hw_usbd_ip3503.o)
                0x00009e70                hwRdCmdDat
 .text.hwUSB_GetMemSize
                0x00009e82        0x6 C:\Robot\trunk\Workspaces\MultiWorkSpaces_2021\0_lpc_chip_175x_6x\libs\libusbd_175x_6x_lib.a(hw_usbd_ip3503.o)
                0x00009e82                hwUSB_GetMemSize
 .text.hwUSB_Connect
                0x00009e88       0x1c C:\Robot\trunk\Workspaces\MultiWorkSpaces_2021\0_lpc_chip_175x_6x\libs\libusbd_175x_6x_lib.a(hw_usbd_ip3503.o)
                0x00009e88                hwUSB_Connect
 .text.hwUSB_Reset
                0x00009ea4       0x30 C:\Robot\trunk\Workspaces\MultiWorkSpaces_2021\0_lpc_chip_175x_6x\libs\libusbd_175x_6x_lib.a(hw_usbd_ip3503.o)
                0x00009ea4                hwUSB_Reset
 .text.hwUSB_WakeUp
                0x00009ed4       0x20 C:\Robot\trunk\Workspaces\MultiWorkSpaces_2021\0_lpc_chip_175x_6x\libs\libusbd_175x_6x_lib.a(hw_usbd_ip3503.o)
                0x00009ed4                hwUSB_WakeUp
 .text.hwUSB_WakeUpCfg
                0x00009ef4        0x2 C:\Robot\trunk\Workspaces\MultiWorkSpaces_2021\0_lpc_chip_175x_6x\libs\libusbd_175x_6x_lib.a(hw_usbd_ip3503.o)
                0x00009ef4                hwUSB_WakeUpCfg
 *fill*         0x00009ef6        0x2 ff
 .text.hwUSB_SetAddress
                0x00009ef8       0x30 C:\Robot\trunk\Workspaces\MultiWorkSpaces_2021\0_lpc_chip_175x_6x\libs\libusbd_175x_6x_lib.a(hw_usbd_ip3503.o)
                0x00009ef8                hwUSB_SetAddress
 .text.hwUSB_Init
                0x00009f28       0x84 C:\Robot\trunk\Workspaces\MultiWorkSpaces_2021\0_lpc_chip_175x_6x\libs\libusbd_175x_6x_lib.a(hw_usbd_ip3503.o)
                0x00009f28                hwUSB_Init
 .text.hwUSB_Configure
                0x00009fac       0x34 C:\Robot\trunk\Workspaces\MultiWorkSpaces_2021\0_lpc_chip_175x_6x\libs\libusbd_175x_6x_lib.a(hw_usbd_ip3503.o)
                0x00009fac                hwUSB_Configure
 .text.hwUSB_ConfigEP
                0x00009fe0       0x32 C:\Robot\trunk\Workspaces\MultiWorkSpaces_2021\0_lpc_chip_175x_6x\libs\libusbd_175x_6x_lib.a(hw_usbd_ip3503.o)
                0x00009fe0                hwUSB_ConfigEP
 .text.hwUSB_DirCtrlEP
                0x0000a012        0x2 C:\Robot\trunk\Workspaces\MultiWorkSpaces_2021\0_lpc_chip_175x_6x\libs\libusbd_175x_6x_lib.a(hw_usbd_ip3503.o)
                0x0000a012                hwUSB_DirCtrlEP
 .text.hwUSB_EnableEP
                0x0000a014       0x24 C:\Robot\trunk\Workspaces\MultiWorkSpaces_2021\0_lpc_chip_175x_6x\libs\libusbd_175x_6x_lib.a(hw_usbd_ip3503.o)
                0x0000a014                hwUSB_EnableEP
 .text.hwUSB_DisableEP
                0x0000a038       0x28 C:\Robot\trunk\Workspaces\MultiWorkSpaces_2021\0_lpc_chip_175x_6x\libs\libusbd_175x_6x_lib.a(hw_usbd_ip3503.o)
                0x0000a038                hwUSB_DisableEP
 .text.hwUSB_ResetEP
                0x0000a060       0x24 C:\Robot\trunk\Workspaces\MultiWorkSpaces_2021\0_lpc_chip_175x_6x\libs\libusbd_175x_6x_lib.a(hw_usbd_ip3503.o)
                0x0000a060                hwUSB_ResetEP
 .text.hwUSB_SetStallEP
                0x0000a084       0x28 C:\Robot\trunk\Workspaces\MultiWorkSpaces_2021\0_lpc_chip_175x_6x\libs\libusbd_175x_6x_lib.a(hw_usbd_ip3503.o)
                0x0000a084                hwUSB_SetStallEP
 .text.hwUSB_ClrStallEP
                0x0000a0ac       0x24 C:\Robot\trunk\Workspaces\MultiWorkSpaces_2021\0_lpc_chip_175x_6x\libs\libusbd_175x_6x_lib.a(hw_usbd_ip3503.o)
                0x0000a0ac                hwUSB_ClrStallEP
 .text.hwUSB_EnableEvent
                0x0000a0d0       0xd8 C:\Robot\trunk\Workspaces\MultiWorkSpaces_2021\0_lpc_chip_175x_6x\libs\libusbd_175x_6x_lib.a(hw_usbd_ip3503.o)
                0x0000a0d0                hwUSB_EnableEvent
 .text.hwUSB_ReadEP
                0x0000a1a8       0x80 C:\Robot\trunk\Workspaces\MultiWorkSpaces_2021\0_lpc_chip_175x_6x\libs\libusbd_175x_6x_lib.a(hw_usbd_ip3503.o)
                0x0000a1a8                hwUSB_ReadEP
 .text.hwUSB_ForceFullSpeed
                0x0000a228        0x2 C:\Robot\trunk\Workspaces\MultiWorkSpaces_2021\0_lpc_chip_175x_6x\libs\libusbd_175x_6x_lib.a(hw_usbd_ip3503.o)
                0x0000a228                hwUSB_ForceFullSpeed
 .text.hwUSB_SetTestMode
                0x0000a22a        0x4 C:\Robot\trunk\Workspaces\MultiWorkSpaces_2021\0_lpc_chip_175x_6x\libs\libusbd_175x_6x_lib.a(hw_usbd_ip3503.o)
                0x0000a22a                hwUSB_SetTestMode
 .text.hwUSB_ReadReqEP
                0x0000a22e        0x4 C:\Robot\trunk\Workspaces\MultiWorkSpaces_2021\0_lpc_chip_175x_6x\libs\libusbd_175x_6x_lib.a(hw_usbd_ip3503.o)
                0x0000a22e                hwUSB_ReadReqEP
 .text.hwUSB_ReadSetupPkt
                0x0000a232        0x4 C:\Robot\trunk\Workspaces\MultiWorkSpaces_2021\0_lpc_chip_175x_6x\libs\libusbd_175x_6x_lib.a(hw_usbd_ip3503.o)
                0x0000a232                hwUSB_ReadSetupPkt
 *fill*         0x0000a236        0x2 ff
 .text.hwUSB_WriteEP
                0x0000a238       0x44 C:\Robot\trunk\Workspaces\MultiWorkSpaces_2021\0_lpc_chip_175x_6x\libs\libusbd_175x_6x_lib.a(hw_usbd_ip3503.o)
                0x0000a238                hwUSB_WriteEP
 .text.hwUSB_ISR
                0x0000a27c      0x1a0 C:\Robot\trunk\Workspaces\MultiWorkSpaces_2021\0_lpc_chip_175x_6x\libs\libusbd_175x_6x_lib.a(hw_usbd_ip3503.o)
                0x0000a27c                hwUSB_ISR
 .text.mwCDC_SetRequest
                0x0000a41c       0x7c C:\Robot\trunk\Workspaces\MultiWorkSpaces_2021\0_lpc_chip_175x_6x\libs\libusbd_175x_6x_lib.a(mw_usbd_cdcuser.o)
                0x0000a41c                mwCDC_SetRequest
 .text.mwCDC_ep0_hdlr
                0x0000a498       0xb0 C:\Robot\trunk\Workspaces\MultiWorkSpaces_2021\0_lpc_chip_175x_6x\libs\libusbd_175x_6x_lib.a(mw_usbd_cdcuser.o)
                0x0000a498                mwCDC_ep0_hdlr
 .text.mwCDC_GetRequest
                0x0000a548       0x50 C:\Robot\trunk\Workspaces\MultiWorkSpaces_2021\0_lpc_chip_175x_6x\libs\libusbd_175x_6x_lib.a(mw_usbd_cdcuser.o)
                0x0000a548                mwCDC_GetRequest
 .text.mwCDC_SendNotification
                0x0000a598       0x50 C:\Robot\trunk\Workspaces\MultiWorkSpaces_2021\0_lpc_chip_175x_6x\libs\libusbd_175x_6x_lib.a(mw_usbd_cdcuser.o)
                0x0000a598                mwCDC_SendNotification
 .text.mwCDC_GetMemSize
                0x0000a5e8        0x4 C:\Robot\trunk\Workspaces\MultiWorkSpaces_2021\0_lpc_chip_175x_6x\libs\libusbd_175x_6x_lib.a(mw_usbd_cdcuser.o)
                0x0000a5e8                mwCDC_GetMemSize
 .text.mwCDC_init
                0x0000a5ec      0x140 C:\Robot\trunk\Workspaces\MultiWorkSpaces_2021\0_lpc_chip_175x_6x\libs\libusbd_175x_6x_lib.a(mw_usbd_cdcuser.o)
                0x0000a5ec                mwCDC_init
 .text.USB_ReqGetConfiguration
                0x0000a72c       0x20 C:\Robot\trunk\Workspaces\MultiWorkSpaces_2021\0_lpc_chip_175x_6x\libs\libusbd_175x_6x_lib.a(mw_usbd_core.o)
                0x0000a72c                USB_ReqGetConfiguration
 .text.USBD_virt_to_phys
                0x0000a74c        0x2 C:\Robot\trunk\Workspaces\MultiWorkSpaces_2021\0_lpc_chip_175x_6x\libs\libusbd_175x_6x_lib.a(mw_usbd_core.o)
                0x0000a74c                USBD_virt_to_phys
 .text.USBD_cache_flush
                0x0000a74e        0x2 C:\Robot\trunk\Workspaces\MultiWorkSpaces_2021\0_lpc_chip_175x_6x\libs\libusbd_175x_6x_lib.a(mw_usbd_core.o)
                0x0000a74e                USBD_cache_flush
 .text.USB_ReqGetStatus
                0x0000a750       0x8c C:\Robot\trunk\Workspaces\MultiWorkSpaces_2021\0_lpc_chip_175x_6x\libs\libusbd_175x_6x_lib.a(mw_usbd_core.o)
                0x0000a750                USB_ReqGetStatus
 .text.USB_ReqGetDescriptor
                0x0000a7dc       0x84 C:\Robot\trunk\Workspaces\MultiWorkSpaces_2021\0_lpc_chip_175x_6x\libs\libusbd_175x_6x_lib.a(mw_usbd_core.o)
                0x0000a7dc                USB_ReqGetDescriptor
 .text.USB_ReqGetInterface
                0x0000a860       0x34 C:\Robot\trunk\Workspaces\MultiWorkSpaces_2021\0_lpc_chip_175x_6x\libs\libusbd_175x_6x_lib.a(mw_usbd_core.o)
                0x0000a860                USB_ReqGetInterface
 .text.USB_ReqSetClrFeature
                0x0000a894       0xb4 C:\Robot\trunk\Workspaces\MultiWorkSpaces_2021\0_lpc_chip_175x_6x\libs\libusbd_175x_6x_lib.a(mw_usbd_core.o)
                0x0000a894                USB_ReqSetClrFeature
 .text.USB_ReqSetConfiguration
                0x0000a948      0x194 C:\Robot\trunk\Workspaces\MultiWorkSpaces_2021\0_lpc_chip_175x_6x\libs\libusbd_175x_6x_lib.a(mw_usbd_core.o)
                0x0000a948                USB_ReqSetConfiguration
 .text.USB_ReqSetInterface
                0x0000aadc      0x144 C:\Robot\trunk\Workspaces\MultiWorkSpaces_2021\0_lpc_chip_175x_6x\libs\libusbd_175x_6x_lib.a(mw_usbd_core.o)
                0x0000aadc                USB_ReqSetInterface
 .text.mwUSB_SetupStage
                0x0000ac20        0xa C:\Robot\trunk\Workspaces\MultiWorkSpaces_2021\0_lpc_chip_175x_6x\libs\libusbd_175x_6x_lib.a(mw_usbd_core.o)
                0x0000ac20                mwUSB_SetupStage
 .text.mwUSB_DataInStage
                0x0000ac2a       0x2e C:\Robot\trunk\Workspaces\MultiWorkSpaces_2021\0_lpc_chip_175x_6x\libs\libusbd_175x_6x_lib.a(mw_usbd_core.o)
                0x0000ac2a                mwUSB_DataInStage
 .text.mwUSB_DataOutStage
                0x0000ac58       0x24 C:\Robot\trunk\Workspaces\MultiWorkSpaces_2021\0_lpc_chip_175x_6x\libs\libusbd_175x_6x_lib.a(mw_usbd_core.o)
                0x0000ac58                mwUSB_DataOutStage
 .text.mwUSB_StatusInStage
                0x0000ac7c        0xa C:\Robot\trunk\Workspaces\MultiWorkSpaces_2021\0_lpc_chip_175x_6x\libs\libusbd_175x_6x_lib.a(mw_usbd_core.o)
                0x0000ac7c                mwUSB_StatusInStage
 .text.mwUSB_StatusOutStage
                0x0000ac86        0xa C:\Robot\trunk\Workspaces\MultiWorkSpaces_2021\0_lpc_chip_175x_6x\libs\libusbd_175x_6x_lib.a(mw_usbd_core.o)
                0x0000ac86                mwUSB_StatusOutStage
 .text.mwUSB_StallEp0
                0x0000ac90       0x12 C:\Robot\trunk\Workspaces\MultiWorkSpaces_2021\0_lpc_chip_175x_6x\libs\libusbd_175x_6x_lib.a(mw_usbd_core.o)
                0x0000ac90                mwUSB_StallEp0
 *fill*         0x0000aca2        0x2 ff
 .text.USB_ReqSetAddress
                0x0000aca4       0x24 C:\Robot\trunk\Workspaces\MultiWorkSpaces_2021\0_lpc_chip_175x_6x\libs\libusbd_175x_6x_lib.a(mw_usbd_core.o)
                0x0000aca4                USB_ReqSetAddress
 .text.USB_InvokeEp0Hdlrs
                0x0000acc8       0x44 C:\Robot\trunk\Workspaces\MultiWorkSpaces_2021\0_lpc_chip_175x_6x\libs\libusbd_175x_6x_lib.a(mw_usbd_core.o)
                0x0000acc8                USB_InvokeEp0Hdlrs
 .text.mwUSB_ResetCore
                0x0000ad0c       0x26 C:\Robot\trunk\Workspaces\MultiWorkSpaces_2021\0_lpc_chip_175x_6x\libs\libusbd_175x_6x_lib.a(mw_usbd_core.o)
                0x0000ad0c                mwUSB_ResetCore
 *fill*         0x0000ad32        0x2 ff
 .text.USB_EvtSetupHandler
                0x0000ad34      0x108 C:\Robot\trunk\Workspaces\MultiWorkSpaces_2021\0_lpc_chip_175x_6x\libs\libusbd_175x_6x_lib.a(mw_usbd_core.o)
                0x0000ad34                USB_EvtSetupHandler
 .text.USB_EvtOutHandler
                0x0000ae3c       0x68 C:\Robot\trunk\Workspaces\MultiWorkSpaces_2021\0_lpc_chip_175x_6x\libs\libusbd_175x_6x_lib.a(mw_usbd_core.o)
                0x0000ae3c                USB_EvtOutHandler
 .text.USB_EndPoint0
                0x0000aea4       0x94 C:\Robot\trunk\Workspaces\MultiWorkSpaces_2021\0_lpc_chip_175x_6x\libs\libusbd_175x_6x_lib.a(mw_usbd_core.o)
                0x0000aea4                USB_EndPoint0
 .text.mwUSB_InitCore
                0x0000af38       0xdc C:\Robot\trunk\Workspaces\MultiWorkSpaces_2021\0_lpc_chip_175x_6x\libs\libusbd_175x_6x_lib.a(mw_usbd_core.o)
                0x0000af38                mwUSB_InitCore
 .text.mwUSB_RegisterClassHandler
                0x0000b014       0x28 C:\Robot\trunk\Workspaces\MultiWorkSpaces_2021\0_lpc_chip_175x_6x\libs\libusbd_175x_6x_lib.a(mw_usbd_core.o)
                0x0000b014                mwUSB_RegisterClassHandler
 .text.mwUSB_RegisterEpHandler
                0x0000b03c       0x24 C:\Robot\trunk\Workspaces\MultiWorkSpaces_2021\0_lpc_chip_175x_6x\libs\libusbd_175x_6x_lib.a(mw_usbd_core.o)
                0x0000b03c                mwUSB_RegisterEpHandler
 .text          0x0000b060       0x40 c:/nxp/mcuxpressoide_11.1.1_3241/ide/plugins/com.nxp.mcuxpresso.tools.win32_11.1.0.202001081728/tools/bin/../lib/gcc/arm-none-eabi/8.3.1/thumb/v7-m/nofp\libgcc.a(_arm_fixunsdfsi.o)
                0x0000b060                __aeabi_d2uiz
                0x0000b060                __fixunsdfsi
 .text          0x0000b0a0      0x21c c:/nxp/mcuxpressoide_11.1.1_3241/ide/plugins/com.nxp.mcuxpresso.tools.win32_11.1.0.202001081728/tools/bin/../lib/gcc/arm-none-eabi/8.3.1/thumb/v7-m/nofp\libgcc.a(_arm_addsubsf3.o)
                0x0000b0a0                __aeabi_frsub
                0x0000b0a8                __subsf3
                0x0000b0a8                __aeabi_fsub
                0x0000b0ac                __aeabi_fadd
                0x0000b0ac                __addsf3
                0x0000b20c                __aeabi_ui2f
                0x0000b20c                __floatunsisf
                0x0000b214                __aeabi_i2f
                0x0000b214                __floatsisf
                0x0000b230                __aeabi_ul2f
                0x0000b230                __floatundisf
                0x0000b240                __aeabi_l2f
                0x0000b240                __floatdisf
 .text          0x0000b2bc      0x2a0 c:/nxp/mcuxpressoide_11.1.1_3241/ide/plugins/com.nxp.mcuxpresso.tools.win32_11.1.0.202001081728/tools/bin/../lib/gcc/arm-none-eabi/8.3.1/thumb/v7-m/nofp\libgcc.a(_arm_muldivsf3.o)
                0x0000b2bc                __mulsf3
                0x0000b2bc                __aeabi_fmul
                0x0000b424                __aeabi_fdiv
                0x0000b424                __divsf3
 .text          0x0000b55c       0xec c:/nxp/mcuxpressoide_11.1.1_3241/ide/plugins/com.nxp.mcuxpresso.tools.win32_11.1.0.202001081728/tools/bin/../lib/gcc/arm-none-eabi/8.3.1/thumb/v7-m/nofp\libgcc.a(_arm_cmpsf2.o)
                0x0000b55c                __gesf2
                0x0000b55c                __gtsf2
                0x0000b564                __lesf2
                0x0000b564                __ltsf2
                0x0000b56c                __nesf2
                0x0000b56c                __eqsf2
                0x0000b56c                __cmpsf2
                0x0000b5cc                __aeabi_cfrcmple
                0x0000b5d4                __aeabi_cfcmpeq
                0x0000b5d4                __aeabi_cfcmple
                0x0000b5e4                __aeabi_fcmpeq
                0x0000b5f8                __aeabi_fcmplt
                0x0000b60c                __aeabi_fcmple
                0x0000b620                __aeabi_fcmpge
                0x0000b634                __aeabi_fcmpgt
 .text          0x0000b648       0x4c c:/nxp/mcuxpressoide_11.1.1_3241/ide/plugins/com.nxp.mcuxpresso.tools.win32_11.1.0.202001081728/tools/bin/../lib/gcc/arm-none-eabi/8.3.1/thumb/v7-m/nofp\libgcc.a(_arm_fixsfsi.o)
                0x0000b648                __aeabi_f2iz
                0x0000b648                __fixsfsi
 .text.memcpy   0x0000b694       0x1c c:/nxp/mcuxpressoide_11.1.1_3241/ide/plugins/com.nxp.mcuxpresso.tools.win32_11.1.0.202001081728/tools/bin/../lib/gcc/arm-none-eabi/8.3.1/../../../../arm-none-eabi/lib/thumb/v7-m/nofp\libc_nano.a(lib_a-memcpy-stub.o)
                0x0000b694                memcpy
 .text.memset   0x0000b6b0       0x10 c:/nxp/mcuxpressoide_11.1.1_3241/ide/plugins/com.nxp.mcuxpresso.tools.win32_11.1.0.202001081728/tools/bin/../lib/gcc/arm-none-eabi/8.3.1/../../../../arm-none-eabi/lib/thumb/v7-m/nofp\libc_nano.a(lib_a-memset.o)
                0x0000b6b0                memset
 .text.sprintf  0x0000b6c0       0x40 c:/nxp/mcuxpressoide_11.1.1_3241/ide/plugins/com.nxp.mcuxpresso.tools.win32_11.1.0.202001081728/tools/bin/../lib/gcc/arm-none-eabi/8.3.1/../../../../arm-none-eabi/lib/thumb/v7-m/nofp\libc_nano.a(lib_a-sprintf.o)
                0x0000b6c0                siprintf
                0x0000b6c0                sprintf
 .text          0x0000b700       0x10 c:/nxp/mcuxpressoide_11.1.1_3241/ide/plugins/com.nxp.mcuxpresso.tools.win32_11.1.0.202001081728/tools/bin/../lib/gcc/arm-none-eabi/8.3.1/../../../../arm-none-eabi/lib/thumb/v7-m/nofp\libc_nano.a(lib_a-strlen.o)
                0x0000b700                strlen
 .text.strncmp  0x0000b710       0x24 c:/nxp/mcuxpressoide_11.1.1_3241/ide/plugins/com.nxp.mcuxpresso.tools.win32_11.1.0.202001081728/tools/bin/../lib/gcc/arm-none-eabi/8.3.1/../../../../arm-none-eabi/lib/thumb/v7-m/nofp\libc_nano.a(lib_a-strncmp.o)
                0x0000b710                strncmp
 .text.__ssputs_r
                0x0000b734       0xb6 c:/nxp/mcuxpressoide_11.1.1_3241/ide/plugins/com.nxp.mcuxpresso.tools.win32_11.1.0.202001081728/tools/bin/../lib/gcc/arm-none-eabi/8.3.1/../../../../arm-none-eabi/lib/thumb/v7-m/nofp\libc_nano.a(lib_a-nano-svfprintf.o)
                0x0000b734                __ssputs_r
 *fill*         0x0000b7ea        0x2 ff
 .text._svfprintf_r
                0x0000b7ec      0x1f0 c:/nxp/mcuxpressoide_11.1.1_3241/ide/plugins/com.nxp.mcuxpresso.tools.win32_11.1.0.202001081728/tools/bin/../lib/gcc/arm-none-eabi/8.3.1/../../../../arm-none-eabi/lib/thumb/v7-m/nofp\libc_nano.a(lib_a-nano-svfprintf.o)
                0x0000b7ec                _svfiprintf_r
                0x0000b7ec                _svfprintf_r
 .text._printf_common
                0x0000b9dc       0xec c:/nxp/mcuxpressoide_11.1.1_3241/ide/plugins/com.nxp.mcuxpresso.tools.win32_11.1.0.202001081728/tools/bin/../lib/gcc/arm-none-eabi/8.3.1/../../../../arm-none-eabi/lib/thumb/v7-m/nofp\libc_nano.a(lib_a-nano-vfprintf_i.o)
                0x0000b9dc                _printf_common
 .text._printf_i
                0x0000bac8      0x22c c:/nxp/mcuxpressoide_11.1.1_3241/ide/plugins/com.nxp.mcuxpresso.tools.win32_11.1.0.202001081728/tools/bin/../lib/gcc/arm-none-eabi/8.3.1/../../../../arm-none-eabi/lib/thumb/v7-m/nofp\libc_nano.a(lib_a-nano-vfprintf_i.o)
                0x0000bac8                _printf_i
 .text.memchr   0x0000bcf4       0x1c c:/nxp/mcuxpressoide_11.1.1_3241/ide/plugins/com.nxp.mcuxpresso.tools.win32_11.1.0.202001081728/tools/bin/../lib/gcc/arm-none-eabi/8.3.1/../../../../arm-none-eabi/lib/thumb/v7-m/nofp\libc_nano.a(lib_a-memchr-stub.o)
                0x0000bcf4                memchr
 .text.memmove  0x0000bd10       0x34 c:/nxp/mcuxpressoide_11.1.1_3241/ide/plugins/com.nxp.mcuxpresso.tools.win32_11.1.0.202001081728/tools/bin/../lib/gcc/arm-none-eabi/8.3.1/../../../../arm-none-eabi/lib/thumb/v7-m/nofp\libc_nano.a(lib_a-memmove.o)
                0x0000bd10                memmove
 .text._free_r  0x0000bd44       0x98 c:/nxp/mcuxpressoide_11.1.1_3241/ide/plugins/com.nxp.mcuxpresso.tools.win32_11.1.0.202001081728/tools/bin/../lib/gcc/arm-none-eabi/8.3.1/../../../../arm-none-eabi/lib/thumb/v7-m/nofp\libc_nano.a(lib_a-nano-freer.o)
                0x0000bd44                _free_r
 .text._malloc_r
                0x0000bddc       0xb4 c:/nxp/mcuxpressoide_11.1.1_3241/ide/plugins/com.nxp.mcuxpresso.tools.win32_11.1.0.202001081728/tools/bin/../lib/gcc/arm-none-eabi/8.3.1/../../../../arm-none-eabi/lib/thumb/v7-m/nofp\libc_nano.a(lib_a-nano-mallocr.o)
                0x0000bddc                _malloc_r
 .text._realloc_r
                0x0000be90       0x4c c:/nxp/mcuxpressoide_11.1.1_3241/ide/plugins/com.nxp.mcuxpresso.tools.win32_11.1.0.202001081728/tools/bin/../lib/gcc/arm-none-eabi/8.3.1/../../../../arm-none-eabi/lib/thumb/v7-m/nofp\libc_nano.a(lib_a-nano-reallocr.o)
                0x0000be90                _realloc_r
 .text._sbrk_r  0x0000bedc       0x20 c:/nxp/mcuxpressoide_11.1.1_3241/ide/plugins/com.nxp.mcuxpresso.tools.win32_11.1.0.202001081728/tools/bin/../lib/gcc/arm-none-eabi/8.3.1/../../../../arm-none-eabi/lib/thumb/v7-m/nofp\libc_nano.a(lib_a-sbrkr.o)
                0x0000bedc                _sbrk_r
 .text.__malloc_lock
                0x0000befc        0xc c:/nxp/mcuxpressoide_11.1.1_3241/ide/plugins/com.nxp.mcuxpresso.tools.win32_11.1.0.202001081728/tools/bin/../lib/gcc/arm-none-eabi/8.3.1/../../../../arm-none-eabi/lib/thumb/v7-m/nofp\libc_nano.a(lib_a-mlock.o)
                0x0000befc                __malloc_lock
 .text.__malloc_unlock
                0x0000bf08        0xc c:/nxp/mcuxpressoide_11.1.1_3241/ide/plugins/com.nxp.mcuxpresso.tools.win32_11.1.0.202001081728/tools/bin/../lib/gcc/arm-none-eabi/8.3.1/../../../../arm-none-eabi/lib/thumb/v7-m/nofp\libc_nano.a(lib_a-mlock.o)
                0x0000bf08                __malloc_unlock
 .text._malloc_usable_size_r
                0x0000bf14       0x10 c:/nxp/mcuxpressoide_11.1.1_3241/ide/plugins/com.nxp.mcuxpresso.tools.win32_11.1.0.202001081728/tools/bin/../lib/gcc/arm-none-eabi/8.3.1/../../../../arm-none-eabi/lib/thumb/v7-m/nofp\libc_nano.a(lib_a-nano-msizer.o)
                0x0000bf14                _malloc_usable_size_r
 .text.__retarget_lock_acquire_recursive
                0x0000bf24        0x2 c:/nxp/mcuxpressoide_11.1.1_3241/ide/plugins/com.nxp.mcuxpresso.tools.win32_11.1.0.202001081728/tools/bin/../lib/gcc/arm-none-eabi/8.3.1/../../../../arm-none-eabi/lib/thumb/v7-m/nofp\libc_nano.a(lib_a-lock.o)
                0x0000bf24                __retarget_lock_acquire_recursive
 .text.__retarget_lock_release_recursive
                0x0000bf26        0x2 c:/nxp/mcuxpressoide_11.1.1_3241/ide/plugins/com.nxp.mcuxpresso.tools.win32_11.1.0.202001081728/tools/bin/../lib/gcc/arm-none-eabi/8.3.1/../../../../arm-none-eabi/lib/thumb/v7-m/nofp\libc_nano.a(lib_a-lock.o)
                0x0000bf26                __retarget_lock_release_recursive
 .text.sqrtf    0x0000bf28       0x48 c:/nxp/mcuxpressoide_11.1.1_3241/ide/plugins/com.nxp.mcuxpresso.tools.win32_11.1.0.202001081728/tools/bin/../lib/gcc/arm-none-eabi/8.3.1/../../../../arm-none-eabi/lib/thumb/v7-m/nofp\libm.a(lib_a-wf_sqrt.o)
                0x0000bf28                sqrtf
 .text.__ieee754_sqrtf
                0x0000bf70       0xa8 c:/nxp/mcuxpressoide_11.1.1_3241/ide/plugins/com.nxp.mcuxpresso.tools.win32_11.1.0.202001081728/tools/bin/../lib/gcc/arm-none-eabi/8.3.1/../../../../arm-none-eabi/lib/thumb/v7-m/nofp\libm.a(lib_a-ef_sqrt.o)
                0x0000bf70                __ieee754_sqrtf
 .text._sbrk    0x0000c018       0x3c c:/nxp/mcuxpressoide_11.1.1_3241/ide/plugins/com.nxp.mcuxpresso.tools.win32_11.1.0.202001081728/tools/bin/../lib/gcc/arm-none-eabi/8.3.1/../../../../arm-none-eabi/lib/thumb/v7-m/nofp\libcr_newlib_none.a(_cr_sbrk.o)
                0x0000c018                _sbrk
 .text.__check_heap_overflow
                0x0000c054       0x18 c:/nxp/mcuxpressoide_11.1.1_3241/ide/plugins/com.nxp.mcuxpresso.tools.win32_11.1.0.202001081728/tools/bin/../lib/gcc/arm-none-eabi/8.3.1/../../../../arm-none-eabi/lib/thumb/v7-m/nofp\libcr_newlib_none.a(_cr_check_heap.o)
                0x0000c054                __check_heap_overflow
 .text          0x0000c06c       0x2c c:/nxp/mcuxpressoide_11.1.1_3241/ide/plugins/com.nxp.mcuxpresso.tools.win32_11.1.0.202001081728/tools/bin/../lib/gcc/arm-none-eabi/8.3.1/thumb/v7-m/nofp\libgcc.a(_arm_unordsf2.o)
                0x0000c06c                __unordsf2
                0x0000c06c                __aeabi_fcmpun
 .text.__errno  0x0000c098        0xc c:/nxp/mcuxpressoide_11.1.1_3241/ide/plugins/com.nxp.mcuxpresso.tools.win32_11.1.0.202001081728/tools/bin/../lib/gcc/arm-none-eabi/8.3.1/../../../../arm-none-eabi/lib/thumb/v7-m/nofp\libc_nano.a(lib_a-errno.o)
                0x0000c098                __errno
 *(.rodata .rodata.* .constdata .constdata.*)
 .rodata.main.str1.4
                0x0000c0a4        0xf ./src/IA_2021_V0.o
 *fill*         0x0000c0b3        0x1 ff
 .rodata.Set_Debug_Pin_0_High.str1.4
                0x0000c0b4       0x11 ./src/Init.o
 *fill*         0x0000c0c5        0x3 ff
 .rodata.Set_Debug_Pin_0_Low.str1.4
                0x0000c0c8       0x10 ./src/Init.o
 .rodata.Set_Debug_Pin_1_Low.str1.4
                0x0000c0d8       0x10 ./src/Init.o
 .rodata.Init_Carte_IA.str1.4
                0x0000c0e8       0x25 ./src/Init.o
 *fill*         0x0000c10d        0x3 ff
 .rodata        0x0000c110       0x15 ./src/test.o
 *fill*         0x0000c125        0x3 ff
 .rodata.vTaskStartScheduler.str1.4
                0x0000c128        0x5 ./freertos/src/tasks.o
 *fill*         0x0000c12d        0x3 ff
 .rodata.xTimerCreateTimerTask.str1.4
                0x0000c130        0x8 ./freertos/src/timers.o
 .rodata.prvCheckForValidListAndQueue.str1.4
                0x0000c138        0x5 ./freertos/src/timers.o
 *fill*         0x0000c13d        0x3 ff
 .rodata.pszTraceGetErrorNotEnoughHandles.str1.4
                0x0000c140      0x2fe ./freertos/FreeRTOS_Trace/trcKernelPort.o
 *fill*         0x0000c43e        0x2 ff
 .rodata.vTraceEnable.str1.4
                0x0000c440       0x74 ./freertos/FreeRTOS_Trace/trcSnapshotRecorder.o
 .rodata.uiTraceStart.str1.4
                0x0000c4b4       0x4e ./freertos/FreeRTOS_Trace/trcSnapshotRecorder.o
 *fill*         0x0000c502        0x2 ff
 .rodata.xTraceSetISRProperties.str1.4
                0x0000c504       0xb7 ./freertos/FreeRTOS_Trace/trcSnapshotRecorder.o
 *fill*         0x0000c5bb        0x1 ff
 .rodata.vTraceStoreISRBegin.str1.4
                0x0000c5bc       0xd4 ./freertos/FreeRTOS_Trace/trcSnapshotRecorder.o
 .rodata.vTraceStoreISREnd.str1.4
                0x0000c690       0x7c ./freertos/FreeRTOS_Trace/trcSnapshotRecorder.o
 .rodata.writeInt8.str1.4
                0x0000c70c       0x28 ./freertos/FreeRTOS_Trace/trcSnapshotRecorder.o
 .rodata.writeInt16.str1.4
                0x0000c734       0x29 ./freertos/FreeRTOS_Trace/trcSnapshotRecorder.o
 *fill*         0x0000c75d        0x3 ff
 .rodata.writeInt32.str1.4
                0x0000c760       0x29 ./freertos/FreeRTOS_Trace/trcSnapshotRecorder.o
 *fill*         0x0000c789        0x3 ff
 .rodata.prvTraceUserEventFormat.str1.4
                0x0000c78c       0x6d ./freertos/FreeRTOS_Trace/trcSnapshotRecorder.o
 *fill*         0x0000c7f9        0x3 ff
 .rodata.vTracePrintF_Helper.str1.4
                0x0000c7fc       0x35 ./freertos/FreeRTOS_Trace/trcSnapshotRecorder.o
 *fill*         0x0000c831        0x3 ff
 .rodata.xTraceRegisterString.str1.4
                0x0000c834       0x32 ./freertos/FreeRTOS_Trace/trcSnapshotRecorder.o
 *fill*         0x0000c866        0x2 ff
 .rodata.prvTraceStoreTaskReady.str1.4
                0x0000c868       0x75 ./freertos/FreeRTOS_Trace/trcSnapshotRecorder.o
 *fill*         0x0000c8dd        0x3 ff
 .rodata.prvTraceStoreKernelCall.str1.4
                0x0000c8e0       0xfd ./freertos/FreeRTOS_Trace/trcSnapshotRecorder.o
 *fill*         0x0000c9dd        0x3 ff
 .rodata.prvTraceStoreKernelCallWithParam.str1.4
                0x0000c9e0      0x115 ./freertos/FreeRTOS_Trace/trcSnapshotRecorder.o
 *fill*         0x0000caf5        0x3 ff
 .rodata.prvTraceGetParam.str1.4
                0x0000caf8       0x3c ./freertos/FreeRTOS_Trace/trcSnapshotRecorder.o
 .rodata.prvTraceStoreKernelCallWithNumericParamOnly.str1.4
                0x0000cb34       0x8d ./freertos/FreeRTOS_Trace/trcSnapshotRecorder.o
 *fill*         0x0000cbc1        0x3 ff
 .rodata.prvTraceStoreTaskswitch.str1.4
                0x0000cbc4       0x45 ./freertos/FreeRTOS_Trace/trcSnapshotRecorder.o
 *fill*         0x0000cc09        0x3 ff
 .rodata.prvTraceStoreObjectNameOnCloseEvent.str1.4
                0x0000cc0c       0xa0 ./freertos/FreeRTOS_Trace/trcSnapshotRecorder.o
 .rodata.prvTraceStoreObjectPropertiesOnCloseEvent.str1.4
                0x0000ccac       0xaa ./freertos/FreeRTOS_Trace/trcSnapshotRecorder.o
 *fill*         0x0000cd56        0x2 ff
 .rodata.prvTraceSetPriorityProperty.str1.4
                0x0000cd58       0x8c ./freertos/FreeRTOS_Trace/trcSnapshotRecorder.o
 .rodata.prvTraceGetPriorityProperty.str1.4
                0x0000cde4       0x8c ./freertos/FreeRTOS_Trace/trcSnapshotRecorder.o
 .rodata.prvTraceSetObjectState.str1.4
                0x0000ce70       0x7f ./freertos/FreeRTOS_Trace/trcSnapshotRecorder.o
 *fill*         0x0000ceef        0x1 ff
 .rodata.prvTraceGetObjectState.str1.4
                0x0000cef0       0x7f ./freertos/FreeRTOS_Trace/trcSnapshotRecorder.o
 *fill*         0x0000cf6f        0x1 ff
 .rodata.prvTraceSetTaskInstanceFinished.str1.4
                0x0000cf70       0x48 ./freertos/FreeRTOS_Trace/trcSnapshotRecorder.o
 .rodata.prvTraceInitTraceData.str1.4
                0x0000cfb8       0x14 ./freertos/FreeRTOS_Trace/trcSnapshotRecorder.o
 .rodata.prvTraceNextFreeEventBufferSlot.str1.4
                0x0000cfcc       0x27 ./freertos/FreeRTOS_Trace/trcSnapshotRecorder.o
 *fill*         0x0000cff3        0x1 ff
 .rodata.uiIndexOfObject.str1.4
                0x0000cff4       0xc0 ./freertos/FreeRTOS_Trace/trcSnapshotRecorder.o
 .rodata.prvTraceGetObjectHandle.str1.4
                0x0000d0b4       0x45 ./freertos/FreeRTOS_Trace/trcSnapshotRecorder.o
 *fill*         0x0000d0f9        0x3 ff
 .rodata.prvTraceFreeObjectHandle.str1.4
                0x0000d0fc       0xb9 ./freertos/FreeRTOS_Trace/trcSnapshotRecorder.o
 *fill*         0x0000d1b5        0x3 ff
 .rodata.prvTraceSetObjectName.str1.4
                0x0000d1b8       0x91 ./freertos/FreeRTOS_Trace/trcSnapshotRecorder.o
 *fill*         0x0000d249        0x3 ff
 .rodata.prvTraceOpenSymbol.str1.4
                0x0000d24c       0x2f ./freertos/FreeRTOS_Trace/trcSnapshotRecorder.o
 *fill*         0x0000d27b        0x1 ff
 .rodata.prvTraceGetDTS.str1.4
                0x0000d27c       0x63 ./freertos/FreeRTOS_Trace/trcSnapshotRecorder.o
 *fill*         0x0000d2df        0x1 ff
 .rodata.prvTraceLookupSymbolTableEntry.str1.4
                0x0000d2e0       0x73 ./freertos/FreeRTOS_Trace/trcSnapshotRecorder.o
 *fill*         0x0000d353        0x1 ff
 .rodata.prvTraceCreateSymbolTableEntry.str1.4
                0x0000d354       0xb9 ./freertos/FreeRTOS_Trace/trcSnapshotRecorder.o
 *fill*         0x0000d40d        0x3 ff
 .rodata.prvTraceGetChecksum.str1.4
                0x0000d410       0x97 ./freertos/FreeRTOS_Trace/trcSnapshotRecorder.o
 *fill*         0x0000d4a7        0x1 ff
 .rodata._0_Deplacement_Init.str1.4
                0x0000d4a8       0x14 ./Strategie/Deplacement/0_Deplacements.o
 .rodata._0_Deplacement_Tourne_Avance_ASTAR.str1.4
                0x0000d4bc        0xd ./Strategie/Deplacement/0_Deplacements.o
 *fill*         0x0000d4c9        0x3 ff
 .rodata._0_Deplacement_ASTAR.str1.4
                0x0000d4cc       0x2f ./Strategie/Deplacement/0_Deplacements.o
 *fill*         0x0000d4fb        0x1 ff
 .rodata.Astar_Find_Path.str1.4
                0x0000d4fc       0x36 ./Pathfinding/Astar/Astar.o
 *fill*         0x0000d532        0x2 ff
 .rodata.g_usbApi
                0x0000d534       0x20 ./Communication/USB/src/cdc_usb_main.o
 .rodata        0x0000d554       0x62 ./Communication/0_Communication.o
 *fill*         0x0000d5b6        0x2 ff
 .rodata._0_Communication_Init_Event_Group.str1.4
                0x0000d5b8       0x13 ./Communication/0_Event_Group.o
 *fill*         0x0000d5cb        0x1 ff
 .rodata        0x0000d5cc       0xdf ./Communication/1_Trame_Communication.o
 *fill*         0x0000d6ab        0x1 ff
 .rodata._2_Comm_Send_Destination_Robot.str1.4
                0x0000d6ac       0x30 ./Communication/2_Echange_Datas.o
 .rodata._2_Comm_Send_PONG.str1.4
                0x0000d6dc       0x3c ./Communication/2_Echange_Datas.o
 .rodata._2_Communication_RX_Init.str1.4
                0x0000d718       0x11 ./Communication/2_Echange_Datas_Reception.o
 *fill*         0x0000d729        0x3 ff
 .rodata._2_Communication_RX_Lectures_Messages.str1.4
                0x0000d72c       0x2c ./Communication/2_Echange_Datas_Reception.o
                                 0x2b (size before relaxing)
 .rodata.MainOscPLL0conf_12
                0x0000d758       0xf0 C:\Robot\trunk\Workspaces\MultiWorkSpaces_2021\0_lpc_chip_175x_6x\Release\lib0_lpc_chip_175x_6x.a(sysinit_17xx_40xx.o)
 .rodata.MainOscPLL0conf_16
                0x0000d848       0xb0 C:\Robot\trunk\Workspaces\MultiWorkSpaces_2021\0_lpc_chip_175x_6x\Release\lib0_lpc_chip_175x_6x.a(sysinit_17xx_40xx.o)
 .rodata.RTCOscRateIn
                0x0000d8f8        0x4 C:\Robot\trunk\Workspaces\MultiWorkSpaces_2021\0_lpc_board_nxp_lpcxpresso_1769\Release\lib0_lpc_board_nxp_lpcxpresso_1769.a(board.o)
                0x0000d8f8                RTCOscRateIn
 .rodata.hw_api
                0x0000d8fc       0x5c C:\Robot\trunk\Workspaces\MultiWorkSpaces_2021\0_lpc_chip_175x_6x\libs\libusbd_175x_6x_lib.a(mw_usbd_rom_api.o)
                0x0000d8fc                hw_api
 .rodata.core_api
                0x0000d958       0x20 C:\Robot\trunk\Workspaces\MultiWorkSpaces_2021\0_lpc_chip_175x_6x\libs\libusbd_175x_6x_lib.a(mw_usbd_rom_api.o)
                0x0000d958                core_api
 .rodata.cdc_api
                0x0000d978        0xc C:\Robot\trunk\Workspaces\MultiWorkSpaces_2021\0_lpc_chip_175x_6x\libs\libusbd_175x_6x_lib.a(mw_usbd_rom_api.o)
                0x0000d978                cdc_api
 .rodata._svfprintf_r.str1.1
                0x0000d984       0x11 c:/nxp/mcuxpressoide_11.1.1_3241/ide/plugins/com.nxp.mcuxpresso.tools.win32_11.1.0.202001081728/tools/bin/../lib/gcc/arm-none-eabi/8.3.1/../../../../arm-none-eabi/lib/thumb/v7-m/nofp\libc_nano.a(lib_a-nano-svfprintf.o)
 .rodata._printf_i.str1.1
                0x0000d995       0x22 c:/nxp/mcuxpressoide_11.1.1_3241/ide/plugins/com.nxp.mcuxpresso.tools.win32_11.1.0.202001081728/tools/bin/../lib/gcc/arm-none-eabi/8.3.1/../../../../arm-none-eabi/lib/thumb/v7-m/nofp\libc_nano.a(lib_a-nano-vfprintf_i.o)
                0x0000d9b8                . = ALIGN (0x4)
 *fill*         0x0000d9b7        0x1 ff

.glue_7         0x0000d9b8        0x0
 .glue_7        0x0000d9b8        0x0 linker stubs

.glue_7t        0x0000d9b8        0x0
 .glue_7t       0x0000d9b8        0x0 linker stubs

.vfp11_veneer   0x0000d9b8        0x0
 .vfp11_veneer  0x0000d9b8        0x0 linker stubs

.v4_bx          0x0000d9b8        0x0
 .v4_bx         0x0000d9b8        0x0 linker stubs

.iplt           0x0000d9b8        0x0
 .iplt          0x0000d9b8        0x0 ./src/IA_2021_V0.o

.rel.dyn        0x0000d9b8        0x0
 .rel.iplt      0x0000d9b8        0x0 ./src/IA_2021_V0.o

.ARM.extab
 *(.ARM.extab* .gnu.linkonce.armextab.*)

.ARM.exidx      0x0000d9b8        0x0
                0x0000d9b8                __exidx_start = .
 *(.ARM.exidx* .gnu.linkonce.armexidx.*)
                0x0000d9b8                __exidx_end = .
                0x0000d9b8                _etext = .

.data_RAM2      0x2007c000        0x0 load address 0x0000d9b8
 FILL mask 0xff
                [!provide]                PROVIDE (__start_data_RAM2 = .)
                [!provide]                PROVIDE (__start_data_RamAHB32 = .)
 *(.ramfunc.$RAM2)
 *(.ramfunc.$RamAHB32)
 *(.data.$RAM2)
 *(.data.$RamAHB32)
 *(.data.$RAM2.*)
 *(.data.$RamAHB32.*)
                0x2007c000                . = ALIGN (0x4)
                [!provide]                PROVIDE (__end_data_RAM2 = .)
                [!provide]                PROVIDE (__end_data_RamAHB32 = .)

.data_RAM3      0x2007c800        0x0 load address 0x0000d9b8
 FILL mask 0xff
                [!provide]                PROVIDE (__start_data_RAM3 = .)
                [!provide]                PROVIDE (__start_data_RAM3 = .)
 *(.ramfunc.$RAM3)
 *(.ramfunc.$RAM3)
 *(.data.$RAM3)
 *(.data.$RAM3)
 *(.data.$RAM3.*)
 *(.data.$RAM3.*)
                0x2007c800                . = ALIGN (0x4)
                [!provide]                PROVIDE (__end_data_RAM3 = .)
                [!provide]                PROVIDE (__end_data_RAM3 = .)

.uninit_RESERVED
                0x10000000        0x0
                0x10000000                _start_uninit_RESERVED = .
 *(.bss.$RESERVED*)
                0x10000000                . = ALIGN (0x4)
                0x10000000                _end_uninit_RESERVED = .

.data           0x10000000       0x94 load address 0x0000d9b8
 FILL mask 0xff
                0x10000000                _data = .