Archive member included to satisfy reference by file (symbol)

D:\Developpement_Robot\MultiWorkSpaces_2021\0_lpc_chip_175x_6x\Release\lib0_lpc_chip_175x_6x.a(chip_17xx_40xx.o)
                              ./src/IA_2021_V0.o (SystemCoreClockUpdate)
D:\Developpement_Robot\MultiWorkSpaces_2021\0_lpc_chip_175x_6x\Release\lib0_lpc_chip_175x_6x.a(clock_17xx_40xx.o)
                              D:\Developpement_Robot\MultiWorkSpaces_2021\0_lpc_chip_175x_6x\Release\lib0_lpc_chip_175x_6x.a(chip_17xx_40xx.o) (Chip_Clock_EnablePLL)
D:\Developpement_Robot\MultiWorkSpaces_2021\0_lpc_chip_175x_6x\Release\lib0_lpc_chip_175x_6x.a(ring_buffer.o)
                              ./Communication/0_Communication.o (RingBuffer_Init)
D:\Developpement_Robot\MultiWorkSpaces_2021\0_lpc_chip_175x_6x\Release\lib0_lpc_chip_175x_6x.a(stopwatch_17xx_40xx.o)
                              ./Communication/USB/src/cdc_usb_main.o (StopWatch_Init)
D:\Developpement_Robot\MultiWorkSpaces_2021\0_lpc_chip_175x_6x\Release\lib0_lpc_chip_175x_6x.a(sysinit_17xx_40xx.o)
                              ./src/IA_2021_V0.o (Chip_SetupXtalClocking)
D:\Developpement_Robot\MultiWorkSpaces_2021\0_lpc_chip_175x_6x\Release\lib0_lpc_chip_175x_6x.a(timer_17xx_40xx.o)
                              ./src/IA_2021_V0.o (Chip_TIMER_Init)
D:\Developpement_Robot\MultiWorkSpaces_2021\0_lpc_chip_175x_6x\Release\lib0_lpc_chip_175x_6x.a(uart_17xx_40xx.o)
                              ./Communication/0_Communication.o (Chip_UART_Init)
D:\Developpement_Robot\MultiWorkSpaces_2021\0_lpc_board_nxp_lpcxpresso_1769\Release\lib0_lpc_board_nxp_lpcxpresso_1769.a(board.o)
                              ./src/IA_2021_V0.o (Set_Clock_in)
D:\Developpement_Robot\MultiWorkSpaces_2021\0_lpc_chip_175x_6x\libs\libusbd_175x_6x_lib.a(mw_usbd_rom_api.o)
                              ./Communication/USB/src/cdc_usb_main.o (cdc_api)
D:\Developpement_Robot\MultiWorkSpaces_2021\0_lpc_chip_175x_6x\libs\libusbd_175x_6x_lib.a(hw_usbd_ip3503.o)
                              D:\Developpement_Robot\MultiWorkSpaces_2021\0_lpc_chip_175x_6x\libs\libusbd_175x_6x_lib.a(mw_usbd_rom_api.o) (hwUSB_GetMemSize)
D:\Developpement_Robot\MultiWorkSpaces_2021\0_lpc_chip_175x_6x\libs\libusbd_175x_6x_lib.a(mw_usbd_cdcuser.o)
                              D:\Developpement_Robot\MultiWorkSpaces_2021\0_lpc_chip_175x_6x\libs\libusbd_175x_6x_lib.a(mw_usbd_rom_api.o) (mwCDC_SendNotification)
D:\Developpement_Robot\MultiWorkSpaces_2021\0_lpc_chip_175x_6x\libs\libusbd_175x_6x_lib.a(mw_usbd_core.o)
                              D:\Developpement_Robot\MultiWorkSpaces_2021\0_lpc_chip_175x_6x\libs\libusbd_175x_6x_lib.a(mw_usbd_rom_api.o) (mwUSB_SetupStage)
D:\Developpement_Robot\MultiWorkSpaces_2021\0_lpc_chip_175x_6x\libs\libusbd_175x_6x_lib.a(mw_usbd_dfuuser.o)
                              D:\Developpement_Robot\MultiWorkSpaces_2021\0_lpc_chip_175x_6x\libs\libusbd_175x_6x_lib.a(mw_usbd_rom_api.o) (mwDFU_GetMemSize)
D:\Developpement_Robot\MultiWorkSpaces_2021\0_lpc_chip_175x_6x\libs\libusbd_175x_6x_lib.a(mw_usbd_hiduser.o)
                              D:\Developpement_Robot\MultiWorkSpaces_2021\0_lpc_chip_175x_6x\libs\libusbd_175x_6x_lib.a(mw_usbd_rom_api.o) (mwHID_GetMemSize)
D:\Developpement_Robot\MultiWorkSpaces_2021\0_lpc_chip_175x_6x\libs\libusbd_175x_6x_lib.a(mw_usbd_mscuser.o)
                              D:\Developpement_Robot\MultiWorkSpaces_2021\0_lpc_chip_175x_6x\libs\libusbd_175x_6x_lib.a(mw_usbd_rom_api.o) (mwMSC_GetMemSize)
d:/mcuxpressoide_11.1.1_3241/ide/plugins/com.nxp.mcuxpresso.tools.win32_11.1.0.202001081728/tools/bin/../lib/gcc/arm-none-eabi/8.3.1/thumb/v7-m/nofp\libgcc.a(_arm_fixunsdfsi.o)
                              ./freertos/FreeRTOS_Trace/trcSnapshotRecorder.o (__aeabi_d2uiz)
d:/mcuxpressoide_11.1.1_3241/ide/plugins/com.nxp.mcuxpresso.tools.win32_11.1.0.202001081728/tools/bin/../lib/gcc/arm-none-eabi/8.3.1/thumb/v7-m/nofp\libgcc.a(_arm_addsubsf3.o)
                              ./Strategie/Deplacement/0_Deplacements.o (__aeabi_fsub)
d:/mcuxpressoide_11.1.1_3241/ide/plugins/com.nxp.mcuxpresso.tools.win32_11.1.0.202001081728/tools/bin/../lib/gcc/arm-none-eabi/8.3.1/thumb/v7-m/nofp\libgcc.a(_arm_muldivsf3.o)
                              ./Strategie/Deplacement/0_Deplacements.o (__aeabi_fmul)
d:/mcuxpressoide_11.1.1_3241/ide/plugins/com.nxp.mcuxpresso.tools.win32_11.1.0.202001081728/tools/bin/../lib/gcc/arm-none-eabi/8.3.1/thumb/v7-m/nofp\libgcc.a(_arm_cmpsf2.o)
                              ./Pathfinding/Astar/Astar.o (__aeabi_fcmpeq)
d:/mcuxpressoide_11.1.1_3241/ide/plugins/com.nxp.mcuxpresso.tools.win32_11.1.0.202001081728/tools/bin/../lib/gcc/arm-none-eabi/8.3.1/thumb/v7-m/nofp\libgcc.a(_arm_fixsfsi.o)
                              ./Strategie/Deplacement/0_Deplacements.o (__aeabi_f2iz)
d:/mcuxpressoide_11.1.1_3241/ide/plugins/com.nxp.mcuxpresso.tools.win32_11.1.0.202001081728/tools/bin/../lib/gcc/arm-none-eabi/8.3.1/thumb/v7-m/nofp\libgcc.a(_aeabi_ldivmod.o)
[...]
Memory Configuration

Name             Origin             Length             Attributes
MFlash512        0x00000000         0x00080000         xr
RamLoc32         0x10000000         0x00008000         xrw
RamAHB32         0x2007c000         0x00000800         xrw
RAM3             0x2007c800         0x00007800         xrw
*default*        0x00000000         0xffffffff

Linker script and memory map

LOAD ./src/IA_2021_V0.o
LOAD ./src/Init.o
LOAD ./src/cr_startup_lpc175x_6x.o
LOAD ./src/crp.o
LOAD ./src/sysinit.o
LOAD ./src/test.o
LOAD ./freertos/src/FreeRTOSCommonHooks.o
LOAD ./freertos/src/croutine.o
LOAD ./freertos/src/event_groups.o
LOAD ./freertos/src/heap_5.o
LOAD ./freertos/src/list.o
LOAD ./freertos/src/port.o
LOAD ./freertos/src/queue.o
LOAD ./freertos/src/stream_buffer.o
LOAD ./freertos/src/tasks.o
LOAD ./freertos/src/timers.o
LOAD ./freertos/FreeRTOS_Trace/trcHardwarePort.o
LOAD ./freertos/FreeRTOS_Trace/trcKernelPort.o
LOAD ./freertos/FreeRTOS_Trace/trcSnapshotRecorder.o
LOAD ./Strategie/Deplacement/0_Deplacements.o
LOAD ./Strategie/Deplacement/1_Obstacles.o
LOAD ./Strategie/0_Infos.o
LOAD ./Pathfinding/Astar/Astar.o
LOAD ./Communication/USB/src/cdc_desc.o
LOAD ./Communication/USB/src/cdc_usb_main.o
LOAD ./Communication/USB/src/cdc_vcom.o
LOAD ./Communication/RS485/0_RS485.o
LOAD ./Communication/0_Communication.o
LOAD ./Communication/0_Event_Group.o
LOAD ./Communication/1_Trame_Communication.o
LOAD ./Communication/2_Echange_Datas.o
LOAD ./Communication/2_Echange_Datas_Reception.o
LOAD D:\Developpement_Robot\MultiWorkSpaces_2021\0_lpc_chip_175x_6x\Release\lib0_lpc_chip_175x_6x.a
LOAD D:\Developpement_Robot\MultiWorkSpaces_2021\0_lpc_board_nxp_lpcxpresso_1769\Release\lib0_lpc_board_nxp_lpcxpresso_1769.a
LOAD D:\Developpement_Robot\MultiWorkSpaces_2021\0_lpc_chip_175x_6x\libs\libusbd_175x_6x_lib.a
START GROUP
LOAD d:/mcuxpressoide_11.1.1_3241/ide/plugins/com.nxp.mcuxpresso.tools.win32_11.1.0.202001081728/tools/bin/../lib/gcc/arm-none-eabi/8.3.1/thumb/v7-m/nofp\libgcc.a
LOAD d:/mcuxpressoide_11.1.1_3241/ide/plugins/com.nxp.mcuxpresso.tools.win32_11.1.0.202001081728/tools/bin/../lib/gcc/arm-none-eabi/8.3.1/../../../../arm-none-eabi/lib/thumb/v7-m/nofp\libc_nano.a
LOAD d:/mcuxpressoide_11.1.1_3241/ide/plugins/com.nxp.mcuxpresso.tools.win32_11.1.0.202001081728/tools/bin/../lib/gcc/arm-none-eabi/8.3.1/../../../../arm-none-eabi/lib/thumb/v7-m/nofp\libm.a
LOAD d:/mcuxpressoide_11.1.1_3241/ide/plugins/com.nxp.mcuxpresso.tools.win32_11.1.0.202001081728/tools/bin/../lib/gcc/arm-none-eabi/8.3.1/../../../../arm-none-eabi/lib/thumb/v7-m/nofp\libcr_newlib_none.a
END GROUP
                0x00000000                __base_MFlash512 = 0x0
                0x00000000                __base_Flash = 0x0
                0x00080000                __top_MFlash512 = 0x80000
                0x00080000                __top_Flash = 0x80000
                0x10000000                __base_RamLoc32 = 0x10000000
                0x10000000                __base_RAM = 0x10000000
                0x10008000                __top_RamLoc32 = 0x10008000
                0x10008000                __top_RAM = 0x10008000
                0x2007c000                __base_RamAHB32 = 0x2007c000
                0x2007c000                __base_RAM2 = 0x2007c000
                0x2007c800                __top_RamAHB32 = 0x2007c800
                0x2007c800                __top_RAM2 = 0x2007c800
                0x2007c800                __base_RAM3 = 0x2007c800
                0x2007c800                __base_RAM3 = 0x2007c800
                0x20084000                __top_RAM3 = 0x20084000
                0x20084000                __top_RAM3 = 0x20084000

.text           0x00000000     0xd82c
 FILL mask 0xff
                0x00000000                __vectors_start__ = ABSOLUTE (.)
 *(.isr_vector)
 .isr_vector    0x00000000       0xcc ./src/cr_startup_lpc175x_6x.o
                0x00000000                g_pfnVectors
                0x000000cc                . = ALIGN (0x4)
                0x000000cc                __section_table_start = .
                0x000000cc                __data_section_table = .
                0x000000cc        0x4 LONG 0xd82c LOADADDR (.data)
                0x000000d0        0x4 LONG 0x10000000 ADDR (.data)
                0x000000d4        0x4 LONG 0x94 SIZEOF (.data)
                0x000000d8        0x4 LONG 0xd82c LOADADDR (.data_RAM2)
                0x000000dc        0x4 LONG 0x2007c000 ADDR (.data_RAM2)
                0x000000e0        0x4 LONG 0x0 SIZEOF (.data_RAM2)
                0x000000e4        0x4 LONG 0xd82c LOADADDR (.data_RAM3)
                0x000000e8        0x4 LONG 0x2007c800 ADDR (.data_RAM3)
                0x000000ec        0x4 LONG 0x0 SIZEOF (.data_RAM3)
                0x000000f0                __data_section_table_end = .
                0x000000f0                __bss_section_table = .
                0x000000f0        0x4 LONG 0x10000094 ADDR (.bss)
                0x000000f4        0x4 LONG 0x532c SIZEOF (.bss)
                0x000000f8        0x4 LONG 0x2007c000 ADDR (.bss_RAM2)
                0x000000fc        0x4 LONG 0x0 SIZEOF (.bss_RAM2)
                0x00000100        0x4 LONG 0x2007c800 ADDR (.bss_RAM3)
                0x00000104        0x4 LONG 0x6bbc SIZEOF (.bss_RAM3)
                0x00000108                __bss_section_table_end = .
                0x00000108                __section_table_end = .
 *(.after_vectors*)
 .after_vectors
                0x00000108      0x12c ./src/cr_startup_lpc175x_6x.o
                0x00000108                data_init
                0x0000014a                bss_init
                0x00000180                ResetISR
                0x000001f8                NMI_Handler
                0x000001fe                HardFault_Handler
                0x00000204                MemManage_Handler
                0x0000020a                BusFault_Handler
                0x00000210                UsageFault_Handler
                0x00000216                SVC_Handler
                0x0000021c                DebugMon_Handler
                0x00000222                PendSV_Handler
                0x00000228                SysTick_Handler
                0x0000022e                EINT3_IRQHandler
                0x0000022e                CANActivity_IRQHandler
                0x0000022e                TIMER3_IRQHandler
                0x0000022e                UART0_IRQHandler
                0x0000022e                EINT2_IRQHandler
                0x0000022e                USBActivity_IRQHandler
                0x0000022e                IntDefaultHandler
                0x0000022e                PLL0_IRQHandler
                0x0000022e                CAN_IRQHandler
                0x0000022e                I2C1_IRQHandler
                0x0000022e                SSP0_IRQHandler
                0x0000022e                I2S_IRQHandler
                0x0000022e                I2C2_IRQHandler
                0x0000022e                RTC_IRQHandler
                0x0000022e                TIMER0_IRQHandler
                0x0000022e                SPI_IRQHandler
                0x0000022e                RIT_IRQHandler
                0x0000022e                EINT1_IRQHandler
                0x0000022e                TIMER1_IRQHandler
                0x0000022e                UART2_IRQHandler
                0x0000022e                ADC_IRQHandler
                0x0000022e                SSP1_IRQHandler
                0x0000022e                BOD_IRQHandler
                0x0000022e                I2C0_IRQHandler
                0x0000022e                WDT_IRQHandler
                0x0000022e                PWM1_IRQHandler
                0x0000022e                QEI_IRQHandler
                0x0000022e                EINT0_IRQHandler
                0x0000022e                ETH_IRQHandler
                0x0000022e                PLL1_IRQHandler
                0x0000022e                DMA_IRQHandler
                0x0000022e                TIMER2_IRQHandler
                0x0000022e                UART3_IRQHandler
                0x0000022e                MCPWM_IRQHandler
                0x000002fc                . = 0x2fc
 *fill*         0x00000234       0xc8 ff
                0x000002fc                PROVIDE (__CRP_WORD_START__ = .)
 *(.crp)
 .crp           0x000002fc        0x4 ./src/crp.o
                0x000002fc                CRP_WORD
                0x00000300                PROVIDE (__CRP_WORD_END__ = .)
                0x00000001                ASSERT (! ((__CRP_WORD_START__ == __CRP_WORD_END__)), Linker CRP Enabled, but no CRP_WORD provided within application)
 *(.text*)
 .text.Chip_GPIO_SetPinState
                0x00000300       0x64 ./src/IA_2021_V0.o
 .text.Chip_GPIO_WritePortBit
                0x00000364       0x2c ./src/IA_2021_V0.o
 .text.Chip_GPIO_SetPinDIROutput
                0x00000390       0x36 ./src/IA_2021_V0.o
 .text.Chip_GPIO_SetPinDIRInput
                0x000003c6       0x3a ./src/IA_2021_V0.o
 .text.Chip_GPIO_SetPinDIR
                0x00000400       0x42 ./src/IA_2021_V0.o
 .text.Chip_GPIO_WriteDirBit
                0x00000442       0x2e ./src/IA_2021_V0.o
 .text.vConfigureTimerForRunTimeStats
                0x00000470       0x44 ./src/IA_2021_V0.o
                0x00000470                vConfigureTimerForRunTimeStats
 .text.prvSetupHardware
                0x000004b4       0x30 ./src/IA_2021_V0.o
 .text.vTask_HartBeat
                0x000004e4       0x78 ./src/IA_2021_V0.o
 .text.main     0x0000055c       0x40 ./src/IA_2021_V0.o
                0x0000055c                main
 .text.Chip_GPIO_SetPinState
                0x0000059c       0x64 ./src/Init.o
 .text.Chip_GPIO_WritePortBit
                0x00000600       0x2c ./src/Init.o
 .text.Chip_GPIO_SetPinDIROutput
                0x0000062c       0x36 ./src/Init.o
 .text.Chip_GPIO_SetPinDIRInput
                0x00000662       0x3a ./src/Init.o
 .text.Chip_GPIO_SetPinDIR
                0x0000069c       0x42 ./src/Init.o
 .text.Chip_GPIO_WriteDirBit
                0x000006de       0x2e ./src/Init.o
 .text.Debug_Trace_Texte
                0x0000070c       0x20 ./src/Init.o
                0x0000070c                Debug_Trace_Texte
 .text.Set_Debug_Pin_0_High
                0x0000072c       0x2c ./src/Init.o
                0x0000072c                Set_Debug_Pin_0_High
 .text.Set_Debug_Pin_0_Low
                0x00000758       0x2c ./src/Init.o
                0x00000758                Set_Debug_Pin_0_Low
 .text.Set_Debug_Pin_1_Low
                0x00000784       0x2c ./src/Init.o
                0x00000784                Set_Debug_Pin_1_Low
 .text.Init_Carte_IA
                0x000007b0       0x74 ./src/Init.o
                0x000007b0                Init_Carte_IA
 .text.SystemInit
                0x00000824       0x24 ./src/sysinit.o
                0x00000824                SystemInit
 .text.Chip_GPIO_SetPinState
                0x00000848       0x64 ./src/test.o
 .text.Chip_GPIO_WritePortBit
                0x000008ac       0x2c ./src/test.o
 .text.TEST_init_parametres
                0x000008d8       0x44 ./src/test.o
                0x000008d8                TEST_init_parametres
 .text.TEST_Deplacement
                0x0000091c       0x70 ./src/test.o
                0x0000091c                TEST_Deplacement
 .text.TEST_envoi_Ping
                0x0000098c       0x80 ./src/test.o
                0x0000098c                TEST_envoi_Ping
 .text.vApplicationStackOverflowHook
                0x00000a0c       0x1e ./freertos/src/FreeRTOSCommonHooks.o
                0x00000a0c                vApplicationStackOverflowHook
 *fill*         0x00000a2a        0x2 ff
 .text.xEventGroupCreate
                0x00000a2c       0xe8 ./freertos/src/event_groups.o
                0x00000a2c                xEventGroupCreate
 .text.xEventGroupWaitBits
                0x00000b14      0x22c ./freertos/src/event_groups.o
                0x00000b14                xEventGroupWaitBits
 .text.xEventGroupClearBits
                0x00000d40       0x80 ./freertos/src/event_groups.o
                0x00000d40                xEventGroupClearBits
 .text.xEventGroupSetBits
                0x00000dc0      0x128 ./freertos/src/event_groups.o
                0x00000dc0                xEventGroupSetBits
 .text.vEventGroupSetBitsCallback
                0x00000ee8       0x1a ./freertos/src/event_groups.o
                0x00000ee8                vEventGroupSetBitsCallback
 .text.prvTestWaitCondition
                0x00000f02       0x42 ./freertos/src/event_groups.o
 .text.xEventGroupSetBitsFromISR
                0x00000f44       0x64 ./freertos/src/event_groups.o
                0x00000f44                xEventGroupSetBitsFromISR
 .text.uxEventGroupGetNumber
                0x00000fa8       0x2a ./freertos/src/event_groups.o
                0x00000fa8                uxEventGroupGetNumber
 .text.vEventGroupSetNumber
                0x00000fd2       0x1a ./freertos/src/event_groups.o
                0x00000fd2                vEventGroupSetNumber
 .text.pvPortMalloc
                0x00000fec      0x13c ./freertos/src/heap_5.o
                0x00000fec                pvPortMalloc
 .text.vPortFree
                0x00001128       0x90 ./freertos/src/heap_5.o
                0x00001128                vPortFree
 .text.prvInsertBlockIntoFreeList
                0x000011b8       0xb0 ./freertos/src/heap_5.o
 .text.vPortDefineHeapRegions
                0x00001268      0x114 ./freertos/src/heap_5.o
                0x00001268                vPortDefineHeapRegions
 .text.vListInitialise
                0x0000137c       0x3e ./freertos/src/list.o
                0x0000137c                vListInitialise
 .text.vListInitialiseItem
                0x000013ba       0x18 ./freertos/src/list.o
                0x000013ba                vListInitialiseItem
 .text.vListInsertEnd
                0x000013d2       0x46 ./freertos/src/list.o
                0x000013d2                vListInsertEnd
 .text.vListInsert
                0x00001418       0x70 ./freertos/src/list.o
                0x00001418                vListInsert
 .text.uxListRemove
                0x00001488       0x52 ./freertos/src/list.o
                0x00001488                uxListRemove
 *fill*         0x000014da        0x2 ff
 .text.pxPortInitialiseStack
                0x000014dc       0x58 ./freertos/src/port.o
                0x000014dc                pxPortInitialiseStack
 .text.prvTaskExitError
                0x00001534       0x2e ./freertos/src/port.o
 *fill*         0x00001562        0xe ff
 .text.vPortSVCHandler
                0x00001570       0x28 ./freertos/src/port.o
                0x00001570                vPortSVCHandler
 .text.prvPortStartFirstTask
                0x00001598       0x20 ./freertos/src/port.o
 .text.xPortStartScheduler
                0x000015b8       0x40 ./freertos/src/port.o
                0x000015b8                xPortStartScheduler
 .text.vPortEnterCritical
                0x000015f8       0x30 ./freertos/src/port.o
                0x000015f8                vPortEnterCritical
 .text.vPortExitCritical
                0x00001628       0x30 ./freertos/src/port.o
                0x00001628                vPortExitCritical
 *fill*         0x00001658        0x8 ff
 .text.xPortPendSVHandler
                0x00001660       0x48 ./freertos/src/port.o
                0x00001660                xPortPendSVHandler
 .text.xPortSysTickHandler
                0x000016a8       0x40 ./freertos/src/port.o
                0x000016a8                xPortSysTickHandler
 .text.vPortSetupTimerInterrupt
                0x000016e8       0x34 ./freertos/src/port.o
                0x000016e8                vPortSetupTimerInterrupt
 .text.xQueueGenericReset
                0x0000171c       0xb4 ./freertos/src/queue.o
                0x0000171c                xQueueGenericReset
 .text.xQueueGenericCreate
                0x000017d0       0x88 ./freertos/src/queue.o
                0x000017d0                xQueueGenericCreate
 .text.prvInitialiseNewQueue
                0x00001858      0x128 ./freertos/src/queue.o
 .text.xQueueGenericSend
                0x00001980      0x340 ./freertos/src/queue.o
                0x00001980                xQueueGenericSend
 .text.xQueueGenericSendFromISR
                0x00001cc0      0x184 ./freertos/src/queue.o
                0x00001cc0                xQueueGenericSendFromISR
 .text.xQueueReceive
                0x00001e44      0x390 ./freertos/src/queue.o
                0x00001e44                xQueueReceive
 .text.uxQueueGetQueueNumber
                0x000021d4       0x16 ./freertos/src/queue.o
                0x000021d4                uxQueueGetQueueNumber
 .text.vQueueSetQueueNumber
                0x000021ea       0x1a ./freertos/src/queue.o
                0x000021ea                vQueueSetQueueNumber
 .text.ucQueueGetQueueType
                0x00002204       0x18 ./freertos/src/queue.o
                0x00002204                ucQueueGetQueueType
 .text.prvCopyDataToQueue
                0x0000221c       0xd4 ./freertos/src/queue.o
 .text.prvCopyDataFromQueue
                0x000022f0       0x4c ./freertos/src/queue.o
 .text.prvUnlockQueue
                0x0000233c       0xa4 ./freertos/src/queue.o
 .text.prvIsQueueEmpty
                0x000023e0       0x2c ./freertos/src/queue.o
 .text.prvIsQueueFull
                0x0000240c       0x30 ./freertos/src/queue.o
 .text.vQueueAddToRegistry
                0x0000243c       0x74 ./freertos/src/queue.o
                0x0000243c                vQueueAddToRegistry
 .text.vQueueWaitForMessageRestricted
                0x000024b0       0x68 ./freertos/src/queue.o
                0x000024b0                vQueueWaitForMessageRestricted
 .text.xTaskCreate
                0x00002518       0x82 ./freertos/src/tasks.o
                0x00002518                xTaskCreate
 .text.prvInitialiseNewTask
                0x0000259a      0x10a ./freertos/src/tasks.o
 .text.prvAddNewTaskToReadyList
                0x000026a4      0x1a4 ./freertos/src/tasks.o
 .text.vTaskDelete
                0x00002848      0x294 ./freertos/src/tasks.o
                0x00002848                vTaskDelete
 .text.vTaskDelayUntil
                0x00002adc      0x110 ./freertos/src/tasks.o
                0x00002adc                vTaskDelayUntil
 .text.vTaskDelay
                0x00002bec       0xb8 ./freertos/src/tasks.o
                0x00002bec                vTaskDelay
 .text.vTaskStartScheduler
                0x00002ca4       0xb4 ./freertos/src/tasks.o
                0x00002ca4                vTaskStartScheduler
 .text.vTaskSuspendAll
                0x00002d58       0x1c ./freertos/src/tasks.o
                0x00002d58                vTaskSuspendAll
 .text.xTaskResumeAll
                0x00002d74      0x144 ./freertos/src/tasks.o
                0x00002d74                xTaskResumeAll
 .text.xTaskGetTickCount
                0x00002eb8       0x1c ./freertos/src/tasks.o
                0x00002eb8                xTaskGetTickCount
 .text.xTaskIncrementTick
                0x00002ed4      0x1a4 ./freertos/src/tasks.o
                0x00002ed4                xTaskIncrementTick
 .text.vTaskSwitchContext
                0x00003078      0x148 ./freertos/src/tasks.o
                0x00003078                vTaskSwitchContext
 .text.vTaskPlaceOnEventList
                0x000031c0       0x2c ./freertos/src/tasks.o
                0x000031c0                vTaskPlaceOnEventList
 .text.vTaskPlaceOnUnorderedEventList
                0x000031ec       0x3c ./freertos/src/tasks.o
                0x000031ec                vTaskPlaceOnUnorderedEventList
 .text.vTaskPlaceOnEventListRestricted
                0x00003228       0xb4 ./freertos/src/tasks.o
                0x00003228                vTaskPlaceOnEventListRestricted
 .text.xTaskRemoveFromEventList
                0x000032dc       0xd4 ./freertos/src/tasks.o
                0x000032dc                xTaskRemoveFromEventList
 .text.vTaskRemoveFromUnorderedEventList
                0x000033b0       0xb0 ./freertos/src/tasks.o
                0x000033b0                vTaskRemoveFromUnorderedEventList
 .text.vTaskInternalSetTimeOutState
                0x00003460       0x2c ./freertos/src/tasks.o
                0x00003460                vTaskInternalSetTimeOutState
 .text.xTaskCheckForTimeOut
                0x0000348c       0x8c ./freertos/src/tasks.o
                0x0000348c                xTaskCheckForTimeOut
 .text.vTaskMissedYield
                0x00003518       0x18 ./freertos/src/tasks.o
                0x00003518                vTaskMissedYield
 .text.uxTaskGetTaskNumber
                0x00003530       0x2a ./freertos/src/tasks.o
                0x00003530                uxTaskGetTaskNumber
 .text.vTaskSetTaskNumber
                0x0000355a       0x24 ./freertos/src/tasks.o
                0x0000355a                vTaskSetTaskNumber
 *fill*         0x0000357e        0x2 ff
 .text.prvIdleTask
                0x00003580       0x30 ./freertos/src/tasks.o
 .text.prvInitialiseTaskLists
                0x000035b0       0x80 ./freertos/src/tasks.o
 .text.prvCheckTasksWaitingTermination
                0x00003630       0x58 ./freertos/src/tasks.o
 .text.prvDeleteTCB
                0x00003688       0x20 ./freertos/src/tasks.o
 .text.prvResetNextTaskUnblockTime
                0x000036a8       0x40 ./freertos/src/tasks.o
 .text.xTaskGetCurrentTaskHandle
                0x000036e8       0x1c ./freertos/src/tasks.o
                0x000036e8                xTaskGetCurrentTaskHandle
 .text.xTaskGetSchedulerState
                0x00003704       0x3c ./freertos/src/tasks.o
                0x00003704                xTaskGetSchedulerState
 .text.xTaskPriorityDisinherit
                0x00003740      0x150 ./freertos/src/tasks.o
                0x00003740                xTaskPriorityDisinherit
 .text.uxTaskResetEventItemValue
                0x00003890       0x30 ./freertos/src/tasks.o
                0x00003890                uxTaskResetEventItemValue
 .text.prvAddCurrentTaskToDelayedList
                0x000038c0       0xcc ./freertos/src/tasks.o
 .text.xTimerCreateTimerTask
                0x0000398c       0x48 ./freertos/src/timers.o
                0x0000398c                xTimerCreateTimerTask
 .text.xTimerGenericCommand
                0x000039d4       0x80 ./freertos/src/timers.o
                0x000039d4                xTimerGenericCommand
 .text.prvProcessExpiredTimer
                0x00003a54       0x80 ./freertos/src/timers.o
 .text.prvTimerTask
                0x00003ad4       0x24 ./freertos/src/timers.o
 .text.prvProcessTimerOrBlockTask
                0x00003af8       0x9c ./freertos/src/timers.o
 .text.prvGetNextExpireTime
                0x00003b94       0x44 ./freertos/src/timers.o
 .text.prvSampleTimeNow
                0x00003bd8       0x40 ./freertos/src/timers.o
 .text.prvInsertTimerInActiveList
                0x00003c18       0x84 ./freertos/src/timers.o
 .text.prvProcessReceivedCommands
                0x00003c9c      0x170 ./freertos/src/timers.o
 .text.prvSwitchTimerLists
                0x00003e0c       0xac ./freertos/src/timers.o
 .text.prvCheckForValidListAndQueue
                0x00003eb8       0x6c ./freertos/src/timers.o
 .text.xTimerPendFunctionCallFromISR
                0x00003f24       0x40 ./freertos/src/timers.o
                0x00003f24                xTimerPendFunctionCallFromISR
 .text.prvTraceGetQueueNumber
                0x00003f64       0x18 ./freertos/FreeRTOS_Trace/trcKernelPort.o
                0x00003f64                prvTraceGetQueueNumber
 .text.prvTraceGetQueueType
                0x00003f7c       0x18 ./freertos/FreeRTOS_Trace/trcKernelPort.o
                0x00003f7c                prvTraceGetQueueType
 .text.prvTraceGetTaskNumberLow16
                0x00003f94       0x1a ./freertos/FreeRTOS_Trace/trcKernelPort.o
                0x00003f94                prvTraceGetTaskNumberLow16
 .text.prvTraceGetTaskNumberHigh16
                0x00003fae       0x1c ./freertos/FreeRTOS_Trace/trcKernelPort.o
                0x00003fae                prvTraceGetTaskNumberHigh16
 .text.prvTraceSetTaskNumberLow16
                0x00003fca       0x2c ./freertos/FreeRTOS_Trace/trcKernelPort.o
                0x00003fca                prvTraceSetTaskNumberLow16
 .text.prvTraceSetTaskNumberHigh16
                0x00003ff6       0x2c ./freertos/FreeRTOS_Trace/trcKernelPort.o
                0x00003ff6                prvTraceSetTaskNumberHigh16
 .text.prvTraceGetQueueNumberLow16
                0x00004022       0x1a ./freertos/FreeRTOS_Trace/trcKernelPort.o
                0x00004022                prvTraceGetQueueNumberLow16
 .text.prvTraceGetQueueNumberHigh16
                0x0000403c       0x1c ./freertos/FreeRTOS_Trace/trcKernelPort.o
                0x0000403c                prvTraceGetQueueNumberHigh16
 .text.prvTraceSetQueueNumberLow16
                0x00004058       0x2c ./freertos/FreeRTOS_Trace/trcKernelPort.o
                0x00004058                prvTraceSetQueueNumberLow16
 .text.prvTraceSetQueueNumberHigh16
                0x00004084       0x2c ./freertos/FreeRTOS_Trace/trcKernelPort.o
                0x00004084                prvTraceSetQueueNumberHigh16
 .text.prvTraceGetEventGroupNumberLow16
                0x000040b0       0x1a ./freertos/FreeRTOS_Trace/trcKernelPort.o
                0x000040b0                prvTraceGetEventGroupNumberLow16
 .text.prvTraceGetEventGroupNumberHigh16
                0x000040ca       0x1c ./freertos/FreeRTOS_Trace/trcKernelPort.o
                0x000040ca                prvTraceGetEventGroupNumberHigh16
 .text.prvTraceSetEventGroupNumberLow16
                0x000040e6       0x2c ./freertos/FreeRTOS_Trace/trcKernelPort.o
                0x000040e6                prvTraceSetEventGroupNumberLow16
 .text.prvTraceSetEventGroupNumberHigh16
                0x00004112       0x2c ./freertos/FreeRTOS_Trace/trcKernelPort.o
                0x00004112                prvTraceSetEventGroupNumberHigh16
 .text.vTraceSetEventGroupName
                0x0000413e       0x26 ./freertos/FreeRTOS_Trace/trcKernelPort.o
                0x0000413e                vTraceSetEventGroupName
 .text.prvTraceGetCurrentTaskHandle
                0x00004164        0xe ./freertos/FreeRTOS_Trace/trcKernelPort.o
                0x00004164                prvTraceGetCurrentTaskHandle
 *fill*         0x00004172        0x2 ff
 .text.vTraceInitObjectPropertyTable
                0x00004174      0x198 ./freertos/FreeRTOS_Trace/trcKernelPort.o
                0x00004174                vTraceInitObjectPropertyTable
 .text.vTraceInitObjectHandleStack
                0x0000430c       0xc4 ./freertos/FreeRTOS_Trace/trcKernelPort.o
                0x0000430c                vTraceInitObjectHandleStack
 .text.pszTraceGetErrorNotEnoughHandles
                0x000043d0       0x94 ./freertos/FreeRTOS_Trace/trcKernelPort.o
                0x000043d0                pszTraceGetErrorNotEnoughHandles
 .text.prvTraceIsSchedulerSuspended
                0x00004464       0x18 ./freertos/FreeRTOS_Trace/trcKernelPort.o
                0x00004464                prvTraceIsSchedulerSuspended
 .text.vTraceEnable
                0x0000447c       0x44 ./freertos/FreeRTOS_Trace/trcSnapshotRecorder.o
                0x0000447c                vTraceEnable
 .text.uiTraceStart
                0x000044c0       0xdc ./freertos/FreeRTOS_Trace/trcSnapshotRecorder.o
                0x000044c0                uiTraceStart
 .text.vTraceStart
                0x0000459c        0xc ./freertos/FreeRTOS_Trace/trcSnapshotRecorder.o
                0x0000459c                vTraceStart
 .text.vTraceStop
                0x000045a8       0x30 ./freertos/FreeRTOS_Trace/trcSnapshotRecorder.o
                0x000045a8                vTraceStop
 .text.xTraceSetISRProperties
                0x000045d8       0x90 ./freertos/FreeRTOS_Trace/trcSnapshotRecorder.o
                0x000045d8                xTraceSetISRProperties
 .text.vTraceStoreISRBegin
                0x00004668      0x11c ./freertos/FreeRTOS_Trace/trcSnapshotRecorder.o
                0x00004668                vTraceStoreISRBegin
 .text.vTraceStoreISREnd
                0x00004784      0x140 ./freertos/FreeRTOS_Trace/trcSnapshotRecorder.o
                0x00004784                vTraceStoreISREnd
 .text.writeInt8
                0x000048c4       0x50 ./freertos/FreeRTOS_Trace/trcSnapshotRecorder.o
 .text.writeInt16
                0x00004914       0x74 ./freertos/FreeRTOS_Trace/trcSnapshotRecorder.o
 .text.writeInt32
                0x00004988       0x70 ./freertos/FreeRTOS_Trace/trcSnapshotRecorder.o
 .text.prvTraceUserEventFormat
                0x000049f8      0x2ec ./freertos/FreeRTOS_Trace/trcSnapshotRecorder.o
 .text.vTracePrintF
                0x00004ce4       0x2c ./freertos/FreeRTOS_Trace/trcSnapshotRecorder.o
                0x00004ce4                vTracePrintF
 .text.vTracePrintF_Helper
                0x00004d10      0x14c ./freertos/FreeRTOS_Trace/trcSnapshotRecorder.o
 .text.vTracePrint
                0x00004e5c       0x9c ./freertos/FreeRTOS_Trace/trcSnapshotRecorder.o
                0x00004e5c                vTracePrint
 .text.xTraceRegisterString
                0x00004ef8       0x48 ./freertos/FreeRTOS_Trace/trcSnapshotRecorder.o
                0x00004ef8                xTraceRegisterString
 .text.prvTraceStoreTaskReady
                0x00004f40       0xc8 ./freertos/FreeRTOS_Trace/trcSnapshotRecorder.o
                0x00004f40                prvTraceStoreTaskReady
 .text.vTraceStoreMemMangEvent
                0x00005008      0x114 ./freertos/FreeRTOS_Trace/trcSnapshotRecorder.o
                0x00005008                vTraceStoreMemMangEvent
 .text.prvTraceStoreKernelCall
                0x0000511c       0xf8 ./freertos/FreeRTOS_Trace/trcSnapshotRecorder.o
                0x0000511c                prvTraceStoreKernelCall
 .text.prvTraceStoreKernelCallWithParam
                0x00005214      0x110 ./freertos/FreeRTOS_Trace/trcSnapshotRecorder.o
                0x00005214                prvTraceStoreKernelCallWithParam
 .text.prvTraceGetParam
                0x00005324       0x78 ./freertos/FreeRTOS_Trace/trcSnapshotRecorder.o
 .text.prvTraceStoreKernelCallWithNumericParamOnly
                0x0000539c       0xc8 ./freertos/FreeRTOS_Trace/trcSnapshotRecorder.o
                0x0000539c                prvTraceStoreKernelCallWithNumericParamOnly
 .text.prvTraceStoreTaskswitch
                0x00005464       0xe0 ./freertos/FreeRTOS_Trace/trcSnapshotRecorder.o
                0x00005464                prvTraceStoreTaskswitch
 .text.prvTraceStoreObjectNameOnCloseEvent
                0x00005544       0xa4 ./freertos/FreeRTOS_Trace/trcSnapshotRecorder.o
                0x00005544                prvTraceStoreObjectNameOnCloseEvent
 .text.prvTraceStoreObjectPropertiesOnCloseEvent
                0x000055e8       0xd0 ./freertos/FreeRTOS_Trace/trcSnapshotRecorder.o
                0x000055e8                prvTraceStoreObjectPropertiesOnCloseEvent
 .text.prvTraceSetPriorityProperty
                0x000056b8       0x78 ./freertos/FreeRTOS_Trace/trcSnapshotRecorder.o
                0x000056b8                prvTraceSetPriorityProperty
 .text.prvTraceGetPriorityProperty
                0x00005730       0x7c ./freertos/FreeRTOS_Trace/trcSnapshotRecorder.o
                0x00005730                prvTraceGetPriorityProperty
 .text.prvTraceSetObjectState
                0x000057ac       0x78 ./freertos/FreeRTOS_Trace/trcSnapshotRecorder.o
                0x000057ac                prvTraceSetObjectState
 .text.prvTraceGetObjectState
                0x00005824       0x78 ./freertos/FreeRTOS_Trace/trcSnapshotRecorder.o
 .text.prvTraceSetTaskInstanceFinished
                0x0000589c       0x54 ./freertos/FreeRTOS_Trace/trcSnapshotRecorder.o
                0x0000589c                prvTraceSetTaskInstanceFinished
 .text.prvTraceInitTraceData
                0x000058f0      0x230 ./freertos/FreeRTOS_Trace/trcSnapshotRecorder.o
 .text.prvTraceNextFreeEventBufferSlot
                0x00005b20       0x48 ./freertos/FreeRTOS_Trace/trcSnapshotRecorder.o
 .text.uiIndexOfObject
                0x00005b68       0xb0 ./freertos/FreeRTOS_Trace/trcSnapshotRecorder.o
                0x00005b68                uiIndexOfObject
 .text.prvTraceGetObjectHandle
                0x00005c18      0x158 ./freertos/FreeRTOS_Trace/trcSnapshotRecorder.o
                0x00005c18                prvTraceGetObjectHandle
 .text.prvTraceFreeObjectHandle
                0x00005d70       0xa0 ./freertos/FreeRTOS_Trace/trcSnapshotRecorder.o
                0x00005d70                prvTraceFreeObjectHandle
 .text.prvMarkObjectAsUsed
                0x00005e10       0x3c ./freertos/FreeRTOS_Trace/trcSnapshotRecorder.o
                0x00005e10                prvMarkObjectAsUsed
 .text.prvStrncpy
                0x00005e4c       0x4a ./freertos/FreeRTOS_Trace/trcSnapshotRecorder.o
 *fill*         0x00005e96        0x2 ff
 .text.prvTraceSetObjectName
                0x00005e98       0xbc ./freertos/FreeRTOS_Trace/trcSnapshotRecorder.o
                0x00005e98                prvTraceSetObjectName
 .text.prvTraceOpenSymbol
                0x00005f54       0xa0 ./freertos/FreeRTOS_Trace/trcSnapshotRecorder.o
 .text.prvTraceError
                0x00005ff4       0x58 ./freertos/FreeRTOS_Trace/trcSnapshotRecorder.o
                0x00005ff4                prvTraceError
 .text.prvTraceUpdateCounters
                0x0000604c       0x3c ./freertos/FreeRTOS_Trace/trcSnapshotRecorder.o
 .text.prvTraceGetDTS
                0x00006088      0x1b4 ./freertos/FreeRTOS_Trace/trcSnapshotRecorder.o
 .text.prvTraceLookupSymbolTableEntry
                0x0000623c       0xf8 ./freertos/FreeRTOS_Trace/trcSnapshotRecorder.o
 .text.prvTraceCreateSymbolTableEntry
                0x00006334      0x17c ./freertos/FreeRTOS_Trace/trcSnapshotRecorder.o
 .text.prvTraceGetChecksum
                0x000064b0       0x8c ./freertos/FreeRTOS_Trace/trcSnapshotRecorder.o
 .text.prvTracePortGetTimeStamp
                0x0000653c       0x98 ./freertos/FreeRTOS_Trace/trcSnapshotRecorder.o
                0x0000653c                prvTracePortGetTimeStamp
 .text._0_Deplacement_Init
                0x000065d4       0x28 ./Strategie/Deplacement/0_Deplacements.o
                0x000065d4                _0_Deplacement_Init
 .text._0_Deplacement_Get_ptr_Current_Destination
                0x000065fc       0x14 ./Strategie/Deplacement/0_Deplacements.o
                0x000065fc                _0_Deplacement_Get_ptr_Current_Destination
 .text._0_Deplacement_Wait_For_Arrival
                0x00006610       0xa0 ./Strategie/Deplacement/0_Deplacements.o
                0x00006610                _0_Deplacement_Wait_For_Arrival
 .text.Distance_To_Destination
                0x000066b0       0x90 ./Strategie/Deplacement/0_Deplacements.o
                0x000066b0                Distance_To_Destination
 .text.Distance_Two_Points
                0x00006740       0x64 ./Strategie/Deplacement/0_Deplacements.o
                0x00006740                Distance_Two_Points
 .text._0_Deplacement_Tourne_Avance
                0x000067a4       0xfc ./Strategie/Deplacement/0_Deplacements.o
                0x000067a4                _0_Deplacement_Tourne_Avance
 .text._0_Deplacement_Tourne_Avance_ASTAR
                0x000068a0       0xf4 ./Strategie/Deplacement/0_Deplacements.o
                0x000068a0                _0_Deplacement_Tourne_Avance_ASTAR
 .text._0_Deplacement_ASTAR
                0x00006994      0x2f4 ./Strategie/Deplacement/0_Deplacements.o
                0x00006994                _0_Deplacement_ASTAR
 .text._1_Obstacles_Create_Terrain_Border
                0x00006c88       0xc0 ./Strategie/Deplacement/1_Obstacles.o
                0x00006c88                _1_Obstacles_Create_Terrain_Border
 .text._1_TEST_Obstacles_Opponent_Robots
                0x00006d48       0x8c ./Strategie/Deplacement/1_Obstacles.o
                0x00006d48                _1_TEST_Obstacles_Opponent_Robots
 .text._0_Infos_Init
                0x00006dd4       0x18 ./Strategie/0_Infos.o
                0x00006dd4                _0_Infos_Init
 .text._0_Update_Card_Datas
                0x00006dec       0x48 ./Strategie/0_Infos.o
                0x00006dec                _0_Update_Card_Datas
 .text._0_Get_Ptr_Robot_Position
                0x00006e34       0x88 ./Strategie/0_Infos.o
                0x00006e34                _0_Get_Ptr_Robot_Position
 .text.Astar_Set_Node_as_Blocked
                0x00006ebc       0x2a ./Pathfinding/Astar/Astar.o
 .text.Astar_Set_Node_as_Closed
                0x00006ee6       0x1e ./Pathfinding/Astar/Astar.o
 .text.Astar_Set_Node_as_Opened
                0x00006f04       0x1e ./Pathfinding/Astar/Astar.o
 .text.Astar_Set_Node_as_Start
                0x00006f22       0x2a ./Pathfinding/Astar/Astar.o
 .text.Astar_Set_Node_as_End
                0x00006f4c       0x2a ./Pathfinding/Astar/Astar.o
 .text.Astar_Set_Node_as_Trajectory
                0x00006f76       0x1e ./Pathfinding/Astar/Astar.o
 .text.Astar_Compute_H_cost
                0x00006f94       0x88 ./Pathfinding/Astar/Astar.o
 .text.smin     0x0000701c       0x30 ./Pathfinding/Astar/Astar.o
 .text.smax     0x0000704c       0x30 ./Pathfinding/Astar/Astar.o
 .text.Astar_Coord_To_Index_X
                0x0000707c       0x40 ./Pathfinding/Astar/Astar.o
 .text.Astar_Coord_To_Index_Y
                0x000070bc       0x40 ./Pathfinding/Astar/Astar.o
 .text.Astar_Map_Init
                0x000070fc      0x100 ./Pathfinding/Astar/Astar.o
                0x000070fc                Astar_Map_Init
 .text.Astar_Get_Map
                0x000071fc       0x14 ./Pathfinding/Astar/Astar.o
                0x000071fc                Astar_Get_Map
 .text.Astar_Get_Vector_Map
                0x00007210       0x14 ./Pathfinding/Astar/Astar.o
                0x00007210                Astar_Get_Vector_Map
 .text.Astar_Find_Path
                0x00007224      0x1d4 ./Pathfinding/Astar/Astar.o
                0x00007224                Astar_Find_Path
 .text.Astar_Generate_Trajectory
                0x000073f8      0x118 ./Pathfinding/Astar/Astar.o
                0x000073f8                Astar_Generate_Trajectory
 .text.Astar_Find_Best_Node_To_Compute
                0x00007510      0x126 ./Pathfinding/Astar/Astar.o
                0x00007510                Astar_Find_Best_Node_To_Compute
 .text.Astar_Compute_Surronding_Nodes
                0x00007636      0x3da ./Pathfinding/Astar/Astar.o
                0x00007636                Astar_Compute_Surronding_Nodes
 .text.Astar_Compute_Node
                0x00007a10      0x102 ./Pathfinding/Astar/Astar.o
                0x00007a10                Astar_Compute_Node
 .text.Astar_Smoothing
                0x00007b12       0xf2 ./Pathfinding/Astar/Astar.o
                0x00007b12                Astar_Smoothing
 .text.Dijkstra_Intersect_Any_Segment
                0x00007c04       0x72 ./Pathfinding/Astar/Astar.o
                0x00007c04                Dijkstra_Intersect_Any_Segment
 .text.Dijkstra_intersect_segment
                0x00007c76      0x562 ./Pathfinding/Astar/Astar.o
                0x00007c76                Dijkstra_intersect_segment
 .text.Astar_Debug_Display_Map
                0x000081d8       0x12 ./Pathfinding/Astar/Astar.o
                0x000081d8                Astar_Debug_Display_Map
 .text.Astar_Add_Rectangular_Obstacle
                0x000081ea       0xba ./Pathfinding/Astar/Astar.o
                0x000081ea                Astar_Add_Rectangular_Obstacle
 .text.Astar_Add_Obstacle_Vector
                0x000082a4      0x148 ./Pathfinding/Astar/Astar.o
                0x000082a4                Astar_Add_Obstacle_Vector
 .text.Chip_IOCON_PinMux
                0x000083ec       0x94 ./Communication/RS485/0_RS485.o
 .text.Chip_GPIO_SetPinState
                0x00008480       0x64 ./Communication/RS485/0_RS485.o
 .text.Chip_GPIO_WritePortBit
                0x000084e4       0x2c ./Communication/RS485/0_RS485.o
 .text.Chip_GPIO_SetPinDIROutput
                0x00008510       0x36 ./Communication/RS485/0_RS485.o
 .text.Chip_GPIO_SetPinDIRInput
                0x00008546       0x3a ./Communication/RS485/0_RS485.o
 .text.Chip_GPIO_SetPinDIR
                0x00008580       0x42 ./Communication/RS485/0_RS485.o
 .text.Chip_GPIO_WriteDirBit
                0x000085c2       0x2e ./Communication/RS485/0_RS485.o
 .text._0_RS485_Init
                0x000085f0       0x48 ./Communication/RS485/0_RS485.o
                0x000085f0                _0_RS485_Init
 .text._0_RS485_Master_Mode
                0x00008638       0x28 ./Communication/RS485/0_RS485.o
                0x00008638                _0_RS485_Master_Mode
 .text._0_RS485_Slave_Mode
                0x00008660       0x28 ./Communication/RS485/0_RS485.o
                0x00008660                _0_RS485_Slave_Mode
 .text.NVIC_DisableIRQ
                0x00008688       0x34 ./Communication/0_Communication.o
 .text.NVIC_ClearPendingIRQ
                0x000086bc       0x34 ./Communication/0_Communication.o
 .text.NVIC_SetPriority
                0x000086f0       0x54 ./Communication/0_Communication.o
 .text.Chip_IOCON_PinMux
                0x00008744       0x94 ./Communication/0_Communication.o
 .text.Chip_UART_SendByte
                0x000087d8       0x1c ./Communication/0_Communication.o
 .text.Chip_UART_IntEnable
                0x000087f4       0x20 ./Communication/0_Communication.o
 .text.Chip_UART_IntDisable
                0x00008814       0x22 ./Communication/0_Communication.o
 .text.Chip_UART_SetupFIFOS
                0x00008836       0x1a ./Communication/0_Communication.o
 .text.Chip_UART_ConfigData
                0x00008850       0x1a ./Communication/0_Communication.o
 .text.Chip_UART_ReadLineStatus
                0x0000886a       0x16 ./Communication/0_Communication.o
 .text._0_Communication_Init
                0x00008880       0x84 ./Communication/0_Communication.o
                0x00008880                _0_Communication_Init
 .text._0_Communication_Init_USB
                0x00008904        0xc ./Communication/0_Communication.o
                0x00008904                _0_Communication_Init_USB
 .text._0_Communication_Init_RS485
                0x00008910       0xb8 ./Communication/0_Communication.o
                0x00008910                _0_Communication_Init_RS485
 .text.UART1_IRQHandler
                0x000089c8       0xe0 ./Communication/0_Communication.o
                0x000089c8                UART1_IRQHandler
 .text.USB_IRQHandler
                0x00008aa8       0x40 ./Communication/0_Communication.o
                0x00008aa8                USB_IRQHandler
 .text._0_Communication_Send_Data
                0x00008ae8       0x78 ./Communication/0_Communication.o
                0x00008ae8                _0_Communication_Send_Data
 .text._0_Communication_Send_RS485
                0x00008b60       0x6a ./Communication/0_Communication.o
                0x00008b60                _0_Communication_Send_RS485
 *fill*         0x00008bca        0x2 ff
 .text._0_Communication_Init_Event_Group
                0x00008bcc       0x28 ./Communication/0_Event_Group.o
                0x00008bcc                _0_Communication_Init_Event_Group
 .text.NVIC_EnableIRQ
                0x00008bf4       0x30 ./Communication/1_Trame_Communication.o
 .text._1_Communication_Init
                0x00008c24       0x4c ./Communication/1_Trame_Communication.o
                0x00008c24                _1_Communication_Init
 .text._1_Communication_Create_Queues_Semaphores
                0x00008c70       0x3c ./Communication/1_Trame_Communication.o
                0x00008c70                _1_Communication_Create_Queues_Semaphores
 .text._1_Communication_Wait_To_Send
                0x00008cac       0x38 ./Communication/1_Trame_Communication.o
                0x00008cac                _1_Communication_Wait_To_Send
 .text._1_Communication_Free_Send_Bit
                0x00008ce4       0x18 ./Communication/1_Trame_Communication.o
                0x00008ce4                _1_Communication_Free_Send_Bit
 .text._1_Communication_Wait_To_Receive
                0x00008cfc       0x38 ./Communication/1_Trame_Communication.o
                0x00008cfc                _1_Communication_Wait_To_Receive
 .text._1_Communication_Free_Receive_Bit
                0x00008d34       0x18 ./Communication/1_Trame_Communication.o
                0x00008d34                _1_Communication_Free_Receive_Bit
 .text._1_Communication_Create_Trame
                0x00008d4c      0x130 ./Communication/1_Trame_Communication.o
                0x00008d4c                _1_Communication_Create_Trame
 .text._1_Communication_Create_Trame_From_Buffer
                0x00008e7c      0x374 ./Communication/1_Trame_Communication.o
                0x00008e7c                _1_Communication_Create_Trame_From_Buffer
 .text._1_Communication_Check_Rx_Adresse
                0x000091f0       0x5a ./Communication/1_Trame_Communication.o
                0x000091f0                _1_Communication_Check_Rx_Adresse
 .text._1_Communication_Check_Priority_Messages
                0x0000924a       0x14 ./Communication/1_Trame_Communication.o
                0x0000924a                _1_Communication_Check_Priority_Messages
 *fill*         0x0000925e        0x2 ff
 .text._1_Communication_Recomposition_Rx
                0x00009260       0x9c ./Communication/1_Trame_Communication.o
                0x00009260                _1_Communication_Recomposition_Rx
 .text._2_Communication_Init
                0x000092fc       0x18 ./Communication/2_Echange_Datas.o
                0x000092fc                _2_Communication_Init
 .text._2_Comm_Send_Destination_Robot
                0x00009314       0xbc ./Communication/2_Echange_Datas.o
                0x00009314                _2_Comm_Send_Destination_Robot
 .text._2_Comm_Send_Demande_Info
                0x000093d0       0x54 ./Communication/2_Echange_Datas.o
                0x000093d0                _2_Comm_Send_Demande_Info
 .text._2_Comm_Send_PONG
                0x00009424       0x4c ./Communication/2_Echange_Datas.o
                0x00009424                _2_Comm_Send_PONG
 .text._2_Comm_Send_Log_Message
                0x00009470      0x13c ./Communication/2_Echange_Datas.o
                0x00009470                _2_Comm_Send_Log_Message
 .text._2_Communication_RX_Init
                0x000095ac       0x30 ./Communication/2_Echange_Datas_Reception.o
                0x000095ac                _2_Communication_RX_Init
 .text._2_Communication_RX_Lectures_Messages
                0x000095dc       0x98 ./Communication/2_Echange_Datas_Reception.o
                0x000095dc                _2_Communication_RX_Lectures_Messages
 .text._2_Communication_RX_Reponse_Infos
                0x00009674       0x2a ./Communication/2_Echange_Datas_Reception.o
                0x00009674                _2_Communication_RX_Reponse_Infos
 *fill*         0x0000969e        0x2 ff
 .text.SystemCoreClockUpdate
                0x000096a0       0x10 D:\Developpement_Robot\MultiWorkSpaces_2021\0_lpc_chip_175x_6x\Release\lib0_lpc_chip_175x_6x.a(chip_17xx_40xx.o)
                0x000096a0                SystemCoreClockUpdate
 .text.Chip_Clock_EnablePLL
                0x000096b0       0x24 D:\Developpement_Robot\MultiWorkSpaces_2021\0_lpc_chip_175x_6x\Release\lib0_lpc_chip_175x_6x.a(clock_17xx_40xx.o)
                0x000096b0                Chip_Clock_EnablePLL
 .text.Chip_Clock_DisablePLL
                0x000096d4       0x26 D:\Developpement_Robot\MultiWorkSpaces_2021\0_lpc_chip_175x_6x\Release\lib0_lpc_chip_175x_6x.a(clock_17xx_40xx.o)
                0x000096d4                Chip_Clock_DisablePLL
 .text.Chip_Clock_SetupPLL
                0x000096fa       0x30 D:\Developpement_Robot\MultiWorkSpaces_2021\0_lpc_chip_175x_6x\Release\lib0_lpc_chip_175x_6x.a(clock_17xx_40xx.o)
                0x000096fa                Chip_Clock_SetupPLL
 *fill*         0x0000972a        0x2 ff
 .text.Chip_Clock_EnablePeriphClock
                0x0000972c       0x18 D:\Developpement_Robot\MultiWorkSpaces_2021\0_lpc_chip_175x_6x\Release\lib0_lpc_chip_175x_6x.a(clock_17xx_40xx.o)
                0x0000972c                Chip_Clock_EnablePeriphClock
 .text.Chip_Clock_GetCPUClockSource
                0x00009744       0x10 D:\Developpement_Robot\MultiWorkSpaces_2021\0_lpc_chip_175x_6x\Release\lib0_lpc_chip_175x_6x.a(clock_17xx_40xx.o)
                0x00009744                Chip_Clock_GetCPUClockSource
 .text.Chip_Clock_SetCPUClockDiv
                0x00009754        0xc D:\Developpement_Robot\MultiWorkSpaces_2021\0_lpc_chip_175x_6x\Release\lib0_lpc_chip_175x_6x.a(clock_17xx_40xx.o)
                0x00009754                Chip_Clock_SetCPUClockDiv
 .text.Chip_Clock_GetCPUClockDiv
                0x00009760       0x10 D:\Developpement_Robot\MultiWorkSpaces_2021\0_lpc_chip_175x_6x\Release\lib0_lpc_chip_175x_6x.a(clock_17xx_40xx.o)
                0x00009760                Chip_Clock_GetCPUClockDiv
 .text.Chip_Clock_GetPCLKDiv
                0x00009770       0x38 D:\Developpement_Robot\MultiWorkSpaces_2021\0_lpc_chip_175x_6x\Release\lib0_lpc_chip_175x_6x.a(clock_17xx_40xx.o)
                0x00009770                Chip_Clock_GetPCLKDiv
 .text.Chip_Clock_GetSYSCLKRate
                0x000097a8       0x38 D:\Developpement_Robot\MultiWorkSpaces_2021\0_lpc_chip_175x_6x\Release\lib0_lpc_chip_175x_6x.a(clock_17xx_40xx.o)
                0x000097a8                Chip_Clock_GetSYSCLKRate
 .text.Chip_Clock_GetMainPLLOutClockRate
                0x000097e0       0x34 D:\Developpement_Robot\MultiWorkSpaces_2021\0_lpc_chip_175x_6x\Release\lib0_lpc_chip_175x_6x.a(clock_17xx_40xx.o)
                0x000097e0                Chip_Clock_GetMainPLLOutClockRate
 .text.Chip_Clock_GetMainClockRate
                0x00009814       0x20 D:\Developpement_Robot\MultiWorkSpaces_2021\0_lpc_chip_175x_6x\Release\lib0_lpc_chip_175x_6x.a(clock_17xx_40xx.o)
                0x00009814                Chip_Clock_GetMainClockRate
 .text.Chip_Clock_GetSystemClockRate
                0x00009834       0x12 D:\Developpement_Robot\MultiWorkSpaces_2021\0_lpc_chip_175x_6x\Release\lib0_lpc_chip_175x_6x.a(clock_17xx_40xx.o)
                0x00009834                Chip_Clock_GetSystemClockRate
 .text.Chip_Clock_GetPeripheralClockRate
                0x00009846       0x16 D:\Developpement_Robot\MultiWorkSpaces_2021\0_lpc_chip_175x_6x\Release\lib0_lpc_chip_175x_6x.a(clock_17xx_40xx.o)
                0x00009846                Chip_Clock_GetPeripheralClockRate
 .text.RingBuffer_Init
                0x0000985c       0x10 D:\Developpement_Robot\MultiWorkSpaces_2021\0_lpc_chip_175x_6x\Release\lib0_lpc_chip_175x_6x.a(ring_buffer.o)
                0x0000985c                RingBuffer_Init
 .text.RingBuffer_Insert
                0x0000986c       0x30 D:\Developpement_Robot\MultiWorkSpaces_2021\0_lpc_chip_175x_6x\Release\lib0_lpc_chip_175x_6x.a(ring_buffer.o)
                0x0000986c                RingBuffer_Insert
 .text.RingBuffer_InsertMult
                0x0000989c       0x8c D:\Developpement_Robot\MultiWorkSpaces_2021\0_lpc_chip_175x_6x\Release\lib0_lpc_chip_175x_6x.a(ring_buffer.o)
                0x0000989c                RingBuffer_InsertMult
 .text.RingBuffer_Pop
                0x00009928       0x30 D:\Developpement_Robot\MultiWorkSpaces_2021\0_lpc_chip_175x_6x\Release\lib0_lpc_chip_175x_6x.a(ring_buffer.o)
                0x00009928                RingBuffer_Pop
 .text.RingBuffer_PopMult
                0x00009958       0x7e D:\Developpement_Robot\MultiWorkSpaces_2021\0_lpc_chip_175x_6x\Release\lib0_lpc_chip_175x_6x.a(ring_buffer.o)
                0x00009958                RingBuffer_PopMult
 .text.RingBuffer_Count
                0x000099d6        0x8 D:\Developpement_Robot\MultiWorkSpaces_2021\0_lpc_chip_175x_6x\Release\lib0_lpc_chip_175x_6x.a(ring_buffer.o)
                0x000099d6                RingBuffer_Count
 *fill*         0x000099de        0x2 ff
 .text.Chip_SetupIrcClocking
                0x000099e0       0x64 D:\Developpement_Robot\MultiWorkSpaces_2021\0_lpc_chip_175x_6x\Release\lib0_lpc_chip_175x_6x.a(sysinit_17xx_40xx.o)
                0x000099e0                Chip_SetupIrcClocking
 .text.Chip_SetupXtalClocking
                0x00009a44       0xdc D:\Developpement_Robot\MultiWorkSpaces_2021\0_lpc_chip_175x_6x\Release\lib0_lpc_chip_175x_6x.a(sysinit_17xx_40xx.o)
                0x00009a44                Chip_SetupXtalClocking
 .text.Chip_SystemInit
                0x00009b20        0x4 D:\Developpement_Robot\MultiWorkSpaces_2021\0_lpc_chip_175x_6x\Release\lib0_lpc_chip_175x_6x.a(sysinit_17xx_40xx.o)
                0x00009b20                Chip_SystemInit
 .text.Chip_TIMER_Init
                0x00009b24       0x2c D:\Developpement_Robot\MultiWorkSpaces_2021\0_lpc_chip_175x_6x\Release\lib0_lpc_chip_175x_6x.a(timer_17xx_40xx.o)
                0x00009b24                Chip_TIMER_Init
 .text.Chip_UART_Init
                0x00009b50       0x58 D:\Developpement_Robot\MultiWorkSpaces_2021\0_lpc_chip_175x_6x\Release\lib0_lpc_chip_175x_6x.a(uart_17xx_40xx.o)
                0x00009b50                Chip_UART_Init
 .text.Chip_UART_TXEnable
                0x00009ba8        0x6 D:\Developpement_Robot\MultiWorkSpaces_2021\0_lpc_chip_175x_6x\Release\lib0_lpc_chip_175x_6x.a(uart_17xx_40xx.o)
                0x00009ba8                Chip_UART_TXEnable
 *fill*         0x00009bae        0x2 ff
 .text.Chip_UART_SetBaud
                0x00009bb0       0x58 D:\Developpement_Robot\MultiWorkSpaces_2021\0_lpc_chip_175x_6x\Release\lib0_lpc_chip_175x_6x.a(uart_17xx_40xx.o)
                0x00009bb0                Chip_UART_SetBaud
 .text.Chip_UART_RXIntHandlerRB
                0x00009c08       0x22 D:\Developpement_Robot\MultiWorkSpaces_2021\0_lpc_chip_175x_6x\Release\lib0_lpc_chip_175x_6x.a(uart_17xx_40xx.o)
                0x00009c08                Chip_UART_RXIntHandlerRB
 .text.Chip_UART_TXIntHandlerRB
                0x00009c2a       0x24 D:\Developpement_Robot\MultiWorkSpaces_2021\0_lpc_chip_175x_6x\Release\lib0_lpc_chip_175x_6x.a(uart_17xx_40xx.o)
                0x00009c2a                Chip_UART_TXIntHandlerRB
 *fill*         0x00009c4e        0x2 ff
 .text.Chip_UART_IRQRBHandler
                0x00009c50       0x68 D:\Developpement_Robot\MultiWorkSpaces_2021\0_lpc_chip_175x_6x\Release\lib0_lpc_chip_175x_6x.a(uart_17xx_40xx.o)
                0x00009c50                Chip_UART_IRQRBHandler
 .text.Set_Clock_in
                0x00009cb8        0xc D:\Developpement_Robot\MultiWorkSpaces_2021\0_lpc_board_nxp_lpcxpresso_1769\Release\lib0_lpc_board_nxp_lpcxpresso_1769.a(board.o)
                0x00009cb8                Set_Clock_in
 .text.Board_Init
                0x00009cc4       0x12 D:\Developpement_Robot\MultiWorkSpaces_2021\0_lpc_board_nxp_lpcxpresso_1769\Release\lib0_lpc_board_nxp_lpcxpresso_1769.a(board.o)
                0x00009cc4                Board_Init
 .text.EPAdr    0x00009cd6       0x10 D:\Developpement_Robot\MultiWorkSpaces_2021\0_lpc_chip_175x_6x\libs\libusbd_175x_6x_lib.a(hw_usbd_ip3503.o)
                0x00009cd6                EPAdr
 .text.hwWrCmd  0x00009ce6       0x10 D:\Developpement_Robot\MultiWorkSpaces_2021\0_lpc_chip_175x_6x\libs\libusbd_175x_6x_lib.a(hw_usbd_ip3503.o)
                0x00009ce6                hwWrCmd
 .text.hwWrCmdDat
                0x00009cf6       0x16 D:\Developpement_Robot\MultiWorkSpaces_2021\0_lpc_chip_175x_6x\libs\libusbd_175x_6x_lib.a(hw_usbd_ip3503.o)
                0x00009cf6                hwWrCmdDat
 .text.hwWrCmdEP
                0x00009d0c       0x24 D:\Developpement_Robot\MultiWorkSpaces_2021\0_lpc_chip_175x_6x\libs\libusbd_175x_6x_lib.a(hw_usbd_ip3503.o)
                0x00009d0c                hwWrCmdEP
 .text.hwRdCmdDat
                0x00009d30       0x12 D:\Developpement_Robot\MultiWorkSpaces_2021\0_lpc_chip_175x_6x\libs\libusbd_175x_6x_lib.a(hw_usbd_ip3503.o)
                0x00009d30                hwRdCmdDat
 .text.hwUSB_GetMemSize
                0x00009d42        0x6 D:\Developpement_Robot\MultiWorkSpaces_2021\0_lpc_chip_175x_6x\libs\libusbd_175x_6x_lib.a(hw_usbd_ip3503.o)
                0x00009d42                hwUSB_GetMemSize
 .text.hwUSB_Connect
                0x00009d48       0x1c D:\Developpement_Robot\MultiWorkSpaces_2021\0_lpc_chip_175x_6x\libs\libusbd_175x_6x_lib.a(hw_usbd_ip3503.o)
                0x00009d48                hwUSB_Connect
 .text.hwUSB_Reset
                0x00009d64       0x30 D:\Developpement_Robot\MultiWorkSpaces_2021\0_lpc_chip_175x_6x\libs\libusbd_175x_6x_lib.a(hw_usbd_ip3503.o)
                0x00009d64                hwUSB_Reset
 .text.hwUSB_WakeUp
                0x00009d94       0x20 D:\Developpement_Robot\MultiWorkSpaces_2021\0_lpc_chip_175x_6x\libs\libusbd_175x_6x_lib.a(hw_usbd_ip3503.o)
                0x00009d94                hwUSB_WakeUp
 .text.hwUSB_WakeUpCfg
                0x00009db4        0x2 D:\Developpement_Robot\MultiWorkSpaces_2021\0_lpc_chip_175x_6x\libs\libusbd_175x_6x_lib.a(hw_usbd_ip3503.o)
                0x00009db4                hwUSB_WakeUpCfg
 *fill*         0x00009db6        0x2 ff
 .text.hwUSB_SetAddress
                0x00009db8       0x30 D:\Developpement_Robot\MultiWorkSpaces_2021\0_lpc_chip_175x_6x\libs\libusbd_175x_6x_lib.a(hw_usbd_ip3503.o)
                0x00009db8                hwUSB_SetAddress
 .text.hwUSB_Init
                0x00009de8       0x84 D:\Developpement_Robot\MultiWorkSpaces_2021\0_lpc_chip_175x_6x\libs\libusbd_175x_6x_lib.a(hw_usbd_ip3503.o)
                0x00009de8                hwUSB_Init
 .text.hwUSB_Configure
                0x00009e6c       0x34 D:\Developpement_Robot\MultiWorkSpaces_2021\0_lpc_chip_175x_6x\libs\libusbd_175x_6x_lib.a(hw_usbd_ip3503.o)
                0x00009e6c                hwUSB_Configure
 .text.hwUSB_ConfigEP
                0x00009ea0       0x32 D:\Developpement_Robot\MultiWorkSpaces_2021\0_lpc_chip_175x_6x\libs\libusbd_175x_6x_lib.a(hw_usbd_ip3503.o)
                0x00009ea0                hwUSB_ConfigEP
 .text.hwUSB_DirCtrlEP
                0x00009ed2        0x2 D:\Developpement_Robot\MultiWorkSpaces_2021\0_lpc_chip_175x_6x\libs\libusbd_175x_6x_lib.a(hw_usbd_ip3503.o)
                0x00009ed2                hwUSB_DirCtrlEP
 .text.hwUSB_EnableEP
                0x00009ed4       0x24 D:\Developpement_Robot\MultiWorkSpaces_2021\0_lpc_chip_175x_6x\libs\libusbd_175x_6x_lib.a(hw_usbd_ip3503.o)
                0x00009ed4                hwUSB_EnableEP
 .text.hwUSB_DisableEP
                0x00009ef8       0x28 D:\Developpement_Robot\MultiWorkSpaces_2021\0_lpc_chip_175x_6x\libs\libusbd_175x_6x_lib.a(hw_usbd_ip3503.o)
                0x00009ef8                hwUSB_DisableEP
 .text.hwUSB_ResetEP
                0x00009f20       0x24 D:\Developpement_Robot\MultiWorkSpaces_2021\0_lpc_chip_175x_6x\libs\libusbd_175x_6x_lib.a(hw_usbd_ip3503.o)
                0x00009f20                hwUSB_ResetEP
 .text.hwUSB_SetStallEP
                0x00009f44       0x28 D:\Developpement_Robot\MultiWorkSpaces_2021\0_lpc_chip_175x_6x\libs\libusbd_175x_6x_lib.a(hw_usbd_ip3503.o)
                0x00009f44                hwUSB_SetStallEP
 .text.hwUSB_ClrStallEP
                0x00009f6c       0x24 D:\Developpement_Robot\MultiWorkSpaces_2021\0_lpc_chip_175x_6x\libs\libusbd_175x_6x_lib.a(hw_usbd_ip3503.o)
                0x00009f6c                hwUSB_ClrStallEP
 .text.hwUSB_EnableEvent
                0x00009f90       0xd8 D:\Developpement_Robot\MultiWorkSpaces_2021\0_lpc_chip_175x_6x\libs\libusbd_175x_6x_lib.a(hw_usbd_ip3503.o)
                0x00009f90                hwUSB_EnableEvent
 .text.hwUSB_ReadEP
                0x0000a068       0x80 D:\Developpement_Robot\MultiWorkSpaces_2021\0_lpc_chip_175x_6x\libs\libusbd_175x_6x_lib.a(hw_usbd_ip3503.o)
                0x0000a068                hwUSB_ReadEP
 .text.hwUSB_ForceFullSpeed
                0x0000a0e8        0x2 D:\Developpement_Robot\MultiWorkSpaces_2021\0_lpc_chip_175x_6x\libs\libusbd_175x_6x_lib.a(hw_usbd_ip3503.o)
                0x0000a0e8                hwUSB_ForceFullSpeed
 .text.hwUSB_SetTestMode
                0x0000a0ea        0x4 D:\Developpement_Robot\MultiWorkSpaces_2021\0_lpc_chip_175x_6x\libs\libusbd_175x_6x_lib.a(hw_usbd_ip3503.o)
                0x0000a0ea                hwUSB_SetTestMode
 .text.hwUSB_ReadReqEP
                0x0000a0ee        0x4 D:\Developpement_Robot\MultiWorkSpaces_2021\0_lpc_chip_175x_6x\libs\libusbd_175x_6x_lib.a(hw_usbd_ip3503.o)
                0x0000a0ee                hwUSB_ReadReqEP
 .text.hwUSB_ReadSetupPkt
                0x0000a0f2        0x4 D:\Developpement_Robot\MultiWorkSpaces_2021\0_lpc_chip_175x_6x\libs\libusbd_175x_6x_lib.a(hw_usbd_ip3503.o)
                0x0000a0f2                hwUSB_ReadSetupPkt
 *fill*         0x0000a0f6        0x2 ff
 .text.hwUSB_WriteEP
                0x0000a0f8       0x44 D:\Developpement_Robot\MultiWorkSpaces_2021\0_lpc_chip_175x_6x\libs\libusbd_175x_6x_lib.a(hw_usbd_ip3503.o)
                0x0000a0f8                hwUSB_WriteEP
 .text.hwUSB_ISR
                0x0000a13c      0x1a0 D:\Developpement_Robot\MultiWorkSpaces_2021\0_lpc_chip_175x_6x\libs\libusbd_175x_6x_lib.a(hw_usbd_ip3503.o)
                0x0000a13c                hwUSB_ISR
 .text.mwCDC_SetRequest
                0x0000a2dc       0x7c D:\Developpement_Robot\MultiWorkSpaces_2021\0_lpc_chip_175x_6x\libs\libusbd_175x_6x_lib.a(mw_usbd_cdcuser.o)
                0x0000a2dc                mwCDC_SetRequest
 .text.mwCDC_ep0_hdlr
                0x0000a358       0xb0 D:\Developpement_Robot\MultiWorkSpaces_2021\0_lpc_chip_175x_6x\libs\libusbd_175x_6x_lib.a(mw_usbd_cdcuser.o)
                0x0000a358                mwCDC_ep0_hdlr
 .text.mwCDC_GetRequest
                0x0000a408       0x50 D:\Developpement_Robot\MultiWorkSpaces_2021\0_lpc_chip_175x_6x\libs\libusbd_175x_6x_lib.a(mw_usbd_cdcuser.o)
                0x0000a408                mwCDC_GetRequest
 .text.mwCDC_SendNotification
                0x0000a458       0x50 D:\Developpement_Robot\MultiWorkSpaces_2021\0_lpc_chip_175x_6x\libs\libusbd_175x_6x_lib.a(mw_usbd_cdcuser.o)
                0x0000a458                mwCDC_SendNotification
 .text.mwCDC_GetMemSize
                0x0000a4a8        0x4 D:\Developpement_Robot\MultiWorkSpaces_2021\0_lpc_chip_175x_6x\libs\libusbd_175x_6x_lib.a(mw_usbd_cdcuser.o)
                0x0000a4a8                mwCDC_GetMemSize
 .text.mwCDC_init
                0x0000a4ac      0x140 D:\Developpement_Robot\MultiWorkSpaces_2021\0_lpc_chip_175x_6x\libs\libusbd_175x_6x_lib.a(mw_usbd_cdcuser.o)
                0x0000a4ac                mwCDC_init
 .text.USB_ReqGetConfiguration
                0x0000a5ec       0x20 D:\Developpement_Robot\MultiWorkSpaces_2021\0_lpc_chip_175x_6x\libs\libusbd_175x_6x_lib.a(mw_usbd_core.o)
                0x0000a5ec                USB_ReqGetConfiguration
 .text.USBD_virt_to_phys
                0x0000a60c        0x2 D:\Developpement_Robot\MultiWorkSpaces_2021\0_lpc_chip_175x_6x\libs\libusbd_175x_6x_lib.a(mw_usbd_core.o)
                0x0000a60c                USBD_virt_to_phys
 .text.USBD_cache_flush
                0x0000a60e        0x2 D:\Developpement_Robot\MultiWorkSpaces_2021\0_lpc_chip_175x_6x\libs\libusbd_175x_6x_lib.a(mw_usbd_core.o)
                0x0000a60e                USBD_cache_flush
 .text.USB_ReqGetStatus
                0x0000a610       0x8c D:\Developpement_Robot\MultiWorkSpaces_2021\0_lpc_chip_175x_6x\libs\libusbd_175x_6x_lib.a(mw_usbd_core.o)
                0x0000a610                USB_ReqGetStatus
 .text.USB_ReqGetDescriptor
                0x0000a69c       0x84 D:\Developpement_Robot\MultiWorkSpaces_2021\0_lpc_chip_175x_6x\libs\libusbd_175x_6x_lib.a(mw_usbd_core.o)
                0x0000a69c                USB_ReqGetDescriptor
 .text.USB_ReqGetInterface
                0x0000a720       0x34 D:\Developpement_Robot\MultiWorkSpaces_2021\0_lpc_chip_175x_6x\libs\libusbd_175x_6x_lib.a(mw_usbd_core.o)
                0x0000a720                USB_ReqGetInterface
 .text.USB_ReqSetClrFeature
                0x0000a754       0xb4 D:\Developpement_Robot\MultiWorkSpaces_2021\0_lpc_chip_175x_6x\libs\libusbd_175x_6x_lib.a(mw_usbd_core.o)
                0x0000a754                USB_ReqSetClrFeature
 .text.USB_ReqSetConfiguration
                0x0000a808      0x194 D:\Developpement_Robot\MultiWorkSpaces_2021\0_lpc_chip_175x_6x\libs\libusbd_175x_6x_lib.a(mw_usbd_core.o)
                0x0000a808                USB_ReqSetConfiguration
 .text.USB_ReqSetInterface
                0x0000a99c      0x144 D:\Developpement_Robot\MultiWorkSpaces_2021\0_lpc_chip_175x_6x\libs\libusbd_175x_6x_lib.a(mw_usbd_core.o)
                0x0000a99c                USB_ReqSetInterface
 .text.mwUSB_SetupStage
                0x0000aae0        0xa D:\Developpement_Robot\MultiWorkSpaces_2021\0_lpc_chip_175x_6x\libs\libusbd_175x_6x_lib.a(mw_usbd_core.o)
                0x0000aae0                mwUSB_SetupStage
 .text.mwUSB_DataInStage
                0x0000aaea       0x2e D:\Developpement_Robot\MultiWorkSpaces_2021\0_lpc_chip_175x_6x\libs\libusbd_175x_6x_lib.a(mw_usbd_core.o)
                0x0000aaea                mwUSB_DataInStage
 .text.mwUSB_DataOutStage
                0x0000ab18       0x24 D:\Developpement_Robot\MultiWorkSpaces_2021\0_lpc_chip_175x_6x\libs\libusbd_175x_6x_lib.a(mw_usbd_core.o)
                0x0000ab18                mwUSB_DataOutStage
 .text.mwUSB_StatusInStage
                0x0000ab3c        0xa D:\Developpement_Robot\MultiWorkSpaces_2021\0_lpc_chip_175x_6x\libs\libusbd_175x_6x_lib.a(mw_usbd_core.o)
                0x0000ab3c                mwUSB_StatusInStage
 .text.mwUSB_StatusOutStage
                0x0000ab46        0xa D:\Developpement_Robot\MultiWorkSpaces_2021\0_lpc_chip_175x_6x\libs\libusbd_175x_6x_lib.a(mw_usbd_core.o)
                0x0000ab46                mwUSB_StatusOutStage
 .text.mwUSB_StallEp0
                0x0000ab50       0x12 D:\Developpement_Robot\MultiWorkSpaces_2021\0_lpc_chip_175x_6x\libs\libusbd_175x_6x_lib.a(mw_usbd_core.o)
                0x0000ab50                mwUSB_StallEp0
 *fill*         0x0000ab62        0x2 ff
 .text.USB_ReqSetAddress
                0x0000ab64       0x24 D:\Developpement_Robot\MultiWorkSpaces_2021\0_lpc_chip_175x_6x\libs\libusbd_175x_6x_lib.a(mw_usbd_core.o)
                0x0000ab64                USB_ReqSetAddress
 .text.USB_InvokeEp0Hdlrs
                0x0000ab88       0x44 D:\Developpement_Robot\MultiWorkSpaces_2021\0_lpc_chip_175x_6x\libs\libusbd_175x_6x_lib.a(mw_usbd_core.o)
                0x0000ab88                USB_InvokeEp0Hdlrs
 .text.mwUSB_ResetCore
                0x0000abcc       0x26 D:\Developpement_Robot\MultiWorkSpaces_2021\0_lpc_chip_175x_6x\libs\libusbd_175x_6x_lib.a(mw_usbd_core.o)
                0x0000abcc                mwUSB_ResetCore
 *fill*         0x0000abf2        0x2 ff
 .text.USB_EvtSetupHandler
                0x0000abf4      0x108 D:\Developpement_Robot\MultiWorkSpaces_2021\0_lpc_chip_175x_6x\libs\libusbd_175x_6x_lib.a(mw_usbd_core.o)
                0x0000abf4                USB_EvtSetupHandler
 .text.USB_EvtOutHandler
                0x0000acfc       0x68 D:\Developpement_Robot\MultiWorkSpaces_2021\0_lpc_chip_175x_6x\libs\libusbd_175x_6x_lib.a(mw_usbd_core.o)
                0x0000acfc                USB_EvtOutHandler
 .text.USB_EndPoint0
                0x0000ad64       0x94 D:\Developpement_Robot\MultiWorkSpaces_2021\0_lpc_chip_175x_6x\libs\libusbd_175x_6x_lib.a(mw_usbd_core.o)
                0x0000ad64                USB_EndPoint0
 .text.mwUSB_InitCore
                0x0000adf8       0xdc D:\Developpement_Robot\MultiWorkSpaces_2021\0_lpc_chip_175x_6x\libs\libusbd_175x_6x_lib.a(mw_usbd_core.o)
                0x0000adf8                mwUSB_InitCore
 .text.mwUSB_RegisterClassHandler
                0x0000aed4       0x28 D:\Developpement_Robot\MultiWorkSpaces_2021\0_lpc_chip_175x_6x\libs\libusbd_175x_6x_lib.a(mw_usbd_core.o)
                0x0000aed4                mwUSB_RegisterClassHandler
 .text.mwUSB_RegisterEpHandler
                0x0000aefc       0x24 D:\Developpement_Robot\MultiWorkSpaces_2021\0_lpc_chip_175x_6x\libs\libusbd_175x_6x_lib.a(mw_usbd_core.o)
                0x0000aefc                mwUSB_RegisterEpHandler
 .text          0x0000af20       0x40 d:/mcuxpressoide_11.1.1_3241/ide/plugins/com.nxp.mcuxpresso.tools.win32_11.1.0.202001081728/tools/bin/../lib/gcc/arm-none-eabi/8.3.1/thumb/v7-m/nofp\libgcc.a(_arm_fixunsdfsi.o)
                0x0000af20                __aeabi_d2uiz
                0x0000af20                __fixunsdfsi
 .text          0x0000af60      0x21c d:/mcuxpressoide_11.1.1_3241/ide/plugins/com.nxp.mcuxpresso.tools.win32_11.1.0.202001081728/tools/bin/../lib/gcc/arm-none-eabi/8.3.1/thumb/v7-m/nofp\libgcc.a(_arm_addsubsf3.o)
                0x0000af60                __aeabi_frsub
                0x0000af68                __subsf3
                0x0000af68                __aeabi_fsub
                0x0000af6c                __aeabi_fadd
                0x0000af6c                __addsf3
                0x0000b0cc                __aeabi_ui2f
                0x0000b0cc                __floatunsisf
                0x0000b0d4                __aeabi_i2f
                0x0000b0d4                __floatsisf
                0x0000b0f0                __aeabi_ul2f
                0x0000b0f0                __floatundisf
                0x0000b100                __aeabi_l2f
                0x0000b100                __floatdisf
 .text          0x0000b17c      0x2a0 d:/mcuxpressoide_11.1.1_3241/ide/plugins/com.nxp.mcuxpresso.tools.win32_11.1.0.202001081728/tools/bin/../lib/gcc/arm-none-eabi/8.3.1/thumb/v7-m/nofp\libgcc.a(_arm_muldivsf3.o)
                0x0000b17c                __mulsf3
                0x0000b17c                __aeabi_fmul
                0x0000b2e4                __aeabi_fdiv
                0x0000b2e4                __divsf3
 .text          0x0000b41c       0xec d:/mcuxpressoide_11.1.1_3241/ide/plugins/com.nxp.mcuxpresso.tools.win32_11.1.0.202001081728/tools/bin/../lib/gcc/arm-none-eabi/8.3.1/thumb/v7-m/nofp\libgcc.a(_arm_cmpsf2.o)
                0x0000b41c                __gesf2
                0x0000b41c                __gtsf2
                0x0000b424                __lesf2
                0x0000b424                __ltsf2
                0x0000b42c                __nesf2
                0x0000b42c                __eqsf2
                0x0000b42c                __cmpsf2
                0x0000b48c                __aeabi_cfrcmple
                0x0000b494                __aeabi_cfcmpeq
                0x0000b494                __aeabi_cfcmple
                0x0000b4a4                __aeabi_fcmpeq
                0x0000b4b8                __aeabi_fcmplt
                0x0000b4cc                __aeabi_fcmple
                0x0000b4e0                __aeabi_fcmpge
                0x0000b4f4                __aeabi_fcmpgt
 .text          0x0000b508       0x4c d:/mcuxpressoide_11.1.1_3241/ide/plugins/com.nxp.mcuxpresso.tools.win32_11.1.0.202001081728/tools/bin/../lib/gcc/arm-none-eabi/8.3.1/thumb/v7-m/nofp\libgcc.a(_arm_fixsfsi.o)
                0x0000b508                __aeabi_f2iz
                0x0000b508                __fixsfsi
 .text.memcpy   0x0000b554       0x1c d:/mcuxpressoide_11.1.1_3241/ide/plugins/com.nxp.mcuxpresso.tools.win32_11.1.0.202001081728/tools/bin/../lib/gcc/arm-none-eabi/8.3.1/../../../../arm-none-eabi/lib/thumb/v7-m/nofp\libc_nano.a(lib_a-memcpy-stub.o)
                0x0000b554                memcpy
 .text.memset   0x0000b570       0x10 d:/mcuxpressoide_11.1.1_3241/ide/plugins/com.nxp.mcuxpresso.tools.win32_11.1.0.202001081728/tools/bin/../lib/gcc/arm-none-eabi/8.3.1/../../../../arm-none-eabi/lib/thumb/v7-m/nofp\libc_nano.a(lib_a-memset.o)
                0x0000b570                memset
 .text.sprintf  0x0000b580       0x40 d:/mcuxpressoide_11.1.1_3241/ide/plugins/com.nxp.mcuxpresso.tools.win32_11.1.0.202001081728/tools/bin/../lib/gcc/arm-none-eabi/8.3.1/../../../../arm-none-eabi/lib/thumb/v7-m/nofp\libc_nano.a(lib_a-sprintf.o)
                0x0000b580                siprintf
                0x0000b580                sprintf
 .text          0x0000b5c0       0x10 d:/mcuxpressoide_11.1.1_3241/ide/plugins/com.nxp.mcuxpresso.tools.win32_11.1.0.202001081728/tools/bin/../lib/gcc/arm-none-eabi/8.3.1/../../../../arm-none-eabi/lib/thumb/v7-m/nofp\libc_nano.a(lib_a-strlen.o)
                0x0000b5c0                strlen
 .text.strncmp  0x0000b5d0       0x24 d:/mcuxpressoide_11.1.1_3241/ide/plugins/com.nxp.mcuxpresso.tools.win32_11.1.0.202001081728/tools/bin/../lib/gcc/arm-none-eabi/8.3.1/../../../../arm-none-eabi/lib/thumb/v7-m/nofp\libc_nano.a(lib_a-strncmp.o)
                0x0000b5d0                strncmp
 .text.__ssputs_r
                0x0000b5f4       0xb6 d:/mcuxpressoide_11.1.1_3241/ide/plugins/com.nxp.mcuxpresso.tools.win32_11.1.0.202001081728/tools/bin/../lib/gcc/arm-none-eabi/8.3.1/../../../../arm-none-eabi/lib/thumb/v7-m/nofp\libc_nano.a(lib_a-nano-svfprintf.o)
                0x0000b5f4                __ssputs_r
 *fill*         0x0000b6aa        0x2 ff
 .text._svfprintf_r
                0x0000b6ac      0x1f0 d:/mcuxpressoide_11.1.1_3241/ide/plugins/com.nxp.mcuxpresso.tools.win32_11.1.0.202001081728/tools/bin/../lib/gcc/arm-none-eabi/8.3.1/../../../../arm-none-eabi/lib/thumb/v7-m/nofp\libc_nano.a(lib_a-nano-svfprintf.o)
                0x0000b6ac                _svfiprintf_r
                0x0000b6ac                _svfprintf_r
 .text._printf_common
                0x0000b89c       0xec d:/mcuxpressoide_11.1.1_3241/ide/plugins/com.nxp.mcuxpresso.tools.win32_11.1.0.202001081728/tools/bin/../lib/gcc/arm-none-eabi/8.3.1/../../../../arm-none-eabi/lib/thumb/v7-m/nofp\libc_nano.a(lib_a-nano-vfprintf_i.o)
                0x0000b89c                _printf_common
 .text._printf_i
                0x0000b988      0x22c d:/mcuxpressoide_11.1.1_3241/ide/plugins/com.nxp.mcuxpresso.tools.win32_11.1.0.202001081728/tools/bin/../lib/gcc/arm-none-eabi/8.3.1/../../../../arm-none-eabi/lib/thumb/v7-m/nofp\libc_nano.a(lib_a-nano-vfprintf_i.o)
                0x0000b988                _printf_i
 .text.memchr   0x0000bbb4       0x1c d:/mcuxpressoide_11.1.1_3241/ide/plugins/com.nxp.mcuxpresso.tools.win32_11.1.0.202001081728/tools/bin/../lib/gcc/arm-none-eabi/8.3.1/../../../../arm-none-eabi/lib/thumb/v7-m/nofp\libc_nano.a(lib_a-memchr-stub.o)
                0x0000bbb4                memchr
 .text.memmove  0x0000bbd0       0x34 d:/mcuxpressoide_11.1.1_3241/ide/plugins/com.nxp.mcuxpresso.tools.win32_11.1.0.202001081728/tools/bin/../lib/gcc/arm-none-eabi/8.3.1/../../../../arm-none-eabi/lib/thumb/v7-m/nofp\libc_nano.a(lib_a-memmove.o)
                0x0000bbd0                memmove
 .text._free_r  0x0000bc04       0x98 d:/mcuxpressoide_11.1.1_3241/ide/plugins/com.nxp.mcuxpresso.tools.win32_11.1.0.202001081728/tools/bin/../lib/gcc/arm-none-eabi/8.3.1/../../../../arm-none-eabi/lib/thumb/v7-m/nofp\libc_nano.a(lib_a-nano-freer.o)
                0x0000bc04                _free_r
 .text._malloc_r
                0x0000bc9c       0xb4 d:/mcuxpressoide_11.1.1_3241/ide/plugins/com.nxp.mcuxpresso.tools.win32_11.1.0.202001081728/tools/bin/../lib/gcc/arm-none-eabi/8.3.1/../../../../arm-none-eabi/lib/thumb/v7-m/nofp\libc_nano.a(lib_a-nano-mallocr.o)
                0x0000bc9c                _malloc_r
 .text._realloc_r
                0x0000bd50       0x4c d:/mcuxpressoide_11.1.1_3241/ide/plugins/com.nxp.mcuxpresso.tools.win32_11.1.0.202001081728/tools/bin/../lib/gcc/arm-none-eabi/8.3.1/../../../../arm-none-eabi/lib/thumb/v7-m/nofp\libc_nano.a(lib_a-nano-reallocr.o)
                0x0000bd50                _realloc_r
 .text._sbrk_r  0x0000bd9c       0x20 d:/mcuxpressoide_11.1.1_3241/ide/plugins/com.nxp.mcuxpresso.tools.win32_11.1.0.202001081728/tools/bin/../lib/gcc/arm-none-eabi/8.3.1/../../../../arm-none-eabi/lib/thumb/v7-m/nofp\libc_nano.a(lib_a-sbrkr.o)
                0x0000bd9c                _sbrk_r
 .text.__malloc_lock
                0x0000bdbc        0xc d:/mcuxpressoide_11.1.1_3241/ide/plugins/com.nxp.mcuxpresso.tools.win32_11.1.0.202001081728/tools/bin/../lib/gcc/arm-none-eabi/8.3.1/../../../../arm-none-eabi/lib/thumb/v7-m/nofp\libc_nano.a(lib_a-mlock.o)
                0x0000bdbc                __malloc_lock
 .text.__malloc_unlock
                0x0000bdc8        0xc d:/mcuxpressoide_11.1.1_3241/ide/plugins/com.nxp.mcuxpresso.tools.win32_11.1.0.202001081728/tools/bin/../lib/gcc/arm-none-eabi/8.3.1/../../../../arm-none-eabi/lib/thumb/v7-m/nofp\libc_nano.a(lib_a-mlock.o)
                0x0000bdc8                __malloc_unlock
 .text._malloc_usable_size_r
                0x0000bdd4       0x10 d:/mcuxpressoide_11.1.1_3241/ide/plugins/com.nxp.mcuxpresso.tools.win32_11.1.0.202001081728/tools/bin/../lib/gcc/arm-none-eabi/8.3.1/../../../../arm-none-eabi/lib/thumb/v7-m/nofp\libc_nano.a(lib_a-nano-msizer.o)
                0x0000bdd4                _malloc_usable_size_r
 .text.__retarget_lock_acquire_recursive
                0x0000bde4        0x2 d:/mcuxpressoide_11.1.1_3241/ide/plugins/com.nxp.mcuxpresso.tools.win32_11.1.0.202001081728/tools/bin/../lib/gcc/arm-none-eabi/8.3.1/../../../../arm-none-eabi/lib/thumb/v7-m/nofp\libc_nano.a(lib_a-lock.o)
                0x0000bde4                __retarget_lock_acquire_recursive
 .text.__retarget_lock_release_recursive
                0x0000bde6        0x2 d:/mcuxpressoide_11.1.1_3241/ide/plugins/com.nxp.mcuxpresso.tools.win32_11.1.0.202001081728/tools/bin/../lib/gcc/arm-none-eabi/8.3.1/../../../../arm-none-eabi/lib/thumb/v7-m/nofp\libc_nano.a(lib_a-lock.o)
                0x0000bde6                __retarget_lock_release_recursive
 .text.sqrtf    0x0000bde8       0x48 d:/mcuxpressoide_11.1.1_3241/ide/plugins/com.nxp.mcuxpresso.tools.win32_11.1.0.202001081728/tools/bin/../lib/gcc/arm-none-eabi/8.3.1/../../../../arm-none-eabi/lib/thumb/v7-m/nofp\libm.a(lib_a-wf_sqrt.o)
                0x0000bde8                sqrtf
 .text.__ieee754_sqrtf
                0x0000be30       0xa8 d:/mcuxpressoide_11.1.1_3241/ide/plugins/com.nxp.mcuxpresso.tools.win32_11.1.0.202001081728/tools/bin/../lib/gcc/arm-none-eabi/8.3.1/../../../../arm-none-eabi/lib/thumb/v7-m/nofp\libm.a(lib_a-ef_sqrt.o)
                0x0000be30                __ieee754_sqrtf
 .text._sbrk    0x0000bed8       0x3c d:/mcuxpressoide_11.1.1_3241/ide/plugins/com.nxp.mcuxpresso.tools.win32_11.1.0.202001081728/tools/bin/../lib/gcc/arm-none-eabi/8.3.1/../../../../arm-none-eabi/lib/thumb/v7-m/nofp\libcr_newlib_none.a(_cr_sbrk.o)
                0x0000bed8                _sbrk
 .text.__check_heap_overflow
                0x0000bf14       0x18 d:/mcuxpressoide_11.1.1_3241/ide/plugins/com.nxp.mcuxpresso.tools.win32_11.1.0.202001081728/tools/bin/../lib/gcc/arm-none-eabi/8.3.1/../../../../arm-none-eabi/lib/thumb/v7-m/nofp\libcr_newlib_none.a(_cr_check_heap.o)
                0x0000bf14                __check_heap_overflow
 .text          0x0000bf2c       0x2c d:/mcuxpressoide_11.1.1_3241/ide/plugins/com.nxp.mcuxpresso.tools.win32_11.1.0.202001081728/tools/bin/../lib/gcc/arm-none-eabi/8.3.1/thumb/v7-m/nofp\libgcc.a(_arm_unordsf2.o)
                0x0000bf2c                __unordsf2
                0x0000bf2c                __aeabi_fcmpun
 .text.__errno  0x0000bf58        0xc d:/mcuxpressoide_11.1.1_3241/ide/plugins/com.nxp.mcuxpresso.tools.win32_11.1.0.202001081728/tools/bin/../lib/gcc/arm-none-eabi/8.3.1/../../../../arm-none-eabi/lib/thumb/v7-m/nofp\libc_nano.a(lib_a-errno.o)
                0x0000bf58                __errno
 *(.rodata .rodata.* .constdata .constdata.*)
 .rodata.main.str1.4
                0x0000bf64        0xf ./src/IA_2021_V0.o
 *fill*         0x0000bf73        0x1 ff
 .rodata.Set_Debug_Pin_0_High.str1.4
                0x0000bf74       0x11 ./src/Init.o
 *fill*         0x0000bf85        0x3 ff
 .rodata.Set_Debug_Pin_0_Low.str1.4
                0x0000bf88       0x10 ./src/Init.o
 .rodata.Set_Debug_Pin_1_Low.str1.4
                0x0000bf98       0x10 ./src/Init.o
 .rodata.Init_Carte_IA.str1.4
                0x0000bfa8       0x18 ./src/Init.o
 .rodata        0x0000bfc0       0x15 ./src/test.o
 *fill*         0x0000bfd5        0x3 ff
 .rodata.vTaskStartScheduler.str1.4
                0x0000bfd8        0x5 ./freertos/src/tasks.o
 *fill*         0x0000bfdd        0x3 ff
 .rodata.xTimerCreateTimerTask.str1.4
                0x0000bfe0        0x8 ./freertos/src/timers.o
 .rodata.prvCheckForValidListAndQueue.str1.4
                0x0000bfe8        0x5 ./freertos/src/timers.o
 *fill*         0x0000bfed        0x3 ff
 .rodata.pszTraceGetErrorNotEnoughHandles.str1.4
                0x0000bff0      0x2fe ./freertos/FreeRTOS_Trace/trcKernelPort.o
 *fill*         0x0000c2ee        0x2 ff
 .rodata.vTraceEnable.str1.4
                0x0000c2f0       0x74 ./freertos/FreeRTOS_Trace/trcSnapshotRecorder.o
 .rodata.uiTraceStart.str1.4
                0x0000c364       0x4e ./freertos/FreeRTOS_Trace/trcSnapshotRecorder.o
 *fill*         0x0000c3b2        0x2 ff
 .rodata.xTraceSetISRProperties.str1.4
                0x0000c3b4       0xb7 ./freertos/FreeRTOS_Trace/trcSnapshotRecorder.o
 *fill*         0x0000c46b        0x1 ff
 .rodata.vTraceStoreISRBegin.str1.4
                0x0000c46c       0xd4 ./freertos/FreeRTOS_Trace/trcSnapshotRecorder.o
 .rodata.vTraceStoreISREnd.str1.4
                0x0000c540       0x7c ./freertos/FreeRTOS_Trace/trcSnapshotRecorder.o
 .rodata.writeInt8.str1.4
                0x0000c5bc       0x28 ./freertos/FreeRTOS_Trace/trcSnapshotRecorder.o
 .rodata.writeInt16.str1.4
                0x0000c5e4       0x29 ./freertos/FreeRTOS_Trace/trcSnapshotRecorder.o
 *fill*         0x0000c60d        0x3 ff
 .rodata.writeInt32.str1.4
                0x0000c610       0x29 ./freertos/FreeRTOS_Trace/trcSnapshotRecorder.o
 *fill*         0x0000c639        0x3 ff
 .rodata.prvTraceUserEventFormat.str1.4
                0x0000c63c       0x6d ./freertos/FreeRTOS_Trace/trcSnapshotRecorder.o
 *fill*         0x0000c6a9        0x3 ff
 .rodata.vTracePrintF_Helper.str1.4
                0x0000c6ac       0x35 ./freertos/FreeRTOS_Trace/trcSnapshotRecorder.o
 *fill*         0x0000c6e1        0x3 ff
 .rodata.xTraceRegisterString.str1.4
                0x0000c6e4       0x32 ./freertos/FreeRTOS_Trace/trcSnapshotRecorder.o
 *fill*         0x0000c716        0x2 ff
 .rodata.prvTraceStoreTaskReady.str1.4
                0x0000c718       0x75 ./freertos/FreeRTOS_Trace/trcSnapshotRecorder.o
 *fill*         0x0000c78d        0x3 ff
 .rodata.prvTraceStoreKernelCall.str1.4
                0x0000c790       0xfd ./freertos/FreeRTOS_Trace/trcSnapshotRecorder.o
 *fill*         0x0000c88d        0x3 ff
 .rodata.prvTraceStoreKernelCallWithParam.str1.4
                0x0000c890      0x115 ./freertos/FreeRTOS_Trace/trcSnapshotRecorder.o
 *fill*         0x0000c9a5        0x3 ff
 .rodata.prvTraceGetParam.str1.4
                0x0000c9a8       0x3c ./freertos/FreeRTOS_Trace/trcSnapshotRecorder.o
 .rodata.prvTraceStoreKernelCallWithNumericParamOnly.str1.4
                0x0000c9e4       0x8d ./freertos/FreeRTOS_Trace/trcSnapshotRecorder.o
 *fill*         0x0000ca71        0x3 ff
 .rodata.prvTraceStoreTaskswitch.str1.4
                0x0000ca74       0x45 ./freertos/FreeRTOS_Trace/trcSnapshotRecorder.o
 *fill*         0x0000cab9        0x3 ff
 .rodata.prvTraceStoreObjectNameOnCloseEvent.str1.4
                0x0000cabc       0xa0 ./freertos/FreeRTOS_Trace/trcSnapshotRecorder.o
 .rodata.prvTraceStoreObjectPropertiesOnCloseEvent.str1.4
                0x0000cb5c       0xaa ./freertos/FreeRTOS_Trace/trcSnapshotRecorder.o
 *fill*         0x0000cc06        0x2 ff
 .rodata.prvTraceSetPriorityProperty.str1.4
                0x0000cc08       0x8c ./freertos/FreeRTOS_Trace/trcSnapshotRecorder.o
 .rodata.prvTraceGetPriorityProperty.str1.4
                0x0000cc94       0x8c ./freertos/FreeRTOS_Trace/trcSnapshotRecorder.o
 .rodata.prvTraceSetObjectState.str1.4
                0x0000cd20       0x7f ./freertos/FreeRTOS_Trace/trcSnapshotRecorder.o
 *fill*         0x0000cd9f        0x1 ff
 .rodata.prvTraceGetObjectState.str1.4
                0x0000cda0       0x7f ./freertos/FreeRTOS_Trace/trcSnapshotRecorder.o
 *fill*         0x0000ce1f        0x1 ff
 .rodata.prvTraceSetTaskInstanceFinished.str1.4
                0x0000ce20       0x48 ./freertos/FreeRTOS_Trace/trcSnapshotRecorder.o
 .rodata.prvTraceInitTraceData.str1.4
                0x0000ce68       0x14 ./freertos/FreeRTOS_Trace/trcSnapshotRecorder.o
 .rodata.prvTraceNextFreeEventBufferSlot.str1.4
                0x0000ce7c       0x27 ./freertos/FreeRTOS_Trace/trcSnapshotRecorder.o
 *fill*         0x0000cea3        0x1 ff
 .rodata.uiIndexOfObject.str1.4
                0x0000cea4       0xc0 ./freertos/FreeRTOS_Trace/trcSnapshotRecorder.o
 .rodata.prvTraceGetObjectHandle.str1.4
                0x0000cf64       0x45 ./freertos/FreeRTOS_Trace/trcSnapshotRecorder.o
 *fill*         0x0000cfa9        0x3 ff
 .rodata.prvTraceFreeObjectHandle.str1.4
                0x0000cfac       0xb9 ./freertos/FreeRTOS_Trace/trcSnapshotRecorder.o
 *fill*         0x0000d065        0x3 ff
 .rodata.prvTraceSetObjectName.str1.4
                0x0000d068       0x91 ./freertos/FreeRTOS_Trace/trcSnapshotRecorder.o
 *fill*         0x0000d0f9        0x3 ff
 .rodata.prvTraceOpenSymbol.str1.4
                0x0000d0fc       0x2f ./freertos/FreeRTOS_Trace/trcSnapshotRecorder.o
 *fill*         0x0000d12b        0x1 ff
 .rodata.prvTraceGetDTS.str1.4
                0x0000d12c       0x63 ./freertos/FreeRTOS_Trace/trcSnapshotRecorder.o
 *fill*         0x0000d18f        0x1 ff
 .rodata.prvTraceLookupSymbolTableEntry.str1.4
                0x0000d190       0x73 ./freertos/FreeRTOS_Trace/trcSnapshotRecorder.o
 *fill*         0x0000d203        0x1 ff
 .rodata.prvTraceCreateSymbolTableEntry.str1.4
                0x0000d204       0xb9 ./freertos/FreeRTOS_Trace/trcSnapshotRecorder.o
 *fill*         0x0000d2bd        0x3 ff
 .rodata.prvTraceGetChecksum.str1.4
                0x0000d2c0       0x97 ./freertos/FreeRTOS_Trace/trcSnapshotRecorder.o
 *fill*         0x0000d357        0x1 ff
 .rodata._0_Deplacement_Init.str1.4
                0x0000d358       0x14 ./Strategie/Deplacement/0_Deplacements.o
 .rodata._0_Deplacement_Tourne_Avance_ASTAR.str1.4
                0x0000d36c        0xd ./Strategie/Deplacement/0_Deplacements.o
 *fill*         0x0000d379        0x3 ff
 .rodata._0_Deplacement_ASTAR.str1.4
                0x0000d37c       0x2f ./Strategie/Deplacement/0_Deplacements.o
 *fill*         0x0000d3ab        0x1 ff
 .rodata.Astar_Find_Path.str1.4
                0x0000d3ac       0x36 ./Pathfinding/Astar/Astar.o
 *fill*         0x0000d3e2        0x2 ff
 .rodata.g_usbApi
                0x0000d3e4       0x20 ./Communication/USB/src/cdc_usb_main.o
 .rodata        0x0000d404       0x62 ./Communication/0_Communication.o
 *fill*         0x0000d466        0x2 ff
 .rodata._0_Communication_Init_Event_Group.str1.4
                0x0000d468       0x13 ./Communication/0_Event_Group.o
 *fill*         0x0000d47b        0x1 ff
 .rodata        0x0000d47c       0xdf ./Communication/1_Trame_Communication.o
 *fill*         0x0000d55b        0x1 ff
 .rodata._2_Comm_Send_Destination_Robot.str1.4
                0x0000d55c       0x30 ./Communication/2_Echange_Datas.o
 .rodata._2_Communication_RX_Init.str1.4
                0x0000d58c       0x11 ./Communication/2_Echange_Datas_Reception.o
 *fill*         0x0000d59d        0x3 ff
 .rodata._2_Communication_RX_Lectures_Messages.str1.4
                0x0000d5a0       0x2c ./Communication/2_Echange_Datas_Reception.o
                                 0x2b (size before relaxing)
 .rodata.MainOscPLL0conf_12
                0x0000d5cc       0xf0 D:\Developpement_Robot\MultiWorkSpaces_2021\0_lpc_chip_175x_6x\Release\lib0_lpc_chip_175x_6x.a(sysinit_17xx_40xx.o)
 .rodata.MainOscPLL0conf_16
                0x0000d6bc       0xb0 D:\Developpement_Robot\MultiWorkSpaces_2021\0_lpc_chip_175x_6x\Release\lib0_lpc_chip_175x_6x.a(sysinit_17xx_40xx.o)
 .rodata.RTCOscRateIn
                0x0000d76c        0x4 D:\Developpement_Robot\MultiWorkSpaces_2021\0_lpc_board_nxp_lpcxpresso_1769\Release\lib0_lpc_board_nxp_lpcxpresso_1769.a(board.o)
                0x0000d76c                RTCOscRateIn
 .rodata.hw_api
                0x0000d770       0x5c D:\Developpement_Robot\MultiWorkSpaces_2021\0_lpc_chip_175x_6x\libs\libusbd_175x_6x_lib.a(mw_usbd_rom_api.o)
                0x0000d770                hw_api
 .rodata.core_api
                0x0000d7cc       0x20 D:\Developpement_Robot\MultiWorkSpaces_2021\0_lpc_chip_175x_6x\libs\libusbd_175x_6x_lib.a(mw_usbd_rom_api.o)
                0x0000d7cc                core_api
 .rodata.cdc_api
                0x0000d7ec        0xc D:\Developpement_Robot\MultiWorkSpaces_2021\0_lpc_chip_175x_6x\libs\libusbd_175x_6x_lib.a(mw_usbd_rom_api.o)
                0x0000d7ec                cdc_api
 .rodata._svfprintf_r.str1.1
                0x0000d7f8       0x11 d:/mcuxpressoide_11.1.1_3241/ide/plugins/com.nxp.mcuxpresso.tools.win32_11.1.0.202001081728/tools/bin/../lib/gcc/arm-none-eabi/8.3.1/../../../../arm-none-eabi/lib/thumb/v7-m/nofp\libc_nano.a(lib_a-nano-svfprintf.o)
 .rodata._printf_i.str1.1
                0x0000d809       0x22 d:/mcuxpressoide_11.1.1_3241/ide/plugins/com.nxp.mcuxpresso.tools.win32_11.1.0.202001081728/tools/bin/../lib/gcc/arm-none-eabi/8.3.1/../../../../arm-none-eabi/lib/thumb/v7-m/nofp\libc_nano.a(lib_a-nano-vfprintf_i.o)
                0x0000d82c                . = ALIGN (0x4)
 *fill*         0x0000d82b        0x1 ff

.glue_7         0x0000d82c        0x0
 .glue_7        0x0000d82c        0x0 linker stubs

.glue_7t        0x0000d82c        0x0
 .glue_7t       0x0000d82c        0x0 linker stubs

.vfp11_veneer   0x0000d82c        0x0
 .vfp11_veneer  0x0000d82c        0x0 linker stubs

.v4_bx          0x0000d82c        0x0
 .v4_bx         0x0000d82c        0x0 linker stubs

.iplt           0x0000d82c        0x0
 .iplt          0x0000d82c        0x0 ./src/IA_2021_V0.o

.rel.dyn        0x0000d82c        0x0
 .rel.iplt      0x0000d82c        0x0 ./src/IA_2021_V0.o

.ARM.extab
 *(.ARM.extab* .gnu.linkonce.armextab.*)

.ARM.exidx      0x0000d82c        0x0
                0x0000d82c                __exidx_start = .
 *(.ARM.exidx* .gnu.linkonce.armexidx.*)
                0x0000d82c                __exidx_end = .
                0x0000d82c                _etext = .

.data_RAM2      0x2007c000        0x0 load address 0x0000d82c
 FILL mask 0xff
                [!provide]                PROVIDE (__start_data_RAM2 = .)
                [!provide]                PROVIDE (__start_data_RamAHB32 = .)
 *(.ramfunc.$RAM2)
 *(.ramfunc.$RamAHB32)
 *(.data.$RAM2)
 *(.data.$RamAHB32)
 *(.data.$RAM2.*)
 *(.data.$RamAHB32.*)
                0x2007c000                . = ALIGN (0x4)
                [!provide]                PROVIDE (__end_data_RAM2 = .)
                [!provide]                PROVIDE (__end_data_RamAHB32 = .)

.data_RAM3      0x2007c800        0x0 load address 0x0000d82c
 FILL mask 0xff
                [!provide]                PROVIDE (__start_data_RAM3 = .)
                [!provide]                PROVIDE (__start_data_RAM3 = .)
 *(.ramfunc.$RAM3)
 *(.ramfunc.$RAM3)
 *(.data.$RAM3)
 *(.data.$RAM3)
 *(.data.$RAM3.*)
 *(.data.$RAM3.*)
                0x2007c800                . = ALIGN (0x4)
                [!provide]                PROVIDE (__end_data_RAM3 = .)
                [!provide]                PROVIDE (__end_data_RAM3 = .)

.uninit_RESERVED
                0x10000000        0x0
                0x10000000                _start_uninit_RESERVED = .
 *(.bss.$RESERVED*)
                0x10000000                . = ALIGN (0x4)
                0x10000000                _end_uninit_RESERVED = .

.data           0x10000000       0x94 load address 0x0000d82c
 FILL mask 0xff
                0x10000000                _data = .
                [!provide]                PROVIDE (__start_data_RAM = .)
                [!provide]                PROVIDE (__start_data_RamLoc32 = .)
 *(vtable)
 *(.ramfunc*)
 *(CodeQuickAccess)
 *(DataQuickAccess)
 *(RamFunction)
 *(.data*)
 .data.xHeapRegions
                0x10000000       0x10 ./src/IA_2021_V0.o
 .data.uxCriticalNesting
                0x10000010        0x4 ./freertos/src/port.o
 .data.TraceQueueClassTable
                0x10000014        0x5 ./freertos/FreeRTOS_Trace/trcKernelPort.o
                0x10000014                TraceQueueClassTable
 *fill*         0x10000019        0x3 ff
 .data.readyEventsEnabled
                0x1000001c        0x4 ./freertos/FreeRTOS_Trace/trcSnapshotRecorder.o
 .data.CurrentFilterMask
                0x10000020        0x2 ./freertos/FreeRTOS_Trace/trcSnapshotRecorder.o
                0x10000020                CurrentFilterMask
 .data.CurrentFilterGroup
                0x10000022        0x2 ./freertos/FreeRTOS_Trace/trcSnapshotRecorder.o