Archive member included to satisfy reference by file (symbol)

D:\Developpement_Robot\Robotic-System.git\trunk\Workspaces\MultiWorkSpaces_2021\0_lpc_chip_175x_6x\Release\lib0_lpc_chip_175x_6x.a(chip_17xx_40xx.o)
                              ./src/IA_2021_V0.o (SystemCoreClockUpdate)
D:\Developpement_Robot\Robotic-System.git\trunk\Workspaces\MultiWorkSpaces_2021\0_lpc_chip_175x_6x\Release\lib0_lpc_chip_175x_6x.a(clock_17xx_40xx.o)
                              D:\Developpement_Robot\Robotic-System.git\trunk\Workspaces\MultiWorkSpaces_2021\0_lpc_chip_175x_6x\Release\lib0_lpc_chip_175x_6x.a(chip_17xx_40xx.o) (Chip_Clock_EnablePLL)
D:\Developpement_Robot\Robotic-System.git\trunk\Workspaces\MultiWorkSpaces_2021\0_lpc_chip_175x_6x\Release\lib0_lpc_chip_175x_6x.a(ring_buffer.o)
                              ./Communication/0_Communication.o (RingBuffer_Init)
D:\Developpement_Robot\Robotic-System.git\trunk\Workspaces\MultiWorkSpaces_2021\0_lpc_chip_175x_6x\Release\lib0_lpc_chip_175x_6x.a(stopwatch_17xx_40xx.o)
                              ./Communication/USB/src/cdc_usb_main.o (StopWatch_Init)
D:\Developpement_Robot\Robotic-System.git\trunk\Workspaces\MultiWorkSpaces_2021\0_lpc_chip_175x_6x\Release\lib0_lpc_chip_175x_6x.a(sysinit_17xx_40xx.o)
                              ./src/IA_2021_V0.o (Chip_SetupXtalClocking)
D:\Developpement_Robot\Robotic-System.git\trunk\Workspaces\MultiWorkSpaces_2021\0_lpc_chip_175x_6x\Release\lib0_lpc_chip_175x_6x.a(timer_17xx_40xx.o)
                              ./src/IA_2021_V0.o (Chip_TIMER_Init)
D:\Developpement_Robot\Robotic-System.git\trunk\Workspaces\MultiWorkSpaces_2021\0_lpc_chip_175x_6x\Release\lib0_lpc_chip_175x_6x.a(uart_17xx_40xx.o)
                              ./Communication/0_Communication.o (Chip_UART_Init)
D:\Developpement_Robot\Robotic-System.git\trunk\Workspaces\MultiWorkSpaces_2021\0_lpc_board_nxp_lpcxpresso_1769\Release\lib0_lpc_board_nxp_lpcxpresso_1769.a(board.o)
                              ./src/IA_2021_V0.o (Set_Clock_in)
D:\Developpement_Robot\Robotic-System.git\trunk\Workspaces\MultiWorkSpaces_2021\0_lpc_chip_175x_6x\libs\libusbd_175x_6x_lib.a(mw_usbd_rom_api.o)
                              ./Communication/USB/src/cdc_usb_main.o (cdc_api)
D:\Developpement_Robot\Robotic-System.git\trunk\Workspaces\MultiWorkSpaces_2021\0_lpc_chip_175x_6x\libs\libusbd_175x_6x_lib.a(hw_usbd_ip3503.o)
                              D:\Developpement_Robot\Robotic-System.git\trunk\Workspaces\MultiWorkSpaces_2021\0_lpc_chip_175x_6x\libs\libusbd_175x_6x_lib.a(mw_usbd_rom_api.o) (hwUSB_GetMemSize)
D:\Developpement_Robot\Robotic-System.git\trunk\Workspaces\MultiWorkSpaces_2021\0_lpc_chip_175x_6x\libs\libusbd_175x_6x_lib.a(mw_usbd_cdcuser.o)
                              D:\Developpement_Robot\Robotic-System.git\trunk\Workspaces\MultiWorkSpaces_2021\0_lpc_chip_175x_6x\libs\libusbd_175x_6x_lib.a(mw_usbd_rom_api.o) (mwCDC_SendNotification)
D:\Developpement_Robot\Robotic-System.git\trunk\Workspaces\MultiWorkSpaces_2021\0_lpc_chip_175x_6x\libs\libusbd_175x_6x_lib.a(mw_usbd_core.o)
                              D:\Developpement_Robot\Robotic-System.git\trunk\Workspaces\MultiWorkSpaces_2021\0_lpc_chip_175x_6x\libs\libusbd_175x_6x_lib.a(mw_usbd_rom_api.o) (mwUSB_SetupStage)
D:\Developpement_Robot\Robotic-System.git\trunk\Workspaces\MultiWorkSpaces_2021\0_lpc_chip_175x_6x\libs\libusbd_175x_6x_lib.a(mw_usbd_dfuuser.o)
                              D:\Developpement_Robot\Robotic-System.git\trunk\Workspaces\MultiWorkSpaces_2021\0_lpc_chip_175x_6x\libs\libusbd_175x_6x_lib.a(mw_usbd_rom_api.o) (mwDFU_GetMemSize)
D:\Developpement_Robot\Robotic-System.git\trunk\Workspaces\MultiWorkSpaces_2021\0_lpc_chip_175x_6x\libs\libusbd_175x_6x_lib.a(mw_usbd_hiduser.o)
                              D:\Developpement_Robot\Robotic-System.git\trunk\Workspaces\MultiWorkSpaces_2021\0_lpc_chip_175x_6x\libs\libusbd_175x_6x_lib.a(mw_usbd_rom_api.o) (mwHID_GetMemSize)
D:\Developpement_Robot\Robotic-System.git\trunk\Workspaces\MultiWorkSpaces_2021\0_lpc_chip_175x_6x\libs\libusbd_175x_6x_lib.a(mw_usbd_mscuser.o)
                              D:\Developpement_Robot\Robotic-System.git\trunk\Workspaces\MultiWorkSpaces_2021\0_lpc_chip_175x_6x\libs\libusbd_175x_6x_lib.a(mw_usbd_rom_api.o) (mwMSC_GetMemSize)
c:/nxp/mcuxpressoide_11.2.1_4149/ide/plugins/com.nxp.mcuxpresso.tools.win32_11.2.0.202008311134/tools/bin/../lib/gcc/arm-none-eabi/9.2.1/thumb/v7-m/nofp\libgcc.a(_arm_mulsf3.o)
                              ./Strategie/Deplacement/0_Deplacements.o (__aeabi_fmul)
c:/nxp/mcuxpressoide_11.2.1_4149/ide/plugins/com.nxp.mcuxpresso.tools.win32_11.2.0.202008311134/tools/bin/../lib/gcc/arm-none-eabi/9.2.1/thumb/v7-m/nofp\libgcc.a(_arm_fixunsdfsi.o)
                              ./freertos/FreeRTOS_Trace/trcSnapshotRecorder.o (__aeabi_d2uiz)
[...]
Memory Configuration

Name             Origin             Length             Attributes
MFlash512        0x00010000         0x00070000         xr
RamLoc32         0x10000000         0x00008000         xrw
RamAHB32         0x2007c000         0x00000800         xrw
RAM3             0x2007c800         0x00007800         xrw
*default*        0x00000000         0xffffffff

Linker script and memory map

LOAD ./src/IA_2021_V0.o
LOAD ./src/Init.o
LOAD ./src/cr_startup_lpc175x_6x.o
LOAD ./src/crp.o
LOAD ./src/sysinit.o
LOAD ./src/test.o
LOAD ./freertos/src/FreeRTOSCommonHooks.o
LOAD ./freertos/src/croutine.o
LOAD ./freertos/src/event_groups.o
LOAD ./freertos/src/heap_5.o
LOAD ./freertos/src/list.o
LOAD ./freertos/src/port.o
LOAD ./freertos/src/queue.o
LOAD ./freertos/src/stream_buffer.o
LOAD ./freertos/src/tasks.o
LOAD ./freertos/src/timers.o
LOAD ./freertos/FreeRTOS_Trace/trcHardwarePort.o
LOAD ./freertos/FreeRTOS_Trace/trcKernelPort.o
LOAD ./freertos/FreeRTOS_Trace/trcSnapshotRecorder.o
LOAD ./Strategie/Deplacement/0_Deplacements.o
LOAD ./Strategie/Deplacement/1_Obstacles.o
LOAD ./Strategie/Actionneurs/0_Actionneurs.o
LOAD ./Strategie/0_Infos.o
LOAD ./Pathfinding/Astar/Astar.o
LOAD ./Communication/USB/src/cdc_desc.o
LOAD ./Communication/USB/src/cdc_usb_main.o
LOAD ./Communication/USB/src/cdc_vcom.o
LOAD ./Communication/RS485/0_RS485.o
LOAD ./Communication/0_Communication.o
LOAD ./Communication/0_Event_Group.o
LOAD ./Communication/1_Trame_Communication.o
LOAD ./Communication/2_Echange_Datas.o
LOAD ./Communication/2_Echange_Datas_Reception.o
LOAD D:\Developpement_Robot\Robotic-System.git\trunk\Workspaces\MultiWorkSpaces_2021\0_lpc_chip_175x_6x\Release\lib0_lpc_chip_175x_6x.a
LOAD D:\Developpement_Robot\Robotic-System.git\trunk\Workspaces\MultiWorkSpaces_2021\0_lpc_board_nxp_lpcxpresso_1769\Release\lib0_lpc_board_nxp_lpcxpresso_1769.a
LOAD D:\Developpement_Robot\Robotic-System.git\trunk\Workspaces\MultiWorkSpaces_2021\0_lpc_chip_175x_6x\libs\libusbd_175x_6x_lib.a
START GROUP
LOAD c:/nxp/mcuxpressoide_11.2.1_4149/ide/plugins/com.nxp.mcuxpresso.tools.win32_11.2.0.202008311134/tools/bin/../lib/gcc/arm-none-eabi/9.2.1/thumb/v7-m/nofp\libgcc.a
LOAD c:/nxp/mcuxpressoide_11.2.1_4149/ide/plugins/com.nxp.mcuxpresso.tools.win32_11.2.0.202008311134/tools/bin/../lib/gcc/arm-none-eabi/9.2.1/../../../../arm-none-eabi/lib/thumb/v7-m/nofp\libc_nano.a
LOAD c:/nxp/mcuxpressoide_11.2.1_4149/ide/plugins/com.nxp.mcuxpresso.tools.win32_11.2.0.202008311134/tools/bin/../lib/gcc/arm-none-eabi/9.2.1/../../../../arm-none-eabi/lib/thumb/v7-m/nofp\libm.a
LOAD c:/nxp/mcuxpressoide_11.2.1_4149/ide/plugins/com.nxp.mcuxpresso.tools.win32_11.2.0.202008311134/tools/bin/../lib/gcc/arm-none-eabi/9.2.1/../../../../arm-none-eabi/lib/thumb/v7-m/nofp\libcr_newlib_none.a
END GROUP
                0x00010000                __base_MFlash512 = 0x10000
                0x00010000                __base_Flash = 0x10000
                0x00080000                __top_MFlash512 = 0x80000
                0x00080000                __top_Flash = 0x80000
                0x10000000                __base_RamLoc32 = 0x10000000
                0x10000000                __base_RAM = 0x10000000
                0x10008000                __top_RamLoc32 = 0x10008000
                0x10008000                __top_RAM = 0x10008000
                0x2007c000                __base_RamAHB32 = 0x2007c000
                0x2007c000                __base_RAM2 = 0x2007c000
                0x2007c800                __top_RamAHB32 = 0x2007c800
                0x2007c800                __top_RAM2 = 0x2007c800
                0x2007c800                __base_RAM3 = 0x2007c800
                0x2007c800                __base_RAM3 = 0x2007c800
                0x20084000                __top_RAM3 = 0x20084000
                0x20084000                __top_RAM3 = 0x20084000

.text           0x00010000     0xe2b4
 FILL mask 0xff
                0x00010000                __vectors_start__ = ABSOLUTE (.)
 *(.isr_vector)
 .isr_vector    0x00010000       0xcc ./src/cr_startup_lpc175x_6x.o
                0x00010000                g_pfnVectors
                0x000100cc                . = ALIGN (0x4)
                0x000100cc                __section_table_start = .
                0x000100cc                __data_section_table = .
                0x000100cc        0x4 LONG 0x1e2b4 LOADADDR (.data)
                0x000100d0        0x4 LONG 0x10000000 ADDR (.data)
                0x000100d4        0x4 LONG 0x94 SIZEOF (.data)
                0x000100d8        0x4 LONG 0x1e2b4 LOADADDR (.data_RAM2)
                0x000100dc        0x4 LONG 0x2007c000 ADDR (.data_RAM2)
                0x000100e0        0x4 LONG 0x0 SIZEOF (.data_RAM2)
                0x000100e4        0x4 LONG 0x1e2b4 LOADADDR (.data_RAM3)
                0x000100e8        0x4 LONG 0x2007c800 ADDR (.data_RAM3)
                0x000100ec        0x4 LONG 0x0 SIZEOF (.data_RAM3)
                0x000100f0                __data_section_table_end = .
                0x000100f0                __bss_section_table = .
                0x000100f0        0x4 LONG 0x10000094 ADDR (.bss)
                0x000100f4        0x4 LONG 0x5374 SIZEOF (.bss)
                0x000100f8        0x4 LONG 0x2007c000 ADDR (.bss_RAM2)
                0x000100fc        0x4 LONG 0x0 SIZEOF (.bss_RAM2)
                0x00010100        0x4 LONG 0x2007c800 ADDR (.bss_RAM3)
                0x00010104        0x4 LONG 0x6bbc SIZEOF (.bss_RAM3)
                0x00010108                __bss_section_table_end = .
                0x00010108                __section_table_end = .
 *(.after_vectors*)
 .after_vectors
                0x00010108      0x130 ./src/cr_startup_lpc175x_6x.o
                0x00010108                data_init
                0x0001014c                bss_init
                0x00010184                ResetISR
                0x000101fc                NMI_Handler
                0x00010202                HardFault_Handler
                0x00010208                MemManage_Handler
                0x0001020e                BusFault_Handler
                0x00010214                UsageFault_Handler
                0x0001021a                SVC_Handler
                0x00010220                DebugMon_Handler
                0x00010226                PendSV_Handler
                0x0001022c                SysTick_Handler
                0x00010232                EINT3_IRQHandler
                0x00010232                CANActivity_IRQHandler
                0x00010232                TIMER3_IRQHandler
                0x00010232                UART0_IRQHandler
                0x00010232                EINT2_IRQHandler
                0x00010232                USBActivity_IRQHandler
                0x00010232                IntDefaultHandler
                0x00010232                PLL0_IRQHandler
                0x00010232                CAN_IRQHandler
                0x00010232                I2C1_IRQHandler
                0x00010232                SSP0_IRQHandler
                0x00010232                I2S_IRQHandler
                0x00010232                I2C2_IRQHandler
                0x00010232                RTC_IRQHandler
                0x00010232                TIMER0_IRQHandler
                0x00010232                SPI_IRQHandler
                0x00010232                RIT_IRQHandler
                0x00010232                EINT1_IRQHandler
                0x00010232                TIMER1_IRQHandler
                0x00010232                UART2_IRQHandler
                0x00010232                ADC_IRQHandler
                0x00010232                SSP1_IRQHandler
                0x00010232                BOD_IRQHandler
                0x00010232                I2C0_IRQHandler
                0x00010232                WDT_IRQHandler
                0x00010232                PWM1_IRQHandler
                0x00010232                QEI_IRQHandler
                0x00010232                EINT0_IRQHandler
                0x00010232                ETH_IRQHandler
                0x00010232                PLL1_IRQHandler
                0x00010232                DMA_IRQHandler
                0x00010232                TIMER2_IRQHandler
                0x00010232                UART3_IRQHandler
                0x00010232                MCPWM_IRQHandler
                0x000002fc                . = 0x2fc
 *fill*         0x00010238       0xc4 ff
                0x000102fc                PROVIDE (__CRP_WORD_START__ = .)
 *(.crp)
 .crp           0x000102fc        0x4 ./src/crp.o
                0x000102fc                CRP_WORD
                0x00010300                PROVIDE (__CRP_WORD_END__ = .)
                0x00000001                ASSERT (! ((__CRP_WORD_START__ == __CRP_WORD_END__)), Linker CRP Enabled, but no CRP_WORD provided within application)
 *(.text*)
 .text.Chip_GPIO_SetPinState
                0x00010300       0x64 ./src/IA_2021_V0.o
 .text.Chip_GPIO_WritePortBit
                0x00010364       0x2c ./src/IA_2021_V0.o
 .text.Chip_GPIO_SetPinDIROutput
                0x00010390       0x36 ./src/IA_2021_V0.o
 .text.Chip_GPIO_SetPinDIRInput
                0x000103c6       0x3a ./src/IA_2021_V0.o
 .text.Chip_GPIO_SetPinDIR
                0x00010400       0x42 ./src/IA_2021_V0.o
 .text.Chip_GPIO_WriteDirBit
                0x00010442       0x2e ./src/IA_2021_V0.o
 .text.vConfigureTimerForRunTimeStats
                0x00010470       0x44 ./src/IA_2021_V0.o
                0x00010470                vConfigureTimerForRunTimeStats
 .text.prvSetupHardware
                0x000104b4       0x30 ./src/IA_2021_V0.o
 .text.vTask_HartBeat
                0x000104e4       0x78 ./src/IA_2021_V0.o
 .text.main     0x0001055c       0x40 ./src/IA_2021_V0.o
                0x0001055c                main
 .text.Chip_GPIO_SetPinState
                0x0001059c       0x64 ./src/Init.o
 .text.Chip_GPIO_WritePortBit
                0x00010600       0x2c ./src/Init.o
 .text.Chip_GPIO_SetPinDIROutput
                0x0001062c       0x36 ./src/Init.o
 .text.Chip_GPIO_SetPinDIRInput
                0x00010662       0x3a ./src/Init.o
 .text.Chip_GPIO_SetPinDIR
                0x0001069c       0x42 ./src/Init.o
 .text.Chip_GPIO_WriteDirBit
                0x000106de       0x2e ./src/Init.o
 .text.Debug_Trace_Texte
                0x0001070c       0x20 ./src/Init.o
                0x0001070c                Debug_Trace_Texte
 .text.Set_Debug_Pin_0_High
                0x0001072c       0x2c ./src/Init.o
                0x0001072c                Set_Debug_Pin_0_High
 .text.Set_Debug_Pin_0_Low
                0x00010758       0x2c ./src/Init.o
                0x00010758                Set_Debug_Pin_0_Low
 .text.Set_Debug_Pin_1_Low
                0x00010784       0x2c ./src/Init.o
                0x00010784                Set_Debug_Pin_1_Low
 .text.Init_Carte_IA
                0x000107b0       0x94 ./src/Init.o
                0x000107b0                Init_Carte_IA
 .text.SystemInit
                0x00010844       0x24 ./src/sysinit.o
                0x00010844                SystemInit
 .text.Chip_GPIO_SetPinState
                0x00010868       0x64 ./src/test.o
 .text.Chip_GPIO_WritePortBit
                0x000108cc       0x2c ./src/test.o
 .text.TEST_init_parametres
                0x000108f8       0x44 ./src/test.o
                0x000108f8                TEST_init_parametres
 .text.TEST_Deplacement
                0x0001093c       0xac ./src/test.o
                0x0001093c                TEST_Deplacement
 .text.TEST_envoi_Ping
                0x000109e8       0x84 ./src/test.o
                0x000109e8                TEST_envoi_Ping
 .text.vApplicationStackOverflowHook
                0x00010a6c       0x20 ./freertos/src/FreeRTOSCommonHooks.o
                0x00010a6c                vApplicationStackOverflowHook
 .text.xEventGroupCreate
                0x00010a8c       0xe8 ./freertos/src/event_groups.o
                0x00010a8c                xEventGroupCreate
 .text.xEventGroupWaitBits
                0x00010b74      0x22c ./freertos/src/event_groups.o
                0x00010b74                xEventGroupWaitBits
 .text.xEventGroupClearBits
                0x00010da0       0x80 ./freertos/src/event_groups.o
                0x00010da0                xEventGroupClearBits
 .text.xEventGroupSetBits
                0x00010e20      0x128 ./freertos/src/event_groups.o
                0x00010e20                xEventGroupSetBits
 .text.vEventGroupSetBitsCallback
                0x00010f48       0x1a ./freertos/src/event_groups.o
                0x00010f48                vEventGroupSetBitsCallback
 .text.prvTestWaitCondition
                0x00010f62       0x42 ./freertos/src/event_groups.o
 .text.xEventGroupSetBitsFromISR
                0x00010fa4       0x64 ./freertos/src/event_groups.o
                0x00010fa4                xEventGroupSetBitsFromISR
 .text.uxEventGroupGetNumber
                0x00011008       0x2a ./freertos/src/event_groups.o
                0x00011008                uxEventGroupGetNumber
 .text.vEventGroupSetNumber
                0x00011032       0x1a ./freertos/src/event_groups.o
                0x00011032                vEventGroupSetNumber
 .text.pvPortMalloc
                0x0001104c      0x13c ./freertos/src/heap_5.o
                0x0001104c                pvPortMalloc
 .text.vPortFree
                0x00011188       0x90 ./freertos/src/heap_5.o
                0x00011188                vPortFree
 .text.prvInsertBlockIntoFreeList
                0x00011218       0xb0 ./freertos/src/heap_5.o
 .text.vPortDefineHeapRegions
                0x000112c8      0x114 ./freertos/src/heap_5.o
                0x000112c8                vPortDefineHeapRegions
 .text.vListInitialise
                0x000113dc       0x3e ./freertos/src/list.o
                0x000113dc                vListInitialise
 .text.vListInitialiseItem
                0x0001141a       0x18 ./freertos/src/list.o
                0x0001141a                vListInitialiseItem
 .text.vListInsertEnd
                0x00011432       0x46 ./freertos/src/list.o
                0x00011432                vListInsertEnd
 .text.vListInsert
                0x00011478       0x70 ./freertos/src/list.o
                0x00011478                vListInsert
 .text.uxListRemove
                0x000114e8       0x52 ./freertos/src/list.o
                0x000114e8                uxListRemove
 *fill*         0x0001153a        0x2 ff
 .text.pxPortInitialiseStack
                0x0001153c       0x58 ./freertos/src/port.o
                0x0001153c                pxPortInitialiseStack
 .text.prvTaskExitError
                0x00011594       0x32 ./freertos/src/port.o
 *fill*         0x000115c6        0xa ff
 .text.vPortSVCHandler
                0x000115d0       0x28 ./freertos/src/port.o
                0x000115d0                vPortSVCHandler
 .text.prvPortStartFirstTask
                0x000115f8       0x20 ./freertos/src/port.o
 .text.xPortStartScheduler
                0x00011618       0x40 ./freertos/src/port.o
                0x00011618                xPortStartScheduler
 .text.vPortEnterCritical
                0x00011658       0x34 ./freertos/src/port.o
                0x00011658                vPortEnterCritical
 .text.vPortExitCritical
                0x0001168c       0x34 ./freertos/src/port.o
                0x0001168c                vPortExitCritical
 .text.xPortPendSVHandler
                0x000116c0       0x48 ./freertos/src/port.o
                0x000116c0                xPortPendSVHandler
 .text.xPortSysTickHandler
                0x00011708       0x44 ./freertos/src/port.o
                0x00011708                xPortSysTickHandler
 .text.vPortSetupTimerInterrupt
                0x0001174c       0x34 ./freertos/src/port.o
                0x0001174c                vPortSetupTimerInterrupt
 .text.xQueueGenericReset
                0x00011780       0xb4 ./freertos/src/queue.o
                0x00011780                xQueueGenericReset
 .text.xQueueGenericCreate
                0x00011834       0x88 ./freertos/src/queue.o
                0x00011834                xQueueGenericCreate
 .text.prvInitialiseNewQueue
                0x000118bc      0x128 ./freertos/src/queue.o
 .text.xQueueGenericSend
                0x000119e4      0x340 ./freertos/src/queue.o
                0x000119e4                xQueueGenericSend
 .text.xQueueGenericSendFromISR
                0x00011d24      0x184 ./freertos/src/queue.o
                0x00011d24                xQueueGenericSendFromISR
 .text.xQueueReceive
                0x00011ea8      0x390 ./freertos/src/queue.o
                0x00011ea8                xQueueReceive
 .text.uxQueueGetQueueNumber
                0x00012238       0x16 ./freertos/src/queue.o
                0x00012238                uxQueueGetQueueNumber
 .text.vQueueSetQueueNumber
                0x0001224e       0x1a ./freertos/src/queue.o
                0x0001224e                vQueueSetQueueNumber
 .text.ucQueueGetQueueType
                0x00012268       0x18 ./freertos/src/queue.o
                0x00012268                ucQueueGetQueueType
 .text.prvCopyDataToQueue
                0x00012280       0xd4 ./freertos/src/queue.o
 .text.prvCopyDataFromQueue
                0x00012354       0x4c ./freertos/src/queue.o
 .text.prvUnlockQueue
                0x000123a0       0xa4 ./freertos/src/queue.o
 .text.prvIsQueueEmpty
                0x00012444       0x2c ./freertos/src/queue.o
 .text.prvIsQueueFull
                0x00012470       0x30 ./freertos/src/queue.o
 .text.vQueueAddToRegistry
                0x000124a0       0x74 ./freertos/src/queue.o
                0x000124a0                vQueueAddToRegistry
 .text.vQueueWaitForMessageRestricted
                0x00012514       0x68 ./freertos/src/queue.o
                0x00012514                vQueueWaitForMessageRestricted
 .text.xTaskCreate
                0x0001257c       0x82 ./freertos/src/tasks.o
                0x0001257c                xTaskCreate
 .text.prvInitialiseNewTask
                0x000125fe      0x10a ./freertos/src/tasks.o
 .text.prvAddNewTaskToReadyList
                0x00012708      0x1a4 ./freertos/src/tasks.o
 .text.vTaskDelete
                0x000128ac      0x29c ./freertos/src/tasks.o
                0x000128ac                vTaskDelete
 .text.vTaskDelayUntil
                0x00012b48      0x110 ./freertos/src/tasks.o
                0x00012b48                vTaskDelayUntil
 .text.vTaskDelay
                0x00012c58       0xb8 ./freertos/src/tasks.o
                0x00012c58                vTaskDelay
 .text.vTaskStartScheduler
                0x00012d10       0xb4 ./freertos/src/tasks.o
                0x00012d10                vTaskStartScheduler
 .text.vTaskSuspendAll
                0x00012dc4       0x1c ./freertos/src/tasks.o
                0x00012dc4                vTaskSuspendAll
 .text.xTaskResumeAll
                0x00012de0      0x144 ./freertos/src/tasks.o
                0x00012de0                xTaskResumeAll
 .text.xTaskGetTickCount
                0x00012f24       0x1c ./freertos/src/tasks.o
                0x00012f24                xTaskGetTickCount
 .text.xTaskIncrementTick
                0x00012f40      0x1a4 ./freertos/src/tasks.o
                0x00012f40                xTaskIncrementTick
 .text.vTaskSwitchContext
                0x000130e4      0x148 ./freertos/src/tasks.o
                0x000130e4                vTaskSwitchContext
 .text.vTaskPlaceOnEventList
                0x0001322c       0x2c ./freertos/src/tasks.o
                0x0001322c                vTaskPlaceOnEventList
 .text.vTaskPlaceOnUnorderedEventList
                0x00013258       0x3c ./freertos/src/tasks.o
                0x00013258                vTaskPlaceOnUnorderedEventList
 .text.vTaskPlaceOnEventListRestricted
                0x00013294       0xb4 ./freertos/src/tasks.o
                0x00013294                vTaskPlaceOnEventListRestricted
 .text.xTaskRemoveFromEventList
                0x00013348       0xd4 ./freertos/src/tasks.o
                0x00013348                xTaskRemoveFromEventList
 .text.vTaskRemoveFromUnorderedEventList
                0x0001341c       0xb0 ./freertos/src/tasks.o
                0x0001341c                vTaskRemoveFromUnorderedEventList
 .text.vTaskInternalSetTimeOutState
                0x000134cc       0x2c ./freertos/src/tasks.o
                0x000134cc                vTaskInternalSetTimeOutState
 .text.xTaskCheckForTimeOut
                0x000134f8       0x8c ./freertos/src/tasks.o
                0x000134f8                xTaskCheckForTimeOut
 .text.vTaskMissedYield
                0x00013584       0x18 ./freertos/src/tasks.o
                0x00013584                vTaskMissedYield
 .text.uxTaskGetTaskNumber
                0x0001359c       0x2a ./freertos/src/tasks.o
                0x0001359c                uxTaskGetTaskNumber
 .text.vTaskSetTaskNumber
                0x000135c6       0x24 ./freertos/src/tasks.o
                0x000135c6                vTaskSetTaskNumber
 *fill*         0x000135ea        0x2 ff
 .text.prvIdleTask
                0x000135ec       0x30 ./freertos/src/tasks.o
 .text.prvInitialiseTaskLists
                0x0001361c       0x80 ./freertos/src/tasks.o
 .text.prvCheckTasksWaitingTermination
                0x0001369c       0x5c ./freertos/src/tasks.o
 .text.prvDeleteTCB
                0x000136f8       0x20 ./freertos/src/tasks.o
 .text.prvResetNextTaskUnblockTime
                0x00013718       0x40 ./freertos/src/tasks.o
 .text.xTaskGetCurrentTaskHandle
                0x00013758       0x1c ./freertos/src/tasks.o
                0x00013758                xTaskGetCurrentTaskHandle
 .text.xTaskGetSchedulerState
                0x00013774       0x3c ./freertos/src/tasks.o
                0x00013774                xTaskGetSchedulerState
 .text.xTaskPriorityDisinherit
                0x000137b0      0x150 ./freertos/src/tasks.o
                0x000137b0                xTaskPriorityDisinherit
 .text.uxTaskResetEventItemValue
                0x00013900       0x30 ./freertos/src/tasks.o
                0x00013900                uxTaskResetEventItemValue
 .text.prvAddCurrentTaskToDelayedList
                0x00013930       0xcc ./freertos/src/tasks.o
 .text.xTimerCreateTimerTask
                0x000139fc       0x48 ./freertos/src/timers.o
                0x000139fc                xTimerCreateTimerTask
 .text.xTimerGenericCommand
                0x00013a44       0x80 ./freertos/src/timers.o
                0x00013a44                xTimerGenericCommand
 .text.prvProcessExpiredTimer
                0x00013ac4       0x80 ./freertos/src/timers.o
 .text.prvTimerTask
                0x00013b44       0x24 ./freertos/src/timers.o
 .text.prvProcessTimerOrBlockTask
                0x00013b68       0x9c ./freertos/src/timers.o
 .text.prvGetNextExpireTime
                0x00013c04       0x44 ./freertos/src/timers.o
 .text.prvSampleTimeNow
                0x00013c48       0x40 ./freertos/src/timers.o
 .text.prvInsertTimerInActiveList
                0x00013c88       0x84 ./freertos/src/timers.o
 .text.prvProcessReceivedCommands
                0x00013d0c      0x170 ./freertos/src/timers.o
 .text.prvSwitchTimerLists
                0x00013e7c       0xac ./freertos/src/timers.o
 .text.prvCheckForValidListAndQueue
                0x00013f28       0x6c ./freertos/src/timers.o
 .text.xTimerPendFunctionCallFromISR
                0x00013f94       0x40 ./freertos/src/timers.o
                0x00013f94                xTimerPendFunctionCallFromISR
 .text.prvTraceGetQueueNumber
                0x00013fd4       0x18 ./freertos/FreeRTOS_Trace/trcKernelPort.o
                0x00013fd4                prvTraceGetQueueNumber
 .text.prvTraceGetQueueType
                0x00013fec       0x18 ./freertos/FreeRTOS_Trace/trcKernelPort.o
                0x00013fec                prvTraceGetQueueType
 .text.prvTraceGetTaskNumberLow16
                0x00014004       0x1a ./freertos/FreeRTOS_Trace/trcKernelPort.o
                0x00014004                prvTraceGetTaskNumberLow16
 .text.prvTraceGetTaskNumberHigh16
                0x0001401e       0x1c ./freertos/FreeRTOS_Trace/trcKernelPort.o
                0x0001401e                prvTraceGetTaskNumberHigh16
 .text.prvTraceSetTaskNumberLow16
                0x0001403a       0x2c ./freertos/FreeRTOS_Trace/trcKernelPort.o
                0x0001403a                prvTraceSetTaskNumberLow16
 .text.prvTraceSetTaskNumberHigh16
                0x00014066       0x2c ./freertos/FreeRTOS_Trace/trcKernelPort.o
                0x00014066                prvTraceSetTaskNumberHigh16
 .text.prvTraceGetQueueNumberLow16
                0x00014092       0x1a ./freertos/FreeRTOS_Trace/trcKernelPort.o
                0x00014092                prvTraceGetQueueNumberLow16
 .text.prvTraceGetQueueNumberHigh16
                0x000140ac       0x1c ./freertos/FreeRTOS_Trace/trcKernelPort.o
                0x000140ac                prvTraceGetQueueNumberHigh16
 .text.prvTraceSetQueueNumberLow16
                0x000140c8       0x2c ./freertos/FreeRTOS_Trace/trcKernelPort.o
                0x000140c8                prvTraceSetQueueNumberLow16
 .text.prvTraceSetQueueNumberHigh16
                0x000140f4       0x2c ./freertos/FreeRTOS_Trace/trcKernelPort.o
                0x000140f4                prvTraceSetQueueNumberHigh16
 .text.prvTraceGetEventGroupNumberLow16
                0x00014120       0x1a ./freertos/FreeRTOS_Trace/trcKernelPort.o
                0x00014120                prvTraceGetEventGroupNumberLow16
 .text.prvTraceGetEventGroupNumberHigh16
                0x0001413a       0x1c ./freertos/FreeRTOS_Trace/trcKernelPort.o
                0x0001413a                prvTraceGetEventGroupNumberHigh16
 .text.prvTraceSetEventGroupNumberLow16
                0x00014156       0x2c ./freertos/FreeRTOS_Trace/trcKernelPort.o
                0x00014156                prvTraceSetEventGroupNumberLow16
 .text.prvTraceSetEventGroupNumberHigh16
                0x00014182       0x2c ./freertos/FreeRTOS_Trace/trcKernelPort.o
                0x00014182                prvTraceSetEventGroupNumberHigh16
 .text.vTraceSetEventGroupName
                0x000141ae       0x26 ./freertos/FreeRTOS_Trace/trcKernelPort.o
                0x000141ae                vTraceSetEventGroupName
 .text.prvTraceGetCurrentTaskHandle
                0x000141d4        0xe ./freertos/FreeRTOS_Trace/trcKernelPort.o
                0x000141d4                prvTraceGetCurrentTaskHandle
 *fill*         0x000141e2        0x2 ff
 .text.vTraceInitObjectPropertyTable
                0x000141e4      0x198 ./freertos/FreeRTOS_Trace/trcKernelPort.o
                0x000141e4                vTraceInitObjectPropertyTable
 .text.vTraceInitObjectHandleStack
                0x0001437c       0xc4 ./freertos/FreeRTOS_Trace/trcKernelPort.o
                0x0001437c                vTraceInitObjectHandleStack
 .text.pszTraceGetErrorNotEnoughHandles
                0x00014440       0x94 ./freertos/FreeRTOS_Trace/trcKernelPort.o
                0x00014440                pszTraceGetErrorNotEnoughHandles
 .text.prvTraceIsSchedulerSuspended
                0x000144d4       0x18 ./freertos/FreeRTOS_Trace/trcKernelPort.o
                0x000144d4                prvTraceIsSchedulerSuspended
 .text.vTraceEnable
                0x000144ec       0x44 ./freertos/FreeRTOS_Trace/trcSnapshotRecorder.o
                0x000144ec                vTraceEnable
 .text.uiTraceStart
                0x00014530       0xe0 ./freertos/FreeRTOS_Trace/trcSnapshotRecorder.o
                0x00014530                uiTraceStart
 .text.vTraceStart
                0x00014610        0xc ./freertos/FreeRTOS_Trace/trcSnapshotRecorder.o
                0x00014610                vTraceStart
 .text.vTraceStop
                0x0001461c       0x30 ./freertos/FreeRTOS_Trace/trcSnapshotRecorder.o
                0x0001461c                vTraceStop
 .text.xTraceSetISRProperties
                0x0001464c       0x90 ./freertos/FreeRTOS_Trace/trcSnapshotRecorder.o
                0x0001464c                xTraceSetISRProperties
 .text.vTraceStoreISRBegin
                0x000146dc      0x120 ./freertos/FreeRTOS_Trace/trcSnapshotRecorder.o
                0x000146dc                vTraceStoreISRBegin
 .text.vTraceStoreISREnd
                0x000147fc      0x140 ./freertos/FreeRTOS_Trace/trcSnapshotRecorder.o
                0x000147fc                vTraceStoreISREnd
 .text.writeInt8
                0x0001493c       0x50 ./freertos/FreeRTOS_Trace/trcSnapshotRecorder.o
 .text.writeInt16
                0x0001498c       0x74 ./freertos/FreeRTOS_Trace/trcSnapshotRecorder.o
 .text.writeInt32
                0x00014a00       0x70 ./freertos/FreeRTOS_Trace/trcSnapshotRecorder.o
 .text.prvTraceUserEventFormat
                0x00014a70      0x2f0 ./freertos/FreeRTOS_Trace/trcSnapshotRecorder.o
 .text.vTracePrintF
                0x00014d60       0x2c ./freertos/FreeRTOS_Trace/trcSnapshotRecorder.o
                0x00014d60                vTracePrintF
 .text.vTracePrintF_Helper
                0x00014d8c      0x150 ./freertos/FreeRTOS_Trace/trcSnapshotRecorder.o
 .text.vTracePrint
                0x00014edc       0xa0 ./freertos/FreeRTOS_Trace/trcSnapshotRecorder.o
                0x00014edc                vTracePrint
 .text.xTraceRegisterString
                0x00014f7c       0x48 ./freertos/FreeRTOS_Trace/trcSnapshotRecorder.o
                0x00014f7c                xTraceRegisterString
 .text.prvTraceStoreTaskReady
                0x00014fc4       0xc8 ./freertos/FreeRTOS_Trace/trcSnapshotRecorder.o
                0x00014fc4                prvTraceStoreTaskReady
 .text.vTraceStoreMemMangEvent
                0x0001508c      0x114 ./freertos/FreeRTOS_Trace/trcSnapshotRecorder.o
                0x0001508c                vTraceStoreMemMangEvent
 .text.prvTraceStoreKernelCall
                0x000151a0       0xfc ./freertos/FreeRTOS_Trace/trcSnapshotRecorder.o
                0x000151a0                prvTraceStoreKernelCall
 .text.prvTraceStoreKernelCallWithParam
                0x0001529c      0x114 ./freertos/FreeRTOS_Trace/trcSnapshotRecorder.o
                0x0001529c                prvTraceStoreKernelCallWithParam
 .text.prvTraceGetParam
                0x000153b0       0x78 ./freertos/FreeRTOS_Trace/trcSnapshotRecorder.o
 .text.prvTraceStoreKernelCallWithNumericParamOnly
                0x00015428       0xcc ./freertos/FreeRTOS_Trace/trcSnapshotRecorder.o
                0x00015428                prvTraceStoreKernelCallWithNumericParamOnly
 .text.prvTraceStoreTaskswitch
                0x000154f4       0xe4 ./freertos/FreeRTOS_Trace/trcSnapshotRecorder.o
                0x000154f4                prvTraceStoreTaskswitch
 .text.prvTraceStoreObjectNameOnCloseEvent
                0x000155d8       0xa4 ./freertos/FreeRTOS_Trace/trcSnapshotRecorder.o
                0x000155d8                prvTraceStoreObjectNameOnCloseEvent
 .text.prvTraceStoreObjectPropertiesOnCloseEvent
                0x0001567c       0xd0 ./freertos/FreeRTOS_Trace/trcSnapshotRecorder.o
                0x0001567c                prvTraceStoreObjectPropertiesOnCloseEvent
 .text.prvTraceSetPriorityProperty
                0x0001574c       0x78 ./freertos/FreeRTOS_Trace/trcSnapshotRecorder.o
                0x0001574c                prvTraceSetPriorityProperty
 .text.prvTraceGetPriorityProperty
                0x000157c4       0x7c ./freertos/FreeRTOS_Trace/trcSnapshotRecorder.o
                0x000157c4                prvTraceGetPriorityProperty
 .text.prvTraceSetObjectState
                0x00015840       0x78 ./freertos/FreeRTOS_Trace/trcSnapshotRecorder.o
                0x00015840                prvTraceSetObjectState
 .text.prvTraceGetObjectState
                0x000158b8       0x78 ./freertos/FreeRTOS_Trace/trcSnapshotRecorder.o
 .text.prvTraceSetTaskInstanceFinished
                0x00015930       0x54 ./freertos/FreeRTOS_Trace/trcSnapshotRecorder.o
                0x00015930                prvTraceSetTaskInstanceFinished
 .text.prvTraceInitTraceData
                0x00015984      0x230 ./freertos/FreeRTOS_Trace/trcSnapshotRecorder.o
 .text.prvTraceNextFreeEventBufferSlot
                0x00015bb4       0x48 ./freertos/FreeRTOS_Trace/trcSnapshotRecorder.o
 .text.uiIndexOfObject
                0x00015bfc       0xb0 ./freertos/FreeRTOS_Trace/trcSnapshotRecorder.o
                0x00015bfc                uiIndexOfObject
 .text.prvTraceGetObjectHandle
                0x00015cac      0x15c ./freertos/FreeRTOS_Trace/trcSnapshotRecorder.o
                0x00015cac                prvTraceGetObjectHandle
 .text.prvTraceFreeObjectHandle
                0x00015e08       0xa0 ./freertos/FreeRTOS_Trace/trcSnapshotRecorder.o
                0x00015e08                prvTraceFreeObjectHandle
 .text.prvMarkObjectAsUsed
                0x00015ea8       0x3c ./freertos/FreeRTOS_Trace/trcSnapshotRecorder.o
                0x00015ea8                prvMarkObjectAsUsed
 .text.prvStrncpy
                0x00015ee4       0x4a ./freertos/FreeRTOS_Trace/trcSnapshotRecorder.o
 *fill*         0x00015f2e        0x2 ff
 .text.prvTraceSetObjectName
                0x00015f30       0xbc ./freertos/FreeRTOS_Trace/trcSnapshotRecorder.o
                0x00015f30                prvTraceSetObjectName
 .text.prvTraceOpenSymbol
                0x00015fec       0xa4 ./freertos/FreeRTOS_Trace/trcSnapshotRecorder.o
 .text.prvTraceError
                0x00016090       0x58 ./freertos/FreeRTOS_Trace/trcSnapshotRecorder.o
                0x00016090                prvTraceError
 .text.prvTraceUpdateCounters
                0x000160e8       0x3c ./freertos/FreeRTOS_Trace/trcSnapshotRecorder.o
 .text.prvTraceGetDTS
                0x00016124      0x1b4 ./freertos/FreeRTOS_Trace/trcSnapshotRecorder.o
 .text.prvTraceLookupSymbolTableEntry
                0x000162d8       0xf8 ./freertos/FreeRTOS_Trace/trcSnapshotRecorder.o
 .text.prvTraceCreateSymbolTableEntry
                0x000163d0      0x17c ./freertos/FreeRTOS_Trace/trcSnapshotRecorder.o
 .text.prvTraceGetChecksum
                0x0001654c       0x8c ./freertos/FreeRTOS_Trace/trcSnapshotRecorder.o
 .text.prvTracePortGetTimeStamp
                0x000165d8       0x98 ./freertos/FreeRTOS_Trace/trcSnapshotRecorder.o
                0x000165d8                prvTracePortGetTimeStamp
 .text._0_Deplacement_Init
                0x00016670       0x28 ./Strategie/Deplacement/0_Deplacements.o
                0x00016670                _0_Deplacement_Init
 .text._0_Deplacement_Get_ptr_Current_Destination
                0x00016698       0x14 ./Strategie/Deplacement/0_Deplacements.o
                0x00016698                _0_Deplacement_Get_ptr_Current_Destination
 .text._0_Deplacement_Wait_For_Arrival
                0x000166ac       0xa0 ./Strategie/Deplacement/0_Deplacements.o
                0x000166ac                _0_Deplacement_Wait_For_Arrival
 .text.Distance_To_Destination
                0x0001674c       0x90 ./Strategie/Deplacement/0_Deplacements.o
                0x0001674c                Distance_To_Destination
 .text.Distance_Two_Points
                0x000167dc       0x64 ./Strategie/Deplacement/0_Deplacements.o
                0x000167dc                Distance_Two_Points
 .text._0_Deplacement_Tourne_Avance
                0x00016840       0xfc ./Strategie/Deplacement/0_Deplacements.o
                0x00016840                _0_Deplacement_Tourne_Avance
 .text._0_Deplacement_Tourne_Avance_ASTAR
                0x0001693c       0xf4 ./Strategie/Deplacement/0_Deplacements.o
                0x0001693c                _0_Deplacement_Tourne_Avance_ASTAR
 .text._0_Deplacement_ASTAR
                0x00016a30      0x2f4 ./Strategie/Deplacement/0_Deplacements.o
                0x00016a30                _0_Deplacement_ASTAR
 .text._1_Obstacles_Create_Terrain_Border
                0x00016d24       0xc0 ./Strategie/Deplacement/1_Obstacles.o
                0x00016d24                _1_Obstacles_Create_Terrain_Border
 .text._1_TEST_Obstacles_Opponent_Robots
                0x00016de4       0x8c ./Strategie/Deplacement/1_Obstacles.o
                0x00016de4                _1_TEST_Obstacles_Opponent_Robots
 .text._0_Infos_Init
                0x00016e70       0x18 ./Strategie/0_Infos.o
                0x00016e70                _0_Infos_Init
 .text._0_Update_Card_Datas
                0x00016e88       0x48 ./Strategie/0_Infos.o
                0x00016e88                _0_Update_Card_Datas
 .text._0_Get_Robot_Position
                0x00016ed0       0x88 ./Strategie/0_Infos.o
                0x00016ed0                _0_Get_Robot_Position
 .text.Astar_Set_Node_as_Blocked
                0x00016f58       0x2a ./Pathfinding/Astar/Astar.o
 .text.Astar_Set_Node_as_Closed
                0x00016f82       0x1e ./Pathfinding/Astar/Astar.o
 .text.Astar_Set_Node_as_Opened
                0x00016fa0       0x1e ./Pathfinding/Astar/Astar.o
 .text.Astar_Set_Node_as_Start
                0x00016fbe       0x2a ./Pathfinding/Astar/Astar.o
 .text.Astar_Set_Node_as_End
                0x00016fe8       0x2a ./Pathfinding/Astar/Astar.o
 .text.Astar_Set_Node_as_Trajectory
                0x00017012       0x1e ./Pathfinding/Astar/Astar.o
 .text.Astar_Compute_H_cost
                0x00017030       0x88 ./Pathfinding/Astar/Astar.o
 .text.smin     0x000170b8       0x30 ./Pathfinding/Astar/Astar.o
 .text.smax     0x000170e8       0x30 ./Pathfinding/Astar/Astar.o
 .text.Astar_Coord_To_Index_X
                0x00017118       0x40 ./Pathfinding/Astar/Astar.o
 .text.Astar_Coord_To_Index_Y
                0x00017158       0x40 ./Pathfinding/Astar/Astar.o
 .text.Astar_Map_Init
                0x00017198      0x100 ./Pathfinding/Astar/Astar.o
                0x00017198                Astar_Map_Init
 .text.Astar_Get_Map
                0x00017298       0x14 ./Pathfinding/Astar/Astar.o
                0x00017298                Astar_Get_Map
 .text.Astar_Get_Vector_Map
                0x000172ac       0x14 ./Pathfinding/Astar/Astar.o
                0x000172ac                Astar_Get_Vector_Map
 .text.Astar_Find_Path
                0x000172c0      0x1d4 ./Pathfinding/Astar/Astar.o
                0x000172c0                Astar_Find_Path
 .text.Astar_Generate_Trajectory
                0x00017494      0x118 ./Pathfinding/Astar/Astar.o
                0x00017494                Astar_Generate_Trajectory
 .text.Astar_Find_Best_Node_To_Compute
                0x000175ac      0x126 ./Pathfinding/Astar/Astar.o
                0x000175ac                Astar_Find_Best_Node_To_Compute
 .text.Astar_Compute_Surronding_Nodes
                0x000176d2      0x3da ./Pathfinding/Astar/Astar.o
                0x000176d2                Astar_Compute_Surronding_Nodes
 .text.Astar_Compute_Node
                0x00017aac      0x102 ./Pathfinding/Astar/Astar.o
                0x00017aac                Astar_Compute_Node
 .text.Astar_Smoothing
                0x00017bae       0xf2 ./Pathfinding/Astar/Astar.o
                0x00017bae                Astar_Smoothing
 .text.Dijkstra_Intersect_Any_Segment
                0x00017ca0       0x72 ./Pathfinding/Astar/Astar.o
                0x00017ca0                Dijkstra_Intersect_Any_Segment
 .text.Dijkstra_intersect_segment
                0x00017d12      0x562 ./Pathfinding/Astar/Astar.o
                0x00017d12                Dijkstra_intersect_segment
 .text.Astar_Debug_Display_Map
                0x00018274       0x12 ./Pathfinding/Astar/Astar.o
                0x00018274                Astar_Debug_Display_Map
 .text.Astar_Add_Rectangular_Obstacle
                0x00018286       0xbc ./Pathfinding/Astar/Astar.o
                0x00018286                Astar_Add_Rectangular_Obstacle
 .text.Astar_Add_Obstacle_Vector
                0x00018342      0x148 ./Pathfinding/Astar/Astar.o
                0x00018342                Astar_Add_Obstacle_Vector
 .text.Chip_IOCON_PinMux
                0x0001848a       0x94 ./Communication/RS485/0_RS485.o
 .text.Chip_GPIO_SetPinState
                0x0001851e       0x64 ./Communication/RS485/0_RS485.o
 .text.Chip_GPIO_WritePortBit
                0x00018582       0x2c ./Communication/RS485/0_RS485.o
 .text.Chip_GPIO_SetPinDIROutput
                0x000185ae       0x36 ./Communication/RS485/0_RS485.o
 .text.Chip_GPIO_SetPinDIRInput
                0x000185e4       0x3a ./Communication/RS485/0_RS485.o
 .text.Chip_GPIO_SetPinDIR
                0x0001861e       0x42 ./Communication/RS485/0_RS485.o
 .text.Chip_GPIO_WriteDirBit
                0x00018660       0x2e ./Communication/RS485/0_RS485.o
 *fill*         0x0001868e        0x2 ff
 .text._0_RS485_Init
                0x00018690       0x48 ./Communication/RS485/0_RS485.o
                0x00018690                _0_RS485_Init
 .text._0_RS485_Master_Mode
                0x000186d8       0x28 ./Communication/RS485/0_RS485.o
                0x000186d8                _0_RS485_Master_Mode
 .text._0_RS485_Slave_Mode
                0x00018700       0x28 ./Communication/RS485/0_RS485.o
                0x00018700                _0_RS485_Slave_Mode
 .text.NVIC_DisableIRQ
                0x00018728       0x34 ./Communication/0_Communication.o
 .text.NVIC_ClearPendingIRQ
                0x0001875c       0x34 ./Communication/0_Communication.o
 .text.NVIC_SetPriority
                0x00018790       0x54 ./Communication/0_Communication.o
 .text.Chip_IOCON_PinMux
                0x000187e4       0x94 ./Communication/0_Communication.o
 .text.Chip_UART_SendByte
                0x00018878       0x1c ./Communication/0_Communication.o
 .text.Chip_UART_IntEnable
                0x00018894       0x20 ./Communication/0_Communication.o
 .text.Chip_UART_IntDisable
                0x000188b4       0x22 ./Communication/0_Communication.o
 .text.Chip_UART_SetupFIFOS
                0x000188d6       0x1a ./Communication/0_Communication.o
 .text.Chip_UART_ConfigData
                0x000188f0       0x1a ./Communication/0_Communication.o
 .text.Chip_UART_ReadLineStatus
                0x0001890a       0x16 ./Communication/0_Communication.o
 .text._0_Communication_Init
                0x00018920       0x80 ./Communication/0_Communication.o
                0x00018920                _0_Communication_Init
 .text._0_Communication_Init_USB
                0x000189a0        0xc ./Communication/0_Communication.o
                0x000189a0                _0_Communication_Init_USB
 .text._0_Communication_Init_RS485
                0x000189ac       0xb8 ./Communication/0_Communication.o
                0x000189ac                _0_Communication_Init_RS485
 .text.UART1_IRQHandler
                0x00018a64       0xe0 ./Communication/0_Communication.o
                0x00018a64                UART1_IRQHandler
 .text.USB_IRQHandler
                0x00018b44       0x40 ./Communication/0_Communication.o
                0x00018b44                USB_IRQHandler
 .text._0_Communication_Send_Data
                0x00018b84       0x78 ./Communication/0_Communication.o
                0x00018b84                _0_Communication_Send_Data
 .text._0_Communication_Send_RS485
                0x00018bfc       0x6a ./Communication/0_Communication.o
                0x00018bfc                _0_Communication_Send_RS485
 *fill*         0x00018c66        0x2 ff
 .text._0_Communication_Init_Event_Group
                0x00018c68       0x28 ./Communication/0_Event_Group.o
                0x00018c68                _0_Communication_Init_Event_Group
 .text.NVIC_EnableIRQ
                0x00018c90       0x30 ./Communication/1_Trame_Communication.o
 .text._1_Communication_Init
                0x00018cc0       0x48 ./Communication/1_Trame_Communication.o
                0x00018cc0                _1_Communication_Init
 .text._1_Communication_Create_Queues_Semaphores
                0x00018d08       0x3c ./Communication/1_Trame_Communication.o
                0x00018d08                _1_Communication_Create_Queues_Semaphores
 .text._1_Communication_Wait_To_Send
                0x00018d44       0x38 ./Communication/1_Trame_Communication.o
                0x00018d44                _1_Communication_Wait_To_Send
 .text._1_Communication_Free_Send_Bit
                0x00018d7c       0x18 ./Communication/1_Trame_Communication.o
                0x00018d7c                _1_Communication_Free_Send_Bit
 .text._1_Communication_Wait_To_Receive
                0x00018d94       0x38 ./Communication/1_Trame_Communication.o
                0x00018d94                _1_Communication_Wait_To_Receive
 .text._1_Communication_Free_Receive_Bit
                0x00018dcc       0x18 ./Communication/1_Trame_Communication.o
                0x00018dcc                _1_Communication_Free_Receive_Bit
 .text._1_Communication_Create_Trame
                0x00018de4      0x130 ./Communication/1_Trame_Communication.o
                0x00018de4                _1_Communication_Create_Trame
 .text._1_Communication_Create_Trame_From_Buffer
                0x00018f14      0x374 ./Communication/1_Trame_Communication.o
                0x00018f14                _1_Communication_Create_Trame_From_Buffer
 .text._1_Communication_Check_Rx_Adresse
                0x00019288       0x5a ./Communication/1_Trame_Communication.o
                0x00019288                _1_Communication_Check_Rx_Adresse
 .text._1_Communication_Check_Priority_Messages
                0x000192e2       0x14 ./Communication/1_Trame_Communication.o
                0x000192e2                _1_Communication_Check_Priority_Messages
 *fill*         0x000192f6        0x2 ff
 .text._1_Communication_Recomposition_Rx
                0x000192f8       0x9c ./Communication/1_Trame_Communication.o
                0x000192f8                _1_Communication_Recomposition_Rx
 .text._2_Communication_Init
                0x00019394       0x18 ./Communication/2_Echange_Datas.o
                0x00019394                _2_Communication_Init
 .text._2_Comm_Send_Destination_Robot
                0x000193ac       0xbc ./Communication/2_Echange_Datas.o
                0x000193ac                _2_Comm_Send_Destination_Robot
 .text._2_Comm_Send_Demande_Info
                0x00019468       0x54 ./Communication/2_Echange_Datas.o
                0x00019468                _2_Comm_Send_Demande_Info
 .text._2_Comm_Send_PING
                0x000194bc       0x54 ./Communication/2_Echange_Datas.o
                0x000194bc                _2_Comm_Send_PING
 .text._2_Comm_Send_PONG
                0x00019510       0x80 ./Communication/2_Echange_Datas.o
                0x00019510                _2_Comm_Send_PONG
 .text._2_Comm_Send_Log_Message
                0x00019590      0x13c ./Communication/2_Echange_Datas.o
                0x00019590                _2_Comm_Send_Log_Message
 .text._2_Communication_Boards_Status
                0x000196cc       0x58 ./Communication/2_Echange_Datas.o
                0x000196cc                _2_Communication_Boards_Status
 .text._2_Communication_RX_Init
                0x00019724       0x30 ./Communication/2_Echange_Datas_Reception.o
                0x00019724                _2_Communication_RX_Init
 .text._2_Communication_RX_Lectures_Messages
                0x00019754       0x98 ./Communication/2_Echange_Datas_Reception.o
                0x00019754                _2_Communication_RX_Lectures_Messages
 .text._2_Communication_RX_Reponse_Infos
                0x000197ec       0x2c ./Communication/2_Echange_Datas_Reception.o
                0x000197ec                _2_Communication_RX_Reponse_Infos
 .text.SystemCoreClockUpdate
                0x00019818       0x10 D:\Developpement_Robot\Robotic-System.git\trunk\Workspaces\MultiWorkSpaces_2021\0_lpc_chip_175x_6x\Release\lib0_lpc_chip_175x_6x.a(chip_17xx_40xx.o)
                0x00019818                SystemCoreClockUpdate
 .text.Chip_Clock_EnablePLL
                0x00019828       0x24 D:\Developpement_Robot\Robotic-System.git\trunk\Workspaces\MultiWorkSpaces_2021\0_lpc_chip_175x_6x\Release\lib0_lpc_chip_175x_6x.a(clock_17xx_40xx.o)
                0x00019828                Chip_Clock_EnablePLL
 .text.Chip_Clock_DisablePLL
                0x0001984c       0x26 D:\Developpement_Robot\Robotic-System.git\trunk\Workspaces\MultiWorkSpaces_2021\0_lpc_chip_175x_6x\Release\lib0_lpc_chip_175x_6x.a(clock_17xx_40xx.o)
                0x0001984c                Chip_Clock_DisablePLL
 .text.Chip_Clock_SetupPLL
                0x00019872       0x30 D:\Developpement_Robot\Robotic-System.git\trunk\Workspaces\MultiWorkSpaces_2021\0_lpc_chip_175x_6x\Release\lib0_lpc_chip_175x_6x.a(clock_17xx_40xx.o)
                0x00019872                Chip_Clock_SetupPLL
 *fill*         0x000198a2        0x2 ff
 .text.Chip_Clock_EnablePeriphClock
                0x000198a4       0x18 D:\Developpement_Robot\Robotic-System.git\trunk\Workspaces\MultiWorkSpaces_2021\0_lpc_chip_175x_6x\Release\lib0_lpc_chip_175x_6x.a(clock_17xx_40xx.o)
                0x000198a4                Chip_Clock_EnablePeriphClock
 .text.Chip_Clock_GetCPUClockSource
                0x000198bc       0x10 D:\Developpement_Robot\Robotic-System.git\trunk\Workspaces\MultiWorkSpaces_2021\0_lpc_chip_175x_6x\Release\lib0_lpc_chip_175x_6x.a(clock_17xx_40xx.o)
                0x000198bc                Chip_Clock_GetCPUClockSource
 .text.Chip_Clock_SetCPUClockDiv
                0x000198cc        0xc D:\Developpement_Robot\Robotic-System.git\trunk\Workspaces\MultiWorkSpaces_2021\0_lpc_chip_175x_6x\Release\lib0_lpc_chip_175x_6x.a(clock_17xx_40xx.o)
                0x000198cc                Chip_Clock_SetCPUClockDiv
 .text.Chip_Clock_GetCPUClockDiv
                0x000198d8       0x10 D:\Developpement_Robot\Robotic-System.git\trunk\Workspaces\MultiWorkSpaces_2021\0_lpc_chip_175x_6x\Release\lib0_lpc_chip_175x_6x.a(clock_17xx_40xx.o)
                0x000198d8                Chip_Clock_GetCPUClockDiv
 .text.Chip_Clock_GetPCLKDiv
                0x000198e8       0x38 D:\Developpement_Robot\Robotic-System.git\trunk\Workspaces\MultiWorkSpaces_2021\0_lpc_chip_175x_6x\Release\lib0_lpc_chip_175x_6x.a(clock_17xx_40xx.o)
                0x000198e8                Chip_Clock_GetPCLKDiv
 .text.Chip_Clock_GetSYSCLKRate
                0x00019920       0x38 D:\Developpement_Robot\Robotic-System.git\trunk\Workspaces\MultiWorkSpaces_2021\0_lpc_chip_175x_6x\Release\lib0_lpc_chip_175x_6x.a(clock_17xx_40xx.o)
                0x00019920                Chip_Clock_GetSYSCLKRate
 .text.Chip_Clock_GetMainPLLOutClockRate
                0x00019958       0x34 D:\Developpement_Robot\Robotic-System.git\trunk\Workspaces\MultiWorkSpaces_2021\0_lpc_chip_175x_6x\Release\lib0_lpc_chip_175x_6x.a(clock_17xx_40xx.o)
                0x00019958                Chip_Clock_GetMainPLLOutClockRate
 .text.Chip_Clock_GetMainClockRate
                0x0001998c       0x20 D:\Developpement_Robot\Robotic-System.git\trunk\Workspaces\MultiWorkSpaces_2021\0_lpc_chip_175x_6x\Release\lib0_lpc_chip_175x_6x.a(clock_17xx_40xx.o)
                0x0001998c                Chip_Clock_GetMainClockRate
 .text.Chip_Clock_GetSystemClockRate
                0x000199ac       0x12 D:\Developpement_Robot\Robotic-System.git\trunk\Workspaces\MultiWorkSpaces_2021\0_lpc_chip_175x_6x\Release\lib0_lpc_chip_175x_6x.a(clock_17xx_40xx.o)
                0x000199ac                Chip_Clock_GetSystemClockRate
 .text.Chip_Clock_GetPeripheralClockRate
                0x000199be       0x16 D:\Developpement_Robot\Robotic-System.git\trunk\Workspaces\MultiWorkSpaces_2021\0_lpc_chip_175x_6x\Release\lib0_lpc_chip_175x_6x.a(clock_17xx_40xx.o)
                0x000199be                Chip_Clock_GetPeripheralClockRate
 .text.RingBuffer_Init
                0x000199d4       0x10 D:\Developpement_Robot\Robotic-System.git\trunk\Workspaces\MultiWorkSpaces_2021\0_lpc_chip_175x_6x\Release\lib0_lpc_chip_175x_6x.a(ring_buffer.o)
                0x000199d4                RingBuffer_Init
 .text.RingBuffer_Insert
                0x000199e4       0x30 D:\Developpement_Robot\Robotic-System.git\trunk\Workspaces\MultiWorkSpaces_2021\0_lpc_chip_175x_6x\Release\lib0_lpc_chip_175x_6x.a(ring_buffer.o)
                0x000199e4                RingBuffer_Insert
 .text.RingBuffer_InsertMult
                0x00019a14       0x8c D:\Developpement_Robot\Robotic-System.git\trunk\Workspaces\MultiWorkSpaces_2021\0_lpc_chip_175x_6x\Release\lib0_lpc_chip_175x_6x.a(ring_buffer.o)
                0x00019a14                RingBuffer_InsertMult
 .text.RingBuffer_Pop
                0x00019aa0       0x30 D:\Developpement_Robot\Robotic-System.git\trunk\Workspaces\MultiWorkSpaces_2021\0_lpc_chip_175x_6x\Release\lib0_lpc_chip_175x_6x.a(ring_buffer.o)
                0x00019aa0                RingBuffer_Pop
 .text.RingBuffer_PopMult
                0x00019ad0       0x7e D:\Developpement_Robot\Robotic-System.git\trunk\Workspaces\MultiWorkSpaces_2021\0_lpc_chip_175x_6x\Release\lib0_lpc_chip_175x_6x.a(ring_buffer.o)
                0x00019ad0                RingBuffer_PopMult
 .text.RingBuffer_Count
                0x00019b4e        0x8 D:\Developpement_Robot\Robotic-System.git\trunk\Workspaces\MultiWorkSpaces_2021\0_lpc_chip_175x_6x\Release\lib0_lpc_chip_175x_6x.a(ring_buffer.o)
                0x00019b4e                RingBuffer_Count
 *fill*         0x00019b56        0x2 ff
 .text.Chip_SetupIrcClocking
                0x00019b58       0x64 D:\Developpement_Robot\Robotic-System.git\trunk\Workspaces\MultiWorkSpaces_2021\0_lpc_chip_175x_6x\Release\lib0_lpc_chip_175x_6x.a(sysinit_17xx_40xx.o)
                0x00019b58                Chip_SetupIrcClocking
 .text.Chip_SetupXtalClocking
                0x00019bbc       0xdc D:\Developpement_Robot\Robotic-System.git\trunk\Workspaces\MultiWorkSpaces_2021\0_lpc_chip_175x_6x\Release\lib0_lpc_chip_175x_6x.a(sysinit_17xx_40xx.o)
                0x00019bbc                Chip_SetupXtalClocking
 .text.Chip_SystemInit
                0x00019c98        0x4 D:\Developpement_Robot\Robotic-System.git\trunk\Workspaces\MultiWorkSpaces_2021\0_lpc_chip_175x_6x\Release\lib0_lpc_chip_175x_6x.a(sysinit_17xx_40xx.o)
                0x00019c98                Chip_SystemInit
 .text.Chip_TIMER_Init
                0x00019c9c       0x2c D:\Developpement_Robot\Robotic-System.git\trunk\Workspaces\MultiWorkSpaces_2021\0_lpc_chip_175x_6x\Release\lib0_lpc_chip_175x_6x.a(timer_17xx_40xx.o)
                0x00019c9c                Chip_TIMER_Init
 .text.Chip_UART_Init
                0x00019cc8       0x58 D:\Developpement_Robot\Robotic-System.git\trunk\Workspaces\MultiWorkSpaces_2021\0_lpc_chip_175x_6x\Release\lib0_lpc_chip_175x_6x.a(uart_17xx_40xx.o)
                0x00019cc8                Chip_UART_Init
 .text.Chip_UART_TXEnable
                0x00019d20        0x6 D:\Developpement_Robot\Robotic-System.git\trunk\Workspaces\MultiWorkSpaces_2021\0_lpc_chip_175x_6x\Release\lib0_lpc_chip_175x_6x.a(uart_17xx_40xx.o)
                0x00019d20                Chip_UART_TXEnable
 *fill*         0x00019d26        0x2 ff
 .text.Chip_UART_SetBaud
                0x00019d28       0x58 D:\Developpement_Robot\Robotic-System.git\trunk\Workspaces\MultiWorkSpaces_2021\0_lpc_chip_175x_6x\Release\lib0_lpc_chip_175x_6x.a(uart_17xx_40xx.o)
                0x00019d28                Chip_UART_SetBaud
 .text.Chip_UART_RXIntHandlerRB
                0x00019d80       0x22 D:\Developpement_Robot\Robotic-System.git\trunk\Workspaces\MultiWorkSpaces_2021\0_lpc_chip_175x_6x\Release\lib0_lpc_chip_175x_6x.a(uart_17xx_40xx.o)
                0x00019d80                Chip_UART_RXIntHandlerRB
 .text.Chip_UART_TXIntHandlerRB
                0x00019da2       0x24 D:\Developpement_Robot\Robotic-System.git\trunk\Workspaces\MultiWorkSpaces_2021\0_lpc_chip_175x_6x\Release\lib0_lpc_chip_175x_6x.a(uart_17xx_40xx.o)
                0x00019da2                Chip_UART_TXIntHandlerRB
 *fill*         0x00019dc6        0x2 ff
 .text.Chip_UART_IRQRBHandler
                0x00019dc8       0x68 D:\Developpement_Robot\Robotic-System.git\trunk\Workspaces\MultiWorkSpaces_2021\0_lpc_chip_175x_6x\Release\lib0_lpc_chip_175x_6x.a(uart_17xx_40xx.o)
                0x00019dc8                Chip_UART_IRQRBHandler
 .text.Set_Clock_in
                0x00019e30        0xc D:\Developpement_Robot\Robotic-System.git\trunk\Workspaces\MultiWorkSpaces_2021\0_lpc_board_nxp_lpcxpresso_1769\Release\lib0_lpc_board_nxp_lpcxpresso_1769.a(board.o)
                0x00019e30                Set_Clock_in
 .text.Board_Init
                0x00019e3c       0x12 D:\Developpement_Robot\Robotic-System.git\trunk\Workspaces\MultiWorkSpaces_2021\0_lpc_board_nxp_lpcxpresso_1769\Release\lib0_lpc_board_nxp_lpcxpresso_1769.a(board.o)
                0x00019e3c                Board_Init
 .text.EPAdr    0x00019e4e       0x10 D:\Developpement_Robot\Robotic-System.git\trunk\Workspaces\MultiWorkSpaces_2021\0_lpc_chip_175x_6x\libs\libusbd_175x_6x_lib.a(hw_usbd_ip3503.o)
                0x00019e4e                EPAdr
 .text.hwWrCmd  0x00019e5e       0x10 D:\Developpement_Robot\Robotic-System.git\trunk\Workspaces\MultiWorkSpaces_2021\0_lpc_chip_175x_6x\libs\libusbd_175x_6x_lib.a(hw_usbd_ip3503.o)
                0x00019e5e                hwWrCmd
 .text.hwWrCmdDat
                0x00019e6e       0x16 D:\Developpement_Robot\Robotic-System.git\trunk\Workspaces\MultiWorkSpaces_2021\0_lpc_chip_175x_6x\libs\libusbd_175x_6x_lib.a(hw_usbd_ip3503.o)
                0x00019e6e                hwWrCmdDat
 .text.hwWrCmdEP
                0x00019e84       0x24 D:\Developpement_Robot\Robotic-System.git\trunk\Workspaces\MultiWorkSpaces_2021\0_lpc_chip_175x_6x\libs\libusbd_175x_6x_lib.a(hw_usbd_ip3503.o)
                0x00019e84                hwWrCmdEP
 .text.hwRdCmdDat
                0x00019ea8       0x12 D:\Developpement_Robot\Robotic-System.git\trunk\Workspaces\MultiWorkSpaces_2021\0_lpc_chip_175x_6x\libs\libusbd_175x_6x_lib.a(hw_usbd_ip3503.o)
                0x00019ea8                hwRdCmdDat
 .text.hwUSB_GetMemSize
                0x00019eba        0x6 D:\Developpement_Robot\Robotic-System.git\trunk\Workspaces\MultiWorkSpaces_2021\0_lpc_chip_175x_6x\libs\libusbd_175x_6x_lib.a(hw_usbd_ip3503.o)
                0x00019eba                hwUSB_GetMemSize
 .text.hwUSB_Connect
                0x00019ec0       0x1c D:\Developpement_Robot\Robotic-System.git\trunk\Workspaces\MultiWorkSpaces_2021\0_lpc_chip_175x_6x\libs\libusbd_175x_6x_lib.a(hw_usbd_ip3503.o)
                0x00019ec0                hwUSB_Connect
 .text.hwUSB_Reset
                0x00019edc       0x30 D:\Developpement_Robot\Robotic-System.git\trunk\Workspaces\MultiWorkSpaces_2021\0_lpc_chip_175x_6x\libs\libusbd_175x_6x_lib.a(hw_usbd_ip3503.o)
                0x00019edc                hwUSB_Reset
 .text.hwUSB_WakeUp
                0x00019f0c       0x20 D:\Developpement_Robot\Robotic-System.git\trunk\Workspaces\MultiWorkSpaces_2021\0_lpc_chip_175x_6x\libs\libusbd_175x_6x_lib.a(hw_usbd_ip3503.o)
                0x00019f0c                hwUSB_WakeUp
 .text.hwUSB_WakeUpCfg
                0x00019f2c        0x2 D:\Developpement_Robot\Robotic-System.git\trunk\Workspaces\MultiWorkSpaces_2021\0_lpc_chip_175x_6x\libs\libusbd_175x_6x_lib.a(hw_usbd_ip3503.o)
                0x00019f2c                hwUSB_WakeUpCfg
 *fill*         0x00019f2e        0x2 ff
 .text.hwUSB_SetAddress
                0x00019f30       0x30 D:\Developpement_Robot\Robotic-System.git\trunk\Workspaces\MultiWorkSpaces_2021\0_lpc_chip_175x_6x\libs\libusbd_175x_6x_lib.a(hw_usbd_ip3503.o)
                0x00019f30                hwUSB_SetAddress
 .text.hwUSB_Init
                0x00019f60       0x84 D:\Developpement_Robot\Robotic-System.git\trunk\Workspaces\MultiWorkSpaces_2021\0_lpc_chip_175x_6x\libs\libusbd_175x_6x_lib.a(hw_usbd_ip3503.o)
                0x00019f60                hwUSB_Init
 .text.hwUSB_Configure
                0x00019fe4       0x34 D:\Developpement_Robot\Robotic-System.git\trunk\Workspaces\MultiWorkSpaces_2021\0_lpc_chip_175x_6x\libs\libusbd_175x_6x_lib.a(hw_usbd_ip3503.o)
                0x00019fe4                hwUSB_Configure
 .text.hwUSB_ConfigEP
                0x0001a018       0x32 D:\Developpement_Robot\Robotic-System.git\trunk\Workspaces\MultiWorkSpaces_2021\0_lpc_chip_175x_6x\libs\libusbd_175x_6x_lib.a(hw_usbd_ip3503.o)
                0x0001a018                hwUSB_ConfigEP
 .text.hwUSB_DirCtrlEP
                0x0001a04a        0x2 D:\Developpement_Robot\Robotic-System.git\trunk\Workspaces\MultiWorkSpaces_2021\0_lpc_chip_175x_6x\libs\libusbd_175x_6x_lib.a(hw_usbd_ip3503.o)
                0x0001a04a                hwUSB_DirCtrlEP
 .text.hwUSB_EnableEP
                0x0001a04c       0x24 D:\Developpement_Robot\Robotic-System.git\trunk\Workspaces\MultiWorkSpaces_2021\0_lpc_chip_175x_6x\libs\libusbd_175x_6x_lib.a(hw_usbd_ip3503.o)
                0x0001a04c                hwUSB_EnableEP
 .text.hwUSB_DisableEP
                0x0001a070       0x28 D:\Developpement_Robot\Robotic-System.git\trunk\Workspaces\MultiWorkSpaces_2021\0_lpc_chip_175x_6x\libs\libusbd_175x_6x_lib.a(hw_usbd_ip3503.o)
                0x0001a070                hwUSB_DisableEP
 .text.hwUSB_ResetEP
                0x0001a098       0x24 D:\Developpement_Robot\Robotic-System.git\trunk\Workspaces\MultiWorkSpaces_2021\0_lpc_chip_175x_6x\libs\libusbd_175x_6x_lib.a(hw_usbd_ip3503.o)
                0x0001a098                hwUSB_ResetEP
 .text.hwUSB_SetStallEP
                0x0001a0bc       0x28 D:\Developpement_Robot\Robotic-System.git\trunk\Workspaces\MultiWorkSpaces_2021\0_lpc_chip_175x_6x\libs\libusbd_175x_6x_lib.a(hw_usbd_ip3503.o)
                0x0001a0bc                hwUSB_SetStallEP
 .text.hwUSB_ClrStallEP
                0x0001a0e4       0x24 D:\Developpement_Robot\Robotic-System.git\trunk\Workspaces\MultiWorkSpaces_2021\0_lpc_chip_175x_6x\libs\libusbd_175x_6x_lib.a(hw_usbd_ip3503.o)
                0x0001a0e4                hwUSB_ClrStallEP
 .text.hwUSB_EnableEvent
                0x0001a108       0xd8 D:\Developpement_Robot\Robotic-System.git\trunk\Workspaces\MultiWorkSpaces_2021\0_lpc_chip_175x_6x\libs\libusbd_175x_6x_lib.a(hw_usbd_ip3503.o)
                0x0001a108                hwUSB_EnableEvent
 .text.hwUSB_ReadEP
                0x0001a1e0       0x80 D:\Developpement_Robot\Robotic-System.git\trunk\Workspaces\MultiWorkSpaces_2021\0_lpc_chip_175x_6x\libs\libusbd_175x_6x_lib.a(hw_usbd_ip3503.o)
                0x0001a1e0                hwUSB_ReadEP
 .text.hwUSB_ForceFullSpeed
                0x0001a260        0x2 D:\Developpement_Robot\Robotic-System.git\trunk\Workspaces\MultiWorkSpaces_2021\0_lpc_chip_175x_6x\libs\libusbd_175x_6x_lib.a(hw_usbd_ip3503.o)
                0x0001a260                hwUSB_ForceFullSpeed
 .text.hwUSB_SetTestMode
                0x0001a262        0x4 D:\Developpement_Robot\Robotic-System.git\trunk\Workspaces\MultiWorkSpaces_2021\0_lpc_chip_175x_6x\libs\libusbd_175x_6x_lib.a(hw_usbd_ip3503.o)
                0x0001a262                hwUSB_SetTestMode
 .text.hwUSB_ReadReqEP
                0x0001a266        0x4 D:\Developpement_Robot\Robotic-System.git\trunk\Workspaces\MultiWorkSpaces_2021\0_lpc_chip_175x_6x\libs\libusbd_175x_6x_lib.a(hw_usbd_ip3503.o)
                0x0001a266                hwUSB_ReadReqEP
 .text.hwUSB_ReadSetupPkt
                0x0001a26a        0x4 D:\Developpement_Robot\Robotic-System.git\trunk\Workspaces\MultiWorkSpaces_2021\0_lpc_chip_175x_6x\libs\libusbd_175x_6x_lib.a(hw_usbd_ip3503.o)
                0x0001a26a                hwUSB_ReadSetupPkt
 *fill*         0x0001a26e        0x2 ff
 .text.hwUSB_WriteEP
                0x0001a270       0x44 D:\Developpement_Robot\Robotic-System.git\trunk\Workspaces\MultiWorkSpaces_2021\0_lpc_chip_175x_6x\libs\libusbd_175x_6x_lib.a(hw_usbd_ip3503.o)
                0x0001a270                hwUSB_WriteEP
 .text.hwUSB_ISR
                0x0001a2b4      0x1a0 D:\Developpement_Robot\Robotic-System.git\trunk\Workspaces\MultiWorkSpaces_2021\0_lpc_chip_175x_6x\libs\libusbd_175x_6x_lib.a(hw_usbd_ip3503.o)
                0x0001a2b4                hwUSB_ISR
 .text.mwCDC_SetRequest
                0x0001a454       0x7c D:\Developpement_Robot\Robotic-System.git\trunk\Workspaces\MultiWorkSpaces_2021\0_lpc_chip_175x_6x\libs\libusbd_175x_6x_lib.a(mw_usbd_cdcuser.o)
                0x0001a454                mwCDC_SetRequest
 .text.mwCDC_ep0_hdlr
                0x0001a4d0       0xb0 D:\Developpement_Robot\Robotic-System.git\trunk\Workspaces\MultiWorkSpaces_2021\0_lpc_chip_175x_6x\libs\libusbd_175x_6x_lib.a(mw_usbd_cdcuser.o)
                0x0001a4d0                mwCDC_ep0_hdlr
 .text.mwCDC_GetRequest
                0x0001a580       0x50 D:\Developpement_Robot\Robotic-System.git\trunk\Workspaces\MultiWorkSpaces_2021\0_lpc_chip_175x_6x\libs\libusbd_175x_6x_lib.a(mw_usbd_cdcuser.o)
                0x0001a580                mwCDC_GetRequest
 .text.mwCDC_SendNotification
                0x0001a5d0       0x50 D:\Developpement_Robot\Robotic-System.git\trunk\Workspaces\MultiWorkSpaces_2021\0_lpc_chip_175x_6x\libs\libusbd_175x_6x_lib.a(mw_usbd_cdcuser.o)
                0x0001a5d0                mwCDC_SendNotification
 .text.mwCDC_GetMemSize
                0x0001a620        0x4 D:\Developpement_Robot\Robotic-System.git\trunk\Workspaces\MultiWorkSpaces_2021\0_lpc_chip_175x_6x\libs\libusbd_175x_6x_lib.a(mw_usbd_cdcuser.o)
                0x0001a620                mwCDC_GetMemSize
 .text.mwCDC_init
                0x0001a624      0x140 D:\Developpement_Robot\Robotic-System.git\trunk\Workspaces\MultiWorkSpaces_2021\0_lpc_chip_175x_6x\libs\libusbd_175x_6x_lib.a(mw_usbd_cdcuser.o)
                0x0001a624                mwCDC_init
 .text.USB_ReqGetConfiguration
                0x0001a764       0x20 D:\Developpement_Robot\Robotic-System.git\trunk\Workspaces\MultiWorkSpaces_2021\0_lpc_chip_175x_6x\libs\libusbd_175x_6x_lib.a(mw_usbd_core.o)
                0x0001a764                USB_ReqGetConfiguration
 .text.USBD_virt_to_phys
                0x0001a784        0x2 D:\Developpement_Robot\Robotic-System.git\trunk\Workspaces\MultiWorkSpaces_2021\0_lpc_chip_175x_6x\libs\libusbd_175x_6x_lib.a(mw_usbd_core.o)
                0x0001a784                USBD_virt_to_phys
 .text.USBD_cache_flush
                0x0001a786        0x2 D:\Developpement_Robot\Robotic-System.git\trunk\Workspaces\MultiWorkSpaces_2021\0_lpc_chip_175x_6x\libs\libusbd_175x_6x_lib.a(mw_usbd_core.o)
                0x0001a786                USBD_cache_flush
 .text.USB_ReqGetStatus
                0x0001a788       0x8c D:\Developpement_Robot\Robotic-System.git\trunk\Workspaces\MultiWorkSpaces_2021\0_lpc_chip_175x_6x\libs\libusbd_175x_6x_lib.a(mw_usbd_core.o)
                0x0001a788                USB_ReqGetStatus
 .text.USB_ReqGetDescriptor
                0x0001a814       0x84 D:\Developpement_Robot\Robotic-System.git\trunk\Workspaces\MultiWorkSpaces_2021\0_lpc_chip_175x_6x\libs\libusbd_175x_6x_lib.a(mw_usbd_core.o)
                0x0001a814                USB_ReqGetDescriptor
 .text.USB_ReqGetInterface
                0x0001a898       0x34 D:\Developpement_Robot\Robotic-System.git\trunk\Workspaces\MultiWorkSpaces_2021\0_lpc_chip_175x_6x\libs\libusbd_175x_6x_lib.a(mw_usbd_core.o)
                0x0001a898                USB_ReqGetInterface
 .text.USB_ReqSetClrFeature
                0x0001a8cc       0xb4 D:\Developpement_Robot\Robotic-System.git\trunk\Workspaces\MultiWorkSpaces_2021\0_lpc_chip_175x_6x\libs\libusbd_175x_6x_lib.a(mw_usbd_core.o)
                0x0001a8cc                USB_ReqSetClrFeature
 .text.USB_ReqSetConfiguration
                0x0001a980      0x194 D:\Developpement_Robot\Robotic-System.git\trunk\Workspaces\MultiWorkSpaces_2021\0_lpc_chip_175x_6x\libs\libusbd_175x_6x_lib.a(mw_usbd_core.o)
                0x0001a980                USB_ReqSetConfiguration
 .text.USB_ReqSetInterface
                0x0001ab14      0x144 D:\Developpement_Robot\Robotic-System.git\trunk\Workspaces\MultiWorkSpaces_2021\0_lpc_chip_175x_6x\libs\libusbd_175x_6x_lib.a(mw_usbd_core.o)
                0x0001ab14                USB_ReqSetInterface
 .text.mwUSB_SetupStage
                0x0001ac58        0xa D:\Developpement_Robot\Robotic-System.git\trunk\Workspaces\MultiWorkSpaces_2021\0_lpc_chip_175x_6x\libs\libusbd_175x_6x_lib.a(mw_usbd_core.o)
                0x0001ac58                mwUSB_SetupStage
 .text.mwUSB_DataInStage
                0x0001ac62       0x2e D:\Developpement_Robot\Robotic-System.git\trunk\Workspaces\MultiWorkSpaces_2021\0_lpc_chip_175x_6x\libs\libusbd_175x_6x_lib.a(mw_usbd_core.o)
                0x0001ac62                mwUSB_DataInStage
 .text.mwUSB_DataOutStage
                0x0001ac90       0x24 D:\Developpement_Robot\Robotic-System.git\trunk\Workspaces\MultiWorkSpaces_2021\0_lpc_chip_175x_6x\libs\libusbd_175x_6x_lib.a(mw_usbd_core.o)
                0x0001ac90                mwUSB_DataOutStage
 .text.mwUSB_StatusInStage
                0x0001acb4        0xa D:\Developpement_Robot\Robotic-System.git\trunk\Workspaces\MultiWorkSpaces_2021\0_lpc_chip_175x_6x\libs\libusbd_175x_6x_lib.a(mw_usbd_core.o)
                0x0001acb4                mwUSB_StatusInStage
 .text.mwUSB_StatusOutStage
                0x0001acbe        0xa D:\Developpement_Robot\Robotic-System.git\trunk\Workspaces\MultiWorkSpaces_2021\0_lpc_chip_175x_6x\libs\libusbd_175x_6x_lib.a(mw_usbd_core.o)
                0x0001acbe                mwUSB_StatusOutStage
 .text.mwUSB_StallEp0
                0x0001acc8       0x12 D:\Developpement_Robot\Robotic-System.git\trunk\Workspaces\MultiWorkSpaces_2021\0_lpc_chip_175x_6x\libs\libusbd_175x_6x_lib.a(mw_usbd_core.o)
                0x0001acc8                mwUSB_StallEp0
 *fill*         0x0001acda        0x2 ff
 .text.USB_ReqSetAddress
                0x0001acdc       0x24 D:\Developpement_Robot\Robotic-System.git\trunk\Workspaces\MultiWorkSpaces_2021\0_lpc_chip_175x_6x\libs\libusbd_175x_6x_lib.a(mw_usbd_core.o)
                0x0001acdc                USB_ReqSetAddress
 .text.USB_InvokeEp0Hdlrs
                0x0001ad00       0x44 D:\Developpement_Robot\Robotic-System.git\trunk\Workspaces\MultiWorkSpaces_2021\0_lpc_chip_175x_6x\libs\libusbd_175x_6x_lib.a(mw_usbd_core.o)
                0x0001ad00                USB_InvokeEp0Hdlrs
 .text.mwUSB_ResetCore
                0x0001ad44       0x26 D:\Developpement_Robot\Robotic-System.git\trunk\Workspaces\MultiWorkSpaces_2021\0_lpc_chip_175x_6x\libs\libusbd_175x_6x_lib.a(mw_usbd_core.o)
                0x0001ad44                mwUSB_ResetCore
 *fill*         0x0001ad6a        0x2 ff
 .text.USB_EvtSetupHandler
                0x0001ad6c      0x108 D:\Developpement_Robot\Robotic-System.git\trunk\Workspaces\MultiWorkSpaces_2021\0_lpc_chip_175x_6x\libs\libusbd_175x_6x_lib.a(mw_usbd_core.o)
                0x0001ad6c                USB_EvtSetupHandler
 .text.USB_EvtOutHandler
                0x0001ae74       0x68 D:\Developpement_Robot\Robotic-System.git\trunk\Workspaces\MultiWorkSpaces_2021\0_lpc_chip_175x_6x\libs\libusbd_175x_6x_lib.a(mw_usbd_core.o)
                0x0001ae74                USB_EvtOutHandler
 .text.USB_EndPoint0
                0x0001aedc       0x94 D:\Developpement_Robot\Robotic-System.git\trunk\Workspaces\MultiWorkSpaces_2021\0_lpc_chip_175x_6x\libs\libusbd_175x_6x_lib.a(mw_usbd_core.o)
                0x0001aedc                USB_EndPoint0
 .text.mwUSB_InitCore
                0x0001af70       0xdc D:\Developpement_Robot\Robotic-System.git\trunk\Workspaces\MultiWorkSpaces_2021\0_lpc_chip_175x_6x\libs\libusbd_175x_6x_lib.a(mw_usbd_core.o)
                0x0001af70                mwUSB_InitCore
 .text.mwUSB_RegisterClassHandler
                0x0001b04c       0x28 D:\Developpement_Robot\Robotic-System.git\trunk\Workspaces\MultiWorkSpaces_2021\0_lpc_chip_175x_6x\libs\libusbd_175x_6x_lib.a(mw_usbd_core.o)
                0x0001b04c                mwUSB_RegisterClassHandler
 .text.mwUSB_RegisterEpHandler
                0x0001b074       0x24 D:\Developpement_Robot\Robotic-System.git\trunk\Workspaces\MultiWorkSpaces_2021\0_lpc_chip_175x_6x\libs\libusbd_175x_6x_lib.a(mw_usbd_core.o)
                0x0001b074                mwUSB_RegisterEpHandler
 .text          0x0001b098       0x40 c:/nxp/mcuxpressoide_11.2.1_4149/ide/plugins/com.nxp.mcuxpresso.tools.win32_11.2.0.202008311134/tools/bin/../lib/gcc/arm-none-eabi/9.2.1/thumb/v7-m/nofp\libgcc.a(_arm_fixunsdfsi.o)
                0x0001b098                __aeabi_d2uiz
                0x0001b098                __fixunsdfsi
 .text          0x0001b0d8      0x21c c:/nxp/mcuxpressoide_11.2.1_4149/ide/plugins/com.nxp.mcuxpresso.tools.win32_11.2.0.202008311134/tools/bin/../lib/gcc/arm-none-eabi/9.2.1/thumb/v7-m/nofp\libgcc.a(_arm_addsubsf3.o)
                0x0001b0d8                __aeabi_frsub
                0x0001b0e0                __subsf3
                0x0001b0e0                __aeabi_fsub
                0x0001b0e4                __aeabi_fadd
                0x0001b0e4                __addsf3
                0x0001b244                __aeabi_ui2f
                0x0001b244                __floatunsisf
                0x0001b24c                __aeabi_i2f
                0x0001b24c                __floatsisf
                0x0001b268                __aeabi_ul2f
                0x0001b268                __floatundisf
                0x0001b278                __aeabi_l2f
                0x0001b278                __floatdisf
 .text          0x0001b2f4      0x2a0 c:/nxp/mcuxpressoide_11.2.1_4149/ide/plugins/com.nxp.mcuxpresso.tools.win32_11.2.0.202008311134/tools/bin/../lib/gcc/arm-none-eabi/9.2.1/thumb/v7-m/nofp\libgcc.a(_arm_muldivsf3.o)
                0x0001b2f4                __mulsf3
                0x0001b2f4                __aeabi_fmul
                0x0001b45c                __aeabi_fdiv
                0x0001b45c                __divsf3
 .text          0x0001b594       0xec c:/nxp/mcuxpressoide_11.2.1_4149/ide/plugins/com.nxp.mcuxpresso.tools.win32_11.2.0.202008311134/tools/bin/../lib/gcc/arm-none-eabi/9.2.1/thumb/v7-m/nofp\libgcc.a(_arm_cmpsf2.o)
                0x0001b594                __gesf2
                0x0001b594                __gtsf2
                0x0001b59c                __lesf2
                0x0001b59c                __ltsf2
                0x0001b5a4                __nesf2
                0x0001b5a4                __eqsf2
                0x0001b5a4                __cmpsf2
                0x0001b604                __aeabi_cfrcmple
                0x0001b60c                __aeabi_cfcmpeq
                0x0001b60c                __aeabi_cfcmple
                0x0001b61c                __aeabi_fcmpeq
                0x0001b630                __aeabi_fcmplt
                0x0001b644                __aeabi_fcmple
                0x0001b658                __aeabi_fcmpge
                0x0001b66c                __aeabi_fcmpgt
 .text          0x0001b680       0x4c c:/nxp/mcuxpressoide_11.2.1_4149/ide/plugins/com.nxp.mcuxpresso.tools.win32_11.2.0.202008311134/tools/bin/../lib/gcc/arm-none-eabi/9.2.1/thumb/v7-m/nofp\libgcc.a(_arm_fixsfsi.o)
                0x0001b680                __aeabi_f2iz
                0x0001b680                __fixsfsi
 .text.memcpy   0x0001b6cc       0x1c c:/nxp/mcuxpressoide_11.2.1_4149/ide/plugins/com.nxp.mcuxpresso.tools.win32_11.2.0.202008311134/tools/bin/../lib/gcc/arm-none-eabi/9.2.1/../../../../arm-none-eabi/lib/thumb/v7-m/nofp\libc_nano.a(lib_a-memcpy-stub.o)
                0x0001b6cc                memcpy
 .text.memset   0x0001b6e8       0x10 c:/nxp/mcuxpressoide_11.2.1_4149/ide/plugins/com.nxp.mcuxpresso.tools.win32_11.2.0.202008311134/tools/bin/../lib/gcc/arm-none-eabi/9.2.1/../../../../arm-none-eabi/lib/thumb/v7-m/nofp\libc_nano.a(lib_a-memset.o)
                0x0001b6e8                memset
 .text.sprintf  0x0001b6f8       0x40 c:/nxp/mcuxpressoide_11.2.1_4149/ide/plugins/com.nxp.mcuxpresso.tools.win32_11.2.0.202008311134/tools/bin/../lib/gcc/arm-none-eabi/9.2.1/../../../../arm-none-eabi/lib/thumb/v7-m/nofp\libc_nano.a(lib_a-sprintf.o)
                0x0001b6f8                siprintf
                0x0001b6f8                sprintf
 .text          0x0001b738       0x10 c:/nxp/mcuxpressoide_11.2.1_4149/ide/plugins/com.nxp.mcuxpresso.tools.win32_11.2.0.202008311134/tools/bin/../lib/gcc/arm-none-eabi/9.2.1/../../../../arm-none-eabi/lib/thumb/v7-m/nofp\libc_nano.a(lib_a-strlen.o)
                0x0001b738                strlen
 .text.strncmp  0x0001b748       0x24 c:/nxp/mcuxpressoide_11.2.1_4149/ide/plugins/com.nxp.mcuxpresso.tools.win32_11.2.0.202008311134/tools/bin/../lib/gcc/arm-none-eabi/9.2.1/../../../../arm-none-eabi/lib/thumb/v7-m/nofp\libc_nano.a(lib_a-strncmp.o)
                0x0001b748                strncmp
 .text.__ssputs_r
                0x0001b76c       0xb6 c:/nxp/mcuxpressoide_11.2.1_4149/ide/plugins/com.nxp.mcuxpresso.tools.win32_11.2.0.202008311134/tools/bin/../lib/gcc/arm-none-eabi/9.2.1/../../../../arm-none-eabi/lib/thumb/v7-m/nofp\libc_nano.a(lib_a-nano-svfprintf.o)
                0x0001b76c                __ssputs_r
 *fill*         0x0001b822        0x2 ff
 .text._svfprintf_r
                0x0001b824      0x200 c:/nxp/mcuxpressoide_11.2.1_4149/ide/plugins/com.nxp.mcuxpresso.tools.win32_11.2.0.202008311134/tools/bin/../lib/gcc/arm-none-eabi/9.2.1/../../../../arm-none-eabi/lib/thumb/v7-m/nofp\libc_nano.a(lib_a-nano-svfprintf.o)
                0x0001b824                _svfiprintf_r
                0x0001b824                _svfprintf_r
 .text._printf_common
                0x0001ba24       0xde c:/nxp/mcuxpressoide_11.2.1_4149/ide/plugins/com.nxp.mcuxpresso.tools.win32_11.2.0.202008311134/tools/bin/../lib/gcc/arm-none-eabi/9.2.1/../../../../arm-none-eabi/lib/thumb/v7-m/nofp\libc_nano.a(lib_a-nano-vfprintf_i.o)
                0x0001ba24                _printf_common
 *fill*         0x0001bb02        0x2 ff
 .text._printf_i
                0x0001bb04      0x24c c:/nxp/mcuxpressoide_11.2.1_4149/ide/plugins/com.nxp.mcuxpresso.tools.win32_11.2.0.202008311134/tools/bin/../lib/gcc/arm-none-eabi/9.2.1/../../../../arm-none-eabi/lib/thumb/v7-m/nofp\libc_nano.a(lib_a-nano-vfprintf_i.o)
                0x0001bb04                _printf_i
 .text.memchr   0x0001bd50       0x1c c:/nxp/mcuxpressoide_11.2.1_4149/ide/plugins/com.nxp.mcuxpresso.tools.win32_11.2.0.202008311134/tools/bin/../lib/gcc/arm-none-eabi/9.2.1/../../../../arm-none-eabi/lib/thumb/v7-m/nofp\libc_nano.a(lib_a-memchr-stub.o)
                0x0001bd50                memchr
 .text.memmove  0x0001bd6c       0x34 c:/nxp/mcuxpressoide_11.2.1_4149/ide/plugins/com.nxp.mcuxpresso.tools.win32_11.2.0.202008311134/tools/bin/../lib/gcc/arm-none-eabi/9.2.1/../../../../arm-none-eabi/lib/thumb/v7-m/nofp\libc_nano.a(lib_a-memmove.o)
                0x0001bd6c                memmove
 .text._free_r  0x0001bda0       0x98 c:/nxp/mcuxpressoide_11.2.1_4149/ide/plugins/com.nxp.mcuxpresso.tools.win32_11.2.0.202008311134/tools/bin/../lib/gcc/arm-none-eabi/9.2.1/../../../../arm-none-eabi/lib/thumb/v7-m/nofp\libc_nano.a(lib_a-nano-freer.o)
                0x0001bda0                _free_r
 .text._malloc_r
                0x0001be38       0xb4 c:/nxp/mcuxpressoide_11.2.1_4149/ide/plugins/com.nxp.mcuxpresso.tools.win32_11.2.0.202008311134/tools/bin/../lib/gcc/arm-none-eabi/9.2.1/../../../../arm-none-eabi/lib/thumb/v7-m/nofp\libc_nano.a(lib_a-nano-mallocr.o)
                0x0001be38                _malloc_r
 .text._realloc_r
                0x0001beec       0x4c c:/nxp/mcuxpressoide_11.2.1_4149/ide/plugins/com.nxp.mcuxpresso.tools.win32_11.2.0.202008311134/tools/bin/../lib/gcc/arm-none-eabi/9.2.1/../../../../arm-none-eabi/lib/thumb/v7-m/nofp\libc_nano.a(lib_a-nano-reallocr.o)
                0x0001beec                _realloc_r
 .text._sbrk_r  0x0001bf38       0x20 c:/nxp/mcuxpressoide_11.2.1_4149/ide/plugins/com.nxp.mcuxpresso.tools.win32_11.2.0.202008311134/tools/bin/../lib/gcc/arm-none-eabi/9.2.1/../../../../arm-none-eabi/lib/thumb/v7-m/nofp\libc_nano.a(lib_a-sbrkr.o)
                0x0001bf38                _sbrk_r
 .text.__malloc_lock
                0x0001bf58        0xc c:/nxp/mcuxpressoide_11.2.1_4149/ide/plugins/com.nxp.mcuxpresso.tools.win32_11.2.0.202008311134/tools/bin/../lib/gcc/arm-none-eabi/9.2.1/../../../../arm-none-eabi/lib/thumb/v7-m/nofp\libc_nano.a(lib_a-mlock.o)
                0x0001bf58                __malloc_lock
 .text.__malloc_unlock
                0x0001bf64        0xc c:/nxp/mcuxpressoide_11.2.1_4149/ide/plugins/com.nxp.mcuxpresso.tools.win32_11.2.0.202008311134/tools/bin/../lib/gcc/arm-none-eabi/9.2.1/../../../../arm-none-eabi/lib/thumb/v7-m/nofp\libc_nano.a(lib_a-mlock.o)
                0x0001bf64                __malloc_unlock
 .text._malloc_usable_size_r
                0x0001bf70       0x10 c:/nxp/mcuxpressoide_11.2.1_4149/ide/plugins/com.nxp.mcuxpresso.tools.win32_11.2.0.202008311134/tools/bin/../lib/gcc/arm-none-eabi/9.2.1/../../../../arm-none-eabi/lib/thumb/v7-m/nofp\libc_nano.a(lib_a-nano-msizer.o)
                0x0001bf70                _malloc_usable_size_r
 .text.__retarget_lock_acquire_recursive
                0x0001bf80        0x2 c:/nxp/mcuxpressoide_11.2.1_4149/ide/plugins/com.nxp.mcuxpresso.tools.win32_11.2.0.202008311134/tools/bin/../lib/gcc/arm-none-eabi/9.2.1/../../../../arm-none-eabi/lib/thumb/v7-m/nofp\libc_nano.a(lib_a-lock.o)
                0x0001bf80                __retarget_lock_acquire_recursive
 .text.__retarget_lock_release_recursive
                0x0001bf82        0x2 c:/nxp/mcuxpressoide_11.2.1_4149/ide/plugins/com.nxp.mcuxpresso.tools.win32_11.2.0.202008311134/tools/bin/../lib/gcc/arm-none-eabi/9.2.1/../../../../arm-none-eabi/lib/thumb/v7-m/nofp\libc_nano.a(lib_a-lock.o)
                0x0001bf82                __retarget_lock_release_recursive
 .text.sqrtf    0x0001bf84       0xa4 c:/nxp/mcuxpressoide_11.2.1_4149/ide/plugins/com.nxp.mcuxpresso.tools.win32_11.2.0.202008311134/tools/bin/../lib/gcc/arm-none-eabi/9.2.1/../../../../arm-none-eabi/lib/thumb/v7-m/nofp\libm.a(lib_a-wf_sqrt.o)
                0x0001bf84                sqrtf
 .text.__ieee754_sqrtf
                0x0001c028       0xa8 c:/nxp/mcuxpressoide_11.2.1_4149/ide/plugins/com.nxp.mcuxpresso.tools.win32_11.2.0.202008311134/tools/bin/../lib/gcc/arm-none-eabi/9.2.1/../../../../arm-none-eabi/lib/thumb/v7-m/nofp\libm.a(lib_a-ef_sqrt.o)
                0x0001c028                __ieee754_sqrtf
 .text.matherr  0x0001c0d0        0x4 c:/nxp/mcuxpressoide_11.2.1_4149/ide/plugins/com.nxp.mcuxpresso.tools.win32_11.2.0.202008311134/tools/bin/../lib/gcc/arm-none-eabi/9.2.1/../../../../arm-none-eabi/lib/thumb/v7-m/nofp\libm.a(lib_a-s_matherr.o)
                0x0001c0d0                matherr
 .text._sbrk    0x0001c0d4       0x3c c:/nxp/mcuxpressoide_11.2.1_4149/ide/plugins/com.nxp.mcuxpresso.tools.win32_11.2.0.202008311134/tools/bin/../lib/gcc/arm-none-eabi/9.2.1/../../../../arm-none-eabi/lib/thumb/v7-m/nofp\libcr_newlib_none.a(_cr_sbrk.o)
                0x0001c0d4                _sbrk
 .text.__check_heap_overflow
                0x0001c110       0x14 c:/nxp/mcuxpressoide_11.2.1_4149/ide/plugins/com.nxp.mcuxpresso.tools.win32_11.2.0.202008311134/tools/bin/../lib/gcc/arm-none-eabi/9.2.1/../../../../arm-none-eabi/lib/thumb/v7-m/nofp\libcr_newlib_none.a(_cr_check_heap.o)
                0x0001c110                __check_heap_overflow
 .text          0x0001c124      0x378 c:/nxp/mcuxpressoide_11.2.1_4149/ide/plugins/com.nxp.mcuxpresso.tools.win32_11.2.0.202008311134/tools/bin/../lib/gcc/arm-none-eabi/9.2.1/thumb/v7-m/nofp\libgcc.a(_arm_addsubdf3.o)
                0x0001c124                __aeabi_drsub
                0x0001c12c                __aeabi_dsub
                0x0001c12c                __subdf3
                0x0001c130                __aeabi_dadd
                0x0001c130                __adddf3
                0x0001c3a8                __floatunsidf
                0x0001c3a8                __aeabi_ui2d
                0x0001c3c8                __floatsidf
                0x0001c3c8                __aeabi_i2d
                0x0001c3ec                __aeabi_f2d
                0x0001c3ec                __extendsfdf2
                0x0001c430                __floatundidf
                0x0001c430                __aeabi_ul2d
                0x0001c440                __floatdidf
                0x0001c440                __aeabi_l2d
 .text          0x0001c49c      0x424 c:/nxp/mcuxpressoide_11.2.1_4149/ide/plugins/com.nxp.mcuxpresso.tools.win32_11.2.0.202008311134/tools/bin/../lib/gcc/arm-none-eabi/9.2.1/thumb/v7-m/nofp\libgcc.a(_arm_muldivdf3.o)
                0x0001c49c                __aeabi_dmul
                0x0001c49c                __muldf3
                0x0001c6f0                __divdf3
                0x0001c6f0                __aeabi_ddiv
 .text          0x0001c8c0       0xa0 c:/nxp/mcuxpressoide_11.2.1_4149/ide/plugins/com.nxp.mcuxpresso.tools.win32_11.2.0.202008311134/tools/bin/../lib/gcc/arm-none-eabi/9.2.1/thumb/v7-m/nofp\libgcc.a(_arm_truncdfsf2.o)
                0x0001c8c0                __truncdfsf2
                0x0001c8c0                __aeabi_d2f
 .text          0x0001c960       0x2c c:/nxp/mcuxpressoide_11.2.1_4149/ide/plugins/com.nxp.mcuxpresso.tools.win32_11.2.0.202008311134/tools/bin/../lib/gcc/arm-none-eabi/9.2.1/thumb/v7-m/nofp\libgcc.a(_arm_unordsf2.o)
                0x0001c960                __unordsf2
                0x0001c960                __aeabi_fcmpun
 .text.__errno  0x0001c98c        0xc c:/nxp/mcuxpressoide_11.2.1_4149/ide/plugins/com.nxp.mcuxpresso.tools.win32_11.2.0.202008311134/tools/bin/../lib/gcc/arm-none-eabi/9.2.1/../../../../arm-none-eabi/lib/thumb/v7-m/nofp\libc_nano.a(lib_a-errno.o)
                0x0001c98c                __errno
 *(.rodata .rodata.* .constdata .constdata.*)
 .rodata.main.str1.4
                0x0001c998        0xf ./src/IA_2021_V0.o
 *fill*         0x0001c9a7        0x1 ff
 .rodata.Set_Debug_Pin_0_High.str1.4
                0x0001c9a8       0x11 ./src/Init.o
 *fill*         0x0001c9b9        0x3 ff
 .rodata.Set_Debug_Pin_0_Low.str1.4
                0x0001c9bc       0x10 ./src/Init.o
 .rodata.Set_Debug_Pin_1_Low.str1.4
                0x0001c9cc       0x10 ./src/Init.o
 .rodata.Init_Carte_IA.str1.4
                0x0001c9dc       0x25 ./src/Init.o
 *fill*         0x0001ca01        0x3 ff
 .rodata        0x0001ca04       0x15 ./src/test.o
 *fill*         0x0001ca19        0x3 ff
 .rodata.vTaskStartScheduler.str1.4
                0x0001ca1c        0x5 ./freertos/src/tasks.o
 *fill*         0x0001ca21        0x3 ff
 .rodata.xTimerCreateTimerTask.str1.4
                0x0001ca24        0x8 ./freertos/src/timers.o
 .rodata.prvCheckForValidListAndQueue.str1.4
                0x0001ca2c        0x5 ./freertos/src/timers.o
 *fill*         0x0001ca31        0x3 ff
 .rodata.pszTraceGetErrorNotEnoughHandles.str1.4
                0x0001ca34      0x2fe ./freertos/FreeRTOS_Trace/trcKernelPort.o
 *fill*         0x0001cd32        0x2 ff
 .rodata.vTraceEnable.str1.4
                0x0001cd34       0x74 ./freertos/FreeRTOS_Trace/trcSnapshotRecorder.o
 .rodata.uiTraceStart.str1.4
                0x0001cda8       0x4e ./freertos/FreeRTOS_Trace/trcSnapshotRecorder.o
 *fill*         0x0001cdf6        0x2 ff
 .rodata.xTraceSetISRProperties.str1.4
                0x0001cdf8       0xb7 ./freertos/FreeRTOS_Trace/trcSnapshotRecorder.o
 *fill*         0x0001ceaf        0x1 ff
 .rodata.vTraceStoreISRBegin.str1.4
                0x0001ceb0       0xd4 ./freertos/FreeRTOS_Trace/trcSnapshotRecorder.o
 .rodata.vTraceStoreISREnd.str1.4
                0x0001cf84       0x7c ./freertos/FreeRTOS_Trace/trcSnapshotRecorder.o
 .rodata.writeInt8.str1.4
                0x0001d000       0x28 ./freertos/FreeRTOS_Trace/trcSnapshotRecorder.o
 .rodata.writeInt16.str1.4
                0x0001d028       0x29 ./freertos/FreeRTOS_Trace/trcSnapshotRecorder.o
 *fill*         0x0001d051        0x3 ff
 .rodata.writeInt32.str1.4
                0x0001d054       0x29 ./freertos/FreeRTOS_Trace/trcSnapshotRecorder.o
 *fill*         0x0001d07d        0x3 ff
 .rodata.prvTraceUserEventFormat.str1.4
                0x0001d080       0x6d ./freertos/FreeRTOS_Trace/trcSnapshotRecorder.o
 *fill*         0x0001d0ed        0x3 ff
 .rodata.vTracePrintF_Helper.str1.4
                0x0001d0f0       0x35 ./freertos/FreeRTOS_Trace/trcSnapshotRecorder.o
 *fill*         0x0001d125        0x3 ff
 .rodata.xTraceRegisterString.str1.4
                0x0001d128       0x32 ./freertos/FreeRTOS_Trace/trcSnapshotRecorder.o
 *fill*         0x0001d15a        0x2 ff
 .rodata.prvTraceStoreTaskReady.str1.4
                0x0001d15c       0x75 ./freertos/FreeRTOS_Trace/trcSnapshotRecorder.o
 *fill*         0x0001d1d1        0x3 ff
 .rodata.prvTraceStoreKernelCall.str1.4
                0x0001d1d4       0xfd ./freertos/FreeRTOS_Trace/trcSnapshotRecorder.o
 *fill*         0x0001d2d1        0x3 ff
 .rodata.prvTraceStoreKernelCallWithParam.str1.4
                0x0001d2d4      0x115 ./freertos/FreeRTOS_Trace/trcSnapshotRecorder.o
 *fill*         0x0001d3e9        0x3 ff
 .rodata.prvTraceGetParam.str1.4
                0x0001d3ec       0x3c ./freertos/FreeRTOS_Trace/trcSnapshotRecorder.o
 .rodata.prvTraceStoreKernelCallWithNumericParamOnly.str1.4
                0x0001d428       0x8d ./freertos/FreeRTOS_Trace/trcSnapshotRecorder.o
 *fill*         0x0001d4b5        0x3 ff
 .rodata.prvTraceStoreTaskswitch.str1.4
                0x0001d4b8       0x45 ./freertos/FreeRTOS_Trace/trcSnapshotRecorder.o
 *fill*         0x0001d4fd        0x3 ff
 .rodata.prvTraceStoreObjectNameOnCloseEvent.str1.4
                0x0001d500       0xa0 ./freertos/FreeRTOS_Trace/trcSnapshotRecorder.o
 .rodata.prvTraceStoreObjectPropertiesOnCloseEvent.str1.4
                0x0001d5a0       0xaa ./freertos/FreeRTOS_Trace/trcSnapshotRecorder.o
 *fill*         0x0001d64a        0x2 ff
 .rodata.prvTraceSetPriorityProperty.str1.4
                0x0001d64c       0x8c ./freertos/FreeRTOS_Trace/trcSnapshotRecorder.o
 .rodata.prvTraceGetPriorityProperty.str1.4
                0x0001d6d8       0x8c ./freertos/FreeRTOS_Trace/trcSnapshotRecorder.o
 .rodata.prvTraceSetObjectState.str1.4
                0x0001d764       0x7f ./freertos/FreeRTOS_Trace/trcSnapshotRecorder.o
 *fill*         0x0001d7e3        0x1 ff
 .rodata.prvTraceGetObjectState.str1.4
                0x0001d7e4       0x7f ./freertos/FreeRTOS_Trace/trcSnapshotRecorder.o
 *fill*         0x0001d863        0x1 ff
 .rodata.prvTraceSetTaskInstanceFinished.str1.4
                0x0001d864       0x48 ./freertos/FreeRTOS_Trace/trcSnapshotRecorder.o
 .rodata.prvTraceInitTraceData.str1.4
                0x0001d8ac       0x14 ./freertos/FreeRTOS_Trace/trcSnapshotRecorder.o
 .rodata.prvTraceNextFreeEventBufferSlot.str1.4
                0x0001d8c0       0x27 ./freertos/FreeRTOS_Trace/trcSnapshotRecorder.o
 *fill*         0x0001d8e7        0x1 ff
 .rodata.uiIndexOfObject.str1.4
                0x0001d8e8       0xc0 ./freertos/FreeRTOS_Trace/trcSnapshotRecorder.o
 .rodata.prvTraceGetObjectHandle.str1.4
                0x0001d9a8       0x45 ./freertos/FreeRTOS_Trace/trcSnapshotRecorder.o
 *fill*         0x0001d9ed        0x3 ff
 .rodata.prvTraceFreeObjectHandle.str1.4
                0x0001d9f0       0xb9 ./freertos/FreeRTOS_Trace/trcSnapshotRecorder.o
 *fill*         0x0001daa9        0x3 ff
 .rodata.prvTraceSetObjectName.str1.4
                0x0001daac       0x91 ./freertos/FreeRTOS_Trace/trcSnapshotRecorder.o
 *fill*         0x0001db3d        0x3 ff
 .rodata.prvTraceOpenSymbol.str1.4
                0x0001db40       0x2f ./freertos/FreeRTOS_Trace/trcSnapshotRecorder.o
 *fill*         0x0001db6f        0x1 ff
 .rodata.prvTraceGetDTS.str1.4
                0x0001db70       0x63 ./freertos/FreeRTOS_Trace/trcSnapshotRecorder.o
 *fill*         0x0001dbd3        0x1 ff
 .rodata.prvTraceLookupSymbolTableEntry.str1.4
                0x0001dbd4       0x73 ./freertos/FreeRTOS_Trace/trcSnapshotRecorder.o
 *fill*         0x0001dc47        0x1 ff
 .rodata.prvTraceCreateSymbolTableEntry.str1.4
                0x0001dc48       0xb9 ./freertos/FreeRTOS_Trace/trcSnapshotRecorder.o
 *fill*         0x0001dd01        0x3 ff
 .rodata.prvTraceGetChecksum.str1.4
                0x0001dd04       0x97 ./freertos/FreeRTOS_Trace/trcSnapshotRecorder.o
 *fill*         0x0001dd9b        0x1 ff
 .rodata._0_Deplacement_Init.str1.4
                0x0001dd9c       0x14 ./Strategie/Deplacement/0_Deplacements.o
 .rodata._0_Deplacement_Tourne_Avance_ASTAR.str1.4
                0x0001ddb0        0xd ./Strategie/Deplacement/0_Deplacements.o
 *fill*         0x0001ddbd        0x3 ff
 .rodata._0_Deplacement_ASTAR.str1.4
                0x0001ddc0       0x2f ./Strategie/Deplacement/0_Deplacements.o
 *fill*         0x0001ddef        0x1 ff
 .rodata.Astar_Find_Path.str1.4
                0x0001ddf0       0x36 ./Pathfinding/Astar/Astar.o
 *fill*         0x0001de26        0x2 ff
 .rodata.g_usbApi
                0x0001de28       0x20 ./Communication/USB/src/cdc_usb_main.o
 .rodata        0x0001de48       0x62 ./Communication/0_Communication.o
 *fill*         0x0001deaa        0x2 ff
 .rodata._0_Communication_Init_Event_Group.str1.4
                0x0001deac       0x13 ./Communication/0_Event_Group.o