Archive member included to satisfy reference by file (symbol)

C:\Robot\Robotic-System.git\trunk\Workspaces\MultiWorkSpaces_2021\0_lpc_chip_175x_6x\Release\lib0_lpc_chip_175x_6x.a(adc_17xx_40xx.o)
                              ./Level_0/Drivers/0_ADC/0_ADC.o (Chip_ADC_Init)
C:\Robot\Robotic-System.git\trunk\Workspaces\MultiWorkSpaces_2021\0_lpc_chip_175x_6x\Release\lib0_lpc_chip_175x_6x.a(chip_17xx_40xx.o)
                              ./src/IA_2021_V0.o (SystemCoreClockUpdate)
C:\Robot\Robotic-System.git\trunk\Workspaces\MultiWorkSpaces_2021\0_lpc_chip_175x_6x\Release\lib0_lpc_chip_175x_6x.a(clock_17xx_40xx.o)
                              C:\Robot\Robotic-System.git\trunk\Workspaces\MultiWorkSpaces_2021\0_lpc_chip_175x_6x\Release\lib0_lpc_chip_175x_6x.a(chip_17xx_40xx.o) (Chip_Clock_EnablePLL)
C:\Robot\Robotic-System.git\trunk\Workspaces\MultiWorkSpaces_2021\0_lpc_chip_175x_6x\Release\lib0_lpc_chip_175x_6x.a(ring_buffer.o)
                              ./Communication/0_Communication.o (RingBuffer_Init)
C:\Robot\Robotic-System.git\trunk\Workspaces\MultiWorkSpaces_2021\0_lpc_chip_175x_6x\Release\lib0_lpc_chip_175x_6x.a(stopwatch_17xx_40xx.o)
                              ./Communication/USB/src/cdc_usb_main.o (StopWatch_Init)
C:\Robot\Robotic-System.git\trunk\Workspaces\MultiWorkSpaces_2021\0_lpc_chip_175x_6x\Release\lib0_lpc_chip_175x_6x.a(sysinit_17xx_40xx.o)
                              ./src/IA_2021_V0.o (Chip_SetupXtalClocking)
C:\Robot\Robotic-System.git\trunk\Workspaces\MultiWorkSpaces_2021\0_lpc_chip_175x_6x\Release\lib0_lpc_chip_175x_6x.a(timer_17xx_40xx.o)
                              ./src/IA_2021_V0.o (Chip_TIMER_Init)
C:\Robot\Robotic-System.git\trunk\Workspaces\MultiWorkSpaces_2021\0_lpc_chip_175x_6x\Release\lib0_lpc_chip_175x_6x.a(uart_17xx_40xx.o)
                              ./Communication/0_Communication.o (Chip_UART_Init)
C:\Robot\Robotic-System.git\trunk\Workspaces\MultiWorkSpaces_2021\0_lpc_board_nxp_lpcxpresso_1769\Release\lib0_lpc_board_nxp_lpcxpresso_1769.a(board.o)
                              ./src/IA_2021_V0.o (Set_Clock_in)
C:\Robot\Robotic-System.git\trunk\Workspaces\MultiWorkSpaces_2021\0_lpc_chip_175x_6x\libs\libusbd_175x_6x_lib.a(mw_usbd_rom_api.o)
                              ./Communication/USB/src/cdc_usb_main.o (cdc_api)
C:\Robot\Robotic-System.git\trunk\Workspaces\MultiWorkSpaces_2021\0_lpc_chip_175x_6x\libs\libusbd_175x_6x_lib.a(hw_usbd_ip3503.o)
                              C:\Robot\Robotic-System.git\trunk\Workspaces\MultiWorkSpaces_2021\0_lpc_chip_175x_6x\libs\libusbd_175x_6x_lib.a(mw_usbd_rom_api.o) (hwUSB_GetMemSize)
C:\Robot\Robotic-System.git\trunk\Workspaces\MultiWorkSpaces_2021\0_lpc_chip_175x_6x\libs\libusbd_175x_6x_lib.a(mw_usbd_cdcuser.o)
                              C:\Robot\Robotic-System.git\trunk\Workspaces\MultiWorkSpaces_2021\0_lpc_chip_175x_6x\libs\libusbd_175x_6x_lib.a(mw_usbd_rom_api.o) (mwCDC_SendNotification)
C:\Robot\Robotic-System.git\trunk\Workspaces\MultiWorkSpaces_2021\0_lpc_chip_175x_6x\libs\libusbd_175x_6x_lib.a(mw_usbd_core.o)
                              C:\Robot\Robotic-System.git\trunk\Workspaces\MultiWorkSpaces_2021\0_lpc_chip_175x_6x\libs\libusbd_175x_6x_lib.a(mw_usbd_rom_api.o) (mwUSB_SetupStage)
C:\Robot\Robotic-System.git\trunk\Workspaces\MultiWorkSpaces_2021\0_lpc_chip_175x_6x\libs\libusbd_175x_6x_lib.a(mw_usbd_dfuuser.o)
                              C:\Robot\Robotic-System.git\trunk\Workspaces\MultiWorkSpaces_2021\0_lpc_chip_175x_6x\libs\libusbd_175x_6x_lib.a(mw_usbd_rom_api.o) (mwDFU_GetMemSize)
C:\Robot\Robotic-System.git\trunk\Workspaces\MultiWorkSpaces_2021\0_lpc_chip_175x_6x\libs\libusbd_175x_6x_lib.a(mw_usbd_hiduser.o)
                              C:\Robot\Robotic-System.git\trunk\Workspaces\MultiWorkSpaces_2021\0_lpc_chip_175x_6x\libs\libusbd_175x_6x_lib.a(mw_usbd_rom_api.o) (mwHID_GetMemSize)
C:\Robot\Robotic-System.git\trunk\Workspaces\MultiWorkSpaces_2021\0_lpc_chip_175x_6x\libs\libusbd_175x_6x_lib.a(mw_usbd_mscuser.o)
                              C:\Robot\Robotic-System.git\trunk\Workspaces\MultiWorkSpaces_2021\0_lpc_chip_175x_6x\libs\libusbd_175x_6x_lib.a(mw_usbd_rom_api.o) (mwMSC_GetMemSize)
c:/nxp/mcuxpressoide_11.2.1_4149/ide/plugins/com.nxp.mcuxpresso.tools.win32_11.2.0.202008311134/tools/bin/../lib/gcc/arm-none-eabi/9.2.1/thumb/v7-m/nofp\libgcc.a(_arm_mulsf3.o)
                              ./Strategie/Strategie_Level0/Deplacement/0_Deplacements.o (__aeabi_fmul)
c:/nxp/mcuxpressoide_11.2.1_4149/ide/plugins/com.nxp.mcuxpresso.tools.win32_11.2.0.202008311134/tools/bin/../lib/gcc/arm-none-eabi/9.2.1/thumb/v7-m/nofp\libgcc.a(_arm_addsubdf3.o)
                              ./Communication/2_Echange_Datas.o (__aeabi_f2d)
c:/nxp/mcuxpressoide_11.2.1_4149/ide/plugins/com.nxp.mcuxpresso.tools.win32_11.2.0.202008311134/tools/bin/../lib/gcc/arm-none-eabi/9.2.1/thumb/v7-m/nofp\libgcc.a(_arm_addsubsf3.o)
[...]
Memory Configuration

Name             Origin             Length             Attributes
MFlash512        0x00010000         0x00070000         xr
RamLoc32         0x10000000         0x00008000         xrw
Ram_USB          0x2007c000         0x00000800         xrw
RAM3             0x2007c800         0x00007800         xrw
*default*        0x00000000         0xffffffff

Linker script and memory map

LOAD ./src/IA_2021_V0.o
LOAD ./src/Init.o
LOAD ./src/cr_startup_lpc175x_6x.o
LOAD ./src/crp.o
LOAD ./src/sysinit.o
LOAD ./src/test.o
LOAD ./freertos/src/FreeRTOSCommonHooks.o
LOAD ./freertos/src/croutine.o
LOAD ./freertos/src/event_groups.o
LOAD ./freertos/src/heap_5.o
LOAD ./freertos/src/list.o
LOAD ./freertos/src/port.o
LOAD ./freertos/src/queue.o
LOAD ./freertos/src/stream_buffer.o
LOAD ./freertos/src/tasks.o
LOAD ./freertos/src/timers.o
LOAD ./freertos/FreeRTOS_Trace/trcHardwarePort.o
LOAD ./freertos/FreeRTOS_Trace/trcKernelPort.o
LOAD ./freertos/FreeRTOS_Trace/trcSnapshotRecorder.o
LOAD ./Strategie/Strategie_Level0/Deplacement/0_Deplacements.o
LOAD ./Strategie/Strategie_Level0/Deplacement/1_Obstacles.o
LOAD ./Strategie/Strategie_Level0/Actionneurs/0_Actionneurs.o
LOAD ./Strategie/Strategie_Level0/0_Infos.o
LOAD ./Strategie/Strategie_Level0/Strategie_Actions.o
LOAD ./Strategie/Strategie.o
LOAD ./Pathfinding/Astar/Astar.o
LOAD ./Level_0/Drivers/0_ADC/0_ADC.o
LOAD ./Communication/USB/src/cdc_desc.o
LOAD ./Communication/USB/src/cdc_usb_main.o
LOAD ./Communication/USB/src/cdc_vcom.o
LOAD ./Communication/RS485/0_RS485.o
LOAD ./Communication/0_Communication.o
LOAD ./Communication/0_Event_Group.o
LOAD ./Communication/1_Trame_Communication.o
LOAD ./Communication/2_Echange_Data_Strategie.o
LOAD ./Communication/2_Echange_Datas.o
LOAD ./Communication/2_Echange_Datas_Reception.o
LOAD C:\Robot\Robotic-System.git\trunk\Workspaces\MultiWorkSpaces_2021\0_lpc_chip_175x_6x\Release\lib0_lpc_chip_175x_6x.a
LOAD C:\Robot\Robotic-System.git\trunk\Workspaces\MultiWorkSpaces_2021\0_lpc_board_nxp_lpcxpresso_1769\Release\lib0_lpc_board_nxp_lpcxpresso_1769.a
LOAD C:\Robot\Robotic-System.git\trunk\Workspaces\MultiWorkSpaces_2021\0_lpc_chip_175x_6x\libs\libusbd_175x_6x_lib.a
START GROUP
LOAD c:/nxp/mcuxpressoide_11.2.1_4149/ide/plugins/com.nxp.mcuxpresso.tools.win32_11.2.0.202008311134/tools/bin/../lib/gcc/arm-none-eabi/9.2.1/thumb/v7-m/nofp\libgcc.a
LOAD c:/nxp/mcuxpressoide_11.2.1_4149/ide/plugins/com.nxp.mcuxpresso.tools.win32_11.2.0.202008311134/tools/bin/../lib/gcc/arm-none-eabi/9.2.1/../../../../arm-none-eabi/lib/thumb/v7-m/nofp\libc_nano.a
LOAD c:/nxp/mcuxpressoide_11.2.1_4149/ide/plugins/com.nxp.mcuxpresso.tools.win32_11.2.0.202008311134/tools/bin/../lib/gcc/arm-none-eabi/9.2.1/../../../../arm-none-eabi/lib/thumb/v7-m/nofp\libm.a
LOAD c:/nxp/mcuxpressoide_11.2.1_4149/ide/plugins/com.nxp.mcuxpresso.tools.win32_11.2.0.202008311134/tools/bin/../lib/gcc/arm-none-eabi/9.2.1/../../../../arm-none-eabi/lib/thumb/v7-m/nofp\libcr_newlib_none.a
END GROUP
                0x00010000                __base_MFlash512 = 0x10000
                0x00010000                __base_Flash = 0x10000
                0x00080000                __top_MFlash512 = 0x80000
                0x00080000                __top_Flash = 0x80000
                0x10000000                __base_RamLoc32 = 0x10000000
                0x10000000                __base_RAM = 0x10000000
                0x10008000                __top_RamLoc32 = 0x10008000
                0x10008000                __top_RAM = 0x10008000
                0x2007c000                __base_Ram_USB = 0x2007c000
                0x2007c000                __base_RAM2 = 0x2007c000
                0x2007c800                __top_Ram_USB = 0x2007c800
                0x2007c800                __top_RAM2 = 0x2007c800
                0x2007c800                __base_RAM3 = 0x2007c800
                0x2007c800                __base_RAM3 = 0x2007c800
                0x20084000                __top_RAM3 = 0x20084000
                0x20084000                __top_RAM3 = 0x20084000

.text           0x00010000     0x826c
 FILL mask 0xff
                0x00010000                __vectors_start__ = ABSOLUTE (.)
 *(.isr_vector)
 .isr_vector    0x00010000       0xcc ./src/cr_startup_lpc175x_6x.o
                0x00010000                g_pfnVectors
                0x000100cc                . = ALIGN (0x4)
                0x000100cc                __section_table_start = .
                0x000100cc                __data_section_table = .
                0x000100cc        0x4 LONG 0x1826c LOADADDR (.data)
                0x000100d0        0x4 LONG 0x10000000 ADDR (.data)
                0x000100d4        0x4 LONG 0x80 SIZEOF (.data)
                0x000100d8        0x4 LONG 0x1826c LOADADDR (.data_RAM2)
                0x000100dc        0x4 LONG 0x2007c000 ADDR (.data_RAM2)
                0x000100e0        0x4 LONG 0x0 SIZEOF (.data_RAM2)
                0x000100e4        0x4 LONG 0x1826c LOADADDR (.data_RAM3)
                0x000100e8        0x4 LONG 0x2007c800 ADDR (.data_RAM3)
                0x000100ec        0x4 LONG 0x0 SIZEOF (.data_RAM3)
                0x000100f0                __data_section_table_end = .
                0x000100f0                __bss_section_table = .
                0x000100f0        0x4 LONG 0x10000080 ADDR (.bss)
                0x000100f4        0x4 LONG 0x6cc SIZEOF (.bss)
                0x000100f8        0x4 LONG 0x2007c000 ADDR (.bss_RAM2)
                0x000100fc        0x4 LONG 0x0 SIZEOF (.bss_RAM2)
                0x00010100        0x4 LONG 0x2007c800 ADDR (.bss_RAM3)
                0x00010104        0x4 LONG 0x3868 SIZEOF (.bss_RAM3)
                0x00010108                __bss_section_table_end = .
                0x00010108                __section_table_end = .
 *(.after_vectors*)
 .after_vectors
                0x00010108      0x130 ./src/cr_startup_lpc175x_6x.o
                0x00010108                data_init
                0x0001014c                bss_init
                0x00010184                ResetISR
                0x000101fc                NMI_Handler
                0x00010202                HardFault_Handler
                0x00010208                MemManage_Handler
                0x0001020e                BusFault_Handler
                0x00010214                UsageFault_Handler
                0x0001021a                SVC_Handler
                0x00010220                DebugMon_Handler
                0x00010226                PendSV_Handler
                0x0001022c                SysTick_Handler
                0x00010232                EINT3_IRQHandler
                0x00010232                CANActivity_IRQHandler
                0x00010232                TIMER3_IRQHandler
                0x00010232                UART0_IRQHandler
                0x00010232                EINT2_IRQHandler
                0x00010232                USBActivity_IRQHandler
                0x00010232                IntDefaultHandler
                0x00010232                PLL0_IRQHandler
                0x00010232                I2C0_IRQHandler
                0x00010232                I2C1_IRQHandler
                0x00010232                SSP0_IRQHandler
                0x00010232                I2S_IRQHandler
                0x00010232                I2C2_IRQHandler
                0x00010232                RTC_IRQHandler
                0x00010232                TIMER0_IRQHandler
                0x00010232                SPI_IRQHandler
                0x00010232                RIT_IRQHandler
                0x00010232                EINT1_IRQHandler
                0x00010232                TIMER1_IRQHandler
                0x00010232                ADC_IRQHandler
                0x00010232                SSP1_IRQHandler
                0x00010232                BOD_IRQHandler
                0x00010232                PLL1_IRQHandler
                0x00010232                WDT_IRQHandler
                0x00010232                PWM1_IRQHandler
                0x00010232                QEI_IRQHandler
                0x00010232                EINT0_IRQHandler
                0x00010232                ETH_IRQHandler
                0x00010232                CAN_IRQHandler
                0x00010232                DMA_IRQHandler
                0x00010232                TIMER2_IRQHandler
                0x00010232                UART3_IRQHandler
                0x00010232                MCPWM_IRQHandler
                0x000002fc                . = 0x2fc
 *fill*         0x00010238       0xc4 ff
                0x000102fc                PROVIDE (__CRP_WORD_START__ = .)
 *(.crp)
 .crp           0x000102fc        0x4 ./src/crp.o
                0x000102fc                CRP_WORD
                0x00010300                PROVIDE (__CRP_WORD_END__ = .)
                0x00000001                ASSERT (! ((__CRP_WORD_START__ == __CRP_WORD_END__)), Linker CRP Enabled, but no CRP_WORD provided within application)
 *(.text*)
 .text.Chip_GPIO_SetPinState
                0x00010300       0x64 ./src/IA_2021_V0.o
 .text.Chip_GPIO_WritePortBit
                0x00010364       0x2c ./src/IA_2021_V0.o
 .text.Chip_GPIO_SetPinDIROutput
                0x00010390       0x36 ./src/IA_2021_V0.o
 .text.Chip_GPIO_SetPinDIRInput
                0x000103c6       0x3a ./src/IA_2021_V0.o
 .text.Chip_GPIO_SetPinDIR
                0x00010400       0x42 ./src/IA_2021_V0.o
 .text.Chip_GPIO_WriteDirBit
                0x00010442       0x2e ./src/IA_2021_V0.o
 .text.vConfigureTimerForRunTimeStats
                0x00010470       0x44 ./src/IA_2021_V0.o
                0x00010470                vConfigureTimerForRunTimeStats
 .text.prvSetupHardware
                0x000104b4       0x30 ./src/IA_2021_V0.o
 .text.vTask_HartBeat
                0x000104e4       0x78 ./src/IA_2021_V0.o
 .text.main     0x0001055c       0x3c ./src/IA_2021_V0.o
                0x0001055c                main
 .text.Chip_GPIO_SetPinState
                0x00010598       0x64 ./src/Init.o
 .text.Chip_GPIO_WritePortBit
                0x000105fc       0x2c ./src/Init.o
 .text.Chip_GPIO_SetPinDIROutput
                0x00010628       0x36 ./src/Init.o
 .text.Chip_GPIO_SetPinDIRInput
                0x0001065e       0x3a ./src/Init.o
 .text.Chip_GPIO_SetPinDIR
                0x00010698       0x42 ./src/Init.o
 .text.Chip_GPIO_WriteDirBit
                0x000106da       0x2e ./src/Init.o
 .text.Set_Debug_Pin_0_Low
                0x00010708       0x18 ./src/Init.o
                0x00010708                Set_Debug_Pin_0_Low
 .text.Set_Debug_Pin_1_Low
                0x00010720       0x18 ./src/Init.o
                0x00010720                Set_Debug_Pin_1_Low
 .text.Init_Carte_IA
                0x00010738       0xc8 ./src/Init.o
                0x00010738                Init_Carte_IA
 .text.Init_Send_Robot_ID
                0x00010800       0x16 ./src/Init.o
                0x00010800                Init_Send_Robot_ID
 *fill*         0x00010816        0x2 ff
 .text.SystemInit
                0x00010818       0x24 ./src/sysinit.o
                0x00010818                SystemInit
 .text.TEST_init_parametres
                0x0001083c       0x28 ./src/test.o
                0x0001083c                TEST_init_parametres
 .text.TEST_Deplacement_Reel
                0x00010864      0x400 ./src/test.o
                0x00010864                TEST_Deplacement_Reel
 .text.Chip_UART_SendByte
                0x00010c64       0x1c ./freertos/src/FreeRTOSCommonHooks.o
 .text.Chip_UART_ReadLineStatus
                0x00010c80       0x16 ./freertos/src/FreeRTOSCommonHooks.o
 *fill*         0x00010c96        0x2 ff
 .text.vApplicationStackOverflowHook
                0x00010c98      0x18c ./freertos/src/FreeRTOSCommonHooks.o
                0x00010c98                vApplicationStackOverflowHook
 .text.xEventGroupCreate
                0x00010e24       0x2e ./freertos/src/event_groups.o
                0x00010e24                xEventGroupCreate
 *fill*         0x00010e52        0x2 ff
 .text.xEventGroupWaitBits
                0x00010e54      0x114 ./freertos/src/event_groups.o
                0x00010e54                xEventGroupWaitBits
 .text.xEventGroupClearBits
                0x00010f68       0x34 ./freertos/src/event_groups.o
                0x00010f68                xEventGroupClearBits
 .text.xEventGroupSetBits
                0x00010f9c       0xda ./freertos/src/event_groups.o
                0x00010f9c                xEventGroupSetBits
 .text.vEventGroupSetBitsCallback
                0x00011076       0x1a ./freertos/src/event_groups.o
                0x00011076                vEventGroupSetBitsCallback
 .text.prvTestWaitCondition
                0x00011090       0x42 ./freertos/src/event_groups.o
 *fill*         0x000110d2        0x2 ff
 .text.pvPortMalloc
                0x000110d4      0x128 ./freertos/src/heap_5.o
                0x000110d4                pvPortMalloc
 .text.vPortFree
                0x000111fc       0x80 ./freertos/src/heap_5.o
                0x000111fc                vPortFree
 .text.prvInsertBlockIntoFreeList
                0x0001127c       0xb0 ./freertos/src/heap_5.o
 .text.vPortDefineHeapRegions
                0x0001132c      0x114 ./freertos/src/heap_5.o
                0x0001132c                vPortDefineHeapRegions
 .text.vListInitialise
                0x00011440       0x3e ./freertos/src/list.o
                0x00011440                vListInitialise
 .text.vListInitialiseItem
                0x0001147e       0x18 ./freertos/src/list.o
                0x0001147e                vListInitialiseItem
 .text.vListInsertEnd
                0x00011496       0x46 ./freertos/src/list.o
                0x00011496                vListInsertEnd
 .text.vListInsert
                0x000114dc       0x70 ./freertos/src/list.o
                0x000114dc                vListInsert
 .text.uxListRemove
                0x0001154c       0x52 ./freertos/src/list.o
                0x0001154c                uxListRemove
 *fill*         0x0001159e        0x2 ff
 .text.pxPortInitialiseStack
                0x000115a0       0x58 ./freertos/src/port.o
                0x000115a0                pxPortInitialiseStack
 .text.prvTaskExitError
                0x000115f8       0x32 ./freertos/src/port.o
 *fill*         0x0001162a        0x6 ff
 .text.vPortSVCHandler
                0x00011630       0x28 ./freertos/src/port.o
                0x00011630                vPortSVCHandler
 .text.prvPortStartFirstTask
                0x00011658       0x20 ./freertos/src/port.o
 .text.xPortStartScheduler
                0x00011678       0x40 ./freertos/src/port.o
                0x00011678                xPortStartScheduler
 .text.vPortEnterCritical
                0x000116b8       0x34 ./freertos/src/port.o
                0x000116b8                vPortEnterCritical
 .text.vPortExitCritical
                0x000116ec       0x34 ./freertos/src/port.o
                0x000116ec                vPortExitCritical
 .text.xPortPendSVHandler
                0x00011720       0x48 ./freertos/src/port.o
                0x00011720                xPortPendSVHandler
 .text.xPortSysTickHandler
                0x00011768       0x44 ./freertos/src/port.o
                0x00011768                xPortSysTickHandler
 .text.vPortSetupTimerInterrupt
                0x000117ac       0x34 ./freertos/src/port.o
                0x000117ac                vPortSetupTimerInterrupt
 .text.xQueueGenericReset
                0x000117e0       0xb4 ./freertos/src/queue.o
                0x000117e0                xQueueGenericReset
 .text.xQueueGenericCreate
                0x00011894       0x50 ./freertos/src/queue.o
                0x00011894                xQueueGenericCreate
 .text.prvInitialiseNewQueue
                0x000118e4       0x3e ./freertos/src/queue.o
 *fill*         0x00011922        0x2 ff
 .text.xQueueGenericSend
                0x00011924      0x154 ./freertos/src/queue.o
                0x00011924                xQueueGenericSend
 .text.xQueueGenericSendFromISR
                0x00011a78       0xba ./freertos/src/queue.o
                0x00011a78                xQueueGenericSendFromISR
 *fill*         0x00011b32        0x2 ff
 .text.xQueueReceive
                0x00011b34      0x144 ./freertos/src/queue.o
                0x00011b34                xQueueReceive
 .text.prvCopyDataToQueue
                0x00011c78       0xd4 ./freertos/src/queue.o
 .text.prvCopyDataFromQueue
                0x00011d4c       0x4c ./freertos/src/queue.o
 .text.prvUnlockQueue
                0x00011d98       0xa4 ./freertos/src/queue.o
 .text.prvIsQueueEmpty
                0x00011e3c       0x2c ./freertos/src/queue.o
 .text.prvIsQueueFull
                0x00011e68       0x30 ./freertos/src/queue.o
 .text.vQueueAddToRegistry
                0x00011e98       0x50 ./freertos/src/queue.o
                0x00011e98                vQueueAddToRegistry
 .text.vQueueWaitForMessageRestricted
                0x00011ee8       0x68 ./freertos/src/queue.o
                0x00011ee8                vQueueWaitForMessageRestricted
 .text.xTaskCreate
                0x00011f50       0x82 ./freertos/src/tasks.o
                0x00011f50                xTaskCreate
 .text.prvInitialiseNewTask
                0x00011fd2      0x104 ./freertos/src/tasks.o
 *fill*         0x000120d6        0x2 ff
 .text.prvAddNewTaskToReadyList
                0x000120d8       0xd4 ./freertos/src/tasks.o
 .text.vTaskDelete
                0x000121ac       0xfc ./freertos/src/tasks.o
                0x000121ac                vTaskDelete
 .text.vTaskDelayUntil
                0x000122a8       0xa0 ./freertos/src/tasks.o
                0x000122a8                vTaskDelayUntil
 .text.vTaskDelay
                0x00012348       0x48 ./freertos/src/tasks.o
                0x00012348                vTaskDelay
 .text.vTaskStartScheduler
                0x00012390       0x80 ./freertos/src/tasks.o
                0x00012390                vTaskStartScheduler
 .text.vTaskSuspendAll
                0x00012410       0x1c ./freertos/src/tasks.o
                0x00012410                vTaskSuspendAll
 .text.xTaskResumeAll
                0x0001242c      0x11c ./freertos/src/tasks.o
                0x0001242c                xTaskResumeAll
 .text.xTaskGetTickCount
                0x00012548       0x1c ./freertos/src/tasks.o
                0x00012548                xTaskGetTickCount
 .text.xTaskIncrementTick
                0x00012564      0x150 ./freertos/src/tasks.o
                0x00012564                xTaskIncrementTick
 .text.vTaskSwitchContext
                0x000126b4       0xd8 ./freertos/src/tasks.o
                0x000126b4                vTaskSwitchContext
 .text.vTaskPlaceOnEventList
                0x0001278c       0x2c ./freertos/src/tasks.o
                0x0001278c                vTaskPlaceOnEventList
 .text.vTaskPlaceOnUnorderedEventList
                0x000127b8       0x3c ./freertos/src/tasks.o
                0x000127b8                vTaskPlaceOnUnorderedEventList
 .text.vTaskPlaceOnEventListRestricted
                0x000127f4       0x3c ./freertos/src/tasks.o
                0x000127f4                vTaskPlaceOnEventListRestricted
 .text.xTaskRemoveFromEventList
                0x00012830       0xa8 ./freertos/src/tasks.o
                0x00012830                xTaskRemoveFromEventList
 .text.vTaskRemoveFromUnorderedEventList
                0x000128d8       0x84 ./freertos/src/tasks.o
                0x000128d8                vTaskRemoveFromUnorderedEventList
 .text.vTaskInternalSetTimeOutState
                0x0001295c       0x2c ./freertos/src/tasks.o
                0x0001295c                vTaskInternalSetTimeOutState
 .text.xTaskCheckForTimeOut
                0x00012988       0x8c ./freertos/src/tasks.o
                0x00012988                xTaskCheckForTimeOut
 .text.vTaskMissedYield
                0x00012a14       0x18 ./freertos/src/tasks.o
                0x00012a14                vTaskMissedYield
 .text.prvIdleTask
                0x00012a2c       0x30 ./freertos/src/tasks.o
 .text.prvInitialiseTaskLists
                0x00012a5c       0x80 ./freertos/src/tasks.o
 .text.prvCheckTasksWaitingTermination
                0x00012adc       0x5c ./freertos/src/tasks.o
 .text.prvDeleteTCB
                0x00012b38       0x20 ./freertos/src/tasks.o
 .text.prvResetNextTaskUnblockTime
                0x00012b58       0x40 ./freertos/src/tasks.o
 .text.xTaskGetCurrentTaskHandle
                0x00012b98       0x1c ./freertos/src/tasks.o
                0x00012b98                xTaskGetCurrentTaskHandle
 .text.xTaskGetSchedulerState
                0x00012bb4       0x3c ./freertos/src/tasks.o
                0x00012bb4                xTaskGetSchedulerState
 .text.xTaskPriorityDisinherit
                0x00012bf0       0xc8 ./freertos/src/tasks.o
                0x00012bf0                xTaskPriorityDisinherit
 .text.uxTaskResetEventItemValue
                0x00012cb8       0x30 ./freertos/src/tasks.o
                0x00012cb8                uxTaskResetEventItemValue
 .text.prvAddCurrentTaskToDelayedList
                0x00012ce8       0xcc ./freertos/src/tasks.o
 .text.xTimerCreateTimerTask
                0x00012db4       0x48 ./freertos/src/timers.o
                0x00012db4                xTimerCreateTimerTask
 .text.xTimerGenericCommand
                0x00012dfc       0x80 ./freertos/src/timers.o
                0x00012dfc                xTimerGenericCommand
 .text.prvProcessExpiredTimer
                0x00012e7c       0x80 ./freertos/src/timers.o
 .text.prvTimerTask
                0x00012efc       0x24 ./freertos/src/timers.o
 .text.prvProcessTimerOrBlockTask
                0x00012f20       0x9c ./freertos/src/timers.o
 .text.prvGetNextExpireTime
                0x00012fbc       0x44 ./freertos/src/timers.o
 .text.prvSampleTimeNow
                0x00013000       0x40 ./freertos/src/timers.o
 .text.prvInsertTimerInActiveList
                0x00013040       0x84 ./freertos/src/timers.o
 .text.prvProcessReceivedCommands
                0x000130c4      0x170 ./freertos/src/timers.o
 .text.prvSwitchTimerLists
                0x00013234       0xac ./freertos/src/timers.o
 .text.prvCheckForValidListAndQueue
                0x000132e0       0x6c ./freertos/src/timers.o
 .text.xTimerPendFunctionCallFromISR
                0x0001334c       0x40 ./freertos/src/timers.o
                0x0001334c                xTimerPendFunctionCallFromISR
 .text._0_Deplacement_Init
                0x0001338c       0x18 ./Strategie/Strategie_Level0/Deplacement/0_Deplacements.o
                0x0001338c                _0_Deplacement_Init
 .text._0_Deplacement_Get_ptr_Current_Destination
                0x000133a4       0x14 ./Strategie/Strategie_Level0/Deplacement/0_Deplacements.o
                0x000133a4                _0_Deplacement_Get_ptr_Current_Destination
 .text._0_Deplacement_Wait_For_Arrival
                0x000133b8       0xa8 ./Strategie/Strategie_Level0/Deplacement/0_Deplacements.o
                0x000133b8                _0_Deplacement_Wait_For_Arrival
 .text.Distance_To_Destination
                0x00013460       0x90 ./Strategie/Strategie_Level0/Deplacement/0_Deplacements.o
                0x00013460                Distance_To_Destination
 .text._0_Deplacement_Tourne_Avance
                0x000134f0      0x104 ./Strategie/Strategie_Level0/Deplacement/0_Deplacements.o
                0x000134f0                _0_Deplacement_Tourne_Avance
 .text._0_Infos_Init
                0x000135f4       0x18 ./Strategie/Strategie_Level0/0_Infos.o
                0x000135f4                _0_Infos_Init
 .text._0_Update_Card_Datas
                0x0001360c       0x54 ./Strategie/Strategie_Level0/0_Infos.o
                0x0001360c                _0_Update_Card_Datas
 .text._0_Get_Robot_Position
                0x00013660       0x88 ./Strategie/Strategie_Level0/0_Infos.o
                0x00013660                _0_Get_Robot_Position
 .text.Chip_GPIO_GetPinState
                0x000136e8       0x38 ./Strategie/Strategie_Level0/Strategie_Actions.o
 .text._Strategie_Change_Action_State
                0x00013720       0x5c ./Strategie/Strategie_Level0/Strategie_Actions.o
                0x00013720                _Strategie_Change_Action_State
 .text._Strategie_Change_Action_Step
                0x0001377c       0x26 ./Strategie/Strategie_Level0/Strategie_Actions.o
                0x0001377c                _Strategie_Change_Action_Step
 .text.Chip_GPIO_SetPinState
                0x000137a2       0x64 ./Strategie/Strategie.o
 .text.Chip_GPIO_GetPinState
                0x00013806       0x38 ./Strategie/Strategie.o
 *fill*         0x0001383e        0x2 ff
 .text._Strategie_Get_Robot_ID
                0x00013840       0x18 ./Strategie/Strategie.o
                0x00013840                _Strategie_Get_Robot_ID
 .text._Strategie_Get_Input_Strategie_Selector
                0x00013858       0x40 ./Strategie/Strategie.o
                0x00013858                _Strategie_Get_Input_Strategie_Selector
 .text._Strategie_Get_Chosen_Strategie
                0x00013898       0x14 ./Strategie/Strategie.o
                0x00013898                _Strategie_Get_Chosen_Strategie
 .text._Strategie_Get_Temps_Match
                0x000138ac       0x14 ./Strategie/Strategie.o
                0x000138ac                _Strategie_Get_Temps_Match
 .text._Strategie_Get_Jack_Status
                0x000138c0       0x18 ./Strategie/Strategie.o
                0x000138c0                _Strategie_Get_Jack_Status
 .text._Strategie_Get_Color_Status
                0x000138d8       0x18 ./Strategie/Strategie.o
                0x000138d8                _Strategie_Get_Color_Status
 .text._Strategie_Get_Switch_Status
                0x000138f0       0x18 ./Strategie/Strategie.o
                0x000138f0                _Strategie_Get_Switch_Status
 .text._Strategie_Get_User_BP_Status
                0x00013908       0x18 ./Strategie/Strategie.o
                0x00013908                _Strategie_Get_User_BP_Status
 .text._Strategie_Get_External_LED_RED_Status
                0x00013920       0x18 ./Strategie/Strategie.o
                0x00013920                _Strategie_Get_External_LED_RED_Status
 .text._Strategie_Set_External_LED_RED_Status
                0x00013938       0x2c ./Strategie/Strategie.o
                0x00013938                _Strategie_Set_External_LED_RED_Status
 .text._Strategie_Get_External_LED_YELLOW_Status
                0x00013964       0x18 ./Strategie/Strategie.o
                0x00013964                _Strategie_Get_External_LED_YELLOW_Status
 .text._Strategie_Get_External_LED_GREEN_Status
                0x0001397c       0x18 ./Strategie/Strategie.o
                0x0001397c                _Strategie_Get_External_LED_GREEN_Status
 .text._Strategie_Init_Strategie_2021
                0x00013994      0x2bc ./Strategie/Strategie.o
                0x00013994                _Strategie_Init_Strategie_2021
 .text.Chip_IOCON_PinMux
                0x00013c50       0x94 ./Level_0/Drivers/0_ADC/0_ADC.o
 .text._0_ADC_Init
                0x00013ce4       0x30 ./Level_0/Drivers/0_ADC/0_ADC.o
                0x00013ce4                _0_ADC_Init
 .text._0_ADC_Read_Channel
                0x00013d14       0xfc ./Level_0/Drivers/0_ADC/0_ADC.o
                0x00013d14                _0_ADC_Read_Channel
 .text.Chip_IOCON_PinMux
                0x00013e10       0x94 ./Communication/RS485/0_RS485.o
 .text.Chip_GPIO_SetPinState
                0x00013ea4       0x64 ./Communication/RS485/0_RS485.o
 .text.Chip_GPIO_WritePortBit
                0x00013f08       0x2c ./Communication/RS485/0_RS485.o
 .text.Chip_GPIO_SetPinDIROutput
                0x00013f34       0x36 ./Communication/RS485/0_RS485.o
 .text.Chip_GPIO_SetPinDIRInput
                0x00013f6a       0x3a ./Communication/RS485/0_RS485.o
 .text.Chip_GPIO_SetPinDIR
                0x00013fa4       0x42 ./Communication/RS485/0_RS485.o
 .text.Chip_GPIO_WriteDirBit
                0x00013fe6       0x2e ./Communication/RS485/0_RS485.o
 .text._0_RS485_Init
                0x00014014       0x48 ./Communication/RS485/0_RS485.o
                0x00014014                _0_RS485_Init
 .text._0_RS485_Master_Mode
                0x0001405c       0x28 ./Communication/RS485/0_RS485.o
                0x0001405c                _0_RS485_Master_Mode
 .text._0_RS485_Slave_Mode
                0x00014084       0x28 ./Communication/RS485/0_RS485.o
                0x00014084                _0_RS485_Slave_Mode
 .text.NVIC_DisableIRQ
                0x000140ac       0x34 ./Communication/0_Communication.o
 .text.NVIC_ClearPendingIRQ
                0x000140e0       0x34 ./Communication/0_Communication.o
 .text.NVIC_SetPriority
                0x00014114       0x54 ./Communication/0_Communication.o
 .text.Chip_IOCON_PinMux
                0x00014168       0x94 ./Communication/0_Communication.o
 .text.Chip_GPIO_SetPinState
                0x000141fc       0x64 ./Communication/0_Communication.o
 .text.Chip_GPIO_WritePortBit
                0x00014260       0x2c ./Communication/0_Communication.o
 .text.Chip_UART_SendByte
                0x0001428c       0x1c ./Communication/0_Communication.o
 .text.Chip_UART_IntEnable
                0x000142a8       0x20 ./Communication/0_Communication.o
 .text.Chip_UART_IntDisable
                0x000142c8       0x22 ./Communication/0_Communication.o
 .text.Chip_UART_SetupFIFOS
                0x000142ea       0x1a ./Communication/0_Communication.o
 .text.Chip_UART_ConfigData
                0x00014304       0x1a ./Communication/0_Communication.o
 .text.Chip_UART_ReadLineStatus
                0x0001431e       0x16 ./Communication/0_Communication.o
 .text._0_Communication_Init
                0x00014334       0x78 ./Communication/0_Communication.o
                0x00014334                _0_Communication_Init
 .text._0_Communication_Init_USB
                0x000143ac        0xc ./Communication/0_Communication.o
                0x000143ac                _0_Communication_Init_USB
 .text._0_Communication_Init_RS485
                0x000143b8       0xa8 ./Communication/0_Communication.o
                0x000143b8                _0_Communication_Init_RS485
 .text._0_Communication_Init_XBEE
                0x00014460       0x94 ./Communication/0_Communication.o
                0x00014460                _0_Communication_Init_XBEE
 .text.UART1_IRQHandler
                0x000144f4       0xc0 ./Communication/0_Communication.o
                0x000144f4                UART1_IRQHandler
 .text.UART2_IRQHandler
                0x000145b4       0xb0 ./Communication/0_Communication.o
                0x000145b4                UART2_IRQHandler
 .text.USB_IRQHandler
                0x00014664        0xc ./Communication/0_Communication.o
                0x00014664                USB_IRQHandler
 .text._0_Communication_Send_Data
                0x00014670       0xac ./Communication/0_Communication.o
                0x00014670                _0_Communication_Send_Data
 .text._0_Communication_Send_RS485
                0x0001471c       0x90 ./Communication/0_Communication.o
                0x0001471c                _0_Communication_Send_RS485
 .text._0_Communication_Send_XBEE
                0x000147ac       0x82 ./Communication/0_Communication.o
                0x000147ac                _0_Communication_Send_XBEE
 *fill*         0x0001482e        0x2 ff
 .text._0_Communication_Init_Event_Group
                0x00014830       0x40 ./Communication/0_Event_Group.o
                0x00014830                _0_Communication_Init_Event_Group
 .text.NVIC_EnableIRQ
                0x00014870       0x30 ./Communication/1_Trame_Communication.o
 .text._1_Communication_Init
                0x000148a0       0x2c ./Communication/1_Trame_Communication.o
                0x000148a0                _1_Communication_Init
 .text._1_Communication_Create_Queues_Semaphores
                0x000148cc       0x18 ./Communication/1_Trame_Communication.o
                0x000148cc                _1_Communication_Create_Queues_Semaphores
 .text._1_Communication_Wait_To_Send
                0x000148e4       0x3c ./Communication/1_Trame_Communication.o
                0x000148e4                _1_Communication_Wait_To_Send
 .text._1_Communication_Free_Send_Bit
                0x00014920       0x24 ./Communication/1_Trame_Communication.o
                0x00014920                _1_Communication_Free_Send_Bit
 .text._1_Communication_Wait_To_Receive
                0x00014944       0x38 ./Communication/1_Trame_Communication.o
                0x00014944                _1_Communication_Wait_To_Receive
 .text._1_Communication_Free_Receive_Bit
                0x0001497c       0x18 ./Communication/1_Trame_Communication.o
                0x0001497c                _1_Communication_Free_Receive_Bit
 .text._1_Communication_Create_Message
                0x00014994      0x100 ./Communication/1_Trame_Communication.o
                0x00014994                _1_Communication_Create_Message
 .text._1_Communication_Create_Trame
                0x00014a94      0x118 ./Communication/1_Trame_Communication.o
                0x00014a94                _1_Communication_Create_Trame
 .text._1_Communication_WAIT_ACK
                0x00014bac       0x7c ./Communication/1_Trame_Communication.o
                0x00014bac                _1_Communication_WAIT_ACK
 .text._1_Communication_CLEAR_ACK
                0x00014c28       0x2c ./Communication/1_Trame_Communication.o
                0x00014c28                _1_Communication_CLEAR_ACK
 .text._1_Communication_Create_Trame_From_Buffer
                0x00014c54      0x294 ./Communication/1_Trame_Communication.o
                0x00014c54                _1_Communication_Create_Trame_From_Buffer
 .text._1_Communication_Check_Rx_Adresse
                0x00014ee8       0x32 ./Communication/1_Trame_Communication.o
                0x00014ee8                _1_Communication_Check_Rx_Adresse
 *fill*         0x00014f1a        0x2 ff
 .text._1_Communication_Recomposition_Rx
                0x00014f1c       0x84 ./Communication/1_Trame_Communication.o
                0x00014f1c                _1_Communication_Recomposition_Rx
 .text._2_Comm_Strategie_Init
                0x00014fa0       0x18 ./Communication/2_Echange_Data_Strategie.o
                0x00014fa0                _2_Comm_Strategie_Init
 .text._2_Comm_Strategie_Send_Action_Creation
                0x00014fb8      0x130 ./Communication/2_Echange_Data_Strategie.o
                0x00014fb8                _2_Comm_Strategie_Send_Action_Creation
 .text._2_Comm_Strategie_Send_Action_State_Update
                0x000150e8      0x124 ./Communication/2_Echange_Data_Strategie.o
                0x000150e8                _2_Comm_Strategie_Send_Action_State_Update
 .text._2_Communication_Init
                0x0001520c       0x18 ./Communication/2_Echange_Datas.o
                0x0001520c                _2_Communication_Init
 .text._2_Comm_Send_Destination_Robot
                0x00015224       0xf8 ./Communication/2_Echange_Datas.o
                0x00015224                _2_Comm_Send_Destination_Robot
 .text._2_Comm_Send_Demande_Info
                0x0001531c       0x50 ./Communication/2_Echange_Datas.o
                0x0001531c                _2_Comm_Send_Demande_Info
 .text._2_Comm_Send_PING
                0x0001536c       0x78 ./Communication/2_Echange_Datas.o
                0x0001536c                _2_Comm_Send_PING
 .text._2_Comm_Send_PONG
                0x000153e4       0xa8 ./Communication/2_Echange_Datas.o
                0x000153e4                _2_Comm_Send_PONG
 .text._2_Comm_Send_Communication_Status
                0x0001548c       0x54 ./Communication/2_Echange_Datas.o
                0x0001548c                _2_Comm_Send_Communication_Status
 .text._2_Comm_Send_Log_Message
                0x000154e0      0x164 ./Communication/2_Echange_Datas.o
                0x000154e0                _2_Comm_Send_Log_Message
 .text._2_Communication_Boards_Status
                0x00015644      0x118 ./Communication/2_Echange_Datas.o
                0x00015644                _2_Communication_Boards_Status
 .text._2_Comm_Check_Presence_Cartes
                0x0001575c       0x74 ./Communication/2_Echange_Datas.o
                0x0001575c                _2_Comm_Check_Presence_Cartes
 .text._2_Comm_Robot_ID
                0x000157d0       0x64 ./Communication/2_Echange_Datas.o
                0x000157d0                _2_Comm_Robot_ID
 .text._2_Comm_Demande_Simulation
                0x00015834       0x74 ./Communication/2_Echange_Datas.o
                0x00015834                _2_Comm_Demande_Simulation
 .text._2_Comm_Demande_Motor_Power
                0x000158a8       0x78 ./Communication/2_Echange_Datas.o
                0x000158a8                _2_Comm_Demande_Motor_Power
 .text._2_Comm_Set_Robot_Position
                0x00015920       0xdc ./Communication/2_Echange_Datas.o
                0x00015920                _2_Comm_Set_Robot_Position
 .text._2_Comm_Send_Robot_Speed
                0x000159fc       0xf8 ./Communication/2_Echange_Datas.o
                0x000159fc                _2_Comm_Send_Robot_Speed
 .text._2_Comm_Send_Info_Carte_IA
                0x00015af4      0x12c ./Communication/2_Echange_Datas.o
                0x00015af4                _2_Comm_Send_Info_Carte_IA
 .text._2_Comm_Send_Robot_PID
                0x00015c20       0x9c ./Communication/2_Echange_Datas.o
                0x00015c20                _2_Comm_Send_Robot_PID
 .text._2_Communication_RX_Init
                0x00015cbc        0xc ./Communication/2_Echange_Datas_Reception.o
                0x00015cbc                _2_Communication_RX_Init
 .text._2_Communication_Interprete_message
                0x00015cc8       0x74 ./Communication/2_Echange_Datas_Reception.o
                0x00015cc8                _2_Communication_Interprete_message
 .text._2_Communication_RX_ACK
                0x00015d3c       0x50 ./Communication/2_Echange_Datas_Reception.o
                0x00015d3c                _2_Communication_RX_ACK
 .text._2_Communication_RX_Reponse_Infos
                0x00015d8c       0x2a ./Communication/2_Echange_Datas_Reception.o
                0x00015d8c                _2_Communication_RX_Reponse_Infos
 *fill*         0x00015db6        0x2 ff
 .text._2_Comm_RX_PONG
                0x00015db8       0x38 ./Communication/2_Echange_Datas_Reception.o
                0x00015db8                _2_Comm_RX_PONG
 .text.setStartMode
                0x00015df0        0xe C:\Robot\Robotic-System.git\trunk\Workspaces\MultiWorkSpaces_2021\0_lpc_chip_175x_6x\Release\lib0_lpc_chip_175x_6x.a(adc_17xx_40xx.o)
                0x00015df0                setStartMode
 *fill*         0x00015dfe        0x2 ff
 .text.Chip_ADC_Init
                0x00015e00       0x48 C:\Robot\Robotic-System.git\trunk\Workspaces\MultiWorkSpaces_2021\0_lpc_chip_175x_6x\Release\lib0_lpc_chip_175x_6x.a(adc_17xx_40xx.o)
                0x00015e00                Chip_ADC_Init
 .text.Chip_ADC_ReadValue
                0x00015e48       0x16 C:\Robot\Robotic-System.git\trunk\Workspaces\MultiWorkSpaces_2021\0_lpc_chip_175x_6x\Release\lib0_lpc_chip_175x_6x.a(adc_17xx_40xx.o)
                0x00015e48                Chip_ADC_ReadValue
 .text.Chip_ADC_ReadStatus
                0x00015e5e       0x2c C:\Robot\Robotic-System.git\trunk\Workspaces\MultiWorkSpaces_2021\0_lpc_chip_175x_6x\Release\lib0_lpc_chip_175x_6x.a(adc_17xx_40xx.o)
                0x00015e5e                Chip_ADC_ReadStatus
 .text.Chip_ADC_SetStartMode
                0x00015e8a       0x18 C:\Robot\Robotic-System.git\trunk\Workspaces\MultiWorkSpaces_2021\0_lpc_chip_175x_6x\Release\lib0_lpc_chip_175x_6x.a(adc_17xx_40xx.o)
                0x00015e8a                Chip_ADC_SetStartMode
 .text.Chip_ADC_EnableChannel
                0x00015ea2       0x20 C:\Robot\Robotic-System.git\trunk\Workspaces\MultiWorkSpaces_2021\0_lpc_chip_175x_6x\Release\lib0_lpc_chip_175x_6x.a(adc_17xx_40xx.o)
                0x00015ea2                Chip_ADC_EnableChannel
 .text.Chip_ADC_SetBurstCmd
                0x00015ec2       0x1a C:\Robot\Robotic-System.git\trunk\Workspaces\MultiWorkSpaces_2021\0_lpc_chip_175x_6x\Release\lib0_lpc_chip_175x_6x.a(adc_17xx_40xx.o)
                0x00015ec2                Chip_ADC_SetBurstCmd
 .text.SystemCoreClockUpdate
                0x00015edc       0x10 C:\Robot\Robotic-System.git\trunk\Workspaces\MultiWorkSpaces_2021\0_lpc_chip_175x_6x\Release\lib0_lpc_chip_175x_6x.a(chip_17xx_40xx.o)
                0x00015edc                SystemCoreClockUpdate
 .text.Chip_Clock_EnablePLL
                0x00015eec       0x24 C:\Robot\Robotic-System.git\trunk\Workspaces\MultiWorkSpaces_2021\0_lpc_chip_175x_6x\Release\lib0_lpc_chip_175x_6x.a(clock_17xx_40xx.o)
                0x00015eec                Chip_Clock_EnablePLL
 .text.Chip_Clock_DisablePLL
                0x00015f10       0x26 C:\Robot\Robotic-System.git\trunk\Workspaces\MultiWorkSpaces_2021\0_lpc_chip_175x_6x\Release\lib0_lpc_chip_175x_6x.a(clock_17xx_40xx.o)
                0x00015f10                Chip_Clock_DisablePLL
 .text.Chip_Clock_SetupPLL
                0x00015f36       0x30 C:\Robot\Robotic-System.git\trunk\Workspaces\MultiWorkSpaces_2021\0_lpc_chip_175x_6x\Release\lib0_lpc_chip_175x_6x.a(clock_17xx_40xx.o)
                0x00015f36                Chip_Clock_SetupPLL
 *fill*         0x00015f66        0x2 ff
 .text.Chip_Clock_EnablePeriphClock
                0x00015f68       0x18 C:\Robot\Robotic-System.git\trunk\Workspaces\MultiWorkSpaces_2021\0_lpc_chip_175x_6x\Release\lib0_lpc_chip_175x_6x.a(clock_17xx_40xx.o)
                0x00015f68                Chip_Clock_EnablePeriphClock
 .text.Chip_Clock_GetCPUClockSource
                0x00015f80       0x10 C:\Robot\Robotic-System.git\trunk\Workspaces\MultiWorkSpaces_2021\0_lpc_chip_175x_6x\Release\lib0_lpc_chip_175x_6x.a(clock_17xx_40xx.o)
                0x00015f80                Chip_Clock_GetCPUClockSource
 .text.Chip_Clock_SetCPUClockDiv
                0x00015f90        0xc C:\Robot\Robotic-System.git\trunk\Workspaces\MultiWorkSpaces_2021\0_lpc_chip_175x_6x\Release\lib0_lpc_chip_175x_6x.a(clock_17xx_40xx.o)
                0x00015f90                Chip_Clock_SetCPUClockDiv
 .text.Chip_Clock_GetCPUClockDiv
                0x00015f9c       0x10 C:\Robot\Robotic-System.git\trunk\Workspaces\MultiWorkSpaces_2021\0_lpc_chip_175x_6x\Release\lib0_lpc_chip_175x_6x.a(clock_17xx_40xx.o)
                0x00015f9c                Chip_Clock_GetCPUClockDiv
 .text.Chip_Clock_GetPCLKDiv
                0x00015fac       0x38 C:\Robot\Robotic-System.git\trunk\Workspaces\MultiWorkSpaces_2021\0_lpc_chip_175x_6x\Release\lib0_lpc_chip_175x_6x.a(clock_17xx_40xx.o)
                0x00015fac                Chip_Clock_GetPCLKDiv
 .text.Chip_Clock_GetSYSCLKRate
                0x00015fe4       0x38 C:\Robot\Robotic-System.git\trunk\Workspaces\MultiWorkSpaces_2021\0_lpc_chip_175x_6x\Release\lib0_lpc_chip_175x_6x.a(clock_17xx_40xx.o)
                0x00015fe4                Chip_Clock_GetSYSCLKRate
 .text.Chip_Clock_GetMainPLLOutClockRate
                0x0001601c       0x34 C:\Robot\Robotic-System.git\trunk\Workspaces\MultiWorkSpaces_2021\0_lpc_chip_175x_6x\Release\lib0_lpc_chip_175x_6x.a(clock_17xx_40xx.o)
                0x0001601c                Chip_Clock_GetMainPLLOutClockRate
 .text.Chip_Clock_GetMainClockRate
                0x00016050       0x20 C:\Robot\Robotic-System.git\trunk\Workspaces\MultiWorkSpaces_2021\0_lpc_chip_175x_6x\Release\lib0_lpc_chip_175x_6x.a(clock_17xx_40xx.o)
                0x00016050                Chip_Clock_GetMainClockRate
 .text.Chip_Clock_GetSystemClockRate
                0x00016070       0x12 C:\Robot\Robotic-System.git\trunk\Workspaces\MultiWorkSpaces_2021\0_lpc_chip_175x_6x\Release\lib0_lpc_chip_175x_6x.a(clock_17xx_40xx.o)
                0x00016070                Chip_Clock_GetSystemClockRate
 .text.Chip_Clock_GetPeripheralClockRate
                0x00016082       0x16 C:\Robot\Robotic-System.git\trunk\Workspaces\MultiWorkSpaces_2021\0_lpc_chip_175x_6x\Release\lib0_lpc_chip_175x_6x.a(clock_17xx_40xx.o)
                0x00016082                Chip_Clock_GetPeripheralClockRate
 .text.RingBuffer_Init
                0x00016098       0x10 C:\Robot\Robotic-System.git\trunk\Workspaces\MultiWorkSpaces_2021\0_lpc_chip_175x_6x\Release\lib0_lpc_chip_175x_6x.a(ring_buffer.o)
                0x00016098                RingBuffer_Init
 .text.RingBuffer_Insert
                0x000160a8       0x30 C:\Robot\Robotic-System.git\trunk\Workspaces\MultiWorkSpaces_2021\0_lpc_chip_175x_6x\Release\lib0_lpc_chip_175x_6x.a(ring_buffer.o)
                0x000160a8                RingBuffer_Insert
 .text.RingBuffer_InsertMult
                0x000160d8       0x88 C:\Robot\Robotic-System.git\trunk\Workspaces\MultiWorkSpaces_2021\0_lpc_chip_175x_6x\Release\lib0_lpc_chip_175x_6x.a(ring_buffer.o)
                0x000160d8                RingBuffer_InsertMult
 .text.RingBuffer_Pop
                0x00016160       0x30 C:\Robot\Robotic-System.git\trunk\Workspaces\MultiWorkSpaces_2021\0_lpc_chip_175x_6x\Release\lib0_lpc_chip_175x_6x.a(ring_buffer.o)
                0x00016160                RingBuffer_Pop
 .text.RingBuffer_PopMult
                0x00016190       0x7c C:\Robot\Robotic-System.git\trunk\Workspaces\MultiWorkSpaces_2021\0_lpc_chip_175x_6x\Release\lib0_lpc_chip_175x_6x.a(ring_buffer.o)
                0x00016190                RingBuffer_PopMult
 .text.RingBuffer_Count
                0x0001620c        0x8 C:\Robot\Robotic-System.git\trunk\Workspaces\MultiWorkSpaces_2021\0_lpc_chip_175x_6x\Release\lib0_lpc_chip_175x_6x.a(ring_buffer.o)
                0x0001620c                RingBuffer_Count
 .text.Chip_SetupIrcClocking
                0x00016214       0x64 C:\Robot\Robotic-System.git\trunk\Workspaces\MultiWorkSpaces_2021\0_lpc_chip_175x_6x\Release\lib0_lpc_chip_175x_6x.a(sysinit_17xx_40xx.o)
                0x00016214                Chip_SetupIrcClocking
 .text.Chip_SetupXtalClocking
                0x00016278       0xdc C:\Robot\Robotic-System.git\trunk\Workspaces\MultiWorkSpaces_2021\0_lpc_chip_175x_6x\Release\lib0_lpc_chip_175x_6x.a(sysinit_17xx_40xx.o)
                0x00016278                Chip_SetupXtalClocking
 .text.Chip_SystemInit
                0x00016354        0x4 C:\Robot\Robotic-System.git\trunk\Workspaces\MultiWorkSpaces_2021\0_lpc_chip_175x_6x\Release\lib0_lpc_chip_175x_6x.a(sysinit_17xx_40xx.o)
                0x00016354                Chip_SystemInit
 .text.Chip_TIMER_Init
                0x00016358       0x2c C:\Robot\Robotic-System.git\trunk\Workspaces\MultiWorkSpaces_2021\0_lpc_chip_175x_6x\Release\lib0_lpc_chip_175x_6x.a(timer_17xx_40xx.o)
                0x00016358                Chip_TIMER_Init
 .text.Chip_UART_GetClockIndex
                0x00016384       0x28 C:\Robot\Robotic-System.git\trunk\Workspaces\MultiWorkSpaces_2021\0_lpc_chip_175x_6x\Release\lib0_lpc_chip_175x_6x.a(uart_17xx_40xx.o)
 .text.Chip_UART_Init
                0x000163ac       0x38 C:\Robot\Robotic-System.git\trunk\Workspaces\MultiWorkSpaces_2021\0_lpc_chip_175x_6x\Release\lib0_lpc_chip_175x_6x.a(uart_17xx_40xx.o)
                0x000163ac                Chip_UART_Init
 .text.Chip_UART_TXEnable
                0x000163e4        0x6 C:\Robot\Robotic-System.git\trunk\Workspaces\MultiWorkSpaces_2021\0_lpc_chip_175x_6x\Release\lib0_lpc_chip_175x_6x.a(uart_17xx_40xx.o)
                0x000163e4                Chip_UART_TXEnable
 .text.Chip_UART_SetBaud
                0x000163ea       0x34 C:\Robot\Robotic-System.git\trunk\Workspaces\MultiWorkSpaces_2021\0_lpc_chip_175x_6x\Release\lib0_lpc_chip_175x_6x.a(uart_17xx_40xx.o)
                0x000163ea                Chip_UART_SetBaud
 .text.Chip_UART_RXIntHandlerRB
                0x0001641e       0x22 C:\Robot\Robotic-System.git\trunk\Workspaces\MultiWorkSpaces_2021\0_lpc_chip_175x_6x\Release\lib0_lpc_chip_175x_6x.a(uart_17xx_40xx.o)
                0x0001641e                Chip_UART_RXIntHandlerRB
 .text.Chip_UART_TXIntHandlerRB
                0x00016440       0x24 C:\Robot\Robotic-System.git\trunk\Workspaces\MultiWorkSpaces_2021\0_lpc_chip_175x_6x\Release\lib0_lpc_chip_175x_6x.a(uart_17xx_40xx.o)
                0x00016440                Chip_UART_TXIntHandlerRB
 .text.Chip_UART_IRQRBHandler
                0x00016464       0x68 C:\Robot\Robotic-System.git\trunk\Workspaces\MultiWorkSpaces_2021\0_lpc_chip_175x_6x\Release\lib0_lpc_chip_175x_6x.a(uart_17xx_40xx.o)
                0x00016464                Chip_UART_IRQRBHandler
 .text.Set_Clock_in
                0x000164cc        0xc C:\Robot\Robotic-System.git\trunk\Workspaces\MultiWorkSpaces_2021\0_lpc_board_nxp_lpcxpresso_1769\Release\lib0_lpc_board_nxp_lpcxpresso_1769.a(board.o)
                0x000164cc                Set_Clock_in
 .text.Board_Init
                0x000164d8       0x12 C:\Robot\Robotic-System.git\trunk\Workspaces\MultiWorkSpaces_2021\0_lpc_board_nxp_lpcxpresso_1769\Release\lib0_lpc_board_nxp_lpcxpresso_1769.a(board.o)
                0x000164d8                Board_Init
 *fill*         0x000164ea        0x2 ff
 .text          0x000164ec      0x378 c:/nxp/mcuxpressoide_11.2.1_4149/ide/plugins/com.nxp.mcuxpresso.tools.win32_11.2.0.202008311134/tools/bin/../lib/gcc/arm-none-eabi/9.2.1/thumb/v7-m/nofp\libgcc.a(_arm_addsubdf3.o)
                0x000164ec                __aeabi_drsub
                0x000164f4                __aeabi_dsub
                0x000164f4                __subdf3
                0x000164f8                __aeabi_dadd
                0x000164f8                __adddf3
                0x00016770                __floatunsidf
                0x00016770                __aeabi_ui2d
                0x00016790                __floatsidf
                0x00016790                __aeabi_i2d
                0x000167b4                __aeabi_f2d
                0x000167b4                __extendsfdf2
                0x000167f8                __floatundidf
                0x000167f8                __aeabi_ul2d
                0x00016808                __floatdidf
                0x00016808                __aeabi_l2d
 .text          0x00016864      0x21c c:/nxp/mcuxpressoide_11.2.1_4149/ide/plugins/com.nxp.mcuxpresso.tools.win32_11.2.0.202008311134/tools/bin/../lib/gcc/arm-none-eabi/9.2.1/thumb/v7-m/nofp\libgcc.a(_arm_addsubsf3.o)
                0x00016864                __aeabi_frsub
                0x0001686c                __subsf3
                0x0001686c                __aeabi_fsub
                0x00016870                __aeabi_fadd
                0x00016870                __addsf3
                0x000169d0                __aeabi_ui2f
                0x000169d0                __floatunsisf
                0x000169d8                __aeabi_i2f
                0x000169d8                __floatsisf
                0x000169f4                __aeabi_ul2f
                0x000169f4                __floatundisf
                0x00016a04                __aeabi_l2f
                0x00016a04                __floatdisf
 .text          0x00016a80      0x2a0 c:/nxp/mcuxpressoide_11.2.1_4149/ide/plugins/com.nxp.mcuxpresso.tools.win32_11.2.0.202008311134/tools/bin/../lib/gcc/arm-none-eabi/9.2.1/thumb/v7-m/nofp\libgcc.a(_arm_muldivsf3.o)
                0x00016a80                __mulsf3
                0x00016a80                __aeabi_fmul
                0x00016be8                __aeabi_fdiv
                0x00016be8                __divsf3
 .text          0x00016d20       0xec c:/nxp/mcuxpressoide_11.2.1_4149/ide/plugins/com.nxp.mcuxpresso.tools.win32_11.2.0.202008311134/tools/bin/../lib/gcc/arm-none-eabi/9.2.1/thumb/v7-m/nofp\libgcc.a(_arm_cmpsf2.o)
                0x00016d20                __gesf2
                0x00016d20                __gtsf2
                0x00016d28                __lesf2
                0x00016d28                __ltsf2
                0x00016d30                __nesf2
                0x00016d30                __eqsf2
                0x00016d30                __cmpsf2
                0x00016d90                __aeabi_cfrcmple
                0x00016d98                __aeabi_cfcmpeq
                0x00016d98                __aeabi_cfcmple
                0x00016da8                __aeabi_fcmpeq
                0x00016dbc                __aeabi_fcmplt
                0x00016dd0                __aeabi_fcmple
                0x00016de4                __aeabi_fcmpge
                0x00016df8                __aeabi_fcmpgt
 .text          0x00016e0c       0x4c c:/nxp/mcuxpressoide_11.2.1_4149/ide/plugins/com.nxp.mcuxpresso.tools.win32_11.2.0.202008311134/tools/bin/../lib/gcc/arm-none-eabi/9.2.1/thumb/v7-m/nofp\libgcc.a(_arm_fixsfsi.o)
                0x00016e0c                __aeabi_f2iz
                0x00016e0c                __fixsfsi
 .text          0x00016e58       0x40 c:/nxp/mcuxpressoide_11.2.1_4149/ide/plugins/com.nxp.mcuxpresso.tools.win32_11.2.0.202008311134/tools/bin/../lib/gcc/arm-none-eabi/9.2.1/thumb/v7-m/nofp\libgcc.a(_arm_fixunssfsi.o)
                0x00016e58                __fixunssfsi
                0x00016e58                __aeabi_f2uiz
 .text.memcpy   0x00016e98       0x1c c:/nxp/mcuxpressoide_11.2.1_4149/ide/plugins/com.nxp.mcuxpresso.tools.win32_11.2.0.202008311134/tools/bin/../lib/gcc/arm-none-eabi/9.2.1/../../../../arm-none-eabi/lib/thumb/v7-m/nofp\libc_nano.a(lib_a-memcpy-stub.o)
                0x00016e98                memcpy
 .text.memset   0x00016eb4       0x10 c:/nxp/mcuxpressoide_11.2.1_4149/ide/plugins/com.nxp.mcuxpresso.tools.win32_11.2.0.202008311134/tools/bin/../lib/gcc/arm-none-eabi/9.2.1/../../../../arm-none-eabi/lib/thumb/v7-m/nofp\libc_nano.a(lib_a-memset.o)
                0x00016eb4                memset
 .text.sprintf  0x00016ec4       0x40 c:/nxp/mcuxpressoide_11.2.1_4149/ide/plugins/com.nxp.mcuxpresso.tools.win32_11.2.0.202008311134/tools/bin/../lib/gcc/arm-none-eabi/9.2.1/../../../../arm-none-eabi/lib/thumb/v7-m/nofp\libc_nano.a(lib_a-sprintf.o)
                0x00016ec4                siprintf
                0x00016ec4                sprintf
 .text          0x00016f04       0x10 c:/nxp/mcuxpressoide_11.2.1_4149/ide/plugins/com.nxp.mcuxpresso.tools.win32_11.2.0.202008311134/tools/bin/../lib/gcc/arm-none-eabi/9.2.1/../../../../arm-none-eabi/lib/thumb/v7-m/nofp\libc_nano.a(lib_a-strlen.o)
                0x00016f04                strlen
 .text.__ssputs_r
                0x00016f14       0xb6 c:/nxp/mcuxpressoide_11.2.1_4149/ide/plugins/com.nxp.mcuxpresso.tools.win32_11.2.0.202008311134/tools/bin/../lib/gcc/arm-none-eabi/9.2.1/../../../../arm-none-eabi/lib/thumb/v7-m/nofp\libc_nano.a(lib_a-nano-svfprintf.o)
                0x00016f14                __ssputs_r
 *fill*         0x00016fca        0x2 ff
 .text._svfprintf_r
                0x00016fcc      0x200 c:/nxp/mcuxpressoide_11.2.1_4149/ide/plugins/com.nxp.mcuxpresso.tools.win32_11.2.0.202008311134/tools/bin/../lib/gcc/arm-none-eabi/9.2.1/../../../../arm-none-eabi/lib/thumb/v7-m/nofp\libc_nano.a(lib_a-nano-svfprintf.o)
                0x00016fcc                _svfiprintf_r
                0x00016fcc                _svfprintf_r
 .text._printf_common
                0x000171cc       0xde c:/nxp/mcuxpressoide_11.2.1_4149/ide/plugins/com.nxp.mcuxpresso.tools.win32_11.2.0.202008311134/tools/bin/../lib/gcc/arm-none-eabi/9.2.1/../../../../arm-none-eabi/lib/thumb/v7-m/nofp\libc_nano.a(lib_a-nano-vfprintf_i.o)
                0x000171cc                _printf_common
 *fill*         0x000172aa        0x2 ff
 .text._printf_i
                0x000172ac      0x24c c:/nxp/mcuxpressoide_11.2.1_4149/ide/plugins/com.nxp.mcuxpresso.tools.win32_11.2.0.202008311134/tools/bin/../lib/gcc/arm-none-eabi/9.2.1/../../../../arm-none-eabi/lib/thumb/v7-m/nofp\libc_nano.a(lib_a-nano-vfprintf_i.o)
                0x000172ac                _printf_i
 .text.memchr   0x000174f8       0x1c c:/nxp/mcuxpressoide_11.2.1_4149/ide/plugins/com.nxp.mcuxpresso.tools.win32_11.2.0.202008311134/tools/bin/../lib/gcc/arm-none-eabi/9.2.1/../../../../arm-none-eabi/lib/thumb/v7-m/nofp\libc_nano.a(lib_a-memchr-stub.o)
                0x000174f8                memchr
 .text.memmove  0x00017514       0x34 c:/nxp/mcuxpressoide_11.2.1_4149/ide/plugins/com.nxp.mcuxpresso.tools.win32_11.2.0.202008311134/tools/bin/../lib/gcc/arm-none-eabi/9.2.1/../../../../arm-none-eabi/lib/thumb/v7-m/nofp\libc_nano.a(lib_a-memmove.o)
                0x00017514                memmove
 .text._free_r  0x00017548       0x98 c:/nxp/mcuxpressoide_11.2.1_4149/ide/plugins/com.nxp.mcuxpresso.tools.win32_11.2.0.202008311134/tools/bin/../lib/gcc/arm-none-eabi/9.2.1/../../../../arm-none-eabi/lib/thumb/v7-m/nofp\libc_nano.a(lib_a-nano-freer.o)
                0x00017548                _free_r
 .text._malloc_r
                0x000175e0       0xb4 c:/nxp/mcuxpressoide_11.2.1_4149/ide/plugins/com.nxp.mcuxpresso.tools.win32_11.2.0.202008311134/tools/bin/../lib/gcc/arm-none-eabi/9.2.1/../../../../arm-none-eabi/lib/thumb/v7-m/nofp\libc_nano.a(lib_a-nano-mallocr.o)
                0x000175e0                _malloc_r
 .text._realloc_r
                0x00017694       0x4c c:/nxp/mcuxpressoide_11.2.1_4149/ide/plugins/com.nxp.mcuxpresso.tools.win32_11.2.0.202008311134/tools/bin/../lib/gcc/arm-none-eabi/9.2.1/../../../../arm-none-eabi/lib/thumb/v7-m/nofp\libc_nano.a(lib_a-nano-reallocr.o)
                0x00017694                _realloc_r
 .text._sbrk_r  0x000176e0       0x20 c:/nxp/mcuxpressoide_11.2.1_4149/ide/plugins/com.nxp.mcuxpresso.tools.win32_11.2.0.202008311134/tools/bin/../lib/gcc/arm-none-eabi/9.2.1/../../../../arm-none-eabi/lib/thumb/v7-m/nofp\libc_nano.a(lib_a-sbrkr.o)
                0x000176e0                _sbrk_r
 .text.__malloc_lock
                0x00017700        0xc c:/nxp/mcuxpressoide_11.2.1_4149/ide/plugins/com.nxp.mcuxpresso.tools.win32_11.2.0.202008311134/tools/bin/../lib/gcc/arm-none-eabi/9.2.1/../../../../arm-none-eabi/lib/thumb/v7-m/nofp\libc_nano.a(lib_a-mlock.o)
                0x00017700                __malloc_lock
 .text.__malloc_unlock
                0x0001770c        0xc c:/nxp/mcuxpressoide_11.2.1_4149/ide/plugins/com.nxp.mcuxpresso.tools.win32_11.2.0.202008311134/tools/bin/../lib/gcc/arm-none-eabi/9.2.1/../../../../arm-none-eabi/lib/thumb/v7-m/nofp\libc_nano.a(lib_a-mlock.o)
                0x0001770c                __malloc_unlock
 .text._malloc_usable_size_r
                0x00017718       0x10 c:/nxp/mcuxpressoide_11.2.1_4149/ide/plugins/com.nxp.mcuxpresso.tools.win32_11.2.0.202008311134/tools/bin/../lib/gcc/arm-none-eabi/9.2.1/../../../../arm-none-eabi/lib/thumb/v7-m/nofp\libc_nano.a(lib_a-nano-msizer.o)
                0x00017718                _malloc_usable_size_r
 .text.__retarget_lock_acquire_recursive
                0x00017728        0x2 c:/nxp/mcuxpressoide_11.2.1_4149/ide/plugins/com.nxp.mcuxpresso.tools.win32_11.2.0.202008311134/tools/bin/../lib/gcc/arm-none-eabi/9.2.1/../../../../arm-none-eabi/lib/thumb/v7-m/nofp\libc_nano.a(lib_a-lock.o)
                0x00017728                __retarget_lock_acquire_recursive
 .text.__retarget_lock_release_recursive
                0x0001772a        0x2 c:/nxp/mcuxpressoide_11.2.1_4149/ide/plugins/com.nxp.mcuxpresso.tools.win32_11.2.0.202008311134/tools/bin/../lib/gcc/arm-none-eabi/9.2.1/../../../../arm-none-eabi/lib/thumb/v7-m/nofp\libc_nano.a(lib_a-lock.o)
                0x0001772a                __retarget_lock_release_recursive
 .text.sqrtf    0x0001772c       0xa4 c:/nxp/mcuxpressoide_11.2.1_4149/ide/plugins/com.nxp.mcuxpresso.tools.win32_11.2.0.202008311134/tools/bin/../lib/gcc/arm-none-eabi/9.2.1/../../../../arm-none-eabi/lib/thumb/v7-m/nofp\libm.a(lib_a-wf_sqrt.o)
                0x0001772c                sqrtf
 .text.__ieee754_sqrtf
                0x000177d0       0xa8 c:/nxp/mcuxpressoide_11.2.1_4149/ide/plugins/com.nxp.mcuxpresso.tools.win32_11.2.0.202008311134/tools/bin/../lib/gcc/arm-none-eabi/9.2.1/../../../../arm-none-eabi/lib/thumb/v7-m/nofp\libm.a(lib_a-ef_sqrt.o)
                0x000177d0                __ieee754_sqrtf
 .text.matherr  0x00017878        0x4 c:/nxp/mcuxpressoide_11.2.1_4149/ide/plugins/com.nxp.mcuxpresso.tools.win32_11.2.0.202008311134/tools/bin/../lib/gcc/arm-none-eabi/9.2.1/../../../../arm-none-eabi/lib/thumb/v7-m/nofp\libm.a(lib_a-s_matherr.o)
                0x00017878                matherr
 .text._sbrk    0x0001787c       0x3c c:/nxp/mcuxpressoide_11.2.1_4149/ide/plugins/com.nxp.mcuxpresso.tools.win32_11.2.0.202008311134/tools/bin/../lib/gcc/arm-none-eabi/9.2.1/../../../../arm-none-eabi/lib/thumb/v7-m/nofp\libcr_newlib_none.a(_cr_sbrk.o)
                0x0001787c                _sbrk
 .text.__check_heap_overflow
                0x000178b8       0x14 c:/nxp/mcuxpressoide_11.2.1_4149/ide/plugins/com.nxp.mcuxpresso.tools.win32_11.2.0.202008311134/tools/bin/../lib/gcc/arm-none-eabi/9.2.1/../../../../arm-none-eabi/lib/thumb/v7-m/nofp\libcr_newlib_none.a(_cr_check_heap.o)
                0x000178b8                __check_heap_overflow
 .text          0x000178cc      0x424 c:/nxp/mcuxpressoide_11.2.1_4149/ide/plugins/com.nxp.mcuxpresso.tools.win32_11.2.0.202008311134/tools/bin/../lib/gcc/arm-none-eabi/9.2.1/thumb/v7-m/nofp\libgcc.a(_arm_muldivdf3.o)
                0x000178cc                __aeabi_dmul
                0x000178cc                __muldf3
                0x00017b20                __divdf3
                0x00017b20                __aeabi_ddiv
 .text          0x00017cf0       0xa0 c:/nxp/mcuxpressoide_11.2.1_4149/ide/plugins/com.nxp.mcuxpresso.tools.win32_11.2.0.202008311134/tools/bin/../lib/gcc/arm-none-eabi/9.2.1/thumb/v7-m/nofp\libgcc.a(_arm_truncdfsf2.o)
                0x00017cf0                __truncdfsf2
                0x00017cf0                __aeabi_d2f
 .text          0x00017d90       0x2c c:/nxp/mcuxpressoide_11.2.1_4149/ide/plugins/com.nxp.mcuxpresso.tools.win32_11.2.0.202008311134/tools/bin/../lib/gcc/arm-none-eabi/9.2.1/thumb/v7-m/nofp\libgcc.a(_arm_unordsf2.o)
                0x00017d90                __unordsf2
                0x00017d90                __aeabi_fcmpun
 .text.__errno  0x00017dbc        0xc c:/nxp/mcuxpressoide_11.2.1_4149/ide/plugins/com.nxp.mcuxpresso.tools.win32_11.2.0.202008311134/tools/bin/../lib/gcc/arm-none-eabi/9.2.1/../../../../arm-none-eabi/lib/thumb/v7-m/nofp\libc_nano.a(lib_a-errno.o)
                0x00017dbc                __errno
 *(.rodata .rodata.* .constdata .constdata.*)
 .rodata        0x00017dc8        0xf ./src/IA_2021_V0.o
 *fill*         0x00017dd7        0x1 ff
 .rodata        0x00017dd8       0x1f ./src/Init.o
 *fill*         0x00017df7        0x1 ff
 .rodata        0x00017df8       0xba ./src/test.o
 *fill*         0x00017eb2        0x2 ff
 .rodata        0x00017eb4       0x29 ./freertos/src/FreeRTOSCommonHooks.o
 *fill*         0x00017edd        0x3 ff
 .rodata.vTaskStartScheduler.str1.4
                0x00017ee0        0x5 ./freertos/src/tasks.o
 *fill*         0x00017ee5        0x3 ff
 .rodata.xTimerCreateTimerTask.str1.4
                0x00017ee8        0x8 ./freertos/src/timers.o
 .rodata.prvCheckForValidListAndQueue.str1.4
                0x00017ef0        0x5 ./freertos/src/timers.o
 *fill*         0x00017ef5        0x3 ff
 .rodata        0x00017ef8       0x7b ./Strategie/Strategie.o
 *fill*         0x00017f73        0x1 ff
 .rodata        0x00017f74       0x25 ./Communication/0_Communication.o
 *fill*         0x00017f99        0x3 ff
 .rodata        0x00017f9c       0x30 ./Communication/1_Trame_Communication.o
 .rodata        0x00017fcc       0xbd ./Communication/2_Echange_Datas.o
 *fill*         0x00018089        0x3 ff
 .rodata.MainOscPLL0conf_12
                0x0001808c       0xf0 C:\Robot\Robotic-System.git\trunk\Workspaces\MultiWorkSpaces_2021\0_lpc_chip_175x_6x\Release\lib0_lpc_chip_175x_6x.a(sysinit_17xx_40xx.o)
 .rodata.MainOscPLL0conf_16
                0x0001817c       0xb0 C:\Robot\Robotic-System.git\trunk\Workspaces\MultiWorkSpaces_2021\0_lpc_chip_175x_6x\Release\lib0_lpc_chip_175x_6x.a(sysinit_17xx_40xx.o)
 .rodata.RTCOscRateIn
                0x0001822c        0x4 C:\Robot\Robotic-System.git\trunk\Workspaces\MultiWorkSpaces_2021\0_lpc_board_nxp_lpcxpresso_1769\Release\lib0_lpc_board_nxp_lpcxpresso_1769.a(board.o)
                0x0001822c                RTCOscRateIn
 .rodata._svfprintf_r.str1.1
                0x00018230       0x11 c:/nxp/mcuxpressoide_11.2.1_4149/ide/plugins/com.nxp.mcuxpresso.tools.win32_11.2.0.202008311134/tools/bin/../lib/gcc/arm-none-eabi/9.2.1/../../../../arm-none-eabi/lib/thumb/v7-m/nofp\libc_nano.a(lib_a-nano-svfprintf.o)
 .rodata._printf_i.str1.1
                0x00018241       0x22 c:/nxp/mcuxpressoide_11.2.1_4149/ide/plugins/com.nxp.mcuxpresso.tools.win32_11.2.0.202008311134/tools/bin/../lib/gcc/arm-none-eabi/9.2.1/../../../../arm-none-eabi/lib/thumb/v7-m/nofp\libc_nano.a(lib_a-nano-vfprintf_i.o)
 *fill*         0x00018263        0x1 ff
 .rodata.sqrtf.str1.4
                0x00018264        0x6 c:/nxp/mcuxpressoide_11.2.1_4149/ide/plugins/com.nxp.mcuxpresso.tools.win32_11.2.0.202008311134/tools/bin/../lib/gcc/arm-none-eabi/9.2.1/../../../../arm-none-eabi/lib/thumb/v7-m/nofp\libm.a(lib_a-wf_sqrt.o)
                0x0001826c                . = ALIGN (0x4)
 *fill*         0x0001826a        0x2 ff

.glue_7         0x0001826c        0x0
 .glue_7        0x0001826c        0x0 linker stubs

.glue_7t        0x0001826c        0x0
 .glue_7t       0x0001826c        0x0 linker stubs

.vfp11_veneer   0x0001826c        0x0
 .vfp11_veneer  0x0001826c        0x0 linker stubs

.v4_bx          0x0001826c        0x0
 .v4_bx         0x0001826c        0x0 linker stubs

.iplt           0x0001826c        0x0
 .iplt          0x0001826c        0x0 ./src/IA_2021_V0.o

.rel.dyn        0x0001826c        0x0
 .rel.iplt      0x0001826c        0x0 ./src/IA_2021_V0.o

.ARM.extab
 *(.ARM.extab* .gnu.linkonce.armextab.*)

.ARM.exidx      0x0001826c        0x0
                0x0001826c                __exidx_start = .
 *(.ARM.exidx* .gnu.linkonce.armexidx.*)
                0x0001826c                __exidx_end = .
                0x0001826c                _etext = .

.data_RAM2      0x2007c000        0x0 load address 0x0001826c
 FILL mask 0xff
                [!provide]                PROVIDE (__start_data_RAM2 = .)
                [!provide]                PROVIDE (__start_data_Ram_USB = .)
 *(.ramfunc.$RAM2)
 *(.ramfunc.$Ram_USB)
 *(.data.$RAM2)
 *(.data.$Ram_USB)
 *(.data.$RAM2.*)
 *(.data.$Ram_USB.*)
                0x2007c000                . = ALIGN (0x4)
                [!provide]                PROVIDE (__end_data_RAM2 = .)
                [!provide]                PROVIDE (__end_data_Ram_USB = .)

.data_RAM3      0x2007c800        0x0 load address 0x0001826c
 FILL mask 0xff
                [!provide]                PROVIDE (__start_data_RAM3 = .)
                [!provide]                PROVIDE (__start_data_RAM3 = .)
 *(.ramfunc.$RAM3)
 *(.ramfunc.$RAM3)
 *(.data.$RAM3)
 *(.data.$RAM3)
 *(.data.$RAM3.*)
 *(.data.$RAM3.*)
                0x2007c800                . = ALIGN (0x4)
                [!provide]                PROVIDE (__end_data_RAM3 = .)
                [!provide]                PROVIDE (__end_data_RAM3 = .)

.uninit_RESERVED
                0x10000000        0x0
                0x10000000                _start_uninit_RESERVED = .
 *(.bss.$RESERVED*)
                0x10000000                . = ALIGN (0x4)
                0x10000000                _end_uninit_RESERVED = .

.data           0x10000000       0x80 load address 0x0001826c
 FILL mask 0xff
                0x10000000                _data = .
                [!provide]                PROVIDE (__start_data_RAM = .)
                [!provide]                PROVIDE (__start_data_RamLoc32 = .)
 *(vtable)
 *(.ramfunc*)
 *(CodeQuickAccess)
 *(DataQuickAccess)
 *(RamFunction)
 *(.data*)
 .data.xHeapRegions
                0x10000000       0x10 ./src/IA_2021_V0.o
 .data.uxCriticalNesting
                0x10000010        0x4 ./freertos/src/port.o
 .data.OscRateIn
                0x10000014        0x4 C:\Robot\Robotic-System.git\trunk\Workspaces\MultiWorkSpaces_2021\0_lpc_board_nxp_lpcxpresso_1769\Release\lib0_lpc_board_nxp_lpcxpresso_1769.a(board.o)
                0x10000014                OscRateIn
 .data._impure_ptr
                0x10000018        0x4 c:/nxp/mcuxpressoide_11.2.1_4149/ide/plugins/com.nxp.mcuxpresso.tools.win32_11.2.0.202008311134/tools/bin/../lib/gcc/arm-none-eabi/9.2.1/../../../../arm-none-eabi/lib/thumb/v7-m/nofp\libc_nano.a(lib_a-impure.o)
                0x10000018                _impure_ptr
 .data.impure_data
                0x1000001c       0x60 c:/nxp/mcuxpressoide_11.2.1_4149/ide/plugins/com.nxp.mcuxpresso.tools.win32_11.2.0.202008311134/tools/bin/../lib/gcc/arm-none-eabi/9.2.1/../../../../arm-none-eabi/lib/thumb/v7-m/nofp\libc_nano.a(lib_a-impure.o)
 .data.__fdlib_version
                0x1000007c        0x1 c:/nxp/mcuxpressoide_11.2.1_4149/ide/plugins/com.nxp.mcuxpresso.tools.win32_11.2.0.202008311134/tools/bin/../lib/gcc/arm-none-eabi/9.2.1/../../../../arm-none-eabi/lib/thumb/v7-m/nofp\libm.a(lib_a-s_lib_ver.o)
                0x1000007c                __fdlib_version
                0x10000080                . = ALIGN (0x4)
 *fill*         0x1000007d        0x3 ff
                0x10000080                _edata = .
                [!provide]                PROVIDE (__end_data_RAM = .)
                [!provide]                PROVIDE (__end_data_RamLoc32 = .)

.igot.plt       0x10000080        0x0 load address 0x000182ec
 .igot.plt      0x10000080        0x0 ./src/IA_2021_V0.o

.bss_RAM2       0x2007c000        0x0
                [!provide]                PROVIDE (__start_bss_RAM2 = .)
                [!provide]                PROVIDE (__start_bss_Ram_USB = .)
 *(.bss.$RAM2)
 *(.bss.$Ram_USB)
 *(.bss.$RAM2.*)
 *(.bss.$Ram_USB.*)
                0x2007c000                . = ALIGN ((. != 0x0)?0x4:0x1)
                [!provide]                PROVIDE (__end_bss_RAM2 = .)
                [!provide]                PROVIDE (__end_bss_Ram_USB = .)

.bss_RAM3       0x2007c800     0x3868
                [!provide]                PROVIDE (__start_bss_RAM3 = .)
                [!provide]                PROVIDE (__start_bss_RAM3 = .)
 *(.bss.$RAM3)
 .bss.$RAM3     0x2007c800      0x19e ./freertos/src/FreeRTOSCommonHooks.o
 *fill*         0x2007c99e        0x2 
 .bss.$RAM3     0x2007c9a0       0x5a ./Strategie/Strategie_Level0/Deplacement/0_Deplacements.o
 *fill*         0x2007c9fa        0x2 
 .bss.$RAM3     0x2007c9fc       0xc8 ./Strategie/Strategie_Level0/0_Infos.o
 .bss.$RAM3     0x2007cac4      0x480 ./Communication/0_Communication.o
 .bss.$RAM3     0x2007cf44       0x93 ./Communication/1_Trame_Communication.o
 *fill*         0x2007cfd7        0x1 
 .bss.$RAM3     0x2007cfd8       0x46 ./Communication/2_Echange_Data_Strategie.o
 *fill*         0x2007d01e        0x2 
 .bss.$RAM3     0x2007d020       0x46 ./Communication/2_Echange_Datas.o
 *(.bss.$RAM3)
 *(.bss.$RAM3.*)
 *fill*         0x2007d066        0x2 
 .bss.$RAM3.    0x2007d068     0x3000 ./src/IA_2021_V0.o
 *(.bss.$RAM3.*)
                0x20080068                . = ALIGN ((. != 0x0)?0x4:0x1)
                [!provide]                PROVIDE (__end_bss_RAM3 = .)
                [!provide]                PROVIDE (__end_bss_RAM3 = .)

.bss            0x10000080      0x6cc
                0x10000080                _bss = .
                [!provide]                PROVIDE (__start_bss_RAM = .)
                [!provide]                PROVIDE (__start_bss_RamLoc32 = .)
 *(.bss*)
 .bss.MyChannel_Debug_pins
                0x10000080        0x2 ./src/Init.o
                0x10000080                MyChannel_Debug_pins
 .bss.MyChannel_Debug_texte
                0x10000082        0x2 ./src/Init.o
                0x10000082                MyChannel_Debug_texte
 .bss.xStart    0x10000084        0x8 ./freertos/src/heap_5.o
 .bss.pxEnd     0x1000008c        0x4 ./freertos/src/heap_5.o
 .bss.xFreeBytesRemaining
                0x10000090        0x4 ./freertos/src/heap_5.o
 .bss.xMinimumEverFreeBytesRemaining
                0x10000094        0x4 ./freertos/src/heap_5.o
 .bss.xNumberOfSuccessfulAllocations
                0x10000098        0x4 ./freertos/src/heap_5.o
 .bss.xNumberOfSuccessfulFrees
                0x1000009c        0x4 ./freertos/src/heap_5.o
 .bss.xBlockAllocatedBit
                0x100000a0        0x4 ./freertos/src/heap_5.o
 .bss.xQueueRegistry
                0x100000a4       0x50 ./freertos/src/queue.o
                0x100000a4                xQueueRegistry
 .bss.pxCurrentTCB
                0x100000f4        0x4 ./freertos/src/tasks.o
                0x100000f4                pxCurrentTCB
 .bss.pxReadyTasksLists
                0x100000f8       0x64 ./freertos/src/tasks.o
 .bss.xDelayedTaskList1
                0x1000015c       0x14 ./freertos/src/tasks.o
 .bss.xDelayedTaskList2
                0x10000170       0x14 ./freertos/src/tasks.o
 .bss.pxDelayedTaskList
                0x10000184        0x4 ./freertos/src/tasks.o
 .bss.pxOverflowDelayedTaskList
                0x10000188        0x4 ./freertos/src/tasks.o
 .bss.xPendingReadyList
                0x1000018c       0x14 ./freertos/src/tasks.o
 .bss.xTasksWaitingTermination
                0x100001a0       0x14 ./freertos/src/tasks.o
 .bss.uxDeletedTasksWaitingCleanUp
                0x100001b4        0x4 ./freertos/src/tasks.o
 .bss.xSuspendedTaskList
                0x100001b8       0x14 ./freertos/src/tasks.o
 .bss.uxCurrentNumberOfTasks
                0x100001cc        0x4 ./freertos/src/tasks.o
 .bss.xTickCount
                0x100001d0        0x4 ./freertos/src/tasks.o
 .bss.uxTopReadyPriority
                0x100001d4        0x4 ./freertos/src/tasks.o
 .bss.xSchedulerRunning
                0x100001d8        0x4 ./freertos/src/tasks.o
 .bss.xPendedTicks
                0x100001dc        0x4 ./freertos/src/tasks.o
 .bss.xYieldPending
                0x100001e0        0x4 ./freertos/src/tasks.o
 .bss.xNumOfOverflows
                0x100001e4        0x4 ./freertos/src/tasks.o
 .bss.uxTaskNumber
                0x100001e8        0x4 ./freertos/src/tasks.o
 .bss.xNextTaskUnblockTime
                0x100001ec        0x4 ./freertos/src/tasks.o
 .bss.xIdleTaskHandle
                0x100001f0        0x4 ./freertos/src/tasks.o
 .bss.uxSchedulerSuspended
                0x100001f4        0x4 ./freertos/src/tasks.o
 .bss.xActiveTimerList1
                0x100001f8       0x14 ./freertos/src/timers.o
 .bss.xActiveTimerList2
                0x1000020c       0x14 ./freertos/src/timers.o
 .bss.pxCurrentTimerList
                0x10000220        0x4 ./freertos/src/timers.o
 .bss.pxOverflowTimerList
                0x10000224        0x4 ./freertos/src/timers.o
 .bss.xTimerQueue
                0x10000228        0x4 ./freertos/src/timers.o
 .bss.xTimerTaskHandle
                0x1000022c        0x4 ./freertos/src/timers.o
 .bss.xLastTime.9167
                0x10000230        0x4 ./freertos/src/timers.o
 .bss._0_Deplacement_EventGroup
                0x10000234        0x4 ./Strategie/Strategie_Level0/Deplacement/0_Deplacements.o
                0x10000234                _0_Deplacement_EventGroup
 .bss.Actions_2021
                0x10000238      0x244 ./Strategie/Strategie.o
                0x10000238                Actions_2021
 .bss.Strategie_Choisie
                0x1000047c        0x1 ./Strategie/Strategie.o
                0x1000047c                Strategie_Choisie
 *fill*         0x1000047d        0x3 
 .bss.Temps_Match
                0x10000480        0x4 ./Strategie/Strategie.o
                0x10000480                Temps_Match
 .bss.ADCSetup  0x10000484        0x8 ./Level_0/Drivers/0_ADC/0_ADC.o
 .bss.Burst_Mode_Flag
                0x1000048c        0x1 ./Level_0/Drivers/0_ADC/0_ADC.o
 .bss.Trace_Timer_RS485_Handle
                0x1000048d        0x1 ./Communication/0_Communication.o
                0x1000048d                Trace_Timer_RS485_Handle
 *fill*         0x1000048e        0x2 
 .bss.rxring_RS485
                0x10000490       0x14 ./Communication/0_Communication.o
                0x10000490                rxring_RS485
 .bss.rxring_XBEE
                0x100004a4       0x14 ./Communication/0_Communication.o
                0x100004a4                rxring_XBEE
 .bss.txring    0x100004b8       0x14 ./Communication/0_Communication.o
                0x100004b8                txring
 .bss._1_xQueue_Message_TO_Send
                0x100004cc        0x4 ./Communication/0_Communication.o
                0x100004cc                _1_xQueue_Message_TO_Send
 .bss.MyChannel_RX_RS485
                0x100004d0        0x2 ./Communication/0_Communication.o
                0x100004d0                MyChannel_RX_RS485
 .bss.already_flaged.11302
                0x100004d2        0x1 ./Communication/0_Communication.o
 .bss.already_flaged.11307
                0x100004d3        0x1 ./Communication/0_Communication.o
 .bss.Message.11382
                0x100004d4       0x4d ./Communication/0_Communication.o
 *fill*         0x10000521        0x3 
 .bss.g_txBuff.11383
                0x10000524       0x80 ./Communication/0_Communication.o
 .bss._0_Comm_EventGroup
                0x100005a4        0x4 ./Communication/0_Event_Group.o
                0x100005a4                _0_Comm_EventGroup
 .bss._0_Status_EventGroup
                0x100005a8        0x4 ./Communication/0_Event_Group.o
                0x100005a8                _0_Status_EventGroup
 .bss._0_ACK_Type_EventGroup
                0x100005ac        0x4 ./Communication/0_Event_Group.o
                0x100005ac                _0_ACK_Type_EventGroup
 .bss._0_ACK_Adresses
                0x100005b0        0x4 ./Communication/0_Event_Group.o
                0x100005b0                _0_ACK_Adresses
 .bss.Nb_Messages_recus
                0x100005b4        0x4 ./Communication/1_Trame_Communication.o
                0x100005b4                Nb_Messages_recus
 .bss.Nb_Erreurs_com
                0x100005b8        0x4 ./Communication/1_Trame_Communication.o
                0x100005b8                Nb_Erreurs_com
 .bss.str.10393
                0x100005bc       0x46 ./Communication/1_Trame_Communication.o
 .bss.release_sent
                0x10000602        0x1 ./Communication/2_Echange_Datas.o
                0x10000602                release_sent
 *fill*         0x10000603        0x1 
 .bss.str       0x10000604       0x46 ./Communication/2_Echange_Datas.o
 *fill*         0x1000064a        0x2 
 .bss.log_message
                0x1000064c       0x3e ./Communication/2_Echange_Datas.o
 *fill*         0x1000068a        0x2 
 .bss.dir.10394
                0x1000068c        0x4 ./Communication/2_Echange_Datas.o
 .bss.str.10393
                0x10000690       0x46 ./Communication/2_Echange_Datas.o
 *fill*         0x100006d6        0x2 
 .bss.str.10468
                0x100006d8       0x46 ./Communication/2_Echange_Datas.o
 *fill*         0x1000071e        0x2 
 .bss.Nb_Messages_Interpretes
                0x10000720        0x4 ./Communication/2_Echange_Datas_Reception.o
 .bss.Nb_PONG_recus
                0x10000724        0x4 ./Communication/2_Echange_Datas_Reception.o
                0x10000724                Nb_PONG_recus
 .bss.ABsyncSts
                0x10000728        0x1 C:\Robot\Robotic-System.git\trunk\Workspaces\MultiWorkSpaces_2021\0_lpc_chip_175x_6x\Release\lib0_lpc_chip_175x_6x.a(uart_17xx_40xx.o)
 *fill*         0x10000729        0x3 
 .bss.__malloc_free_list
                0x1000072c        0x4 c:/nxp/mcuxpressoide_11.2.1_4149/ide/plugins/com.nxp.mcuxpresso.tools.win32_11.2.0.202008311134/tools/bin/../lib/gcc/arm-none-eabi/9.2.1/../../../../arm-none-eabi/lib/thumb/v7-m/nofp\libc_nano.a(lib_a-nano-mallocr.o)
                0x1000072c                __malloc_free_list
 .bss.__malloc_sbrk_start
                0x10000730        0x4 c:/nxp/mcuxpressoide_11.2.1_4149/ide/plugins/com.nxp.mcuxpresso.tools.win32_11.2.0.202008311134/tools/bin/../lib/gcc/arm-none-eabi/9.2.1/../../../../arm-none-eabi/lib/thumb/v7-m/nofp\libc_nano.a(lib_a-nano-mallocr.o)
                0x10000730                __malloc_sbrk_start
 .bss.__end_of_heap
                0x10000734        0x4 c:/nxp/mcuxpressoide_11.2.1_4149/ide/plugins/com.nxp.mcuxpresso.tools.win32_11.2.0.202008311134/tools/bin/../lib/gcc/arm-none-eabi/9.2.1/../../../../arm-none-eabi/lib/thumb/v7-m/nofp\libcr_newlib_none.a(_cr_sbrk.o)
                0x10000734                __end_of_heap
 *(COMMON)
 COMMON         0x10000738        0x4 C:\Robot\Robotic-System.git\trunk\Workspaces\MultiWorkSpaces_2021\0_lpc_chip_175x_6x\Release\lib0_lpc_chip_175x_6x.a(chip_17xx_40xx.o)
                0x10000738                SystemCoreClock
 COMMON         0x1000073c        0x4 c:/nxp/mcuxpressoide_11.2.1_4149/ide/plugins/com.nxp.mcuxpresso.tools.win32_11.2.0.202008311134/tools/bin/../lib/gcc/arm-none-eabi/9.2.1/../../../../arm-none-eabi/lib/thumb/v7-m/nofp\libc_nano.a(lib_a-reent.o)
                0x1000073c                errno
 COMMON         0x10000740        0x9 c:/nxp/mcuxpressoide_11.2.1_4149/ide/plugins/com.nxp.mcuxpresso.tools.win32_11.2.0.202008311134/tools/bin/../lib/gcc/arm-none-eabi/9.2.1/../../../../arm-none-eabi/lib/thumb/v7-m/nofp\libc_nano.a(lib_a-lock.o)
                0x10000740                __lock___atexit_recursive_mutex
                0x10000741                __lock___arc4random_mutex
                0x10000742                __lock___env_recursive_mutex
                0x10000743                __lock___sinit_recursive_mutex
                0x10000744                __lock___malloc_recursive_mutex
                0x10000745                __lock___at_quick_exit_mutex
                0x10000746                __lock___dd_hash_mutex
                0x10000747                __lock___tz_mutex
                0x10000748                __lock___sfp_recursive_mutex
                0x1000074c                . = ALIGN (0x4)
 *fill*         0x10000749        0x3 
                0x1000074c                _ebss = .
                [!provide]                PROVIDE (__end_bss_RAM = .)
                [!provide]                PROVIDE (__end_bss_RamLoc32 = .)
                [!provide]                PROVIDE (end = .)

.noinit_RAM2    0x2007c000        0x0
                [!provide]                PROVIDE (__start_noinit_RAM2 = .)
                [!provide]                PROVIDE (__start_noinit_Ram_USB = .)
 *(.noinit.$RAM2)
 *(.noinit.$Ram_USB)
 *(.noinit.$RAM2.*)
 *(.noinit.$Ram_USB.*)
                0x2007c000                . = ALIGN (0x4)
                [!provide]                PROVIDE (__end_noinit_RAM2 = .)
                [!provide]                PROVIDE (__end_noinit_Ram_USB = .)

.noinit_RAM3    0x20080068        0x0
                [!provide]                PROVIDE (__start_noinit_RAM3 = .)
                [!provide]                PROVIDE (__start_noinit_RAM3 = .)
 *(.noinit.$RAM3)
 *(.noinit.$RAM3)
 *(.noinit.$RAM3.*)
 *(.noinit.$RAM3.*)
                0x20080068                . = ALIGN (0x4)
                [!provide]                PROVIDE (__end_noinit_RAM3 = .)
                [!provide]                PROVIDE (__end_noinit_RAM3 = .)

.noinit         0x1000074c        0x0
                0x1000074c                _noinit = .
                [!provide]                PROVIDE (__start_noinit_RAM = .)
                [!provide]                PROVIDE (__start_noinit_RamLoc32 = .)
 *(.noinit*)
                0x1000074c                . = ALIGN (0x4)
                0x1000074c                _end_noinit = .
                [!provide]                PROVIDE (__end_noinit_RAM = .)
                [!provide]                PROVIDE (__end_noinit_RamLoc32 = .)
                0x1000074c                PROVIDE (_pvHeapStart = DEFINED (__user_heap_base)?__user_heap_base:.)
                0x10008000                PROVIDE (_vStackTop = DEFINED (__user_stack_top)?__user_stack_top:(__top_RamLoc32 - 0x0))
                [!provide]                PROVIDE (__valid_user_code_checksum = (0x0 - ((((((_vStackTop + (ResetISR + 0x1)) + (NMI_Handler + 0x1)) + (HardFault_Handler + 0x1)) + (DEFINED (MemManage_Handler)?MemManage_Handler:0x0 + 0x1)) + (DEFINED (BusFault_Handler)?BusFault_Handler:0x0 + 0x1)) + (DEFINED (UsageFault_Handler)?UsageFault_Handler:0x0 + 0x1))))
                0x00010000                _image_start = LOADADDR (.text)
                0x000182ec                _image_end = (LOADADDR (.data) + SIZEOF (.data))
                0x000082ec                _image_size = (_image_end - _image_start)
OUTPUT(IA_2021_V0.axf elf32-littlearm)

.debug_info     0x00000000    0x23f8b
 .debug_info    0x00000000     0x2352 ./src/IA_2021_V0.o
 .debug_info    0x00002352      0xeef ./src/Init.o
 .debug_info    0x00003241      0x273 ./src/cr_startup_lpc175x_6x.o
 .debug_info    0x000034b4       0x40 ./src/crp.o
 .debug_info    0x000034f4      0x9bf ./src/sysinit.o
 .debug_info    0x00003eb3      0xe18 ./src/test.o
 .debug_info    0x00004ccb     0x1262 ./freertos/src/FreeRTOSCommonHooks.o
 .debug_info    0x00005f2d     0x100d ./freertos/src/event_groups.o
 .debug_info    0x00006f3a      0xe5c ./freertos/src/heap_5.o
 .debug_info    0x00007d96      0xbdc ./freertos/src/list.o
 .debug_info    0x00008972      0xc94 ./freertos/src/port.o
 .debug_info    0x00009606     0x1a83 ./freertos/src/queue.o
 .debug_info    0x0000b089     0x21bd ./freertos/src/tasks.o
 .debug_info    0x0000d246     0x15d2 ./freertos/src/timers.o
 .debug_info    0x0000e818     0x113f ./Strategie/Strategie_Level0/Deplacement/0_Deplacements.o
 .debug_info    0x0000f957      0xdaf ./Strategie/Strategie_Level0/0_Infos.o
 .debug_info    0x00010706      0xd41 ./Strategie/Strategie_Level0/Strategie_Actions.o
 .debug_info    0x00011447      0xfdf ./Strategie/Strategie.o
 .debug_info    0x00012426      0xe6e ./Level_0/Drivers/0_ADC/0_ADC.o
 .debug_info    0x00013294      0xe2f ./Communication/RS485/0_RS485.o
 .debug_info    0x000140c3     0x2efa ./Communication/0_Communication.o
 .debug_info    0x00016fbd      0xadc ./Communication/0_Event_Group.o
 .debug_info    0x00017a99     0x15f9 ./Communication/1_Trame_Communication.o
 .debug_info    0x00019092      0xfd1 ./Communication/2_Echange_Data_Strategie.o
 .debug_info    0x0001a063     0x1c09 ./Communication/2_Echange_Datas.o
 .debug_info    0x0001bc6c     0x10a6 ./Communication/2_Echange_Datas_Reception.o
 .debug_info    0x0001cd12      0xb52 C:\Robot\Robotic-System.git\trunk\Workspaces\MultiWorkSpaces_2021\0_lpc_chip_175x_6x\Release\lib0_lpc_chip_175x_6x.a(adc_17xx_40xx.o)
 .debug_info    0x0001d864      0x642 C:\Robot\Robotic-System.git\trunk\Workspaces\MultiWorkSpaces_2021\0_lpc_chip_175x_6x\Release\lib0_lpc_chip_175x_6x.a(chip_17xx_40xx.o)
 .debug_info    0x0001dea6      0xe8f C:\Robot\Robotic-System.git\trunk\Workspaces\MultiWorkSpaces_2021\0_lpc_chip_175x_6x\Release\lib0_lpc_chip_175x_6x.a(clock_17xx_40xx.o)
 .debug_info    0x0001ed35      0x63f C:\Robot\Robotic-System.git\trunk\Workspaces\MultiWorkSpaces_2021\0_lpc_chip_175x_6x\Release\lib0_lpc_chip_175x_6x.a(ring_buffer.o)
 .debug_info    0x0001f374      0x89e C:\Robot\Robotic-System.git\trunk\Workspaces\MultiWorkSpaces_2021\0_lpc_chip_175x_6x\Release\lib0_lpc_chip_175x_6x.a(sysinit_17xx_40xx.o)
 .debug_info    0x0001fc12      0x501 C:\Robot\Robotic-System.git\trunk\Workspaces\MultiWorkSpaces_2021\0_lpc_chip_175x_6x\Release\lib0_lpc_chip_175x_6x.a(timer_17xx_40xx.o)
 .debug_info    0x00020113     0x170f C:\Robot\Robotic-System.git\trunk\Workspaces\MultiWorkSpaces_2021\0_lpc_chip_175x_6x\Release\lib0_lpc_chip_175x_6x.a(uart_17xx_40xx.o)
 .debug_info    0x00021822     0x2769 C:\Robot\Robotic-System.git\trunk\Workspaces\MultiWorkSpaces_2021\0_lpc_board_nxp_lpcxpresso_1769\Release\lib0_lpc_board_nxp_lpcxpresso_1769.a(board.o)

.debug_abbrev   0x00000000     0x5d1f
 .debug_abbrev  0x00000000      0x2ef ./src/IA_2021_V0.o
 .debug_abbrev  0x000002ef      0x29f ./src/Init.o
 .debug_abbrev  0x0000058e      0x12a ./src/cr_startup_lpc175x_6x.o
 .debug_abbrev  0x000006b8       0x38 ./src/crp.o
 .debug_abbrev  0x000006f0      0x1ac ./src/sysinit.o
 .debug_abbrev  0x0000089c      0x2df ./src/test.o
 .debug_abbrev  0x00000b7b      0x352 ./freertos/src/FreeRTOSCommonHooks.o
 .debug_abbrev  0x00000ecd      0x2da ./freertos/src/event_groups.o
 .debug_abbrev  0x000011a7      0x28d ./freertos/src/heap_5.o
 .debug_abbrev  0x00001434      0x1f7 ./freertos/src/list.o
 .debug_abbrev  0x0000162b      0x320 ./freertos/src/port.o
 .debug_abbrev  0x0000194b      0x36b ./freertos/src/queue.o
 .debug_abbrev  0x00001cb6      0x380 ./freertos/src/tasks.o
 .debug_abbrev  0x00002036      0x2d3 ./freertos/src/timers.o
 .debug_abbrev  0x00002309      0x2ba ./Strategie/Strategie_Level0/Deplacement/0_Deplacements.o
 .debug_abbrev  0x000025c3      0x25e ./Strategie/Strategie_Level0/0_Infos.o
 .debug_abbrev  0x00002821      0x22c ./Strategie/Strategie_Level0/Strategie_Actions.o
 .debug_abbrev  0x00002a4d      0x2d1 ./Strategie/Strategie.o
 .debug_abbrev  0x00002d1e      0x26f ./Level_0/Drivers/0_ADC/0_ADC.o
 .debug_abbrev  0x00002f8d      0x23c ./Communication/RS485/0_RS485.o
 .debug_abbrev  0x000031c9      0x45e ./Communication/0_Communication.o
 .debug_abbrev  0x00003627      0x1c6 ./Communication/0_Event_Group.o
 .debug_abbrev  0x000037ed      0x39d ./Communication/1_Trame_Communication.o
 .debug_abbrev  0x00003b8a      0x24d ./Communication/2_Echange_Data_Strategie.o
 .debug_abbrev  0x00003dd7      0x332 ./Communication/2_Echange_Datas.o
 .debug_abbrev  0x00004109      0x25c ./Communication/2_Echange_Datas_Reception.o
 .debug_abbrev  0x00004365      0x302 C:\Robot\Robotic-System.git\trunk\Workspaces\MultiWorkSpaces_2021\0_lpc_chip_175x_6x\Release\lib0_lpc_chip_175x_6x.a(adc_17xx_40xx.o)
 .debug_abbrev  0x00004667      0x1e7 C:\Robot\Robotic-System.git\trunk\Workspaces\MultiWorkSpaces_2021\0_lpc_chip_175x_6x\Release\lib0_lpc_chip_175x_6x.a(chip_17xx_40xx.o)
 .debug_abbrev  0x0000484e      0x41d C:\Robot\Robotic-System.git\trunk\Workspaces\MultiWorkSpaces_2021\0_lpc_chip_175x_6x\Release\lib0_lpc_chip_175x_6x.a(clock_17xx_40xx.o)
 .debug_abbrev  0x00004c6b      0x221 C:\Robot\Robotic-System.git\trunk\Workspaces\MultiWorkSpaces_2021\0_lpc_chip_175x_6x\Release\lib0_lpc_chip_175x_6x.a(ring_buffer.o)
 .debug_abbrev  0x00004e8c      0x294 C:\Robot\Robotic-System.git\trunk\Workspaces\MultiWorkSpaces_2021\0_lpc_chip_175x_6x\Release\lib0_lpc_chip_175x_6x.a(sysinit_17xx_40xx.o)
 .debug_abbrev  0x00005120      0x1f9 C:\Robot\Robotic-System.git\trunk\Workspaces\MultiWorkSpaces_2021\0_lpc_chip_175x_6x\Release\lib0_lpc_chip_175x_6x.a(timer_17xx_40xx.o)
 .debug_abbrev  0x00005319      0x4e5 C:\Robot\Robotic-System.git\trunk\Workspaces\MultiWorkSpaces_2021\0_lpc_chip_175x_6x\Release\lib0_lpc_chip_175x_6x.a(uart_17xx_40xx.o)
 .debug_abbrev  0x000057fe      0x521 C:\Robot\Robotic-System.git\trunk\Workspaces\MultiWorkSpaces_2021\0_lpc_board_nxp_lpcxpresso_1769\Release\lib0_lpc_board_nxp_lpcxpresso_1769.a(board.o)

.debug_aranges  0x00000000      0xf88
 .debug_aranges
                0x00000000       0x68 ./src/IA_2021_V0.o
 .debug_aranges
                0x00000068       0x80 ./src/Init.o
 .debug_aranges
                0x000000e8       0x80 ./src/cr_startup_lpc175x_6x.o
 .debug_aranges
                0x00000168       0x18 ./src/crp.o
 .debug_aranges
                0x00000180       0x20 ./src/sysinit.o
 .debug_aranges
                0x000001a0       0x50 ./src/test.o
 .debug_aranges
                0x000001f0       0x50 ./freertos/src/FreeRTOSCommonHooks.o
 .debug_aranges
                0x00000240       0x68 ./freertos/src/event_groups.o
 .debug_aranges
                0x000002a8       0x50 ./freertos/src/heap_5.o
 .debug_aranges
                0x000002f8       0x40 ./freertos/src/list.o
 .debug_aranges
                0x00000338       0x70 ./freertos/src/port.o
 .debug_aranges
                0x000003a8      0x100 ./freertos/src/queue.o
 .debug_aranges
                0x000004a8      0x1d0 ./freertos/src/tasks.o
 .debug_aranges
                0x00000678       0xd8 ./freertos/src/timers.o
 .debug_aranges
                0x00000750       0x58 ./Strategie/Strategie_Level0/Deplacement/0_Deplacements.o
 .debug_aranges
                0x000007a8       0x40 ./Strategie/Strategie_Level0/0_Infos.o
 .debug_aranges
                0x000007e8       0x30 ./Strategie/Strategie_Level0/Strategie_Actions.o
 .debug_aranges
                0x00000818       0xa0 ./Strategie/Strategie.o
 .debug_aranges
                0x000008b8       0x30 ./Level_0/Drivers/0_ADC/0_ADC.o
 .debug_aranges
                0x000008e8       0x68 ./Communication/RS485/0_RS485.o
 .debug_aranges
                0x00000950       0xd8 ./Communication/0_Communication.o
 .debug_aranges
                0x00000a28       0x20 ./Communication/0_Event_Group.o
 .debug_aranges
                0x00000a48       0x90 ./Communication/1_Trame_Communication.o
 .debug_aranges