Archive member included to satisfy reference by file (symbol)

D:\Developpement_Robot\Robotic-System.git\trunk\Workspaces\MultiWorkSpaces_2021\0_lpc_chip_175x_6x\Release\lib0_lpc_chip_175x_6x.a(chip_17xx_40xx.o)
                              ./src/IA_2021_V0.o (SystemCoreClockUpdate)
D:\Developpement_Robot\Robotic-System.git\trunk\Workspaces\MultiWorkSpaces_2021\0_lpc_chip_175x_6x\Release\lib0_lpc_chip_175x_6x.a(clock_17xx_40xx.o)
                              D:\Developpement_Robot\Robotic-System.git\trunk\Workspaces\MultiWorkSpaces_2021\0_lpc_chip_175x_6x\Release\lib0_lpc_chip_175x_6x.a(chip_17xx_40xx.o) (Chip_Clock_EnablePLL)
D:\Developpement_Robot\Robotic-System.git\trunk\Workspaces\MultiWorkSpaces_2021\0_lpc_chip_175x_6x\Release\lib0_lpc_chip_175x_6x.a(ring_buffer.o)
                              ./Communication/0_Communication.o (RingBuffer_Init)
D:\Developpement_Robot\Robotic-System.git\trunk\Workspaces\MultiWorkSpaces_2021\0_lpc_chip_175x_6x\Release\lib0_lpc_chip_175x_6x.a(stopwatch_17xx_40xx.o)
                              ./Communication/USB/src/cdc_usb_main.o (StopWatch_Init)
D:\Developpement_Robot\Robotic-System.git\trunk\Workspaces\MultiWorkSpaces_2021\0_lpc_chip_175x_6x\Release\lib0_lpc_chip_175x_6x.a(sysinit_17xx_40xx.o)
                              ./src/IA_2021_V0.o (Chip_SetupXtalClocking)
D:\Developpement_Robot\Robotic-System.git\trunk\Workspaces\MultiWorkSpaces_2021\0_lpc_chip_175x_6x\Release\lib0_lpc_chip_175x_6x.a(timer_17xx_40xx.o)
                              ./src/IA_2021_V0.o (Chip_TIMER_Init)
D:\Developpement_Robot\Robotic-System.git\trunk\Workspaces\MultiWorkSpaces_2021\0_lpc_chip_175x_6x\Release\lib0_lpc_chip_175x_6x.a(uart_17xx_40xx.o)
                              ./Communication/0_Communication.o (Chip_UART_Init)
D:\Developpement_Robot\Robotic-System.git\trunk\Workspaces\MultiWorkSpaces_2021\0_lpc_board_nxp_lpcxpresso_1769\Release\lib0_lpc_board_nxp_lpcxpresso_1769.a(board.o)
                              ./src/IA_2021_V0.o (Set_Clock_in)
D:\Developpement_Robot\Robotic-System.git\trunk\Workspaces\MultiWorkSpaces_2021\0_lpc_chip_175x_6x\libs\libusbd_175x_6x_lib.a(mw_usbd_rom_api.o)
                              ./Communication/USB/src/cdc_usb_main.o (cdc_api)
D:\Developpement_Robot\Robotic-System.git\trunk\Workspaces\MultiWorkSpaces_2021\0_lpc_chip_175x_6x\libs\libusbd_175x_6x_lib.a(hw_usbd_ip3503.o)
                              D:\Developpement_Robot\Robotic-System.git\trunk\Workspaces\MultiWorkSpaces_2021\0_lpc_chip_175x_6x\libs\libusbd_175x_6x_lib.a(mw_usbd_rom_api.o) (hwUSB_GetMemSize)
D:\Developpement_Robot\Robotic-System.git\trunk\Workspaces\MultiWorkSpaces_2021\0_lpc_chip_175x_6x\libs\libusbd_175x_6x_lib.a(mw_usbd_cdcuser.o)
                              D:\Developpement_Robot\Robotic-System.git\trunk\Workspaces\MultiWorkSpaces_2021\0_lpc_chip_175x_6x\libs\libusbd_175x_6x_lib.a(mw_usbd_rom_api.o) (mwCDC_SendNotification)
D:\Developpement_Robot\Robotic-System.git\trunk\Workspaces\MultiWorkSpaces_2021\0_lpc_chip_175x_6x\libs\libusbd_175x_6x_lib.a(mw_usbd_core.o)
                              D:\Developpement_Robot\Robotic-System.git\trunk\Workspaces\MultiWorkSpaces_2021\0_lpc_chip_175x_6x\libs\libusbd_175x_6x_lib.a(mw_usbd_rom_api.o) (mwUSB_SetupStage)
D:\Developpement_Robot\Robotic-System.git\trunk\Workspaces\MultiWorkSpaces_2021\0_lpc_chip_175x_6x\libs\libusbd_175x_6x_lib.a(mw_usbd_dfuuser.o)
                              D:\Developpement_Robot\Robotic-System.git\trunk\Workspaces\MultiWorkSpaces_2021\0_lpc_chip_175x_6x\libs\libusbd_175x_6x_lib.a(mw_usbd_rom_api.o) (mwDFU_GetMemSize)
D:\Developpement_Robot\Robotic-System.git\trunk\Workspaces\MultiWorkSpaces_2021\0_lpc_chip_175x_6x\libs\libusbd_175x_6x_lib.a(mw_usbd_hiduser.o)
                              D:\Developpement_Robot\Robotic-System.git\trunk\Workspaces\MultiWorkSpaces_2021\0_lpc_chip_175x_6x\libs\libusbd_175x_6x_lib.a(mw_usbd_rom_api.o) (mwHID_GetMemSize)
D:\Developpement_Robot\Robotic-System.git\trunk\Workspaces\MultiWorkSpaces_2021\0_lpc_chip_175x_6x\libs\libusbd_175x_6x_lib.a(mw_usbd_mscuser.o)
                              D:\Developpement_Robot\Robotic-System.git\trunk\Workspaces\MultiWorkSpaces_2021\0_lpc_chip_175x_6x\libs\libusbd_175x_6x_lib.a(mw_usbd_rom_api.o) (mwMSC_GetMemSize)
c:/nxp/mcuxpressoide_11.2.1_4149/ide/plugins/com.nxp.mcuxpresso.tools.win32_11.2.0.202008311134/tools/bin/../lib/gcc/arm-none-eabi/9.2.1/thumb/v7-m/nofp\libgcc.a(_arm_mulsf3.o)
                              ./Strategie/Deplacement/0_Deplacements.o (__aeabi_fmul)
c:/nxp/mcuxpressoide_11.2.1_4149/ide/plugins/com.nxp.mcuxpresso.tools.win32_11.2.0.202008311134/tools/bin/../lib/gcc/arm-none-eabi/9.2.1/thumb/v7-m/nofp\libgcc.a(_arm_fixunsdfsi.o)
                              ./freertos/FreeRTOS_Trace/trcSnapshotRecorder.o (__aeabi_d2uiz)
[...]
Memory Configuration

Name             Origin             Length             Attributes
MFlash512        0x00010000         0x00070000         xr
RamLoc32         0x10000000         0x00008000         xrw
RamAHB32         0x2007c000         0x00000800         xrw
RAM3             0x2007c800         0x00007800         xrw
*default*        0x00000000         0xffffffff

Linker script and memory map

LOAD ./src/IA_2021_V0.o
LOAD ./src/Init.o
LOAD ./src/cr_startup_lpc175x_6x.o
LOAD ./src/crp.o
LOAD ./src/sysinit.o
LOAD ./src/test.o
LOAD ./freertos/src/FreeRTOSCommonHooks.o
LOAD ./freertos/src/croutine.o
LOAD ./freertos/src/event_groups.o
LOAD ./freertos/src/heap_5.o
LOAD ./freertos/src/list.o
LOAD ./freertos/src/port.o
LOAD ./freertos/src/queue.o
LOAD ./freertos/src/stream_buffer.o
LOAD ./freertos/src/tasks.o
LOAD ./freertos/src/timers.o
LOAD ./freertos/FreeRTOS_Trace/trcHardwarePort.o
LOAD ./freertos/FreeRTOS_Trace/trcKernelPort.o
LOAD ./freertos/FreeRTOS_Trace/trcSnapshotRecorder.o
LOAD ./Strategie/Deplacement/0_Deplacements.o
LOAD ./Strategie/Deplacement/1_Obstacles.o
LOAD ./Strategie/Actionneurs/0_Actionneurs.o
LOAD ./Strategie/0_Infos.o
LOAD ./Pathfinding/Astar/Astar.o
LOAD ./Communication/USB/src/cdc_desc.o
LOAD ./Communication/USB/src/cdc_usb_main.o
LOAD ./Communication/USB/src/cdc_vcom.o
LOAD ./Communication/RS485/0_RS485.o
LOAD ./Communication/0_Communication.o
LOAD ./Communication/0_Event_Group.o
LOAD ./Communication/1_Trame_Communication.o
LOAD ./Communication/2_Echange_Datas.o
LOAD ./Communication/2_Echange_Datas_Reception.o
LOAD D:\Developpement_Robot\Robotic-System.git\trunk\Workspaces\MultiWorkSpaces_2021\0_lpc_chip_175x_6x\Release\lib0_lpc_chip_175x_6x.a
LOAD D:\Developpement_Robot\Robotic-System.git\trunk\Workspaces\MultiWorkSpaces_2021\0_lpc_board_nxp_lpcxpresso_1769\Release\lib0_lpc_board_nxp_lpcxpresso_1769.a
LOAD D:\Developpement_Robot\Robotic-System.git\trunk\Workspaces\MultiWorkSpaces_2021\0_lpc_chip_175x_6x\libs\libusbd_175x_6x_lib.a
START GROUP
LOAD c:/nxp/mcuxpressoide_11.2.1_4149/ide/plugins/com.nxp.mcuxpresso.tools.win32_11.2.0.202008311134/tools/bin/../lib/gcc/arm-none-eabi/9.2.1/thumb/v7-m/nofp\libgcc.a
LOAD c:/nxp/mcuxpressoide_11.2.1_4149/ide/plugins/com.nxp.mcuxpresso.tools.win32_11.2.0.202008311134/tools/bin/../lib/gcc/arm-none-eabi/9.2.1/../../../../arm-none-eabi/lib/thumb/v7-m/nofp\libc_nano.a
LOAD c:/nxp/mcuxpressoide_11.2.1_4149/ide/plugins/com.nxp.mcuxpresso.tools.win32_11.2.0.202008311134/tools/bin/../lib/gcc/arm-none-eabi/9.2.1/../../../../arm-none-eabi/lib/thumb/v7-m/nofp\libm.a
LOAD c:/nxp/mcuxpressoide_11.2.1_4149/ide/plugins/com.nxp.mcuxpresso.tools.win32_11.2.0.202008311134/tools/bin/../lib/gcc/arm-none-eabi/9.2.1/../../../../arm-none-eabi/lib/thumb/v7-m/nofp\libcr_newlib_none.a
END GROUP
                0x00010000                __base_MFlash512 = 0x10000
                0x00010000                __base_Flash = 0x10000
                0x00080000                __top_MFlash512 = 0x80000
                0x00080000                __top_Flash = 0x80000
                0x10000000                __base_RamLoc32 = 0x10000000
                0x10000000                __base_RAM = 0x10000000
                0x10008000                __top_RamLoc32 = 0x10008000
                0x10008000                __top_RAM = 0x10008000
                0x2007c000                __base_RamAHB32 = 0x2007c000
                0x2007c000                __base_RAM2 = 0x2007c000
                0x2007c800                __top_RamAHB32 = 0x2007c800
                0x2007c800                __top_RAM2 = 0x2007c800
                0x2007c800                __base_RAM3 = 0x2007c800
                0x2007c800                __base_RAM3 = 0x2007c800
                0x20084000                __top_RAM3 = 0x20084000
                0x20084000                __top_RAM3 = 0x20084000

.text           0x00010000     0xbb10
 FILL mask 0xff
                0x00010000                __vectors_start__ = ABSOLUTE (.)
 *(.isr_vector)
 .isr_vector    0x00010000       0xcc ./src/cr_startup_lpc175x_6x.o
                0x00010000                g_pfnVectors
                0x000100cc                . = ALIGN (0x4)
                0x000100cc                __section_table_start = .
                0x000100cc                __data_section_table = .
                0x000100cc        0x4 LONG 0x1bb10 LOADADDR (.data)
                0x000100d0        0x4 LONG 0x10000000 ADDR (.data)
                0x000100d4        0x4 LONG 0xdc SIZEOF (.data)
                0x000100d8        0x4 LONG 0x1bb10 LOADADDR (.data_RAM2)
                0x000100dc        0x4 LONG 0x2007c000 ADDR (.data_RAM2)
                0x000100e0        0x4 LONG 0x0 SIZEOF (.data_RAM2)
                0x000100e4        0x4 LONG 0x1bb10 LOADADDR (.data_RAM3)
                0x000100e8        0x4 LONG 0x2007c800 ADDR (.data_RAM3)
                0x000100ec        0x4 LONG 0x0 SIZEOF (.data_RAM3)
                0x000100f0                __data_section_table_end = .
                0x000100f0                __bss_section_table = .
                0x000100f0        0x4 LONG 0x100000dc ADDR (.bss)
                0x000100f4        0x4 LONG 0x4fc SIZEOF (.bss)
                0x000100f8        0x4 LONG 0x2007c000 ADDR (.bss_RAM2)
                0x000100fc        0x4 LONG 0x0 SIZEOF (.bss_RAM2)
                0x00010100        0x4 LONG 0x2007c800 ADDR (.bss_RAM3)
                0x00010104        0x4 LONG 0x6c34 SIZEOF (.bss_RAM3)
                0x00010108                __bss_section_table_end = .
                0x00010108                __section_table_end = .
 *(.after_vectors*)
 .after_vectors
                0x00010108      0x130 ./src/cr_startup_lpc175x_6x.o
                0x00010108                data_init
                0x0001014c                bss_init
                0x00010184                ResetISR
                0x000101fc                NMI_Handler
                0x00010202                HardFault_Handler
                0x00010208                MemManage_Handler
                0x0001020e                BusFault_Handler
                0x00010214                UsageFault_Handler
                0x0001021a                SVC_Handler
                0x00010220                DebugMon_Handler
                0x00010226                PendSV_Handler
                0x0001022c                SysTick_Handler
                0x00010232                EINT3_IRQHandler
                0x00010232                CANActivity_IRQHandler
                0x00010232                TIMER3_IRQHandler
                0x00010232                UART0_IRQHandler
                0x00010232                EINT2_IRQHandler
                0x00010232                USBActivity_IRQHandler
                0x00010232                IntDefaultHandler
                0x00010232                PLL0_IRQHandler
                0x00010232                CAN_IRQHandler
                0x00010232                I2C1_IRQHandler
                0x00010232                SSP0_IRQHandler
                0x00010232                I2S_IRQHandler
                0x00010232                I2C2_IRQHandler
                0x00010232                RTC_IRQHandler
                0x00010232                TIMER0_IRQHandler
                0x00010232                SPI_IRQHandler
                0x00010232                RIT_IRQHandler
                0x00010232                EINT1_IRQHandler
                0x00010232                TIMER1_IRQHandler
                0x00010232                UART2_IRQHandler
                0x00010232                ADC_IRQHandler
                0x00010232                SSP1_IRQHandler
                0x00010232                BOD_IRQHandler
                0x00010232                I2C0_IRQHandler
                0x00010232                WDT_IRQHandler
                0x00010232                PWM1_IRQHandler
                0x00010232                QEI_IRQHandler
                0x00010232                EINT0_IRQHandler
                0x00010232                ETH_IRQHandler
                0x00010232                PLL1_IRQHandler
                0x00010232                DMA_IRQHandler
                0x00010232                TIMER2_IRQHandler
                0x00010232                UART3_IRQHandler
                0x00010232                MCPWM_IRQHandler
                0x000002fc                . = 0x2fc
 *fill*         0x00010238       0xc4 ff
                0x000102fc                PROVIDE (__CRP_WORD_START__ = .)
 *(.crp)
 .crp           0x000102fc        0x4 ./src/crp.o
                0x000102fc                CRP_WORD
                0x00010300                PROVIDE (__CRP_WORD_END__ = .)
                0x00000001                ASSERT (! ((__CRP_WORD_START__ == __CRP_WORD_END__)), Linker CRP Enabled, but no CRP_WORD provided within application)
 *(.text*)
 .text.Chip_GPIO_SetPinState
                0x00010300       0x64 ./src/IA_2021_V0.o
 .text.Chip_GPIO_WritePortBit
                0x00010364       0x2c ./src/IA_2021_V0.o
 .text.Chip_GPIO_SetPinDIROutput
                0x00010390       0x36 ./src/IA_2021_V0.o
 .text.Chip_GPIO_SetPinDIRInput
                0x000103c6       0x3a ./src/IA_2021_V0.o
 .text.Chip_GPIO_SetPinDIR
                0x00010400       0x42 ./src/IA_2021_V0.o
 .text.Chip_GPIO_WriteDirBit
                0x00010442       0x2e ./src/IA_2021_V0.o
 .text.vConfigureTimerForRunTimeStats
                0x00010470       0x44 ./src/IA_2021_V0.o
                0x00010470                vConfigureTimerForRunTimeStats
 .text.prvSetupHardware
                0x000104b4       0x30 ./src/IA_2021_V0.o
 .text.vTask_HartBeat
                0x000104e4       0x78 ./src/IA_2021_V0.o
 .text.main     0x0001055c       0x44 ./src/IA_2021_V0.o
                0x0001055c                main
 .text.Chip_GPIO_SetPinState
                0x000105a0       0x64 ./src/Init.o
 .text.Chip_GPIO_WritePortBit
                0x00010604       0x2c ./src/Init.o
 .text.Chip_GPIO_SetPinDIROutput
                0x00010630       0x36 ./src/Init.o
 .text.Chip_GPIO_SetPinDIRInput
                0x00010666       0x3a ./src/Init.o
 .text.Chip_GPIO_SetPinDIR
                0x000106a0       0x42 ./src/Init.o
 .text.Chip_GPIO_WriteDirBit
                0x000106e2       0x2e ./src/Init.o
 .text.Debug_Trace_Texte
                0x00010710       0x20 ./src/Init.o
                0x00010710                Debug_Trace_Texte
 .text.Set_Debug_Pin_0_High
                0x00010730       0x2c ./src/Init.o
                0x00010730                Set_Debug_Pin_0_High
 .text.Set_Debug_Pin_0_Low
                0x0001075c       0x2c ./src/Init.o
                0x0001075c                Set_Debug_Pin_0_Low
 .text.Set_Debug_Pin_1_Low
                0x00010788       0x2c ./src/Init.o
                0x00010788                Set_Debug_Pin_1_Low
 .text.Init_Carte_IA
                0x000107b4       0x94 ./src/Init.o
                0x000107b4                Init_Carte_IA
 .text.SystemInit
                0x00010848       0x24 ./src/sysinit.o
                0x00010848                SystemInit
 .text.Chip_GPIO_SetPinState
                0x0001086c       0x64 ./src/test.o
 .text.Chip_GPIO_WritePortBit
                0x000108d0       0x2c ./src/test.o
 .text.TEST_init_parametres
                0x000108fc       0x28 ./src/test.o
                0x000108fc                TEST_init_parametres
 .text.TEST_envoi_Ping
                0x00010924       0x8c ./src/test.o
                0x00010924                TEST_envoi_Ping
 .text.vApplicationStackOverflowHook
                0x000109b0       0x20 ./freertos/src/FreeRTOSCommonHooks.o
                0x000109b0                vApplicationStackOverflowHook
 .text.xEventGroupCreate
                0x000109d0       0xe8 ./freertos/src/event_groups.o
                0x000109d0                xEventGroupCreate
 .text.xEventGroupWaitBits
                0x00010ab8      0x22c ./freertos/src/event_groups.o
                0x00010ab8                xEventGroupWaitBits
 .text.xEventGroupSetBits
                0x00010ce4      0x128 ./freertos/src/event_groups.o
                0x00010ce4                xEventGroupSetBits
 .text.vEventGroupSetBitsCallback
                0x00010e0c       0x1a ./freertos/src/event_groups.o
                0x00010e0c                vEventGroupSetBitsCallback
 .text.prvTestWaitCondition
                0x00010e26       0x42 ./freertos/src/event_groups.o
 .text.xEventGroupSetBitsFromISR
                0x00010e68       0x64 ./freertos/src/event_groups.o
                0x00010e68                xEventGroupSetBitsFromISR
 .text.uxEventGroupGetNumber
                0x00010ecc       0x2a ./freertos/src/event_groups.o
                0x00010ecc                uxEventGroupGetNumber
 .text.vEventGroupSetNumber
                0x00010ef6       0x1a ./freertos/src/event_groups.o
                0x00010ef6                vEventGroupSetNumber
 .text.pvPortMalloc
                0x00010f10      0x13c ./freertos/src/heap_5.o
                0x00010f10                pvPortMalloc
 .text.vPortFree
                0x0001104c       0x90 ./freertos/src/heap_5.o
                0x0001104c                vPortFree
 .text.prvInsertBlockIntoFreeList
                0x000110dc       0xb0 ./freertos/src/heap_5.o
 .text.vPortDefineHeapRegions
                0x0001118c      0x114 ./freertos/src/heap_5.o
                0x0001118c                vPortDefineHeapRegions
 .text.vListInitialise
                0x000112a0       0x3e ./freertos/src/list.o
                0x000112a0                vListInitialise
 .text.vListInitialiseItem
                0x000112de       0x18 ./freertos/src/list.o
                0x000112de                vListInitialiseItem
 .text.vListInsertEnd
                0x000112f6       0x46 ./freertos/src/list.o
                0x000112f6                vListInsertEnd
 .text.vListInsert
                0x0001133c       0x70 ./freertos/src/list.o
                0x0001133c                vListInsert
 .text.uxListRemove
                0x000113ac       0x52 ./freertos/src/list.o
                0x000113ac                uxListRemove
 *fill*         0x000113fe        0x2 ff
 .text.pxPortInitialiseStack
                0x00011400       0x58 ./freertos/src/port.o
                0x00011400                pxPortInitialiseStack
 .text.prvTaskExitError
                0x00011458       0x32 ./freertos/src/port.o
 *fill*         0x0001148a        0x6 ff
 .text.vPortSVCHandler
                0x00011490       0x28 ./freertos/src/port.o
                0x00011490                vPortSVCHandler
 .text.prvPortStartFirstTask
                0x000114b8       0x20 ./freertos/src/port.o
 .text.xPortStartScheduler
                0x000114d8       0x40 ./freertos/src/port.o
                0x000114d8                xPortStartScheduler
 .text.vPortEnterCritical
                0x00011518       0x34 ./freertos/src/port.o
                0x00011518                vPortEnterCritical
 .text.vPortExitCritical
                0x0001154c       0x34 ./freertos/src/port.o
                0x0001154c                vPortExitCritical
 .text.xPortPendSVHandler
                0x00011580       0x48 ./freertos/src/port.o
                0x00011580                xPortPendSVHandler
 .text.xPortSysTickHandler
                0x000115c8       0x44 ./freertos/src/port.o
                0x000115c8                xPortSysTickHandler
 .text.vPortSetupTimerInterrupt
                0x0001160c       0x34 ./freertos/src/port.o
                0x0001160c                vPortSetupTimerInterrupt
 .text.xQueueGenericReset
                0x00011640       0xb4 ./freertos/src/queue.o
                0x00011640                xQueueGenericReset
 .text.xQueueGenericCreate
                0x000116f4       0x88 ./freertos/src/queue.o
                0x000116f4                xQueueGenericCreate
 .text.prvInitialiseNewQueue
                0x0001177c      0x128 ./freertos/src/queue.o
 .text.xQueueGenericSend
                0x000118a4      0x340 ./freertos/src/queue.o
                0x000118a4                xQueueGenericSend
 .text.xQueueGenericSendFromISR
                0x00011be4      0x184 ./freertos/src/queue.o
                0x00011be4                xQueueGenericSendFromISR
 .text.xQueueReceive
                0x00011d68      0x390 ./freertos/src/queue.o
                0x00011d68                xQueueReceive
 .text.uxQueueGetQueueNumber
                0x000120f8       0x16 ./freertos/src/queue.o
                0x000120f8                uxQueueGetQueueNumber
 .text.vQueueSetQueueNumber
                0x0001210e       0x1a ./freertos/src/queue.o
                0x0001210e                vQueueSetQueueNumber
 .text.ucQueueGetQueueType
                0x00012128       0x18 ./freertos/src/queue.o
                0x00012128                ucQueueGetQueueType
 .text.prvCopyDataToQueue
                0x00012140       0xd4 ./freertos/src/queue.o
 .text.prvCopyDataFromQueue
                0x00012214       0x4c ./freertos/src/queue.o
 .text.prvUnlockQueue
                0x00012260       0xa4 ./freertos/src/queue.o
 .text.prvIsQueueEmpty
                0x00012304       0x2c ./freertos/src/queue.o
 .text.prvIsQueueFull
                0x00012330       0x30 ./freertos/src/queue.o
 .text.vQueueAddToRegistry
                0x00012360       0x74 ./freertos/src/queue.o
                0x00012360                vQueueAddToRegistry
 .text.vQueueWaitForMessageRestricted
                0x000123d4       0x68 ./freertos/src/queue.o
                0x000123d4                vQueueWaitForMessageRestricted
 .text.xTaskCreate
                0x0001243c       0x82 ./freertos/src/tasks.o
                0x0001243c                xTaskCreate
 .text.prvInitialiseNewTask
                0x000124be      0x10a ./freertos/src/tasks.o
 .text.prvAddNewTaskToReadyList
                0x000125c8      0x1a4 ./freertos/src/tasks.o
 .text.vTaskDelete
                0x0001276c      0x29c ./freertos/src/tasks.o
                0x0001276c                vTaskDelete
 .text.vTaskDelayUntil
                0x00012a08      0x110 ./freertos/src/tasks.o
                0x00012a08                vTaskDelayUntil
 .text.vTaskDelay
                0x00012b18       0xb8 ./freertos/src/tasks.o
                0x00012b18                vTaskDelay
 .text.vTaskStartScheduler
                0x00012bd0       0xb4 ./freertos/src/tasks.o
                0x00012bd0                vTaskStartScheduler
 .text.vTaskSuspendAll
                0x00012c84       0x1c ./freertos/src/tasks.o
                0x00012c84                vTaskSuspendAll
 .text.xTaskResumeAll
                0x00012ca0      0x144 ./freertos/src/tasks.o
                0x00012ca0                xTaskResumeAll
 .text.xTaskGetTickCount
                0x00012de4       0x1c ./freertos/src/tasks.o
                0x00012de4                xTaskGetTickCount
 .text.xTaskIncrementTick
                0x00012e00      0x1a4 ./freertos/src/tasks.o
                0x00012e00                xTaskIncrementTick
 .text.vTaskSwitchContext
                0x00012fa4      0x148 ./freertos/src/tasks.o
                0x00012fa4                vTaskSwitchContext
 .text.vTaskPlaceOnEventList
                0x000130ec       0x2c ./freertos/src/tasks.o
                0x000130ec                vTaskPlaceOnEventList
 .text.vTaskPlaceOnUnorderedEventList
                0x00013118       0x3c ./freertos/src/tasks.o
                0x00013118                vTaskPlaceOnUnorderedEventList
 .text.vTaskPlaceOnEventListRestricted
                0x00013154       0xb4 ./freertos/src/tasks.o
                0x00013154                vTaskPlaceOnEventListRestricted
 .text.xTaskRemoveFromEventList
                0x00013208       0xd4 ./freertos/src/tasks.o
                0x00013208                xTaskRemoveFromEventList
 .text.vTaskRemoveFromUnorderedEventList
                0x000132dc       0xb0 ./freertos/src/tasks.o
                0x000132dc                vTaskRemoveFromUnorderedEventList
 .text.vTaskInternalSetTimeOutState
                0x0001338c       0x2c ./freertos/src/tasks.o
                0x0001338c                vTaskInternalSetTimeOutState
 .text.xTaskCheckForTimeOut
                0x000133b8       0x8c ./freertos/src/tasks.o
                0x000133b8                xTaskCheckForTimeOut
 .text.vTaskMissedYield
                0x00013444       0x18 ./freertos/src/tasks.o
                0x00013444                vTaskMissedYield
 .text.uxTaskGetTaskNumber
                0x0001345c       0x2a ./freertos/src/tasks.o
                0x0001345c                uxTaskGetTaskNumber
 .text.vTaskSetTaskNumber
                0x00013486       0x24 ./freertos/src/tasks.o
                0x00013486                vTaskSetTaskNumber
 *fill*         0x000134aa        0x2 ff
 .text.prvIdleTask
                0x000134ac       0x30 ./freertos/src/tasks.o
 .text.prvInitialiseTaskLists
                0x000134dc       0x80 ./freertos/src/tasks.o
 .text.prvCheckTasksWaitingTermination
                0x0001355c       0x5c ./freertos/src/tasks.o
 .text.prvDeleteTCB
                0x000135b8       0x20 ./freertos/src/tasks.o
 .text.prvResetNextTaskUnblockTime
                0x000135d8       0x40 ./freertos/src/tasks.o
 .text.xTaskGetCurrentTaskHandle
                0x00013618       0x1c ./freertos/src/tasks.o
                0x00013618                xTaskGetCurrentTaskHandle
 .text.xTaskGetSchedulerState
                0x00013634       0x3c ./freertos/src/tasks.o
                0x00013634                xTaskGetSchedulerState
 .text.xTaskPriorityDisinherit
                0x00013670      0x150 ./freertos/src/tasks.o
                0x00013670                xTaskPriorityDisinherit
 .text.uxTaskResetEventItemValue
                0x000137c0       0x30 ./freertos/src/tasks.o
                0x000137c0                uxTaskResetEventItemValue
 .text.prvAddCurrentTaskToDelayedList
                0x000137f0       0xcc ./freertos/src/tasks.o
 .text.xTimerCreateTimerTask
                0x000138bc       0x48 ./freertos/src/timers.o
                0x000138bc                xTimerCreateTimerTask
 .text.xTimerGenericCommand
                0x00013904       0x80 ./freertos/src/timers.o
                0x00013904                xTimerGenericCommand
 .text.prvProcessExpiredTimer
                0x00013984       0x80 ./freertos/src/timers.o
 .text.prvTimerTask
                0x00013a04       0x24 ./freertos/src/timers.o
 .text.prvProcessTimerOrBlockTask
                0x00013a28       0x9c ./freertos/src/timers.o
 .text.prvGetNextExpireTime
                0x00013ac4       0x44 ./freertos/src/timers.o
 .text.prvSampleTimeNow
                0x00013b08       0x40 ./freertos/src/timers.o
 .text.prvInsertTimerInActiveList
                0x00013b48       0x84 ./freertos/src/timers.o
 .text.prvProcessReceivedCommands
                0x00013bcc      0x170 ./freertos/src/timers.o
 .text.prvSwitchTimerLists
                0x00013d3c       0xac ./freertos/src/timers.o
 .text.prvCheckForValidListAndQueue
                0x00013de8       0x6c ./freertos/src/timers.o
 .text.xTimerPendFunctionCallFromISR
                0x00013e54       0x40 ./freertos/src/timers.o
                0x00013e54                xTimerPendFunctionCallFromISR
 .text.prvTraceGetQueueNumber
                0x00013e94       0x18 ./freertos/FreeRTOS_Trace/trcKernelPort.o
                0x00013e94                prvTraceGetQueueNumber
 .text.prvTraceGetQueueType
                0x00013eac       0x18 ./freertos/FreeRTOS_Trace/trcKernelPort.o
                0x00013eac                prvTraceGetQueueType
 .text.prvTraceGetTaskNumberLow16
                0x00013ec4       0x1a ./freertos/FreeRTOS_Trace/trcKernelPort.o
                0x00013ec4                prvTraceGetTaskNumberLow16
 .text.prvTraceGetTaskNumberHigh16
                0x00013ede       0x1c ./freertos/FreeRTOS_Trace/trcKernelPort.o
                0x00013ede                prvTraceGetTaskNumberHigh16
 .text.prvTraceSetTaskNumberLow16
                0x00013efa       0x2c ./freertos/FreeRTOS_Trace/trcKernelPort.o
                0x00013efa                prvTraceSetTaskNumberLow16
 .text.prvTraceSetTaskNumberHigh16
                0x00013f26       0x2c ./freertos/FreeRTOS_Trace/trcKernelPort.o
                0x00013f26                prvTraceSetTaskNumberHigh16
 .text.prvTraceGetQueueNumberLow16
                0x00013f52       0x1a ./freertos/FreeRTOS_Trace/trcKernelPort.o
                0x00013f52                prvTraceGetQueueNumberLow16
 .text.prvTraceGetQueueNumberHigh16
                0x00013f6c       0x1c ./freertos/FreeRTOS_Trace/trcKernelPort.o
                0x00013f6c                prvTraceGetQueueNumberHigh16
 .text.prvTraceSetQueueNumberLow16
                0x00013f88       0x2c ./freertos/FreeRTOS_Trace/trcKernelPort.o
                0x00013f88                prvTraceSetQueueNumberLow16
 .text.prvTraceSetQueueNumberHigh16
                0x00013fb4       0x2c ./freertos/FreeRTOS_Trace/trcKernelPort.o
                0x00013fb4                prvTraceSetQueueNumberHigh16
 .text.prvTraceGetEventGroupNumberLow16
                0x00013fe0       0x1a ./freertos/FreeRTOS_Trace/trcKernelPort.o
                0x00013fe0                prvTraceGetEventGroupNumberLow16
 .text.prvTraceGetEventGroupNumberHigh16
                0x00013ffa       0x1c ./freertos/FreeRTOS_Trace/trcKernelPort.o
                0x00013ffa                prvTraceGetEventGroupNumberHigh16
 .text.prvTraceSetEventGroupNumberLow16
                0x00014016       0x2c ./freertos/FreeRTOS_Trace/trcKernelPort.o
                0x00014016                prvTraceSetEventGroupNumberLow16
 .text.prvTraceSetEventGroupNumberHigh16
                0x00014042       0x2c ./freertos/FreeRTOS_Trace/trcKernelPort.o
                0x00014042                prvTraceSetEventGroupNumberHigh16
 .text.vTraceSetEventGroupName
                0x0001406e       0x26 ./freertos/FreeRTOS_Trace/trcKernelPort.o
                0x0001406e                vTraceSetEventGroupName
 .text.prvTraceGetCurrentTaskHandle
                0x00014094        0xe ./freertos/FreeRTOS_Trace/trcKernelPort.o
                0x00014094                prvTraceGetCurrentTaskHandle
 *fill*         0x000140a2        0x2 ff
 .text.vTraceInitObjectPropertyTable
                0x000140a4      0x198 ./freertos/FreeRTOS_Trace/trcKernelPort.o
                0x000140a4                vTraceInitObjectPropertyTable
 .text.vTraceInitObjectHandleStack
                0x0001423c       0xc4 ./freertos/FreeRTOS_Trace/trcKernelPort.o
                0x0001423c                vTraceInitObjectHandleStack
 .text.pszTraceGetErrorNotEnoughHandles
                0x00014300       0x94 ./freertos/FreeRTOS_Trace/trcKernelPort.o
                0x00014300                pszTraceGetErrorNotEnoughHandles
 .text.prvTraceIsSchedulerSuspended
                0x00014394       0x18 ./freertos/FreeRTOS_Trace/trcKernelPort.o
                0x00014394                prvTraceIsSchedulerSuspended
 .text.vTraceEnable
                0x000143ac       0x44 ./freertos/FreeRTOS_Trace/trcSnapshotRecorder.o
                0x000143ac                vTraceEnable
 .text.uiTraceStart
                0x000143f0       0xe0 ./freertos/FreeRTOS_Trace/trcSnapshotRecorder.o
                0x000143f0                uiTraceStart
 .text.vTraceStart
                0x000144d0        0xc ./freertos/FreeRTOS_Trace/trcSnapshotRecorder.o
                0x000144d0                vTraceStart
 .text.vTraceStop
                0x000144dc       0x30 ./freertos/FreeRTOS_Trace/trcSnapshotRecorder.o
                0x000144dc                vTraceStop
 .text.xTraceSetISRProperties
                0x0001450c       0x90 ./freertos/FreeRTOS_Trace/trcSnapshotRecorder.o
                0x0001450c                xTraceSetISRProperties
 .text.vTraceStoreISRBegin
                0x0001459c      0x120 ./freertos/FreeRTOS_Trace/trcSnapshotRecorder.o
                0x0001459c                vTraceStoreISRBegin
 .text.vTraceStoreISREnd
                0x000146bc      0x140 ./freertos/FreeRTOS_Trace/trcSnapshotRecorder.o
                0x000146bc                vTraceStoreISREnd
 .text.writeInt8
                0x000147fc       0x50 ./freertos/FreeRTOS_Trace/trcSnapshotRecorder.o
 .text.writeInt16
                0x0001484c       0x74 ./freertos/FreeRTOS_Trace/trcSnapshotRecorder.o
 .text.writeInt32
                0x000148c0       0x70 ./freertos/FreeRTOS_Trace/trcSnapshotRecorder.o
 .text.prvTraceUserEventFormat
                0x00014930      0x2f0 ./freertos/FreeRTOS_Trace/trcSnapshotRecorder.o
 .text.vTracePrintF
                0x00014c20       0x2c ./freertos/FreeRTOS_Trace/trcSnapshotRecorder.o
                0x00014c20                vTracePrintF
 .text.vTracePrintF_Helper
                0x00014c4c      0x150 ./freertos/FreeRTOS_Trace/trcSnapshotRecorder.o
 .text.vTracePrint
                0x00014d9c       0xa0 ./freertos/FreeRTOS_Trace/trcSnapshotRecorder.o
                0x00014d9c                vTracePrint
 .text.xTraceRegisterString
                0x00014e3c       0x48 ./freertos/FreeRTOS_Trace/trcSnapshotRecorder.o
                0x00014e3c                xTraceRegisterString
 .text.prvTraceStoreTaskReady
                0x00014e84       0xc8 ./freertos/FreeRTOS_Trace/trcSnapshotRecorder.o
                0x00014e84                prvTraceStoreTaskReady
 .text.vTraceStoreMemMangEvent
                0x00014f4c      0x114 ./freertos/FreeRTOS_Trace/trcSnapshotRecorder.o
                0x00014f4c                vTraceStoreMemMangEvent
 .text.prvTraceStoreKernelCall
                0x00015060       0xfc ./freertos/FreeRTOS_Trace/trcSnapshotRecorder.o
                0x00015060                prvTraceStoreKernelCall
 .text.prvTraceStoreKernelCallWithParam
                0x0001515c      0x114 ./freertos/FreeRTOS_Trace/trcSnapshotRecorder.o
                0x0001515c                prvTraceStoreKernelCallWithParam
 .text.prvTraceGetParam
                0x00015270       0x78 ./freertos/FreeRTOS_Trace/trcSnapshotRecorder.o
 .text.prvTraceStoreKernelCallWithNumericParamOnly
                0x000152e8       0xcc ./freertos/FreeRTOS_Trace/trcSnapshotRecorder.o
                0x000152e8                prvTraceStoreKernelCallWithNumericParamOnly
 .text.prvTraceStoreTaskswitch
                0x000153b4       0xe4 ./freertos/FreeRTOS_Trace/trcSnapshotRecorder.o
                0x000153b4                prvTraceStoreTaskswitch
 .text.prvTraceStoreObjectNameOnCloseEvent
                0x00015498       0xa4 ./freertos/FreeRTOS_Trace/trcSnapshotRecorder.o
                0x00015498                prvTraceStoreObjectNameOnCloseEvent
 .text.prvTraceStoreObjectPropertiesOnCloseEvent
                0x0001553c       0xd0 ./freertos/FreeRTOS_Trace/trcSnapshotRecorder.o
                0x0001553c                prvTraceStoreObjectPropertiesOnCloseEvent
 .text.prvTraceSetPriorityProperty
                0x0001560c       0x78 ./freertos/FreeRTOS_Trace/trcSnapshotRecorder.o
                0x0001560c                prvTraceSetPriorityProperty
 .text.prvTraceGetPriorityProperty
                0x00015684       0x7c ./freertos/FreeRTOS_Trace/trcSnapshotRecorder.o
                0x00015684                prvTraceGetPriorityProperty
 .text.prvTraceSetObjectState
                0x00015700       0x78 ./freertos/FreeRTOS_Trace/trcSnapshotRecorder.o
                0x00015700                prvTraceSetObjectState
 .text.prvTraceGetObjectState
                0x00015778       0x78 ./freertos/FreeRTOS_Trace/trcSnapshotRecorder.o
 .text.prvTraceSetTaskInstanceFinished
                0x000157f0       0x54 ./freertos/FreeRTOS_Trace/trcSnapshotRecorder.o
                0x000157f0                prvTraceSetTaskInstanceFinished
 .text.prvTraceInitTraceData
                0x00015844      0x230 ./freertos/FreeRTOS_Trace/trcSnapshotRecorder.o
 .text.prvTraceNextFreeEventBufferSlot
                0x00015a74       0x48 ./freertos/FreeRTOS_Trace/trcSnapshotRecorder.o
 .text.uiIndexOfObject
                0x00015abc       0xb0 ./freertos/FreeRTOS_Trace/trcSnapshotRecorder.o
                0x00015abc                uiIndexOfObject
 .text.prvTraceGetObjectHandle
                0x00015b6c      0x15c ./freertos/FreeRTOS_Trace/trcSnapshotRecorder.o
                0x00015b6c                prvTraceGetObjectHandle
 .text.prvTraceFreeObjectHandle
                0x00015cc8       0xa0 ./freertos/FreeRTOS_Trace/trcSnapshotRecorder.o
                0x00015cc8                prvTraceFreeObjectHandle
 .text.prvMarkObjectAsUsed
                0x00015d68       0x3c ./freertos/FreeRTOS_Trace/trcSnapshotRecorder.o
                0x00015d68                prvMarkObjectAsUsed
 .text.prvStrncpy
                0x00015da4       0x4a ./freertos/FreeRTOS_Trace/trcSnapshotRecorder.o
 *fill*         0x00015dee        0x2 ff
 .text.prvTraceSetObjectName
                0x00015df0       0xbc ./freertos/FreeRTOS_Trace/trcSnapshotRecorder.o
                0x00015df0                prvTraceSetObjectName
 .text.prvTraceOpenSymbol
                0x00015eac       0xa4 ./freertos/FreeRTOS_Trace/trcSnapshotRecorder.o
 .text.prvTraceError
                0x00015f50       0x58 ./freertos/FreeRTOS_Trace/trcSnapshotRecorder.o
                0x00015f50                prvTraceError
 .text.prvTraceUpdateCounters
                0x00015fa8       0x3c ./freertos/FreeRTOS_Trace/trcSnapshotRecorder.o
 .text.prvTraceGetDTS
                0x00015fe4      0x1b4 ./freertos/FreeRTOS_Trace/trcSnapshotRecorder.o
 .text.prvTraceLookupSymbolTableEntry
                0x00016198       0xf8 ./freertos/FreeRTOS_Trace/trcSnapshotRecorder.o
 .text.prvTraceCreateSymbolTableEntry
                0x00016290      0x17c ./freertos/FreeRTOS_Trace/trcSnapshotRecorder.o
 .text.prvTraceGetChecksum
                0x0001640c       0x8c ./freertos/FreeRTOS_Trace/trcSnapshotRecorder.o
 .text.prvTracePortGetTimeStamp
                0x00016498       0x98 ./freertos/FreeRTOS_Trace/trcSnapshotRecorder.o
                0x00016498                prvTracePortGetTimeStamp
 .text._0_Deplacement_Init
                0x00016530       0x28 ./Strategie/Deplacement/0_Deplacements.o
                0x00016530                _0_Deplacement_Init
 .text._0_Infos_Init
                0x00016558       0x18 ./Strategie/0_Infos.o
                0x00016558                _0_Infos_Init
 .text._0_Update_Card_Datas
                0x00016570       0x54 ./Strategie/0_Infos.o
                0x00016570                _0_Update_Card_Datas
 .text.NVIC_EnableIRQ
                0x000165c4       0x30 ./Communication/USB/src/cdc_usb_main.o
 .text.NVIC_SetPriority
                0x000165f4       0x54 ./Communication/USB/src/cdc_usb_main.o
 .text.usb_pin_clk_init
                0x00016648       0x12 ./Communication/USB/src/cdc_usb_main.o
 .text.find_IntfDesc
                0x0001665a       0x5c ./Communication/USB/src/cdc_usb_main.o
                0x0001665a                find_IntfDesc
 *fill*         0x000166b6        0x2 ff
 .text.usb_main
                0x000166b8       0xc0 ./Communication/USB/src/cdc_usb_main.o
                0x000166b8                usb_main
 .text.NVIC_EnableIRQ
                0x00016778       0x30 ./Communication/USB/src/cdc_vcom.o
 .text.NVIC_DisableIRQ
                0x000167a8       0x34 ./Communication/USB/src/cdc_vcom.o
 .text.VCOM_bulk_in_hdlr
                0x000167dc       0x32 ./Communication/USB/src/cdc_vcom.o
 *fill*         0x0001680e        0x2 ff
 .text.VCOM_bulk_out_hdlr
                0x00016810       0xec ./Communication/USB/src/cdc_vcom.o
 .text.VCOM_SetLineCode
                0x000168fc       0x28 ./Communication/USB/src/cdc_vcom.o
 .text.vcom_init
                0x00016924       0xec ./Communication/USB/src/cdc_vcom.o
                0x00016924                vcom_init
 .text.vcom_bread
                0x00016a10       0x8c ./Communication/USB/src/cdc_vcom.o
                0x00016a10                vcom_bread
 .text.vcom_write
                0x00016a9c       0x74 ./Communication/USB/src/cdc_vcom.o
                0x00016a9c                vcom_write
 .text.Chip_IOCON_PinMux
                0x00016b10       0x94 ./Communication/RS485/0_RS485.o
 .text.Chip_GPIO_SetPinState
                0x00016ba4       0x64 ./Communication/RS485/0_RS485.o
 .text.Chip_GPIO_WritePortBit
                0x00016c08       0x2c ./Communication/RS485/0_RS485.o
 .text.Chip_GPIO_SetPinDIROutput
                0x00016c34       0x36 ./Communication/RS485/0_RS485.o
 .text.Chip_GPIO_SetPinDIRInput
                0x00016c6a       0x3a ./Communication/RS485/0_RS485.o
 .text.Chip_GPIO_SetPinDIR
                0x00016ca4       0x42 ./Communication/RS485/0_RS485.o
 .text.Chip_GPIO_WriteDirBit
                0x00016ce6       0x2e ./Communication/RS485/0_RS485.o
 .text._0_RS485_Init
                0x00016d14       0x48 ./Communication/RS485/0_RS485.o
                0x00016d14                _0_RS485_Init
 .text._0_RS485_Master_Mode
                0x00016d5c       0x28 ./Communication/RS485/0_RS485.o
                0x00016d5c                _0_RS485_Master_Mode
 .text._0_RS485_Slave_Mode
                0x00016d84       0x28 ./Communication/RS485/0_RS485.o
                0x00016d84                _0_RS485_Slave_Mode
 .text.NVIC_DisableIRQ
                0x00016dac       0x34 ./Communication/0_Communication.o
 .text.NVIC_ClearPendingIRQ
                0x00016de0       0x34 ./Communication/0_Communication.o
 .text.NVIC_SetPriority
                0x00016e14       0x54 ./Communication/0_Communication.o
 .text.Chip_IOCON_PinMux
                0x00016e68       0x94 ./Communication/0_Communication.o
 .text.Chip_UART_SendByte
                0x00016efc       0x1c ./Communication/0_Communication.o
 .text.Chip_UART_IntEnable
                0x00016f18       0x20 ./Communication/0_Communication.o
 .text.Chip_UART_IntDisable
                0x00016f38       0x22 ./Communication/0_Communication.o
 .text.Chip_UART_SetupFIFOS
                0x00016f5a       0x1a ./Communication/0_Communication.o
 .text.Chip_UART_ConfigData
                0x00016f74       0x1a ./Communication/0_Communication.o
 .text.Chip_UART_ReadLineStatus
                0x00016f8e       0x16 ./Communication/0_Communication.o
 .text.vcom_connected
                0x00016fa4       0x1c ./Communication/0_Communication.o
 .text._0_Communication_Init
                0x00016fc0       0x98 ./Communication/0_Communication.o
                0x00016fc0                _0_Communication_Init
 .text._0_Communication_Init_USB
                0x00017058       0x34 ./Communication/0_Communication.o
                0x00017058                _0_Communication_Init_USB
 .text._0_Communication_Init_RS485
                0x0001708c       0xb8 ./Communication/0_Communication.o
                0x0001708c                _0_Communication_Init_RS485
 .text.UART1_IRQHandler
                0x00017144       0xe0 ./Communication/0_Communication.o
                0x00017144                UART1_IRQHandler
 .text.USB_IRQHandler
                0x00017224      0x104 ./Communication/0_Communication.o
                0x00017224                USB_IRQHandler
 .text._0_Communication_Send_Data
                0x00017328       0xc4 ./Communication/0_Communication.o
                0x00017328                _0_Communication_Send_Data
 .text._0_Communication_Send_RS485
                0x000173ec       0x6a ./Communication/0_Communication.o
                0x000173ec                _0_Communication_Send_RS485
 .text._0_Communication_Send_USB
                0x00017456       0x2e ./Communication/0_Communication.o
                0x00017456                _0_Communication_Send_USB
 .text._0_Communication_Init_Event_Group
                0x00017484       0x28 ./Communication/0_Event_Group.o
                0x00017484                _0_Communication_Init_Event_Group
 .text.NVIC_EnableIRQ
                0x000174ac       0x30 ./Communication/1_Trame_Communication.o
 .text._1_Communication_Init
                0x000174dc       0x48 ./Communication/1_Trame_Communication.o
                0x000174dc                _1_Communication_Init
 .text._1_Communication_Create_Queues_Semaphores
                0x00017524       0x3c ./Communication/1_Trame_Communication.o
                0x00017524                _1_Communication_Create_Queues_Semaphores
 .text._1_Communication_Wait_To_Send
                0x00017560       0x38 ./Communication/1_Trame_Communication.o
                0x00017560                _1_Communication_Wait_To_Send
 .text._1_Communication_Free_Send_Bit
                0x00017598       0x18 ./Communication/1_Trame_Communication.o
                0x00017598                _1_Communication_Free_Send_Bit
 .text._1_Communication_Wait_To_Receive
                0x000175b0       0x38 ./Communication/1_Trame_Communication.o
                0x000175b0                _1_Communication_Wait_To_Receive
 .text._1_Communication_Free_Receive_Bit
                0x000175e8       0x18 ./Communication/1_Trame_Communication.o
                0x000175e8                _1_Communication_Free_Receive_Bit
 .text._1_Communication_Create_Trame
                0x00017600      0x130 ./Communication/1_Trame_Communication.o
                0x00017600                _1_Communication_Create_Trame
 .text._1_Communication_Create_Trame_From_Buffer
                0x00017730      0x374 ./Communication/1_Trame_Communication.o
                0x00017730                _1_Communication_Create_Trame_From_Buffer
 .text._1_Communication_Check_Rx_Adresse
                0x00017aa4       0x5a ./Communication/1_Trame_Communication.o
                0x00017aa4                _1_Communication_Check_Rx_Adresse
 .text._1_Communication_Check_Priority_Messages
                0x00017afe       0x14 ./Communication/1_Trame_Communication.o
                0x00017afe                _1_Communication_Check_Priority_Messages
 *fill*         0x00017b12        0x2 ff
 .text._1_Communication_Recomposition_Rx
                0x00017b14       0xa0 ./Communication/1_Trame_Communication.o
                0x00017b14                _1_Communication_Recomposition_Rx
 .text._2_Communication_Init
                0x00017bb4       0x18 ./Communication/2_Echange_Datas.o
                0x00017bb4                _2_Communication_Init
 .text._2_Comm_Send_Demande_Info
                0x00017bcc       0x54 ./Communication/2_Echange_Datas.o
                0x00017bcc                _2_Comm_Send_Demande_Info
 .text._2_Comm_Send_PING
                0x00017c20       0x54 ./Communication/2_Echange_Datas.o
                0x00017c20                _2_Comm_Send_PING
 .text._2_Comm_Send_PONG
                0x00017c74       0x80 ./Communication/2_Echange_Datas.o
                0x00017c74                _2_Comm_Send_PONG
 .text._2_Comm_Send_Log_Message
                0x00017cf4      0x13c ./Communication/2_Echange_Datas.o
                0x00017cf4                _2_Comm_Send_Log_Message
 .text._2_Communication_Boards_Status
                0x00017e30       0x58 ./Communication/2_Echange_Datas.o
                0x00017e30                _2_Communication_Boards_Status
 .text._2_Communication_RX_Init
                0x00017e88       0x30 ./Communication/2_Echange_Datas_Reception.o
                0x00017e88                _2_Communication_RX_Init
 .text._2_Communication_RX_Lectures_Messages
                0x00017eb8       0x98 ./Communication/2_Echange_Datas_Reception.o
                0x00017eb8                _2_Communication_RX_Lectures_Messages
 .text._2_Communication_RX_Reponse_Infos
                0x00017f50       0x2c ./Communication/2_Echange_Datas_Reception.o
                0x00017f50                _2_Communication_RX_Reponse_Infos
 .text.SystemCoreClockUpdate
                0x00017f7c       0x10 D:\Developpement_Robot\Robotic-System.git\trunk\Workspaces\MultiWorkSpaces_2021\0_lpc_chip_175x_6x\Release\lib0_lpc_chip_175x_6x.a(chip_17xx_40xx.o)
                0x00017f7c                SystemCoreClockUpdate
 .text.Chip_USB_Init
                0x00017f8c       0x40 D:\Developpement_Robot\Robotic-System.git\trunk\Workspaces\MultiWorkSpaces_2021\0_lpc_chip_175x_6x\Release\lib0_lpc_chip_175x_6x.a(chip_17xx_40xx.o)
                0x00017f8c                Chip_USB_Init
 .text.Chip_Clock_EnablePLL
                0x00017fcc       0x24 D:\Developpement_Robot\Robotic-System.git\trunk\Workspaces\MultiWorkSpaces_2021\0_lpc_chip_175x_6x\Release\lib0_lpc_chip_175x_6x.a(clock_17xx_40xx.o)
                0x00017fcc                Chip_Clock_EnablePLL
 .text.Chip_Clock_DisablePLL
                0x00017ff0       0x26 D:\Developpement_Robot\Robotic-System.git\trunk\Workspaces\MultiWorkSpaces_2021\0_lpc_chip_175x_6x\Release\lib0_lpc_chip_175x_6x.a(clock_17xx_40xx.o)
                0x00017ff0                Chip_Clock_DisablePLL
 .text.Chip_Clock_SetupPLL
                0x00018016       0x30 D:\Developpement_Robot\Robotic-System.git\trunk\Workspaces\MultiWorkSpaces_2021\0_lpc_chip_175x_6x\Release\lib0_lpc_chip_175x_6x.a(clock_17xx_40xx.o)
                0x00018016                Chip_Clock_SetupPLL
 *fill*         0x00018046        0x2 ff
 .text.Chip_Clock_EnablePeriphClock
                0x00018048       0x18 D:\Developpement_Robot\Robotic-System.git\trunk\Workspaces\MultiWorkSpaces_2021\0_lpc_chip_175x_6x\Release\lib0_lpc_chip_175x_6x.a(clock_17xx_40xx.o)
                0x00018048                Chip_Clock_EnablePeriphClock
 .text.Chip_Clock_GetCPUClockSource
                0x00018060       0x10 D:\Developpement_Robot\Robotic-System.git\trunk\Workspaces\MultiWorkSpaces_2021\0_lpc_chip_175x_6x\Release\lib0_lpc_chip_175x_6x.a(clock_17xx_40xx.o)
                0x00018060                Chip_Clock_GetCPUClockSource
 .text.Chip_Clock_SetCPUClockDiv
                0x00018070        0xc D:\Developpement_Robot\Robotic-System.git\trunk\Workspaces\MultiWorkSpaces_2021\0_lpc_chip_175x_6x\Release\lib0_lpc_chip_175x_6x.a(clock_17xx_40xx.o)
                0x00018070                Chip_Clock_SetCPUClockDiv
 .text.Chip_Clock_GetCPUClockDiv
                0x0001807c       0x10 D:\Developpement_Robot\Robotic-System.git\trunk\Workspaces\MultiWorkSpaces_2021\0_lpc_chip_175x_6x\Release\lib0_lpc_chip_175x_6x.a(clock_17xx_40xx.o)
                0x0001807c                Chip_Clock_GetCPUClockDiv
 .text.Chip_Clock_GetPCLKDiv
                0x0001808c       0x38 D:\Developpement_Robot\Robotic-System.git\trunk\Workspaces\MultiWorkSpaces_2021\0_lpc_chip_175x_6x\Release\lib0_lpc_chip_175x_6x.a(clock_17xx_40xx.o)
                0x0001808c                Chip_Clock_GetPCLKDiv
 .text.Chip_Clock_GetSYSCLKRate
                0x000180c4       0x38 D:\Developpement_Robot\Robotic-System.git\trunk\Workspaces\MultiWorkSpaces_2021\0_lpc_chip_175x_6x\Release\lib0_lpc_chip_175x_6x.a(clock_17xx_40xx.o)
                0x000180c4                Chip_Clock_GetSYSCLKRate
 .text.Chip_Clock_GetMainPLLOutClockRate
                0x000180fc       0x34 D:\Developpement_Robot\Robotic-System.git\trunk\Workspaces\MultiWorkSpaces_2021\0_lpc_chip_175x_6x\Release\lib0_lpc_chip_175x_6x.a(clock_17xx_40xx.o)
                0x000180fc                Chip_Clock_GetMainPLLOutClockRate
 .text.Chip_Clock_GetMainClockRate
                0x00018130       0x20 D:\Developpement_Robot\Robotic-System.git\trunk\Workspaces\MultiWorkSpaces_2021\0_lpc_chip_175x_6x\Release\lib0_lpc_chip_175x_6x.a(clock_17xx_40xx.o)
                0x00018130                Chip_Clock_GetMainClockRate
 .text.Chip_Clock_GetSystemClockRate
                0x00018150       0x12 D:\Developpement_Robot\Robotic-System.git\trunk\Workspaces\MultiWorkSpaces_2021\0_lpc_chip_175x_6x\Release\lib0_lpc_chip_175x_6x.a(clock_17xx_40xx.o)
                0x00018150                Chip_Clock_GetSystemClockRate
 .text.Chip_Clock_GetPeripheralClockRate
                0x00018162       0x16 D:\Developpement_Robot\Robotic-System.git\trunk\Workspaces\MultiWorkSpaces_2021\0_lpc_chip_175x_6x\Release\lib0_lpc_chip_175x_6x.a(clock_17xx_40xx.o)
                0x00018162                Chip_Clock_GetPeripheralClockRate
 .text.RingBuffer_Init
                0x00018178       0x10 D:\Developpement_Robot\Robotic-System.git\trunk\Workspaces\MultiWorkSpaces_2021\0_lpc_chip_175x_6x\Release\lib0_lpc_chip_175x_6x.a(ring_buffer.o)
                0x00018178                RingBuffer_Init
 .text.RingBuffer_Insert
                0x00018188       0x30 D:\Developpement_Robot\Robotic-System.git\trunk\Workspaces\MultiWorkSpaces_2021\0_lpc_chip_175x_6x\Release\lib0_lpc_chip_175x_6x.a(ring_buffer.o)
                0x00018188                RingBuffer_Insert
 .text.RingBuffer_InsertMult
                0x000181b8       0x8c D:\Developpement_Robot\Robotic-System.git\trunk\Workspaces\MultiWorkSpaces_2021\0_lpc_chip_175x_6x\Release\lib0_lpc_chip_175x_6x.a(ring_buffer.o)
                0x000181b8                RingBuffer_InsertMult
 .text.RingBuffer_Pop
                0x00018244       0x30 D:\Developpement_Robot\Robotic-System.git\trunk\Workspaces\MultiWorkSpaces_2021\0_lpc_chip_175x_6x\Release\lib0_lpc_chip_175x_6x.a(ring_buffer.o)
                0x00018244                RingBuffer_Pop
 .text.RingBuffer_PopMult
                0x00018274       0x7e D:\Developpement_Robot\Robotic-System.git\trunk\Workspaces\MultiWorkSpaces_2021\0_lpc_chip_175x_6x\Release\lib0_lpc_chip_175x_6x.a(ring_buffer.o)
                0x00018274                RingBuffer_PopMult
 .text.RingBuffer_Count
                0x000182f2        0x8 D:\Developpement_Robot\Robotic-System.git\trunk\Workspaces\MultiWorkSpaces_2021\0_lpc_chip_175x_6x\Release\lib0_lpc_chip_175x_6x.a(ring_buffer.o)
                0x000182f2                RingBuffer_Count
 *fill*         0x000182fa        0x2 ff
 .text.StopWatch_Init
                0x000182fc       0x4c D:\Developpement_Robot\Robotic-System.git\trunk\Workspaces\MultiWorkSpaces_2021\0_lpc_chip_175x_6x\Release\lib0_lpc_chip_175x_6x.a(stopwatch_17xx_40xx.o)
                0x000182fc                StopWatch_Init
 .text.Chip_SetupIrcClocking
                0x00018348       0x64 D:\Developpement_Robot\Robotic-System.git\trunk\Workspaces\MultiWorkSpaces_2021\0_lpc_chip_175x_6x\Release\lib0_lpc_chip_175x_6x.a(sysinit_17xx_40xx.o)
                0x00018348                Chip_SetupIrcClocking
 .text.Chip_SetupXtalClocking
                0x000183ac       0xdc D:\Developpement_Robot\Robotic-System.git\trunk\Workspaces\MultiWorkSpaces_2021\0_lpc_chip_175x_6x\Release\lib0_lpc_chip_175x_6x.a(sysinit_17xx_40xx.o)
                0x000183ac                Chip_SetupXtalClocking
 .text.Chip_SystemInit
                0x00018488        0x4 D:\Developpement_Robot\Robotic-System.git\trunk\Workspaces\MultiWorkSpaces_2021\0_lpc_chip_175x_6x\Release\lib0_lpc_chip_175x_6x.a(sysinit_17xx_40xx.o)
                0x00018488                Chip_SystemInit
 .text.Chip_TIMER_Init
                0x0001848c       0x2c D:\Developpement_Robot\Robotic-System.git\trunk\Workspaces\MultiWorkSpaces_2021\0_lpc_chip_175x_6x\Release\lib0_lpc_chip_175x_6x.a(timer_17xx_40xx.o)
                0x0001848c                Chip_TIMER_Init
 .text.Chip_UART_Init
                0x000184b8       0x58 D:\Developpement_Robot\Robotic-System.git\trunk\Workspaces\MultiWorkSpaces_2021\0_lpc_chip_175x_6x\Release\lib0_lpc_chip_175x_6x.a(uart_17xx_40xx.o)
                0x000184b8                Chip_UART_Init
 .text.Chip_UART_TXEnable
                0x00018510        0x6 D:\Developpement_Robot\Robotic-System.git\trunk\Workspaces\MultiWorkSpaces_2021\0_lpc_chip_175x_6x\Release\lib0_lpc_chip_175x_6x.a(uart_17xx_40xx.o)
                0x00018510                Chip_UART_TXEnable
 *fill*         0x00018516        0x2 ff
 .text.Chip_UART_SetBaud
                0x00018518       0x58 D:\Developpement_Robot\Robotic-System.git\trunk\Workspaces\MultiWorkSpaces_2021\0_lpc_chip_175x_6x\Release\lib0_lpc_chip_175x_6x.a(uart_17xx_40xx.o)
                0x00018518                Chip_UART_SetBaud
 .text.Chip_UART_RXIntHandlerRB
                0x00018570       0x22 D:\Developpement_Robot\Robotic-System.git\trunk\Workspaces\MultiWorkSpaces_2021\0_lpc_chip_175x_6x\Release\lib0_lpc_chip_175x_6x.a(uart_17xx_40xx.o)
                0x00018570                Chip_UART_RXIntHandlerRB
 .text.Chip_UART_TXIntHandlerRB
                0x00018592       0x24 D:\Developpement_Robot\Robotic-System.git\trunk\Workspaces\MultiWorkSpaces_2021\0_lpc_chip_175x_6x\Release\lib0_lpc_chip_175x_6x.a(uart_17xx_40xx.o)
                0x00018592                Chip_UART_TXIntHandlerRB
 *fill*         0x000185b6        0x2 ff
 .text.Chip_UART_IRQRBHandler
                0x000185b8       0x68 D:\Developpement_Robot\Robotic-System.git\trunk\Workspaces\MultiWorkSpaces_2021\0_lpc_chip_175x_6x\Release\lib0_lpc_chip_175x_6x.a(uart_17xx_40xx.o)
                0x000185b8                Chip_UART_IRQRBHandler
 .text.Set_Clock_in
                0x00018620        0xc D:\Developpement_Robot\Robotic-System.git\trunk\Workspaces\MultiWorkSpaces_2021\0_lpc_board_nxp_lpcxpresso_1769\Release\lib0_lpc_board_nxp_lpcxpresso_1769.a(board.o)
                0x00018620                Set_Clock_in
 .text.Board_Init
                0x0001862c       0x12 D:\Developpement_Robot\Robotic-System.git\trunk\Workspaces\MultiWorkSpaces_2021\0_lpc_board_nxp_lpcxpresso_1769\Release\lib0_lpc_board_nxp_lpcxpresso_1769.a(board.o)
                0x0001862c                Board_Init
 *fill*         0x0001863e        0x2 ff
 .text.Board_USBD_Init
                0x00018640       0x50 D:\Developpement_Robot\Robotic-System.git\trunk\Workspaces\MultiWorkSpaces_2021\0_lpc_board_nxp_lpcxpresso_1769\Release\lib0_lpc_board_nxp_lpcxpresso_1769.a(board.o)
                0x00018640                Board_USBD_Init
 .text.EPAdr    0x00018690       0x10 D:\Developpement_Robot\Robotic-System.git\trunk\Workspaces\MultiWorkSpaces_2021\0_lpc_chip_175x_6x\libs\libusbd_175x_6x_lib.a(hw_usbd_ip3503.o)
                0x00018690                EPAdr
 .text.hwWrCmd  0x000186a0       0x10 D:\Developpement_Robot\Robotic-System.git\trunk\Workspaces\MultiWorkSpaces_2021\0_lpc_chip_175x_6x\libs\libusbd_175x_6x_lib.a(hw_usbd_ip3503.o)
                0x000186a0                hwWrCmd
 .text.hwWrCmdDat
                0x000186b0       0x16 D:\Developpement_Robot\Robotic-System.git\trunk\Workspaces\MultiWorkSpaces_2021\0_lpc_chip_175x_6x\libs\libusbd_175x_6x_lib.a(hw_usbd_ip3503.o)
                0x000186b0                hwWrCmdDat
 .text.hwWrCmdEP
                0x000186c6       0x24 D:\Developpement_Robot\Robotic-System.git\trunk\Workspaces\MultiWorkSpaces_2021\0_lpc_chip_175x_6x\libs\libusbd_175x_6x_lib.a(hw_usbd_ip3503.o)
                0x000186c6                hwWrCmdEP
 .text.hwRdCmdDat
                0x000186ea       0x12 D:\Developpement_Robot\Robotic-System.git\trunk\Workspaces\MultiWorkSpaces_2021\0_lpc_chip_175x_6x\libs\libusbd_175x_6x_lib.a(hw_usbd_ip3503.o)
                0x000186ea                hwRdCmdDat
 .text.hwUSB_GetMemSize
                0x000186fc        0x6 D:\Developpement_Robot\Robotic-System.git\trunk\Workspaces\MultiWorkSpaces_2021\0_lpc_chip_175x_6x\libs\libusbd_175x_6x_lib.a(hw_usbd_ip3503.o)
                0x000186fc                hwUSB_GetMemSize
 *fill*         0x00018702        0x2 ff
 .text.hwUSB_Connect
                0x00018704       0x1c D:\Developpement_Robot\Robotic-System.git\trunk\Workspaces\MultiWorkSpaces_2021\0_lpc_chip_175x_6x\libs\libusbd_175x_6x_lib.a(hw_usbd_ip3503.o)
                0x00018704                hwUSB_Connect
 .text.hwUSB_Reset
                0x00018720       0x30 D:\Developpement_Robot\Robotic-System.git\trunk\Workspaces\MultiWorkSpaces_2021\0_lpc_chip_175x_6x\libs\libusbd_175x_6x_lib.a(hw_usbd_ip3503.o)
                0x00018720                hwUSB_Reset
 .text.hwUSB_WakeUp
                0x00018750       0x20 D:\Developpement_Robot\Robotic-System.git\trunk\Workspaces\MultiWorkSpaces_2021\0_lpc_chip_175x_6x\libs\libusbd_175x_6x_lib.a(hw_usbd_ip3503.o)
                0x00018750                hwUSB_WakeUp
 .text.hwUSB_WakeUpCfg
                0x00018770        0x2 D:\Developpement_Robot\Robotic-System.git\trunk\Workspaces\MultiWorkSpaces_2021\0_lpc_chip_175x_6x\libs\libusbd_175x_6x_lib.a(hw_usbd_ip3503.o)
                0x00018770                hwUSB_WakeUpCfg
 *fill*         0x00018772        0x2 ff
 .text.hwUSB_SetAddress
                0x00018774       0x30 D:\Developpement_Robot\Robotic-System.git\trunk\Workspaces\MultiWorkSpaces_2021\0_lpc_chip_175x_6x\libs\libusbd_175x_6x_lib.a(hw_usbd_ip3503.o)
                0x00018774                hwUSB_SetAddress
 .text.hwUSB_Init
                0x000187a4       0x84 D:\Developpement_Robot\Robotic-System.git\trunk\Workspaces\MultiWorkSpaces_2021\0_lpc_chip_175x_6x\libs\libusbd_175x_6x_lib.a(hw_usbd_ip3503.o)
                0x000187a4                hwUSB_Init
 .text.hwUSB_Configure
                0x00018828       0x34 D:\Developpement_Robot\Robotic-System.git\trunk\Workspaces\MultiWorkSpaces_2021\0_lpc_chip_175x_6x\libs\libusbd_175x_6x_lib.a(hw_usbd_ip3503.o)
                0x00018828                hwUSB_Configure
 .text.hwUSB_ConfigEP
                0x0001885c       0x32 D:\Developpement_Robot\Robotic-System.git\trunk\Workspaces\MultiWorkSpaces_2021\0_lpc_chip_175x_6x\libs\libusbd_175x_6x_lib.a(hw_usbd_ip3503.o)
                0x0001885c                hwUSB_ConfigEP
 .text.hwUSB_DirCtrlEP
                0x0001888e        0x2 D:\Developpement_Robot\Robotic-System.git\trunk\Workspaces\MultiWorkSpaces_2021\0_lpc_chip_175x_6x\libs\libusbd_175x_6x_lib.a(hw_usbd_ip3503.o)
                0x0001888e                hwUSB_DirCtrlEP
 .text.hwUSB_EnableEP
                0x00018890       0x24 D:\Developpement_Robot\Robotic-System.git\trunk\Workspaces\MultiWorkSpaces_2021\0_lpc_chip_175x_6x\libs\libusbd_175x_6x_lib.a(hw_usbd_ip3503.o)
                0x00018890                hwUSB_EnableEP
 .text.hwUSB_DisableEP
                0x000188b4       0x28 D:\Developpement_Robot\Robotic-System.git\trunk\Workspaces\MultiWorkSpaces_2021\0_lpc_chip_175x_6x\libs\libusbd_175x_6x_lib.a(hw_usbd_ip3503.o)
                0x000188b4                hwUSB_DisableEP
 .text.hwUSB_ResetEP
                0x000188dc       0x24 D:\Developpement_Robot\Robotic-System.git\trunk\Workspaces\MultiWorkSpaces_2021\0_lpc_chip_175x_6x\libs\libusbd_175x_6x_lib.a(hw_usbd_ip3503.o)
                0x000188dc                hwUSB_ResetEP
 .text.hwUSB_SetStallEP
                0x00018900       0x28 D:\Developpement_Robot\Robotic-System.git\trunk\Workspaces\MultiWorkSpaces_2021\0_lpc_chip_175x_6x\libs\libusbd_175x_6x_lib.a(hw_usbd_ip3503.o)
                0x00018900                hwUSB_SetStallEP
 .text.hwUSB_ClrStallEP
                0x00018928       0x24 D:\Developpement_Robot\Robotic-System.git\trunk\Workspaces\MultiWorkSpaces_2021\0_lpc_chip_175x_6x\libs\libusbd_175x_6x_lib.a(hw_usbd_ip3503.o)
                0x00018928                hwUSB_ClrStallEP
 .text.hwUSB_EnableEvent
                0x0001894c       0xd8 D:\Developpement_Robot\Robotic-System.git\trunk\Workspaces\MultiWorkSpaces_2021\0_lpc_chip_175x_6x\libs\libusbd_175x_6x_lib.a(hw_usbd_ip3503.o)
                0x0001894c                hwUSB_EnableEvent
 .text.hwUSB_ReadEP
                0x00018a24       0x80 D:\Developpement_Robot\Robotic-System.git\trunk\Workspaces\MultiWorkSpaces_2021\0_lpc_chip_175x_6x\libs\libusbd_175x_6x_lib.a(hw_usbd_ip3503.o)
                0x00018a24                hwUSB_ReadEP
 .text.hwUSB_ForceFullSpeed
                0x00018aa4        0x2 D:\Developpement_Robot\Robotic-System.git\trunk\Workspaces\MultiWorkSpaces_2021\0_lpc_chip_175x_6x\libs\libusbd_175x_6x_lib.a(hw_usbd_ip3503.o)
                0x00018aa4                hwUSB_ForceFullSpeed
 .text.hwUSB_SetTestMode
                0x00018aa6        0x4 D:\Developpement_Robot\Robotic-System.git\trunk\Workspaces\MultiWorkSpaces_2021\0_lpc_chip_175x_6x\libs\libusbd_175x_6x_lib.a(hw_usbd_ip3503.o)
                0x00018aa6                hwUSB_SetTestMode
 .text.hwUSB_ReadReqEP
                0x00018aaa        0x4 D:\Developpement_Robot\Robotic-System.git\trunk\Workspaces\MultiWorkSpaces_2021\0_lpc_chip_175x_6x\libs\libusbd_175x_6x_lib.a(hw_usbd_ip3503.o)
                0x00018aaa                hwUSB_ReadReqEP
 .text.hwUSB_ReadSetupPkt
                0x00018aae        0x4 D:\Developpement_Robot\Robotic-System.git\trunk\Workspaces\MultiWorkSpaces_2021\0_lpc_chip_175x_6x\libs\libusbd_175x_6x_lib.a(hw_usbd_ip3503.o)
                0x00018aae                hwUSB_ReadSetupPkt
 *fill*         0x00018ab2        0x2 ff
 .text.hwUSB_WriteEP
                0x00018ab4       0x44 D:\Developpement_Robot\Robotic-System.git\trunk\Workspaces\MultiWorkSpaces_2021\0_lpc_chip_175x_6x\libs\libusbd_175x_6x_lib.a(hw_usbd_ip3503.o)
                0x00018ab4                hwUSB_WriteEP
 .text.hwUSB_ISR
                0x00018af8      0x1a0 D:\Developpement_Robot\Robotic-System.git\trunk\Workspaces\MultiWorkSpaces_2021\0_lpc_chip_175x_6x\libs\libusbd_175x_6x_lib.a(hw_usbd_ip3503.o)
                0x00018af8                hwUSB_ISR
 .text.mwCDC_SetRequest
                0x00018c98       0x7c D:\Developpement_Robot\Robotic-System.git\trunk\Workspaces\MultiWorkSpaces_2021\0_lpc_chip_175x_6x\libs\libusbd_175x_6x_lib.a(mw_usbd_cdcuser.o)
                0x00018c98                mwCDC_SetRequest
 .text.mwCDC_ep0_hdlr
                0x00018d14       0xb0 D:\Developpement_Robot\Robotic-System.git\trunk\Workspaces\MultiWorkSpaces_2021\0_lpc_chip_175x_6x\libs\libusbd_175x_6x_lib.a(mw_usbd_cdcuser.o)
                0x00018d14                mwCDC_ep0_hdlr
 .text.mwCDC_GetRequest
                0x00018dc4       0x50 D:\Developpement_Robot\Robotic-System.git\trunk\Workspaces\MultiWorkSpaces_2021\0_lpc_chip_175x_6x\libs\libusbd_175x_6x_lib.a(mw_usbd_cdcuser.o)
                0x00018dc4                mwCDC_GetRequest
 .text.mwCDC_SendNotification
                0x00018e14       0x50 D:\Developpement_Robot\Robotic-System.git\trunk\Workspaces\MultiWorkSpaces_2021\0_lpc_chip_175x_6x\libs\libusbd_175x_6x_lib.a(mw_usbd_cdcuser.o)
                0x00018e14                mwCDC_SendNotification
 .text.mwCDC_GetMemSize
                0x00018e64        0x4 D:\Developpement_Robot\Robotic-System.git\trunk\Workspaces\MultiWorkSpaces_2021\0_lpc_chip_175x_6x\libs\libusbd_175x_6x_lib.a(mw_usbd_cdcuser.o)
                0x00018e64                mwCDC_GetMemSize
 .text.mwCDC_init
                0x00018e68      0x140 D:\Developpement_Robot\Robotic-System.git\trunk\Workspaces\MultiWorkSpaces_2021\0_lpc_chip_175x_6x\libs\libusbd_175x_6x_lib.a(mw_usbd_cdcuser.o)
                0x00018e68                mwCDC_init
 .text.USB_ReqGetConfiguration
                0x00018fa8       0x20 D:\Developpement_Robot\Robotic-System.git\trunk\Workspaces\MultiWorkSpaces_2021\0_lpc_chip_175x_6x\libs\libusbd_175x_6x_lib.a(mw_usbd_core.o)
                0x00018fa8                USB_ReqGetConfiguration
 .text.USBD_virt_to_phys
                0x00018fc8        0x2 D:\Developpement_Robot\Robotic-System.git\trunk\Workspaces\MultiWorkSpaces_2021\0_lpc_chip_175x_6x\libs\libusbd_175x_6x_lib.a(mw_usbd_core.o)
                0x00018fc8                USBD_virt_to_phys
 .text.USBD_cache_flush
                0x00018fca        0x2 D:\Developpement_Robot\Robotic-System.git\trunk\Workspaces\MultiWorkSpaces_2021\0_lpc_chip_175x_6x\libs\libusbd_175x_6x_lib.a(mw_usbd_core.o)
                0x00018fca                USBD_cache_flush
 .text.USB_ReqGetStatus
                0x00018fcc       0x8c D:\Developpement_Robot\Robotic-System.git\trunk\Workspaces\MultiWorkSpaces_2021\0_lpc_chip_175x_6x\libs\libusbd_175x_6x_lib.a(mw_usbd_core.o)
                0x00018fcc                USB_ReqGetStatus
 .text.USB_ReqGetDescriptor
                0x00019058       0x84 D:\Developpement_Robot\Robotic-System.git\trunk\Workspaces\MultiWorkSpaces_2021\0_lpc_chip_175x_6x\libs\libusbd_175x_6x_lib.a(mw_usbd_core.o)
                0x00019058                USB_ReqGetDescriptor
 .text.USB_ReqGetInterface
                0x000190dc       0x34 D:\Developpement_Robot\Robotic-System.git\trunk\Workspaces\MultiWorkSpaces_2021\0_lpc_chip_175x_6x\libs\libusbd_175x_6x_lib.a(mw_usbd_core.o)
                0x000190dc                USB_ReqGetInterface
 .text.USB_ReqSetClrFeature
                0x00019110       0xb4 D:\Developpement_Robot\Robotic-System.git\trunk\Workspaces\MultiWorkSpaces_2021\0_lpc_chip_175x_6x\libs\libusbd_175x_6x_lib.a(mw_usbd_core.o)
                0x00019110                USB_ReqSetClrFeature
 .text.USB_ReqSetConfiguration
                0x000191c4      0x194 D:\Developpement_Robot\Robotic-System.git\trunk\Workspaces\MultiWorkSpaces_2021\0_lpc_chip_175x_6x\libs\libusbd_175x_6x_lib.a(mw_usbd_core.o)
                0x000191c4                USB_ReqSetConfiguration
 .text.USB_ReqSetInterface
                0x00019358      0x144 D:\Developpement_Robot\Robotic-System.git\trunk\Workspaces\MultiWorkSpaces_2021\0_lpc_chip_175x_6x\libs\libusbd_175x_6x_lib.a(mw_usbd_core.o)
                0x00019358                USB_ReqSetInterface
 .text.mwUSB_SetupStage
                0x0001949c        0xa D:\Developpement_Robot\Robotic-System.git\trunk\Workspaces\MultiWorkSpaces_2021\0_lpc_chip_175x_6x\libs\libusbd_175x_6x_lib.a(mw_usbd_core.o)
                0x0001949c                mwUSB_SetupStage
 .text.mwUSB_DataInStage
                0x000194a6       0x2e D:\Developpement_Robot\Robotic-System.git\trunk\Workspaces\MultiWorkSpaces_2021\0_lpc_chip_175x_6x\libs\libusbd_175x_6x_lib.a(mw_usbd_core.o)
                0x000194a6                mwUSB_DataInStage
 .text.mwUSB_DataOutStage
                0x000194d4       0x24 D:\Developpement_Robot\Robotic-System.git\trunk\Workspaces\MultiWorkSpaces_2021\0_lpc_chip_175x_6x\libs\libusbd_175x_6x_lib.a(mw_usbd_core.o)
                0x000194d4                mwUSB_DataOutStage
 .text.mwUSB_StatusInStage
                0x000194f8        0xa D:\Developpement_Robot\Robotic-System.git\trunk\Workspaces\MultiWorkSpaces_2021\0_lpc_chip_175x_6x\libs\libusbd_175x_6x_lib.a(mw_usbd_core.o)
                0x000194f8                mwUSB_StatusInStage
 .text.mwUSB_StatusOutStage
                0x00019502        0xa D:\Developpement_Robot\Robotic-System.git\trunk\Workspaces\MultiWorkSpaces_2021\0_lpc_chip_175x_6x\libs\libusbd_175x_6x_lib.a(mw_usbd_core.o)
                0x00019502                mwUSB_StatusOutStage
 .text.mwUSB_StallEp0
                0x0001950c       0x12 D:\Developpement_Robot\Robotic-System.git\trunk\Workspaces\MultiWorkSpaces_2021\0_lpc_chip_175x_6x\libs\libusbd_175x_6x_lib.a(mw_usbd_core.o)
                0x0001950c                mwUSB_StallEp0
 *fill*         0x0001951e        0x2 ff
 .text.USB_ReqSetAddress
                0x00019520       0x24 D:\Developpement_Robot\Robotic-System.git\trunk\Workspaces\MultiWorkSpaces_2021\0_lpc_chip_175x_6x\libs\libusbd_175x_6x_lib.a(mw_usbd_core.o)
                0x00019520                USB_ReqSetAddress
 .text.USB_InvokeEp0Hdlrs
                0x00019544       0x44 D:\Developpement_Robot\Robotic-System.git\trunk\Workspaces\MultiWorkSpaces_2021\0_lpc_chip_175x_6x\libs\libusbd_175x_6x_lib.a(mw_usbd_core.o)
                0x00019544                USB_InvokeEp0Hdlrs
 .text.mwUSB_ResetCore
                0x00019588       0x26 D:\Developpement_Robot\Robotic-System.git\trunk\Workspaces\MultiWorkSpaces_2021\0_lpc_chip_175x_6x\libs\libusbd_175x_6x_lib.a(mw_usbd_core.o)
                0x00019588                mwUSB_ResetCore
 *fill*         0x000195ae        0x2 ff
 .text.USB_EvtSetupHandler
                0x000195b0      0x108 D:\Developpement_Robot\Robotic-System.git\trunk\Workspaces\MultiWorkSpaces_2021\0_lpc_chip_175x_6x\libs\libusbd_175x_6x_lib.a(mw_usbd_core.o)
                0x000195b0                USB_EvtSetupHandler
 .text.USB_EvtOutHandler
                0x000196b8       0x68 D:\Developpement_Robot\Robotic-System.git\trunk\Workspaces\MultiWorkSpaces_2021\0_lpc_chip_175x_6x\libs\libusbd_175x_6x_lib.a(mw_usbd_core.o)
                0x000196b8                USB_EvtOutHandler
 .text.USB_EndPoint0
                0x00019720       0x94 D:\Developpement_Robot\Robotic-System.git\trunk\Workspaces\MultiWorkSpaces_2021\0_lpc_chip_175x_6x\libs\libusbd_175x_6x_lib.a(mw_usbd_core.o)
                0x00019720                USB_EndPoint0
 .text.mwUSB_InitCore
                0x000197b4       0xdc D:\Developpement_Robot\Robotic-System.git\trunk\Workspaces\MultiWorkSpaces_2021\0_lpc_chip_175x_6x\libs\libusbd_175x_6x_lib.a(mw_usbd_core.o)
                0x000197b4                mwUSB_InitCore
 .text.mwUSB_RegisterClassHandler
                0x00019890       0x28 D:\Developpement_Robot\Robotic-System.git\trunk\Workspaces\MultiWorkSpaces_2021\0_lpc_chip_175x_6x\libs\libusbd_175x_6x_lib.a(mw_usbd_core.o)
                0x00019890                mwUSB_RegisterClassHandler
 .text.mwUSB_RegisterEpHandler
                0x000198b8       0x24 D:\Developpement_Robot\Robotic-System.git\trunk\Workspaces\MultiWorkSpaces_2021\0_lpc_chip_175x_6x\libs\libusbd_175x_6x_lib.a(mw_usbd_core.o)
                0x000198b8                mwUSB_RegisterEpHandler
 .text          0x000198dc       0x40 c:/nxp/mcuxpressoide_11.2.1_4149/ide/plugins/com.nxp.mcuxpresso.tools.win32_11.2.0.202008311134/tools/bin/../lib/gcc/arm-none-eabi/9.2.1/thumb/v7-m/nofp\libgcc.a(_arm_fixunsdfsi.o)
                0x000198dc                __aeabi_d2uiz
                0x000198dc                __fixunsdfsi
 .text.memcpy   0x0001991c       0x1c c:/nxp/mcuxpressoide_11.2.1_4149/ide/plugins/com.nxp.mcuxpresso.tools.win32_11.2.0.202008311134/tools/bin/../lib/gcc/arm-none-eabi/9.2.1/../../../../arm-none-eabi/lib/thumb/v7-m/nofp\libc_nano.a(lib_a-memcpy-stub.o)
                0x0001991c                memcpy
 .text.memset   0x00019938       0x10 c:/nxp/mcuxpressoide_11.2.1_4149/ide/plugins/com.nxp.mcuxpresso.tools.win32_11.2.0.202008311134/tools/bin/../lib/gcc/arm-none-eabi/9.2.1/../../../../arm-none-eabi/lib/thumb/v7-m/nofp\libc_nano.a(lib_a-memset.o)
                0x00019938                memset
 .text.sprintf  0x00019948       0x40 c:/nxp/mcuxpressoide_11.2.1_4149/ide/plugins/com.nxp.mcuxpresso.tools.win32_11.2.0.202008311134/tools/bin/../lib/gcc/arm-none-eabi/9.2.1/../../../../arm-none-eabi/lib/thumb/v7-m/nofp\libc_nano.a(lib_a-sprintf.o)
                0x00019948                siprintf
                0x00019948                sprintf
 .text          0x00019988       0x10 c:/nxp/mcuxpressoide_11.2.1_4149/ide/plugins/com.nxp.mcuxpresso.tools.win32_11.2.0.202008311134/tools/bin/../lib/gcc/arm-none-eabi/9.2.1/../../../../arm-none-eabi/lib/thumb/v7-m/nofp\libc_nano.a(lib_a-strlen.o)
                0x00019988                strlen
 .text.strncmp  0x00019998       0x24 c:/nxp/mcuxpressoide_11.2.1_4149/ide/plugins/com.nxp.mcuxpresso.tools.win32_11.2.0.202008311134/tools/bin/../lib/gcc/arm-none-eabi/9.2.1/../../../../arm-none-eabi/lib/thumb/v7-m/nofp\libc_nano.a(lib_a-strncmp.o)
                0x00019998                strncmp
 .text.__ssputs_r
                0x000199bc       0xb6 c:/nxp/mcuxpressoide_11.2.1_4149/ide/plugins/com.nxp.mcuxpresso.tools.win32_11.2.0.202008311134/tools/bin/../lib/gcc/arm-none-eabi/9.2.1/../../../../arm-none-eabi/lib/thumb/v7-m/nofp\libc_nano.a(lib_a-nano-svfprintf.o)
                0x000199bc                __ssputs_r
 *fill*         0x00019a72        0x2 ff
 .text._svfprintf_r
                0x00019a74      0x200 c:/nxp/mcuxpressoide_11.2.1_4149/ide/plugins/com.nxp.mcuxpresso.tools.win32_11.2.0.202008311134/tools/bin/../lib/gcc/arm-none-eabi/9.2.1/../../../../arm-none-eabi/lib/thumb/v7-m/nofp\libc_nano.a(lib_a-nano-svfprintf.o)
                0x00019a74                _svfiprintf_r
                0x00019a74                _svfprintf_r
 .text._printf_common
                0x00019c74       0xde c:/nxp/mcuxpressoide_11.2.1_4149/ide/plugins/com.nxp.mcuxpresso.tools.win32_11.2.0.202008311134/tools/bin/../lib/gcc/arm-none-eabi/9.2.1/../../../../arm-none-eabi/lib/thumb/v7-m/nofp\libc_nano.a(lib_a-nano-vfprintf_i.o)
                0x00019c74                _printf_common
 *fill*         0x00019d52        0x2 ff
 .text._printf_i
                0x00019d54      0x24c c:/nxp/mcuxpressoide_11.2.1_4149/ide/plugins/com.nxp.mcuxpresso.tools.win32_11.2.0.202008311134/tools/bin/../lib/gcc/arm-none-eabi/9.2.1/../../../../arm-none-eabi/lib/thumb/v7-m/nofp\libc_nano.a(lib_a-nano-vfprintf_i.o)
                0x00019d54                _printf_i
 .text.memchr   0x00019fa0       0x1c c:/nxp/mcuxpressoide_11.2.1_4149/ide/plugins/com.nxp.mcuxpresso.tools.win32_11.2.0.202008311134/tools/bin/../lib/gcc/arm-none-eabi/9.2.1/../../../../arm-none-eabi/lib/thumb/v7-m/nofp\libc_nano.a(lib_a-memchr-stub.o)
                0x00019fa0                memchr
 .text.memmove  0x00019fbc       0x34 c:/nxp/mcuxpressoide_11.2.1_4149/ide/plugins/com.nxp.mcuxpresso.tools.win32_11.2.0.202008311134/tools/bin/../lib/gcc/arm-none-eabi/9.2.1/../../../../arm-none-eabi/lib/thumb/v7-m/nofp\libc_nano.a(lib_a-memmove.o)
                0x00019fbc                memmove
 .text._free_r  0x00019ff0       0x98 c:/nxp/mcuxpressoide_11.2.1_4149/ide/plugins/com.nxp.mcuxpresso.tools.win32_11.2.0.202008311134/tools/bin/../lib/gcc/arm-none-eabi/9.2.1/../../../../arm-none-eabi/lib/thumb/v7-m/nofp\libc_nano.a(lib_a-nano-freer.o)
                0x00019ff0                _free_r
 .text._malloc_r
                0x0001a088       0xb4 c:/nxp/mcuxpressoide_11.2.1_4149/ide/plugins/com.nxp.mcuxpresso.tools.win32_11.2.0.202008311134/tools/bin/../lib/gcc/arm-none-eabi/9.2.1/../../../../arm-none-eabi/lib/thumb/v7-m/nofp\libc_nano.a(lib_a-nano-mallocr.o)
                0x0001a088                _malloc_r
 .text._realloc_r
                0x0001a13c       0x4c c:/nxp/mcuxpressoide_11.2.1_4149/ide/plugins/com.nxp.mcuxpresso.tools.win32_11.2.0.202008311134/tools/bin/../lib/gcc/arm-none-eabi/9.2.1/../../../../arm-none-eabi/lib/thumb/v7-m/nofp\libc_nano.a(lib_a-nano-reallocr.o)
                0x0001a13c                _realloc_r
 .text._sbrk_r  0x0001a188       0x20 c:/nxp/mcuxpressoide_11.2.1_4149/ide/plugins/com.nxp.mcuxpresso.tools.win32_11.2.0.202008311134/tools/bin/../lib/gcc/arm-none-eabi/9.2.1/../../../../arm-none-eabi/lib/thumb/v7-m/nofp\libc_nano.a(lib_a-sbrkr.o)
                0x0001a188                _sbrk_r
 .text.__malloc_lock
                0x0001a1a8        0xc c:/nxp/mcuxpressoide_11.2.1_4149/ide/plugins/com.nxp.mcuxpresso.tools.win32_11.2.0.202008311134/tools/bin/../lib/gcc/arm-none-eabi/9.2.1/../../../../arm-none-eabi/lib/thumb/v7-m/nofp\libc_nano.a(lib_a-mlock.o)
                0x0001a1a8                __malloc_lock
 .text.__malloc_unlock
                0x0001a1b4        0xc c:/nxp/mcuxpressoide_11.2.1_4149/ide/plugins/com.nxp.mcuxpresso.tools.win32_11.2.0.202008311134/tools/bin/../lib/gcc/arm-none-eabi/9.2.1/../../../../arm-none-eabi/lib/thumb/v7-m/nofp\libc_nano.a(lib_a-mlock.o)
                0x0001a1b4                __malloc_unlock
 .text._malloc_usable_size_r
                0x0001a1c0       0x10 c:/nxp/mcuxpressoide_11.2.1_4149/ide/plugins/com.nxp.mcuxpresso.tools.win32_11.2.0.202008311134/tools/bin/../lib/gcc/arm-none-eabi/9.2.1/../../../../arm-none-eabi/lib/thumb/v7-m/nofp\libc_nano.a(lib_a-nano-msizer.o)
                0x0001a1c0                _malloc_usable_size_r
 .text.__retarget_lock_acquire_recursive
                0x0001a1d0        0x2 c:/nxp/mcuxpressoide_11.2.1_4149/ide/plugins/com.nxp.mcuxpresso.tools.win32_11.2.0.202008311134/tools/bin/../lib/gcc/arm-none-eabi/9.2.1/../../../../arm-none-eabi/lib/thumb/v7-m/nofp\libc_nano.a(lib_a-lock.o)
                0x0001a1d0                __retarget_lock_acquire_recursive
 .text.__retarget_lock_release_recursive
                0x0001a1d2        0x2 c:/nxp/mcuxpressoide_11.2.1_4149/ide/plugins/com.nxp.mcuxpresso.tools.win32_11.2.0.202008311134/tools/bin/../lib/gcc/arm-none-eabi/9.2.1/../../../../arm-none-eabi/lib/thumb/v7-m/nofp\libc_nano.a(lib_a-lock.o)
                0x0001a1d2                __retarget_lock_release_recursive
 .text._sbrk    0x0001a1d4       0x3c c:/nxp/mcuxpressoide_11.2.1_4149/ide/plugins/com.nxp.mcuxpresso.tools.win32_11.2.0.202008311134/tools/bin/../lib/gcc/arm-none-eabi/9.2.1/../../../../arm-none-eabi/lib/thumb/v7-m/nofp\libcr_newlib_none.a(_cr_sbrk.o)
                0x0001a1d4                _sbrk
 .text.__check_heap_overflow
                0x0001a210       0x14 c:/nxp/mcuxpressoide_11.2.1_4149/ide/plugins/com.nxp.mcuxpresso.tools.win32_11.2.0.202008311134/tools/bin/../lib/gcc/arm-none-eabi/9.2.1/../../../../arm-none-eabi/lib/thumb/v7-m/nofp\libcr_newlib_none.a(_cr_check_heap.o)
                0x0001a210                __check_heap_overflow
 .text.__errno  0x0001a224        0xc c:/nxp/mcuxpressoide_11.2.1_4149/ide/plugins/com.nxp.mcuxpresso.tools.win32_11.2.0.202008311134/tools/bin/../lib/gcc/arm-none-eabi/9.2.1/../../../../arm-none-eabi/lib/thumb/v7-m/nofp\libc_nano.a(lib_a-errno.o)
                0x0001a224                __errno
 *(.rodata .rodata.* .constdata .constdata.*)
 .rodata.main.str1.4
                0x0001a230        0xf ./src/IA_2021_V0.o
 *fill*         0x0001a23f        0x1 ff
 .rodata.Set_Debug_Pin_0_High.str1.4
                0x0001a240       0x11 ./src/Init.o
 *fill*         0x0001a251        0x3 ff
 .rodata.Set_Debug_Pin_0_Low.str1.4
                0x0001a254       0x10 ./src/Init.o
 .rodata.Set_Debug_Pin_1_Low.str1.4
                0x0001a264       0x10 ./src/Init.o
 .rodata.Init_Carte_IA.str1.4
                0x0001a274       0x25 ./src/Init.o
 *fill*         0x0001a299        0x3 ff
 .rodata        0x0001a29c        0x5 ./src/test.o
 *fill*         0x0001a2a1        0x3 ff
 .rodata.vTaskStartScheduler.str1.4
                0x0001a2a4        0x5 ./freertos/src/tasks.o
 *fill*         0x0001a2a9        0x3 ff
 .rodata.xTimerCreateTimerTask.str1.4
                0x0001a2ac        0x8 ./freertos/src/timers.o
 .rodata.prvCheckForValidListAndQueue.str1.4
                0x0001a2b4        0x5 ./freertos/src/timers.o
 *fill*         0x0001a2b9        0x3 ff
 .rodata.pszTraceGetErrorNotEnoughHandles.str1.4
                0x0001a2bc      0x2fe ./freertos/FreeRTOS_Trace/trcKernelPort.o
 *fill*         0x0001a5ba        0x2 ff
 .rodata.vTraceEnable.str1.4
                0x0001a5bc       0x74 ./freertos/FreeRTOS_Trace/trcSnapshotRecorder.o
 .rodata.uiTraceStart.str1.4
                0x0001a630       0x4e ./freertos/FreeRTOS_Trace/trcSnapshotRecorder.o
 *fill*         0x0001a67e        0x2 ff
 .rodata.xTraceSetISRProperties.str1.4
                0x0001a680       0xb7 ./freertos/FreeRTOS_Trace/trcSnapshotRecorder.o
 *fill*         0x0001a737        0x1 ff
 .rodata.vTraceStoreISRBegin.str1.4
                0x0001a738       0xd4 ./freertos/FreeRTOS_Trace/trcSnapshotRecorder.o
 .rodata.vTraceStoreISREnd.str1.4
                0x0001a80c       0x7c ./freertos/FreeRTOS_Trace/trcSnapshotRecorder.o
 .rodata.writeInt8.str1.4
                0x0001a888       0x28 ./freertos/FreeRTOS_Trace/trcSnapshotRecorder.o
 .rodata.writeInt16.str1.4
                0x0001a8b0       0x29 ./freertos/FreeRTOS_Trace/trcSnapshotRecorder.o
 *fill*         0x0001a8d9        0x3 ff
 .rodata.writeInt32.str1.4
                0x0001a8dc       0x29 ./freertos/FreeRTOS_Trace/trcSnapshotRecorder.o
 *fill*         0x0001a905        0x3 ff
 .rodata.prvTraceUserEventFormat.str1.4
                0x0001a908       0x6d ./freertos/FreeRTOS_Trace/trcSnapshotRecorder.o
 *fill*         0x0001a975        0x3 ff
 .rodata.vTracePrintF_Helper.str1.4
                0x0001a978       0x35 ./freertos/FreeRTOS_Trace/trcSnapshotRecorder.o
 *fill*         0x0001a9ad        0x3 ff
 .rodata.xTraceRegisterString.str1.4
                0x0001a9b0       0x32 ./freertos/FreeRTOS_Trace/trcSnapshotRecorder.o
 *fill*         0x0001a9e2        0x2 ff
 .rodata.prvTraceStoreTaskReady.str1.4
                0x0001a9e4       0x75 ./freertos/FreeRTOS_Trace/trcSnapshotRecorder.o
 *fill*         0x0001aa59        0x3 ff
 .rodata.prvTraceStoreKernelCall.str1.4
                0x0001aa5c       0xfd ./freertos/FreeRTOS_Trace/trcSnapshotRecorder.o
 *fill*         0x0001ab59        0x3 ff
 .rodata.prvTraceStoreKernelCallWithParam.str1.4
                0x0001ab5c      0x115 ./freertos/FreeRTOS_Trace/trcSnapshotRecorder.o
 *fill*         0x0001ac71        0x3 ff
 .rodata.prvTraceGetParam.str1.4
                0x0001ac74       0x3c ./freertos/FreeRTOS_Trace/trcSnapshotRecorder.o
 .rodata.prvTraceStoreKernelCallWithNumericParamOnly.str1.4
                0x0001acb0       0x8d ./freertos/FreeRTOS_Trace/trcSnapshotRecorder.o
 *fill*         0x0001ad3d        0x3 ff
 .rodata.prvTraceStoreTaskswitch.str1.4
                0x0001ad40       0x45 ./freertos/FreeRTOS_Trace/trcSnapshotRecorder.o
 *fill*         0x0001ad85        0x3 ff
 .rodata.prvTraceStoreObjectNameOnCloseEvent.str1.4
                0x0001ad88       0xa0 ./freertos/FreeRTOS_Trace/trcSnapshotRecorder.o
 .rodata.prvTraceStoreObjectPropertiesOnCloseEvent.str1.4
                0x0001ae28       0xaa ./freertos/FreeRTOS_Trace/trcSnapshotRecorder.o
 *fill*         0x0001aed2        0x2 ff
 .rodata.prvTraceSetPriorityProperty.str1.4
                0x0001aed4       0x8c ./freertos/FreeRTOS_Trace/trcSnapshotRecorder.o
 .rodata.prvTraceGetPriorityProperty.str1.4
                0x0001af60       0x8c ./freertos/FreeRTOS_Trace/trcSnapshotRecorder.o
 .rodata.prvTraceSetObjectState.str1.4
                0x0001afec       0x7f ./freertos/FreeRTOS_Trace/trcSnapshotRecorder.o
 *fill*         0x0001b06b        0x1 ff
 .rodata.prvTraceGetObjectState.str1.4
                0x0001b06c       0x7f ./freertos/FreeRTOS_Trace/trcSnapshotRecorder.o
 *fill*         0x0001b0eb        0x1 ff
 .rodata.prvTraceSetTaskInstanceFinished.str1.4
                0x0001b0ec       0x48 ./freertos/FreeRTOS_Trace/trcSnapshotRecorder.o
 .rodata.prvTraceInitTraceData.str1.4
                0x0001b134       0x14 ./freertos/FreeRTOS_Trace/trcSnapshotRecorder.o
 .rodata.prvTraceNextFreeEventBufferSlot.str1.4
                0x0001b148       0x27 ./freertos/FreeRTOS_Trace/trcSnapshotRecorder.o
 *fill*         0x0001b16f        0x1 ff
 .rodata.uiIndexOfObject.str1.4
                0x0001b170       0xc0 ./freertos/FreeRTOS_Trace/trcSnapshotRecorder.o
 .rodata.prvTraceGetObjectHandle.str1.4
                0x0001b230       0x45 ./freertos/FreeRTOS_Trace/trcSnapshotRecorder.o
 *fill*         0x0001b275        0x3 ff
 .rodata.prvTraceFreeObjectHandle.str1.4
                0x0001b278       0xb9 ./freertos/FreeRTOS_Trace/trcSnapshotRecorder.o
 *fill*         0x0001b331        0x3 ff
 .rodata.prvTraceSetObjectName.str1.4
                0x0001b334       0x91 ./freertos/FreeRTOS_Trace/trcSnapshotRecorder.o
 *fill*         0x0001b3c5        0x3 ff
 .rodata.prvTraceOpenSymbol.str1.4
                0x0001b3c8       0x2f ./freertos/FreeRTOS_Trace/trcSnapshotRecorder.o
 *fill*         0x0001b3f7        0x1 ff
 .rodata.prvTraceGetDTS.str1.4
                0x0001b3f8       0x63 ./freertos/FreeRTOS_Trace/trcSnapshotRecorder.o
 *fill*         0x0001b45b        0x1 ff
 .rodata.prvTraceLookupSymbolTableEntry.str1.4
                0x0001b45c       0x73 ./freertos/FreeRTOS_Trace/trcSnapshotRecorder.o
 *fill*         0x0001b4cf        0x1 ff
 .rodata.prvTraceCreateSymbolTableEntry.str1.4
                0x0001b4d0       0xb9 ./freertos/FreeRTOS_Trace/trcSnapshotRecorder.o
 *fill*         0x0001b589        0x3 ff
 .rodata.prvTraceGetChecksum.str1.4
                0x0001b58c       0x97 ./freertos/FreeRTOS_Trace/trcSnapshotRecorder.o
 *fill*         0x0001b623        0x1 ff
 .rodata._0_Deplacement_Init.str1.4
                0x0001b624       0x14 ./Strategie/Deplacement/0_Deplacements.o
 .rodata.USB_DeviceDescriptor
                0x0001b638       0x12 ./Communication/USB/src/cdc_desc.o
                0x0001b638                USB_DeviceDescriptor
 *fill*         0x0001b64a        0x2 ff
 .rodata.USB_StringDescriptor
                0x0001b64c       0x38 ./Communication/USB/src/cdc_desc.o
                0x0001b64c                USB_StringDescriptor
 .rodata.g_usbApi
                0x0001b684       0x20 ./Communication/USB/src/cdc_usb_main.o
 .rodata        0x0001b6a4       0x9c ./Communication/0_Communication.o
 .rodata._0_Communication_Init_Event_Group.str1.4
                0x0001b740       0x13 ./Communication/0_Event_Group.o
 *fill*         0x0001b753        0x1 ff
 .rodata        0x0001b754       0xdf ./Communication/1_Trame_Communication.o
 *fill*         0x0001b833        0x1 ff
 .rodata._2_Comm_Send_PONG.str1.4
                0x0001b834       0x3c ./Communication/2_Echange_Datas.o
 .rodata._2_Communication_RX_Init.str1.4
                0x0001b870       0x11 ./Communication/2_Echange_Datas_Reception.o
 *fill*         0x0001b881        0x3 ff
 .rodata._2_Communication_RX_Lectures_Messages.str1.4
                0x0001b884       0x2b ./Communication/2_Echange_Datas_Reception.o
 *fill*         0x0001b8af        0x1 ff
 .rodata.MainOscPLL0conf_12
                0x0001b8b0       0xf0 D:\Developpement_Robot\Robotic-System.git\trunk\Workspaces\MultiWorkSpaces_2021\0_lpc_chip_175x_6x\Release\lib0_lpc_chip_175x_6x.a(sysinit_17xx_40xx.o)
 .rodata.MainOscPLL0conf_16
                0x0001b9a0       0xb0 D:\Developpement_Robot\Robotic-System.git\trunk\Workspaces\MultiWorkSpaces_2021\0_lpc_chip_175x_6x\Release\lib0_lpc_chip_175x_6x.a(sysinit_17xx_40xx.o)
 .rodata.RTCOscRateIn
                0x0001ba50        0x4 D:\Developpement_Robot\Robotic-System.git\trunk\Workspaces\MultiWorkSpaces_2021\0_lpc_board_nxp_lpcxpresso_1769\Release\lib0_lpc_board_nxp_lpcxpresso_1769.a(board.o)
                0x0001ba50                RTCOscRateIn
 .rodata.hw_api
                0x0001ba54       0x5c D:\Developpement_Robot\Robotic-System.git\trunk\Workspaces\MultiWorkSpaces_2021\0_lpc_chip_175x_6x\libs\libusbd_175x_6x_lib.a(mw_usbd_rom_api.o)
                0x0001ba54                hw_api
 .rodata.core_api
                0x0001bab0       0x20 D:\Developpement_Robot\Robotic-System.git\trunk\Workspaces\MultiWorkSpaces_2021\0_lpc_chip_175x_6x\libs\libusbd_175x_6x_lib.a(mw_usbd_rom_api.o)
                0x0001bab0                core_api
 .rodata.cdc_api
                0x0001bad0        0xc D:\Developpement_Robot\Robotic-System.git\trunk\Workspaces\MultiWorkSpaces_2021\0_lpc_chip_175x_6x\libs\libusbd_175x_6x_lib.a(mw_usbd_rom_api.o)
                0x0001bad0                cdc_api
 .rodata._svfprintf_r.str1.1
                0x0001badc       0x11 c:/nxp/mcuxpressoide_11.2.1_4149/ide/plugins/com.nxp.mcuxpresso.tools.win32_11.2.0.202008311134/tools/bin/../lib/gcc/arm-none-eabi/9.2.1/../../../../arm-none-eabi/lib/thumb/v7-m/nofp\libc_nano.a(lib_a-nano-svfprintf.o)
 .rodata._printf_i.str1.1
                0x0001baed       0x22 c:/nxp/mcuxpressoide_11.2.1_4149/ide/plugins/com.nxp.mcuxpresso.tools.win32_11.2.0.202008311134/tools/bin/../lib/gcc/arm-none-eabi/9.2.1/../../../../arm-none-eabi/lib/thumb/v7-m/nofp\libc_nano.a(lib_a-nano-vfprintf_i.o)
                0x0001bb10                . = ALIGN (0x4)
 *fill*         0x0001bb0f        0x1 ff

.glue_7         0x0001bb10        0x0
 .glue_7        0x0001bb10        0x0 linker stubs

.glue_7t        0x0001bb10        0x0
 .glue_7t       0x0001bb10        0x0 linker stubs

.vfp11_veneer   0x0001bb10        0x0
 .vfp11_veneer  0x0001bb10        0x0 linker stubs

.v4_bx          0x0001bb10        0x0
 .v4_bx         0x0001bb10        0x0 linker stubs

.iplt           0x0001bb10        0x0
 .iplt          0x0001bb10        0x0 ./src/IA_2021_V0.o

.rel.dyn        0x0001bb10        0x0
 .rel.iplt      0x0001bb10        0x0 ./src/IA_2021_V0.o

.ARM.extab
 *(.ARM.extab* .gnu.linkonce.armextab.*)

.ARM.exidx      0x0001bb10        0x0
                0x0001bb10                __exidx_start = .
 *(.ARM.exidx* .gnu.linkonce.armexidx.*)
                0x0001bb10                __exidx_end = .
                0x0001bb10                _etext = .

.data_RAM2      0x2007c000        0x0 load address 0x0001bb10
 FILL mask 0xff
                [!provide]                PROVIDE (__start_data_RAM2 = .)
                [!provide]                PROVIDE (__start_data_RamAHB32 = .)
 *(.ramfunc.$RAM2)
 *(.ramfunc.$RamAHB32)
 *(.data.$RAM2)
 *(.data.$RamAHB32)
 *(.data.$RAM2.*)
 *(.data.$RamAHB32.*)
                0x2007c000                . = ALIGN (0x4)
                [!provide]                PROVIDE (__end_data_RAM2 = .)
                [!provide]                PROVIDE (__end_data_RamAHB32 = .)

.data_RAM3      0x2007c800        0x0 load address 0x0001bb10
 FILL mask 0xff
                [!provide]                PROVIDE (__start_data_RAM3 = .)
                [!provide]                PROVIDE (__start_data_RAM3 = .)
 *(.ramfunc.$RAM3)
 *(.ramfunc.$RAM3)
 *(.data.$RAM3)
 *(.data.$RAM3)
 *(.data.$RAM3.*)
 *(.data.$RAM3.*)
                0x2007c800                . = ALIGN (0x4)
                [!provide]                PROVIDE (__end_data_RAM3 = .)
                [!provide]                PROVIDE (__end_data_RAM3 = .)

.uninit_RESERVED
                0x10000000        0x0
                0x10000000                _start_uninit_RESERVED = .
 *(.bss.$RESERVED*)
                0x10000000                . = ALIGN (0x4)
                0x10000000                _end_uninit_RESERVED = .

.data           0x10000000       0xdc load address 0x0001bb10
 FILL mask 0xff
                0x10000000                _data = .
                [!provide]                PROVIDE (__start_data_RAM = .)
                [!provide]                PROVIDE (__start_data_RamLoc32 = .)
 *(vtable)
 *(.ramfunc*)
 *(CodeQuickAccess)
 *(DataQuickAccess)
 *(RamFunction)
 *(.data*)
 .data.xHeapRegions
                0x10000000       0x10 ./src/IA_2021_V0.o
 .data.uxCriticalNesting
                0x10000010        0x4 ./freertos/src/port.o
 .data.TraceQueueClassTable
                0x10000014        0x5 ./freertos/FreeRTOS_Trace/trcKernelPort.o
                0x10000014                TraceQueueClassTable
 *fill*         0x10000019        0x3 ff
 .data.readyEventsEnabled
                0x1000001c        0x4 ./freertos/FreeRTOS_Trace/trcSnapshotRecorder.o
 .data.CurrentFilterMask
                0x10000020        0x2 ./freertos/FreeRTOS_Trace/trcSnapshotRecorder.o
                0x10000020                CurrentFilterMask
 .data.CurrentFilterGroup
                0x10000022        0x2 ./freertos/FreeRTOS_Trace/trcSnapshotRecorder.o
                0x10000022                CurrentFilterGroup
 .data.USB_FsConfigDescriptor
                0x10000024       0x4c ./Communication/USB/src/cdc_desc.o
                0x10000024                USB_FsConfigDescriptor
 .data.g_pUsbApi
                0x10000070        0x4 ./Communication/USB/src/cdc_usb_main.o
                0x10000070                g_pUsbApi
 .data.OscRateIn
                0x10000074        0x4 D:\Developpement_Robot\Robotic-System.git\trunk\Workspaces\MultiWorkSpaces_2021\0_lpc_board_nxp_lpcxpresso_1769\Release\lib0_lpc_board_nxp_lpcxpresso_1769.a(board.o)
                0x10000074                OscRateIn
 .data._impure_ptr
                0x10000078        0x4 c:/nxp/mcuxpressoide_11.2.1_4149/ide/plugins/com.nxp.mcuxpresso.tools.win32_11.2.0.202008311134/tools/bin/../lib/gcc/arm-none-eabi/9.2.1/../../../../arm-none-eabi/lib/thumb/v7-m/nofp\libc_nano.a(lib_a-impure.o)
                0x10000078                _impure_ptr
 .data.impure_data
                0x1000007c       0x60 c:/nxp/mcuxpressoide_11.2.1_4149/ide/plugins/com.nxp.mcuxpresso.tools.win32_11.2.0.202008311134/tools/bin/../lib/gcc/arm-none-eabi/9.2.1/../../../../arm-none-eabi/lib/thumb/v7-m/nofp\libc_nano.a(lib_a-impure.o)
                0x100000dc                . = ALIGN (0x4)
                0x100000dc                _edata = .
                [!provide]                PROVIDE (__end_data_RAM = .)
                [!provide]                PROVIDE (__end_data_RamLoc32 = .)

.igot.plt       0x100000dc        0x0 load address 0x0001bbec
 .igot.plt      0x100000dc        0x0 ./src/IA_2021_V0.o

.bss_RAM2       0x2007c000        0x0
                [!provide]                PROVIDE (__start_bss_RAM2 = .)
                [!provide]                PROVIDE (__start_bss_RamAHB32 = .)
 *(.bss.$RAM2)
 *(.bss.$RamAHB32)
 *(.bss.$RAM2.*)
 *(.bss.$RamAHB32.*)
                0x2007c000                . = ALIGN ((. != 0x0)?0x4:0x1)
                [!provide]                PROVIDE (__end_bss_RAM2 = .)
                [!provide]                PROVIDE (__end_bss_RamAHB32 = .)

.bss_RAM3       0x2007c800     0x6c34
                [!provide]                PROVIDE (__start_bss_RAM3 = .)
                [!provide]                PROVIDE (__start_bss_RAM3 = .)
 *(.bss.$RAM3)
 .bss.$RAM3     0x2007c800     0x47f8 ./freertos/FreeRTOS_Trace/trcSnapshotRecorder.o
                0x2007c800                RecorderData
 .bss.$RAM3     0x20080ff8       0xc8 ./Strategie/0_Infos.o
 .bss.$RAM3     0x200810c0      0x200 ./Communication/0_Communication.o
 .bss.$RAM3     0x200812c0       0xe3 ./Communication/1_Trame_Communication.o
 *fill*         0x200813a3        0x1 