Archive member included to satisfy reference by file (symbol)

C:\Robot\trunk\Workspaces\MultiWorkSpaces_2021\0_lpc_chip_175x_6x\Release\lib0_lpc_chip_175x_6x.a(chip_17xx_40xx.o)
                              ./src/IA_2021_V0.o (SystemCoreClockUpdate)
C:\Robot\trunk\Workspaces\MultiWorkSpaces_2021\0_lpc_chip_175x_6x\Release\lib0_lpc_chip_175x_6x.a(clock_17xx_40xx.o)
                              C:\Robot\trunk\Workspaces\MultiWorkSpaces_2021\0_lpc_chip_175x_6x\Release\lib0_lpc_chip_175x_6x.a(chip_17xx_40xx.o) (Chip_Clock_EnablePLL)
C:\Robot\trunk\Workspaces\MultiWorkSpaces_2021\0_lpc_chip_175x_6x\Release\lib0_lpc_chip_175x_6x.a(ring_buffer.o)
                              ./Communication/0_Communication.o (RingBuffer_Init)
C:\Robot\trunk\Workspaces\MultiWorkSpaces_2021\0_lpc_chip_175x_6x\Release\lib0_lpc_chip_175x_6x.a(stopwatch_17xx_40xx.o)
                              ./Communication/USB/src/cdc_usb_main.o (StopWatch_Init)
C:\Robot\trunk\Workspaces\MultiWorkSpaces_2021\0_lpc_chip_175x_6x\Release\lib0_lpc_chip_175x_6x.a(sysinit_17xx_40xx.o)
                              ./src/IA_2021_V0.o (Chip_SetupXtalClocking)
C:\Robot\trunk\Workspaces\MultiWorkSpaces_2021\0_lpc_chip_175x_6x\Release\lib0_lpc_chip_175x_6x.a(timer_17xx_40xx.o)
                              ./src/IA_2021_V0.o (Chip_TIMER_Init)
C:\Robot\trunk\Workspaces\MultiWorkSpaces_2021\0_lpc_chip_175x_6x\Release\lib0_lpc_chip_175x_6x.a(uart_17xx_40xx.o)
                              ./Communication/0_Communication.o (Chip_UART_Init)
C:\Robot\trunk\Workspaces\MultiWorkSpaces_2021\0_lpc_board_nxp_lpcxpresso_1769\Release\lib0_lpc_board_nxp_lpcxpresso_1769.a(board.o)
                              ./src/IA_2021_V0.o (Set_Clock_in)
C:\Robot\trunk\Workspaces\MultiWorkSpaces_2021\0_lpc_chip_175x_6x\libs\libusbd_175x_6x_lib.a(mw_usbd_rom_api.o)
                              ./Communication/USB/src/cdc_usb_main.o (cdc_api)
C:\Robot\trunk\Workspaces\MultiWorkSpaces_2021\0_lpc_chip_175x_6x\libs\libusbd_175x_6x_lib.a(hw_usbd_ip3503.o)
                              C:\Robot\trunk\Workspaces\MultiWorkSpaces_2021\0_lpc_chip_175x_6x\libs\libusbd_175x_6x_lib.a(mw_usbd_rom_api.o) (hwUSB_GetMemSize)
C:\Robot\trunk\Workspaces\MultiWorkSpaces_2021\0_lpc_chip_175x_6x\libs\libusbd_175x_6x_lib.a(mw_usbd_cdcuser.o)
                              C:\Robot\trunk\Workspaces\MultiWorkSpaces_2021\0_lpc_chip_175x_6x\libs\libusbd_175x_6x_lib.a(mw_usbd_rom_api.o) (mwCDC_SendNotification)
C:\Robot\trunk\Workspaces\MultiWorkSpaces_2021\0_lpc_chip_175x_6x\libs\libusbd_175x_6x_lib.a(mw_usbd_core.o)
                              C:\Robot\trunk\Workspaces\MultiWorkSpaces_2021\0_lpc_chip_175x_6x\libs\libusbd_175x_6x_lib.a(mw_usbd_rom_api.o) (mwUSB_SetupStage)
C:\Robot\trunk\Workspaces\MultiWorkSpaces_2021\0_lpc_chip_175x_6x\libs\libusbd_175x_6x_lib.a(mw_usbd_dfuuser.o)
                              C:\Robot\trunk\Workspaces\MultiWorkSpaces_2021\0_lpc_chip_175x_6x\libs\libusbd_175x_6x_lib.a(mw_usbd_rom_api.o) (mwDFU_GetMemSize)
C:\Robot\trunk\Workspaces\MultiWorkSpaces_2021\0_lpc_chip_175x_6x\libs\libusbd_175x_6x_lib.a(mw_usbd_hiduser.o)
                              C:\Robot\trunk\Workspaces\MultiWorkSpaces_2021\0_lpc_chip_175x_6x\libs\libusbd_175x_6x_lib.a(mw_usbd_rom_api.o) (mwHID_GetMemSize)
C:\Robot\trunk\Workspaces\MultiWorkSpaces_2021\0_lpc_chip_175x_6x\libs\libusbd_175x_6x_lib.a(mw_usbd_mscuser.o)
                              C:\Robot\trunk\Workspaces\MultiWorkSpaces_2021\0_lpc_chip_175x_6x\libs\libusbd_175x_6x_lib.a(mw_usbd_rom_api.o) (mwMSC_GetMemSize)
c:/nxp/mcuxpressoide_11.1.1_3241/ide/plugins/com.nxp.mcuxpresso.tools.win32_11.1.0.202001081728/tools/bin/../lib/gcc/arm-none-eabi/8.3.1/thumb/v7-m/nofp\libgcc.a(_arm_fixunsdfsi.o)
                              ./freertos/FreeRTOS_Trace/trcSnapshotRecorder.o (__aeabi_d2uiz)
c:/nxp/mcuxpressoide_11.1.1_3241/ide/plugins/com.nxp.mcuxpresso.tools.win32_11.1.0.202001081728/tools/bin/../lib/gcc/arm-none-eabi/8.3.1/thumb/v7-m/nofp\libgcc.a(_arm_addsubsf3.o)
                              ./Strategie/Deplacement/0_Deplacements.o (__aeabi_fsub)
c:/nxp/mcuxpressoide_11.1.1_3241/ide/plugins/com.nxp.mcuxpresso.tools.win32_11.1.0.202001081728/tools/bin/../lib/gcc/arm-none-eabi/8.3.1/thumb/v7-m/nofp\libgcc.a(_arm_muldivsf3.o)
                              ./Strategie/Deplacement/0_Deplacements.o (__aeabi_fmul)
c:/nxp/mcuxpressoide_11.1.1_3241/ide/plugins/com.nxp.mcuxpresso.tools.win32_11.1.0.202001081728/tools/bin/../lib/gcc/arm-none-eabi/8.3.1/thumb/v7-m/nofp\libgcc.a(_arm_cmpsf2.o)
                              ./Pathfinding/Astar/Astar.o (__aeabi_fcmpeq)
c:/nxp/mcuxpressoide_11.1.1_3241/ide/plugins/com.nxp.mcuxpresso.tools.win32_11.1.0.202001081728/tools/bin/../lib/gcc/arm-none-eabi/8.3.1/thumb/v7-m/nofp\libgcc.a(_arm_fixsfsi.o)
                              ./Strategie/Deplacement/0_Deplacements.o (__aeabi_f2iz)
[...]
Memory Configuration

Name             Origin             Length             Attributes
MFlash512        0x00000000         0x00080000         xr
RamLoc32         0x10000000         0x00008000         xrw
RamAHB32         0x2007c000         0x00000800         xrw
RAM3             0x2007c800         0x00007800         xrw
*default*        0x00000000         0xffffffff

Linker script and memory map

LOAD ./src/IA_2021_V0.o
LOAD ./src/Init.o
LOAD ./src/cr_startup_lpc175x_6x.o
LOAD ./src/crp.o
LOAD ./src/sysinit.o
LOAD ./src/test.o
LOAD ./freertos/src/FreeRTOSCommonHooks.o
LOAD ./freertos/src/croutine.o
LOAD ./freertos/src/event_groups.o
LOAD ./freertos/src/heap_5.o
LOAD ./freertos/src/list.o
LOAD ./freertos/src/port.o
LOAD ./freertos/src/queue.o
LOAD ./freertos/src/stream_buffer.o
LOAD ./freertos/src/tasks.o
LOAD ./freertos/src/timers.o
LOAD ./freertos/FreeRTOS_Trace/trcHardwarePort.o
LOAD ./freertos/FreeRTOS_Trace/trcKernelPort.o
LOAD ./freertos/FreeRTOS_Trace/trcSnapshotRecorder.o
LOAD ./Strategie/Deplacement/0_Deplacements.o
LOAD ./Strategie/Deplacement/1_Obstacles.o
LOAD ./Strategie/0_Infos.o
LOAD ./Pathfinding/Astar/Astar.o
LOAD ./Communication/USB/src/cdc_desc.o
LOAD ./Communication/USB/src/cdc_usb_main.o
LOAD ./Communication/USB/src/cdc_vcom.o
LOAD ./Communication/RS485/0_RS485.o
LOAD ./Communication/0_Communication.o
LOAD ./Communication/0_Event_Group.o
LOAD ./Communication/1_Trame_Communication.o
LOAD ./Communication/2_Echange_Datas.o
LOAD ./Communication/2_Echange_Datas_Reception.o
LOAD C:\Robot\trunk\Workspaces\MultiWorkSpaces_2021\0_lpc_chip_175x_6x\Release\lib0_lpc_chip_175x_6x.a
LOAD C:\Robot\trunk\Workspaces\MultiWorkSpaces_2021\0_lpc_board_nxp_lpcxpresso_1769\Release\lib0_lpc_board_nxp_lpcxpresso_1769.a
LOAD C:\Robot\trunk\Workspaces\MultiWorkSpaces_2021\0_lpc_chip_175x_6x\libs\libusbd_175x_6x_lib.a
START GROUP
LOAD c:/nxp/mcuxpressoide_11.1.1_3241/ide/plugins/com.nxp.mcuxpresso.tools.win32_11.1.0.202001081728/tools/bin/../lib/gcc/arm-none-eabi/8.3.1/thumb/v7-m/nofp\libgcc.a
LOAD c:/nxp/mcuxpressoide_11.1.1_3241/ide/plugins/com.nxp.mcuxpresso.tools.win32_11.1.0.202001081728/tools/bin/../lib/gcc/arm-none-eabi/8.3.1/../../../../arm-none-eabi/lib/thumb/v7-m/nofp\libc_nano.a
LOAD c:/nxp/mcuxpressoide_11.1.1_3241/ide/plugins/com.nxp.mcuxpresso.tools.win32_11.1.0.202001081728/tools/bin/../lib/gcc/arm-none-eabi/8.3.1/../../../../arm-none-eabi/lib/thumb/v7-m/nofp\libm.a
LOAD c:/nxp/mcuxpressoide_11.1.1_3241/ide/plugins/com.nxp.mcuxpresso.tools.win32_11.1.0.202001081728/tools/bin/../lib/gcc/arm-none-eabi/8.3.1/../../../../arm-none-eabi/lib/thumb/v7-m/nofp\libcr_newlib_none.a
END GROUP
                0x00000000                __base_MFlash512 = 0x0
                0x00000000                __base_Flash = 0x0
                0x00080000                __top_MFlash512 = 0x80000
                0x00080000                __top_Flash = 0x80000
                0x10000000                __base_RamLoc32 = 0x10000000
                0x10000000                __base_RAM = 0x10000000
                0x10008000                __top_RamLoc32 = 0x10008000
                0x10008000                __top_RAM = 0x10008000
                0x2007c000                __base_RamAHB32 = 0x2007c000
                0x2007c000                __base_RAM2 = 0x2007c000
                0x2007c800                __top_RamAHB32 = 0x2007c800
                0x2007c800                __top_RAM2 = 0x2007c800
                0x2007c800                __base_RAM3 = 0x2007c800
                0x2007c800                __base_RAM3 = 0x2007c800
                0x20084000                __top_RAM3 = 0x20084000
                0x20084000                __top_RAM3 = 0x20084000

.text           0x00000000     0xd85c
 FILL mask 0xff
                0x00000000                __vectors_start__ = ABSOLUTE (.)
 *(.isr_vector)
 .isr_vector    0x00000000       0xcc ./src/cr_startup_lpc175x_6x.o
                0x00000000                g_pfnVectors
                0x000000cc                . = ALIGN (0x4)
                0x000000cc                __section_table_start = .
                0x000000cc                __data_section_table = .
                0x000000cc        0x4 LONG 0xd85c LOADADDR (.data)
                0x000000d0        0x4 LONG 0x10000000 ADDR (.data)
                0x000000d4        0x4 LONG 0x94 SIZEOF (.data)
                0x000000d8        0x4 LONG 0xd85c LOADADDR (.data_RAM2)
                0x000000dc        0x4 LONG 0x2007c000 ADDR (.data_RAM2)
                0x000000e0        0x4 LONG 0x0 SIZEOF (.data_RAM2)
                0x000000e4        0x4 LONG 0xd85c LOADADDR (.data_RAM3)
                0x000000e8        0x4 LONG 0x2007c800 ADDR (.data_RAM3)
                0x000000ec        0x4 LONG 0x0 SIZEOF (.data_RAM3)
                0x000000f0                __data_section_table_end = .
                0x000000f0                __bss_section_table = .
                0x000000f0        0x4 LONG 0x10000094 ADDR (.bss)
                0x000000f4        0x4 LONG 0x532c SIZEOF (.bss)
                0x000000f8        0x4 LONG 0x2007c000 ADDR (.bss_RAM2)
                0x000000fc        0x4 LONG 0x0 SIZEOF (.bss_RAM2)
                0x00000100        0x4 LONG 0x2007c800 ADDR (.bss_RAM3)
                0x00000104        0x4 LONG 0x6bbc SIZEOF (.bss_RAM3)
                0x00000108                __bss_section_table_end = .
                0x00000108                __section_table_end = .
 *(.after_vectors*)
 .after_vectors
                0x00000108      0x12c ./src/cr_startup_lpc175x_6x.o
                0x00000108                data_init
                0x0000014a                bss_init
                0x00000180                ResetISR
                0x000001f8                NMI_Handler
                0x000001fe                HardFault_Handler
                0x00000204                MemManage_Handler
                0x0000020a                BusFault_Handler
                0x00000210                UsageFault_Handler
                0x00000216                SVC_Handler
                0x0000021c                DebugMon_Handler
                0x00000222                PendSV_Handler
                0x00000228                SysTick_Handler
                0x0000022e                EINT3_IRQHandler
                0x0000022e                CANActivity_IRQHandler
                0x0000022e                TIMER3_IRQHandler
                0x0000022e                UART0_IRQHandler
                0x0000022e                EINT2_IRQHandler
                0x0000022e                USBActivity_IRQHandler
                0x0000022e                IntDefaultHandler
                0x0000022e                PLL0_IRQHandler
                0x0000022e                CAN_IRQHandler
                0x0000022e                I2C1_IRQHandler
                0x0000022e                SSP0_IRQHandler
                0x0000022e                I2S_IRQHandler
                0x0000022e                I2C2_IRQHandler
                0x0000022e                RTC_IRQHandler
                0x0000022e                TIMER0_IRQHandler
                0x0000022e                SPI_IRQHandler
                0x0000022e                RIT_IRQHandler
                0x0000022e                EINT1_IRQHandler
                0x0000022e                TIMER1_IRQHandler
                0x0000022e                UART2_IRQHandler
                0x0000022e                ADC_IRQHandler
                0x0000022e                SSP1_IRQHandler
                0x0000022e                BOD_IRQHandler
                0x0000022e                I2C0_IRQHandler
                0x0000022e                WDT_IRQHandler
                0x0000022e                PWM1_IRQHandler
                0x0000022e                QEI_IRQHandler
                0x0000022e                EINT0_IRQHandler
                0x0000022e                ETH_IRQHandler
                0x0000022e                PLL1_IRQHandler
                0x0000022e                DMA_IRQHandler
                0x0000022e                TIMER2_IRQHandler
                0x0000022e                UART3_IRQHandler
                0x0000022e                MCPWM_IRQHandler
                0x000002fc                . = 0x2fc
 *fill*         0x00000234       0xc8 ff
                0x000002fc                PROVIDE (__CRP_WORD_START__ = .)
 *(.crp)
 .crp           0x000002fc        0x4 ./src/crp.o
                0x000002fc                CRP_WORD
                0x00000300                PROVIDE (__CRP_WORD_END__ = .)
                0x00000001                ASSERT (! ((__CRP_WORD_START__ == __CRP_WORD_END__)), Linker CRP Enabled, but no CRP_WORD provided within application)
 *(.text*)
 .text.Chip_GPIO_SetPinState
                0x00000300       0x64 ./src/IA_2021_V0.o
 .text.Chip_GPIO_WritePortBit
                0x00000364       0x2c ./src/IA_2021_V0.o
 .text.Chip_GPIO_SetPinDIROutput
                0x00000390       0x36 ./src/IA_2021_V0.o
 .text.Chip_GPIO_SetPinDIRInput
                0x000003c6       0x3a ./src/IA_2021_V0.o
 .text.Chip_GPIO_SetPinDIR
                0x00000400       0x42 ./src/IA_2021_V0.o
 .text.Chip_GPIO_WriteDirBit
                0x00000442       0x2e ./src/IA_2021_V0.o
 .text.vConfigureTimerForRunTimeStats
                0x00000470       0x44 ./src/IA_2021_V0.o
                0x00000470                vConfigureTimerForRunTimeStats
 .text.prvSetupHardware
                0x000004b4       0x30 ./src/IA_2021_V0.o
 .text.vTask_HartBeat
                0x000004e4       0x78 ./src/IA_2021_V0.o
 .text.main     0x0000055c       0x40 ./src/IA_2021_V0.o
                0x0000055c                main
 .text.Chip_GPIO_SetPinState
                0x0000059c       0x64 ./src/Init.o
 .text.Chip_GPIO_WritePortBit
                0x00000600       0x2c ./src/Init.o
 .text.Chip_GPIO_SetPinDIROutput
                0x0000062c       0x36 ./src/Init.o
 .text.Chip_GPIO_SetPinDIRInput
                0x00000662       0x3a ./src/Init.o
 .text.Chip_GPIO_SetPinDIR
                0x0000069c       0x42 ./src/Init.o
 .text.Chip_GPIO_WriteDirBit
                0x000006de       0x2e ./src/Init.o
 .text.Debug_Trace_Texte
                0x0000070c       0x20 ./src/Init.o
                0x0000070c                Debug_Trace_Texte
 .text.Set_Debug_Pin_0_High
                0x0000072c       0x2c ./src/Init.o
                0x0000072c                Set_Debug_Pin_0_High
 .text.Set_Debug_Pin_0_Low
                0x00000758       0x2c ./src/Init.o
                0x00000758                Set_Debug_Pin_0_Low
 .text.Set_Debug_Pin_1_Low
                0x00000784       0x2c ./src/Init.o
                0x00000784                Set_Debug_Pin_1_Low
 .text.Init_Carte_IA
                0x000007b0       0x74 ./src/Init.o
                0x000007b0                Init_Carte_IA
 .text.SystemInit
                0x00000824       0x24 ./src/sysinit.o
                0x00000824                SystemInit
 .text.Chip_GPIO_SetPinState
                0x00000848       0x64 ./src/test.o
 .text.Chip_GPIO_WritePortBit
                0x000008ac       0x2c ./src/test.o
 .text.TEST_init_parametres
                0x000008d8       0x44 ./src/test.o
                0x000008d8                TEST_init_parametres
 .text.TEST_Deplacement
                0x0000091c       0xac ./src/test.o
                0x0000091c                TEST_Deplacement
 .text.TEST_envoi_Ping
                0x000009c8       0x80 ./src/test.o
                0x000009c8                TEST_envoi_Ping
 .text.vApplicationStackOverflowHook
                0x00000a48       0x1e ./freertos/src/FreeRTOSCommonHooks.o
                0x00000a48                vApplicationStackOverflowHook
 *fill*         0x00000a66        0x2 ff
 .text.xEventGroupCreate
                0x00000a68       0xe8 ./freertos/src/event_groups.o
                0x00000a68                xEventGroupCreate
 .text.xEventGroupWaitBits
                0x00000b50      0x22c ./freertos/src/event_groups.o
                0x00000b50                xEventGroupWaitBits
 .text.xEventGroupClearBits
                0x00000d7c       0x80 ./freertos/src/event_groups.o
                0x00000d7c                xEventGroupClearBits
 .text.xEventGroupSetBits
                0x00000dfc      0x128 ./freertos/src/event_groups.o
                0x00000dfc                xEventGroupSetBits
 .text.vEventGroupSetBitsCallback
                0x00000f24       0x1a ./freertos/src/event_groups.o
                0x00000f24                vEventGroupSetBitsCallback
 .text.prvTestWaitCondition
                0x00000f3e       0x42 ./freertos/src/event_groups.o
 .text.xEventGroupSetBitsFromISR
                0x00000f80       0x64 ./freertos/src/event_groups.o
                0x00000f80                xEventGroupSetBitsFromISR
 .text.uxEventGroupGetNumber
                0x00000fe4       0x2a ./freertos/src/event_groups.o
                0x00000fe4                uxEventGroupGetNumber
 .text.vEventGroupSetNumber
                0x0000100e       0x1a ./freertos/src/event_groups.o
                0x0000100e                vEventGroupSetNumber
 .text.pvPortMalloc
                0x00001028      0x13c ./freertos/src/heap_5.o
                0x00001028                pvPortMalloc
 .text.vPortFree
                0x00001164       0x90 ./freertos/src/heap_5.o
                0x00001164                vPortFree
 .text.prvInsertBlockIntoFreeList
                0x000011f4       0xb0 ./freertos/src/heap_5.o
 .text.vPortDefineHeapRegions
                0x000012a4      0x114 ./freertos/src/heap_5.o
                0x000012a4                vPortDefineHeapRegions
 .text.vListInitialise
                0x000013b8       0x3e ./freertos/src/list.o
                0x000013b8                vListInitialise
 .text.vListInitialiseItem
                0x000013f6       0x18 ./freertos/src/list.o
                0x000013f6                vListInitialiseItem
 .text.vListInsertEnd
                0x0000140e       0x46 ./freertos/src/list.o
                0x0000140e                vListInsertEnd
 .text.vListInsert
                0x00001454       0x70 ./freertos/src/list.o
                0x00001454                vListInsert
 .text.uxListRemove
                0x000014c4       0x52 ./freertos/src/list.o
                0x000014c4                uxListRemove
 *fill*         0x00001516        0x2 ff
 .text.pxPortInitialiseStack
                0x00001518       0x58 ./freertos/src/port.o
                0x00001518                pxPortInitialiseStack
 .text.prvTaskExitError
                0x00001570       0x2e ./freertos/src/port.o
 *fill*         0x0000159e        0x2 ff
 .text.vPortSVCHandler
                0x000015a0       0x28 ./freertos/src/port.o
                0x000015a0                vPortSVCHandler
 .text.prvPortStartFirstTask
                0x000015c8       0x20 ./freertos/src/port.o
 .text.xPortStartScheduler
                0x000015e8       0x40 ./freertos/src/port.o
                0x000015e8                xPortStartScheduler
 .text.vPortEnterCritical
                0x00001628       0x30 ./freertos/src/port.o
                0x00001628                vPortEnterCritical
 .text.vPortExitCritical
                0x00001658       0x30 ./freertos/src/port.o
                0x00001658                vPortExitCritical
 *fill*         0x00001688        0x8 ff
 .text.xPortPendSVHandler
                0x00001690       0x48 ./freertos/src/port.o
                0x00001690                xPortPendSVHandler
 .text.xPortSysTickHandler
                0x000016d8       0x40 ./freertos/src/port.o
                0x000016d8                xPortSysTickHandler
 .text.vPortSetupTimerInterrupt
                0x00001718       0x34 ./freertos/src/port.o
                0x00001718                vPortSetupTimerInterrupt
 .text.xQueueGenericReset
                0x0000174c       0xb4 ./freertos/src/queue.o
                0x0000174c                xQueueGenericReset
 .text.xQueueGenericCreate
                0x00001800       0x88 ./freertos/src/queue.o
                0x00001800                xQueueGenericCreate
 .text.prvInitialiseNewQueue
                0x00001888      0x128 ./freertos/src/queue.o
 .text.xQueueGenericSend
                0x000019b0      0x340 ./freertos/src/queue.o
                0x000019b0                xQueueGenericSend
 .text.xQueueGenericSendFromISR
                0x00001cf0      0x184 ./freertos/src/queue.o
                0x00001cf0                xQueueGenericSendFromISR
 .text.xQueueReceive
                0x00001e74      0x390 ./freertos/src/queue.o
                0x00001e74                xQueueReceive
 .text.uxQueueGetQueueNumber
                0x00002204       0x16 ./freertos/src/queue.o
                0x00002204                uxQueueGetQueueNumber
 .text.vQueueSetQueueNumber
                0x0000221a       0x1a ./freertos/src/queue.o
                0x0000221a                vQueueSetQueueNumber
 .text.ucQueueGetQueueType
                0x00002234       0x18 ./freertos/src/queue.o
                0x00002234                ucQueueGetQueueType
 .text.prvCopyDataToQueue
                0x0000224c       0xd4 ./freertos/src/queue.o
 .text.prvCopyDataFromQueue
                0x00002320       0x4c ./freertos/src/queue.o
 .text.prvUnlockQueue
                0x0000236c       0xa4 ./freertos/src/queue.o
 .text.prvIsQueueEmpty
                0x00002410       0x2c ./freertos/src/queue.o
 .text.prvIsQueueFull
                0x0000243c       0x30 ./freertos/src/queue.o
 .text.vQueueAddToRegistry
                0x0000246c       0x74 ./freertos/src/queue.o
                0x0000246c                vQueueAddToRegistry
 .text.vQueueWaitForMessageRestricted
                0x000024e0       0x68 ./freertos/src/queue.o
                0x000024e0                vQueueWaitForMessageRestricted
 .text.xTaskCreate
                0x00002548       0x82 ./freertos/src/tasks.o
                0x00002548                xTaskCreate
 .text.prvInitialiseNewTask
                0x000025ca      0x10a ./freertos/src/tasks.o
 .text.prvAddNewTaskToReadyList
                0x000026d4      0x1a4 ./freertos/src/tasks.o
 .text.vTaskDelete
                0x00002878      0x294 ./freertos/src/tasks.o
                0x00002878                vTaskDelete
 .text.vTaskDelayUntil
                0x00002b0c      0x110 ./freertos/src/tasks.o
                0x00002b0c                vTaskDelayUntil
 .text.vTaskDelay
                0x00002c1c       0xb8 ./freertos/src/tasks.o
                0x00002c1c                vTaskDelay
 .text.vTaskStartScheduler
                0x00002cd4       0xb4 ./freertos/src/tasks.o
                0x00002cd4                vTaskStartScheduler
 .text.vTaskSuspendAll
                0x00002d88       0x1c ./freertos/src/tasks.o
                0x00002d88                vTaskSuspendAll
 .text.xTaskResumeAll
                0x00002da4      0x144 ./freertos/src/tasks.o
                0x00002da4                xTaskResumeAll
 .text.xTaskGetTickCount
                0x00002ee8       0x1c ./freertos/src/tasks.o
                0x00002ee8                xTaskGetTickCount
 .text.xTaskIncrementTick
                0x00002f04      0x1a4 ./freertos/src/tasks.o
                0x00002f04                xTaskIncrementTick
 .text.vTaskSwitchContext
                0x000030a8      0x148 ./freertos/src/tasks.o
                0x000030a8                vTaskSwitchContext
 .text.vTaskPlaceOnEventList
                0x000031f0       0x2c ./freertos/src/tasks.o
                0x000031f0                vTaskPlaceOnEventList
 .text.vTaskPlaceOnUnorderedEventList
                0x0000321c       0x3c ./freertos/src/tasks.o
                0x0000321c                vTaskPlaceOnUnorderedEventList
 .text.vTaskPlaceOnEventListRestricted
                0x00003258       0xb4 ./freertos/src/tasks.o
                0x00003258                vTaskPlaceOnEventListRestricted
 .text.xTaskRemoveFromEventList
                0x0000330c       0xd4 ./freertos/src/tasks.o
                0x0000330c                xTaskRemoveFromEventList
 .text.vTaskRemoveFromUnorderedEventList
                0x000033e0       0xb0 ./freertos/src/tasks.o
                0x000033e0                vTaskRemoveFromUnorderedEventList
 .text.vTaskInternalSetTimeOutState
                0x00003490       0x2c ./freertos/src/tasks.o
                0x00003490                vTaskInternalSetTimeOutState
 .text.xTaskCheckForTimeOut
                0x000034bc       0x8c ./freertos/src/tasks.o
                0x000034bc                xTaskCheckForTimeOut
 .text.vTaskMissedYield
                0x00003548       0x18 ./freertos/src/tasks.o
                0x00003548                vTaskMissedYield
 .text.uxTaskGetTaskNumber
                0x00003560       0x2a ./freertos/src/tasks.o
                0x00003560                uxTaskGetTaskNumber
 .text.vTaskSetTaskNumber
                0x0000358a       0x24 ./freertos/src/tasks.o
                0x0000358a                vTaskSetTaskNumber
 *fill*         0x000035ae        0x2 ff
 .text.prvIdleTask
                0x000035b0       0x30 ./freertos/src/tasks.o
 .text.prvInitialiseTaskLists
                0x000035e0       0x80 ./freertos/src/tasks.o
 .text.prvCheckTasksWaitingTermination
                0x00003660       0x58 ./freertos/src/tasks.o
 .text.prvDeleteTCB
                0x000036b8       0x20 ./freertos/src/tasks.o
 .text.prvResetNextTaskUnblockTime
                0x000036d8       0x40 ./freertos/src/tasks.o
 .text.xTaskGetCurrentTaskHandle
                0x00003718       0x1c ./freertos/src/tasks.o
                0x00003718                xTaskGetCurrentTaskHandle
 .text.xTaskGetSchedulerState
                0x00003734       0x3c ./freertos/src/tasks.o
                0x00003734                xTaskGetSchedulerState
 .text.xTaskPriorityDisinherit
                0x00003770      0x150 ./freertos/src/tasks.o
                0x00003770                xTaskPriorityDisinherit
 .text.uxTaskResetEventItemValue
                0x000038c0       0x30 ./freertos/src/tasks.o
                0x000038c0                uxTaskResetEventItemValue
 .text.prvAddCurrentTaskToDelayedList
                0x000038f0       0xcc ./freertos/src/tasks.o
 .text.xTimerCreateTimerTask
                0x000039bc       0x48 ./freertos/src/timers.o
                0x000039bc                xTimerCreateTimerTask
 .text.xTimerGenericCommand
                0x00003a04       0x80 ./freertos/src/timers.o
                0x00003a04                xTimerGenericCommand
 .text.prvProcessExpiredTimer
                0x00003a84       0x80 ./freertos/src/timers.o
 .text.prvTimerTask
                0x00003b04       0x24 ./freertos/src/timers.o
 .text.prvProcessTimerOrBlockTask
                0x00003b28       0x9c ./freertos/src/timers.o
 .text.prvGetNextExpireTime
                0x00003bc4       0x44 ./freertos/src/timers.o
 .text.prvSampleTimeNow
                0x00003c08       0x40 ./freertos/src/timers.o
 .text.prvInsertTimerInActiveList
                0x00003c48       0x84 ./freertos/src/timers.o
 .text.prvProcessReceivedCommands
                0x00003ccc      0x170 ./freertos/src/timers.o
 .text.prvSwitchTimerLists
                0x00003e3c       0xac ./freertos/src/timers.o
 .text.prvCheckForValidListAndQueue
                0x00003ee8       0x6c ./freertos/src/timers.o
 .text.xTimerPendFunctionCallFromISR
                0x00003f54       0x40 ./freertos/src/timers.o
                0x00003f54                xTimerPendFunctionCallFromISR
 .text.prvTraceGetQueueNumber
                0x00003f94       0x18 ./freertos/FreeRTOS_Trace/trcKernelPort.o
                0x00003f94                prvTraceGetQueueNumber
 .text.prvTraceGetQueueType
                0x00003fac       0x18 ./freertos/FreeRTOS_Trace/trcKernelPort.o
                0x00003fac                prvTraceGetQueueType
 .text.prvTraceGetTaskNumberLow16
                0x00003fc4       0x1a ./freertos/FreeRTOS_Trace/trcKernelPort.o
                0x00003fc4                prvTraceGetTaskNumberLow16
 .text.prvTraceGetTaskNumberHigh16
                0x00003fde       0x1c ./freertos/FreeRTOS_Trace/trcKernelPort.o
                0x00003fde                prvTraceGetTaskNumberHigh16
 .text.prvTraceSetTaskNumberLow16
                0x00003ffa       0x2c ./freertos/FreeRTOS_Trace/trcKernelPort.o
                0x00003ffa                prvTraceSetTaskNumberLow16
 .text.prvTraceSetTaskNumberHigh16
                0x00004026       0x2c ./freertos/FreeRTOS_Trace/trcKernelPort.o
                0x00004026                prvTraceSetTaskNumberHigh16
 .text.prvTraceGetQueueNumberLow16
                0x00004052       0x1a ./freertos/FreeRTOS_Trace/trcKernelPort.o
                0x00004052                prvTraceGetQueueNumberLow16
 .text.prvTraceGetQueueNumberHigh16
                0x0000406c       0x1c ./freertos/FreeRTOS_Trace/trcKernelPort.o
                0x0000406c                prvTraceGetQueueNumberHigh16
 .text.prvTraceSetQueueNumberLow16
                0x00004088       0x2c ./freertos/FreeRTOS_Trace/trcKernelPort.o
                0x00004088                prvTraceSetQueueNumberLow16
 .text.prvTraceSetQueueNumberHigh16
                0x000040b4       0x2c ./freertos/FreeRTOS_Trace/trcKernelPort.o
                0x000040b4                prvTraceSetQueueNumberHigh16
 .text.prvTraceGetEventGroupNumberLow16
                0x000040e0       0x1a ./freertos/FreeRTOS_Trace/trcKernelPort.o
                0x000040e0                prvTraceGetEventGroupNumberLow16
 .text.prvTraceGetEventGroupNumberHigh16
                0x000040fa       0x1c ./freertos/FreeRTOS_Trace/trcKernelPort.o
                0x000040fa                prvTraceGetEventGroupNumberHigh16
 .text.prvTraceSetEventGroupNumberLow16
                0x00004116       0x2c ./freertos/FreeRTOS_Trace/trcKernelPort.o
                0x00004116                prvTraceSetEventGroupNumberLow16
 .text.prvTraceSetEventGroupNumberHigh16
                0x00004142       0x2c ./freertos/FreeRTOS_Trace/trcKernelPort.o
                0x00004142                prvTraceSetEventGroupNumberHigh16
 .text.vTraceSetEventGroupName
                0x0000416e       0x26 ./freertos/FreeRTOS_Trace/trcKernelPort.o
                0x0000416e                vTraceSetEventGroupName
 .text.prvTraceGetCurrentTaskHandle
                0x00004194        0xe ./freertos/FreeRTOS_Trace/trcKernelPort.o
                0x00004194                prvTraceGetCurrentTaskHandle
 *fill*         0x000041a2        0x2 ff
 .text.vTraceInitObjectPropertyTable
                0x000041a4      0x198 ./freertos/FreeRTOS_Trace/trcKernelPort.o
                0x000041a4                vTraceInitObjectPropertyTable
 .text.vTraceInitObjectHandleStack
                0x0000433c       0xc4 ./freertos/FreeRTOS_Trace/trcKernelPort.o
                0x0000433c                vTraceInitObjectHandleStack
 .text.pszTraceGetErrorNotEnoughHandles
                0x00004400       0x94 ./freertos/FreeRTOS_Trace/trcKernelPort.o
                0x00004400                pszTraceGetErrorNotEnoughHandles
 .text.prvTraceIsSchedulerSuspended
                0x00004494       0x18 ./freertos/FreeRTOS_Trace/trcKernelPort.o
                0x00004494                prvTraceIsSchedulerSuspended
 .text.vTraceEnable
                0x000044ac       0x44 ./freertos/FreeRTOS_Trace/trcSnapshotRecorder.o
                0x000044ac                vTraceEnable
 .text.uiTraceStart
                0x000044f0       0xdc ./freertos/FreeRTOS_Trace/trcSnapshotRecorder.o
                0x000044f0                uiTraceStart
 .text.vTraceStart
                0x000045cc        0xc ./freertos/FreeRTOS_Trace/trcSnapshotRecorder.o
                0x000045cc                vTraceStart
 .text.vTraceStop
                0x000045d8       0x30 ./freertos/FreeRTOS_Trace/trcSnapshotRecorder.o
                0x000045d8                vTraceStop
 .text.xTraceSetISRProperties
                0x00004608       0x90 ./freertos/FreeRTOS_Trace/trcSnapshotRecorder.o
                0x00004608                xTraceSetISRProperties
 .text.vTraceStoreISRBegin
                0x00004698      0x11c ./freertos/FreeRTOS_Trace/trcSnapshotRecorder.o
                0x00004698                vTraceStoreISRBegin
 .text.vTraceStoreISREnd
                0x000047b4      0x140 ./freertos/FreeRTOS_Trace/trcSnapshotRecorder.o
                0x000047b4                vTraceStoreISREnd
 .text.writeInt8
                0x000048f4       0x50 ./freertos/FreeRTOS_Trace/trcSnapshotRecorder.o
 .text.writeInt16
                0x00004944       0x74 ./freertos/FreeRTOS_Trace/trcSnapshotRecorder.o
 .text.writeInt32
                0x000049b8       0x70 ./freertos/FreeRTOS_Trace/trcSnapshotRecorder.o
 .text.prvTraceUserEventFormat
                0x00004a28      0x2ec ./freertos/FreeRTOS_Trace/trcSnapshotRecorder.o
 .text.vTracePrintF
                0x00004d14       0x2c ./freertos/FreeRTOS_Trace/trcSnapshotRecorder.o
                0x00004d14                vTracePrintF
 .text.vTracePrintF_Helper
                0x00004d40      0x14c ./freertos/FreeRTOS_Trace/trcSnapshotRecorder.o
 .text.vTracePrint
                0x00004e8c       0x9c ./freertos/FreeRTOS_Trace/trcSnapshotRecorder.o
                0x00004e8c                vTracePrint
 .text.xTraceRegisterString
                0x00004f28       0x48 ./freertos/FreeRTOS_Trace/trcSnapshotRecorder.o
                0x00004f28                xTraceRegisterString
 .text.prvTraceStoreTaskReady
                0x00004f70       0xc8 ./freertos/FreeRTOS_Trace/trcSnapshotRecorder.o
                0x00004f70                prvTraceStoreTaskReady
 .text.vTraceStoreMemMangEvent
                0x00005038      0x114 ./freertos/FreeRTOS_Trace/trcSnapshotRecorder.o
                0x00005038                vTraceStoreMemMangEvent
 .text.prvTraceStoreKernelCall
                0x0000514c       0xf8 ./freertos/FreeRTOS_Trace/trcSnapshotRecorder.o
                0x0000514c                prvTraceStoreKernelCall
 .text.prvTraceStoreKernelCallWithParam
                0x00005244      0x110 ./freertos/FreeRTOS_Trace/trcSnapshotRecorder.o
                0x00005244                prvTraceStoreKernelCallWithParam
 .text.prvTraceGetParam
                0x00005354       0x78 ./freertos/FreeRTOS_Trace/trcSnapshotRecorder.o
 .text.prvTraceStoreKernelCallWithNumericParamOnly
                0x000053cc       0xc8 ./freertos/FreeRTOS_Trace/trcSnapshotRecorder.o
                0x000053cc                prvTraceStoreKernelCallWithNumericParamOnly
 .text.prvTraceStoreTaskswitch
                0x00005494       0xe0 ./freertos/FreeRTOS_Trace/trcSnapshotRecorder.o
                0x00005494                prvTraceStoreTaskswitch
 .text.prvTraceStoreObjectNameOnCloseEvent
                0x00005574       0xa4 ./freertos/FreeRTOS_Trace/trcSnapshotRecorder.o
                0x00005574                prvTraceStoreObjectNameOnCloseEvent
 .text.prvTraceStoreObjectPropertiesOnCloseEvent
                0x00005618       0xd0 ./freertos/FreeRTOS_Trace/trcSnapshotRecorder.o
                0x00005618                prvTraceStoreObjectPropertiesOnCloseEvent
 .text.prvTraceSetPriorityProperty
                0x000056e8       0x78 ./freertos/FreeRTOS_Trace/trcSnapshotRecorder.o
                0x000056e8                prvTraceSetPriorityProperty
 .text.prvTraceGetPriorityProperty
                0x00005760       0x7c ./freertos/FreeRTOS_Trace/trcSnapshotRecorder.o
                0x00005760                prvTraceGetPriorityProperty
 .text.prvTraceSetObjectState
                0x000057dc       0x78 ./freertos/FreeRTOS_Trace/trcSnapshotRecorder.o
                0x000057dc                prvTraceSetObjectState
 .text.prvTraceGetObjectState
                0x00005854       0x78 ./freertos/FreeRTOS_Trace/trcSnapshotRecorder.o
 .text.prvTraceSetTaskInstanceFinished
                0x000058cc       0x54 ./freertos/FreeRTOS_Trace/trcSnapshotRecorder.o
                0x000058cc                prvTraceSetTaskInstanceFinished
 .text.prvTraceInitTraceData
                0x00005920      0x230 ./freertos/FreeRTOS_Trace/trcSnapshotRecorder.o
 .text.prvTraceNextFreeEventBufferSlot
                0x00005b50       0x48 ./freertos/FreeRTOS_Trace/trcSnapshotRecorder.o
 .text.uiIndexOfObject
                0x00005b98       0xb0 ./freertos/FreeRTOS_Trace/trcSnapshotRecorder.o
                0x00005b98                uiIndexOfObject
 .text.prvTraceGetObjectHandle
                0x00005c48      0x158 ./freertos/FreeRTOS_Trace/trcSnapshotRecorder.o
                0x00005c48                prvTraceGetObjectHandle
 .text.prvTraceFreeObjectHandle
                0x00005da0       0xa0 ./freertos/FreeRTOS_Trace/trcSnapshotRecorder.o
                0x00005da0                prvTraceFreeObjectHandle
 .text.prvMarkObjectAsUsed
                0x00005e40       0x3c ./freertos/FreeRTOS_Trace/trcSnapshotRecorder.o
                0x00005e40                prvMarkObjectAsUsed
 .text.prvStrncpy
                0x00005e7c       0x4a ./freertos/FreeRTOS_Trace/trcSnapshotRecorder.o
 *fill*         0x00005ec6        0x2 ff
 .text.prvTraceSetObjectName
                0x00005ec8       0xbc ./freertos/FreeRTOS_Trace/trcSnapshotRecorder.o
                0x00005ec8                prvTraceSetObjectName
 .text.prvTraceOpenSymbol
                0x00005f84       0xa0 ./freertos/FreeRTOS_Trace/trcSnapshotRecorder.o
 .text.prvTraceError
                0x00006024       0x58 ./freertos/FreeRTOS_Trace/trcSnapshotRecorder.o
                0x00006024                prvTraceError
 .text.prvTraceUpdateCounters
                0x0000607c       0x3c ./freertos/FreeRTOS_Trace/trcSnapshotRecorder.o
 .text.prvTraceGetDTS
                0x000060b8      0x1b4 ./freertos/FreeRTOS_Trace/trcSnapshotRecorder.o
 .text.prvTraceLookupSymbolTableEntry
                0x0000626c       0xf8 ./freertos/FreeRTOS_Trace/trcSnapshotRecorder.o
 .text.prvTraceCreateSymbolTableEntry
                0x00006364      0x17c ./freertos/FreeRTOS_Trace/trcSnapshotRecorder.o
 .text.prvTraceGetChecksum
                0x000064e0       0x8c ./freertos/FreeRTOS_Trace/trcSnapshotRecorder.o
 .text.prvTracePortGetTimeStamp
                0x0000656c       0x98 ./freertos/FreeRTOS_Trace/trcSnapshotRecorder.o
                0x0000656c                prvTracePortGetTimeStamp
 .text._0_Deplacement_Init
                0x00006604       0x28 ./Strategie/Deplacement/0_Deplacements.o
                0x00006604                _0_Deplacement_Init
 .text._0_Deplacement_Get_ptr_Current_Destination
                0x0000662c       0x14 ./Strategie/Deplacement/0_Deplacements.o
                0x0000662c                _0_Deplacement_Get_ptr_Current_Destination
 .text._0_Deplacement_Wait_For_Arrival
                0x00006640       0xa0 ./Strategie/Deplacement/0_Deplacements.o
                0x00006640                _0_Deplacement_Wait_For_Arrival
 .text.Distance_To_Destination
                0x000066e0       0x90 ./Strategie/Deplacement/0_Deplacements.o
                0x000066e0                Distance_To_Destination
 .text.Distance_Two_Points
                0x00006770       0x64 ./Strategie/Deplacement/0_Deplacements.o
                0x00006770                Distance_Two_Points
 .text._0_Deplacement_Tourne_Avance
                0x000067d4       0xfc ./Strategie/Deplacement/0_Deplacements.o
                0x000067d4                _0_Deplacement_Tourne_Avance
 .text._0_Deplacement_Tourne_Avance_ASTAR
                0x000068d0       0xf4 ./Strategie/Deplacement/0_Deplacements.o
                0x000068d0                _0_Deplacement_Tourne_Avance_ASTAR
 .text._0_Deplacement_ASTAR
                0x000069c4      0x2f4 ./Strategie/Deplacement/0_Deplacements.o
                0x000069c4                _0_Deplacement_ASTAR
 .text._1_Obstacles_Create_Terrain_Border
                0x00006cb8       0xc0 ./Strategie/Deplacement/1_Obstacles.o
                0x00006cb8                _1_Obstacles_Create_Terrain_Border
 .text._1_TEST_Obstacles_Opponent_Robots
                0x00006d78       0x8c ./Strategie/Deplacement/1_Obstacles.o
                0x00006d78                _1_TEST_Obstacles_Opponent_Robots
 .text._0_Infos_Init
                0x00006e04       0x18 ./Strategie/0_Infos.o
                0x00006e04                _0_Infos_Init
 .text._0_Update_Card_Datas
                0x00006e1c       0x48 ./Strategie/0_Infos.o
                0x00006e1c                _0_Update_Card_Datas
 .text._0_Get_Ptr_Robot_Position
                0x00006e64       0x88 ./Strategie/0_Infos.o
                0x00006e64                _0_Get_Ptr_Robot_Position
 .text.Astar_Set_Node_as_Blocked
                0x00006eec       0x2a ./Pathfinding/Astar/Astar.o
 .text.Astar_Set_Node_as_Closed
                0x00006f16       0x1e ./Pathfinding/Astar/Astar.o
 .text.Astar_Set_Node_as_Opened
                0x00006f34       0x1e ./Pathfinding/Astar/Astar.o
 .text.Astar_Set_Node_as_Start
                0x00006f52       0x2a ./Pathfinding/Astar/Astar.o
 .text.Astar_Set_Node_as_End
                0x00006f7c       0x2a ./Pathfinding/Astar/Astar.o
 .text.Astar_Set_Node_as_Trajectory
                0x00006fa6       0x1e ./Pathfinding/Astar/Astar.o
 .text.Astar_Compute_H_cost
                0x00006fc4       0x88 ./Pathfinding/Astar/Astar.o
 .text.smin     0x0000704c       0x30 ./Pathfinding/Astar/Astar.o
 .text.smax     0x0000707c       0x30 ./Pathfinding/Astar/Astar.o
 .text.Astar_Coord_To_Index_X
                0x000070ac       0x40 ./Pathfinding/Astar/Astar.o
 .text.Astar_Coord_To_Index_Y
                0x000070ec       0x40 ./Pathfinding/Astar/Astar.o
 .text.Astar_Map_Init
                0x0000712c      0x100 ./Pathfinding/Astar/Astar.o
                0x0000712c                Astar_Map_Init
 .text.Astar_Get_Map
                0x0000722c       0x14 ./Pathfinding/Astar/Astar.o
                0x0000722c                Astar_Get_Map
 .text.Astar_Get_Vector_Map
                0x00007240       0x14 ./Pathfinding/Astar/Astar.o
                0x00007240                Astar_Get_Vector_Map
 .text.Astar_Find_Path
                0x00007254      0x1d4 ./Pathfinding/Astar/Astar.o
                0x00007254                Astar_Find_Path
 .text.Astar_Generate_Trajectory
                0x00007428      0x118 ./Pathfinding/Astar/Astar.o
                0x00007428                Astar_Generate_Trajectory
 .text.Astar_Find_Best_Node_To_Compute
                0x00007540      0x126 ./Pathfinding/Astar/Astar.o
                0x00007540                Astar_Find_Best_Node_To_Compute
 .text.Astar_Compute_Surronding_Nodes
                0x00007666      0x3da ./Pathfinding/Astar/Astar.o
                0x00007666                Astar_Compute_Surronding_Nodes
 .text.Astar_Compute_Node
                0x00007a40      0x102 ./Pathfinding/Astar/Astar.o
                0x00007a40                Astar_Compute_Node
 .text.Astar_Smoothing
                0x00007b42       0xf2 ./Pathfinding/Astar/Astar.o
                0x00007b42                Astar_Smoothing
 .text.Dijkstra_Intersect_Any_Segment
                0x00007c34       0x72 ./Pathfinding/Astar/Astar.o
                0x00007c34                Dijkstra_Intersect_Any_Segment
 .text.Dijkstra_intersect_segment
                0x00007ca6      0x562 ./Pathfinding/Astar/Astar.o
                0x00007ca6                Dijkstra_intersect_segment
 .text.Astar_Debug_Display_Map
                0x00008208       0x12 ./Pathfinding/Astar/Astar.o
                0x00008208                Astar_Debug_Display_Map
 .text.Astar_Add_Rectangular_Obstacle
                0x0000821a       0xba ./Pathfinding/Astar/Astar.o
                0x0000821a                Astar_Add_Rectangular_Obstacle
 .text.Astar_Add_Obstacle_Vector
                0x000082d4      0x148 ./Pathfinding/Astar/Astar.o
                0x000082d4                Astar_Add_Obstacle_Vector
 .text.Chip_IOCON_PinMux
                0x0000841c       0x94 ./Communication/RS485/0_RS485.o
 .text.Chip_GPIO_SetPinState
                0x000084b0       0x64 ./Communication/RS485/0_RS485.o
 .text.Chip_GPIO_WritePortBit
                0x00008514       0x2c ./Communication/RS485/0_RS485.o
 .text.Chip_GPIO_SetPinDIROutput
                0x00008540       0x36 ./Communication/RS485/0_RS485.o
 .text.Chip_GPIO_SetPinDIRInput
                0x00008576       0x3a ./Communication/RS485/0_RS485.o
 .text.Chip_GPIO_SetPinDIR
                0x000085b0       0x42 ./Communication/RS485/0_RS485.o
 .text.Chip_GPIO_WriteDirBit
                0x000085f2       0x2e ./Communication/RS485/0_RS485.o
 .text._0_RS485_Init
                0x00008620       0x48 ./Communication/RS485/0_RS485.o
                0x00008620                _0_RS485_Init
 .text._0_RS485_Master_Mode
                0x00008668       0x28 ./Communication/RS485/0_RS485.o
                0x00008668                _0_RS485_Master_Mode
 .text._0_RS485_Slave_Mode
                0x00008690       0x28 ./Communication/RS485/0_RS485.o
                0x00008690                _0_RS485_Slave_Mode
 .text.NVIC_DisableIRQ
                0x000086b8       0x34 ./Communication/0_Communication.o
 .text.NVIC_ClearPendingIRQ
                0x000086ec       0x34 ./Communication/0_Communication.o
 .text.NVIC_SetPriority
                0x00008720       0x54 ./Communication/0_Communication.o
 .text.Chip_IOCON_PinMux
                0x00008774       0x94 ./Communication/0_Communication.o
 .text.Chip_UART_SendByte
                0x00008808       0x1c ./Communication/0_Communication.o
 .text.Chip_UART_IntEnable
                0x00008824       0x20 ./Communication/0_Communication.o
 .text.Chip_UART_IntDisable
                0x00008844       0x22 ./Communication/0_Communication.o
 .text.Chip_UART_SetupFIFOS
                0x00008866       0x1a ./Communication/0_Communication.o
 .text.Chip_UART_ConfigData
                0x00008880       0x1a ./Communication/0_Communication.o
 .text.Chip_UART_ReadLineStatus
                0x0000889a       0x16 ./Communication/0_Communication.o
 .text._0_Communication_Init
                0x000088b0       0x84 ./Communication/0_Communication.o
                0x000088b0                _0_Communication_Init
 .text._0_Communication_Init_USB
                0x00008934        0xc ./Communication/0_Communication.o
                0x00008934                _0_Communication_Init_USB
 .text._0_Communication_Init_RS485
                0x00008940       0xb8 ./Communication/0_Communication.o
                0x00008940                _0_Communication_Init_RS485
 .text.UART1_IRQHandler
                0x000089f8       0xe0 ./Communication/0_Communication.o
                0x000089f8                UART1_IRQHandler
 .text.USB_IRQHandler
                0x00008ad8       0x40 ./Communication/0_Communication.o
                0x00008ad8                USB_IRQHandler
 .text._0_Communication_Send_Data
                0x00008b18       0x78 ./Communication/0_Communication.o
                0x00008b18                _0_Communication_Send_Data
 .text._0_Communication_Send_RS485
                0x00008b90       0x6a ./Communication/0_Communication.o
                0x00008b90                _0_Communication_Send_RS485
 *fill*         0x00008bfa        0x2 ff
 .text._0_Communication_Init_Event_Group
                0x00008bfc       0x28 ./Communication/0_Event_Group.o
                0x00008bfc                _0_Communication_Init_Event_Group
 .text.NVIC_EnableIRQ
                0x00008c24       0x30 ./Communication/1_Trame_Communication.o
 .text._1_Communication_Init
                0x00008c54       0x4c ./Communication/1_Trame_Communication.o
                0x00008c54                _1_Communication_Init
 .text._1_Communication_Create_Queues_Semaphores
                0x00008ca0       0x3c ./Communication/1_Trame_Communication.o
                0x00008ca0                _1_Communication_Create_Queues_Semaphores
 .text._1_Communication_Wait_To_Send
                0x00008cdc       0x38 ./Communication/1_Trame_Communication.o
                0x00008cdc                _1_Communication_Wait_To_Send
 .text._1_Communication_Free_Send_Bit
                0x00008d14       0x18 ./Communication/1_Trame_Communication.o
                0x00008d14                _1_Communication_Free_Send_Bit
 .text._1_Communication_Wait_To_Receive
                0x00008d2c       0x38 ./Communication/1_Trame_Communication.o
                0x00008d2c                _1_Communication_Wait_To_Receive
 .text._1_Communication_Free_Receive_Bit
                0x00008d64       0x18 ./Communication/1_Trame_Communication.o
                0x00008d64                _1_Communication_Free_Receive_Bit
 .text._1_Communication_Create_Trame
                0x00008d7c      0x130 ./Communication/1_Trame_Communication.o
                0x00008d7c                _1_Communication_Create_Trame
 .text._1_Communication_Create_Trame_From_Buffer
                0x00008eac      0x374 ./Communication/1_Trame_Communication.o
                0x00008eac                _1_Communication_Create_Trame_From_Buffer
 .text._1_Communication_Check_Rx_Adresse
                0x00009220       0x5a ./Communication/1_Trame_Communication.o
                0x00009220                _1_Communication_Check_Rx_Adresse
 .text._1_Communication_Check_Priority_Messages
                0x0000927a       0x14 ./Communication/1_Trame_Communication.o
                0x0000927a                _1_Communication_Check_Priority_Messages
 *fill*         0x0000928e        0x2 ff
 .text._1_Communication_Recomposition_Rx
                0x00009290       0x9c ./Communication/1_Trame_Communication.o
                0x00009290                _1_Communication_Recomposition_Rx
 .text._2_Communication_Init
                0x0000932c       0x18 ./Communication/2_Echange_Datas.o
                0x0000932c                _2_Communication_Init
 .text._2_Comm_Send_Destination_Robot
                0x00009344       0xbc ./Communication/2_Echange_Datas.o
                0x00009344                _2_Comm_Send_Destination_Robot
 .text._2_Comm_Send_Demande_Info
                0x00009400       0x54 ./Communication/2_Echange_Datas.o
                0x00009400                _2_Comm_Send_Demande_Info
 .text._2_Comm_Send_PONG
                0x00009454       0x4c ./Communication/2_Echange_Datas.o
                0x00009454                _2_Comm_Send_PONG
 .text._2_Comm_Send_Log_Message
                0x000094a0      0x13c ./Communication/2_Echange_Datas.o
                0x000094a0                _2_Comm_Send_Log_Message
 .text._2_Communication_RX_Init
                0x000095dc       0x30 ./Communication/2_Echange_Datas_Reception.o
                0x000095dc                _2_Communication_RX_Init
 .text._2_Communication_RX_Lectures_Messages
                0x0000960c       0x98 ./Communication/2_Echange_Datas_Reception.o
                0x0000960c                _2_Communication_RX_Lectures_Messages
 .text._2_Communication_RX_Reponse_Infos
                0x000096a4       0x2a ./Communication/2_Echange_Datas_Reception.o
                0x000096a4                _2_Communication_RX_Reponse_Infos
 *fill*         0x000096ce        0x2 ff
 .text.SystemCoreClockUpdate
                0x000096d0       0x10 C:\Robot\trunk\Workspaces\MultiWorkSpaces_2021\0_lpc_chip_175x_6x\Release\lib0_lpc_chip_175x_6x.a(chip_17xx_40xx.o)
                0x000096d0                SystemCoreClockUpdate
 .text.Chip_Clock_EnablePLL
                0x000096e0       0x24 C:\Robot\trunk\Workspaces\MultiWorkSpaces_2021\0_lpc_chip_175x_6x\Release\lib0_lpc_chip_175x_6x.a(clock_17xx_40xx.o)
                0x000096e0                Chip_Clock_EnablePLL
 .text.Chip_Clock_DisablePLL
                0x00009704       0x26 C:\Robot\trunk\Workspaces\MultiWorkSpaces_2021\0_lpc_chip_175x_6x\Release\lib0_lpc_chip_175x_6x.a(clock_17xx_40xx.o)
                0x00009704                Chip_Clock_DisablePLL
 .text.Chip_Clock_SetupPLL
                0x0000972a       0x30 C:\Robot\trunk\Workspaces\MultiWorkSpaces_2021\0_lpc_chip_175x_6x\Release\lib0_lpc_chip_175x_6x.a(clock_17xx_40xx.o)
                0x0000972a                Chip_Clock_SetupPLL
 *fill*         0x0000975a        0x2 ff
 .text.Chip_Clock_EnablePeriphClock
                0x0000975c       0x18 C:\Robot\trunk\Workspaces\MultiWorkSpaces_2021\0_lpc_chip_175x_6x\Release\lib0_lpc_chip_175x_6x.a(clock_17xx_40xx.o)
                0x0000975c                Chip_Clock_EnablePeriphClock
 .text.Chip_Clock_GetCPUClockSource
                0x00009774       0x10 C:\Robot\trunk\Workspaces\MultiWorkSpaces_2021\0_lpc_chip_175x_6x\Release\lib0_lpc_chip_175x_6x.a(clock_17xx_40xx.o)
                0x00009774                Chip_Clock_GetCPUClockSource
 .text.Chip_Clock_SetCPUClockDiv
                0x00009784        0xc C:\Robot\trunk\Workspaces\MultiWorkSpaces_2021\0_lpc_chip_175x_6x\Release\lib0_lpc_chip_175x_6x.a(clock_17xx_40xx.o)
                0x00009784                Chip_Clock_SetCPUClockDiv
 .text.Chip_Clock_GetCPUClockDiv
                0x00009790       0x10 C:\Robot\trunk\Workspaces\MultiWorkSpaces_2021\0_lpc_chip_175x_6x\Release\lib0_lpc_chip_175x_6x.a(clock_17xx_40xx.o)
                0x00009790                Chip_Clock_GetCPUClockDiv
 .text.Chip_Clock_GetPCLKDiv
                0x000097a0       0x38 C:\Robot\trunk\Workspaces\MultiWorkSpaces_2021\0_lpc_chip_175x_6x\Release\lib0_lpc_chip_175x_6x.a(clock_17xx_40xx.o)
                0x000097a0                Chip_Clock_GetPCLKDiv
 .text.Chip_Clock_GetSYSCLKRate
                0x000097d8       0x38 C:\Robot\trunk\Workspaces\MultiWorkSpaces_2021\0_lpc_chip_175x_6x\Release\lib0_lpc_chip_175x_6x.a(clock_17xx_40xx.o)
                0x000097d8                Chip_Clock_GetSYSCLKRate
 .text.Chip_Clock_GetMainPLLOutClockRate
                0x00009810       0x34 C:\Robot\trunk\Workspaces\MultiWorkSpaces_2021\0_lpc_chip_175x_6x\Release\lib0_lpc_chip_175x_6x.a(clock_17xx_40xx.o)
                0x00009810                Chip_Clock_GetMainPLLOutClockRate
 .text.Chip_Clock_GetMainClockRate
                0x00009844       0x20 C:\Robot\trunk\Workspaces\MultiWorkSpaces_2021\0_lpc_chip_175x_6x\Release\lib0_lpc_chip_175x_6x.a(clock_17xx_40xx.o)
                0x00009844                Chip_Clock_GetMainClockRate
 .text.Chip_Clock_GetSystemClockRate
                0x00009864       0x12 C:\Robot\trunk\Workspaces\MultiWorkSpaces_2021\0_lpc_chip_175x_6x\Release\lib0_lpc_chip_175x_6x.a(clock_17xx_40xx.o)
                0x00009864                Chip_Clock_GetSystemClockRate
 .text.Chip_Clock_GetPeripheralClockRate
                0x00009876       0x16 C:\Robot\trunk\Workspaces\MultiWorkSpaces_2021\0_lpc_chip_175x_6x\Release\lib0_lpc_chip_175x_6x.a(clock_17xx_40xx.o)
                0x00009876                Chip_Clock_GetPeripheralClockRate
 .text.RingBuffer_Init
                0x0000988c       0x10 C:\Robot\trunk\Workspaces\MultiWorkSpaces_2021\0_lpc_chip_175x_6x\Release\lib0_lpc_chip_175x_6x.a(ring_buffer.o)
                0x0000988c                RingBuffer_Init
 .text.RingBuffer_Insert
                0x0000989c       0x30 C:\Robot\trunk\Workspaces\MultiWorkSpaces_2021\0_lpc_chip_175x_6x\Release\lib0_lpc_chip_175x_6x.a(ring_buffer.o)
                0x0000989c                RingBuffer_Insert
 .text.RingBuffer_InsertMult
                0x000098cc       0x8c C:\Robot\trunk\Workspaces\MultiWorkSpaces_2021\0_lpc_chip_175x_6x\Release\lib0_lpc_chip_175x_6x.a(ring_buffer.o)
                0x000098cc                RingBuffer_InsertMult
 .text.RingBuffer_Pop
                0x00009958       0x30 C:\Robot\trunk\Workspaces\MultiWorkSpaces_2021\0_lpc_chip_175x_6x\Release\lib0_lpc_chip_175x_6x.a(ring_buffer.o)
                0x00009958                RingBuffer_Pop
 .text.RingBuffer_PopMult
                0x00009988       0x7e C:\Robot\trunk\Workspaces\MultiWorkSpaces_2021\0_lpc_chip_175x_6x\Release\lib0_lpc_chip_175x_6x.a(ring_buffer.o)
                0x00009988                RingBuffer_PopMult
 .text.RingBuffer_Count
                0x00009a06        0x8 C:\Robot\trunk\Workspaces\MultiWorkSpaces_2021\0_lpc_chip_175x_6x\Release\lib0_lpc_chip_175x_6x.a(ring_buffer.o)
                0x00009a06                RingBuffer_Count
 *fill*         0x00009a0e        0x2 ff
 .text.Chip_SetupIrcClocking
                0x00009a10       0x64 C:\Robot\trunk\Workspaces\MultiWorkSpaces_2021\0_lpc_chip_175x_6x\Release\lib0_lpc_chip_175x_6x.a(sysinit_17xx_40xx.o)
                0x00009a10                Chip_SetupIrcClocking
 .text.Chip_SetupXtalClocking
                0x00009a74       0xdc C:\Robot\trunk\Workspaces\MultiWorkSpaces_2021\0_lpc_chip_175x_6x\Release\lib0_lpc_chip_175x_6x.a(sysinit_17xx_40xx.o)
                0x00009a74                Chip_SetupXtalClocking
 .text.Chip_SystemInit
                0x00009b50        0x4 C:\Robot\trunk\Workspaces\MultiWorkSpaces_2021\0_lpc_chip_175x_6x\Release\lib0_lpc_chip_175x_6x.a(sysinit_17xx_40xx.o)
                0x00009b50                Chip_SystemInit
 .text.Chip_TIMER_Init
                0x00009b54       0x2c C:\Robot\trunk\Workspaces\MultiWorkSpaces_2021\0_lpc_chip_175x_6x\Release\lib0_lpc_chip_175x_6x.a(timer_17xx_40xx.o)
                0x00009b54                Chip_TIMER_Init
 .text.Chip_UART_Init
                0x00009b80       0x58 C:\Robot\trunk\Workspaces\MultiWorkSpaces_2021\0_lpc_chip_175x_6x\Release\lib0_lpc_chip_175x_6x.a(uart_17xx_40xx.o)
                0x00009b80                Chip_UART_Init
 .text.Chip_UART_TXEnable
                0x00009bd8        0x6 C:\Robot\trunk\Workspaces\MultiWorkSpaces_2021\0_lpc_chip_175x_6x\Release\lib0_lpc_chip_175x_6x.a(uart_17xx_40xx.o)
                0x00009bd8                Chip_UART_TXEnable
 *fill*         0x00009bde        0x2 ff
 .text.Chip_UART_SetBaud
                0x00009be0       0x58 C:\Robot\trunk\Workspaces\MultiWorkSpaces_2021\0_lpc_chip_175x_6x\Release\lib0_lpc_chip_175x_6x.a(uart_17xx_40xx.o)
                0x00009be0                Chip_UART_SetBaud
 .text.Chip_UART_RXIntHandlerRB
                0x00009c38       0x22 C:\Robot\trunk\Workspaces\MultiWorkSpaces_2021\0_lpc_chip_175x_6x\Release\lib0_lpc_chip_175x_6x.a(uart_17xx_40xx.o)
                0x00009c38                Chip_UART_RXIntHandlerRB
 .text.Chip_UART_TXIntHandlerRB
                0x00009c5a       0x24 C:\Robot\trunk\Workspaces\MultiWorkSpaces_2021\0_lpc_chip_175x_6x\Release\lib0_lpc_chip_175x_6x.a(uart_17xx_40xx.o)
                0x00009c5a                Chip_UART_TXIntHandlerRB
 *fill*         0x00009c7e        0x2 ff
 .text.Chip_UART_IRQRBHandler
                0x00009c80       0x68 C:\Robot\trunk\Workspaces\MultiWorkSpaces_2021\0_lpc_chip_175x_6x\Release\lib0_lpc_chip_175x_6x.a(uart_17xx_40xx.o)
                0x00009c80                Chip_UART_IRQRBHandler
 .text.Set_Clock_in
                0x00009ce8        0xc C:\Robot\trunk\Workspaces\MultiWorkSpaces_2021\0_lpc_board_nxp_lpcxpresso_1769\Release\lib0_lpc_board_nxp_lpcxpresso_1769.a(board.o)
                0x00009ce8                Set_Clock_in
 .text.Board_Init
                0x00009cf4       0x12 C:\Robot\trunk\Workspaces\MultiWorkSpaces_2021\0_lpc_board_nxp_lpcxpresso_1769\Release\lib0_lpc_board_nxp_lpcxpresso_1769.a(board.o)
                0x00009cf4                Board_Init
 .text.EPAdr    0x00009d06       0x10 C:\Robot\trunk\Workspaces\MultiWorkSpaces_2021\0_lpc_chip_175x_6x\libs\libusbd_175x_6x_lib.a(hw_usbd_ip3503.o)
                0x00009d06                EPAdr
 .text.hwWrCmd  0x00009d16       0x10 C:\Robot\trunk\Workspaces\MultiWorkSpaces_2021\0_lpc_chip_175x_6x\libs\libusbd_175x_6x_lib.a(hw_usbd_ip3503.o)
                0x00009d16                hwWrCmd
 .text.hwWrCmdDat
                0x00009d26       0x16 C:\Robot\trunk\Workspaces\MultiWorkSpaces_2021\0_lpc_chip_175x_6x\libs\libusbd_175x_6x_lib.a(hw_usbd_ip3503.o)
                0x00009d26                hwWrCmdDat
 .text.hwWrCmdEP
                0x00009d3c       0x24 C:\Robot\trunk\Workspaces\MultiWorkSpaces_2021\0_lpc_chip_175x_6x\libs\libusbd_175x_6x_lib.a(hw_usbd_ip3503.o)
                0x00009d3c                hwWrCmdEP
 .text.hwRdCmdDat
                0x00009d60       0x12 C:\Robot\trunk\Workspaces\MultiWorkSpaces_2021\0_lpc_chip_175x_6x\libs\libusbd_175x_6x_lib.a(hw_usbd_ip3503.o)
                0x00009d60                hwRdCmdDat
 .text.hwUSB_GetMemSize
                0x00009d72        0x6 C:\Robot\trunk\Workspaces\MultiWorkSpaces_2021\0_lpc_chip_175x_6x\libs\libusbd_175x_6x_lib.a(hw_usbd_ip3503.o)
                0x00009d72                hwUSB_GetMemSize
 .text.hwUSB_Connect
                0x00009d78       0x1c C:\Robot\trunk\Workspaces\MultiWorkSpaces_2021\0_lpc_chip_175x_6x\libs\libusbd_175x_6x_lib.a(hw_usbd_ip3503.o)
                0x00009d78                hwUSB_Connect
 .text.hwUSB_Reset
                0x00009d94       0x30 C:\Robot\trunk\Workspaces\MultiWorkSpaces_2021\0_lpc_chip_175x_6x\libs\libusbd_175x_6x_lib.a(hw_usbd_ip3503.o)
                0x00009d94                hwUSB_Reset
 .text.hwUSB_WakeUp
                0x00009dc4       0x20 C:\Robot\trunk\Workspaces\MultiWorkSpaces_2021\0_lpc_chip_175x_6x\libs\libusbd_175x_6x_lib.a(hw_usbd_ip3503.o)
                0x00009dc4                hwUSB_WakeUp
 .text.hwUSB_WakeUpCfg
                0x00009de4        0x2 C:\Robot\trunk\Workspaces\MultiWorkSpaces_2021\0_lpc_chip_175x_6x\libs\libusbd_175x_6x_lib.a(hw_usbd_ip3503.o)
                0x00009de4                hwUSB_WakeUpCfg
 *fill*         0x00009de6        0x2 ff
 .text.hwUSB_SetAddress
                0x00009de8       0x30 C:\Robot\trunk\Workspaces\MultiWorkSpaces_2021\0_lpc_chip_175x_6x\libs\libusbd_175x_6x_lib.a(hw_usbd_ip3503.o)
                0x00009de8                hwUSB_SetAddress
 .text.hwUSB_Init
                0x00009e18       0x84 C:\Robot\trunk\Workspaces\MultiWorkSpaces_2021\0_lpc_chip_175x_6x\libs\libusbd_175x_6x_lib.a(hw_usbd_ip3503.o)
                0x00009e18                hwUSB_Init
 .text.hwUSB_Configure
                0x00009e9c       0x34 C:\Robot\trunk\Workspaces\MultiWorkSpaces_2021\0_lpc_chip_175x_6x\libs\libusbd_175x_6x_lib.a(hw_usbd_ip3503.o)
                0x00009e9c                hwUSB_Configure
 .text.hwUSB_ConfigEP
                0x00009ed0       0x32 C:\Robot\trunk\Workspaces\MultiWorkSpaces_2021\0_lpc_chip_175x_6x\libs\libusbd_175x_6x_lib.a(hw_usbd_ip3503.o)
                0x00009ed0                hwUSB_ConfigEP
 .text.hwUSB_DirCtrlEP
                0x00009f02        0x2 C:\Robot\trunk\Workspaces\MultiWorkSpaces_2021\0_lpc_chip_175x_6x\libs\libusbd_175x_6x_lib.a(hw_usbd_ip3503.o)
                0x00009f02                hwUSB_DirCtrlEP
 .text.hwUSB_EnableEP
                0x00009f04       0x24 C:\Robot\trunk\Workspaces\MultiWorkSpaces_2021\0_lpc_chip_175x_6x\libs\libusbd_175x_6x_lib.a(hw_usbd_ip3503.o)
                0x00009f04                hwUSB_EnableEP
 .text.hwUSB_DisableEP
                0x00009f28       0x28 C:\Robot\trunk\Workspaces\MultiWorkSpaces_2021\0_lpc_chip_175x_6x\libs\libusbd_175x_6x_lib.a(hw_usbd_ip3503.o)
                0x00009f28                hwUSB_DisableEP
 .text.hwUSB_ResetEP
                0x00009f50       0x24 C:\Robot\trunk\Workspaces\MultiWorkSpaces_2021\0_lpc_chip_175x_6x\libs\libusbd_175x_6x_lib.a(hw_usbd_ip3503.o)
                0x00009f50                hwUSB_ResetEP
 .text.hwUSB_SetStallEP
                0x00009f74       0x28 C:\Robot\trunk\Workspaces\MultiWorkSpaces_2021\0_lpc_chip_175x_6x\libs\libusbd_175x_6x_lib.a(hw_usbd_ip3503.o)
                0x00009f74                hwUSB_SetStallEP
 .text.hwUSB_ClrStallEP
                0x00009f9c       0x24 C:\Robot\trunk\Workspaces\MultiWorkSpaces_2021\0_lpc_chip_175x_6x\libs\libusbd_175x_6x_lib.a(hw_usbd_ip3503.o)
                0x00009f9c                hwUSB_ClrStallEP
 .text.hwUSB_EnableEvent
                0x00009fc0       0xd8 C:\Robot\trunk\Workspaces\MultiWorkSpaces_2021\0_lpc_chip_175x_6x\libs\libusbd_175x_6x_lib.a(hw_usbd_ip3503.o)
                0x00009fc0                hwUSB_EnableEvent
 .text.hwUSB_ReadEP
                0x0000a098       0x80 C:\Robot\trunk\Workspaces\MultiWorkSpaces_2021\0_lpc_chip_175x_6x\libs\libusbd_175x_6x_lib.a(hw_usbd_ip3503.o)
                0x0000a098                hwUSB_ReadEP
 .text.hwUSB_ForceFullSpeed
                0x0000a118        0x2 C:\Robot\trunk\Workspaces\MultiWorkSpaces_2021\0_lpc_chip_175x_6x\libs\libusbd_175x_6x_lib.a(hw_usbd_ip3503.o)
                0x0000a118                hwUSB_ForceFullSpeed
 .text.hwUSB_SetTestMode
                0x0000a11a        0x4 C:\Robot\trunk\Workspaces\MultiWorkSpaces_2021\0_lpc_chip_175x_6x\libs\libusbd_175x_6x_lib.a(hw_usbd_ip3503.o)
                0x0000a11a                hwUSB_SetTestMode
 .text.hwUSB_ReadReqEP
                0x0000a11e        0x4 C:\Robot\trunk\Workspaces\MultiWorkSpaces_2021\0_lpc_chip_175x_6x\libs\libusbd_175x_6x_lib.a(hw_usbd_ip3503.o)
                0x0000a11e                hwUSB_ReadReqEP
 .text.hwUSB_ReadSetupPkt
                0x0000a122        0x4 C:\Robot\trunk\Workspaces\MultiWorkSpaces_2021\0_lpc_chip_175x_6x\libs\libusbd_175x_6x_lib.a(hw_usbd_ip3503.o)
                0x0000a122                hwUSB_ReadSetupPkt
 *fill*         0x0000a126        0x2 ff
 .text.hwUSB_WriteEP
                0x0000a128       0x44 C:\Robot\trunk\Workspaces\MultiWorkSpaces_2021\0_lpc_chip_175x_6x\libs\libusbd_175x_6x_lib.a(hw_usbd_ip3503.o)
                0x0000a128                hwUSB_WriteEP
 .text.hwUSB_ISR
                0x0000a16c      0x1a0 C:\Robot\trunk\Workspaces\MultiWorkSpaces_2021\0_lpc_chip_175x_6x\libs\libusbd_175x_6x_lib.a(hw_usbd_ip3503.o)
                0x0000a16c                hwUSB_ISR
 .text.mwCDC_SetRequest
                0x0000a30c       0x7c C:\Robot\trunk\Workspaces\MultiWorkSpaces_2021\0_lpc_chip_175x_6x\libs\libusbd_175x_6x_lib.a(mw_usbd_cdcuser.o)
                0x0000a30c                mwCDC_SetRequest
 .text.mwCDC_ep0_hdlr
                0x0000a388       0xb0 C:\Robot\trunk\Workspaces\MultiWorkSpaces_2021\0_lpc_chip_175x_6x\libs\libusbd_175x_6x_lib.a(mw_usbd_cdcuser.o)
                0x0000a388                mwCDC_ep0_hdlr
 .text.mwCDC_GetRequest
                0x0000a438       0x50 C:\Robot\trunk\Workspaces\MultiWorkSpaces_2021\0_lpc_chip_175x_6x\libs\libusbd_175x_6x_lib.a(mw_usbd_cdcuser.o)
                0x0000a438                mwCDC_GetRequest
 .text.mwCDC_SendNotification
                0x0000a488       0x50 C:\Robot\trunk\Workspaces\MultiWorkSpaces_2021\0_lpc_chip_175x_6x\libs\libusbd_175x_6x_lib.a(mw_usbd_cdcuser.o)
                0x0000a488                mwCDC_SendNotification
 .text.mwCDC_GetMemSize
                0x0000a4d8        0x4 C:\Robot\trunk\Workspaces\MultiWorkSpaces_2021\0_lpc_chip_175x_6x\libs\libusbd_175x_6x_lib.a(mw_usbd_cdcuser.o)
                0x0000a4d8                mwCDC_GetMemSize
 .text.mwCDC_init
                0x0000a4dc      0x140 C:\Robot\trunk\Workspaces\MultiWorkSpaces_2021\0_lpc_chip_175x_6x\libs\libusbd_175x_6x_lib.a(mw_usbd_cdcuser.o)
                0x0000a4dc                mwCDC_init
 .text.USB_ReqGetConfiguration
                0x0000a61c       0x20 C:\Robot\trunk\Workspaces\MultiWorkSpaces_2021\0_lpc_chip_175x_6x\libs\libusbd_175x_6x_lib.a(mw_usbd_core.o)
                0x0000a61c                USB_ReqGetConfiguration
 .text.USBD_virt_to_phys
                0x0000a63c        0x2 C:\Robot\trunk\Workspaces\MultiWorkSpaces_2021\0_lpc_chip_175x_6x\libs\libusbd_175x_6x_lib.a(mw_usbd_core.o)
                0x0000a63c                USBD_virt_to_phys
 .text.USBD_cache_flush
                0x0000a63e        0x2 C:\Robot\trunk\Workspaces\MultiWorkSpaces_2021\0_lpc_chip_175x_6x\libs\libusbd_175x_6x_lib.a(mw_usbd_core.o)
                0x0000a63e                USBD_cache_flush
 .text.USB_ReqGetStatus
                0x0000a640       0x8c C:\Robot\trunk\Workspaces\MultiWorkSpaces_2021\0_lpc_chip_175x_6x\libs\libusbd_175x_6x_lib.a(mw_usbd_core.o)
                0x0000a640                USB_ReqGetStatus
 .text.USB_ReqGetDescriptor
                0x0000a6cc       0x84 C:\Robot\trunk\Workspaces\MultiWorkSpaces_2021\0_lpc_chip_175x_6x\libs\libusbd_175x_6x_lib.a(mw_usbd_core.o)
                0x0000a6cc                USB_ReqGetDescriptor
 .text.USB_ReqGetInterface
                0x0000a750       0x34 C:\Robot\trunk\Workspaces\MultiWorkSpaces_2021\0_lpc_chip_175x_6x\libs\libusbd_175x_6x_lib.a(mw_usbd_core.o)
                0x0000a750                USB_ReqGetInterface
 .text.USB_ReqSetClrFeature
                0x0000a784       0xb4 C:\Robot\trunk\Workspaces\MultiWorkSpaces_2021\0_lpc_chip_175x_6x\libs\libusbd_175x_6x_lib.a(mw_usbd_core.o)
                0x0000a784                USB_ReqSetClrFeature
 .text.USB_ReqSetConfiguration
                0x0000a838      0x194 C:\Robot\trunk\Workspaces\MultiWorkSpaces_2021\0_lpc_chip_175x_6x\libs\libusbd_175x_6x_lib.a(mw_usbd_core.o)
                0x0000a838                USB_ReqSetConfiguration
 .text.USB_ReqSetInterface
                0x0000a9cc      0x144 C:\Robot\trunk\Workspaces\MultiWorkSpaces_2021\0_lpc_chip_175x_6x\libs\libusbd_175x_6x_lib.a(mw_usbd_core.o)
                0x0000a9cc                USB_ReqSetInterface
 .text.mwUSB_SetupStage
                0x0000ab10        0xa C:\Robot\trunk\Workspaces\MultiWorkSpaces_2021\0_lpc_chip_175x_6x\libs\libusbd_175x_6x_lib.a(mw_usbd_core.o)
                0x0000ab10                mwUSB_SetupStage
 .text.mwUSB_DataInStage
                0x0000ab1a       0x2e C:\Robot\trunk\Workspaces\MultiWorkSpaces_2021\0_lpc_chip_175x_6x\libs\libusbd_175x_6x_lib.a(mw_usbd_core.o)
                0x0000ab1a                mwUSB_DataInStage
 .text.mwUSB_DataOutStage
                0x0000ab48       0x24 C:\Robot\trunk\Workspaces\MultiWorkSpaces_2021\0_lpc_chip_175x_6x\libs\libusbd_175x_6x_lib.a(mw_usbd_core.o)
                0x0000ab48                mwUSB_DataOutStage
 .text.mwUSB_StatusInStage
                0x0000ab6c        0xa C:\Robot\trunk\Workspaces\MultiWorkSpaces_2021\0_lpc_chip_175x_6x\libs\libusbd_175x_6x_lib.a(mw_usbd_core.o)
                0x0000ab6c                mwUSB_StatusInStage
 .text.mwUSB_StatusOutStage
                0x0000ab76        0xa C:\Robot\trunk\Workspaces\MultiWorkSpaces_2021\0_lpc_chip_175x_6x\libs\libusbd_175x_6x_lib.a(mw_usbd_core.o)
                0x0000ab76                mwUSB_StatusOutStage
 .text.mwUSB_StallEp0
                0x0000ab80       0x12 C:\Robot\trunk\Workspaces\MultiWorkSpaces_2021\0_lpc_chip_175x_6x\libs\libusbd_175x_6x_lib.a(mw_usbd_core.o)
                0x0000ab80                mwUSB_StallEp0
 *fill*         0x0000ab92        0x2 ff
 .text.USB_ReqSetAddress
                0x0000ab94       0x24 C:\Robot\trunk\Workspaces\MultiWorkSpaces_2021\0_lpc_chip_175x_6x\libs\libusbd_175x_6x_lib.a(mw_usbd_core.o)
                0x0000ab94                USB_ReqSetAddress
 .text.USB_InvokeEp0Hdlrs
                0x0000abb8       0x44 C:\Robot\trunk\Workspaces\MultiWorkSpaces_2021\0_lpc_chip_175x_6x\libs\libusbd_175x_6x_lib.a(mw_usbd_core.o)
                0x0000abb8                USB_InvokeEp0Hdlrs
 .text.mwUSB_ResetCore
                0x0000abfc       0x26 C:\Robot\trunk\Workspaces\MultiWorkSpaces_2021\0_lpc_chip_175x_6x\libs\libusbd_175x_6x_lib.a(mw_usbd_core.o)
                0x0000abfc                mwUSB_ResetCore
 *fill*         0x0000ac22        0x2 ff
 .text.USB_EvtSetupHandler
                0x0000ac24      0x108 C:\Robot\trunk\Workspaces\MultiWorkSpaces_2021\0_lpc_chip_175x_6x\libs\libusbd_175x_6x_lib.a(mw_usbd_core.o)
                0x0000ac24                USB_EvtSetupHandler
 .text.USB_EvtOutHandler
                0x0000ad2c       0x68 C:\Robot\trunk\Workspaces\MultiWorkSpaces_2021\0_lpc_chip_175x_6x\libs\libusbd_175x_6x_lib.a(mw_usbd_core.o)
                0x0000ad2c                USB_EvtOutHandler
 .text.USB_EndPoint0
                0x0000ad94       0x94 C:\Robot\trunk\Workspaces\MultiWorkSpaces_2021\0_lpc_chip_175x_6x\libs\libusbd_175x_6x_lib.a(mw_usbd_core.o)
                0x0000ad94                USB_EndPoint0
 .text.mwUSB_InitCore
                0x0000ae28       0xdc C:\Robot\trunk\Workspaces\MultiWorkSpaces_2021\0_lpc_chip_175x_6x\libs\libusbd_175x_6x_lib.a(mw_usbd_core.o)
                0x0000ae28                mwUSB_InitCore
 .text.mwUSB_RegisterClassHandler
                0x0000af04       0x28 C:\Robot\trunk\Workspaces\MultiWorkSpaces_2021\0_lpc_chip_175x_6x\libs\libusbd_175x_6x_lib.a(mw_usbd_core.o)
                0x0000af04                mwUSB_RegisterClassHandler
 .text.mwUSB_RegisterEpHandler
                0x0000af2c       0x24 C:\Robot\trunk\Workspaces\MultiWorkSpaces_2021\0_lpc_chip_175x_6x\libs\libusbd_175x_6x_lib.a(mw_usbd_core.o)
                0x0000af2c                mwUSB_RegisterEpHandler
 .text          0x0000af50       0x40 c:/nxp/mcuxpressoide_11.1.1_3241/ide/plugins/com.nxp.mcuxpresso.tools.win32_11.1.0.202001081728/tools/bin/../lib/gcc/arm-none-eabi/8.3.1/thumb/v7-m/nofp\libgcc.a(_arm_fixunsdfsi.o)
                0x0000af50                __aeabi_d2uiz
                0x0000af50                __fixunsdfsi
 .text          0x0000af90      0x21c c:/nxp/mcuxpressoide_11.1.1_3241/ide/plugins/com.nxp.mcuxpresso.tools.win32_11.1.0.202001081728/tools/bin/../lib/gcc/arm-none-eabi/8.3.1/thumb/v7-m/nofp\libgcc.a(_arm_addsubsf3.o)
                0x0000af90                __aeabi_frsub
                0x0000af98                __subsf3
                0x0000af98                __aeabi_fsub
                0x0000af9c                __aeabi_fadd
                0x0000af9c                __addsf3
                0x0000b0fc                __aeabi_ui2f
                0x0000b0fc                __floatunsisf
                0x0000b104                __aeabi_i2f
                0x0000b104                __floatsisf
                0x0000b120                __aeabi_ul2f
                0x0000b120                __floatundisf
                0x0000b130                __aeabi_l2f
                0x0000b130                __floatdisf
 .text          0x0000b1ac      0x2a0 c:/nxp/mcuxpressoide_11.1.1_3241/ide/plugins/com.nxp.mcuxpresso.tools.win32_11.1.0.202001081728/tools/bin/../lib/gcc/arm-none-eabi/8.3.1/thumb/v7-m/nofp\libgcc.a(_arm_muldivsf3.o)
                0x0000b1ac                __mulsf3
                0x0000b1ac                __aeabi_fmul
                0x0000b314                __aeabi_fdiv
                0x0000b314                __divsf3
 .text          0x0000b44c       0xec c:/nxp/mcuxpressoide_11.1.1_3241/ide/plugins/com.nxp.mcuxpresso.tools.win32_11.1.0.202001081728/tools/bin/../lib/gcc/arm-none-eabi/8.3.1/thumb/v7-m/nofp\libgcc.a(_arm_cmpsf2.o)
                0x0000b44c                __gesf2
                0x0000b44c                __gtsf2
                0x0000b454                __lesf2
                0x0000b454                __ltsf2
                0x0000b45c                __nesf2
                0x0000b45c                __eqsf2
                0x0000b45c                __cmpsf2
                0x0000b4bc                __aeabi_cfrcmple
                0x0000b4c4                __aeabi_cfcmpeq
                0x0000b4c4                __aeabi_cfcmple
                0x0000b4d4                __aeabi_fcmpeq
                0x0000b4e8                __aeabi_fcmplt
                0x0000b4fc                __aeabi_fcmple
                0x0000b510                __aeabi_fcmpge
                0x0000b524                __aeabi_fcmpgt
 .text          0x0000b538       0x4c c:/nxp/mcuxpressoide_11.1.1_3241/ide/plugins/com.nxp.mcuxpresso.tools.win32_11.1.0.202001081728/tools/bin/../lib/gcc/arm-none-eabi/8.3.1/thumb/v7-m/nofp\libgcc.a(_arm_fixsfsi.o)
                0x0000b538                __aeabi_f2iz
                0x0000b538                __fixsfsi
 .text.memcpy   0x0000b584       0x1c c:/nxp/mcuxpressoide_11.1.1_3241/ide/plugins/com.nxp.mcuxpresso.tools.win32_11.1.0.202001081728/tools/bin/../lib/gcc/arm-none-eabi/8.3.1/../../../../arm-none-eabi/lib/thumb/v7-m/nofp\libc_nano.a(lib_a-memcpy-stub.o)
                0x0000b584                memcpy
 .text.memset   0x0000b5a0       0x10 c:/nxp/mcuxpressoide_11.1.1_3241/ide/plugins/com.nxp.mcuxpresso.tools.win32_11.1.0.202001081728/tools/bin/../lib/gcc/arm-none-eabi/8.3.1/../../../../arm-none-eabi/lib/thumb/v7-m/nofp\libc_nano.a(lib_a-memset.o)
                0x0000b5a0                memset
 .text.sprintf  0x0000b5b0       0x40 c:/nxp/mcuxpressoide_11.1.1_3241/ide/plugins/com.nxp.mcuxpresso.tools.win32_11.1.0.202001081728/tools/bin/../lib/gcc/arm-none-eabi/8.3.1/../../../../arm-none-eabi/lib/thumb/v7-m/nofp\libc_nano.a(lib_a-sprintf.o)
                0x0000b5b0                siprintf
                0x0000b5b0                sprintf
 .text          0x0000b5f0       0x10 c:/nxp/mcuxpressoide_11.1.1_3241/ide/plugins/com.nxp.mcuxpresso.tools.win32_11.1.0.202001081728/tools/bin/../lib/gcc/arm-none-eabi/8.3.1/../../../../arm-none-eabi/lib/thumb/v7-m/nofp\libc_nano.a(lib_a-strlen.o)
                0x0000b5f0                strlen
 .text.strncmp  0x0000b600       0x24 c:/nxp/mcuxpressoide_11.1.1_3241/ide/plugins/com.nxp.mcuxpresso.tools.win32_11.1.0.202001081728/tools/bin/../lib/gcc/arm-none-eabi/8.3.1/../../../../arm-none-eabi/lib/thumb/v7-m/nofp\libc_nano.a(lib_a-strncmp.o)
                0x0000b600                strncmp
 .text.__ssputs_r
                0x0000b624       0xb6 c:/nxp/mcuxpressoide_11.1.1_3241/ide/plugins/com.nxp.mcuxpresso.tools.win32_11.1.0.202001081728/tools/bin/../lib/gcc/arm-none-eabi/8.3.1/../../../../arm-none-eabi/lib/thumb/v7-m/nofp\libc_nano.a(lib_a-nano-svfprintf.o)
                0x0000b624                __ssputs_r
 *fill*         0x0000b6da        0x2 ff
 .text._svfprintf_r
                0x0000b6dc      0x1f0 c:/nxp/mcuxpressoide_11.1.1_3241/ide/plugins/com.nxp.mcuxpresso.tools.win32_11.1.0.202001081728/tools/bin/../lib/gcc/arm-none-eabi/8.3.1/../../../../arm-none-eabi/lib/thumb/v7-m/nofp\libc_nano.a(lib_a-nano-svfprintf.o)
                0x0000b6dc                _svfiprintf_r
                0x0000b6dc                _svfprintf_r
 .text._printf_common
                0x0000b8cc       0xec c:/nxp/mcuxpressoide_11.1.1_3241/ide/plugins/com.nxp.mcuxpresso.tools.win32_11.1.0.202001081728/tools/bin/../lib/gcc/arm-none-eabi/8.3.1/../../../../arm-none-eabi/lib/thumb/v7-m/nofp\libc_nano.a(lib_a-nano-vfprintf_i.o)
                0x0000b8cc                _printf_common
 .text._printf_i
                0x0000b9b8      0x22c c:/nxp/mcuxpressoide_11.1.1_3241/ide/plugins/com.nxp.mcuxpresso.tools.win32_11.1.0.202001081728/tools/bin/../lib/gcc/arm-none-eabi/8.3.1/../../../../arm-none-eabi/lib/thumb/v7-m/nofp\libc_nano.a(lib_a-nano-vfprintf_i.o)
                0x0000b9b8                _printf_i
 .text.memchr   0x0000bbe4       0x1c c:/nxp/mcuxpressoide_11.1.1_3241/ide/plugins/com.nxp.mcuxpresso.tools.win32_11.1.0.202001081728/tools/bin/../lib/gcc/arm-none-eabi/8.3.1/../../../../arm-none-eabi/lib/thumb/v7-m/nofp\libc_nano.a(lib_a-memchr-stub.o)
                0x0000bbe4                memchr
 .text.memmove  0x0000bc00       0x34 c:/nxp/mcuxpressoide_11.1.1_3241/ide/plugins/com.nxp.mcuxpresso.tools.win32_11.1.0.202001081728/tools/bin/../lib/gcc/arm-none-eabi/8.3.1/../../../../arm-none-eabi/lib/thumb/v7-m/nofp\libc_nano.a(lib_a-memmove.o)
                0x0000bc00                memmove
 .text._free_r  0x0000bc34       0x98 c:/nxp/mcuxpressoide_11.1.1_3241/ide/plugins/com.nxp.mcuxpresso.tools.win32_11.1.0.202001081728/tools/bin/../lib/gcc/arm-none-eabi/8.3.1/../../../../arm-none-eabi/lib/thumb/v7-m/nofp\libc_nano.a(lib_a-nano-freer.o)
                0x0000bc34                _free_r
 .text._malloc_r
                0x0000bccc       0xb4 c:/nxp/mcuxpressoide_11.1.1_3241/ide/plugins/com.nxp.mcuxpresso.tools.win32_11.1.0.202001081728/tools/bin/../lib/gcc/arm-none-eabi/8.3.1/../../../../arm-none-eabi/lib/thumb/v7-m/nofp\libc_nano.a(lib_a-nano-mallocr.o)
                0x0000bccc                _malloc_r
 .text._realloc_r
                0x0000bd80       0x4c c:/nxp/mcuxpressoide_11.1.1_3241/ide/plugins/com.nxp.mcuxpresso.tools.win32_11.1.0.202001081728/tools/bin/../lib/gcc/arm-none-eabi/8.3.1/../../../../arm-none-eabi/lib/thumb/v7-m/nofp\libc_nano.a(lib_a-nano-reallocr.o)
                0x0000bd80                _realloc_r
 .text._sbrk_r  0x0000bdcc       0x20 c:/nxp/mcuxpressoide_11.1.1_3241/ide/plugins/com.nxp.mcuxpresso.tools.win32_11.1.0.202001081728/tools/bin/../lib/gcc/arm-none-eabi/8.3.1/../../../../arm-none-eabi/lib/thumb/v7-m/nofp\libc_nano.a(lib_a-sbrkr.o)
                0x0000bdcc                _sbrk_r
 .text.__malloc_lock
                0x0000bdec        0xc c:/nxp/mcuxpressoide_11.1.1_3241/ide/plugins/com.nxp.mcuxpresso.tools.win32_11.1.0.202001081728/tools/bin/../lib/gcc/arm-none-eabi/8.3.1/../../../../arm-none-eabi/lib/thumb/v7-m/nofp\libc_nano.a(lib_a-mlock.o)
                0x0000bdec                __malloc_lock
 .text.__malloc_unlock
                0x0000bdf8        0xc c:/nxp/mcuxpressoide_11.1.1_3241/ide/plugins/com.nxp.mcuxpresso.tools.win32_11.1.0.202001081728/tools/bin/../lib/gcc/arm-none-eabi/8.3.1/../../../../arm-none-eabi/lib/thumb/v7-m/nofp\libc_nano.a(lib_a-mlock.o)
                0x0000bdf8                __malloc_unlock
 .text._malloc_usable_size_r
                0x0000be04       0x10 c:/nxp/mcuxpressoide_11.1.1_3241/ide/plugins/com.nxp.mcuxpresso.tools.win32_11.1.0.202001081728/tools/bin/../lib/gcc/arm-none-eabi/8.3.1/../../../../arm-none-eabi/lib/thumb/v7-m/nofp\libc_nano.a(lib_a-nano-msizer.o)
                0x0000be04                _malloc_usable_size_r
 .text.__retarget_lock_acquire_recursive
                0x0000be14        0x2 c:/nxp/mcuxpressoide_11.1.1_3241/ide/plugins/com.nxp.mcuxpresso.tools.win32_11.1.0.202001081728/tools/bin/../lib/gcc/arm-none-eabi/8.3.1/../../../../arm-none-eabi/lib/thumb/v7-m/nofp\libc_nano.a(lib_a-lock.o)
                0x0000be14                __retarget_lock_acquire_recursive
 .text.__retarget_lock_release_recursive
                0x0000be16        0x2 c:/nxp/mcuxpressoide_11.1.1_3241/ide/plugins/com.nxp.mcuxpresso.tools.win32_11.1.0.202001081728/tools/bin/../lib/gcc/arm-none-eabi/8.3.1/../../../../arm-none-eabi/lib/thumb/v7-m/nofp\libc_nano.a(lib_a-lock.o)
                0x0000be16                __retarget_lock_release_recursive
 .text.sqrtf    0x0000be18       0x48 c:/nxp/mcuxpressoide_11.1.1_3241/ide/plugins/com.nxp.mcuxpresso.tools.win32_11.1.0.202001081728/tools/bin/../lib/gcc/arm-none-eabi/8.3.1/../../../../arm-none-eabi/lib/thumb/v7-m/nofp\libm.a(lib_a-wf_sqrt.o)
                0x0000be18                sqrtf
 .text.__ieee754_sqrtf
                0x0000be60       0xa8 c:/nxp/mcuxpressoide_11.1.1_3241/ide/plugins/com.nxp.mcuxpresso.tools.win32_11.1.0.202001081728/tools/bin/../lib/gcc/arm-none-eabi/8.3.1/../../../../arm-none-eabi/lib/thumb/v7-m/nofp\libm.a(lib_a-ef_sqrt.o)
                0x0000be60                __ieee754_sqrtf
 .text._sbrk    0x0000bf08       0x3c c:/nxp/mcuxpressoide_11.1.1_3241/ide/plugins/com.nxp.mcuxpresso.tools.win32_11.1.0.202001081728/tools/bin/../lib/gcc/arm-none-eabi/8.3.1/../../../../arm-none-eabi/lib/thumb/v7-m/nofp\libcr_newlib_none.a(_cr_sbrk.o)
                0x0000bf08                _sbrk
 .text.__check_heap_overflow
                0x0000bf44       0x18 c:/nxp/mcuxpressoide_11.1.1_3241/ide/plugins/com.nxp.mcuxpresso.tools.win32_11.1.0.202001081728/tools/bin/../lib/gcc/arm-none-eabi/8.3.1/../../../../arm-none-eabi/lib/thumb/v7-m/nofp\libcr_newlib_none.a(_cr_check_heap.o)
                0x0000bf44                __check_heap_overflow
 .text          0x0000bf5c       0x2c c:/nxp/mcuxpressoide_11.1.1_3241/ide/plugins/com.nxp.mcuxpresso.tools.win32_11.1.0.202001081728/tools/bin/../lib/gcc/arm-none-eabi/8.3.1/thumb/v7-m/nofp\libgcc.a(_arm_unordsf2.o)
                0x0000bf5c                __unordsf2
                0x0000bf5c                __aeabi_fcmpun
 .text.__errno  0x0000bf88        0xc c:/nxp/mcuxpressoide_11.1.1_3241/ide/plugins/com.nxp.mcuxpresso.tools.win32_11.1.0.202001081728/tools/bin/../lib/gcc/arm-none-eabi/8.3.1/../../../../arm-none-eabi/lib/thumb/v7-m/nofp\libc_nano.a(lib_a-errno.o)
                0x0000bf88                __errno
 *(.rodata .rodata.* .constdata .constdata.*)
 .rodata.main.str1.4
                0x0000bf94        0xf ./src/IA_2021_V0.o
 *fill*         0x0000bfa3        0x1 ff
 .rodata.Set_Debug_Pin_0_High.str1.4
                0x0000bfa4       0x11 ./src/Init.o
 *fill*         0x0000bfb5        0x3 ff
 .rodata.Set_Debug_Pin_0_Low.str1.4
                0x0000bfb8       0x10 ./src/Init.o
 .rodata.Set_Debug_Pin_1_Low.str1.4
                0x0000bfc8       0x10 ./src/Init.o
 .rodata.Init_Carte_IA.str1.4
                0x0000bfd8       0x18 ./src/Init.o
 .rodata        0x0000bff0       0x15 ./src/test.o
 *fill*         0x0000c005        0x3 ff
 .rodata.vTaskStartScheduler.str1.4
                0x0000c008        0x5 ./freertos/src/tasks.o
 *fill*         0x0000c00d        0x3 ff
 .rodata.xTimerCreateTimerTask.str1.4
                0x0000c010        0x8 ./freertos/src/timers.o
 .rodata.prvCheckForValidListAndQueue.str1.4
                0x0000c018        0x5 ./freertos/src/timers.o
 *fill*         0x0000c01d        0x3 ff
 .rodata.pszTraceGetErrorNotEnoughHandles.str1.4
                0x0000c020      0x2fe ./freertos/FreeRTOS_Trace/trcKernelPort.o
 *fill*         0x0000c31e        0x2 ff
 .rodata.vTraceEnable.str1.4
                0x0000c320       0x74 ./freertos/FreeRTOS_Trace/trcSnapshotRecorder.o
 .rodata.uiTraceStart.str1.4
                0x0000c394       0x4e ./freertos/FreeRTOS_Trace/trcSnapshotRecorder.o
 *fill*         0x0000c3e2        0x2 ff
 .rodata.xTraceSetISRProperties.str1.4
                0x0000c3e4       0xb7 ./freertos/FreeRTOS_Trace/trcSnapshotRecorder.o
 *fill*         0x0000c49b        0x1 ff
 .rodata.vTraceStoreISRBegin.str1.4
                0x0000c49c       0xd4 ./freertos/FreeRTOS_Trace/trcSnapshotRecorder.o
 .rodata.vTraceStoreISREnd.str1.4
                0x0000c570       0x7c ./freertos/FreeRTOS_Trace/trcSnapshotRecorder.o
 .rodata.writeInt8.str1.4
                0x0000c5ec       0x28 ./freertos/FreeRTOS_Trace/trcSnapshotRecorder.o
 .rodata.writeInt16.str1.4
                0x0000c614       0x29 ./freertos/FreeRTOS_Trace/trcSnapshotRecorder.o
 *fill*         0x0000c63d        0x3 ff
 .rodata.writeInt32.str1.4
                0x0000c640       0x29 ./freertos/FreeRTOS_Trace/trcSnapshotRecorder.o
 *fill*         0x0000c669        0x3 ff
 .rodata.prvTraceUserEventFormat.str1.4
                0x0000c66c       0x6d ./freertos/FreeRTOS_Trace/trcSnapshotRecorder.o
 *fill*         0x0000c6d9        0x3 ff
 .rodata.vTracePrintF_Helper.str1.4
                0x0000c6dc       0x35 ./freertos/FreeRTOS_Trace/trcSnapshotRecorder.o
 *fill*         0x0000c711        0x3 ff
 .rodata.xTraceRegisterString.str1.4
                0x0000c714       0x32 ./freertos/FreeRTOS_Trace/trcSnapshotRecorder.o
 *fill*         0x0000c746        0x2 ff
 .rodata.prvTraceStoreTaskReady.str1.4
                0x0000c748       0x75 ./freertos/FreeRTOS_Trace/trcSnapshotRecorder.o
 *fill*         0x0000c7bd        0x3 ff
 .rodata.prvTraceStoreKernelCall.str1.4
                0x0000c7c0       0xfd ./freertos/FreeRTOS_Trace/trcSnapshotRecorder.o
 *fill*         0x0000c8bd        0x3 ff
 .rodata.prvTraceStoreKernelCallWithParam.str1.4
                0x0000c8c0      0x115 ./freertos/FreeRTOS_Trace/trcSnapshotRecorder.o
 *fill*         0x0000c9d5        0x3 ff
 .rodata.prvTraceGetParam.str1.4
                0x0000c9d8       0x3c ./freertos/FreeRTOS_Trace/trcSnapshotRecorder.o
 .rodata.prvTraceStoreKernelCallWithNumericParamOnly.str1.4
                0x0000ca14       0x8d ./freertos/FreeRTOS_Trace/trcSnapshotRecorder.o
 *fill*         0x0000caa1        0x3 ff
 .rodata.prvTraceStoreTaskswitch.str1.4
                0x0000caa4       0x45 ./freertos/FreeRTOS_Trace/trcSnapshotRecorder.o
 *fill*         0x0000cae9        0x3 ff
 .rodata.prvTraceStoreObjectNameOnCloseEvent.str1.4
                0x0000caec       0xa0 ./freertos/FreeRTOS_Trace/trcSnapshotRecorder.o
 .rodata.prvTraceStoreObjectPropertiesOnCloseEvent.str1.4
                0x0000cb8c       0xaa ./freertos/FreeRTOS_Trace/trcSnapshotRecorder.o
 *fill*         0x0000cc36        0x2 ff
 .rodata.prvTraceSetPriorityProperty.str1.4
                0x0000cc38       0x8c ./freertos/FreeRTOS_Trace/trcSnapshotRecorder.o
 .rodata.prvTraceGetPriorityProperty.str1.4
                0x0000ccc4       0x8c ./freertos/FreeRTOS_Trace/trcSnapshotRecorder.o
 .rodata.prvTraceSetObjectState.str1.4
                0x0000cd50       0x7f ./freertos/FreeRTOS_Trace/trcSnapshotRecorder.o
 *fill*         0x0000cdcf        0x1 ff
 .rodata.prvTraceGetObjectState.str1.4
                0x0000cdd0       0x7f ./freertos/FreeRTOS_Trace/trcSnapshotRecorder.o
 *fill*         0x0000ce4f        0x1 ff
 .rodata.prvTraceSetTaskInstanceFinished.str1.4
                0x0000ce50       0x48 ./freertos/FreeRTOS_Trace/trcSnapshotRecorder.o
 .rodata.prvTraceInitTraceData.str1.4
                0x0000ce98       0x14 ./freertos/FreeRTOS_Trace/trcSnapshotRecorder.o
 .rodata.prvTraceNextFreeEventBufferSlot.str1.4
                0x0000ceac       0x27 ./freertos/FreeRTOS_Trace/trcSnapshotRecorder.o
 *fill*         0x0000ced3        0x1 ff
 .rodata.uiIndexOfObject.str1.4
                0x0000ced4       0xc0 ./freertos/FreeRTOS_Trace/trcSnapshotRecorder.o
 .rodata.prvTraceGetObjectHandle.str1.4
                0x0000cf94       0x45 ./freertos/FreeRTOS_Trace/trcSnapshotRecorder.o
 *fill*         0x0000cfd9        0x3 ff
 .rodata.prvTraceFreeObjectHandle.str1.4
                0x0000cfdc       0xb9 ./freertos/FreeRTOS_Trace/trcSnapshotRecorder.o
 *fill*         0x0000d095        0x3 ff
 .rodata.prvTraceSetObjectName.str1.4
                0x0000d098       0x91 ./freertos/FreeRTOS_Trace/trcSnapshotRecorder.o
 *fill*         0x0000d129        0x3 ff
 .rodata.prvTraceOpenSymbol.str1.4
                0x0000d12c       0x2f ./freertos/FreeRTOS_Trace/trcSnapshotRecorder.o
 *fill*         0x0000d15b        0x1 ff
 .rodata.prvTraceGetDTS.str1.4
                0x0000d15c       0x63 ./freertos/FreeRTOS_Trace/trcSnapshotRecorder.o
 *fill*         0x0000d1bf        0x1 ff
 .rodata.prvTraceLookupSymbolTableEntry.str1.4
                0x0000d1c0       0x73 ./freertos/FreeRTOS_Trace/trcSnapshotRecorder.o
 *fill*         0x0000d233        0x1 ff
 .rodata.prvTraceCreateSymbolTableEntry.str1.4
                0x0000d234       0xb9 ./freertos/FreeRTOS_Trace/trcSnapshotRecorder.o
 *fill*         0x0000d2ed        0x3 ff
 .rodata.prvTraceGetChecksum.str1.4
                0x0000d2f0       0x97 ./freertos/FreeRTOS_Trace/trcSnapshotRecorder.o
 *fill*         0x0000d387        0x1 ff
 .rodata._0_Deplacement_Init.str1.4
                0x0000d388       0x14 ./Strategie/Deplacement/0_Deplacements.o
 .rodata._0_Deplacement_Tourne_Avance_ASTAR.str1.4
                0x0000d39c        0xd ./Strategie/Deplacement/0_Deplacements.o
 *fill*         0x0000d3a9        0x3 ff
 .rodata._0_Deplacement_ASTAR.str1.4
                0x0000d3ac       0x2f ./Strategie/Deplacement/0_Deplacements.o
 *fill*         0x0000d3db        0x1 ff
 .rodata.Astar_Find_Path.str1.4
                0x0000d3dc       0x36 ./Pathfinding/Astar/Astar.o
 *fill*         0x0000d412        0x2 ff
 .rodata.g_usbApi
                0x0000d414       0x20 ./Communication/USB/src/cdc_usb_main.o
 .rodata        0x0000d434       0x62 ./Communication/0_Communication.o
 *fill*         0x0000d496        0x2 ff
 .rodata._0_Communication_Init_Event_Group.str1.4
                0x0000d498       0x13 ./Communication/0_Event_Group.o
 *fill*         0x0000d4ab        0x1 ff
 .rodata        0x0000d4ac       0xdf ./Communication/1_Trame_Communication.o
 *fill*         0x0000d58b        0x1 ff
 .rodata._2_Comm_Send_Destination_Robot.str1.4
                0x0000d58c       0x30 ./Communication/2_Echange_Datas.o
 .rodata._2_Communication_RX_Init.str1.4
                0x0000d5bc       0x11 ./Communication/2_Echange_Datas_Reception.o
 *fill*         0x0000d5cd        0x3 ff
 .rodata._2_Communication_RX_Lectures_Messages.str1.4
                0x0000d5d0       0x2c ./Communication/2_Echange_Datas_Reception.o
                                 0x2b (size before relaxing)
 .rodata.MainOscPLL0conf_12
                0x0000d5fc       0xf0 C:\Robot\trunk\Workspaces\MultiWorkSpaces_2021\0_lpc_chip_175x_6x\Release\lib0_lpc_chip_175x_6x.a(sysinit_17xx_40xx.o)
 .rodata.MainOscPLL0conf_16
                0x0000d6ec       0xb0 C:\Robot\trunk\Workspaces\MultiWorkSpaces_2021\0_lpc_chip_175x_6x\Release\lib0_lpc_chip_175x_6x.a(sysinit_17xx_40xx.o)
 .rodata.RTCOscRateIn
                0x0000d79c        0x4 C:\Robot\trunk\Workspaces\MultiWorkSpaces_2021\0_lpc_board_nxp_lpcxpresso_1769\Release\lib0_lpc_board_nxp_lpcxpresso_1769.a(board.o)
                0x0000d79c                RTCOscRateIn
 .rodata.hw_api
                0x0000d7a0       0x5c C:\Robot\trunk\Workspaces\MultiWorkSpaces_2021\0_lpc_chip_175x_6x\libs\libusbd_175x_6x_lib.a(mw_usbd_rom_api.o)
                0x0000d7a0                hw_api
 .rodata.core_api
                0x0000d7fc       0x20 C:\Robot\trunk\Workspaces\MultiWorkSpaces_2021\0_lpc_chip_175x_6x\libs\libusbd_175x_6x_lib.a(mw_usbd_rom_api.o)
                0x0000d7fc                core_api
 .rodata.cdc_api
                0x0000d81c        0xc C:\Robot\trunk\Workspaces\MultiWorkSpaces_2021\0_lpc_chip_175x_6x\libs\libusbd_175x_6x_lib.a(mw_usbd_rom_api.o)
                0x0000d81c                cdc_api
 .rodata._svfprintf_r.str1.1
                0x0000d828       0x11 c:/nxp/mcuxpressoide_11.1.1_3241/ide/plugins/com.nxp.mcuxpresso.tools.win32_11.1.0.202001081728/tools/bin/../lib/gcc/arm-none-eabi/8.3.1/../../../../arm-none-eabi/lib/thumb/v7-m/nofp\libc_nano.a(lib_a-nano-svfprintf.o)
 .rodata._printf_i.str1.1
                0x0000d839       0x22 c:/nxp/mcuxpressoide_11.1.1_3241/ide/plugins/com.nxp.mcuxpresso.tools.win32_11.1.0.202001081728/tools/bin/../lib/gcc/arm-none-eabi/8.3.1/../../../../arm-none-eabi/lib/thumb/v7-m/nofp\libc_nano.a(lib_a-nano-vfprintf_i.o)
                0x0000d85c                . = ALIGN (0x4)
 *fill*         0x0000d85b        0x1 ff

.glue_7         0x0000d85c        0x0
 .glue_7        0x0000d85c        0x0 linker stubs

.glue_7t        0x0000d85c        0x0
 .glue_7t       0x0000d85c        0x0 linker stubs

.vfp11_veneer   0x0000d85c        0x0
 .vfp11_veneer  0x0000d85c        0x0 linker stubs

.v4_bx          0x0000d85c        0x0
 .v4_bx         0x0000d85c        0x0 linker stubs

.iplt           0x0000d85c        0x0
 .iplt          0x0000d85c        0x0 ./src/IA_2021_V0.o

.rel.dyn        0x0000d85c        0x0
 .rel.iplt      0x0000d85c        0x0 ./src/IA_2021_V0.o

.ARM.extab
 *(.ARM.extab* .gnu.linkonce.armextab.*)

.ARM.exidx      0x0000d85c        0x0
                0x0000d85c                __exidx_start = .
 *(.ARM.exidx* .gnu.linkonce.armexidx.*)
                0x0000d85c                __exidx_end = .
                0x0000d85c                _etext = .

.data_RAM2      0x2007c000        0x0 load address 0x0000d85c
 FILL mask 0xff
                [!provide]                PROVIDE (__start_data_RAM2 = .)
                [!provide]                PROVIDE (__start_data_RamAHB32 = .)
 *(.ramfunc.$RAM2)
 *(.ramfunc.$RamAHB32)
 *(.data.$RAM2)
 *(.data.$RamAHB32)
 *(.data.$RAM2.*)
 *(.data.$RamAHB32.*)
                0x2007c000                . = ALIGN (0x4)
                [!provide]                PROVIDE (__end_data_RAM2 = .)
                [!provide]                PROVIDE (__end_data_RamAHB32 = .)

.data_RAM3      0x2007c800        0x0 load address 0x0000d85c
 FILL mask 0xff
                [!provide]                PROVIDE (__start_data_RAM3 = .)
                [!provide]                PROVIDE (__start_data_RAM3 = .)
 *(.ramfunc.$RAM3)
 *(.ramfunc.$RAM3)
 *(.data.$RAM3)
 *(.data.$RAM3)
 *(.data.$RAM3.*)
 *(.data.$RAM3.*)
                0x2007c800                . = ALIGN (0x4)
                [!provide]                PROVIDE (__end_data_RAM3 = .)
                [!provide]                PROVIDE (__end_data_RAM3 = .)

.uninit_RESERVED
                0x10000000        0x0
                0x10000000                _start_uninit_RESERVED = .
 *(.bss.$RESERVED*)
                0x10000000                . = ALIGN (0x4)
                0x10000000                _end_uninit_RESERVED = .

.data           0x10000000       0x94 load address 0x0000d85c
 FILL mask 0xff
                0x10000000                _data = .
                [!provide]                PROVIDE (__start_data_RAM = .)
                [!provide]                PROVIDE (__start_data_RamLoc32 = .)
 *(vtable)
 *(.ramfunc*)
 *(CodeQuickAccess)
 *(DataQuickAccess)
 *(RamFunction)
 *(.data*)
 .data.xHeapRegions
                0x10000000       0x10 ./src/IA_2021_V0.o
 .data.uxCriticalNesting
                0x10000010        0x4 ./freertos/src/port.o
 .data.TraceQueueClassTable
                0x10000014        0x5 ./freertos/FreeRTOS_Trace/trcKernelPort.o
                0x10000014                TraceQueueClassTable