gpio_17xx_40xx.h:88:20:Chip_GPIO_SetPinState	16	static
gpio_17xx_40xx.h:106:20:Chip_GPIO_WritePortBit	24	static
gpio_17xx_40xx.h:144:20:Chip_GPIO_SetPinDIROutput	16	static
gpio_17xx_40xx.h:156:20:Chip_GPIO_SetPinDIRInput	16	static
gpio_17xx_40xx.h:169:20:Chip_GPIO_SetPinDIR	16	static
gpio_17xx_40xx.h:190:20:Chip_GPIO_WriteDirBit	16	static
Init.c:26:6:Debug_Trace_Texte	16	static
Init.c:34:6:Set_Debug_Pin_0_High	8	static
Init.c:43:6:Set_Debug_Pin_0_Low	8	static
Init.c:52:6:Set_Debug_Pin_1_High	8	static
Init.c:61:6:Set_Debug_Pin_1_Low	8	static
Init.c:71:6:Init_Carte_IA	8	static
