gpio_17xx_40xx.h:88:20:Chip_GPIO_SetPinState	16	static
gpio_17xx_40xx.h:106:20:Chip_GPIO_WritePortBit	24	static
gpio_17xx_40xx.h:144:20:Chip_GPIO_SetPinDIROutput	16	static
gpio_17xx_40xx.h:156:20:Chip_GPIO_SetPinDIRInput	16	static
gpio_17xx_40xx.h:169:20:Chip_GPIO_SetPinDIR	16	static
gpio_17xx_40xx.h:190:20:Chip_GPIO_WriteDirBit	16	static
Init.c:31:6:Debug_Trace_Texte	16	static
Init.c:39:6:Set_Debug_Pin_0_High	8	static
Init.c:48:6:Set_Debug_Pin_0_Low	8	static
Init.c:57:6:Set_Debug_Pin_1_High	8	static
Init.c:66:6:Set_Debug_Pin_1_Low	8	static
Init.c:76:6:Init_Carte_IA	16	static
Init.c:131:6:Init_Send_Robot_ID	8	static
