0_Codeurs.h:41:20:GPIOSetInterrupt.constprop	0	static
0_Codeurs.c:21:6:_0_Codeurs_Init	8	static
0_Codeurs.c:76:23:_0_Codeurs_Get_CodeursValues	0	static
0_Codeurs.c:92:6:_0_Codeurs_Increment_Simulation	0	static
0_Codeurs.c:120:38:EINT0_IRQHandler	0	static
0_Codeurs.c:125:38:EINT1_IRQHandler	0	static
0_Codeurs.c:130:38:EINT2_IRQHandler	0	static
0_Codeurs.c:145:37:Codeurs_Interrupts_420cy	0	static
0_Codeurs.c:315:37:Codeurs_Interrupts	4	static
0_Codeurs.c:108:38:EINT3_IRQHandler	8	static
0_Codeurs.c:392:6:_0_Codeurs_Reset	0	static
