Archive member included to satisfy reference by file (symbol)

D:\Developpement_Robot\Robotic-System\trunk\Workspaces\MultiWorkSpaces_2021\0_lpc_board_nxp_lpcxpresso_1347\Debug\lib0_lpc_board_nxp_lpcxpresso_1347.a(board.o)
                              ./src/Peripheriques.o (Board_Init)
D:\Developpement_Robot\Robotic-System\trunk\Workspaces\MultiWorkSpaces_2021\0_lpc_board_nxp_lpcxpresso_1347\Debug\lib0_lpc_board_nxp_lpcxpresso_1347.a(board_sysinit.o)
                              ./src/sysinit.o (Board_SystemInit)
D:\Developpement_Robot\Robotic-System\trunk\Workspaces\MultiWorkSpaces_2021\0_lpc_chip_13xx\Debug\lib0_lpc_chip_13xx.a(chip_13xx.o)
                              ./src/Peripheriques.o (SystemCoreClockUpdate)
D:\Developpement_Robot\Robotic-System\trunk\Workspaces\MultiWorkSpaces_2021\0_lpc_chip_13xx\Debug\lib0_lpc_chip_13xx.a(clock_13xx.o)
                              D:\Developpement_Robot\Robotic-System\trunk\Workspaces\MultiWorkSpaces_2021\0_lpc_chip_13xx\Debug\lib0_lpc_chip_13xx.a(chip_13xx.o) (Chip_Clock_SetUSBPLLSource)
D:\Developpement_Robot\Robotic-System\trunk\Workspaces\MultiWorkSpaces_2021\0_lpc_chip_13xx\Debug\lib0_lpc_chip_13xx.a(gpio_13xx_1.o)
                              D:\Developpement_Robot\Robotic-System\trunk\Workspaces\MultiWorkSpaces_2021\0_lpc_board_nxp_lpcxpresso_1347\Debug\lib0_lpc_board_nxp_lpcxpresso_1347.a(board.o) (Chip_GPIO_Init)
D:\Developpement_Robot\Robotic-System\trunk\Workspaces\MultiWorkSpaces_2021\0_lpc_chip_13xx\Debug\lib0_lpc_chip_13xx.a(iocon_13xx.o)
                              ./Communication/RS485/0_RS485.o (Chip_IOCON_PinMuxSet)
D:\Developpement_Robot\Robotic-System\trunk\Workspaces\MultiWorkSpaces_2021\0_lpc_chip_13xx\Debug\lib0_lpc_chip_13xx.a(ring_buffer.o)
                              ./Communication/0_Communication.o (RingBuffer_Init)
D:\Developpement_Robot\Robotic-System\trunk\Workspaces\MultiWorkSpaces_2021\0_lpc_chip_13xx\Debug\lib0_lpc_chip_13xx.a(sysctl_13xx.o)
                              D:\Developpement_Robot\Robotic-System\trunk\Workspaces\MultiWorkSpaces_2021\0_lpc_chip_13xx\Debug\lib0_lpc_chip_13xx.a(chip_13xx.o) (Chip_SYSCTL_PowerUp)
D:\Developpement_Robot\Robotic-System\trunk\Workspaces\MultiWorkSpaces_2021\0_lpc_chip_13xx\Debug\lib0_lpc_chip_13xx.a(sysinit_13xx.o)
                              D:\Developpement_Robot\Robotic-System\trunk\Workspaces\MultiWorkSpaces_2021\0_lpc_board_nxp_lpcxpresso_1347\Debug\lib0_lpc_board_nxp_lpcxpresso_1347.a(board_sysinit.o) (Chip_SetupXtalClocking)
D:\Developpement_Robot\Robotic-System\trunk\Workspaces\MultiWorkSpaces_2021\0_lpc_chip_13xx\Debug\lib0_lpc_chip_13xx.a(timer_13xx.o)
                              ./src/Init.o (Chip_TIMER_Init)
D:\Developpement_Robot\Robotic-System\trunk\Workspaces\MultiWorkSpaces_2021\0_lpc_chip_13xx\Debug\lib0_lpc_chip_13xx.a(uart_13xx.o)
                              ./Communication/0_Communication.o (Chip_UART_Init)
c:/nxp/mcuxpressoide_11.2.1_4149/ide/plugins/com.nxp.mcuxpresso.tools.win32_11.2.0.202008311134/tools/bin/../lib/gcc/arm-none-eabi/9.2.1/../../../../arm-none-eabi/lib/thumb/v7-m/nofp\libc_nano.a(lib_a-malloc.o)
                              ./freertos/src/heap_3.o (malloc)
c:/nxp/mcuxpressoide_11.2.1_4149/ide/plugins/com.nxp.mcuxpresso.tools.win32_11.2.0.202008311134/tools/bin/../lib/gcc/arm-none-eabi/9.2.1/../../../../arm-none-eabi/lib/thumb/v7-m/nofp\libc_nano.a(lib_a-memcpy-stub.o)
                              ./freertos/src/queue.o (memcpy)
c:/nxp/mcuxpressoide_11.2.1_4149/ide/plugins/com.nxp.mcuxpresso.tools.win32_11.2.0.202008311134/tools/bin/../lib/gcc/arm-none-eabi/9.2.1/../../../../arm-none-eabi/lib/thumb/v7-m/nofp\libc_nano.a(lib_a-memset.o)
                              ./freertos/src/stream_buffer.o (memset)
c:/nxp/mcuxpressoide_11.2.1_4149/ide/plugins/com.nxp.mcuxpresso.tools.win32_11.2.0.202008311134/tools/bin/../lib/gcc/arm-none-eabi/9.2.1/../../../../arm-none-eabi/lib/thumb/v7-m/nofp\libc_nano.a(lib_a-nano-freer.o)
                              c:/nxp/mcuxpressoide_11.2.1_4149/ide/plugins/com.nxp.mcuxpresso.tools.win32_11.2.0.202008311134/tools/bin/../lib/gcc/arm-none-eabi/9.2.1/../../../../arm-none-eabi/lib/thumb/v7-m/nofp\libc_nano.a(lib_a-malloc.o) (_free_r)
c:/nxp/mcuxpressoide_11.2.1_4149/ide/plugins/com.nxp.mcuxpresso.tools.win32_11.2.0.202008311134/tools/bin/../lib/gcc/arm-none-eabi/9.2.1/../../../../arm-none-eabi/lib/thumb/v7-m/nofp\libc_nano.a(lib_a-nano-mallocr.o)
                              c:/nxp/mcuxpressoide_11.2.1_4149/ide/plugins/com.nxp.mcuxpresso.tools.win32_11.2.0.202008311134/tools/bin/../lib/gcc/arm-none-eabi/9.2.1/../../../../arm-none-eabi/lib/thumb/v7-m/nofp\libc_nano.a(lib_a-malloc.o) (_malloc_r)
c:/nxp/mcuxpressoide_11.2.1_4149/ide/plugins/com.nxp.mcuxpresso.tools.win32_11.2.0.202008311134/tools/bin/../lib/gcc/arm-none-eabi/9.2.1/../../../../arm-none-eabi/lib/thumb/v7-m/nofp\libc_nano.a(lib_a-nano-vfprintf_float.o)
                              (_printf_float)
[...]
Memory Configuration

Name             Origin             Length             Attributes
MFlash64         0x00000000         0x00010000         xr
RamLoc8          0x10000000         0x00002000         xrw
RamUsb2          0x20004000         0x00000800         xrw
RamPeriph2       0x20000000         0x00000800         xrw
*default*        0x00000000         0xffffffff

Linker script and memory map

LOAD ./src/Init.o
LOAD ./src/Peripheriques.o
LOAD ./src/TEST.o
LOAD ./src/cr_startup_lpc13xx.o
LOAD ./src/sysinit.o
LOAD ./freertos/src/FreeRTOSCommonHooks.o
LOAD ./freertos/src/croutine.o
LOAD ./freertos/src/event_groups.o
LOAD ./freertos/src/heap_3.o
LOAD ./freertos/src/list.o
LOAD ./freertos/src/port.o
LOAD ./freertos/src/queue.o
LOAD ./freertos/src/stream_buffer.o
LOAD ./freertos/src/tasks.o
LOAD ./freertos/src/timers.o
LOAD ./Communication/RS485/0_RS485.o
LOAD ./Communication/0_Communication.o
LOAD ./Communication/0_Event_Group.o
LOAD ./Communication/1_Trame_Communication.o
LOAD ./Communication/2_Echange_Datas.o
LOAD ./Communication/2_Echange_Datas_Reception.o
LOAD D:\Developpement_Robot\Robotic-System\trunk\Workspaces\MultiWorkSpaces_2021\0_lpc_board_nxp_lpcxpresso_1347\Debug\lib0_lpc_board_nxp_lpcxpresso_1347.a
LOAD D:\Developpement_Robot\Robotic-System\trunk\Workspaces\MultiWorkSpaces_2021\0_lpc_chip_13xx\Debug\lib0_lpc_chip_13xx.a
START GROUP
LOAD c:/nxp/mcuxpressoide_11.2.1_4149/ide/plugins/com.nxp.mcuxpresso.tools.win32_11.2.0.202008311134/tools/bin/../lib/gcc/arm-none-eabi/9.2.1/thumb/v7-m/nofp\libgcc.a
LOAD c:/nxp/mcuxpressoide_11.2.1_4149/ide/plugins/com.nxp.mcuxpresso.tools.win32_11.2.0.202008311134/tools/bin/../lib/gcc/arm-none-eabi/9.2.1/../../../../arm-none-eabi/lib/thumb/v7-m/nofp\libc_nano.a
LOAD c:/nxp/mcuxpressoide_11.2.1_4149/ide/plugins/com.nxp.mcuxpresso.tools.win32_11.2.0.202008311134/tools/bin/../lib/gcc/arm-none-eabi/9.2.1/../../../../arm-none-eabi/lib/thumb/v7-m/nofp\libm.a
LOAD c:/nxp/mcuxpressoide_11.2.1_4149/ide/plugins/com.nxp.mcuxpresso.tools.win32_11.2.0.202008311134/tools/bin/../lib/gcc/arm-none-eabi/9.2.1/../../../../arm-none-eabi/lib/thumb/v7-m/nofp\libcr_newlib_none.a
END GROUP
                0x00000000                __base_MFlash64 = 0x0
                0x00000000                __base_Flash = 0x0
                0x00010000                __top_MFlash64 = 0x10000
                0x00010000                __top_Flash = 0x10000
                0x10000000                __base_RamLoc8 = 0x10000000
                0x10000000                __base_RAM = 0x10000000
                0x10002000                __top_RamLoc8 = 0x10002000
                0x10002000                __top_RAM = 0x10002000
                0x20004000                __base_RamUsb2 = 0x20004000
                0x20004000                __base_RAM2 = 0x20004000
                0x20004800                __top_RamUsb2 = 0x20004800
                0x20004800                __top_RAM2 = 0x20004800
                0x20000000                __base_RamPeriph2 = 0x20000000
                0x20000000                __base_RAM3 = 0x20000000
                0x20000800                __top_RamPeriph2 = 0x20000800
                0x20000800                __top_RAM3 = 0x20000800

.text           0x00000000     0x5758
 FILL mask 0xff
                0x00000000                __vectors_start__ = ABSOLUTE (.)
 *(.isr_vector)
 .isr_vector    0x00000000       0xc0 ./src/cr_startup_lpc13xx.o
                0x00000000                g_pfnVectors
                0x000000c0                . = ALIGN (0x4)
                0x000000c0                __section_table_start = .
                0x000000c0                __data_section_table = .
                0x000000c0        0x4 LONG 0x5758 LOADADDR (.data)
                0x000000c4        0x4 LONG 0x10000000 ADDR (.data)
                0x000000c8        0x4 LONG 0x1d4 SIZEOF (.data)
                0x000000cc        0x4 LONG 0x5758 LOADADDR (.data_RAM2)
                0x000000d0        0x4 LONG 0x20004000 ADDR (.data_RAM2)
                0x000000d4        0x4 LONG 0x0 SIZEOF (.data_RAM2)
                0x000000d8        0x4 LONG 0x5758 LOADADDR (.data_RAM3)
                0x000000dc        0x4 LONG 0x20000000 ADDR (.data_RAM3)
                0x000000e0        0x4 LONG 0x0 SIZEOF (.data_RAM3)
                0x000000e4                __data_section_table_end = .
                0x000000e4                __bss_section_table = .
                0x000000e4        0x4 LONG 0x100001d4 ADDR (.bss)
                0x000000e8        0x4 LONG 0x760 SIZEOF (.bss)
                0x000000ec        0x4 LONG 0x20004000 ADDR (.bss_RAM2)
                0x000000f0        0x4 LONG 0x0 SIZEOF (.bss_RAM2)
                0x000000f4        0x4 LONG 0x20000000 ADDR (.bss_RAM3)
                0x000000f8        0x4 LONG 0x0 SIZEOF (.bss_RAM3)
                0x000000fc                __bss_section_table_end = .
                0x000000fc                __section_table_end = .
 *(.after_vectors*)
 .after_vectors
                0x000000fc       0x84 ./src/cr_startup_lpc13xx.o
                0x000000fc                NMI_Handler
                0x000000fe                HardFault_Handler
                0x00000106                RIT_IRQHandler
                0x00000106                TIMER16_0_IRQHandler
                0x00000106                TIMER32_0_IRQHandler
                0x00000106                FMC_IRQHandler
                0x00000106                TIMER32_1_IRQHandler
                0x00000106                OSCFAIL_IRQHandler
                0x00000106                PIN_INT6_IRQHandler
                0x00000106                IntDefaultHandler
                0x00000106                PIN_INT4_IRQHandler
                0x00000106                SSP0_IRQHandler
                0x00000106                USBWakeup_IRQHandler
                0x00000106                PIN_INT3_IRQHandler
                0x00000106                PVTCIRCUIT_IRQHandler
                0x00000106                PIN_INT5_IRQHandler
                0x00000106                PIN_INT2_IRQHandler
                0x00000106                TIMER16_1_IRQHandler
                0x00000106                USB_FIQHandler
                0x00000106                ADC_IRQHandler
                0x00000106                SSP1_IRQHandler
                0x00000106                PIN_INT7_IRQHandler
                0x00000106                PIN_INT1_IRQHandler
                0x00000106                USB_IRQHandler
                0x00000106                BOD_IRQHandler
                0x00000106                I2C_IRQHandler
                0x00000106                WDT_IRQHandler
                0x00000106                PIN_INT0_IRQHandler
                0x00000106                GINT0_IRQHandler
                0x00000106                GINT1_IRQHandler
                0x00000108                data_init
                0x00000124                bss_init
                0x00000136                ResetISR
 *(.text*)
 .text.Init_Carte_Perpheriques
                0x00000180       0x18 ./src/Init.o
                0x00000180                Init_Carte_Perpheriques
 .text.vConfigureTimerForRunTimeStats
                0x00000198       0x24 ./src/Init.o
                0x00000198                vConfigureTimerForRunTimeStats
 .text.vTask_HartBeat
                0x000001bc       0x4e ./src/Peripheriques.o
 .text.prvSetupHardware
                0x0000020a        0xc ./src/Peripheriques.o
 *fill*         0x00000216        0x2 ff
 .text.main     0x00000218       0x30 ./src/Peripheriques.o
                0x00000218                main
 .text.SystemInit
                0x00000248        0x8 ./src/sysinit.o
                0x00000248                SystemInit
 .text.vApplicationStackOverflowHook
                0x00000250       0x12 ./freertos/src/FreeRTOSCommonHooks.o
                0x00000250                vApplicationStackOverflowHook
 .text.prvTestWaitCondition
                0x00000262       0x1c ./freertos/src/event_groups.o
 .text.xEventGroupCreate
                0x0000027e       0x1a ./freertos/src/event_groups.o
                0x0000027e                xEventGroupCreate
 .text.xEventGroupWaitBits
                0x00000298       0xbc ./freertos/src/event_groups.o
                0x00000298                xEventGroupWaitBits
 .text.xEventGroupSetBits
                0x00000354       0x62 ./freertos/src/event_groups.o
                0x00000354                xEventGroupSetBits
 .text.vEventGroupSetBitsCallback
                0x000003b6        0x8 ./freertos/src/event_groups.o
                0x000003b6                vEventGroupSetBitsCallback
 .text.pvPortMalloc
                0x000003be       0x18 ./freertos/src/heap_3.o
                0x000003be                pvPortMalloc
 .text.vPortFree
                0x000003d6       0x18 ./freertos/src/heap_3.o
                0x000003d6                vPortFree
 .text.vListInitialise
                0x000003ee       0x16 ./freertos/src/list.o
                0x000003ee                vListInitialise
 .text.vListInitialiseItem
                0x00000404        0x6 ./freertos/src/list.o
                0x00000404                vListInitialiseItem
 .text.vListInsertEnd
                0x0000040a       0x16 ./freertos/src/list.o
                0x0000040a                vListInsertEnd
 .text.vListInsert
                0x00000420       0x32 ./freertos/src/list.o
                0x00000420                vListInsert
 .text.uxListRemove
                0x00000452       0x26 ./freertos/src/list.o
                0x00000452                uxListRemove
 .text.prvTaskExitError
                0x00000478       0x20 ./freertos/src/port.o
 *fill*         0x00000498        0x8 ff
 .text.vPortStartFirstTask
                0x000004a0       0x34 ./freertos/src/port.o
 .text.pxPortInitialiseStack
                0x000004d4       0x20 ./freertos/src/port.o
                0x000004d4                pxPortInitialiseStack
 .text.SVC_Handler
                0x000004f4        0x2 ./freertos/src/port.o
                0x000004f4                SVC_Handler
 *fill*         0x000004f6        0x2 ff
 .text.vPortEnterCritical
                0x000004f8       0x28 ./freertos/src/port.o
                0x000004f8                vPortEnterCritical
 .text.vPortExitCritical
                0x00000520       0x14 ./freertos/src/port.o
                0x00000520                vPortExitCritical
 *fill*         0x00000534        0xc ff
 .text.PendSV_Handler
                0x00000540       0x44 ./freertos/src/port.o
                0x00000540                PendSV_Handler
 .text.SysTick_Handler
                0x00000584       0x30 ./freertos/src/port.o
                0x00000584                SysTick_Handler
 .text.vPortSetupTimerInterrupt
                0x000005b4       0x24 ./freertos/src/port.o
                0x000005b4                vPortSetupTimerInterrupt
 .text.xPortStartScheduler
                0x000005d8       0x38 ./freertos/src/port.o
                0x000005d8                xPortStartScheduler
 .text.prvIsQueueFull
                0x00000610       0x1e ./freertos/src/queue.o
 .text.prvIsQueueEmpty
                0x0000062e       0x1a ./freertos/src/queue.o
 .text.prvCopyDataToQueue
                0x00000648       0x76 ./freertos/src/queue.o
 .text.prvCopyDataFromQueue
                0x000006be       0x24 ./freertos/src/queue.o
 .text.prvUnlockQueue
                0x000006e2       0x6e ./freertos/src/queue.o
 .text.xQueueGenericReset
                0x00000750       0x70 ./freertos/src/queue.o
                0x00000750                xQueueGenericReset
 .text.prvInitialiseNewQueue
                0x000007c0       0x1c ./freertos/src/queue.o
 .text.xQueueGenericCreate
                0x000007dc       0x2e ./freertos/src/queue.o
                0x000007dc                xQueueGenericCreate
 *fill*         0x0000080a        0x2 ff
 .text.xQueueGenericSend
                0x0000080c      0x118 ./freertos/src/queue.o
                0x0000080c                xQueueGenericSend
 .text.xQueueGenericSendFromISR
                0x00000924       0x72 ./freertos/src/queue.o
                0x00000924                xQueueGenericSendFromISR
 *fill*         0x00000996        0x2 ff
 .text.xQueueReceive
                0x00000998      0x10c ./freertos/src/queue.o
                0x00000998                xQueueReceive
 .text.vQueueAddToRegistry
                0x00000aa4       0x28 ./freertos/src/queue.o
                0x00000aa4                vQueueAddToRegistry
 .text.vQueueWaitForMessageRestricted
                0x00000acc       0x52 ./freertos/src/queue.o
                0x00000acc                vQueueWaitForMessageRestricted
 *fill*         0x00000b1e        0x2 ff
 .text.prvResetNextTaskUnblockTime
                0x00000b20       0x2c ./freertos/src/tasks.o
 .text.prvDeleteTCB
                0x00000b4c       0x12 ./freertos/src/tasks.o
 .text.prvInitialiseNewTask
                0x00000b5e       0x9c ./freertos/src/tasks.o
 *fill*         0x00000bfa        0x2 ff
 .text.prvInitialiseTaskLists
                0x00000bfc       0x68 ./freertos/src/tasks.o
 .text.prvAddNewTaskToReadyList
                0x00000c64       0xa8 ./freertos/src/tasks.o
 .text.prvCheckTasksWaitingTermination
                0x00000d0c       0x4c ./freertos/src/tasks.o
 .text.prvIdleTask
                0x00000d58       0x28 ./freertos/src/tasks.o
 .text.prvAddCurrentTaskToDelayedList
                0x00000d80       0x98 ./freertos/src/tasks.o
 .text.xTaskCreate
                0x00000e18       0x64 ./freertos/src/tasks.o
                0x00000e18                xTaskCreate
 .text.vTaskStartScheduler
                0x00000e7c       0x70 ./freertos/src/tasks.o
                0x00000e7c                vTaskStartScheduler
 .text.vTaskSuspendAll
                0x00000eec       0x10 ./freertos/src/tasks.o
                0x00000eec                vTaskSuspendAll
 .text.xTaskGetTickCount
                0x00000efc        0xc ./freertos/src/tasks.o
                0x00000efc                xTaskGetTickCount
 .text.xTaskIncrementTick
                0x00000f08      0x100 ./freertos/src/tasks.o
                0x00000f08                xTaskIncrementTick
 .text.xTaskResumeAll
                0x00001008       0xe0 ./freertos/src/tasks.o
                0x00001008                xTaskResumeAll
 .text.vTaskDelay
                0x000010e8       0x34 ./freertos/src/tasks.o
                0x000010e8                vTaskDelay
 .text.vTaskSwitchContext
                0x0000111c       0xac ./freertos/src/tasks.o
                0x0000111c                vTaskSwitchContext
 .text.vTaskPlaceOnEventList
                0x000011c8       0x1c ./freertos/src/tasks.o
                0x000011c8                vTaskPlaceOnEventList
 .text.vTaskPlaceOnUnorderedEventList
                0x000011e4       0x24 ./freertos/src/tasks.o
                0x000011e4                vTaskPlaceOnUnorderedEventList
 .text.vTaskPlaceOnEventListRestricted
                0x00001208       0x24 ./freertos/src/tasks.o
                0x00001208                vTaskPlaceOnEventListRestricted
 .text.xTaskRemoveFromEventList
                0x0000122c       0x78 ./freertos/src/tasks.o
                0x0000122c                xTaskRemoveFromEventList
 .text.vTaskRemoveFromUnorderedEventList
                0x000012a4       0x58 ./freertos/src/tasks.o
                0x000012a4                vTaskRemoveFromUnorderedEventList
 .text.vTaskInternalSetTimeOutState
                0x000012fc       0x18 ./freertos/src/tasks.o
                0x000012fc                vTaskInternalSetTimeOutState
 .text.xTaskCheckForTimeOut
                0x00001314       0x5c ./freertos/src/tasks.o
                0x00001314                xTaskCheckForTimeOut
 .text.vTaskMissedYield
                0x00001370        0xc ./freertos/src/tasks.o
                0x00001370                vTaskMissedYield
 .text.xTaskGetSchedulerState
                0x0000137c       0x20 ./freertos/src/tasks.o
                0x0000137c                xTaskGetSchedulerState
 .text.xTaskPriorityDisinherit
                0x0000139c       0x80 ./freertos/src/tasks.o
                0x0000139c                xTaskPriorityDisinherit
 .text.uxTaskResetEventItemValue
                0x0000141c       0x18 ./freertos/src/tasks.o
                0x0000141c                uxTaskResetEventItemValue
 .text.prvGetNextExpireTime
                0x00001434       0x20 ./freertos/src/timers.o
 .text.prvInsertTimerInActiveList
                0x00001454       0x48 ./freertos/src/timers.o
 .text.prvCheckForValidListAndQueue
                0x0000149c       0x5c ./freertos/src/timers.o
 .text.xTimerCreateTimerTask
                0x000014f8       0x3c ./freertos/src/timers.o
                0x000014f8                xTimerCreateTimerTask
 .text.xTimerGenericCommand
                0x00001534       0x58 ./freertos/src/timers.o
                0x00001534                xTimerGenericCommand
 .text.prvSwitchTimerLists
                0x0000158c       0x68 ./freertos/src/timers.o
 .text.prvSampleTimeNow
                0x000015f4       0x2c ./freertos/src/timers.o
 .text.prvProcessExpiredTimer
                0x00001620       0x58 ./freertos/src/timers.o
 .text.prvProcessTimerOrBlockTask
                0x00001678       0x74 ./freertos/src/timers.o
 .text.prvProcessReceivedCommands
                0x000016ec       0xe4 ./freertos/src/timers.o
 .text.prvTimerTask
                0x000017d0       0x16 ./freertos/src/timers.o
 *fill*         0x000017e6        0x2 ff
 .text.xTimerPendFunctionCallFromISR
                0x000017e8       0x28 ./freertos/src/timers.o
                0x000017e8                xTimerPendFunctionCallFromISR
 .text._0_RS485_Master_Mode
                0x00001810        0xc ./Communication/RS485/0_RS485.o
                0x00001810                _0_RS485_Master_Mode
 .text._0_RS485_Slave_Mode
                0x0000181c        0xc ./Communication/RS485/0_RS485.o
                0x0000181c                _0_RS485_Slave_Mode
 .text._0_RS485_Init
                0x00001828       0x30 ./Communication/RS485/0_RS485.o
                0x00001828                _0_RS485_Init
 .text._0_Communication_Send_RS485
                0x00001858       0x68 ./Communication/0_Communication.o
                0x00001858                _0_Communication_Send_RS485
 .text._0_Communication_Wait_Sending_Clearance
                0x000018c0       0x24 ./Communication/0_Communication.o
                0x000018c0                _0_Communication_Wait_Sending_Clearance
 .text._0_Communication_Give_Sending_Clearance
                0x000018e4       0x14 ./Communication/0_Communication.o
                0x000018e4                _0_Communication_Give_Sending_Clearance
 .text.Chip_UART_SendByte
                0x000018f8        0x4 ./Communication/0_Communication.o
 .text.Chip_UART_ReadLineStatus
                0x000018fc        0x4 ./Communication/0_Communication.o
 .text._0_Communication_Init_RS485
                0x00001900       0x70 ./Communication/0_Communication.o
                0x00001900                _0_Communication_Init_RS485
 .text._0_Communication_Init
                0x00001970       0x58 ./Communication/0_Communication.o
                0x00001970                _0_Communication_Init
 .text.UART_IRQHandler
                0x000019c8       0xb0 ./Communication/0_Communication.o
                0x000019c8                UART_IRQHandler
 .text._0_Communication_Send_Data
                0x00001a78       0x6c ./Communication/0_Communication.o
                0x00001a78                _0_Communication_Send_Data
 .text._0_Communication_Init_Event_Group
                0x00001ae4       0x34 ./Communication/0_Event_Group.o
                0x00001ae4                _0_Communication_Init_Event_Group
 .text._1_Communication_Create_Trame_From_Buffer
                0x00001b18      0x2ac ./Communication/1_Trame_Communication.o
                0x00001b18                _1_Communication_Create_Trame_From_Buffer
 .text._1_Communication_Check_Rx_Adresse
                0x00001dc4       0x36 ./Communication/1_Trame_Communication.o
                0x00001dc4                _1_Communication_Check_Rx_Adresse
 *fill*         0x00001dfa        0x2 ff
 .text._1_Communication_Recomposition_Rx
                0x00001dfc       0x50 ./Communication/1_Trame_Communication.o
                0x00001dfc                _1_Communication_Recomposition_Rx
 .text._1_Communication_Create_Queues_Semaphores
                0x00001e4c       0x14 ./Communication/1_Trame_Communication.o
                0x00001e4c                _1_Communication_Create_Queues_Semaphores
 .text._1_Communication_Init
                0x00001e60       0x2c ./Communication/1_Trame_Communication.o
                0x00001e60                _1_Communication_Init
 .text._1_Communication_Wait_To_Send
                0x00001e8c       0x2c ./Communication/1_Trame_Communication.o
                0x00001e8c                _1_Communication_Wait_To_Send
 .text._1_Communication_Free_Send_Bit
                0x00001eb8       0x14 ./Communication/1_Trame_Communication.o
                0x00001eb8                _1_Communication_Free_Send_Bit
 .text._1_Communication_Create_Message
                0x00001ecc       0x7c ./Communication/1_Trame_Communication.o
                0x00001ecc                _1_Communication_Create_Message
 .text._1_Communication_Create_Trame
                0x00001f48       0x38 ./Communication/1_Trame_Communication.o
                0x00001f48                _1_Communication_Create_Trame
 .text._2_Communication_Init
                0x00001f80        0x2 ./Communication/2_Echange_Datas.o
                0x00001f80                _2_Communication_Init
 *fill*         0x00001f82        0x2 ff
 .text._2_Comm_Send_Log_Message
                0x00001f84       0xfc ./Communication/2_Echange_Datas.o
                0x00001f84                _2_Comm_Send_Log_Message
 .text._2_Comm_Send_Communication_Status
                0x00002080       0x6c ./Communication/2_Echange_Datas.o
                0x00002080                _2_Comm_Send_Communication_Status
 .text._2_Comm_Send_PONG
                0x000020ec       0xe8 ./Communication/2_Echange_Datas.o
                0x000020ec                _2_Comm_Send_PONG
 .text._2_Comm_Send_ACKNOWLEDGE
                0x000021d4       0x60 ./Communication/2_Echange_Datas.o
                0x000021d4                _2_Comm_Send_ACKNOWLEDGE
 .text._2_Communication_RX_Init
                0x00002234        0x2 ./Communication/2_Echange_Datas_Reception.o
                0x00002234                _2_Communication_RX_Init
 *fill*         0x00002236        0x2 ff
 .text._2_Comm_RX_Id_Robot
                0x00002238       0x20 ./Communication/2_Echange_Datas_Reception.o
                0x00002238                _2_Comm_RX_Id_Robot
 .text._2_Communication_Interprete_message
                0x00002258       0x48 ./Communication/2_Echange_Datas_Reception.o
                0x00002258                _2_Communication_Interprete_message
 .text._2_Comm_Get_Robot_ID
                0x000022a0        0xc ./Communication/2_Echange_Datas_Reception.o
                0x000022a0                _2_Comm_Get_Robot_ID
 .text.Board_LED_Init
                0x000022ac       0x16 D:\Developpement_Robot\Robotic-System\trunk\Workspaces\MultiWorkSpaces_2021\0_lpc_board_nxp_lpcxpresso_1347\Debug\lib0_lpc_board_nxp_lpcxpresso_1347.a(board.o)
 .text.Board_Init
                0x000022c2       0x14 D:\Developpement_Robot\Robotic-System\trunk\Workspaces\MultiWorkSpaces_2021\0_lpc_board_nxp_lpcxpresso_1347\Debug\lib0_lpc_board_nxp_lpcxpresso_1347.a(board.o)
                0x000022c2                Board_Init
 *fill*         0x000022d6        0x2 ff
 .text.Chip_SYSCTL_Map
                0x000022d8       0x20 D:\Developpement_Robot\Robotic-System\trunk\Workspaces\MultiWorkSpaces_2021\0_lpc_board_nxp_lpcxpresso_1347\Debug\lib0_lpc_board_nxp_lpcxpresso_1347.a(board_sysinit.o)
 .text.Chip_Clock_EnablePeriphClock
                0x000022f8       0x30 D:\Developpement_Robot\Robotic-System\trunk\Workspaces\MultiWorkSpaces_2021\0_lpc_board_nxp_lpcxpresso_1347\Debug\lib0_lpc_board_nxp_lpcxpresso_1347.a(board_sysinit.o)
 .text.Chip_IOCON_SetPinMuxing
                0x00002328       0x50 D:\Developpement_Robot\Robotic-System\trunk\Workspaces\MultiWorkSpaces_2021\0_lpc_board_nxp_lpcxpresso_1347\Debug\lib0_lpc_board_nxp_lpcxpresso_1347.a(board_sysinit.o)
 .text.Board_SetupMuxing
                0x00002378       0x20 D:\Developpement_Robot\Robotic-System\trunk\Workspaces\MultiWorkSpaces_2021\0_lpc_board_nxp_lpcxpresso_1347\Debug\lib0_lpc_board_nxp_lpcxpresso_1347.a(board_sysinit.o)
                0x00002378                Board_SetupMuxing
 .text.Board_SetupClocking
                0x00002398        0xc D:\Developpement_Robot\Robotic-System\trunk\Workspaces\MultiWorkSpaces_2021\0_lpc_board_nxp_lpcxpresso_1347\Debug\lib0_lpc_board_nxp_lpcxpresso_1347.a(board_sysinit.o)
                0x00002398                Board_SetupClocking
 .text.Board_SystemInit
                0x000023a4       0x16 D:\Developpement_Robot\Robotic-System\trunk\Workspaces\MultiWorkSpaces_2021\0_lpc_board_nxp_lpcxpresso_1347\Debug\lib0_lpc_board_nxp_lpcxpresso_1347.a(board_sysinit.o)
                0x000023a4                Board_SystemInit
 *fill*         0x000023ba        0x2 ff
 .text.SystemCoreClockUpdate
                0x000023bc       0x10 D:\Developpement_Robot\Robotic-System\trunk\Workspaces\MultiWorkSpaces_2021\0_lpc_chip_13xx\Debug\lib0_lpc_chip_13xx.a(chip_13xx.o)
                0x000023bc                SystemCoreClockUpdate
 .text.Chip_Clock_SetSystemPLLSource
                0x000023cc        0xc D:\Developpement_Robot\Robotic-System\trunk\Workspaces\MultiWorkSpaces_2021\0_lpc_chip_13xx\Debug\lib0_lpc_chip_13xx.a(clock_13xx.o)
                0x000023cc                Chip_Clock_SetSystemPLLSource
 .text.Chip_Clock_SetMainClockSource
                0x000023d8        0xc D:\Developpement_Robot\Robotic-System\trunk\Workspaces\MultiWorkSpaces_2021\0_lpc_chip_13xx\Debug\lib0_lpc_chip_13xx.a(clock_13xx.o)
                0x000023d8                Chip_Clock_SetMainClockSource
 .text.Chip_Clock_GetMainClockRate
                0x000023e4       0x80 D:\Developpement_Robot\Robotic-System\trunk\Workspaces\MultiWorkSpaces_2021\0_lpc_chip_13xx\Debug\lib0_lpc_chip_13xx.a(clock_13xx.o)
                0x000023e4                Chip_Clock_GetMainClockRate
 .text.Chip_Clock_GetSystemClockRate
                0x00002464       0x98 D:\Developpement_Robot\Robotic-System\trunk\Workspaces\MultiWorkSpaces_2021\0_lpc_chip_13xx\Debug\lib0_lpc_chip_13xx.a(clock_13xx.o)
                0x00002464                Chip_Clock_GetSystemClockRate
 .text.Chip_GPIO_Init
                0x000024fc       0x14 D:\Developpement_Robot\Robotic-System\trunk\Workspaces\MultiWorkSpaces_2021\0_lpc_chip_13xx\Debug\lib0_lpc_chip_13xx.a(gpio_13xx_1.o)
                0x000024fc                Chip_GPIO_Init
 .text.Chip_GPIO_WriteDirBit
                0x00002510       0x34 D:\Developpement_Robot\Robotic-System\trunk\Workspaces\MultiWorkSpaces_2021\0_lpc_chip_13xx\Debug\lib0_lpc_chip_13xx.a(gpio_13xx_1.o)
                0x00002510                Chip_GPIO_WriteDirBit
 .text.Chip_IOCON_PinMuxSet
                0x00002544        0xc D:\Developpement_Robot\Robotic-System\trunk\Workspaces\MultiWorkSpaces_2021\0_lpc_chip_13xx\Debug\lib0_lpc_chip_13xx.a(iocon_13xx.o)
                0x00002544                Chip_IOCON_PinMuxSet
 .text.RingBuffer_Init
                0x00002550       0x14 D:\Developpement_Robot\Robotic-System\trunk\Workspaces\MultiWorkSpaces_2021\0_lpc_chip_13xx\Debug\lib0_lpc_chip_13xx.a(ring_buffer.o)
                0x00002550                RingBuffer_Init
 .text.RingBuffer_Insert
                0x00002564       0x30 D:\Developpement_Robot\Robotic-System\trunk\Workspaces\MultiWorkSpaces_2021\0_lpc_chip_13xx\Debug\lib0_lpc_chip_13xx.a(ring_buffer.o)
                0x00002564                RingBuffer_Insert
 .text.RingBuffer_InsertMult
                0x00002594       0x88 D:\Developpement_Robot\Robotic-System\trunk\Workspaces\MultiWorkSpaces_2021\0_lpc_chip_13xx\Debug\lib0_lpc_chip_13xx.a(ring_buffer.o)
                0x00002594                RingBuffer_InsertMult
 .text.RingBuffer_Pop
                0x0000261c       0x30 D:\Developpement_Robot\Robotic-System\trunk\Workspaces\MultiWorkSpaces_2021\0_lpc_chip_13xx\Debug\lib0_lpc_chip_13xx.a(ring_buffer.o)
                0x0000261c                RingBuffer_Pop
 .text.RingBuffer_PopMult
                0x0000264c       0x80 D:\Developpement_Robot\Robotic-System\trunk\Workspaces\MultiWorkSpaces_2021\0_lpc_chip_13xx\Debug\lib0_lpc_chip_13xx.a(ring_buffer.o)
                0x0000264c                RingBuffer_PopMult
 .text.RingBuffer_Count
                0x000026cc        0x8 D:\Developpement_Robot\Robotic-System\trunk\Workspaces\MultiWorkSpaces_2021\0_lpc_chip_13xx\Debug\lib0_lpc_chip_13xx.a(ring_buffer.o)
                0x000026cc                RingBuffer_Count
 .text.Chip_SYSCTL_PowerDown
                0x000026d4       0x1c D:\Developpement_Robot\Robotic-System\trunk\Workspaces\MultiWorkSpaces_2021\0_lpc_chip_13xx\Debug\lib0_lpc_chip_13xx.a(sysctl_13xx.o)
                0x000026d4                Chip_SYSCTL_PowerDown
 .text.Chip_SYSCTL_PowerUp
                0x000026f0       0x20 D:\Developpement_Robot\Robotic-System\trunk\Workspaces\MultiWorkSpaces_2021\0_lpc_chip_13xx\Debug\lib0_lpc_chip_13xx.a(sysctl_13xx.o)
                0x000026f0                Chip_SYSCTL_PowerUp
 .text.Chip_SetupXtalClocking
                0x00002710       0x6c D:\Developpement_Robot\Robotic-System\trunk\Workspaces\MultiWorkSpaces_2021\0_lpc_chip_13xx\Debug\lib0_lpc_chip_13xx.a(sysinit_13xx.o)
                0x00002710                Chip_SetupXtalClocking
 .text.Chip_TIMER_Init
                0x0000277c       0x40 D:\Developpement_Robot\Robotic-System\trunk\Workspaces\MultiWorkSpaces_2021\0_lpc_chip_13xx\Debug\lib0_lpc_chip_13xx.a(timer_13xx.o)
                0x0000277c                Chip_TIMER_Init
 .text.Chip_UART_Init
                0x000027bc       0x2c D:\Developpement_Robot\Robotic-System\trunk\Workspaces\MultiWorkSpaces_2021\0_lpc_chip_13xx\Debug\lib0_lpc_chip_13xx.a(uart_13xx.o)
                0x000027bc                Chip_UART_Init
 .text.Chip_UART_SetBaud
                0x000027e8       0x30 D:\Developpement_Robot\Robotic-System\trunk\Workspaces\MultiWorkSpaces_2021\0_lpc_chip_13xx\Debug\lib0_lpc_chip_13xx.a(uart_13xx.o)
                0x000027e8                Chip_UART_SetBaud
 .text.Chip_UART_IRQRBHandler
                0x00002818       0x68 D:\Developpement_Robot\Robotic-System\trunk\Workspaces\MultiWorkSpaces_2021\0_lpc_chip_13xx\Debug\lib0_lpc_chip_13xx.a(uart_13xx.o)
                0x00002818                Chip_UART_IRQRBHandler
 .text.malloc   0x00002880       0x10 c:/nxp/mcuxpressoide_11.2.1_4149/ide/plugins/com.nxp.mcuxpresso.tools.win32_11.2.0.202008311134/tools/bin/../lib/gcc/arm-none-eabi/9.2.1/../../../../arm-none-eabi/lib/thumb/v7-m/nofp\libc_nano.a(lib_a-malloc.o)
                0x00002880                malloc
 .text.free     0x00002890       0x10 c:/nxp/mcuxpressoide_11.2.1_4149/ide/plugins/com.nxp.mcuxpresso.tools.win32_11.2.0.202008311134/tools/bin/../lib/gcc/arm-none-eabi/9.2.1/../../../../arm-none-eabi/lib/thumb/v7-m/nofp\libc_nano.a(lib_a-malloc.o)
                0x00002890                free
 .text.memcpy   0x000028a0       0x1c c:/nxp/mcuxpressoide_11.2.1_4149/ide/plugins/com.nxp.mcuxpresso.tools.win32_11.2.0.202008311134/tools/bin/../lib/gcc/arm-none-eabi/9.2.1/../../../../arm-none-eabi/lib/thumb/v7-m/nofp\libc_nano.a(lib_a-memcpy-stub.o)
                0x000028a0                memcpy
 .text.memset   0x000028bc       0x10 c:/nxp/mcuxpressoide_11.2.1_4149/ide/plugins/com.nxp.mcuxpresso.tools.win32_11.2.0.202008311134/tools/bin/../lib/gcc/arm-none-eabi/9.2.1/../../../../arm-none-eabi/lib/thumb/v7-m/nofp\libc_nano.a(lib_a-memset.o)
                0x000028bc                memset
 .text._free_r  0x000028cc       0x98 c:/nxp/mcuxpressoide_11.2.1_4149/ide/plugins/com.nxp.mcuxpresso.tools.win32_11.2.0.202008311134/tools/bin/../lib/gcc/arm-none-eabi/9.2.1/../../../../arm-none-eabi/lib/thumb/v7-m/nofp\libc_nano.a(lib_a-nano-freer.o)
                0x000028cc                _free_r
 .text._malloc_r
                0x00002964       0xb4 c:/nxp/mcuxpressoide_11.2.1_4149/ide/plugins/com.nxp.mcuxpresso.tools.win32_11.2.0.202008311134/tools/bin/../lib/gcc/arm-none-eabi/9.2.1/../../../../arm-none-eabi/lib/thumb/v7-m/nofp\libc_nano.a(lib_a-nano-mallocr.o)
                0x00002964                _malloc_r
 .text.__cvt    0x00002a18       0xbe c:/nxp/mcuxpressoide_11.2.1_4149/ide/plugins/com.nxp.mcuxpresso.tools.win32_11.2.0.202008311134/tools/bin/../lib/gcc/arm-none-eabi/9.2.1/../../../../arm-none-eabi/lib/thumb/v7-m/nofp\libc_nano.a(lib_a-nano-vfprintf_float.o)
                0x00002a18                __cvt
 .text.__exponent
                0x00002ad6       0x7c c:/nxp/mcuxpressoide_11.2.1_4149/ide/plugins/com.nxp.mcuxpresso.tools.win32_11.2.0.202008311134/tools/bin/../lib/gcc/arm-none-eabi/9.2.1/../../../../arm-none-eabi/lib/thumb/v7-m/nofp\libc_nano.a(lib_a-nano-vfprintf_float.o)
                0x00002ad6                __exponent
 *fill*         0x00002b52        0x2 ff
 .text._printf_float
                0x00002b54      0x458 c:/nxp/mcuxpressoide_11.2.1_4149/ide/plugins/com.nxp.mcuxpresso.tools.win32_11.2.0.202008311134/tools/bin/../lib/gcc/arm-none-eabi/9.2.1/../../../../arm-none-eabi/lib/thumb/v7-m/nofp\libc_nano.a(lib_a-nano-vfprintf_float.o)
                0x00002b54                _printf_float
 .text._printf_common
                0x00002fac       0xde c:/nxp/mcuxpressoide_11.2.1_4149/ide/plugins/com.nxp.mcuxpresso.tools.win32_11.2.0.202008311134/tools/bin/../lib/gcc/arm-none-eabi/9.2.1/../../../../arm-none-eabi/lib/thumb/v7-m/nofp\libc_nano.a(lib_a-nano-vfprintf_i.o)
                0x00002fac                _printf_common
 *fill*         0x0000308a        0x2 ff
 .text._printf_i
                0x0000308c      0x24c c:/nxp/mcuxpressoide_11.2.1_4149/ide/plugins/com.nxp.mcuxpresso.tools.win32_11.2.0.202008311134/tools/bin/../lib/gcc/arm-none-eabi/9.2.1/../../../../arm-none-eabi/lib/thumb/v7-m/nofp\libc_nano.a(lib_a-nano-vfprintf_i.o)
                0x0000308c                _printf_i
 .text._sbrk_r  0x000032d8       0x20 c:/nxp/mcuxpressoide_11.2.1_4149/ide/plugins/com.nxp.mcuxpresso.tools.win32_11.2.0.202008311134/tools/bin/../lib/gcc/arm-none-eabi/9.2.1/../../../../arm-none-eabi/lib/thumb/v7-m/nofp\libc_nano.a(lib_a-sbrkr.o)
                0x000032d8                _sbrk_r
 .text.sprintf  0x000032f8       0x40 c:/nxp/mcuxpressoide_11.2.1_4149/ide/plugins/com.nxp.mcuxpresso.tools.win32_11.2.0.202008311134/tools/bin/../lib/gcc/arm-none-eabi/9.2.1/../../../../arm-none-eabi/lib/thumb/v7-m/nofp\libc_nano.a(lib_a-sprintf.o)
                0x000032f8                siprintf
                0x000032f8                sprintf
 .text          0x00003338       0x10 c:/nxp/mcuxpressoide_11.2.1_4149/ide/plugins/com.nxp.mcuxpresso.tools.win32_11.2.0.202008311134/tools/bin/../lib/gcc/arm-none-eabi/9.2.1/../../../../arm-none-eabi/lib/thumb/v7-m/nofp\libc_nano.a(lib_a-strlen.o)
                0x00003338                strlen
 .text.quorem   0x00003348      0x11a c:/nxp/mcuxpressoide_11.2.1_4149/ide/plugins/com.nxp.mcuxpresso.tools.win32_11.2.0.202008311134/tools/bin/../lib/gcc/arm-none-eabi/9.2.1/../../../../arm-none-eabi/lib/thumb/v7-m/nofp\libc_nano.a(lib_a-dtoa.o)
 *fill*         0x00003462        0x6 ff
 .text._dtoa_r  0x00003468      0xba4 c:/nxp/mcuxpressoide_11.2.1_4149/ide/plugins/com.nxp.mcuxpresso.tools.win32_11.2.0.202008311134/tools/bin/../lib/gcc/arm-none-eabi/9.2.1/../../../../arm-none-eabi/lib/thumb/v7-m/nofp\libc_nano.a(lib_a-dtoa.o)
                0x00003468                _dtoa_r
 .text._localeconv_r
                0x0000400c        0x8 c:/nxp/mcuxpressoide_11.2.1_4149/ide/plugins/com.nxp.mcuxpresso.tools.win32_11.2.0.202008311134/tools/bin/../lib/gcc/arm-none-eabi/9.2.1/../../../../arm-none-eabi/lib/thumb/v7-m/nofp\libc_nano.a(lib_a-localeconv.o)
                0x0000400c                _localeconv_r
 .text.memchr   0x00004014       0x1c c:/nxp/mcuxpressoide_11.2.1_4149/ide/plugins/com.nxp.mcuxpresso.tools.win32_11.2.0.202008311134/tools/bin/../lib/gcc/arm-none-eabi/9.2.1/../../../../arm-none-eabi/lib/thumb/v7-m/nofp\libc_nano.a(lib_a-memchr-stub.o)
                0x00004014                memchr
 .text.__malloc_lock
                0x00004030        0xc c:/nxp/mcuxpressoide_11.2.1_4149/ide/plugins/com.nxp.mcuxpresso.tools.win32_11.2.0.202008311134/tools/bin/../lib/gcc/arm-none-eabi/9.2.1/../../../../arm-none-eabi/lib/thumb/v7-m/nofp\libc_nano.a(lib_a-mlock.o)
                0x00004030                __malloc_lock
 .text.__malloc_unlock
                0x0000403c        0xc c:/nxp/mcuxpressoide_11.2.1_4149/ide/plugins/com.nxp.mcuxpresso.tools.win32_11.2.0.202008311134/tools/bin/../lib/gcc/arm-none-eabi/9.2.1/../../../../arm-none-eabi/lib/thumb/v7-m/nofp\libc_nano.a(lib_a-mlock.o)
                0x0000403c                __malloc_unlock
 .text._Balloc  0x00004048       0x68 c:/nxp/mcuxpressoide_11.2.1_4149/ide/plugins/com.nxp.mcuxpresso.tools.win32_11.2.0.202008311134/tools/bin/../lib/gcc/arm-none-eabi/9.2.1/../../../../arm-none-eabi/lib/thumb/v7-m/nofp\libc_nano.a(lib_a-mprec.o)
                0x00004048                _Balloc
 .text._Bfree   0x000040b0       0x2e c:/nxp/mcuxpressoide_11.2.1_4149/ide/plugins/com.nxp.mcuxpresso.tools.win32_11.2.0.202008311134/tools/bin/../lib/gcc/arm-none-eabi/9.2.1/../../../../arm-none-eabi/lib/thumb/v7-m/nofp\libc_nano.a(lib_a-mprec.o)
                0x000040b0                _Bfree
 .text.__multadd
                0x000040de       0x7c c:/nxp/mcuxpressoide_11.2.1_4149/ide/plugins/com.nxp.mcuxpresso.tools.win32_11.2.0.202008311134/tools/bin/../lib/gcc/arm-none-eabi/9.2.1/../../../../arm-none-eabi/lib/thumb/v7-m/nofp\libc_nano.a(lib_a-mprec.o)
                0x000040de                __multadd
 .text.__hi0bits
                0x0000415a       0x40 c:/nxp/mcuxpressoide_11.2.1_4149/ide/plugins/com.nxp.mcuxpresso.tools.win32_11.2.0.202008311134/tools/bin/../lib/gcc/arm-none-eabi/9.2.1/../../../../arm-none-eabi/lib/thumb/v7-m/nofp\libc_nano.a(lib_a-mprec.o)
                0x0000415a                __hi0bits
 .text.__lo0bits
                0x0000419a       0x5c c:/nxp/mcuxpressoide_11.2.1_4149/ide/plugins/com.nxp.mcuxpresso.tools.win32_11.2.0.202008311134/tools/bin/../lib/gcc/arm-none-eabi/9.2.1/../../../../arm-none-eabi/lib/thumb/v7-m/nofp\libc_nano.a(lib_a-mprec.o)
                0x0000419a                __lo0bits
 .text.__i2b    0x000041f6       0x12 c:/nxp/mcuxpressoide_11.2.1_4149/ide/plugins/com.nxp.mcuxpresso.tools.win32_11.2.0.202008311134/tools/bin/../lib/gcc/arm-none-eabi/9.2.1/../../../../arm-none-eabi/lib/thumb/v7-m/nofp\libc_nano.a(lib_a-mprec.o)
                0x000041f6                __i2b
 .text.__multiply
                0x00004208      0x136 c:/nxp/mcuxpressoide_11.2.1_4149/ide/plugins/com.nxp.mcuxpresso.tools.win32_11.2.0.202008311134/tools/bin/../lib/gcc/arm-none-eabi/9.2.1/../../../../arm-none-eabi/lib/thumb/v7-m/nofp\libc_nano.a(lib_a-mprec.o)
                0x00004208                __multiply
 *fill*         0x0000433e        0x2 ff
 .text.__pow5mult
                0x00004340       0x9c c:/nxp/mcuxpressoide_11.2.1_4149/ide/plugins/com.nxp.mcuxpresso.tools.win32_11.2.0.202008311134/tools/bin/../lib/gcc/arm-none-eabi/9.2.1/../../../../arm-none-eabi/lib/thumb/v7-m/nofp\libc_nano.a(lib_a-mprec.o)
                0x00004340                __pow5mult
 .text.__lshift
                0x000043dc       0xbe c:/nxp/mcuxpressoide_11.2.1_4149/ide/plugins/com.nxp.mcuxpresso.tools.win32_11.2.0.202008311134/tools/bin/../lib/gcc/arm-none-eabi/9.2.1/../../../../arm-none-eabi/lib/thumb/v7-m/nofp\libc_nano.a(lib_a-mprec.o)
                0x000043dc                __lshift
 .text.__mcmp   0x0000449a       0x36 c:/nxp/mcuxpressoide_11.2.1_4149/ide/plugins/com.nxp.mcuxpresso.tools.win32_11.2.0.202008311134/tools/bin/../lib/gcc/arm-none-eabi/9.2.1/../../../../arm-none-eabi/lib/thumb/v7-m/nofp\libc_nano.a(lib_a-mprec.o)
                0x0000449a                __mcmp
 .text.__mdiff  0x000044d0       0xf8 c:/nxp/mcuxpressoide_11.2.1_4149/ide/plugins/com.nxp.mcuxpresso.tools.win32_11.2.0.202008311134/tools/bin/../lib/gcc/arm-none-eabi/9.2.1/../../../../arm-none-eabi/lib/thumb/v7-m/nofp\libc_nano.a(lib_a-mprec.o)
                0x000044d0                __mdiff
 .text.__d2b    0x000045c8       0x9e c:/nxp/mcuxpressoide_11.2.1_4149/ide/plugins/com.nxp.mcuxpresso.tools.win32_11.2.0.202008311134/tools/bin/../lib/gcc/arm-none-eabi/9.2.1/../../../../arm-none-eabi/lib/thumb/v7-m/nofp\libc_nano.a(lib_a-mprec.o)
                0x000045c8                __d2b
 .text._calloc_r
                0x00004666       0x1c c:/nxp/mcuxpressoide_11.2.1_4149/ide/plugins/com.nxp.mcuxpresso.tools.win32_11.2.0.202008311134/tools/bin/../lib/gcc/arm-none-eabi/9.2.1/../../../../arm-none-eabi/lib/thumb/v7-m/nofp\libc_nano.a(lib_a-nano-callocr.o)
                0x00004666                _calloc_r
 .text.__ssputs_r
                0x00004682       0xb6 c:/nxp/mcuxpressoide_11.2.1_4149/ide/plugins/com.nxp.mcuxpresso.tools.win32_11.2.0.202008311134/tools/bin/../lib/gcc/arm-none-eabi/9.2.1/../../../../arm-none-eabi/lib/thumb/v7-m/nofp\libc_nano.a(lib_a-nano-svfprintf.o)
                0x00004682                __ssputs_r
 .text._svfprintf_r
                0x00004738      0x200 c:/nxp/mcuxpressoide_11.2.1_4149/ide/plugins/com.nxp.mcuxpresso.tools.win32_11.2.0.202008311134/tools/bin/../lib/gcc/arm-none-eabi/9.2.1/../../../../arm-none-eabi/lib/thumb/v7-m/nofp\libc_nano.a(lib_a-nano-svfprintf.o)
                0x00004738                _svfiprintf_r
                0x00004738                _svfprintf_r
 .text.__retarget_lock_acquire_recursive
                0x00004938        0x2 c:/nxp/mcuxpressoide_11.2.1_4149/ide/plugins/com.nxp.mcuxpresso.tools.win32_11.2.0.202008311134/tools/bin/../lib/gcc/arm-none-eabi/9.2.1/../../../../arm-none-eabi/lib/thumb/v7-m/nofp\libc_nano.a(lib_a-lock.o)
                0x00004938                __retarget_lock_acquire_recursive
 .text.__retarget_lock_release_recursive
                0x0000493a        0x2 c:/nxp/mcuxpressoide_11.2.1_4149/ide/plugins/com.nxp.mcuxpresso.tools.win32_11.2.0.202008311134/tools/bin/../lib/gcc/arm-none-eabi/9.2.1/../../../../arm-none-eabi/lib/thumb/v7-m/nofp\libc_nano.a(lib_a-lock.o)
                0x0000493a                __retarget_lock_release_recursive
 .text.__ascii_mbtowc
                0x0000493c       0x24 c:/nxp/mcuxpressoide_11.2.1_4149/ide/plugins/com.nxp.mcuxpresso.tools.win32_11.2.0.202008311134/tools/bin/../lib/gcc/arm-none-eabi/9.2.1/../../../../arm-none-eabi/lib/thumb/v7-m/nofp\libc_nano.a(lib_a-mbtowc_r.o)
                0x0000493c                __ascii_mbtowc
 .text.memmove  0x00004960       0x34 c:/nxp/mcuxpressoide_11.2.1_4149/ide/plugins/com.nxp.mcuxpresso.tools.win32_11.2.0.202008311134/tools/bin/../lib/gcc/arm-none-eabi/9.2.1/../../../../arm-none-eabi/lib/thumb/v7-m/nofp\libc_nano.a(lib_a-memmove.o)
                0x00004960                memmove
 .text._realloc_r
                0x00004994       0x4c c:/nxp/mcuxpressoide_11.2.1_4149/ide/plugins/com.nxp.mcuxpresso.tools.win32_11.2.0.202008311134/tools/bin/../lib/gcc/arm-none-eabi/9.2.1/../../../../arm-none-eabi/lib/thumb/v7-m/nofp\libc_nano.a(lib_a-nano-reallocr.o)
                0x00004994                _realloc_r
 .text.__ascii_wctomb
                0x000049e0       0x1a c:/nxp/mcuxpressoide_11.2.1_4149/ide/plugins/com.nxp.mcuxpresso.tools.win32_11.2.0.202008311134/tools/bin/../lib/gcc/arm-none-eabi/9.2.1/../../../../arm-none-eabi/lib/thumb/v7-m/nofp\libc_nano.a(lib_a-wctomb_r.o)
                0x000049e0                __ascii_wctomb
 .text._malloc_usable_size_r
                0x000049fa       0x10 c:/nxp/mcuxpressoide_11.2.1_4149/ide/plugins/com.nxp.mcuxpresso.tools.win32_11.2.0.202008311134/tools/bin/../lib/gcc/arm-none-eabi/9.2.1/../../../../arm-none-eabi/lib/thumb/v7-m/nofp\libc_nano.a(lib_a-nano-msizer.o)
                0x000049fa                _malloc_usable_size_r
 *fill*         0x00004a0a        0x2 ff
 .text._sbrk    0x00004a0c       0x3c c:/nxp/mcuxpressoide_11.2.1_4149/ide/plugins/com.nxp.mcuxpresso.tools.win32_11.2.0.202008311134/tools/bin/../lib/gcc/arm-none-eabi/9.2.1/../../../../arm-none-eabi/lib/thumb/v7-m/nofp\libcr_newlib_none.a(_cr_sbrk.o)
                0x00004a0c                _sbrk
 .text.__check_heap_overflow
                0x00004a48       0x14 c:/nxp/mcuxpressoide_11.2.1_4149/ide/plugins/com.nxp.mcuxpresso.tools.win32_11.2.0.202008311134/tools/bin/../lib/gcc/arm-none-eabi/9.2.1/../../../../arm-none-eabi/lib/thumb/v7-m/nofp\libcr_newlib_none.a(_cr_check_heap.o)
                0x00004a48                __check_heap_overflow
 .text          0x00004a5c      0x378 c:/nxp/mcuxpressoide_11.2.1_4149/ide/plugins/com.nxp.mcuxpresso.tools.win32_11.2.0.202008311134/tools/bin/../lib/gcc/arm-none-eabi/9.2.1/thumb/v7-m/nofp\libgcc.a(_arm_addsubdf3.o)
                0x00004a5c                __aeabi_drsub
                0x00004a64                __aeabi_dsub
                0x00004a64                __subdf3
                0x00004a68                __aeabi_dadd
                0x00004a68                __adddf3
                0x00004ce0                __floatunsidf
                0x00004ce0                __aeabi_ui2d
                0x00004d00                __floatsidf
                0x00004d00                __aeabi_i2d
                0x00004d24                __aeabi_f2d
                0x00004d24                __extendsfdf2
                0x00004d68                __floatundidf
                0x00004d68                __aeabi_ul2d
                0x00004d78                __floatdidf
                0x00004d78                __aeabi_l2d
 .text          0x00004dd4      0x424 c:/nxp/mcuxpressoide_11.2.1_4149/ide/plugins/com.nxp.mcuxpresso.tools.win32_11.2.0.202008311134/tools/bin/../lib/gcc/arm-none-eabi/9.2.1/thumb/v7-m/nofp\libgcc.a(_arm_muldivdf3.o)
                0x00004dd4                __aeabi_dmul
                0x00004dd4                __muldf3
                0x00005028                __divdf3
                0x00005028                __aeabi_ddiv
 .text          0x000051f8      0x110 c:/nxp/mcuxpressoide_11.2.1_4149/ide/plugins/com.nxp.mcuxpresso.tools.win32_11.2.0.202008311134/tools/bin/../lib/gcc/arm-none-eabi/9.2.1/thumb/v7-m/nofp\libgcc.a(_arm_cmpdf2.o)
                0x000051f8                __gtdf2
                0x000051f8                __gedf2
                0x00005200                __ltdf2
                0x00005200                __ledf2
                0x00005208                __nedf2
                0x00005208                __eqdf2
                0x00005208                __cmpdf2
                0x00005284                __aeabi_cdrcmple
                0x00005294                __aeabi_cdcmpeq
                0x00005294                __aeabi_cdcmple
                0x000052a4                __aeabi_dcmpeq
                0x000052b8                __aeabi_dcmplt
                0x000052cc                __aeabi_dcmple
                0x000052e0                __aeabi_dcmpge
                0x000052f4                __aeabi_dcmpgt
 .text          0x00005308       0x2c c:/nxp/mcuxpressoide_11.2.1_4149/ide/plugins/com.nxp.mcuxpresso.tools.win32_11.2.0.202008311134/tools/bin/../lib/gcc/arm-none-eabi/9.2.1/thumb/v7-m/nofp\libgcc.a(_arm_unorddf2.o)
                0x00005308                __unorddf2
                0x00005308                __aeabi_dcmpun
 .text          0x00005334       0x50 c:/nxp/mcuxpressoide_11.2.1_4149/ide/plugins/com.nxp.mcuxpresso.tools.win32_11.2.0.202008311134/tools/bin/../lib/gcc/arm-none-eabi/9.2.1/thumb/v7-m/nofp\libgcc.a(_arm_fixdfsi.o)
                0x00005334                __aeabi_d2iz
                0x00005334                __fixdfsi
 .text.__errno  0x00005384        0xc c:/nxp/mcuxpressoide_11.2.1_4149/ide/plugins/com.nxp.mcuxpresso.tools.win32_11.2.0.202008311134/tools/bin/../lib/gcc/arm-none-eabi/9.2.1/../../../../arm-none-eabi/lib/thumb/v7-m/nofp\libc_nano.a(lib_a-errno.o)
                0x00005384                __errno
 *(.rodata .rodata.* .constdata .constdata.*)
 .rodata.main.str1.4
                0x00005390        0xf ./src/Peripheriques.o
 *fill*         0x0000539f        0x1 ff
 .rodata.vTaskStartScheduler.str1.4
                0x000053a0        0x5 ./freertos/src/tasks.o
 *fill*         0x000053a5        0x3 ff
 .rodata.prvCheckForValidListAndQueue.str1.4
                0x000053a8        0x5 ./freertos/src/timers.o
 *fill*         0x000053ad        0x3 ff
 .rodata.xTimerCreateTimerTask.str1.4
                0x000053b0        0x8 ./freertos/src/timers.o
 .rodata        0x000053b8       0x25 ./Communication/0_Communication.o
 *fill*         0x000053dd        0x3 ff
 .rodata        0x000053e0       0x11 ./Communication/1_Trame_Communication.o
 *fill*         0x000053f1        0x3 ff
 .rodata._2_Comm_Send_Communication_Status.str1.4
                0x000053f4       0x38 ./Communication/2_Echange_Datas.o
 .rodata._2_Comm_Send_PONG.str1.4
                0x0000542c       0x56 ./Communication/2_Echange_Datas.o
 *fill*         0x00005482        0x2 ff
 .rodata.OscRateIn
                0x00005484        0x4 D:\Developpement_Robot\Robotic-System\trunk\Workspaces\MultiWorkSpaces_2021\0_lpc_board_nxp_lpcxpresso_1347\Debug\lib0_lpc_board_nxp_lpcxpresso_1347.a(board.o)
                0x00005484                OscRateIn
 .rodata.pinmuxing
                0x00005488       0x30 D:\Developpement_Robot\Robotic-System\trunk\Workspaces\MultiWorkSpaces_2021\0_lpc_board_nxp_lpcxpresso_1347\Debug\lib0_lpc_board_nxp_lpcxpresso_1347.a(board_sysinit.o)
 .rodata.wdtOSCRate
                0x000054b8       0x40 D:\Developpement_Robot\Robotic-System\trunk\Workspaces\MultiWorkSpaces_2021\0_lpc_chip_13xx\Debug\lib0_lpc_chip_13xx.a(clock_13xx.o)
 .rodata._printf_float.str1.1
                0x000054f8       0x12 c:/nxp/mcuxpressoide_11.2.1_4149/ide/plugins/com.nxp.mcuxpresso.tools.win32_11.2.0.202008311134/tools/bin/../lib/gcc/arm-none-eabi/9.2.1/../../../../arm-none-eabi/lib/thumb/v7-m/nofp\libc_nano.a(lib_a-nano-vfprintf_float.o)
 .rodata._printf_i.str1.1
                0x0000550a       0x22 c:/nxp/mcuxpressoide_11.2.1_4149/ide/plugins/com.nxp.mcuxpresso.tools.win32_11.2.0.202008311134/tools/bin/../lib/gcc/arm-none-eabi/9.2.1/../../../../arm-none-eabi/lib/thumb/v7-m/nofp\libc_nano.a(lib_a-nano-vfprintf_i.o)
 .rodata._dtoa_r.str1.1
                0x0000552c        0xd c:/nxp/mcuxpressoide_11.2.1_4149/ide/plugins/com.nxp.mcuxpresso.tools.win32_11.2.0.202008311134/tools/bin/../lib/gcc/arm-none-eabi/9.2.1/../../../../arm-none-eabi/lib/thumb/v7-m/nofp\libc_nano.a(lib_a-dtoa.o)
                                  0xf (size before relaxing)
 *fill*         0x00005539        0x7 ff
 .rodata.__mprec_bigtens
                0x00005540       0x28 c:/nxp/mcuxpressoide_11.2.1_4149/ide/plugins/com.nxp.mcuxpresso.tools.win32_11.2.0.202008311134/tools/bin/../lib/gcc/arm-none-eabi/9.2.1/../../../../arm-none-eabi/lib/thumb/v7-m/nofp\libc_nano.a(lib_a-mprec.o)
                0x00005540                __mprec_bigtens
 .rodata.__mprec_tens
                0x00005568       0xc8 c:/nxp/mcuxpressoide_11.2.1_4149/ide/plugins/com.nxp.mcuxpresso.tools.win32_11.2.0.202008311134/tools/bin/../lib/gcc/arm-none-eabi/9.2.1/../../../../arm-none-eabi/lib/thumb/v7-m/nofp\libc_nano.a(lib_a-mprec.o)
                0x00005568                __mprec_tens
 .rodata.p05.6127
                0x00005630        0xc c:/nxp/mcuxpressoide_11.2.1_4149/ide/plugins/com.nxp.mcuxpresso.tools.win32_11.2.0.202008311134/tools/bin/../lib/gcc/arm-none-eabi/9.2.1/../../../../arm-none-eabi/lib/thumb/v7-m/nofp\libc_nano.a(lib_a-mprec.o)
 .rodata._svfprintf_r.str1.1
                0x0000563c       0x11 c:/nxp/mcuxpressoide_11.2.1_4149/ide/plugins/com.nxp.mcuxpresso.tools.win32_11.2.0.202008311134/tools/bin/../lib/gcc/arm-none-eabi/9.2.1/../../../../arm-none-eabi/lib/thumb/v7-m/nofp\libc_nano.a(lib_a-nano-svfprintf.o)
 .rodata._setlocale_r.str1.1
                0x0000564d        0x8 c:/nxp/mcuxpressoide_11.2.1_4149/ide/plugins/com.nxp.mcuxpresso.tools.win32_11.2.0.202008311134/tools/bin/../lib/gcc/arm-none-eabi/9.2.1/../../../../arm-none-eabi/lib/thumb/v7-m/nofp\libc_nano.a(lib_a-locale.o)
                                  0x9 (size before relaxing)
 .rodata.str1.1
                0x00005655        0x2 c:/nxp/mcuxpressoide_11.2.1_4149/ide/plugins/com.nxp.mcuxpresso.tools.win32_11.2.0.202008311134/tools/bin/../lib/gcc/arm-none-eabi/9.2.1/../../../../arm-none-eabi/lib/thumb/v7-m/nofp\libc_nano.a(lib_a-locale.o)
 .rodata._ctype_
                0x00005657      0x101 c:/nxp/mcuxpressoide_11.2.1_4149/ide/plugins/com.nxp.mcuxpresso.tools.win32_11.2.0.202008311134/tools/bin/../lib/gcc/arm-none-eabi/9.2.1/../../../../arm-none-eabi/lib/thumb/v7-m/nofp\libc_nano.a(lib_a-ctype_.o)
                0x00005657                _ctype_
                0x00005758                . = ALIGN (0x4)

.glue_7         0x00005758        0x0
 .glue_7        0x00005758        0x0 linker stubs

.glue_7t        0x00005758        0x0
 .glue_7t       0x00005758        0x0 linker stubs

.vfp11_veneer   0x00005758        0x0
 .vfp11_veneer  0x00005758        0x0 linker stubs

.v4_bx          0x00005758        0x0
 .v4_bx         0x00005758        0x0 linker stubs

.iplt           0x00005758        0x0
 .iplt          0x00005758        0x0 ./src/Init.o

.rel.dyn        0x00005758        0x0
 .rel.iplt      0x00005758        0x0 ./src/Init.o

.ARM.extab
 *(.ARM.extab* .gnu.linkonce.armextab.*)

.ARM.exidx      0x00005758        0x0
                0x00005758                __exidx_start = .
 *(.ARM.exidx* .gnu.linkonce.armexidx.*)
                0x00005758                __exidx_end = .
                0x00005758                _etext = .

.data_RAM2      0x20004000        0x0 load address 0x00005758
 FILL mask 0xff
                [!provide]                PROVIDE (__start_data_RAM2 = .)
                [!provide]                PROVIDE (__start_data_RamUsb2 = .)
 *(.ramfunc.$RAM2)
 *(.ramfunc.$RamUsb2)
 *(.data.$RAM2)
 *(.data.$RamUsb2)
 *(.data.$RAM2.*)
 *(.data.$RamUsb2.*)
                0x20004000                . = ALIGN (0x4)
                [!provide]                PROVIDE (__end_data_RAM2 = .)
                [!provide]                PROVIDE (__end_data_RamUsb2 = .)

.data_RAM3      0x20000000        0x0 load address 0x00005758
 FILL mask 0xff
                [!provide]                PROVIDE (__start_data_RAM3 = .)
                [!provide]                PROVIDE (__start_data_RamPeriph2 = .)
 *(.ramfunc.$RAM3)
 *(.ramfunc.$RamPeriph2)
 *(.data.$RAM3)
 *(.data.$RamPeriph2)
 *(.data.$RAM3.*)
 *(.data.$RamPeriph2.*)
                0x20000000                . = ALIGN (0x4)
                [!provide]                PROVIDE (__end_data_RAM3 = .)
                [!provide]                PROVIDE (__end_data_RamPeriph2 = .)

.uninit_RESERVED
                0x10000000        0x0
                0x10000000                _start_uninit_RESERVED = .
 *(.bss.$RESERVED*)
                0x10000000                . = ALIGN (0x4)
                0x10000000                _end_uninit_RESERVED = .

.data           0x10000000      0x1d4 load address 0x00005758
 FILL mask 0xff
                0x10000000                _data = .
                [!provide]                PROVIDE (__start_data_RAM = .)
                [!provide]                PROVIDE (__start_data_RamLoc8 = .)
 *(vtable)
 *(.ramfunc*)
 *(CodeQuickAccess)
 *(DataQuickAccess)
 *(RamFunction)
 *(.data*)
 .data.uxCriticalNesting
                0x10000000        0x4 ./freertos/src/port.o
 .data._impure_ptr
                0x10000004        0x4 c:/nxp/mcuxpressoide_11.2.1_4149/ide/plugins/com.nxp.mcuxpresso.tools.win32_11.2.0.202008311134/tools/bin/../lib/gcc/arm-none-eabi/9.2.1/../../../../arm-none-eabi/lib/thumb/v7-m/nofp\libc_nano.a(lib_a-impure.o)
                0x10000004                _impure_ptr
 .data.impure_data
                0x10000008       0x60 c:/nxp/mcuxpressoide_11.2.1_4149/ide/plugins/com.nxp.mcuxpresso.tools.win32_11.2.0.202008311134/tools/bin/../lib/gcc/arm-none-eabi/9.2.1/../../../../arm-none-eabi/lib/thumb/v7-m/nofp\libc_nano.a(lib_a-impure.o)
 .data.__global_locale
                0x10000068      0x16c c:/nxp/mcuxpressoide_11.2.1_4149/ide/plugins/com.nxp.mcuxpresso.tools.win32_11.2.0.202008311134/tools/bin/../lib/gcc/arm-none-eabi/9.2.1/../../../../arm-none-eabi/lib/thumb/v7-m/nofp\libc_nano.a(lib_a-locale.o)
                0x10000068                __global_locale
                0x100001d4                . = ALIGN (0x4)
                0x100001d4                _edata = .
                [!provide]                PROVIDE (__end_data_RAM = .)
                [!provide]                PROVIDE (__end_data_RamLoc8 = .)

.igot.plt       0x100001d4        0x0 load address 0x0000592c
 .igot.plt      0x100001d4        0x0 ./src/Init.o

.bss_RAM2       0x20004000        0x0
                [!provide]                PROVIDE (__start_bss_RAM2 = .)
                [!provide]                PROVIDE (__start_bss_RamUsb2 = .)
 *(.bss.$RAM2)
 *(.bss.$RamUsb2)
 *(.bss.$RAM2.*)
 *(.bss.$RamUsb2.*)
                0x20004000                . = ALIGN ((. != 0x0)?0x4:0x1)
                [!provide]                PROVIDE (__end_bss_RAM2 = .)
                [!provide]                PROVIDE (__end_bss_RamUsb2 = .)

.bss_RAM3       0x20000000        0x0
                [!provide]                PROVIDE (__start_bss_RAM3 = .)
                [!provide]                PROVIDE (__start_bss_RamPeriph2 = .)
 *(.bss.$RAM3)
 *(.bss.$RamPeriph2)
 *(.bss.$RAM3.*)
 *(.bss.$RamPeriph2.*)
                0x20000000                . = ALIGN ((. != 0x0)?0x4:0x1)
                [!provide]                PROVIDE (__end_bss_RAM3 = .)
                [!provide]                PROVIDE (__end_bss_RamPeriph2 = .)

.bss            0x100001d4      0x760
                0x100001d4                _bss = .
                [!provide]                PROVIDE (__start_bss_RAM = .)
                [!provide]                PROVIDE (__start_bss_RamLoc8 = .)
 *(.bss*)
 .bss.pxCurrentTCB
                0x100001d4        0x4 ./freertos/src/tasks.o
                0x100001d4                pxCurrentTCB
 .bss.pxDelayedTaskList
                0x100001d8        0x4 ./freertos/src/tasks.o
 .bss.pxOverflowDelayedTaskList
                0x100001dc        0x4 ./freertos/src/tasks.o
 .bss.pxReadyTasksLists
                0x100001e0       0x64 ./freertos/src/tasks.o
 .bss.uxCurrentNumberOfTasks
                0x10000244        0x4 ./freertos/src/tasks.o
 .bss.uxDeletedTasksWaitingCleanUp
                0x10000248        0x4 ./freertos/src/tasks.o
 .bss.uxSchedulerSuspended
                0x1000024c        0x4 ./freertos/src/tasks.o
 .bss.uxTaskNumber
                0x10000250        0x4 ./freertos/src/tasks.o
 .bss.uxTopReadyPriority
                0x10000254        0x4 ./freertos/src/tasks.o
 .bss.xDelayedTaskList1
                0x10000258       0x14 ./freertos/src/tasks.o
 .bss.xDelayedTaskList2
                0x1000026c       0x14 ./freertos/src/tasks.o
 .bss.xIdleTaskHandle
                0x10000280        0x4 ./freertos/src/tasks.o
 .bss.xNextTaskUnblockTime
                0x10000284        0x4 ./freertos/src/tasks.o
 .bss.xNumOfOverflows
                0x10000288        0x4 ./freertos/src/tasks.o
 .bss.xPendedTicks
                0x1000028c        0x4 ./freertos/src/tasks.o
 .bss.xPendingReadyList
                0x10000290       0x14 ./freertos/src/tasks.o
 .bss.xSchedulerRunning
                0x100002a4        0x4 ./freertos/src/tasks.o
 .bss.xSuspendedTaskList
                0x100002a8       0x14 ./freertos/src/tasks.o
 .bss.xTasksWaitingTermination
                0x100002bc       0x14 ./freertos/src/tasks.o
 .bss.xTickCount
                0x100002d0        0x4 ./freertos/src/tasks.o
 .bss.xYieldPending
                0x100002d4        0x4 ./freertos/src/tasks.o
 .bss.pxCurrentTimerList
                0x100002d8        0x4 ./freertos/src/timers.o
 .bss.pxOverflowTimerList
                0x100002dc        0x4 ./freertos/src/timers.o
 .bss.xActiveTimerList1
                0x100002e0       0x14 ./freertos/src/timers.o
 .bss.xActiveTimerList2
                0x100002f4       0x14 ./freertos/src/timers.o
 .bss.xLastTime.8307
                0x10000308        0x4 ./freertos/src/timers.o
 .bss.xTimerQueue
                0x1000030c        0x4 ./freertos/src/timers.o
 .bss.xTimerTaskHandle
                0x10000310        0x4 ./freertos/src/timers.o
 .bss.Message.9248
                0x10000314       0x5d ./Communication/0_Communication.o
 .bss.already_flaged.9243
                0x10000371        0x1 ./Communication/0_Communication.o
 *fill*         0x10000372        0x2 
 .bss.g_txBuff.9249
                0x10000374       0x80 ./Communication/0_Communication.o
 .bss.boucle.9324
                0x100003f4        0x1 ./Communication/1_Trame_Communication.o
 *fill*         0x100003f5        0x1 
 .bss.API_LENGTH.9320
                0x100003f6        0x2 ./Communication/1_Trame_Communication.o
 .bss.Nb_Erreurs_com
                0x100003f8        0x4 ./Communication/1_Trame_Communication.o
                0x100003f8                Nb_Erreurs_com
 .bss.Nb_Messages_recus
                0x100003fc        0x4 ./Communication/1_Trame_Communication.o
                0x100003fc                Nb_Messages_recus
 .bss.log_message
                0x10000400       0x4e ./Communication/2_Echange_Datas.o
 .bss.relese_sent
                0x1000044e        0x1 ./Communication/2_Echange_Datas.o
                0x1000044e                relese_sent
 *fill*         0x1000044f        0x1 
 .bss.str       0x10000450       0x46 ./Communication/2_Echange_Datas.o
 .bss.ID_Robot  0x10000496        0x1 ./Communication/2_Echange_Datas_Reception.o
 *fill*         0x10000497        0x1 
 .bss.Nb_Messages_Interpretes
                0x10000498        0x4 ./Communication/2_Echange_Datas_Reception.o
 .bss.__malloc_free_list
                0x1000049c        0x4 c:/nxp/mcuxpressoide_11.2.1_4149/ide/plugins/com.nxp.mcuxpresso.tools.win32_11.2.0.202008311134/tools/bin/../lib/gcc/arm-none-eabi/9.2.1/../../../../arm-none-eabi/lib/thumb/v7-m/nofp\libc_nano.a(lib_a-nano-mallocr.o)
                0x1000049c                __malloc_free_list
 .bss.__malloc_sbrk_start
                0x100004a0        0x4 c:/nxp/mcuxpressoide_11.2.1_4149/ide/plugins/com.nxp.mcuxpresso.tools.win32_11.2.0.202008311134/tools/bin/../lib/gcc/arm-none-eabi/9.2.1/../../../../arm-none-eabi/lib/thumb/v7-m/nofp\libc_nano.a(lib_a-nano-mallocr.o)
                0x100004a0                __malloc_sbrk_start
 .bss.__end_of_heap
                0x100004a4        0x4 c:/nxp/mcuxpressoide_11.2.1_4149/ide/plugins/com.nxp.mcuxpresso.tools.win32_11.2.0.202008311134/tools/bin/../lib/gcc/arm-none-eabi/9.2.1/../../../../arm-none-eabi/lib/thumb/v7-m/nofp\libcr_newlib_none.a(_cr_sbrk.o)
                0x100004a4                __end_of_heap
 *(COMMON)
 COMMON         0x100004a8       0x50 ./freertos/src/queue.o
                0x100004a8                xQueueRegistry
 COMMON         0x100004f8      0x2ac ./Communication/0_Communication.o
                0x100004f8                txring
                0x1000050c                txbuff
                0x1000058c                rxbuff_RS485
                0x1000078c                _1_xQueue_Message_TO_Send
                0x10000790                rxring_RS485
 COMMON         0x100007a4       0x10 ./Communication/0_Event_Group.o
                0x100007a4                _0_ACK_Adresses
                0x100007a8                _0_Status_EventGroup
                0x100007ac                _0_ACK_Type_EventGroup
                0x100007b0                _0_Comm_EventGroup
 COMMON         0x100007b4      0x113 ./Communication/1_Trame_Communication.o
                0x100007b4                received_trame
                0x1000080c                Message_To_Send
                0x1000086c                Data_rx
 *fill*         0x100008c7        0x1 
 COMMON         0x100008c8       0x56 ./Communication/2_Echange_Datas.o
                0x100008c8                trame_echange
 *fill*         0x1000091e        0x2 
 COMMON         0x10000920        0x4 D:\Developpement_Robot\Robotic-System\trunk\Workspaces\MultiWorkSpaces_2021\0_lpc_chip_13xx\Debug\lib0_lpc_chip_13xx.a(chip_13xx.o)
                0x10000920                SystemCoreClock
 COMMON         0x10000924        0x4 c:/nxp/mcuxpressoide_11.2.1_4149/ide/plugins/com.nxp.mcuxpresso.tools.win32_11.2.0.202008311134/tools/bin/../lib/gcc/arm-none-eabi/9.2.1/../../../../arm-none-eabi/lib/thumb/v7-m/nofp\libc_nano.a(lib_a-reent.o)
                0x10000924                errno
 COMMON         0x10000928        0x9 c:/nxp/mcuxpressoide_11.2.1_4149/ide/plugins/com.nxp.mcuxpresso.tools.win32_11.2.0.202008311134/tools/bin/../lib/gcc/arm-none-eabi/9.2.1/../../../../arm-none-eabi/lib/thumb/v7-m/nofp\libc_nano.a(lib_a-lock.o)
                0x10000928                __lock___atexit_recursive_mutex
                0x10000929                __lock___arc4random_mutex
                0x1000092a                __lock___env_recursive_mutex
                0x1000092b                __lock___sinit_recursive_mutex
                0x1000092c                __lock___malloc_recursive_mutex
                0x1000092d                __lock___at_quick_exit_mutex
                0x1000092e                __lock___dd_hash_mutex
                0x1000092f                __lock___tz_mutex
                0x10000930                __lock___sfp_recursive_mutex
                0x10000934                . = ALIGN (0x4)
 *fill*         0x10000931        0x3 
                0x10000934                _ebss = .
                [!provide]                PROVIDE (__end_bss_RAM = .)
                [!provide]                PROVIDE (__end_bss_RamLoc8 = .)
                [!provide]                PROVIDE (end = .)

.noinit_RAM2    0x20004000        0x0
                [!provide]                PROVIDE (__start_noinit_RAM2 = .)
                [!provide]                PROVIDE (__start_noinit_RamUsb2 = .)
 *(.noinit.$RAM2)
 *(.noinit.$RamUsb2)
 *(.noinit.$RAM2.*)
 *(.noinit.$RamUsb2.*)
                0x20004000                . = ALIGN (0x4)
                [!provide]                PROVIDE (__end_noinit_RAM2 = .)
                [!provide]                PROVIDE (__end_noinit_RamUsb2 = .)

.noinit_RAM3    0x20000000        0x0
                [!provide]                PROVIDE (__start_noinit_RAM3 = .)
                [!provide]                PROVIDE (__start_noinit_RamPeriph2 = .)
 *(.noinit.$RAM3)
 *(.noinit.$RamPeriph2)
 *(.noinit.$RAM3.*)
 *(.noinit.$RamPeriph2.*)
                0x20000000                . = ALIGN (0x4)
                [!provide]                PROVIDE (__end_noinit_RAM3 = .)
                [!provide]                PROVIDE (__end_noinit_RamPeriph2 = .)

.noinit         0x10000934        0x0
                0x10000934                _noinit = .
                [!provide]                PROVIDE (__start_noinit_RAM = .)
                [!provide]                PROVIDE (__start_noinit_RamLoc8 = .)
 *(.noinit*)
                0x10000934                . = ALIGN (0x4)
                0x10000934                _end_noinit = .
                [!provide]                PROVIDE (__end_noinit_RAM = .)
                [!provide]                PROVIDE (__end_noinit_RamLoc8 = .)
                0x10000934                PROVIDE (_pvHeapStart = DEFINED (__user_heap_base)?__user_heap_base:.)
                0x10002000                PROVIDE (_vStackTop = DEFINED (__user_stack_top)?__user_stack_top:(__top_RamLoc8 - 0x0))
                [!provide]                PROVIDE (__valid_user_code_checksum = (0x0 - ((((((_vStackTop + (ResetISR + 0x1)) + (NMI_Handler + 0x1)) + (HardFault_Handler + 0x1)) + (DEFINED (MemManage_Handler)?MemManage_Handler:0x0 + 0x1)) + (DEFINED (BusFault_Handler)?BusFault_Handler:0x0 + 0x1)) + (DEFINED (UsageFault_Handler)?UsageFault_Handler:0x0 + 0x1))))
                0x00000000                _image_start = LOADADDR (.text)
                0x0000592c                _image_end = (LOADADDR (.data) + SIZEOF (.data))
                0x0000592c                _image_size = (_image_end - _image_start)
OUTPUT(Peripheriques_2021_V1.axf elf32-littlearm)

.debug_info     0x00000000    0x1b1dd
 .debug_info    0x00000000      0xc7b ./src/Init.o
 .debug_info    0x00000c7b      0xe30 ./src/Peripheriques.o
 .debug_info    0x00001aab      0x2ba ./src/cr_startup_lpc13xx.o
 .debug_info    0x00001d65      0x9b7 ./src/sysinit.o
 .debug_info    0x0000271c      0xb08 ./freertos/src/FreeRTOSCommonHooks.o
 .debug_info    0x00003224     0x1335 ./freertos/src/event_groups.o
 .debug_info    0x00004559      0xa8e ./freertos/src/heap_3.o
 .debug_info    0x00004fe7      0xbe3 ./freertos/src/list.o
 .debug_info    0x00005bca      0xcdf ./freertos/src/port.o
 .debug_info    0x000068a9     0x246c ./freertos/src/queue.o
 .debug_info    0x00008d15     0x2d9e ./freertos/src/tasks.o
 .debug_info    0x0000bab3     0x1bb9 ./freertos/src/timers.o
 .debug_info    0x0000d66c      0xde4 ./Communication/RS485/0_RS485.o
 .debug_info    0x0000e450     0x1bbc ./Communication/0_Communication.o
 .debug_info    0x0001000c      0xa51 ./Communication/0_Event_Group.o
 .debug_info    0x00010a5d     0x1824 ./Communication/1_Trame_Communication.o
 .debug_info    0x00012281     0x1681 ./Communication/2_Echange_Datas.o
 .debug_info    0x00013902      0xe42 ./Communication/2_Echange_Datas_Reception.o
 .debug_info    0x00014744      0x7b3 D:\Developpement_Robot\Robotic-System\trunk\Workspaces\MultiWorkSpaces_2021\0_lpc_board_nxp_lpcxpresso_1347\Debug\lib0_lpc_board_nxp_lpcxpresso_1347.a(board.o)
 .debug_info    0x00014ef7      0x931 D:\Developpement_Robot\Robotic-System\trunk\Workspaces\MultiWorkSpaces_2021\0_lpc_board_nxp_lpcxpresso_1347\Debug\lib0_lpc_board_nxp_lpcxpresso_1347.a(board_sysinit.o)
 .debug_info    0x00015828      0x709 D:\Developpement_Robot\Robotic-System\trunk\Workspaces\MultiWorkSpaces_2021\0_lpc_chip_13xx\Debug\lib0_lpc_chip_13xx.a(chip_13xx.o)
 .debug_info    0x00015f31      0xcba D:\Developpement_Robot\Robotic-System\trunk\Workspaces\MultiWorkSpaces_2021\0_lpc_chip_13xx\Debug\lib0_lpc_chip_13xx.a(clock_13xx.o)
 .debug_info    0x00016beb      0xb2e D:\Developpement_Robot\Robotic-System\trunk\Workspaces\MultiWorkSpaces_2021\0_lpc_chip_13xx\Debug\lib0_lpc_chip_13xx.a(gpio_13xx_1.o)
 .debug_info    0x00017719      0x1cb D:\Developpement_Robot\Robotic-System\trunk\Workspaces\MultiWorkSpaces_2021\0_lpc_chip_13xx\Debug\lib0_lpc_chip_13xx.a(iocon_13xx.o)
 .debug_info    0x000178e4      0x656 D:\Developpement_Robot\Robotic-System\trunk\Workspaces\MultiWorkSpaces_2021\0_lpc_chip_13xx\Debug\lib0_lpc_chip_13xx.a(ring_buffer.o)
 .debug_info    0x00017f3a      0x63f D:\Developpement_Robot\Robotic-System\trunk\Workspaces\MultiWorkSpaces_2021\0_lpc_chip_13xx\Debug\lib0_lpc_chip_13xx.a(sysctl_13xx.o)
 .debug_info    0x00018579      0xb22 D:\Developpement_Robot\Robotic-System\trunk\Workspaces\MultiWorkSpaces_2021\0_lpc_chip_13xx\Debug\lib0_lpc_chip_13xx.a(sysinit_13xx.o)
 .debug_info    0x0001909b      0x964 D:\Developpement_Robot\Robotic-System\trunk\Workspaces\MultiWorkSpaces_2021\0_lpc_chip_13xx\Debug\lib0_lpc_chip_13xx.a(timer_13xx.o)
 .debug_info    0x000199ff     0x17de D:\Developpement_Robot\Robotic-System\trunk\Workspaces\MultiWorkSpaces_2021\0_lpc_chip_13xx\Debug\lib0_lpc_chip_13xx.a(uart_13xx.o)

.debug_abbrev   0x00000000     0x4b10
 .debug_abbrev  0x00000000      0x20a ./src/Init.o
 .debug_abbrev  0x0000020a      0x2d2 ./src/Peripheriques.o
 .debug_abbrev  0x000004dc      0x12d ./src/cr_startup_lpc13xx.o
 .debug_abbrev  0x00000609      0x1bb ./src/sysinit.o
 .debug_abbrev  0x000007c4      0x288 ./freertos/src/FreeRTOSCommonHooks.o
 .debug_abbrev  0x00000a4c      0x347 ./freertos/src/event_groups.o
 .debug_abbrev  0x00000d93      0x241 ./freertos/src/heap_3.o
 .debug_abbrev  0x00000fd4      0x20e ./freertos/src/list.o
 .debug_abbrev  0x000011e2      0x35f ./freertos/src/port.o
 .debug_abbrev  0x00001541      0x3b6 ./freertos/src/queue.o
 .debug_abbrev  0x000018f7      0x3d9 ./freertos/src/tasks.o
 .debug_abbrev  0x00001cd0      0x32e ./freertos/src/timers.o
 .debug_abbrev  0x00001ffe      0x2ab ./Communication/RS485/0_RS485.o
 .debug_abbrev  0x000022a9      0x423 ./Communication/0_Communication.o
 .debug_abbrev  0x000026cc      0x1ca ./Communication/0_Event_Group.o
 .debug_abbrev  0x00002896      0x428 ./Communication/1_Trame_Communication.o
 .debug_abbrev  0x00002cbe      0x33c ./Communication/2_Echange_Datas.o
 .debug_abbrev  0x00002ffa      0x295 ./Communication/2_Echange_Datas_Reception.o
 .debug_abbrev  0x0000328f      0x26d D:\Developpement_Robot\Robotic-System\trunk\Workspaces\MultiWorkSpaces_2021\0_lpc_board_nxp_lpcxpresso_1347\Debug\lib0_lpc_board_nxp_lpcxpresso_1347.a(board.o)
 .debug_abbrev  0x000034fc      0x1ef D:\Developpement_Robot\Robotic-System\trunk\Workspaces\MultiWorkSpaces_2021\0_lpc_board_nxp_lpcxpresso_1347\Debug\lib0_lpc_board_nxp_lpcxpresso_1347.a(board_sysinit.o)
 .debug_abbrev  0x000036eb      0x1e6 D:\Developpement_Robot\Robotic-System\trunk\Workspaces\MultiWorkSpaces_2021\0_lpc_chip_13xx\Debug\lib0_lpc_chip_13xx.a(chip_13xx.o)
 .debug_abbrev  0x000038d1      0x328 D:\Developpement_Robot\Robotic-System\trunk\Workspaces\MultiWorkSpaces_2021\0_lpc_chip_13xx\Debug\lib0_lpc_chip_13xx.a(clock_13xx.o)
 .debug_abbrev  0x00003bf9      0x229 D:\Developpement_Robot\Robotic-System\trunk\Workspaces\MultiWorkSpaces_2021\0_lpc_chip_13xx\Debug\lib0_lpc_chip_13xx.a(gpio_13xx_1.o)
 .debug_abbrev  0x00003e22       0xf5 D:\Developpement_Robot\Robotic-System\trunk\Workspaces\MultiWorkSpaces_2021\0_lpc_chip_13xx\Debug\lib0_lpc_chip_13xx.a(iocon_13xx.o)
 .debug_abbrev  0x00003f17      0x20b D:\Developpement_Robot\Robotic-System\trunk\Workspaces\MultiWorkSpaces_2021\0_lpc_chip_13xx\Debug\lib0_lpc_chip_13xx.a(ring_buffer.o)
 .debug_abbrev  0x00004122      0x134 D:\Developpement_Robot\Robotic-System\trunk\Workspaces\MultiWorkSpaces_2021\0_lpc_chip_13xx\Debug\lib0_lpc_chip_13xx.a(sysctl_13xx.o)
 .debug_abbrev  0x00004256      0x264 D:\Developpement_Robot\Robotic-System\trunk\Workspaces\MultiWorkSpaces_2021\0_lpc_chip_13xx\Debug\lib0_lpc_chip_13xx.a(sysinit_13xx.o)
 .debug_abbrev  0x000044ba      0x243 D:\Developpement_Robot\Robotic-System\trunk\Workspaces\MultiWorkSpaces_2021\0_lpc_chip_13xx\Debug\lib0_lpc_chip_13xx.a(timer_13xx.o)
 .debug_abbrev  0x000046fd      0x413 D:\Developpement_Robot\Robotic-System\trunk\Workspaces\MultiWorkSpaces_2021\0_lpc_chip_13xx\Debug\lib0_lpc_chip_13xx.a(uart_13xx.o)

.debug_aranges  0x00000000      0xb48
 .debug_aranges
                0x00000000       0x28 ./src/Init.o
 .debug_aranges
                0x00000028       0x30 ./src/Peripheriques.o
 .debug_aranges
                0x00000058       0x60 ./src/cr_startup_lpc13xx.o
 .debug_aranges
                0x000000b8       0x20 ./src/sysinit.o
 .debug_aranges
                0x000000d8       0x40 ./freertos/src/FreeRTOSCommonHooks.o
 .debug_aranges
                0x00000118       0x68 ./freertos/src/event_groups.o
 .debug_aranges
                0x00000180       0x28 ./freertos/src/heap_3.o
 .debug_aranges
                0x000001a8       0x40 ./freertos/src/list.o
 .debug_aranges
                0x000001e8       0x88 ./freertos/src/port.o
 .debug_aranges
                0x00000270      0x100 ./freertos/src/queue.o
 .debug_aranges
                0x00000370      0x1d0 ./freertos/src/tasks.o
 .debug_aranges
                0x00000540       0xd8 ./freertos/src/timers.o
 .debug_aranges
                0x00000618       0x30 ./Communication/RS485/0_RS485.o
 .debug_aranges
                0x00000648       0x60 ./Communication/0_Communication.o
 .debug_aranges
                0x000006a8       0x20 ./Communication/0_Event_Group.o
 .debug_aranges
                0x000006c8       0x78 ./Communication/1_Trame_Communication.o
 .debug_aranges
                0x00000740       0x48 ./Communication/2_Echange_Datas.o
 .debug_aranges
                0x00000788       0x38 ./Communication/2_Echange_Datas_Reception.o
 .debug_aranges
                0x000007c0       0xc0 D:\Developpement_Robot\Robotic-System\trunk\Workspaces\MultiWorkSpaces_2021\0_lpc_board_nxp_lpcxpresso_1347\Debug\lib0_lpc_board_nxp_lpcxpresso_1347.a(board.o)
 .debug_aranges
                0x00000880       0x48 D:\Developpement_Robot\Robotic-System\trunk\Workspaces\MultiWorkSpaces_2021\0_lpc_board_nxp_lpcxpresso_1347\Debug\lib0_lpc_board_nxp_lpcxpresso_1347.a(board_sysinit.o)
 .debug_aranges
                0x000008c8       0x28 D:\Developpement_Robot\Robotic-System\trunk\Workspaces\MultiWorkSpaces_2021\0_lpc_chip_13xx\Debug\lib0_lpc_chip_13xx.a(chip_13xx.o)
 .debug_aranges
                0x000008f0       0x80 D:\Developpement_Robot\Robotic-System\trunk\Workspaces\MultiWorkSpaces_2021\0_lpc_chip_13xx\Debug\lib0_lpc_chip_13xx.a(clock_13xx.o)
 .debug_aranges
                0x00000970       0x48 D:\Developpement_Robot\Robotic-System\trunk\Workspaces\MultiWorkSpaces_2021\0_lpc_chip_13xx\Debug\lib0_lpc_chip_13xx.a(gpio_13xx_1.o)
 .debug_aranges
                0x000009b8       0x20 D:\Developpement_Robot\Robotic-System\trunk\Workspaces\MultiWorkSpaces_2021\0_lpc_chip_13xx\Debug\lib0_lpc_chip_13xx.a(iocon_13xx.o)
 .debug_aranges
                0x000009d8       0x50 D:\Developpement_Robot\Robotic-System\trunk\Workspaces\MultiWorkSpaces_2021\0_lpc_chip_13xx\Debug\lib0_lpc_chip_13xx.a(ring_buffer.o)
 .debug_aranges
                0x00000a28       0x38 D:\Developpement_Robot\Robotic-System\trunk\Workspaces\MultiWorkSpaces_2021\0_lpc_chip_13xx\Debug\lib0_lpc_chip_13xx.a(sysctl_13xx.o)
 .debug_aranges
                0x00000a60       0x30 D:\Developpement_Robot\Robotic-System\trunk\Workspaces\MultiWorkSpaces_2021\0_lpc_chip_13xx\Debug\lib0_lpc_chip_13xx.a(sysinit_13xx.o)
 .debug_aranges
                0x00000a90       0x38 D:\Developpement_Robot\Robotic-System\trunk\Workspaces\MultiWorkSpaces_2021\0_lpc_chip_13xx\Debug\lib0_lpc_chip_13xx.a(timer_13xx.o)
 .debug_aranges
                0x00000ac8       0x80 D:\Developpement_Robot\Robotic-System\trunk\Workspaces\MultiWorkSpaces_2021\0_lpc_chip_13xx\Debug\lib0_lpc_chip_13xx.a(uart_13xx.o)

.debug_ranges   0x00000000     0x1150
 .debug_ranges  0x00000000       0x18 ./src/Init.o
 .debug_ranges  0x00000018       0x20 ./src/Peripheriques.o
 .debug_ranges  0x00000038       0x50 ./src/cr_startup_lpc13xx.o
 .debug_ranges  0x00000088       0x10 ./src/sysinit.o
 .debug_ranges  0x00000098       0x30 ./freertos/src/FreeRTOSCommonHooks.o
 .debug_ranges  0x000000c8       0x70 ./freertos/src/event_groups.o
 .debug_ranges  0x00000138       0x18 ./freertos/src/heap_3.o
 .debug_ranges  0x00000150       0x30 ./freertos/src/list.o
 .debug_ranges  0x00000180       0x78 ./freertos/src/port.o
 .debug_ranges  0x000001f8      0x198 ./freertos/src/queue.o
 .debug_ranges  0x00000390      0x2a8 ./freertos/src/tasks.o
 .debug_ranges  0x00000638       0xc8 ./freertos/src/timers.o
 .debug_ranges  0x00000700       0x20 ./Communication/RS485/0_RS485.o
 .debug_ranges  0x00000720       0x50 ./Communication/0_Communication.o
 .debug_ranges  0x00000770       0x10 ./Communication/0_Event_Group.o
 .debug_ranges  0x00000780       0x80 ./Communication/1_Trame_Communication.o
 .debug_ranges  0x00000800       0x38 ./Communication/2_Echange_Datas.o
 .debug_ranges  0x00000838       0x28 ./Communication/2_Echange_Datas_Reception.o
 .debug_ranges  0x00000860       0xb0 D:\Developpement_Robot\Robotic-System\trunk\Workspaces\MultiWorkSpaces_2021\0_lpc_board_nxp_lpcxpresso_1347\Debug\lib0_lpc_board_nxp_lpcxpresso_1347.a(board.o)
 .debug_ranges  0x00000910       0x38 D:\Developpement_Robot\Robotic-System\trunk\Workspaces\MultiWorkSpaces_2021\0_lpc_board_nxp_lpcxpresso_1347\Debug\lib0_lpc_board_nxp_lpcxpresso_1347.a(board_sysinit.o)
 .debug_ranges  0x00000948       0x48 D:\Developpement_Robot\Robotic-System\trunk\Workspaces\MultiWorkSpaces_2021\0_lpc_chip_13xx\Debug\lib0_lpc_chip_13xx.a(chip_13xx.o)
 .debug_ranges  0x00000990      0x200 D:\Developpement_Robot\Robotic-System\trunk\Workspaces\MultiWorkSpaces_2021\0_lpc_chip_13xx\Debug\lib0_lpc_chip_13xx.a(clock_13xx.o)
 .debug_ranges  0x00000b90       0x70 D:\Developpement_Robot\Robotic-System\trunk\Workspaces\MultiWorkSpaces_2021\0_lpc_chip_13xx\Debug\lib0_lpc_chip_13xx.a(gpio_13xx_1.o)
 .debug_ranges  0x00000c00       0x10 D:\Developpement_Robot\Robotic-System\trunk\Workspaces\MultiWorkSpaces_2021\0_lpc_chip_13xx\Debug\lib0_lpc_chip_13xx.a(iocon_13xx.o)
 .debug_ranges  0x00000c10       0x70 D:\Developpement_Robot\Robotic-System\trunk\Workspaces\MultiWorkSpaces_2021\0_lpc_chip_13xx\Debug\lib0_lpc_chip_13xx.a(ring_buffer.o)
 .debug_ranges  0x00000c80       0x28 D:\Developpement_Robot\Robotic-System\trunk\Workspaces\MultiWorkSpaces_2021\0_lpc_chip_13xx\Debug\lib0_lpc_chip_13xx.a(sysctl_13xx.o)
 .debug_ranges  0x00000ca8      0x160 D:\Developpement_Robot\Robotic-System\trunk\Workspaces\MultiWorkSpaces_2021\0_lpc_chip_13xx\Debug\lib0_lpc_chip_13xx.a(sysinit_13xx.o)
 .debug_ranges  0x00000e08       0x58 D:\Developpement_Robot\Robotic-System\trunk\Workspaces\MultiWorkSpaces_2021\0_lpc_chip_13xx\Debug\lib0_lpc_chip_13xx.a(timer_13xx.o)
 .debug_ranges  0x00000e60      0x2f0 D:\Developpement_Robot\Robotic-System\trunk\Workspaces\MultiWorkSpaces_2021\0_lpc_chip_13xx\Debug\lib0_lpc_chip_13xx.a(uart_13xx.o)

.debug_macro    0x00000000     0xa551
 .debug_macro   0x00000000      0x4ac ./src/Init.o
 .debug_macro   0x000004ac      0xaae ./src/Init.o
 .debug_macro   0x00000f5a       0x22 ./src/Init.o
 .debug_macro   0x00000f7c       0x8e ./src/Init.o
 .debug_macro   0x0000100a       0x51 ./src/Init.o
 .debug_macro   0x0000105b       0xef ./src/Init.o
 .debug_macro   0x0000114a       0x6a ./src/Init.o
 .debug_macro   0x000011b4      0x1df ./src/Init.o
 .debug_macro   0x00001393       0x22 ./src/Init.o
 .debug_macro   0x000013b5       0x7b ./src/Init.o
 .debug_macro   0x00001430       0x10 ./src/Init.o
 .debug_macro   0x00001440       0x26 ./src/Init.o
 .debug_macro   0x00001466       0x3a ./src/Init.o
 .debug_macro   0x000014a0       0x2d ./src/Init.o
 .debug_macro   0x000014cd      0xa7d ./src/Init.o
 .debug_macro   0x00001f4a      0x10f ./src/Init.o
 .debug_macro   0x00002059       0xf1 ./src/Init.o
 .debug_macro   0x0000214a       0x10 ./src/Init.o
 .debug_macro   0x0000215a      0x145 ./src/Init.o
 .debug_macro   0x0000229f       0x88 ./src/Init.o
 .debug_macro   0x00002327      0x21b ./src/Init.o
 .debug_macro   0x00002542       0x40 ./src/Init.o
 .debug_macro   0x00002582       0x3a ./src/Init.o
 .debug_macro   0x000025bc       0xb9 ./src/Init.o
 .debug_macro   0x00002675       0x4c ./src/Init.o
 .debug_macro   0x000026c1       0x16 ./src/Init.o
 .debug_macro   0x000026d7      0x31a ./src/Init.o
 .debug_macro   0x000029f1       0x5b ./src/Init.o
 .debug_macro   0x00002a4c       0x2e ./src/Init.o
 .debug_macro   0x00002a7a       0x1c ./src/Init.o
 .debug_macro   0x00002a96       0x22 ./src/Init.o
 .debug_macro   0x00002ab8       0x18 ./src/Init.o
 .debug_macro   0x00002ad0       0x40 ./src/Init.o
 .debug_macro   0x00002b10      0x108 ./src/Init.o
 .debug_macro   0x00002c18       0x40 ./src/Init.o
 .debug_macro   0x00002c58       0x4c ./src/Init.o
 .debug_macro   0x00002ca4       0x18 ./src/Init.o
 .debug_macro   0x00002cbc       0x3c ./src/Init.o
 .debug_macro   0x00002cf8       0x34 ./src/Init.o
 .debug_macro   0x00002d2c       0x16 ./src/Init.o
 .debug_macro   0x00002d42       0x97 ./src/Init.o
 .debug_macro   0x00002dd9      0x339 ./src/Init.o
 .debug_macro   0x00003112       0xfd ./src/Init.o
 .debug_macro   0x0000320f       0x10 ./src/Init.o
 .debug_macro   0x0000321f       0x58 ./src/Init.o
 .debug_macro   0x00003277       0x1f ./src/Init.o
 .debug_macro   0x00003296       0x43 ./src/Init.o
 .debug_macro   0x000032d9       0x20 ./src/Init.o
 .debug_macro   0x000032f9      0x1a3 ./src/Init.o
 .debug_macro   0x0000349c       0x10 ./src/Init.o
 .debug_macro   0x000034ac       0x1c ./src/Init.o
 .debug_macro   0x000034c8       0x52 ./src/Init.o
 .debug_macro   0x0000351a       0x40 ./src/Init.o
 .debug_macro   0x0000355a       0x10 ./src/Init.o
 .debug_macro   0x0000356a       0x40 ./src/Init.o
 .debug_macro   0x000035aa       0xd7 ./src/Init.o
 .debug_macro   0x00003681       0x1c ./src/Init.o
 .debug_macro   0x0000369d       0x3d ./src/Init.o
 .debug_macro   0x000036da       0x16 ./src/Init.o
 .debug_macro   0x000036f0      0x145 ./src/Init.o
 .debug_macro   0x00003835       0x20 ./src/Init.o
 .debug_macro   0x00003855       0x27 ./src/Init.o
 .debug_macro   0x0000387c      0x15a ./src/Init.o
 .debug_macro   0x000039d6       0xdd ./src/Init.o
 .debug_macro   0x00003ab3       0x1c ./src/Init.o
 .debug_macro   0x00003acf       0x26 ./src/Init.o
 .debug_macro   0x00003af5      0x4e1 ./src/Init.o
 .debug_macro   0x00003fd6       0x34 ./src/Init.o
 .debug_macro   0x0000400a       0x3d ./src/Init.o
 .debug_macro   0x00004047       0x16 ./src/Init.o
 .debug_macro   0x0000405d       0x35 ./src/Init.o
 .debug_macro   0x00004092      0x1e1 ./src/Init.o
 .debug_macro   0x00004273       0x16 ./src/Init.o
 .debug_macro   0x00004289       0x16 ./src/Init.o
 .debug_macro   0x0000429f       0x29 ./src/Init.o
 .debug_macro   0x000042c8       0xb5 ./src/Init.o
 .debug_macro   0x0000437d       0xaa ./src/Init.o
 .debug_macro   0x00004427       0xfa ./src/Init.o
 .debug_macro   0x00004521       0x80 ./src/Init.o
 .debug_macro   0x000045a1       0x69 ./src/Init.o
 .debug_macro   0x0000460a       0x97 ./src/Init.o
 .debug_macro   0x000046a1       0x19 ./src/Init.o
 .debug_macro   0x000046ba       0x6a ./src/Init.o
 .debug_macro   0x00004724       0x1c ./src/Init.o
 .debug_macro   0x00004740      0x468 ./src/Peripheriques.o
 .debug_macro   0x00004ba8       0x3a ./src/Peripheriques.o
 .debug_macro   0x00004be2      0x12b ./src/Peripheriques.o
 .debug_macro   0x00004d0d       0x16 ./src/Peripheriques.o
 .debug_macro   0x00004d23       0x26 ./src/cr_startup_lpc13xx.o
 .debug_macro   0x00004d49      0x321 ./src/sysinit.o
 .debug_macro   0x0000506a      0x399 ./freertos/src/FreeRTOSCommonHooks.o
 .debug_macro   0x00005403      0x174 ./freertos/src/FreeRTOSCommonHooks.o
 .debug_macro   0x00005577      0x401 ./freertos/src/event_groups.o
 .debug_macro   0x00005978      0x10e ./freertos/src/event_groups.o
 .debug_macro   0x00005a86       0x8d ./freertos/src/event_groups.o
 .debug_macro   0x00005b13       0x1c ./freertos/src/event_groups.o
 .debug_macro   0x00005b2f       0x91 ./freertos/src/event_groups.o
 .debug_macro   0x00005bc0      0x3c3 ./freertos/src/heap_3.o
 .debug_macro   0x00005f83      0x3a8 ./freertos/src/list.o
 .debug_macro   0x0000632b      0x3f5 ./freertos/src/port.o
 .debug_macro   0x00006720      0x432 ./freertos/src/queue.o
 .debug_macro   0x00006b52      0x495 ./freertos/src/tasks.o
 .debug_macro   0x00006fe7       0x10 ./freertos/src/tasks.o
 .debug_macro   0x00006ff7      0x3fd ./freertos/src/timers.o
 .debug_macro   0x000073f4      0x436 ./Communication/RS485/0_RS485.o
 .debug_macro   0x0000782a      0x49b ./Communication/0_Communication.o
 .debug_macro   0x00007cc5       0x70 ./Communication/0_Communication.o
 .debug_macro   0x00007d35      0x3b6 ./Communication/0_Event_Group.o
 .debug_macro   0x000080eb      0x4b5 ./Communication/1_Trame_Communication.o
 .debug_macro   0x000085a0       0x82 ./Communication/1_Trame_Communication.o
 .debug_macro   0x00008622      0x473 ./Communication/2_Echange_Datas.o
 .debug_macro   0x00008a95      0x48b ./Communication/2_Echange_Datas_Reception.o
 .debug_macro   0x00008f20      0x20a D:\Developpement_Robot\Robotic-System\trunk\Workspaces\MultiWorkSpaces_2021\0_lpc_board_nxp_lpcxpresso_1347\Debug\lib0_lpc_board_nxp_lpcxpresso_1347.a(board.o)
 .debug_macro   0x0000912a      0xaa8 D:\Developpement_Robot\Robotic-System\trunk\Workspaces\MultiWorkSpaces_2021\0_lpc_board_nxp_lpcxpresso_1347\Debug\lib0_lpc_board_nxp_lpcxpresso_1347.a(board.o)
 .debug_macro   0x00009bd2       0x10 D:\Developpement_Robot\Robotic-System\trunk\Workspaces\MultiWorkSpaces_2021\0_lpc_board_nxp_lpcxpresso_1347\Debug\lib0_lpc_board_nxp_lpcxpresso_1347.a(board.o)
 .debug_macro   0x00009be2      0x12e D:\Developpement_Robot\Robotic-System\trunk\Workspaces\MultiWorkSpaces_2021\0_lpc_board_nxp_lpcxpresso_1347\Debug\lib0_lpc_board_nxp_lpcxpresso_1347.a(board.o)
 .debug_macro   0x00009d10      0x5b3 D:\Developpement_Robot\Robotic-System\trunk\Workspaces\MultiWorkSpaces_2021\0_lpc_board_nxp_lpcxpresso_1347\Debug\lib0_lpc_board_nxp_lpcxpresso_1347.a(board.o)
 .debug_macro   0x0000a2c3       0x22 D:\Developpement_Robot\Robotic-System\trunk\Workspaces\MultiWorkSpaces_2021\0_lpc_board_nxp_lpcxpresso_1347\Debug\lib0_lpc_board_nxp_lpcxpresso_1347.a(board.o)
 .debug_macro   0x0000a2e5       0x9a D:\Developpement_Robot\Robotic-System\trunk\Workspaces\MultiWorkSpaces_2021\0_lpc_board_nxp_lpcxpresso_1347\Debug\lib0_lpc_board_nxp_lpcxpresso_1347.a(board.o)
 .debug_macro   0x0000a37f       0x12 D:\Developpement_Robot\Robotic-System\trunk\Workspaces\MultiWorkSpaces_2021\0_lpc_board_nxp_lpcxpresso_1347\Debug\lib0_lpc_board_nxp_lpcxpresso_1347.a(board.o)
 .debug_macro   0x0000a391      0x1c0 D:\Developpement_Robot\Robotic-System\trunk\Workspaces\MultiWorkSpaces_2021\0_lpc_board_nxp_lpcxpresso_1347\Debug\lib0_lpc_board_nxp_lpcxpresso_1347.a(board_sysinit.o)

.debug_line     0x00000000    0x12225
 .debug_line    0x00000000      0xb5b ./src/Init.o
 .debug_line    0x00000b5b      0xb77 ./src/Peripheriques.o
 .debug_line    0x000016d2      0x261 ./src/cr_startup_lpc13xx.o
 .debug_line    0x00001933      0x720 ./src/sysinit.o
 .debug_line    0x00002053      0x983 ./freertos/src/FreeRTOSCommonHooks.o
 .debug_line    0x000029d6      0xd2b ./freertos/src/event_groups.o
 .debug_line    0x00003701      0x8f6 ./freertos/src/heap_3.o
 .debug_line    0x00003ff7      0xa53 ./freertos/src/list.o
 .debug_line    0x00004a4a      0xaf7 ./freertos/src/port.o
 .debug_line    0x00005541     0x184f ./freertos/src/queue.o
 .debug_line    0x00006d90     0x237b ./freertos/src/tasks.o
 .debug_line    0x0000910b     0x1077 ./freertos/src/timers.o
 .debug_line    0x0000a182      0xa8c ./Communication/RS485/0_RS485.o
 .debug_line    0x0000ac0e      0xe29 ./Communication/0_Communication.o
 .debug_line    0x0000ba37      0x95f ./Communication/0_Event_Group.o
 .debug_line    0x0000c396     0x1145 ./Communication/1_Trame_Communication.o
 .debug_line    0x0000d4db      0xe1b ./Communication/2_Echange_Datas.o
 .debug_line    0x0000e2f6      0xb36 ./Communication/2_Echange_Datas_Reception.o
 .debug_line    0x0000ee2c      0x6ab D:\Developpement_Robot\Robotic-System\trunk\Workspaces\MultiWorkSpaces_2021\0_lpc_board_nxp_lpcxpresso_1347\Debug\lib0_lpc_board_nxp_lpcxpresso_1347.a(board.o)
 .debug_line    0x0000f4d7      0x51d D:\Developpement_Robot\Robotic-System\trunk\Workspaces\MultiWorkSpaces_2021\0_lpc_board_nxp_lpcxpresso_1347\Debug\lib0_lpc_board_nxp_lpcxpresso_1347.a(board_sysinit.o)
 .debug_line    0x0000f9f4      0x275 D:\Developpement_Robot\Robotic-System\trunk\Workspaces\MultiWorkSpaces_2021\0_lpc_chip_13xx\Debug\lib0_lpc_chip_13xx.a(chip_13xx.o)
 .debug_line    0x0000fc69      0x6a3 D:\Developpement_Robot\Robotic-System\trunk\Workspaces\MultiWorkSpaces_2021\0_lpc_chip_13xx\Debug\lib0_lpc_chip_13xx.a(clock_13xx.o)
 .debug_line    0x0001030c      0x39d D:\Developpement_Robot\Robotic-System\trunk\Workspaces\MultiWorkSpaces_2021\0_lpc_chip_13xx\Debug\lib0_lpc_chip_13xx.a(gpio_13xx_1.o)
 .debug_line    0x000106a9      0x1ed D:\Developpement_Robot\Robotic-System\trunk\Workspaces\MultiWorkSpaces_2021\0_lpc_chip_13xx\Debug\lib0_lpc_chip_13xx.a(iocon_13xx.o)
 .debug_line    0x00010896      0x4e6 D:\Developpement_Robot\Robotic-System\trunk\Workspaces\MultiWorkSpaces_2021\0_lpc_chip_13xx\Debug\lib0_lpc_chip_13xx.a(ring_buffer.o)
 .debug_line    0x00010d7c      0x27e D:\Developpement_Robot\Robotic-System\trunk\Workspaces\MultiWorkSpaces_2021\0_lpc_chip_13xx\Debug\lib0_lpc_chip_13xx.a(sysctl_13xx.o)
 .debug_line    0x00010ffa      0x4c0 D:\Developpement_Robot\Robotic-System\trunk\Workspaces\MultiWorkSpaces_2021\0_lpc_chip_13xx\Debug\lib0_lpc_chip_13xx.a(sysinit_13xx.o)
 .debug_line    0x000114ba      0x34d D:\Developpement_Robot\Robotic-System\trunk\Workspaces\MultiWorkSpaces_2021\0_lpc_chip_13xx\Debug\lib0_lpc_chip_13xx.a(timer_13xx.o)
 .debug_line    0x00011807      0xa1e D:\Developpement_Robot\Robotic-System\trunk\Workspaces\MultiWorkSpaces_2021\0_lpc_chip_13xx\Debug\lib0_lpc_chip_13xx.a(uart_13xx.o)

.debug_str      0x00000000    0x1d9fa
 .debug_str     0x00000000    0x16613 ./src/Init.o
                              0x169ab (size before relaxing)
 .debug_str     0x00016613      0x11c ./src/Peripheriques.o
                              0x155b1 (size before relaxing)