Astar.c:32:6:Astar_Map_Init	32	static
Astar.c:79:19:Astar_Get_Map	0	static
Astar.c:94:32:Astar_Get_Vector_Map	0	static
Astar.c:230:8:Astar_Find_Best_Node_To_Compute	48	static
Astar.c:433:6:Astar_Compute_Node	16	static
Astar.c:302:6:Astar_Compute_Surronding_Nodes	72	static
Astar.c:600:15:Dijkstra_intersect_segment	72	static
Astar.c:541:7:Dijkstra_Intersect_Any_Segment	40	static
Astar.c:498:14:Astar_Smoothing	40	static
Astar.c:182:7:Astar_Generate_Trajectory	24	static
Astar.c:113:7:Astar_Find_Path	48	static
Astar.c:924:6:Astar_Debug_Display_Map	0	static
Astar.c:1175:6:Astar_Debug_Send_char	0	static
Astar.c:1000:6:Astar_debug_Display_Node_Status	0	static
Astar.c:1116:6:Astar_debug_Display_Node_Access	0	static
Astar.c:1157:6:Astar_Debug_Send_String	8	static
Astar.c:940:6:Astar_DEBUG_Display_Map_Node_Status	16	static
Astar.c:1056:6:Astar_DEBUG_Display_Map_Node_Access	16	static
Astar.c:1246:6:Astar_Add_Obstacle_Vector	20	static
Astar.c:1200:6:Astar_Add_Rectangular_Obstacle	40	static
