Astar.h:196:52:Astar_Set_Node_as_Blocked	16	static
Astar.h:203:52:Astar_Set_Node_as_Closed	16	static
Astar.h:209:52:Astar_Set_Node_as_Opened	16	static
Astar.h:249:21:Astar_Compute_H_cost	8	static
Astar.c:32:6:Astar_Map_Init	32	static
Astar.c:79:19:Astar_Get_Map	0	static
Astar.c:94:32:Astar_Get_Vector_Map	0	static
Astar.c:114:39:Astar_Find_Path	64	static
Astar.c:201:6:Astar_Generate_Trajectory	16	static
Astar.c:243:40:Astar_Find_Best_Node_To_Compute	48	static
Astar.c:315:38:Astar_Compute_Surronding_Nodes	40	static
Astar.c:445:38:Astar_Compute_Node	32	static
Astar.c:510:14:Astar_Smoothing	40	static
Astar.c:560:7:Dijkstra_Intersect_Any_Segment	40	static
Astar.c:604:7:Dijkstra_Vector_Length	8	static
Astar.c:630:15:Dijkstra_intersect_segment	72	static
Astar.c:954:6:Astar_Debug_Display_Map	8	static
Astar.c:981:6:Astar_DEBUG_Display_Map_Node_Status	16	static
Astar.c:1041:6:Astar_debug_Display_Node_Status	0	static
Astar.c:1097:6:Astar_DEBUG_Display_Map_Node_Access	16	static
Astar.c:1155:6:Astar_debug_Display_Node_Access	0	static
Astar.c:1196:6:Astar_Debug_Send_String	8	static
Astar.c:1214:6:Astar_Debug_Send_char	0	static
Astar.c:1239:6:Astar_Add_Rectangular_Obstacle	40	static
Astar.c:1285:6:Astar_Add_Obstacle_Vector	16	static
