Astar.h:186:52:Astar_Set_Node_as_Blocked	16	static
Astar.h:193:52:Astar_Set_Node_as_Closed	16	static
Astar.h:199:52:Astar_Set_Node_as_Opened	16	static
Astar.h:239:21:Astar_Compute_H_cost	8	static
Astar.c:32:6:Astar_Map_Init	32	static
Astar.c:79:19:Astar_Get_Map	0	static
Astar.c:94:32:Astar_Get_Vector_Map	0	static
Astar.c:114:39:Astar_Find_Path	136	static
Astar.c:205:6:Astar_Generate_Trajectory	8	static
Astar.c:247:40:Astar_Find_Best_Node_To_Compute	48	static
Astar.c:319:38:Astar_Compute_Surronding_Nodes	40	static
Astar.c:449:38:Astar_Compute_Node	32	static
Astar.c:516:14:Astar_Smoothing	40	static
Astar.c:565:7:Dijkstra_Intersect_Any_Segment	32	static
Astar.c:616:7:Dijkstra_Vector_Length	8	static
Astar.c:642:15:Dijkstra_intersect_segment	72	static
Astar.c:967:6:Astar_Debug_Display_Map	8	static
Astar.c:994:6:Astar_DEBUG_Display_Map_Node_Status	16	static
Astar.c:1054:6:Astar_debug_Display_Node_Status	8	static
Astar.c:1110:6:Astar_DEBUG_Display_Map_Node_Access	16	static
Astar.c:1168:6:Astar_debug_Display_Node_Access	8	static
Astar.c:1209:6:Astar_Debug_Send_String	16	static
Astar.c:1227:6:Astar_Debug_Send_char	0	static
Astar.c:1250:6:Astar_Add_Rectangular_Obstacle	40	static
Astar.c:1309:6:Astar_Add_Obstacle_Vector	40	static
