Astar.h:196:52:Astar_Set_Node_as_Blocked	16	static
Astar.h:203:52:Astar_Set_Node_as_Closed	16	static
Astar.h:209:52:Astar_Set_Node_as_Opened	16	static
Astar.h:249:21:Astar_Compute_H_cost	8	static
Astar.c:32:6:Astar_Map_Init	32	static
Astar.c:79:19:Astar_Get_Map	0	static
Astar.c:94:32:Astar_Get_Vector_Map	0	static
Astar.c:114:39:Astar_Find_Path	136	static
Astar.c:205:6:Astar_Generate_Trajectory	8	static
Astar.c:247:40:Astar_Find_Best_Node_To_Compute	48	static
Astar.c:319:38:Astar_Compute_Surronding_Nodes	40	static
Astar.c:449:38:Astar_Compute_Node	32	static
Astar.c:514:14:Astar_Smoothing	32	static
Astar.c:564:7:Dijkstra_Intersect_Any_Segment	32	static
Astar.c:608:7:Dijkstra_Vector_Length	8	static
Astar.c:634:15:Dijkstra_intersect_segment	72	static
Astar.c:959:6:Astar_Debug_Display_Map	8	static
Astar.c:986:6:Astar_DEBUG_Display_Map_Node_Status	16	static
Astar.c:1046:6:Astar_debug_Display_Node_Status	8	static
Astar.c:1102:6:Astar_DEBUG_Display_Map_Node_Access	16	static
Astar.c:1160:6:Astar_debug_Display_Node_Access	8	static
Astar.c:1201:6:Astar_Debug_Send_String	16	static
Astar.c:1219:6:Astar_Debug_Send_char	0	static
Astar.c:1242:6:Astar_Add_Rectangular_Obstacle	40	static
Astar.c:1301:6:Astar_Add_Obstacle_Vector	40	static
