Astar.h:194:52:Astar_Set_Node_as_Blocked	16	static
Astar.h:201:52:Astar_Set_Node_as_Closed	16	static
Astar.h:207:52:Astar_Set_Node_as_Opened	16	static
Astar.h:247:21:Astar_Compute_H_cost	8	static
Astar.c:32:6:Astar_Map_Init	32	static
Astar.c:79:19:Astar_Get_Map	0	static
Astar.c:94:32:Astar_Get_Vector_Map	0	static
Astar.c:114:39:Astar_Find_Path	56	static
Astar.c:183:7:Astar_Generate_Trajectory	24	static
Astar.c:231:40:Astar_Find_Best_Node_To_Compute	48	static
Astar.c:303:38:Astar_Compute_Surronding_Nodes	40	static
Astar.c:433:38:Astar_Compute_Node	32	static
Astar.c:498:14:Astar_Smoothing	40	static
Astar.c:541:7:Dijkstra_Intersect_Any_Segment	40	static
Astar.c:600:15:Dijkstra_intersect_segment	72	static
Astar.c:924:6:Astar_Debug_Display_Map	8	static
Astar.c:951:6:Astar_DEBUG_Display_Map_Node_Status	16	static
Astar.c:1011:6:Astar_debug_Display_Node_Status	0	static
Astar.c:1067:6:Astar_DEBUG_Display_Map_Node_Access	16	static
Astar.c:1125:6:Astar_debug_Display_Node_Access	0	static
Astar.c:1166:6:Astar_Debug_Send_String	8	static
Astar.c:1184:6:Astar_Debug_Send_char	0	static
Astar.c:1209:6:Astar_Add_Rectangular_Obstacle	40	static
Astar.c:1255:6:Astar_Add_Obstacle_Vector	16	static
