core_cm3.h:1335:22:NVIC_DisableIRQ	16	static
core_cm3.h:1375:22:NVIC_ClearPendingIRQ	16	static
core_cm3.h:1405:22:NVIC_SetPriority	16	static
uart_13xx.h:300:20:Chip_UART_TXEnable	16	static
uart_13xx.h:323:20:Chip_UART_SendByte	16	static
uart_13xx.h:351:20:Chip_UART_IntEnable	16	static
uart_13xx.h:366:20:Chip_UART_IntDisable	16	static
uart_13xx.h:404:20:Chip_UART_SetupFIFOS	16	static
uart_13xx.h:419:20:Chip_UART_ConfigData	16	static
uart_13xx.h:506:24:Chip_UART_ReadLineStatus	16	static
gpio_13xx_1.h:85:20:Chip_GPIO_WritePortBit	24	static
0_Communication.c:52:6:_0_Communication_Init	16	static
0_Communication.c:79:6:_0_Communication_Init_RS485	8	static
0_Communication.c:123:6:UART_IRQHandler	16	static
0_Communication.c:173:6:_0_Communication_Send_Data	16	static
0_Communication.c:215:38:_0_Communication_Send_RS485	32	static
0_Communication.c:248:6:_0_Communication_Wait_Sending_Clearance	16	static
0_Communication.c:267:6:_0_Communication_Give_Sending_Clearance	8	static
