0_Communication.c:221:38:_0_Communication_Send_RS485	32	static
0_Communication.c:251:6:_0_Communication_Wait_Sending_Clearance	16	static
0_Communication.c:270:6:_0_Communication_Give_Sending_Clearance	0	static
uart_13xx.h:323:20:Chip_UART_SendByte	0	static
uart_13xx.h:506:24:Chip_UART_ReadLineStatus	0	static
0_Communication.c:79:6:_0_Communication_Init_RS485	16	static
0_Communication.c:52:6:_0_Communication_Init	24	static
0_Communication.c:124:6:UART_IRQHandler	16	static
0_Communication.c:174:6:_0_Communication_Send_Data	8	static
