1_Trame_Communication.c:197:44:_1_Communication_Create_Trame_From_Buffer	40	static
1_Trame_Communication.c:382:12:_1_Communication_Check_Rx_Adresse	8	static
1_Trame_Communication.c:404:12:_1_Communication_Check_Priority_Messages	0	static
1_Trame_Communication.c:419:6:_1_Communication_Recomposition_Rx	32	static
1_Trame_Communication.c:55:6:_1_Communication_Create_Queues_Semaphores	8	static
1_Trame_Communication.c:37:6:_1_Communication_Init	16	static
1_Trame_Communication.c:72:12:_1_Communication_Wait_To_Receive	16	static
1_Trame_Communication.c:99:6:_1_Communication_Free_Receive_Bit	8	static
1_Trame_Communication.c:118:31:_1_Communication_Create_Message	8	static
1_Trame_Communication.c:167:12:_1_Communication_Create_Trame	8	static
