1_Trame_Communication.c:245:44:_1_Communication_Create_Trame_From_Buffer	40	static
1_Trame_Communication.c:430:12:_1_Communication_Check_Rx_Adresse	8	static
1_Trame_Communication.c:452:12:_1_Communication_Check_Priority_Messages	0	static
1_Trame_Communication.c:467:6:_1_Communication_Recomposition_Rx	32	static
1_Trame_Communication.c:55:6:_1_Communication_Create_Queues_Semaphores	0	static
1_Trame_Communication.c:37:6:_1_Communication_Init	16	static
1_Trame_Communication.c:73:12:_1_Communication_Wait_To_Send	16	static
1_Trame_Communication.c:100:6:_1_Communication_Free_Send_Bit	0	static
1_Trame_Communication.c:117:12:_1_Communication_Wait_To_Receive	16	static
1_Trame_Communication.c:144:6:_1_Communication_Free_Receive_Bit	0	static
1_Trame_Communication.c:163:31:_1_Communication_Create_Message	12	static
1_Trame_Communication.c:212:12:_1_Communication_Create_Trame	8	static
