trcSnapshotRecorder.c:236:6:vTraceEnable	16	static
trcSnapshotRecorder.c:275:6:vTraceSetStopHook	16	static
trcSnapshotRecorder.c:286:6:vTraceClear	24	static
trcSnapshotRecorder.c:317:10:uiTraceStart	32	static
trcSnapshotRecorder.c:367:6:vTraceStart	8	static
trcSnapshotRecorder.c:378:6:vTraceStop	8	static
trcSnapshotRecorder.c:395:5:xTraceIsRecordingEnabled	4	static
trcSnapshotRecorder.c:413:13:xTraceGetLastError	4	static
trcSnapshotRecorder.c:426:6:vTraceClearError	4	static
trcSnapshotRecorder.c:443:7:xTraceGetTraceBuffer	4	static
trcSnapshotRecorder.c:455:10:uiTraceGetTraceBufferSize	4	static
trcSnapshotRecorder.c:465:13:prvTraceTaskInstanceFinish	40	static
trcSnapshotRecorder.c:513:6:vTraceInstanceFinishedNext	8	static
trcSnapshotRecorder.c:542:6:vTraceInstanceFinishedNow	8	static
trcSnapshotRecorder.c:571:14:xTraceSetISRProperties	16	static
trcSnapshotRecorder.c:604:6:vTraceStoreISRBegin	40	static
trcSnapshotRecorder.c:683:6:vTraceStoreISREnd	48	static
trcSnapshotRecorder.c:774:16:writeInt8	16	static
trcSnapshotRecorder.c:795:16:writeInt16	16	static
trcSnapshotRecorder.c:823:16:writeInt32	24	static
trcSnapshotRecorder.c:919:16:prvTraceUserEventFormat	32	static
trcSnapshotRecorder.c:1332:6:vTracePrintF	28	static
trcSnapshotRecorder.c:1343:6:vTracePrintF_Helper	88	static
trcSnapshotRecorder.c:1468:6:vTracePrint	40	static
trcSnapshotRecorder.c:1524:13:xTraceRegisterString	16	static
trcSnapshotRecorder.c:1535:6:prvTraceSetReadyEventsEnabled	16	static
trcSnapshotRecorder.c:1545:6:prvTraceStoreTaskReady	40	static
trcSnapshotRecorder.c:1609:6:prvTraceStoreLowPower	40	static
trcSnapshotRecorder.c:1659:6:vTraceStoreMemMangEvent	64	static
trcSnapshotRecorder.c:1736:6:prvTraceStoreKernelCall	48	static
trcSnapshotRecorder.c:1794:6:prvTraceStoreKernelCallWithParam	48	static
trcSnapshotRecorder.c:1854:17:prvTraceGetParam	24	static
trcSnapshotRecorder.c:1888:6:prvTraceStoreKernelCallWithNumericParamOnly	48	static
trcSnapshotRecorder.c:1938:6:prvTraceStoreTaskswitch	40	static
trcSnapshotRecorder.c:1998:6:prvTraceStoreObjectNameOnCloseEvent	40	static
trcSnapshotRecorder.c:2028:6:prvTraceStoreObjectPropertiesOnCloseEvent	32	static
trcSnapshotRecorder.c:2058:6:prvTraceSetPriorityProperty	24	static
trcSnapshotRecorder.c:2068:9:prvTraceGetPriorityProperty	24	static
trcSnapshotRecorder.c:2078:6:prvTraceSetObjectState	24	static
trcSnapshotRecorder.c:2088:9:prvTraceGetObjectState	24	static
trcSnapshotRecorder.c:2098:6:prvTraceSetTaskInstanceFinished	24	static
trcSnapshotRecorder.c:2143:6:prvTraceInitTraceData	8	static
trcSnapshotRecorder.c:2265:7:prvTraceNextFreeEventBufferSlot	8	static
trcSnapshotRecorder.c:2282:10:uiIndexOfObject	16	static
trcSnapshotRecorder.c:2300:13:prvTraceGetObjectHandle	40	static
trcSnapshotRecorder.c:2352:6:prvTraceFreeObjectHandle	24	static
trcSnapshotRecorder.c:2383:6:prvMarkObjectAsUsed	24	static
trcSnapshotRecorder.c:2394:13:prvStrncpy	32	static
trcSnapshotRecorder.c:2411:6:prvTraceSetObjectName	16	static
trcSnapshotRecorder.c:2449:13:prvTraceOpenSymbol	40	static
trcSnapshotRecorder.c:2488:6:vTraceSetFrequency	16	static
trcSnapshotRecorder.c:2509:6:prvTraceError	16	static
trcSnapshotRecorder.c:2529:6:vTraceSetFilterMask	16	static
trcSnapshotRecorder.c:2534:6:vTraceSetFilterGroup	16	static
trcSnapshotRecorder.c:2600:6:prvTraceUpdateCounters	8	static
trcSnapshotRecorder.c:2636:10:prvTraceGetDTS	32	static
trcSnapshotRecorder.c:2754:13:prvTraceLookupSymbolTableEntry	24	static
trcSnapshotRecorder.c:2797:10:prvTraceCreateSymbolTableEntry	24	static
trcSnapshotRecorder.c:2858:6:prvTraceGetChecksum	40	static
trcSnapshotRecorder.c:2930:6:prvTraceInitCortexM	8	static
trcSnapshotRecorder.c:2995:6:prvTracePortGetTimeStamp	32	static
