0_Communication.c:85:6:_0_Communication_Init	24	static
0_Communication.c:122:6:_0_Communication_Init_USB	0	static
0_Communication.c:146:6:_0_Communication_Init_RS485	16	static
0_Communication.c:196:6:_0_Communication_Init_XBEE	16	static
0_Communication.c:237:6:UART1_IRQHandler	16	static
0_Communication.c:292:6:UART2_IRQHandler	16	static
0_Communication.c:340:6:USB_IRQHandler	8	static
0_Communication.c:403:6:_0_Communication_Send_Data	16	static
0_Communication.c:476:38:_0_Communication_Send_RS485	40	static
0_Communication.c:505:38:_0_Communication_Send_XBEE	40	static
0_Communication.c:534:6:_0_Communication_Send_USB	8	static
uart_17xx_40xx.h:309:20:Chip_UART_SendByte	0	static
uart_17xx_40xx.h:492:24:Chip_UART_ReadLineStatus	0	static
