0_Communication.c:85:6:_0_Communication_Init	24	static
0_Communication.c:122:6:_0_Communication_Init_USB	0	static
0_Communication.c:146:6:_0_Communication_Init_RS485	16	static
0_Communication.c:196:6:_0_Communication_Init_XBEE	16	static
0_Communication.c:237:6:UART1_IRQHandler	16	static
0_Communication.c:286:6:UART2_IRQHandler	16	static
0_Communication.c:334:6:USB_IRQHandler	0	static
0_Communication.c:390:6:_0_Communication_Send_Data	8	static
0_Communication.c:464:38:_0_Communication_Send_RS485	32	static
0_Communication.c:485:38:_0_Communication_Send_XBEE	32	static
0_Communication.c:510:6:_0_Communication_Send_USB	8	static
uart_17xx_40xx.h:309:20:Chip_UART_SendByte	0	static
uart_17xx_40xx.h:492:24:Chip_UART_ReadLineStatus	0	static
