1_Trame_Communication.c:38:6:_1_Communication_Init	16	static
1_Trame_Communication.c:60:6:_1_Communication_Create_Queues_Semaphores	8	static
1_Trame_Communication.c:78:12:_1_Communication_Wait_To_Send	16	static
1_Trame_Communication.c:105:6:_1_Communication_Free_Send_Bit	8	static
1_Trame_Communication.c:122:12:_1_Communication_Wait_To_Receive	16	static
1_Trame_Communication.c:149:6:_1_Communication_Free_Receive_Bit	8	static
1_Trame_Communication.c:169:31:_1_Communication_Create_Message	8	static
1_Trame_Communication.c:233:12:_1_Communication_Create_Trame	32	static
1_Trame_Communication.c:304:7:_1_Communication_WAIT_ACK	24	static
1_Trame_Communication.c:360:6:_1_Communication_CLEAR_ACK	8	static
1_Trame_Communication.c:382:44:_1_Communication_Create_Trame_From_Buffer	40	static
1_Trame_Communication.c:569:12:_1_Communication_Check_Rx_Adresse	8	static
1_Trame_Communication.c:592:12:_1_Communication_Check_Priority_Messages	0	static
1_Trame_Communication.c:607:6:_1_Communication_Recomposition_Rx	16	static
