1_Trame_Communication.c:247:44:_1_Communication_Create_Trame_From_Buffer	48	static
1_Trame_Communication.c:476:12:_1_Communication_Check_Rx_Adresse	4	static
1_Trame_Communication.c:509:12:_1_Communication_Check_Priority_Messages	0	static
1_Trame_Communication.c:524:6:_1_Communication_Recomposition_Rx	32	static
1_Trame_Communication.c:61:6:_1_Communication_Create_Queues_Semaphores	8	static
1_Trame_Communication.c:39:6:_1_Communication_Init	16	static
1_Trame_Communication.c:84:12:_1_Communication_Wait_To_Send	16	static
1_Trame_Communication.c:111:6:_1_Communication_Free_Send_Bit	0	static
1_Trame_Communication.c:128:12:_1_Communication_Wait_To_Receive	16	static
1_Trame_Communication.c:155:6:_1_Communication_Free_Receive_Bit	0	static
1_Trame_Communication.c:174:12:_1_Communication_Create_Trame	16	static
