1_Trame_Communication.c:39:6:_1_Communication_Init	16	static
1_Trame_Communication.c:58:6:_1_Communication_Create_Queues_Semaphores	8	static
1_Trame_Communication.c:76:12:_1_Communication_Wait_To_Send	16	static
1_Trame_Communication.c:105:6:_1_Communication_Free_Send_Bit	8	static
1_Trame_Communication.c:122:12:_1_Communication_Wait_To_Receive	16	static
1_Trame_Communication.c:149:6:_1_Communication_Free_Receive_Bit	8	static
1_Trame_Communication.c:169:31:_1_Communication_Create_Message	8	static
1_Trame_Communication.c:233:12:_1_Communication_Create_Trame	192	static
1_Trame_Communication.c:334:7:_1_Communication_WAIT_ACK	24	static
1_Trame_Communication.c:390:6:_1_Communication_CLEAR_ACK	8	static
1_Trame_Communication.c:412:44:_1_Communication_Create_Trame_From_Buffer	40	static
1_Trame_Communication.c:599:12:_1_Communication_Check_Rx_Adresse	8	static
1_Trame_Communication.c:637:12:_1_Communication_Check_Priority_Messages	0	static
1_Trame_Communication.c:652:6:_1_Communication_Recomposition_Rx	16	static
