2_Echange_Datas.c:35:6:_2_Communication_Init	8	static
2_Echange_Datas.c:51:6:_2_Comm_Send_Destination_Robot	136	static
2_Echange_Datas.c:137:6:_2_Comm_Send_Destination_Spline_CubiqueRobot	80	static
2_Echange_Datas.c:181:6:_2_Comm_Send_Demande_Info	16	static
2_Echange_Datas.c:203:6:_2_Comm_Send_PING	32	static
2_Echange_Datas.c:245:6:_2_Comm_Send_PONG	24	static
2_Echange_Datas.c:279:6:_2_Comm_Send_Communication_Status	8	static
2_Echange_Datas.c:310:6:_2_Comm_Send_Log_Message	96	static
2_Echange_Datas.c:384:6:_2_Communication_Boards_Status	40	static
2_Echange_Datas.c:465:6:_2_Comm_Check_Presence_Cartes	16	static
2_Echange_Datas.c:505:6:_2_Comm_Send_Servos_Destinations	24	static
2_Echange_Datas.c:536:6:_2_Comm_Robot_ID	24	static
2_Echange_Datas.c:569:6:_2_Comm_Demande_Simulation	32	static
2_Echange_Datas.c:615:6:_2_Comm_Demande_Motor_Power	40	static
2_Echange_Datas.c:654:6:_2_Comm_Set_Robot_Position	72	static
2_Echange_Datas.c:712:6:_2_Comm_Send_ASTAR_Contenu	0	static
2_Echange_Datas.c:769:6:_2_Comm_Send_ASTAR_Vectors	112	static
2_Echange_Datas.c:853:6:_2_Comm_Send_Robot_Speed	96	static
2_Echange_Datas.c:904:6:_2_Comm_Send_Infos	24	static
2_Echange_Datas.c:936:6:_2_Comm_Send_Info_Carte_IA	40	static
2_Echange_Datas.c:995:6:_2_Comm_Send_Robot_PID	48	static
2_Echange_Datas.c:1038:6:_2_Comm_Envoi_Position_Autre_Robot	56	static
