2_Echange_Datas.c:26:6:_2_Communication_Init	8	static
2_Echange_Datas.c:42:6:_2_Comm_Send_Destination_Robot	80	static
2_Echange_Datas.c:91:6:_2_Comm_Send_Demande_Info	16	static
2_Echange_Datas.c:120:6:_2_Comm_Send_PING	16	static
2_Echange_Datas.c:153:6:_2_Comm_Send_PONG	24	static
2_Echange_Datas.c:187:6:_2_Comm_Send_Communication_Status	8	static
2_Echange_Datas.c:215:6:_2_Comm_Send_Robot_Position	16	static
2_Echange_Datas.c:261:6:_2_Comm_Send_Log_Message	24	static
2_Echange_Datas.c:334:6:_2_Communication_Boards_Status	24	static
2_Echange_Datas.c:388:6:_2_Comm_Send_Servos_Destinations	16	static
2_Echange_Datas.c:418:6:_2_Comm_Robot_ID	16	static
2_Echange_Datas.c:450:6:_2_Comm_Demande_Simulation	24	static
2_Echange_Datas.c:485:6:_2_Comm_Demande_Motor_Power	24	static
2_Echange_Datas.c:523:6:_2_Comm_Set_Robot_Position	72	static
2_Echange_Datas.c:566:31:_2_Comm_Envoi_Fin_Communication	8	static
2_Echange_Datas.c:591:6:_2_Comm_Send_ASTAR_Contenu	88	static
2_Echange_Datas.c:642:6:_2_Comm_Send_ASTAR_Vectors	104	static
2_Echange_Datas.c:719:6:_2_Comm_Send_Robot_Speed	32	static
