2_Echange_Datas.c:35:6:_2_Communication_Init	8	static
2_Echange_Datas.c:51:6:_2_Comm_Send_Destination_Robot	136	static
2_Echange_Datas.c:142:6:_2_Comm_Send_Destination_Spline_CubiqueRobot	88	static
2_Echange_Datas.c:187:6:_2_Comm_Send_Demande_Info	16	static
2_Echange_Datas.c:209:6:_2_Comm_Send_PING	32	static
2_Echange_Datas.c:251:6:_2_Comm_Send_PONG	32	static
2_Echange_Datas.c:286:6:_2_Comm_Send_Communication_Status	16	static
2_Echange_Datas.c:318:6:_2_Comm_Send_Log_Message	112	static
2_Echange_Datas.c:392:6:_2_Communication_Boards_Status	32	static
2_Echange_Datas.c:475:6:_2_Comm_Check_Presence_Cartes	16	static
2_Echange_Datas.c:515:6:_2_Comm_Send_Servos_Destinations	24	static
2_Echange_Datas.c:546:6:_2_Comm_Robot_ID	24	static
2_Echange_Datas.c:579:6:_2_Comm_Demande_Simulation	32	static
2_Echange_Datas.c:625:6:_2_Comm_Demande_Motor_Power	40	static
2_Echange_Datas.c:664:6:_2_Comm_Set_Robot_Position	80	static
2_Echange_Datas.c:723:6:_2_Comm_Send_ASTAR_Contenu	0	static
2_Echange_Datas.c:780:6:_2_Comm_Send_ASTAR_Vectors	112	static
2_Echange_Datas.c:866:6:_2_Comm_Send_Robot_Speed	104	static
2_Echange_Datas.c:918:6:_2_Comm_Send_Infos	24	static
2_Echange_Datas.c:950:6:_2_Comm_Send_Info_Carte_IA	40	static
2_Echange_Datas.c:1009:6:_2_Comm_Send_Robot_PID	48	static
2_Echange_Datas.c:1052:6:_2_Comm_Envoi_Position_Autre_Robot	40	static
