2_Echange_Datas.c:25:6:_2_Communication_Init	0	static
2_Echange_Datas.c:41:6:_2_Comm_Send_Destination_Robot	72	static
2_Echange_Datas.c:90:6:_2_Comm_Send_Demande_Info	16	static
2_Echange_Datas.c:119:6:_2_Comm_Send_PING	16	static
2_Echange_Datas.c:152:6:_2_Comm_Send_PONG	24	static
2_Echange_Datas.c:186:6:_2_Comm_Send_Communication_Status	8	static
2_Echange_Datas.c:214:6:_2_Comm_Send_Robot_Position	16	static
2_Echange_Datas.c:260:6:_2_Comm_Send_Log_Message	32	static
2_Echange_Datas.c:333:6:_2_Communication_Boards_Status	24	static
2_Echange_Datas.c:387:6:_2_Comm_Send_Servos_Destinations	16	static
2_Echange_Datas.c:417:6:_2_Comm_Robot_ID	16	static
2_Echange_Datas.c:449:6:_2_Comm_Demande_Simulation	24	static
2_Echange_Datas.c:484:6:_2_Comm_Demande_Motor_Power	24	static
2_Echange_Datas.c:522:6:_2_Comm_Set_Robot_Position	72	static
2_Echange_Datas.c:565:31:_2_Comm_Envoi_Fin_Communication	0	static
2_Echange_Datas.c:579:6:_2_Comm_Send_ASTAR_Contenu	96	static
