2_Echange_Datas.c:28:6:_2_Communication_Init	8	static
2_Echange_Datas.c:44:6:_2_Comm_Send_Destination_Robot	88	static
2_Echange_Datas.c:97:6:_2_Comm_Send_Demande_Info	16	static
2_Echange_Datas.c:127:6:_2_Comm_Send_PING	32	static
2_Echange_Datas.c:169:6:_2_Comm_Send_PONG	24	static
2_Echange_Datas.c:203:6:_2_Comm_Send_Communication_Status	8	static
2_Echange_Datas.c:235:6:_2_Comm_Send_Log_Message	32	static
2_Echange_Datas.c:307:6:_2_Communication_Boards_Status	24	static
2_Echange_Datas.c:377:6:_2_Comm_Check_Presence_Cartes	16	static
2_Echange_Datas.c:417:6:_2_Comm_Send_Servos_Destinations	24	static
2_Echange_Datas.c:448:6:_2_Comm_Robot_ID	24	static
2_Echange_Datas.c:481:6:_2_Comm_Demande_Simulation	32	static
2_Echange_Datas.c:517:6:_2_Comm_Demande_Motor_Power	40	static
2_Echange_Datas.c:556:6:_2_Comm_Set_Robot_Position	72	static
2_Echange_Datas.c:604:6:_2_Comm_Send_ASTAR_Contenu	96	static
2_Echange_Datas.c:657:6:_2_Comm_Send_ASTAR_Vectors	112	static
2_Echange_Datas.c:737:6:_2_Comm_Send_Robot_Speed	40	static
2_Echange_Datas.c:787:6:_2_Comm_Send_Info_Carte_IA	40	static
2_Echange_Datas.c:841:6:_2_Comm_Send_Robot_PID	48	static
