2_Echange_Datas.c:36:6:_2_Communication_Init	8	static
2_Echange_Datas.c:52:6:_2_Comm_Send_Destination_Robot	136	static
2_Echange_Datas.c:143:6:_2_Comm_Send_Destination_Spline_CubiqueRobot	88	static
2_Echange_Datas.c:188:6:_2_Comm_Send_Demande_Info	16	static
2_Echange_Datas.c:213:6:_2_Comm_Send_PING	32	static
2_Echange_Datas.c:258:6:_2_Comm_Send_PONG	32	static
2_Echange_Datas.c:293:6:_2_Comm_Send_Communication_Status	16	static
2_Echange_Datas.c:325:6:_2_Comm_Send_Log_Message	112	static
2_Echange_Datas.c:399:6:_2_Communication_Boards_Status	32	static
2_Echange_Datas.c:482:6:_2_Comm_Check_Presence_Cartes	16	static
2_Echange_Datas.c:525:6:_2_Comm_Send_Servos_Destinations	24	static
2_Echange_Datas.c:556:6:_2_Comm_Robot_ID	24	static
2_Echange_Datas.c:589:6:_2_Comm_Demande_Simulation	32	static
2_Echange_Datas.c:635:6:_2_Comm_Demande_Motor_Power	40	static
2_Echange_Datas.c:674:6:_2_Comm_Set_Robot_Position	80	static
2_Echange_Datas.c:733:6:_2_Comm_Send_ASTAR_Contenu	0	static
2_Echange_Datas.c:791:6:_2_Comm_Send_ASTAR_Vectors	144	static
2_Echange_Datas.c:934:6:_2_Comm_Send_Robot_Speed	104	static
2_Echange_Datas.c:986:6:_2_Comm_Send_Infos	24	static
2_Echange_Datas.c:1018:6:_2_Comm_Send_Info_Carte_IA	40	static
2_Echange_Datas.c:1077:6:_2_Comm_Send_Robot_PID	48	static
2_Echange_Datas.c:1120:6:_2_Comm_Envoi_Position_Autre_Robot	40	static
