2_Echange_Datas.c:28:6:_2_Communication_Init	8	static
2_Echange_Datas.c:44:6:_2_Comm_Send_Destination_Robot	80	static
2_Echange_Datas.c:97:6:_2_Comm_Send_Demande_Info	24	static
2_Echange_Datas.c:127:6:_2_Comm_Send_PING	32	static
2_Echange_Datas.c:169:6:_2_Comm_Send_PONG	24	static
2_Echange_Datas.c:203:6:_2_Comm_Send_Communication_Status	8	static
2_Echange_Datas.c:231:6:_2_Comm_Send_Robot_Position	24	static
2_Echange_Datas.c:276:6:_2_Comm_Send_Log_Message	32	static
2_Echange_Datas.c:348:6:_2_Communication_Boards_Status	24	static
2_Echange_Datas.c:412:6:_2_Comm_Check_Presence_Cartes	16	static
2_Echange_Datas.c:439:6:_2_Comm_Send_Servos_Destinations	24	static
2_Echange_Datas.c:470:6:_2_Comm_Robot_ID	24	static
2_Echange_Datas.c:503:6:_2_Comm_Demande_Simulation	32	static
2_Echange_Datas.c:539:6:_2_Comm_Demande_Motor_Power	40	static
2_Echange_Datas.c:578:6:_2_Comm_Set_Robot_Position	72	static
2_Echange_Datas.c:622:31:_2_Comm_Envoi_Fin_Communication	8	static
2_Echange_Datas.c:647:6:_2_Comm_Send_ASTAR_Contenu	96	static
2_Echange_Datas.c:700:6:_2_Comm_Send_ASTAR_Vectors	112	static
2_Echange_Datas.c:780:6:_2_Comm_Send_Robot_Speed	40	static
2_Echange_Datas.c:830:6:_2_Comm_Send_Info_Carte_IA	40	static
