2_Echange_Datas.c:34:6:_2_Communication_Init	8	static
2_Echange_Datas.c:50:6:_2_Comm_Send_Destination_Robot	136	static
2_Echange_Datas.c:136:6:_2_Comm_Send_Destination_Spline_CubiqueRobot	80	static
2_Echange_Datas.c:180:6:_2_Comm_Send_Demande_Info	16	static
2_Echange_Datas.c:210:6:_2_Comm_Send_PING	32	static
2_Echange_Datas.c:252:6:_2_Comm_Send_PONG	24	static
2_Echange_Datas.c:286:6:_2_Comm_Send_Communication_Status	8	static
2_Echange_Datas.c:317:6:_2_Comm_Send_Log_Message	96	static
2_Echange_Datas.c:391:6:_2_Communication_Boards_Status	24	static
2_Echange_Datas.c:461:6:_2_Comm_Check_Presence_Cartes	16	static
2_Echange_Datas.c:501:6:_2_Comm_Send_Servos_Destinations	24	static
2_Echange_Datas.c:532:6:_2_Comm_Robot_ID	24	static
2_Echange_Datas.c:565:6:_2_Comm_Demande_Simulation	32	static
2_Echange_Datas.c:611:6:_2_Comm_Demande_Motor_Power	40	static
2_Echange_Datas.c:650:6:_2_Comm_Set_Robot_Position	72	static
2_Echange_Datas.c:708:6:_2_Comm_Send_ASTAR_Contenu	96	static
2_Echange_Datas.c:761:6:_2_Comm_Send_ASTAR_Vectors	112	static
2_Echange_Datas.c:841:6:_2_Comm_Send_Robot_Speed	40	static
2_Echange_Datas.c:891:6:_2_Comm_Send_Info_Carte_IA	40	static
2_Echange_Datas.c:945:6:_2_Comm_Send_Robot_PID	48	static
