2_Echange_Datas.c:28:6:_2_Communication_Init	8	static
2_Echange_Datas.c:44:6:_2_Comm_Send_Destination_Robot	80	static
2_Echange_Datas.c:93:6:_2_Comm_Send_Demande_Info	16	static
2_Echange_Datas.c:122:6:_2_Comm_Send_PING	16	static
2_Echange_Datas.c:155:6:_2_Comm_Send_PONG	24	static
2_Echange_Datas.c:189:6:_2_Comm_Send_Communication_Status	8	static
2_Echange_Datas.c:217:6:_2_Comm_Send_Robot_Position	16	static
2_Echange_Datas.c:263:6:_2_Comm_Send_Log_Message	24	static
2_Echange_Datas.c:336:6:_2_Communication_Boards_Status	24	static
2_Echange_Datas.c:394:6:_2_Comm_Send_Servos_Destinations	16	static
2_Echange_Datas.c:424:6:_2_Comm_Robot_ID	16	static
2_Echange_Datas.c:456:6:_2_Comm_Demande_Simulation	24	static
2_Echange_Datas.c:491:6:_2_Comm_Demande_Motor_Power	24	static
2_Echange_Datas.c:529:6:_2_Comm_Set_Robot_Position	72	static
2_Echange_Datas.c:572:31:_2_Comm_Envoi_Fin_Communication	8	static
2_Echange_Datas.c:597:6:_2_Comm_Send_ASTAR_Contenu	88	static
2_Echange_Datas.c:648:6:_2_Comm_Send_ASTAR_Vectors	104	static
2_Echange_Datas.c:725:6:_2_Comm_Send_Robot_Speed	32	static
2_Echange_Datas.c:774:6:_2_Comm_Send_Info_Carte_IA	24	static
