1_Trame_Communication.c:248:44:_1_Communication_Create_Trame_From_Buffer	48	static
1_Trame_Communication.c:477:12:_1_Communication_Check_Rx_Adresse	4	static
1_Trame_Communication.c:510:12:_1_Communication_Check_Priority_Messages	0	static
1_Trame_Communication.c:525:6:_1_Communication_Recomposition_Rx	32	static
1_Trame_Communication.c:62:6:_1_Communication_Create_Queues_Semaphores	8	static
1_Trame_Communication.c:40:6:_1_Communication_Init	16	static
1_Trame_Communication.c:85:12:_1_Communication_Wait_To_Send	16	static
1_Trame_Communication.c:112:6:_1_Communication_Free_Send_Bit	0	static
1_Trame_Communication.c:129:12:_1_Communication_Wait_To_Receive	16	static
1_Trame_Communication.c:156:6:_1_Communication_Free_Receive_Bit	0	static
1_Trame_Communication.c:175:12:_1_Communication_Create_Trame	16	static
