0_Deplacements.c:34:6:_0_Deplacement_Init	8	static
0_Deplacements.c:52:30:_0_Deplacement_Get_ptr_Current_Destination	0	static
0_Deplacements.c:67:6:_0_Deplacement_Get_Simulation	8	static
0_Deplacements.c:92:6:_0_Deplacement_Wait_For_Arrival	80	static
0_Deplacements.c:143:7:Distance_To_Destination	16	static
0_Deplacements.c:155:7:Distance_Two_Points	8	static
0_Deplacements.c:182:6:_0_Deplacement_Tourne_Avance	152	static
0_Deplacements.c:266:6:_0_Deplacement_Tourne_Avance_ASTAR	168	static
0_Deplacements.c:355:6:_0_Deplacement_Recalage_Bordure	184	static
0_Deplacements.c:449:6:_0_Deplacement_STOP	64	static
0_Deplacements.c:485:6:_0_Deplacement_ASTAR	344	static
