0_Deplacements.c:35:6:_0_Deplacement_Init	8	static
0_Deplacements.c:53:30:_0_Deplacement_Get_ptr_Current_Destination	0	static
0_Deplacements.c:68:6:_0_Deplacement_Get_Simulation	8	static
0_Deplacements.c:93:6:_0_Deplacement_Wait_For_Arrival	80	static
0_Deplacements.c:144:7:Distance_To_Destination	16	static
0_Deplacements.c:156:7:Distance_Two_Points	8	static
0_Deplacements.c:177:6:_0_Deplacement_Clear_Flags	8	static
0_Deplacements.c:196:6:_0_Deplacement_Check_Bloquage	48	static
0_Deplacements.c:235:6:_0_Deplacement_Tourne_Avance	80	static
0_Deplacements.c:304:6:_0_Deplacement_Tourne_Avance_ASTAR	184	static
0_Deplacements.c:385:6:_0_Deplacement_Recalage_Bordure	192	static
0_Deplacements.c:484:6:_0_Deplacement_Spline_Cubique	168	static
0_Deplacements.c:585:6:_0_Deplacement_STOP	72	static
0_Deplacements.c:621:6:_0_Deplacement_ASTAR	400	static
0_Deplacements.c:803:6:_0_Deplacement_ASTAR_SPLINE	536	static
