queue.c:245:12:xQueueGenericReset	24	static
queue.c:298:15:xQueueGenericCreate	40	static
queue.c:366:16:xQueueCreateMutex	24	static
queue.c:461:13:xQueueGiveMutexRecursive	32	static
queue.c:515:13:xQueueTakeMutexRecursive	32	static
queue.c:583:12:xQueueGenericSend	40	static
queue.c:1015:12:xQueueGenericSendFromISR	40	static
queue.c:1159:12:xQueueGenericReceive	48	static
queue.c:1348:12:xQueueReceiveFromISR	40	static
queue.c:1435:12:xQueuePeekFromISR	32	static
queue.c:1488:13:uxQueueMessagesWaiting	24	static
queue.c:1504:13:uxQueueSpacesAvailable	24	static
queue.c:1522:13:uxQueueMessagesWaitingFromISR	24	static
queue.c:1534:6:vQueueDelete	24	static
queue.c:1584:13:prvCopyDataToQueue	24	static
queue.c:1654:13:prvCopyDataFromQueue	16	static
queue.c:1676:13:prvUnlockQueue	16	static
queue.c:1791:19:prvIsQueueEmpty	24	static
queue.c:1812:12:xQueueIsQueueEmptyFromISR	24	static
queue.c:1830:19:prvIsQueueFull	24	static
queue.c:1851:12:xQueueIsQueueFullFromISR	24	static
queue.c:2146:7:vQueueAddToRegistry	24	static
queue.c:2173:7:vQueueUnregisterQueue	24	static
