tasks.c:497:12:xTaskGenericCreate	48	static
tasks.c:677:6:vTaskDelete	24	static
tasks.c:755:6:vTaskDelayUntil	32	static
tasks.c:852:6:vTaskDelay	24	static
tasks.c:988:13:uxTaskPriorityGet	24	static
tasks.c:1010:6:vTaskPrioritySet	32	static
tasks.c:1174:6:vTaskSuspend	24	static
tasks.c:1259:12:xTaskIsTaskSuspended	24	static
tasks.c:1305:6:vTaskResume	24	static
tasks.c:1359:12:xTaskResumeFromISR	32	static
tasks.c:1426:6:vTaskStartScheduler	32	static
tasks.c:1504:6:vTaskEndScheduler	8	static
tasks.c:1515:6:vTaskSuspendAll	4	static
tasks.c:1553:12:xTaskResumeAll	16	static
tasks.c:1646:12:xTaskGetTickCount	16	static
tasks.c:1661:12:xTaskGetTickCountFromISR	16	static
tasks.c:1690:13:uxTaskGetNumberOfTasks	4	static
tasks.c:1819:12:xTaskIncrementTick	32	static
tasks.c:2083:6:vTaskSwitchContext	16	static
tasks.c:2141:6:vTaskPlaceOnEventList	24	static
tasks.c:2197:6:vTaskPlaceOnUnorderedEventList	32	static
tasks.c:2300:12:xTaskRemoveFromEventList	24	static
tasks.c:2355:12:xTaskRemoveFromUnorderedEventList	24	static
tasks.c:2405:6:vTaskSetTimeOutState	16	static
tasks.c:2413:12:xTaskCheckForTimeOut	24	static
tasks.c:2462:6:vTaskMissedYield	4	static
tasks.c:2517:8:prvIdleTask	16	static
tasks.c:2664:13:prvInitialiseTCBVariables	32	static
tasks.c:2772:13:prvInitialiseTaskLists	16	static
tasks.c:2804:13:prvCheckTasksWaitingTermination	16	static
tasks.c:2843:13:prvAddCurrentTaskToDelayedList	16	static
tasks.c:2873:15:prvAllocateTCBAndStack	24	static
tasks.c:2982:17:prvTaskCheckFreeStackSpace	24	static
tasks.c:3002:13:uxTaskGetStackHighWaterMark	32	static
tasks.c:3030:13:prvDeleteTCB	16	static
tasks.c:3046:13:prvResetNextTaskUnblockTime	16	static
tasks.c:3073:14:xTaskGetCurrentTaskHandle	16	static
tasks.c:3118:6:vTaskPriorityInherit	24	static
tasks.c:3181:6:vTaskPriorityDisinherit	24	static
tasks.c:3493:12:uxTaskResetEventItemValue	16	static
