queue.c:1300:13:prvCopyDataToQueue	16	static
queue.c:1338:13:prvCopyDataFromQueue	16	static
queue.c:1352:13:prvUnlockQueue	8	static
queue.c:236:15:xQueueGenericReset	16	static
queue.c:282:14:xQueueGenericCreate	24	static
queue.c:437:16:xQueueGiveMutexRecursive	16	static
queue.c:530:15:xQueueCreateCountingSemaphore	8	static
queue.c:554:22:xQueueGenericSend	40	static
queue.c:342:15:xQueueCreateMutex	16	static
queue.c:920:22:xQueueGenericSendFromISR	16	static
queue.c:1016:22:xQueueGenericReceive	40	static
queue.c:488:16:xQueueTakeMutexRecursive	16	static
queue.c:1167:22:xQueueReceiveFromISR	16	static
queue.c:1226:24:uxQueueMessagesWaiting	8	static
queue.c:1240:24:uxQueueMessagesWaitingFromISR	0	static
queue.c:1252:6:vQueueDelete	8	static
queue.c:1272:16:ucQueueGetQueueNumber	0	static
queue.c:1282:7:vQueueSetQueueNumber	0	static
queue.c:1292:16:ucQueueGetQueueType	0	static
queue.c:1472:22:xQueueIsQueueEmptyFromISR	0	static
queue.c:1511:22:xQueueIsQueueFullFromISR	0	static
queue.c:1758:7:vQueueAddToRegistry	16	static
