tasks.c:2439:14:prvListTaskWithinSingleList	56	static
tasks.c:2379:13:prvAddCurrentTaskToDelayedList	8	static
tasks.c:494:22:xTaskGenericCreate.part.0	40	static
tasks.c:494:22:xTaskGenericCreate	32	static
tasks.c:660:7:vTaskDelete	16	static
tasks.c:907:25:uxTaskPriorityGet	8	static
tasks.c:929:7:vTaskPrioritySet	24	static
tasks.c:1114:23:xTaskIsTaskSuspended	0	static
tasks.c:1148:7:vTaskResume	16	static
tasks.c:1193:16:xTaskResumeFromISR	16	static
tasks.c:1232:6:vTaskStartScheduler	24	static
tasks.c:1301:6:vTaskEndScheduler	8	static
tasks.c:1312:6:vTaskSuspendAll	0	static
tasks.c:1425:14:xTaskGetTickCount	8	static
tasks.c:1440:14:xTaskGetTickCountFromISR	0	static
tasks.c:1453:24:uxTaskGetNumberOfTasks	0	static
tasks.c:1642:6:vTaskIncrementTick	24	static
tasks.c:1348:22:xTaskResumeAll	24	static
tasks.c:721:7:vTaskDelayUntil	16	static
tasks.c:793:7:vTaskDelay	8	static
tasks.c:2096:8:prvIdleTask	16	static
tasks.c:1478:7:vTaskList	16	static
tasks.c:1803:6:vTaskSwitchContext	16	static
tasks.c:1047:7:vTaskSuspend	24	static
tasks.c:1843:6:vTaskPlaceOnEventList	16	static
tasks.c:1936:22:xTaskRemoveFromEventList	16	static
tasks.c:1987:6:vTaskSetTimeOutState	0	static
tasks.c:1995:15:xTaskCheckForTimeOut	16	static
tasks.c:2041:6:vTaskMissedYield	0	static
tasks.c:2049:25:uxTaskGetTaskNumber	0	static
tasks.c:2072:7:vTaskSetTaskNumber	0	static
tasks.c:2608:14:xTaskGetCurrentTaskHandle	0	static
tasks.c:2653:7:vTaskPriorityInherit	24	static
tasks.c:2695:7:vTaskPriorityDisinherit	16	static
