board.c:140:6:Board_LED_Set.part.0	0	static
board.c:81:6:Set_Clock_in	0	static
board.c:89:6:Board_UART_Init	0	static
board.c:95:6:Board_Debug_Init	0	static
board.c:110:6:Board_UARTPutChar	0	static
board.c:119:5:Board_UARTGetChar	0	static
board.c:130:6:Board_UARTPutSTR	0	static
board.c:140:6:Board_LED_Set	0	static
board.c:149:6:Board_LED_Test	0	static
board.c:160:6:Board_LED_Toggle	0	static
board.c:169:6:Board_Init	8	static
board.c:180:6:Board_ENET_GetMacADDR	16	static
board.c:188:6:Board_SSP_Init	0	static
board.c:246:6:Board_SPI_AssertSSEL	0	static
board.c:252:6:Board_SPI_DeassertSSEL	0	static
board.c:221:6:Board_SPI_Init	8	static
board.c:257:6:Board_Audio_Init	16	static
board.c:271:6:Board_I2C_Init	0	static
board.c:299:6:Board_Buttons_Init	0	static
board.c:304:10:Buttons_GetStatus	0	static
board.c:338:6:Board_Joystick_Init	16	static
board.c:350:9:Joystick_GetStatus	16	static
board.c:364:6:Serial_CreateStream	0	static
board.c:367:6:Board_USBD_Init	0	static
