0_AX12.c:49:6:_0_Init_AX12	16	static
0_AX12.c:106:6:_0_AX_12_POWER	0	static
0_AX12.c:118:38:Rx_Ax_12_Trame	24	static
0_AX12.c:181:38:Tx_Ax_12_Trame	24	static
0_AX12.c:236:38:_0_Communication_Send_AX12	32	static
0_AX12.c:277:6:UART2_IRQHandler	16	static
0_AX12.c:309:38:SET_TX	16	static
0_AX12.c:323:38:SET_RX	16	static
0_AX12.c:338:38:ENABLE_RX_IT	8	static
0_AX12.c:343:38:DISABLE_RX_IT	8	static
core_cm3.h:1323:22:NVIC_EnableIRQ	0	static
core_cm3.h:1335:22:NVIC_DisableIRQ	0	static
iocon_17xx_40xx.h:181:20:Chip_IOCON_PinMux	12	static
gpio_17xx_40xx.h:106:20:Chip_GPIO_WritePortBit	0	static
gpio_17xx_40xx.h:190:20:Chip_GPIO_WriteDirBit	4	static
uart_17xx_40xx.h:309:20:Chip_UART_SendByte	0	static
uart_17xx_40xx.h:492:24:Chip_UART_ReadLineStatus	0	static
