1_AX12.c:33:6:_1_Init_AX12	24	static
1_AX12.c:59:6:_1_AX12_Interpretation_RX	8	static
1_AX12.c:101:6:_1_AX12_Recomposition_Rx	16	static
1_AX12.c:142:6:_1_AX12_WAIT_FOR_ACK	32	static
1_AX12.c:181:38:AX_12_SET_POSITION	96	static
1_AX12.c:211:48:AX_12_READ_Position	96	static
1_AX12.c:233:38:AX_12_DO_RESET	88	static
1_AX12.c:247:38:AX_12_RETURN_DELAY	88	static
1_AX12.c:264:38:AX_12_TORQUE_ENABLE	88	static
1_AX12.c:285:38:AX_12_TORQUE_DISABLE	88	static
1_AX12.c:306:38:AX_12_SET_TORQUE	96	static
1_AX12.c:331:38:AX_12_CHANGE_BAUDRATE	96	static
1_AX12.c:350:38:AX_12_CHANGE_ID	88	static
1_AX12.c:366:38:AX_12_SYNCHRO_ACTION	80	static
1_AX12.c:380:38:AX_12_SET_SPEED	96	static
1_AX12.c:411:37:AX_12_TWO_CHAR_TO_INT	24	static
1_AX12.c:419:47:AX_12_READ_VALUES	96	static
1_AX12.c:470:38:AX_12_LED_ON	88	static
1_AX12.c:486:38:AX_12_LED_OFF	88	static
