1_AX12.c:33:6:_1_Init_AX12	24	static
1_AX12.c:59:6:_1_AX12_Interpretation_RX	8	static
1_AX12.c:101:6:_1_AX12_Recomposition_Rx	16	static
1_AX12.c:145:6:_1_AX12_MOVE_WITH_TIME	24	static
1_AX12.c:180:6:_1_AX12_WAIT_FOR_ACK	32	static
1_AX12.c:220:38:AX_12_SET_POSITION_SPEED_TORQUE	120	static
1_AX12.c:259:38:AX_12_SET_POSITION	96	static
1_AX12.c:289:48:AX_12_READ_Position	96	static
1_AX12.c:311:38:AX_12_DO_RESET	88	static
1_AX12.c:325:38:AX_12_RETURN_DELAY	88	static
1_AX12.c:342:38:AX_12_TORQUE_ENABLE	88	static
1_AX12.c:363:38:AX_12_TORQUE_DISABLE	88	static
1_AX12.c:384:38:AX_12_SET_TORQUE	96	static
1_AX12.c:409:38:AX_12_CHANGE_BAUDRATE	96	static
1_AX12.c:428:38:AX_12_CHANGE_ID	88	static
1_AX12.c:444:38:AX_12_SYNCHRO_ACTION	80	static
1_AX12.c:458:38:AX_12_SET_SPEED	96	static
1_AX12.c:489:37:AX_12_TWO_CHAR_TO_INT	24	static
1_AX12.c:497:47:AX_12_READ_VALUES	96	static
1_AX12.c:548:38:AX_12_LED_ON	88	static
1_AX12.c:564:38:AX_12_LED_OFF	88	static
