core_cm3.h:1323:22:NVIC_EnableIRQ	16	static
core_cm3.h:1335:22:NVIC_DisableIRQ	16	static
core_cm3.h:1375:22:NVIC_ClearPendingIRQ	16	static
core_cm3.h:1405:22:NVIC_SetPriority	16	static
iocon_17xx_40xx.h:181:20:Chip_IOCON_PinMux	32	static
gpio_17xx_40xx.h:88:20:Chip_GPIO_SetPinState	16	static
gpio_17xx_40xx.h:106:20:Chip_GPIO_WritePortBit	24	static
gpio_17xx_40xx.h:144:20:Chip_GPIO_SetPinDIROutput	16	static
gpio_17xx_40xx.h:156:20:Chip_GPIO_SetPinDIRInput	16	static
gpio_17xx_40xx.h:169:20:Chip_GPIO_SetPinDIR	16	static
gpio_17xx_40xx.h:190:20:Chip_GPIO_WriteDirBit	16	static
uart_17xx_40xx.h:309:20:Chip_UART_SendByte	16	static
uart_17xx_40xx.h:337:20:Chip_UART_IntEnable	16	static
uart_17xx_40xx.h:352:20:Chip_UART_IntDisable	16	static
uart_17xx_40xx.h:390:20:Chip_UART_SetupFIFOS	16	static
uart_17xx_40xx.h:405:20:Chip_UART_ConfigData	16	static
uart_17xx_40xx.h:492:24:Chip_UART_ReadLineStatus	16	static
0_AX12.c:49:6:_0_Init_AX12	16	static
0_AX12.c:106:6:_0_AX_12_POWER	16	static
0_AX12.c:118:38:Rx_Ax_12_Trame	24	static
0_AX12.c:181:38:Tx_Ax_12_Trame	24	static
0_AX12.c:236:38:_0_Communication_Send_AX12	32	static
0_AX12.c:277:6:UART2_IRQHandler	24	static
0_AX12.c:309:38:SET_TX	16	static
0_AX12.c:323:38:SET_RX	16	static
0_AX12.c:338:38:ENABLE_RX_IT	8	static
0_AX12.c:343:38:DISABLE_RX_IT	8	static
