clock_13xx.h:453:24:Chip_Clock_GetMainOscRate	4	static
clock_13xx.h:462:24:Chip_Clock_GetIntOscRate	4	static
clock_13xx.c:64:17:Chip_Clock_GetWDTLFORate	24	static
clock_13xx.c:78:17:Chip_Clock_GetPLLFreq	24	static
clock_13xx.c:90:6:Chip_Clock_SetSystemPLLSource	16	static
clock_13xx.c:100:6:Chip_Clock_SetPLLBypass	24	static
clock_13xx.c:115:6:Chip_Clock_SetUSBPLLSource	16	static
clock_13xx.c:125:6:Chip_Clock_SetMainClockSource	16	static
clock_13xx.c:135:6:Chip_Clock_SetUSBClockSource	16	static
clock_13xx.c:158:6:Chip_Clock_SetCLKOUTSource	16	static
clock_13xx.c:169:10:Chip_Clock_GetWDTOSCRate	8	static
clock_13xx.c:175:10:Chip_Clock_GetSystemPLLInClockRate	16	static
clock_13xx.c:196:10:Chip_Clock_GetSystemPLLOutClockRate	16	static
clock_13xx.c:203:10:Chip_Clock_GetUSBPLLInClockRate	16	static
clock_13xx.c:224:10:Chip_Clock_GetUSBPLLOutClockRate	16	static
clock_13xx.c:231:10:Chip_Clock_GetMainClockRate	16	static
clock_13xx.c:257:10:Chip_Clock_GetSystemClockRate	8	static
