i2c_13xx.c:325:6:Chip_I2C_EventHandler	0	static
i2c_13xx.c:174:5:handleMasterXferState	8	static
i2c_13xx.c:243:14:getSlaveIndex	0	static
i2c_13xx.c:260:5:handleSlaveXferState	4	static
i2c_13xx.c:341:6:Chip_I2C_EventHandlerPolling	16	static
i2c_13xx.c:361:6:Chip_I2C_Init	8	static
i2c_13xx.c:370:6:Chip_I2C_DeInit	4	static
i2c_13xx.c:379:6:Chip_I2C_SetClockRate	16	static
i2c_13xx.c:389:10:Chip_I2C_GetClockRate	8	static
i2c_13xx.c:395:5:Chip_I2C_SetMasterEventHandler	0	static
i2c_13xx.c:405:20:Chip_I2C_GetMasterEventHandler	0	static
i2c_13xx.c:411:5:Chip_I2C_MasterTransfer	32	static
i2c_13xx.c:439:5:Chip_I2C_MasterSend	40	static
i2c_13xx.c:452:5:Chip_I2C_MasterCmdRead	56	static
i2c_13xx.c:465:5:Chip_I2C_MasterRead	40	static
i2c_13xx.c:476:5:Chip_I2C_IsMasterActive	0	static
i2c_13xx.c:482:6:Chip_I2C_MasterStateHandler	16	static
i2c_13xx.c:490:6:Chip_I2C_SlaveSetup	16	static
i2c_13xx.c:513:6:Chip_I2C_SlaveStateHandler	24	static
i2c_13xx.c:539:6:Chip_I2C_Disable	0	static
i2c_13xx.c:545:5:Chip_I2C_IsStateChanged	0	static
