sysctl_13xx.h:195:20:Chip_SYSCTL_AssertPeriphReset	16	static
sysctl_13xx.h:205:20:Chip_SYSCTL_DeassertPeriphReset	16	static
sysctl_13xx.h:215:20:Chip_SYSCTL_PeriphReset	16	static
clock_13xx.h:256:20:Chip_Clock_EnablePeriphClock	16	static
clock_13xx.h:266:20:Chip_Clock_DisablePeriphClock	16	static
i2cm_13xx.h:128:20:Chip_I2CM_SetDutyCycle	16	static
i2cm_13xx.h:155:20:Chip_I2CM_SendStart	16	static
i2cm_13xx.h:166:20:Chip_I2CM_ResetControl	16	static
i2cm_13xx.h:182:20:Chip_I2CM_WriteByte	16	static
i2cm_13xx.h:195:23:Chip_I2CM_ReadByte	16	static
i2cm_13xx.h:264:24:Chip_I2CM_StateChanged	16	static
i2cm_13xx.h:275:20:Chip_I2CM_ClearSI	16	static
i2cm_13xx.h:299:24:Chip_I2CM_GetCurState	16	static
i2cm_13xx.c:54:6:Chip_I2CM_Init	16	static
i2cm_13xx.c:64:6:Chip_I2CM_DeInit	16	static
i2cm_13xx.c:71:6:Chip_I2CM_SetBusSpeed	24	static
i2cm_13xx.c:79:10:Chip_I2CM_XferHandler	24	static
i2cm_13xx.c:161:6:Chip_I2CM_Xfer	16	static
i2cm_13xx.c:172:10:Chip_I2CM_XferBlocking	24	static
i2cm_13xx.c:188:10:Chip_I2CM_Write	32	static
i2cm_13xx.c:225:10:Chip_I2CM_Read	40	static
