sysctl_13xx.h:195:20:Chip_SYSCTL_AssertPeriphReset	16	static
sysctl_13xx.h:205:20:Chip_SYSCTL_DeassertPeriphReset	16	static
sysctl_13xx.h:215:20:Chip_SYSCTL_PeriphReset	16	static
clock_13xx.h:256:20:Chip_Clock_EnablePeriphClock	16	static
clock_13xx.h:266:20:Chip_Clock_DisablePeriphClock	16	static
clock_13xx.h:278:20:Chip_Clock_SetSSP0ClockDiv	16	static
clock_13xx.h:288:24:Chip_Clock_GetSSP0ClockDiv	4	static
clock_13xx.h:324:20:Chip_Clock_SetSSP1ClockDiv	16	static
clock_13xx.h:334:24:Chip_Clock_GetSSP1ClockDiv	4	static
ssp_13xx.h:252:20:Chip_SSP_Disable	16	static
ssp_13xx.h:292:26:Chip_SSP_GetStatus	16	static
ssp_13xx.h:319:25:Chip_SSP_GetRawIntStatus	16	static
ssp_13xx.h:330:23:Chip_SSP_GetDataSize	16	static
ssp_13xx.h:344:20:Chip_SSP_ClearIntPending	16	static
ssp_13xx.h:374:24:Chip_SSP_ReceiveFrame	16	static
ssp_13xx.h:385:20:Chip_SSP_SendFrame	16	static
ssp_13xx.h:416:20:Chip_SSP_SetFormat	24	static
ssp_13xx.h:429:20:Chip_SSP_Set_Mode	16	static
ssp_13xx.c:46:13:SSP_Write2BFifo	16	static
ssp_13xx.c:60:13:SSP_Write1BFifo	16	static
ssp_13xx.c:73:13:SSP_Read2BFifo	24	static
ssp_13xx.c:89:13:SSP_Read1BFifo	24	static
ssp_13xx.c:105:28:Chip_SSP_GetClockIndex	24	static
ssp_13xx.c:120:35:Chip_SSP_GetResetIndex	24	static
ssp_13xx.c:135:13:Chip_SSP_SetSSPClkDivider	16	static
ssp_13xx.c:146:17:Chip_SSP_GetPCLKkRate	24	static
ssp_13xx.c:165:6:Chip_SSP_SetClockRate	32	static
ssp_13xx.c:174:10:Chip_SSP_RWFrames_Blocking	16	static
ssp_13xx.c:227:10:Chip_SSP_WriteFrames_Blocking	40	static
ssp_13xx.c:295:10:Chip_SSP_ReadFrames_Blocking	40	static
ssp_13xx.c:363:6:Chip_SSP_Int_FlushData	16	static
ssp_13xx.c:379:8:Chip_SSP_Int_RWFrames8Bits	16	static
ssp_13xx.c:410:8:Chip_SSP_Int_RWFrames16Bits	16	static
ssp_13xx.c:441:6:Chip_SSP_SetMaster	16	static
ssp_13xx.c:452:6:Chip_SSP_SetBitRate	32	static
ssp_13xx.c:477:6:Chip_SSP_Init	16	static
ssp_13xx.c:489:6:Chip_SSP_DeInit	16	static
