ssp_13xx.c:165:6:Chip_SSP_SetClockRate	0	static
ssp_13xx.c:174:10:Chip_SSP_RWFrames_Blocking	12	static
ssp_13xx.c:227:10:Chip_SSP_WriteFrames_Blocking	8	static
ssp_13xx.c:295:10:Chip_SSP_ReadFrames_Blocking	16	static
ssp_13xx.c:363:6:Chip_SSP_Int_FlushData	0	static
ssp_13xx.c:379:8:Chip_SSP_Int_RWFrames8Bits	8	static
ssp_13xx.c:410:8:Chip_SSP_Int_RWFrames16Bits	16	static
ssp_13xx.c:441:6:Chip_SSP_SetMaster	0	static
ssp_13xx.c:452:6:Chip_SSP_SetBitRate	24	static
ssp_13xx.c:477:6:Chip_SSP_Init	12	static
ssp_13xx.c:489:6:Chip_SSP_DeInit	0	static
