timer_13xx.h:159:20:Chip_TIMER_Enable	16	static
timer_13xx.h:181:24:Chip_TIMER_ReadCount	16	static
timer_13xx.h:204:20:Chip_TIMER_PrescaleSet	16	static
stopwatch_13xx.c:57:6:StopWatch_Init	16	static
stopwatch_13xx.c:74:10:StopWatch_Start	8	static
stopwatch_13xx.c:81:10:StopWatch_TicksPerSecond	4	static
stopwatch_13xx.c:87:10:StopWatch_TicksToMs	16	static
stopwatch_13xx.c:93:10:StopWatch_TicksToUs	16	static
stopwatch_13xx.c:99:10:StopWatch_MsToTicks	16	static
stopwatch_13xx.c:105:10:StopWatch_UsToTicks	16	static
