queue.c:2049:21:prvGetDisinheritPriorityAfterTimeout	0	static
queue.c:2331:19:prvIsQueueFull	8	static
queue.c:2291:19:prvIsQueueEmpty	8	static
queue.c:2074:19:prvCopyDataToQueue	16	static
queue.c:2153:13:prvCopyDataFromQueue	8	static
queue.c:2171:13:prvUnlockQueue	16	static
queue.c:255:12:xQueueGenericReset	16	static
queue.c:422:13:prvInitialiseNewQueue	16	static
queue.c:368:16:xQueueGenericCreate	32	static
queue.c:740:12:xQueueGenericSend	48	static
queue.c:466:14:prvInitialiseMutex	8	static
queue.c:496:16:xQueueCreateMutex	8	static
queue.c:950:12:xQueueGenericSendFromISR	40	static
queue.c:1112:12:xQueueGiveFromISR	32	static
queue.c:1277:12:xQueueReceive	40	static
queue.c:1418:12:xQueueSemaphoreTake	40	static
queue.c:1636:12:xQueuePeek	40	static
queue.c:1785:12:xQueueReceiveFromISR	40	static
queue.c:1876:12:xQueuePeekFromISR	16	static
queue.c:1930:13:uxQueueMessagesWaiting	8	static
queue.c:1946:13:uxQueueSpacesAvailable	8	static
queue.c:1963:13:uxQueueMessagesWaitingFromISR	0	static
queue.c:2019:14:uxQueueGetQueueNumber	0	static
queue.c:2029:7:vQueueSetQueueNumber	0	static
queue.c:2039:10:ucQueueGetQueueType	0	static
queue.c:2312:12:xQueueIsQueueEmptyFromISR	0	static
queue.c:2352:12:xQueueIsQueueFullFromISR	0	static
queue.c:2648:7:vQueueAddToRegistry	16	static
queue.c:2677:14:pcQueueGetName	0	static
queue.c:2705:7:vQueueUnregisterQueue	0	static
queue.c:1975:6:vQueueDelete	24	static
queue.c:2737:7:vQueueWaitForMessageRestricted	16	static
