port.c:205:14:pxPortInitialiseStack	24	static
port.c:223:13:prvTaskExitError	8	static
port.c:237:6:vPortSVCHandler	0	static
port.c:257:13:prvPortStartFirstTask	0	static
port.c:276:12:xPortStartScheduler	8	static
port.c:351:6:vPortEndScheduler	4	static
port.c:359:6:vPortYield	4	static
port.c:371:6:vPortEnterCritical	8	static
port.c:380:6:vPortExitCritical	8	static
port.c:391:35:ulPortSetInterruptMask	0	static
port.c:408:31:vPortClearInterruptMask	0	static
port.c:422:6:xPortPendSVHandler	0	static
port.c:459:6:xPortSysTickHandler	8	static
port.c:635:30:vPortSetupTimerInterrupt	4	static
