gpio_13xx_1.h:85:20:Chip_GPIO_WritePortBit	24	static
gpio_13xx_1.h:112:20:Chip_GPIO_ReadPortBit	24	static
gpio_13xx_1.h:125:20:Chip_GPIO_GetPinState	16	static
retarget.h:223:5:__write	24	static
retarget.h:239:5:__readc	4	static
board.c:70:6:Board_UART_Init	4	static
board.c:76:6:Board_UARTPutChar	16	static
board.c:86:5:Board_UARTGetChar	4	static
board.c:97:6:Board_UARTPutSTR	16	static
board.c:107:6:Board_Debug_Init	4	static
board.c:122:13:Board_LED_Init	8	static
board.c:129:6:Board_LED_Set	16	static
board.c:137:6:Board_LED_Test	24	static
board.c:148:6:Board_LED_Toggle	16	static
board.c:155:6:Board_Init	8	static
board.c:168:6:Board_SSP_Init	16	static
board.c:181:6:Board_ADC_Init	4	static
board.c:187:6:Board_Buttons_Init	8	static
board.c:193:10:Buttons_GetStatus	16	static
board.c:229:6:Board_Joystick_Init	16	static
board.c:240:9:Joystick_GetStatus	16	static
