libconfig-arm.h:247:5:__sys_write	0	static
libconfig-arm.h:241:5:__sys_readc	0	static
board.c:70:6:Board_UART_Init	0	static
board.c:76:6:Board_UARTPutChar	0	static
board.c:86:5:Board_UARTGetChar	0	static
board.c:97:6:Board_UARTPutSTR	0	static
board.c:107:6:Board_Debug_Init	0	static
board.c:129:6:Board_LED_Set	0	static
board.c:137:6:Board_LED_Test	0	static
board.c:148:6:Board_LED_Toggle	0	static
board.c:155:6:Board_Init	8	static
board.c:168:6:Board_SSP_Init	8	static
board.c:181:6:Board_ADC_Init	0	static
board.c:187:6:Board_Buttons_Init	0	static
board.c:193:10:Buttons_GetStatus	0	static
board.c:229:6:Board_Joystick_Init	32	static
board.c:240:9:Joystick_GetStatus	0	static
