cr_startup_lpc175x_6x.c:322:6:NMI_Handler	0	static
cr_startup_lpc175x_6x.c:327:6:HardFault_Handler	0	static
cr_startup_lpc175x_6x.c:332:6:MemManage_Handler	0	static
cr_startup_lpc175x_6x.c:337:6:BusFault_Handler	0	static
cr_startup_lpc175x_6x.c:342:6:UsageFault_Handler	0	static
cr_startup_lpc175x_6x.c:352:6:DebugMon_Handler	0	static
cr_startup_lpc175x_6x.c:373:6:IntDefaultHandler	0	static
cr_startup_lpc175x_6x.c:230:6:data_init	8	static
cr_startup_lpc175x_6x.c:239:6:bss_init	0	static
cr_startup_lpc175x_6x.c:265:1:ResetISR	16	static
cr_startup_lpc175x_6x.c:347:6:SVC_Handler	0	static
cr_startup_lpc175x_6x.c:357:6:PendSV_Handler	0	static
cr_startup_lpc175x_6x.c:362:6:SysTick_Handler	0	static
