adc_11xx.c:82:6:setStartMode	0	static
adc_11xx.c:90:8:readAdcVal	0	static
adc_11xx.c:108:6:Chip_ADC_Init	16	static
adc_11xx.c:134:6:Chip_ADC_DeInit	8	static
adc_11xx.c:143:8:Chip_ADC_ReadValue	0	static
adc_11xx.c:149:12:Chip_ADC_ReadStatus	0	static
adc_11xx.c:169:6:Chip_ADC_Int_SetChannelCmd	0	static
adc_11xx.c:180:6:Chip_ADC_SetStartMode	8	static
adc_11xx.c:194:6:Chip_ADC_SetSampleRate	32	static
adc_11xx.c:208:6:Chip_ADC_SetResolution	8	static
adc_11xx.c:215:6:Chip_ADC_EnableChannel	0	static
adc_11xx.c:227:6:Chip_ADC_SetBurstCmd	0	static
adc_11xx.c:240:8:Chip_ADC_ReadByte	0	static
