clock_11xx.c:90:6:Chip_Clock_SetSystemPLLSource	0	static
clock_11xx.c:98:6:Chip_Clock_SetPLLBypass	0	static
clock_11xx.c:124:6:Chip_Clock_SetMainClockSource	0	static
clock_11xx.c:145:6:Chip_Clock_SetWDTClockSource	0	static
clock_11xx.c:157:6:Chip_Clock_SetCLKOUTSource	0	static
clock_11xx.c:168:10:Chip_Clock_GetWDTOSCRate	8	static
clock_11xx.c:183:10:Chip_Clock_GetSystemPLLInClockRate	0	static
clock_11xx.c:210:10:Chip_Clock_GetSystemPLLOutClockRate	8	static
clock_11xx.c:248:10:Chip_Clock_GetMainClockRate	8	static
clock_11xx.c:281:10:Chip_Clock_GetSystemClockRate	8	static
