clock_11xx.h:295:20:Chip_Clock_EnablePeriphClock	16	static
clock_11xx.h:305:20:Chip_Clock_DisablePeriphClock	16	static
gpio_11xx_2.h:153:20:Chip_GPIO_SetPinDIROutput	16	static
gpio_11xx_2.h:165:20:Chip_GPIO_SetPinDIRInput	16	static
gpio_11xx_2.h:226:20:Chip_GPIO_SetPortDIROutput	24	static
gpio_11xx_2.h:240:20:Chip_GPIO_SetPortDIRInput	24	static
gpio_11xx_2.h:426:20:Chip_GPIO_SetPinModeEdge	24	static
gpio_11xx_2.h:438:20:Chip_GPIO_SetPinModeLevel	24	static
gpio_11xx_2.h:465:20:Chip_GPIO_SetEdgeModeBoth	24	static
gpio_11xx_2.h:477:20:Chip_GPIO_SetEdgeModeSingle	24	static
gpio_11xx_2.h:508:20:Chip_GPIO_SetModeHigh	24	static
gpio_11xx_2.h:522:20:Chip_GPIO_SetModeLow	24	static
gpio_11xx_2.c:54:6:Chip_GPIO_Init	16	static
gpio_11xx_2.c:60:6:Chip_GPIO_DeInit	16	static
gpio_11xx_2.c:66:6:Chip_GPIO_WriteDirBit	24	static
gpio_11xx_2.c:77:6:Chip_GPIO_SetDir	32	static
gpio_11xx_2.c:88:6:Chip_GPIO_SetPinDIR	24	static
gpio_11xx_2.c:100:6:Chip_GPIO_SetPortDIR	32	static
gpio_11xx_2.c:111:6:Chip_GPIO_SetupPinInt	32	static
