i2c_11xx.c:328:6:Chip_I2C_EventHandler	0	static
i2c_11xx.c:176:5:handleMasterXferState	12	static
i2c_11xx.c:245:14:getSlaveIndex	8	static
i2c_11xx.c:262:5:handleSlaveXferState	8	static
i2c_11xx.c:364:6:Chip_I2C_Init	12	static
i2c_11xx.c:373:6:Chip_I2C_DeInit	0	static
i2c_11xx.c:382:6:Chip_I2C_SetClockRate	16	static
i2c_11xx.c:392:10:Chip_I2C_GetClockRate	8	static
i2c_11xx.c:398:5:Chip_I2C_SetMasterEventHandler	12	static
i2c_11xx.c:408:20:Chip_I2C_GetMasterEventHandler	0	static
i2c_11xx.c:414:5:Chip_I2C_MasterTransfer	32	static
i2c_11xx.c:442:5:Chip_I2C_MasterSend	48	static
i2c_11xx.c:455:5:Chip_I2C_MasterCmdRead	56	static
i2c_11xx.c:468:5:Chip_I2C_MasterRead	48	static
i2c_11xx.c:479:5:Chip_I2C_IsMasterActive	0	static
i2c_11xx.c:485:6:Chip_I2C_MasterStateHandler	16	static
i2c_11xx.c:493:6:Chip_I2C_SlaveSetup	16	static
i2c_11xx.c:516:6:Chip_I2C_SlaveStateHandler	24	static
i2c_11xx.c:542:6:Chip_I2C_Disable	0	static
i2c_11xx.c:548:5:Chip_I2C_IsStateChanged	0	static
i2c_11xx.c:344:6:Chip_I2C_EventHandlerPolling	16	static
