clock_11xx.h:295:20:Chip_Clock_EnablePeriphClock	16	static
clock_11xx.h:305:20:Chip_Clock_DisablePeriphClock	16	static
i2c_11xx.c:77:20:enableClk	16	static
i2c_11xx.c:82:20:disableClk	16	static
i2c_11xx.c:88:24:getClkRate	16	static
i2c_11xx.c:94:20:startMasterXfer	16	static
i2c_11xx.c:104:20:startSlaverXfer	16	static
i2c_11xx.c:114:19:isI2CBusFree	16	static
i2c_11xx.c:120:19:getCurState	16	static
i2c_11xx.c:126:19:isMasterState	16	static
i2c_11xx.c:132:13:setSlaveAddr	32	static
i2c_11xx.c:146:12:isSlaveAddrMatching	24	static
i2c_11xx.c:153:21:lookupSlaveIndex	16	static
i2c_11xx.c:176:5:handleMasterXferState	24	static
i2c_11xx.c:245:14:getSlaveIndex	16	static
i2c_11xx.c:262:5:handleSlaveXferState	24	static
i2c_11xx.c:328:6:Chip_I2C_EventHandler	24	static
i2c_11xx.c:344:6:Chip_I2C_EventHandlerPolling	24	static
i2c_11xx.c:364:6:Chip_I2C_Init	16	static
i2c_11xx.c:373:6:Chip_I2C_DeInit	16	static
i2c_11xx.c:382:6:Chip_I2C_SetClockRate	24	static
i2c_11xx.c:392:10:Chip_I2C_GetClockRate	24	static
i2c_11xx.c:398:5:Chip_I2C_SetMasterEventHandler	24	static
i2c_11xx.c:408:20:Chip_I2C_GetMasterEventHandler	16	static
i2c_11xx.c:414:5:Chip_I2C_MasterTransfer	24	static
i2c_11xx.c:442:5:Chip_I2C_MasterSend	48	static
i2c_11xx.c:455:5:Chip_I2C_MasterCmdRead	48	static
i2c_11xx.c:468:5:Chip_I2C_MasterRead	56	static
i2c_11xx.c:479:5:Chip_I2C_IsMasterActive	16	static
i2c_11xx.c:485:6:Chip_I2C_MasterStateHandler	16	static
i2c_11xx.c:493:6:Chip_I2C_SlaveSetup	40	static
i2c_11xx.c:516:6:Chip_I2C_SlaveStateHandler	40	static
i2c_11xx.c:542:6:Chip_I2C_Disable	16	static
i2c_11xx.c:548:5:Chip_I2C_IsStateChanged	16	static
