ssp_11xx.c:73:13:SSP_Read2BFifo	12	static
ssp_11xx.c:89:13:SSP_Read1BFifo	12	static
ssp_11xx.c:171:6:Chip_SSP_SetClockRate	8	static
ssp_11xx.c:180:10:Chip_SSP_RWFrames_Blocking	24	static
ssp_11xx.c:233:10:Chip_SSP_WriteFrames_Blocking	32	static
ssp_11xx.c:301:10:Chip_SSP_ReadFrames_Blocking	32	static
ssp_11xx.c:369:6:Chip_SSP_Int_FlushData	0	static
ssp_11xx.c:385:8:Chip_SSP_Int_RWFrames8Bits	24	static
ssp_11xx.c:416:8:Chip_SSP_Int_RWFrames16Bits	24	static
ssp_11xx.c:447:6:Chip_SSP_SetMaster	0	static
ssp_11xx.c:458:6:Chip_SSP_SetBitRate	32	static
ssp_11xx.c:483:6:Chip_SSP_Init	16	static
ssp_11xx.c:495:6:Chip_SSP_DeInit	12	static
