sysctl_11xx.h:159:20:Chip_SYSCTL_AssertPeriphReset	16	static
sysctl_11xx.h:169:20:Chip_SYSCTL_DeassertPeriphReset	16	static
sysctl_11xx.h:179:20:Chip_SYSCTL_PeriphReset	16	static
clock_11xx.h:295:20:Chip_Clock_EnablePeriphClock	16	static
clock_11xx.h:305:20:Chip_Clock_DisablePeriphClock	16	static
clock_11xx.h:317:20:Chip_Clock_SetSSP0ClockDiv	16	static
clock_11xx.h:327:24:Chip_Clock_GetSSP0ClockDiv	8	static
clock_11xx.h:362:20:Chip_Clock_SetSSP1ClockDiv	16	static
clock_11xx.h:372:24:Chip_Clock_GetSSP1ClockDiv	8	static
ssp_11xx.h:242:20:Chip_SSP_Disable	16	static
ssp_11xx.h:282:26:Chip_SSP_GetStatus	16	static
ssp_11xx.h:309:25:Chip_SSP_GetRawIntStatus	16	static
ssp_11xx.h:320:23:Chip_SSP_GetDataSize	16	static
ssp_11xx.h:334:20:Chip_SSP_ClearIntPending	16	static
ssp_11xx.h:364:24:Chip_SSP_ReceiveFrame	16	static
ssp_11xx.h:375:20:Chip_SSP_SendFrame	16	static
ssp_11xx.h:406:20:Chip_SSP_SetFormat	24	static
ssp_11xx.h:419:20:Chip_SSP_Set_Mode	16	static
ssp_11xx.c:46:13:SSP_Write2BFifo	16	static
ssp_11xx.c:60:13:SSP_Write1BFifo	16	static
ssp_11xx.c:73:13:SSP_Read2BFifo	32	static
ssp_11xx.c:89:13:SSP_Read1BFifo	32	static
ssp_11xx.c:105:28:Chip_SSP_GetClockIndex	24	static
ssp_11xx.c:122:35:Chip_SSP_GetResetIndex	24	static
ssp_11xx.c:137:13:Chip_SSP_SetSSPClkDivider	16	static
ssp_11xx.c:150:17:Chip_SSP_GetPCLKkRate	24	static
ssp_11xx.c:171:6:Chip_SSP_SetClockRate	32	static
ssp_11xx.c:180:10:Chip_SSP_RWFrames_Blocking	16	static
ssp_11xx.c:233:10:Chip_SSP_WriteFrames_Blocking	40	static
ssp_11xx.c:301:10:Chip_SSP_ReadFrames_Blocking	40	static
ssp_11xx.c:369:6:Chip_SSP_Int_FlushData	16	static
ssp_11xx.c:385:8:Chip_SSP_Int_RWFrames8Bits	16	static
ssp_11xx.c:416:8:Chip_SSP_Int_RWFrames16Bits	16	static
ssp_11xx.c:447:6:Chip_SSP_SetMaster	16	static
ssp_11xx.c:458:6:Chip_SSP_SetBitRate	32	static
ssp_11xx.c:483:6:Chip_SSP_Init	16	static
ssp_11xx.c:495:6:Chip_SSP_DeInit	16	static
