uart_11xx.c:51:6:Chip_UART_Init	8	static
uart_11xx.c:67:6:Chip_UART_DeInit	0	static
uart_11xx.c:73:5:Chip_UART_Send	12	static
uart_11xx.c:90:5:Chip_UART_SendBlocking	24	static
uart_11xx.c:106:5:Chip_UART_Read	12	static
uart_11xx.c:123:5:Chip_UART_ReadBlocking	24	static
uart_11xx.c:139:10:Chip_UART_SetBaud	16	static
uart_11xx.c:161:6:Chip_UART_RXIntHandlerRB	24	static
uart_11xx.c:171:6:Chip_UART_TXIntHandlerRB	32	static
uart_11xx.c:183:10:Chip_UART_SendRB	32	static
uart_11xx.c:205:5:Chip_UART_ReadRB	8	static
uart_11xx.c:213:6:Chip_UART_IRQRBHandler	24	static
uart_11xx.c:230:10:Chip_UART_SetBaudFDR	32	static
