clock_11xx.h:295:20:Chip_Clock_EnablePeriphClock	16	static
clock_11xx.h:305:20:Chip_Clock_DisablePeriphClock	16	static
clock_11xx.h:339:20:Chip_Clock_SetUARTClockDiv	16	static
ring_buffer.h:133:19:RingBuffer_IsEmpty	16	static
uart_11xx.h:323:20:Chip_UART_SendByte	16	static
uart_11xx.h:336:23:Chip_UART_ReadByte	16	static
uart_11xx.h:351:20:Chip_UART_IntEnable	16	static
uart_11xx.h:366:20:Chip_UART_IntDisable	16	static
uart_11xx.h:404:20:Chip_UART_SetupFIFOS	16	static
uart_11xx.h:419:20:Chip_UART_ConfigData	16	static
uart_11xx.h:429:20:Chip_UART_EnableDivisorAccess	16	static
uart_11xx.h:439:20:Chip_UART_DisableDivisorAccess	16	static
uart_11xx.h:454:20:Chip_UART_SetDivisorLatches	16	static
uart_11xx.h:505:24:Chip_UART_ReadLineStatus	16	static
uart_11xx.c:51:6:Chip_UART_Init	16	static
uart_11xx.c:67:6:Chip_UART_DeInit	16	static
uart_11xx.c:73:5:Chip_UART_Send	32	static
uart_11xx.c:90:5:Chip_UART_SendBlocking	40	static
uart_11xx.c:106:5:Chip_UART_Read	32	static
uart_11xx.c:123:5:Chip_UART_ReadBlocking	40	static
uart_11xx.c:139:10:Chip_UART_SetBaud	32	static
uart_11xx.c:161:6:Chip_UART_RXIntHandlerRB	24	static
uart_11xx.c:171:6:Chip_UART_TXIntHandlerRB	24	static
uart_11xx.c:183:10:Chip_UART_SendRB	32	static
uart_11xx.c:205:5:Chip_UART_ReadRB	24	static
uart_11xx.c:213:6:Chip_UART_IRQRBHandler	24	static
uart_11xx.c:230:10:Chip_UART_SetBaudFDR	48	static
