Strategie.c:30:6:_Strategie_Get_Robot_ID	0	static
Strategie.c:45:6:_Strategie_Get_Input_Strategie_Selector	8	static
Strategie.c:65:6:_Strategie_Get_Chosen_Strategie	0	static
Strategie.c:80:15:_Strategie_Get_Temps_Match	0	static
Strategie.c:95:6:_Strategie_Get_Jack_Status	0	static
Strategie.c:110:6:_Strategie_Get_Color_Status	0	static
Strategie.c:125:6:_Strategie_Get_Switch_Status	0	static
Strategie.c:140:6:_Strategie_Get_External_LED_RED_Status	0	static
Strategie.c:145:6:_Strategie_Set_External_LED_RED_Status	0	static
Strategie.c:160:6:_Strategie_Get_External_LED_YELLOW_Status	0	static
Strategie.c:165:6:_Strategie_Set_External_LED_YELLOW_Status	0	static
Strategie.c:180:6:_Strategie_Get_External_LED_GREEN_Status	0	static
Strategie.c:185:6:_Strategie_Set_External_LED_GREEN_Status	0	static
Strategie.c:200:6:_Strategie_Init_Strategie_2021	80	static
