Strategie.c:30:6:Task_MatchTime	16	static
Strategie.c:55:6:_Strategie_Get_Robot_ID	0	static
Strategie.c:70:6:_Strategie_Get_Input_Strategie_Selector	8	static
Strategie.c:90:6:_Strategie_Get_Choosen_Strategie	0	static
Strategie.c:105:15:_Strategie_Get_Temps_Match	0	static
Strategie.c:120:6:_Strategie_Get_Jack_Status	0	static
Strategie.c:135:6:_Strategie_Get_Color_Status	0	static
Strategie.c:150:6:_Strategie_Get_Switch_Status	0	static
Strategie.c:165:6:_Strategie_Get_User_BP_Status	0	static
Strategie.c:180:6:_Strategie_Get_External_LED_RED_Status	0	static
Strategie.c:185:6:_Strategie_Set_External_LED_RED_Status	0	static
Strategie.c:200:6:_Strategie_Get_External_LED_YELLOW_Status	0	static
Strategie.c:205:6:_Strategie_Set_External_LED_YELLOW_Status	0	static
Strategie.c:220:6:_Strategie_Get_External_LED_GREEN_Status	0	static
Strategie.c:225:6:_Strategie_Set_External_LED_GREEN_Status	0	static
Strategie.c:240:6:_Strategie_Init_Strategie_2021	88	static
