core_cm3.h:1012:22:NVIC_SetPriority	16	static
core_cm3.h:1137:26:SysTick_Config	16	static
Clocking.c:143:5:LPC_UseOscillator	24	static
Clocking.c:289:5:LPC_SetPLL0	40	static
Clocking.c:475:6:SystemClockUpdate	4	static
Clocking.c:535:6:Chip_Clock_IsUSBPLLLocked	4	static
Clocking.c:540:6:Chip_Clock_FeedPLL	16	static
Clocking.c:546:5:LPC_EnablePLL1	8	static
Clocking.c:612:6:Chip_Clock_EnablePLL	24	static
Clocking.c:622:6:Chip_Clock_SetupPLL	32	static
Clocking.c:642:6:Chip_Clock_EnablePeriphClock	24	static
Clocking.c:658:6:Chip_Clock_IsUSBPLLConnected	4	static
Clocking.c:667:6:Init_Systick	16	static
Clocking.c:680:5:LPC_DisablePLL1	4	static
