core_cm3.h:1323:22:NVIC_EnableIRQ	16	static
gpio_17xx_40xx.h:88:20:Chip_GPIO_SetPinState	16	static
gpio_17xx_40xx.h:106:20:Chip_GPIO_WritePortBit	24	static
gpio_17xx_40xx.h:144:20:Chip_GPIO_SetPinDIROutput	16	static
gpio_17xx_40xx.h:156:20:Chip_GPIO_SetPinDIRInput	16	static
gpio_17xx_40xx.h:169:20:Chip_GPIO_SetPinDIR	16	static
gpio_17xx_40xx.h:190:20:Chip_GPIO_WriteDirBit	16	static
cdc_usb_main.c:71:13:usb_pin_clk_init	8	static
cdc_usb_main.c:94:6:USB_IRQHandler	8	static
cdc_usb_main.c:100:27:find_IntfDesc	32	static
cdc_usb_main.c:131:6:usb_main	104	static
