gpio_17xx_40xx.h:88:20:Chip_GPIO_SetPinState	16	static
gpio_17xx_40xx.h:106:20:Chip_GPIO_WritePortBit	24	static
gpio_17xx_40xx.h:144:20:Chip_GPIO_SetPinDIROutput	16	static
gpio_17xx_40xx.h:156:20:Chip_GPIO_SetPinDIRInput	16	static
gpio_17xx_40xx.h:169:20:Chip_GPIO_SetPinDIR	16	static
gpio_17xx_40xx.h:190:20:Chip_GPIO_WriteDirBit	16	static
Init_Carte_MultiFonction.c:32:6:Debug_Trace_Texte	16	static
Init_Carte_MultiFonction.c:40:6:Set_Debug_Pin_0_High	8	static
Init_Carte_MultiFonction.c:49:6:Set_Debug_Pin_0_Low	8	static
Init_Carte_MultiFonction.c:58:6:Set_Debug_Pin_1_High	8	static
Init_Carte_MultiFonction.c:67:6:Set_Debug_Pin_1_Low	8	static
Init_Carte_MultiFonction.c:77:6:Init_Carte_MultiFonctions	8	static
Init_Carte_MultiFonction.c:123:6:vConfigureTimerForRunTimeStats	24	static
