can_17xx_40xx.c:66:13:getSectionAddress	8	static
can_17xx_40xx.c:114:17:createStdIDEntry	0	static
can_17xx_40xx.c:132:13:readStdIDEntry	0	static
can_17xx_40xx.c:140:15:setupSTDSection	48	static
can_17xx_40xx.c:187:13:shiftSTDEntryDown	20	static
can_17xx_40xx.c:210:13:shiftSTDEntryUp	8	static
can_17xx_40xx.c:283:17:getArrayVal	12	static
can_17xx_40xx.c:459:15:readSTDEntry	24	static
can_17xx_40xx.c:306:16:searchInsertIndex.part.0	32	static
can_17xx_40xx.c:347:15:insertSTDEntry	64	static
can_17xx_40xx.c:253:15:setupEXTSection	20	static
can_17xx_40xx.c:501:8:removeSTDEntry	48	static
can_17xx_40xx.c:593:8:removeLUTEntry	40	static
can_17xx_40xx.c:670:6:clearAFLUT	8	static
can_17xx_40xx.c:749:6:Chip_CAN_Init	32	static
can_17xx_40xx.c:780:6:Chip_CAN_DeInit	0	static
can_17xx_40xx.c:833:6:Chip_CAN_SetMode	0	static
can_17xx_40xx.c:786:8:Chip_CAN_SetBitRate	24	static
can_17xx_40xx.c:862:17:Chip_CAN_GetFreeTxBuf	0	static
can_17xx_40xx.c:877:8:Chip_CAN_SetAFLUT	32	static
can_17xx_40xx.c:964:10:Chip_CAN_GetEntriesNum	24	static
can_17xx_40xx.c:995:8:Chip_CAN_InsertFullCANEntry	0	static
can_17xx_40xx.c:1002:8:Chip_CAN_InsertSTDEntry	0	static
can_17xx_40xx.c:1010:8:Chip_CAN_InsertEXTEntry	48	static
can_17xx_40xx.c:1066:8:Chip_CAN_InsertGroupSTDEntry	40	static
can_17xx_40xx.c:1158:8:Chip_CAN_InsertGroupEXTEntry	40	static
can_17xx_40xx.c:1243:8:Chip_CAN_RemoveFullCANEntry	0	static
can_17xx_40xx.c:1250:8:Chip_CAN_RemoveSTDEntry	0	static
can_17xx_40xx.c:1258:8:Chip_CAN_RemoveGroupSTDEntry	0	static
can_17xx_40xx.c:1266:8:Chip_CAN_RemoveEXTEntry	0	static
can_17xx_40xx.c:1273:8:Chip_CAN_RemoveGroupEXTEntry	0	static
can_17xx_40xx.c:1280:8:Chip_CAN_ReadFullCANEntry	16	static
can_17xx_40xx.c:1288:8:Chip_CAN_ReadSTDEntry	16	static
can_17xx_40xx.c:1296:8:Chip_CAN_ReadGroupSTDEntry	24	static
can_17xx_40xx.c:1318:8:Chip_CAN_ReadEXTEntry	24	static
can_17xx_40xx.c:1339:8:Chip_CAN_ReadGroupEXTEntry	24	static
can_17xx_40xx.c:1363:8:Chip_CAN_Send	32	static
can_17xx_40xx.c:1407:8:Chip_CAN_Receive	32	static
can_17xx_40xx.c:1444:6:Chip_CAN_ConfigFullCANInt	0	static
can_17xx_40xx.c:1463:10:Chip_CAN_GetFullCANIntStatus	0	static
can_17xx_40xx.c:1472:8:Chip_CAN_FullCANReceive	12	static
