clock_17xx_40xx.c:51:6:Chip_Clock_EnablePLL	0	static
clock_17xx_40xx.c:61:6:Chip_Clock_DisablePLL	0	static
clock_17xx_40xx.c:71:6:Chip_Clock_SetupPLL	0	static
clock_17xx_40xx.c:93:6:Chip_Clock_EnablePeriphClock	0	static
clock_17xx_40xx.c:109:6:Chip_Clock_DisablePeriphClock	0	static
clock_17xx_40xx.c:125:6:Chip_Clock_IsPeripheralClockEnabled	0	static
clock_17xx_40xx.c:144:6:Chip_Clock_SetCPUClockSource	0	static
clock_17xx_40xx.c:168:23:Chip_Clock_GetCPUClockSource	0	static
clock_17xx_40xx.c:193:6:Chip_Clock_SetCPUClockDiv	0	static
clock_17xx_40xx.c:207:10:Chip_Clock_GetCPUClockDiv	0	static
clock_17xx_40xx.c:230:6:Chip_Clock_SetUSBClockDiv	0	static
clock_17xx_40xx.c:244:10:Chip_Clock_GetUSBClockDiv	0	static
clock_17xx_40xx.c:255:6:Chip_Clock_SetPCLKDiv	8	static
clock_17xx_40xx.c:270:10:Chip_Clock_GetPCLKDiv	0	static
clock_17xx_40xx.c:306:6:Chip_Clock_SetCLKOUTSource	0	static
clock_17xx_40xx.c:317:10:Chip_Clock_GetSYSCLKRate	0	static
clock_17xx_40xx.c:336:10:Chip_Clock_GetMainPLLOutClockRate	8	static
clock_17xx_40xx.c:364:10:Chip_Clock_GetUSBPLLOutClockRate	0	static
clock_17xx_40xx.c:385:10:Chip_Clock_GetMainClockRate	8	static
clock_17xx_40xx.c:400:10:Chip_Clock_GetSystemClockRate	8	static
clock_17xx_40xx.c:406:10:Chip_Clock_GetUSBClockRate	8	static
clock_17xx_40xx.c:495:10:Chip_Clock_GetPeripheralClockRate	16	static
