gpdma_17xx_40xx.c:249:16:configDMAMux	8	static
gpdma_17xx_40xx.c:274:10:makeCtrlWord	12	static
gpdma_17xx_40xx.c:341:8:setupChannel	20	static
gpdma_17xx_40xx.c:389:6:Chip_GPDMA_Init	8	static
gpdma_17xx_40xx.c:411:6:Chip_GPDMA_DeInit	0	static
gpdma_17xx_40xx.c:417:6:Chip_GPDMA_Stop	0	static
gpdma_17xx_40xx.c:433:8:Chip_GPDMA_Interrupt	8	static
gpdma_17xx_40xx.c:455:5:Chip_GPDMA_InitChannelCfg	12	static
gpdma_17xx_40xx.c:506:11:Chip_GPDMA_IntGetStatus	0	static
gpdma_17xx_40xx.c:533:6:Chip_GPDMA_ClearIntPending	0	static
gpdma_17xx_40xx.c:546:6:Chip_GPDMA_ChannelCmd	0	static
gpdma_17xx_40xx.c:562:8:Chip_GPDMA_Transfer	72	static
gpdma_17xx_40xx.c:608:8:Chip_GPDMA_PrepareDescriptor	64	static
gpdma_17xx_40xx.c:651:8:Chip_GPDMA_SGTransfer	72	static
gpdma_17xx_40xx.c:692:9:Chip_GPDMA_GetFreeChannel	16	static
