ssp_17xx_40xx.c:73:13:SSP_Read2BFifo	8	static
ssp_17xx_40xx.c:89:13:SSP_Read1BFifo	8	static
ssp_17xx_40xx.c:147:6:Chip_SSP_SetClockRate	0	static
ssp_17xx_40xx.c:156:10:Chip_SSP_RWFrames_Blocking	16	static
ssp_17xx_40xx.c:209:10:Chip_SSP_WriteFrames_Blocking	12	static
ssp_17xx_40xx.c:277:10:Chip_SSP_ReadFrames_Blocking	16	static
ssp_17xx_40xx.c:345:6:Chip_SSP_Int_FlushData	0	static
ssp_17xx_40xx.c:361:8:Chip_SSP_Int_RWFrames8Bits	8	static
ssp_17xx_40xx.c:392:8:Chip_SSP_Int_RWFrames16Bits	8	static
ssp_17xx_40xx.c:423:6:Chip_SSP_SetMaster	0	static
ssp_17xx_40xx.c:434:6:Chip_SSP_SetBitRate	16	static
ssp_17xx_40xx.c:463:6:Chip_SSP_Init	8	static
ssp_17xx_40xx.c:473:6:Chip_SSP_DeInit	0	static
