uart_17xx_40xx.c:122:6:Chip_UART_Init	8	static
uart_17xx_40xx.c:166:6:Chip_UART_DeInit	0	static
uart_17xx_40xx.c:176:6:Chip_UART_TXEnable	0	static
uart_17xx_40xx.c:191:6:Chip_UART_TXDisable	0	static
uart_17xx_40xx.c:206:5:Chip_UART_Send	8	static
uart_17xx_40xx.c:223:12:Chip_UART_CheckBusy	0	static
uart_17xx_40xx.c:234:5:Chip_UART_SendBlocking	24	static
uart_17xx_40xx.c:250:5:Chip_UART_Read	8	static
uart_17xx_40xx.c:267:5:Chip_UART_ReadBlocking	24	static
uart_17xx_40xx.c:283:10:Chip_UART_SetBaud	16	static
uart_17xx_40xx.c:309:6:Chip_UART_RXIntHandlerRB	24	static
uart_17xx_40xx.c:319:6:Chip_UART_TXIntHandlerRB	24	static
uart_17xx_40xx.c:331:10:Chip_UART_SendRB	24	static
uart_17xx_40xx.c:353:5:Chip_UART_ReadRB	0	static
uart_17xx_40xx.c:361:6:Chip_UART_IRQRBHandler	16	static
uart_17xx_40xx.c:381:10:Chip_UART_SetBaudFDR	72	static
uart_17xx_40xx.c:496:12:Chip_UART_GetABEOStatus	0	static
uart_17xx_40xx.c:503:6:Chip_UART_ABCmd	8	static
