uart_17xx_40xx.c:50:28:Chip_UART_GetClockIndex	0	static
uart_17xx_40xx.c:122:6:Chip_UART_Init	16	static
uart_17xx_40xx.c:168:6:Chip_UART_DeInit	8	static
uart_17xx_40xx.c:178:6:Chip_UART_TXEnable	0	static
uart_17xx_40xx.c:193:6:Chip_UART_TXDisable	0	static
uart_17xx_40xx.c:208:5:Chip_UART_Send	8	static
uart_17xx_40xx.c:225:12:Chip_UART_CheckBusy	0	static
uart_17xx_40xx.c:236:5:Chip_UART_SendBlocking	16	static
uart_17xx_40xx.c:252:5:Chip_UART_Read	8	static
uart_17xx_40xx.c:269:5:Chip_UART_ReadBlocking	16	static
uart_17xx_40xx.c:285:10:Chip_UART_SetBaud	16	static
uart_17xx_40xx.c:311:6:Chip_UART_RXIntHandlerRB	24	static
uart_17xx_40xx.c:321:6:Chip_UART_TXIntHandlerRB	24	static
uart_17xx_40xx.c:333:10:Chip_UART_SendRB	24	static
uart_17xx_40xx.c:355:5:Chip_UART_ReadRB	0	static
uart_17xx_40xx.c:363:6:Chip_UART_IRQRBHandler	16	static
uart_17xx_40xx.c:383:10:Chip_UART_SetBaudFDR	72	static
uart_17xx_40xx.c:498:12:Chip_UART_GetABEOStatus	0	static
uart_17xx_40xx.c:505:6:Chip_UART_ABCmd	8	static
