port.c:133:14:pxPortInitialiseStack	24	static
port.c:151:13:prvTaskExitError	16	static
port.c:176:6:SVC_Handler	4	static
port.c:183:6:vPortStartFirstTask	0	static
port.c:214:12:xPortStartScheduler	8	static
port.c:244:6:vPortEndScheduler	4	static
port.c:252:6:vPortYield	4	static
port.c:264:6:vPortEnterCritical	16	static
port.c:273:6:vPortExitCritical	16	static
port.c:284:10:ulSetInterruptMaskFromISR	4	static
port.c:295:6:vClearInterruptMaskFromISR	16	static
port.c:305:6:PendSV_Handler	0	static
port.c:354:6:SysTick_Handler	24	static
port.c:375:30:vPortSetupTimerInterrupt	4	static
