cr_startup_lpc175x_6x.c:324:6:NMI_Handler	0	static
cr_startup_lpc175x_6x.c:329:6:HardFault_Handler	0	static
cr_startup_lpc175x_6x.c:334:6:MemManage_Handler	0	static
cr_startup_lpc175x_6x.c:339:6:BusFault_Handler	0	static
cr_startup_lpc175x_6x.c:344:6:UsageFault_Handler	0	static
cr_startup_lpc175x_6x.c:354:6:DebugMon_Handler	0	static
cr_startup_lpc175x_6x.c:375:6:IntDefaultHandler	0	static
cr_startup_lpc175x_6x.c:230:6:data_init	4	static
cr_startup_lpc175x_6x.c:239:6:bss_init	0	static
cr_startup_lpc175x_6x.c:265:1:ResetISR	8	static
cr_startup_lpc175x_6x.c:349:6:SVC_Handler	0	static
cr_startup_lpc175x_6x.c:359:6:PendSV_Handler	0	static
cr_startup_lpc175x_6x.c:364:6:SysTick_Handler	0	static
