Archive member included to satisfy reference by file (symbol)

D:\Developpement_Robot\Robotic-System\trunk\Workspaces\MultiWorkSpaces_2021\0_lpc_chip_175x_6x\Release\lib0_lpc_chip_175x_6x.a(chip_17xx_40xx.o)
                              ./src/IA_2021_V0.o (SystemCoreClockUpdate)
D:\Developpement_Robot\Robotic-System\trunk\Workspaces\MultiWorkSpaces_2021\0_lpc_chip_175x_6x\Release\lib0_lpc_chip_175x_6x.a(clock_17xx_40xx.o)
                              D:\Developpement_Robot\Robotic-System\trunk\Workspaces\MultiWorkSpaces_2021\0_lpc_chip_175x_6x\Release\lib0_lpc_chip_175x_6x.a(chip_17xx_40xx.o) (Chip_Clock_EnablePLL)
D:\Developpement_Robot\Robotic-System\trunk\Workspaces\MultiWorkSpaces_2021\0_lpc_chip_175x_6x\Release\lib0_lpc_chip_175x_6x.a(ring_buffer.o)
                              ./Communication/0_Communication.o (RingBuffer_Init)
D:\Developpement_Robot\Robotic-System\trunk\Workspaces\MultiWorkSpaces_2021\0_lpc_chip_175x_6x\Release\lib0_lpc_chip_175x_6x.a(stopwatch_17xx_40xx.o)
                              ./Communication/USB/src/cdc_usb_main.o (StopWatch_Init)
D:\Developpement_Robot\Robotic-System\trunk\Workspaces\MultiWorkSpaces_2021\0_lpc_chip_175x_6x\Release\lib0_lpc_chip_175x_6x.a(sysinit_17xx_40xx.o)
                              ./src/IA_2021_V0.o (Chip_SetupXtalClocking)
D:\Developpement_Robot\Robotic-System\trunk\Workspaces\MultiWorkSpaces_2021\0_lpc_chip_175x_6x\Release\lib0_lpc_chip_175x_6x.a(timer_17xx_40xx.o)
                              ./src/IA_2021_V0.o (Chip_TIMER_Init)
D:\Developpement_Robot\Robotic-System\trunk\Workspaces\MultiWorkSpaces_2021\0_lpc_chip_175x_6x\Release\lib0_lpc_chip_175x_6x.a(uart_17xx_40xx.o)
                              ./Communication/0_Communication.o (Chip_UART_Init)
D:\Developpement_Robot\Robotic-System\trunk\Workspaces\MultiWorkSpaces_2021\0_lpc_board_nxp_lpcxpresso_1769\Release\lib0_lpc_board_nxp_lpcxpresso_1769.a(board.o)
                              ./src/IA_2021_V0.o (Set_Clock_in)
D:\Developpement_Robot\Robotic-System\trunk\Workspaces\MultiWorkSpaces_2021\0_lpc_chip_175x_6x\libs\libusbd_175x_6x_lib.a(mw_usbd_rom_api.o)
                              ./Communication/USB/src/cdc_usb_main.o (cdc_api)
D:\Developpement_Robot\Robotic-System\trunk\Workspaces\MultiWorkSpaces_2021\0_lpc_chip_175x_6x\libs\libusbd_175x_6x_lib.a(hw_usbd_ip3503.o)
                              D:\Developpement_Robot\Robotic-System\trunk\Workspaces\MultiWorkSpaces_2021\0_lpc_chip_175x_6x\libs\libusbd_175x_6x_lib.a(mw_usbd_rom_api.o) (hwUSB_GetMemSize)
D:\Developpement_Robot\Robotic-System\trunk\Workspaces\MultiWorkSpaces_2021\0_lpc_chip_175x_6x\libs\libusbd_175x_6x_lib.a(mw_usbd_cdcuser.o)
                              D:\Developpement_Robot\Robotic-System\trunk\Workspaces\MultiWorkSpaces_2021\0_lpc_chip_175x_6x\libs\libusbd_175x_6x_lib.a(mw_usbd_rom_api.o) (mwCDC_SendNotification)
D:\Developpement_Robot\Robotic-System\trunk\Workspaces\MultiWorkSpaces_2021\0_lpc_chip_175x_6x\libs\libusbd_175x_6x_lib.a(mw_usbd_core.o)
                              D:\Developpement_Robot\Robotic-System\trunk\Workspaces\MultiWorkSpaces_2021\0_lpc_chip_175x_6x\libs\libusbd_175x_6x_lib.a(mw_usbd_rom_api.o) (mwUSB_SetupStage)
D:\Developpement_Robot\Robotic-System\trunk\Workspaces\MultiWorkSpaces_2021\0_lpc_chip_175x_6x\libs\libusbd_175x_6x_lib.a(mw_usbd_dfuuser.o)
                              D:\Developpement_Robot\Robotic-System\trunk\Workspaces\MultiWorkSpaces_2021\0_lpc_chip_175x_6x\libs\libusbd_175x_6x_lib.a(mw_usbd_rom_api.o) (mwDFU_GetMemSize)
D:\Developpement_Robot\Robotic-System\trunk\Workspaces\MultiWorkSpaces_2021\0_lpc_chip_175x_6x\libs\libusbd_175x_6x_lib.a(mw_usbd_hiduser.o)
                              D:\Developpement_Robot\Robotic-System\trunk\Workspaces\MultiWorkSpaces_2021\0_lpc_chip_175x_6x\libs\libusbd_175x_6x_lib.a(mw_usbd_rom_api.o) (mwHID_GetMemSize)
D:\Developpement_Robot\Robotic-System\trunk\Workspaces\MultiWorkSpaces_2021\0_lpc_chip_175x_6x\libs\libusbd_175x_6x_lib.a(mw_usbd_mscuser.o)
                              D:\Developpement_Robot\Robotic-System\trunk\Workspaces\MultiWorkSpaces_2021\0_lpc_chip_175x_6x\libs\libusbd_175x_6x_lib.a(mw_usbd_rom_api.o) (mwMSC_GetMemSize)
c:/nxp/mcuxpressoide_11.2.1_4149/ide/plugins/com.nxp.mcuxpresso.tools.win32_11.2.0.202008311134/tools/bin/../lib/gcc/arm-none-eabi/9.2.1/thumb/v7-m/nofp\libgcc.a(_arm_mulsf3.o)
                              ./Strategie/Deplacement/0_Deplacements.o (__aeabi_fmul)
c:/nxp/mcuxpressoide_11.2.1_4149/ide/plugins/com.nxp.mcuxpresso.tools.win32_11.2.0.202008311134/tools/bin/../lib/gcc/arm-none-eabi/9.2.1/thumb/v7-m/nofp\libgcc.a(_arm_addsubdf3.o)
                              ./Communication/2_Echange_Datas.o (__aeabi_f2d)
c:/nxp/mcuxpressoide_11.2.1_4149/ide/plugins/com.nxp.mcuxpresso.tools.win32_11.2.0.202008311134/tools/bin/../lib/gcc/arm-none-eabi/9.2.1/thumb/v7-m/nofp\libgcc.a(_arm_addsubsf3.o)
[...]
Memory Configuration

Name             Origin             Length             Attributes
MFlash512        0x00010000         0x00070000         xr
RamLoc32         0x10000000         0x00008000         xrw
Ram_USB          0x2007c000         0x00000800         xrw
RAM3             0x2007c800         0x00007800         xrw
*default*        0x00000000         0xffffffff

Linker script and memory map

LOAD ./src/IA_2021_V0.o
LOAD ./src/Init.o
LOAD ./src/cr_startup_lpc175x_6x.o
LOAD ./src/crp.o
LOAD ./src/sysinit.o
LOAD ./src/test.o
LOAD ./freertos/src/FreeRTOSCommonHooks.o
LOAD ./freertos/src/croutine.o
LOAD ./freertos/src/event_groups.o
LOAD ./freertos/src/heap_5.o
LOAD ./freertos/src/list.o
LOAD ./freertos/src/port.o
LOAD ./freertos/src/queue.o
LOAD ./freertos/src/stream_buffer.o
LOAD ./freertos/src/tasks.o
LOAD ./freertos/src/timers.o
LOAD ./freertos/FreeRTOS_Trace/trcHardwarePort.o
LOAD ./freertos/FreeRTOS_Trace/trcKernelPort.o
LOAD ./freertos/FreeRTOS_Trace/trcSnapshotRecorder.o
LOAD ./Strategie/Deplacement/0_Deplacements.o
LOAD ./Strategie/Deplacement/1_Obstacles.o
LOAD ./Strategie/Actionneurs/0_Actionneurs.o
LOAD ./Strategie/0_Infos.o
LOAD ./Pathfinding/Astar/Astar.o
LOAD ./Communication/USB/src/cdc_desc.o
LOAD ./Communication/USB/src/cdc_usb_main.o
LOAD ./Communication/USB/src/cdc_vcom.o
LOAD ./Communication/RS485/0_RS485.o
LOAD ./Communication/0_Communication.o
LOAD ./Communication/0_Event_Group.o
LOAD ./Communication/1_Trame_Communication.o
LOAD ./Communication/2_Echange_Datas.o
LOAD ./Communication/2_Echange_Datas_Reception.o
LOAD D:\Developpement_Robot\Robotic-System\trunk\Workspaces\MultiWorkSpaces_2021\0_lpc_chip_175x_6x\Release\lib0_lpc_chip_175x_6x.a
LOAD D:\Developpement_Robot\Robotic-System\trunk\Workspaces\MultiWorkSpaces_2021\0_lpc_board_nxp_lpcxpresso_1769\Release\lib0_lpc_board_nxp_lpcxpresso_1769.a
LOAD D:\Developpement_Robot\Robotic-System\trunk\Workspaces\MultiWorkSpaces_2021\0_lpc_chip_175x_6x\libs\libusbd_175x_6x_lib.a
START GROUP
LOAD c:/nxp/mcuxpressoide_11.2.1_4149/ide/plugins/com.nxp.mcuxpresso.tools.win32_11.2.0.202008311134/tools/bin/../lib/gcc/arm-none-eabi/9.2.1/thumb/v7-m/nofp\libgcc.a
LOAD c:/nxp/mcuxpressoide_11.2.1_4149/ide/plugins/com.nxp.mcuxpresso.tools.win32_11.2.0.202008311134/tools/bin/../lib/gcc/arm-none-eabi/9.2.1/../../../../arm-none-eabi/lib/thumb/v7-m/nofp\libc_nano.a
LOAD c:/nxp/mcuxpressoide_11.2.1_4149/ide/plugins/com.nxp.mcuxpresso.tools.win32_11.2.0.202008311134/tools/bin/../lib/gcc/arm-none-eabi/9.2.1/../../../../arm-none-eabi/lib/thumb/v7-m/nofp\libm.a
LOAD c:/nxp/mcuxpressoide_11.2.1_4149/ide/plugins/com.nxp.mcuxpresso.tools.win32_11.2.0.202008311134/tools/bin/../lib/gcc/arm-none-eabi/9.2.1/../../../../arm-none-eabi/lib/thumb/v7-m/nofp\libcr_newlib_none.a
END GROUP
                0x00010000                __base_MFlash512 = 0x10000
                0x00010000                __base_Flash = 0x10000
                0x00080000                __top_MFlash512 = 0x80000
                0x00080000                __top_Flash = 0x80000
                0x10000000                __base_RamLoc32 = 0x10000000
                0x10000000                __base_RAM = 0x10000000
                0x10008000                __top_RamLoc32 = 0x10008000
                0x10008000                __top_RAM = 0x10008000
                0x2007c000                __base_Ram_USB = 0x2007c000
                0x2007c000                __base_RAM2 = 0x2007c000
                0x2007c800                __top_Ram_USB = 0x2007c800
                0x2007c800                __top_RAM2 = 0x2007c800
                0x2007c800                __base_RAM3 = 0x2007c800
                0x2007c800                __base_RAM3 = 0x2007c800
                0x20084000                __top_RAM3 = 0x20084000
                0x20084000                __top_RAM3 = 0x20084000

.text           0x00010000     0x9600
 FILL mask 0xff
                0x00010000                __vectors_start__ = ABSOLUTE (.)
 *(.isr_vector)
 .isr_vector    0x00010000       0xcc ./src/cr_startup_lpc175x_6x.o
                0x00010000                g_pfnVectors
                0x000100cc                . = ALIGN (0x4)
                0x000100cc                __section_table_start = .
                0x000100cc                __data_section_table = .
                0x000100cc        0x4 LONG 0x19600 LOADADDR (.data)
                0x000100d0        0x4 LONG 0x10000000 ADDR (.data)
                0x000100d4        0x4 LONG 0x1f0 SIZEOF (.data)
                0x000100d8        0x4 LONG 0x19600 LOADADDR (.data_RAM2)
                0x000100dc        0x4 LONG 0x2007c000 ADDR (.data_RAM2)
                0x000100e0        0x4 LONG 0x0 SIZEOF (.data_RAM2)
                0x000100e4        0x4 LONG 0x19600 LOADADDR (.data_RAM3)
                0x000100e8        0x4 LONG 0x2007c800 ADDR (.data_RAM3)
                0x000100ec        0x4 LONG 0x0 SIZEOF (.data_RAM3)
                0x000100f0                __data_section_table_end = .
                0x000100f0                __bss_section_table = .
                0x000100f0        0x4 LONG 0x100001f0 ADDR (.bss)
                0x000100f4        0x4 LONG 0x4f78 SIZEOF (.bss)
                0x000100f8        0x4 LONG 0x2007c000 ADDR (.bss_RAM2)
                0x000100fc        0x4 LONG 0x0 SIZEOF (.bss_RAM2)
                0x00010100        0x4 LONG 0x2007c800 ADDR (.bss_RAM3)
                0x00010104        0x4 LONG 0x39a0 SIZEOF (.bss_RAM3)
                0x00010108                __bss_section_table_end = .
                0x00010108                __section_table_end = .
 *(.after_vectors*)
 .after_vectors
                0x00010108       0x7c ./src/cr_startup_lpc175x_6x.o
                0x00010108                NMI_Handler
                0x0001010a                HardFault_Handler
                0x0001010c                MemManage_Handler
                0x0001010e                BusFault_Handler
                0x00010110                UsageFault_Handler
                0x00010112                DebugMon_Handler
                0x00010114                USBActivity_IRQHandler
                0x00010114                PWM1_IRQHandler
                0x00010114                I2C0_IRQHandler
                0x00010114                RIT_IRQHandler
                0x00010114                I2C1_IRQHandler
                0x00010114                EINT2_IRQHandler
                0x00010114                EINT3_IRQHandler
                0x00010114                CANActivity_IRQHandler
                0x00010114                TIMER3_IRQHandler
                0x00010114                UART0_IRQHandler
                0x00010114                DMA_IRQHandler
                0x00010114                UART3_IRQHandler
                0x00010114                IntDefaultHandler
                0x00010114                PLL0_IRQHandler
                0x00010114                CAN_IRQHandler
                0x00010114                PLL1_IRQHandler
                0x00010114                SSP0_IRQHandler
                0x00010114                I2S_IRQHandler
                0x00010114                I2C2_IRQHandler
                0x00010114                RTC_IRQHandler
                0x00010114                TIMER0_IRQHandler
                0x00010114                SPI_IRQHandler
                0x00010114                ETH_IRQHandler
                0x00010114                EINT1_IRQHandler
                0x00010114                TIMER1_IRQHandler
                0x00010114                ADC_IRQHandler
                0x00010114                SSP1_IRQHandler
                0x00010114                BOD_IRQHandler
                0x00010114                TIMER2_IRQHandler
                0x00010114                WDT_IRQHandler
                0x00010114                EINT0_IRQHandler
                0x00010114                QEI_IRQHandler
                0x00010114                MCPWM_IRQHandler
                0x00010116                data_init
                0x00010128                bss_init
                0x00010138                ResetISR
                0x0001017c                SVC_Handler
                0x0001017e                PendSV_Handler
                0x00010180                SysTick_Handler
                0x000002fc                . = 0x2fc
 *fill*         0x00010184      0x178 ff
                0x000102fc                PROVIDE (__CRP_WORD_START__ = .)
 *(.crp)
 .crp           0x000102fc        0x4 ./src/crp.o
                0x000102fc                CRP_WORD
                0x00010300                PROVIDE (__CRP_WORD_END__ = .)
                0x00000001                ASSERT (! ((__CRP_WORD_START__ == __CRP_WORD_END__)), Linker CRP Enabled, but no CRP_WORD provided within application)
 *(.text*)
 .text.vConfigureTimerForRunTimeStats
                0x00010300       0x22 ./src/IA_2021_V0.o
                0x00010300                vConfigureTimerForRunTimeStats
 *fill*         0x00010322        0x2 ff
 .text.prvSetupHardware
                0x00010324       0x30 ./src/IA_2021_V0.o
 .text.vTask_HartBeat
                0x00010354       0x5c ./src/IA_2021_V0.o
 .text.startup.main
                0x000103b0       0x34 ./src/IA_2021_V0.o
                0x000103b0                main
 .text.Debug_Trace_Texte
                0x000103e4        0x2 ./src/Init.o
                0x000103e4                Debug_Trace_Texte
 *fill*         0x000103e6        0x2 ff
 .text.Set_Debug_Pin_0_High
                0x000103e8       0x10 ./src/Init.o
                0x000103e8                Set_Debug_Pin_0_High
 .text.Set_Debug_Pin_0_Low
                0x000103f8       0x10 ./src/Init.o
                0x000103f8                Set_Debug_Pin_0_Low
 .text.Set_Debug_Pin_1_Low
                0x00010408       0x10 ./src/Init.o
                0x00010408                Set_Debug_Pin_1_Low
 .text.Init_Carte_IA
                0x00010418       0x60 ./src/Init.o
                0x00010418                Init_Carte_IA
 .text.Init_Send_Robot_ID
                0x00010478       0x14 ./src/Init.o
                0x00010478                Init_Send_Robot_ID
 .text.SystemInit
                0x0001048c       0x14 ./src/sysinit.o
                0x0001048c                SystemInit
 .text.TEST_init_parametres
                0x000104a0       0x28 ./src/test.o
                0x000104a0                TEST_init_parametres
 .text.TEST_Deplacement
                0x000104c8      0x17c ./src/test.o
                0x000104c8                TEST_Deplacement
 .text.vApplicationStackOverflowHook
                0x00010644      0x110 ./freertos/src/FreeRTOSCommonHooks.o
                0x00010644                vApplicationStackOverflowHook
 .text.xEventGroupCreate
                0x00010754       0x1a ./freertos/src/event_groups.o
                0x00010754                xEventGroupCreate
 *fill*         0x0001076e        0x2 ff
 .text.xEventGroupWaitBits
                0x00010770       0xb8 ./freertos/src/event_groups.o
                0x00010770                xEventGroupWaitBits
 .text.xEventGroupClearBits
                0x00010828       0x1a ./freertos/src/event_groups.o
                0x00010828                xEventGroupClearBits
 .text.xEventGroupSetBits
                0x00010842       0x5c ./freertos/src/event_groups.o
                0x00010842                xEventGroupSetBits
 .text.vEventGroupSetBitsCallback
                0x0001089e        0x4 ./freertos/src/event_groups.o
                0x0001089e                vEventGroupSetBitsCallback
 *fill*         0x000108a2        0x2 ff
 .text.prvInsertBlockIntoFreeList
                0x000108a4       0x48 ./freertos/src/heap_5.o
 .text.pvPortMalloc
                0x000108ec       0xb4 ./freertos/src/heap_5.o
                0x000108ec                pvPortMalloc
 .text.vPortFree
                0x000109a0       0x58 ./freertos/src/heap_5.o
                0x000109a0                vPortFree
 .text.vPortDefineHeapRegions
                0x000109f8       0x88 ./freertos/src/heap_5.o
                0x000109f8                vPortDefineHeapRegions
 .text.vListInitialise
                0x00010a80       0x16 ./freertos/src/list.o
                0x00010a80                vListInitialise
 .text.vListInitialiseItem
                0x00010a96        0x6 ./freertos/src/list.o
                0x00010a96                vListInitialiseItem
 .text.vListInsertEnd
                0x00010a9c       0x18 ./freertos/src/list.o
                0x00010a9c                vListInsertEnd
 .text.vListInsert
                0x00010ab4       0x2e ./freertos/src/list.o
                0x00010ab4                vListInsert
 .text.uxListRemove
                0x00010ae2       0x20 ./freertos/src/list.o
                0x00010ae2                uxListRemove
 .text.prvTaskExitError
                0x00010b02       0x20 ./freertos/src/port.o
 *fill*         0x00010b22        0x2 ff
 .text.prvPortStartFirstTask
                0x00010b24       0x20 ./freertos/src/port.o
 .text.pxPortInitialiseStack
                0x00010b44       0x24 ./freertos/src/port.o
                0x00010b44                pxPortInitialiseStack
 *fill*         0x00010b68        0x8 ff
 .text.vPortSVCHandler
                0x00010b70       0x24 ./freertos/src/port.o
                0x00010b70                vPortSVCHandler
 .text.vPortEnterCritical
                0x00010b94       0x20 ./freertos/src/port.o
                0x00010b94                vPortEnterCritical
 .text.vPortExitCritical
                0x00010bb4       0x14 ./freertos/src/port.o
                0x00010bb4                vPortExitCritical
 *fill*         0x00010bc8        0x8 ff
 .text.xPortPendSVHandler
                0x00010bd0       0x44 ./freertos/src/port.o
                0x00010bd0                xPortPendSVHandler
 .text.xPortSysTickHandler
                0x00010c14       0x2c ./freertos/src/port.o
                0x00010c14                xPortSysTickHandler
 .text.vPortSetupTimerInterrupt
                0x00010c40       0x24 ./freertos/src/port.o
                0x00010c40                vPortSetupTimerInterrupt
 .text.xPortStartScheduler
                0x00010c64       0x38 ./freertos/src/port.o
                0x00010c64                xPortStartScheduler
 .text.prvIsQueueEmpty
                0x00010c9c       0x16 ./freertos/src/queue.o
 .text.prvCopyDataToQueue
                0x00010cb2       0x6a ./freertos/src/queue.o
 .text.prvCopyDataFromQueue
                0x00010d1c       0x28 ./freertos/src/queue.o
 .text.prvUnlockQueue
                0x00010d44       0x70 ./freertos/src/queue.o
 .text.xQueueGenericReset
                0x00010db4       0x6c ./freertos/src/queue.o
                0x00010db4                xQueueGenericReset
 .text.xQueueGenericCreate
                0x00010e20       0x2e ./freertos/src/queue.o
                0x00010e20                xQueueGenericCreate
 *fill*         0x00010e4e        0x2 ff
 .text.xQueueGenericSend
                0x00010e50      0x104 ./freertos/src/queue.o
                0x00010e50                xQueueGenericSend
 .text.xQueueGenericSendFromISR
                0x00010f54       0x6a ./freertos/src/queue.o
                0x00010f54                xQueueGenericSendFromISR
 *fill*         0x00010fbe        0x2 ff
 .text.xQueueReceive
                0x00010fc0       0xf0 ./freertos/src/queue.o
                0x00010fc0                xQueueReceive
 .text.vQueueAddToRegistry
                0x000110b0       0x24 ./freertos/src/queue.o
                0x000110b0                vQueueAddToRegistry
 .text.vQueueWaitForMessageRestricted
                0x000110d4       0x46 ./freertos/src/queue.o
                0x000110d4                vQueueWaitForMessageRestricted
 *fill*         0x0001111a        0x2 ff
 .text.prvResetNextTaskUnblockTime
                0x0001111c       0x24 ./freertos/src/tasks.o
 .text.prvAddCurrentTaskToDelayedList
                0x00011140       0x8c ./freertos/src/tasks.o
 .text.prvIdleTask
                0x000111cc       0x6c ./freertos/src/tasks.o
 .text.xTaskCreate
                0x00011238      0x1d8 ./freertos/src/tasks.o
                0x00011238                xTaskCreate
 .text.vTaskDelete
                0x00011410       0xbc ./freertos/src/tasks.o
                0x00011410                vTaskDelete
 .text.vTaskStartScheduler
                0x000114cc       0x6c ./freertos/src/tasks.o
                0x000114cc                vTaskStartScheduler
 .text.vTaskSuspendAll
                0x00011538       0x10 ./freertos/src/tasks.o
                0x00011538                vTaskSuspendAll
 .text.xTaskGetTickCount
                0x00011548        0xc ./freertos/src/tasks.o
                0x00011548                xTaskGetTickCount
 .text.xTaskIncrementTick
                0x00011554      0x10c ./freertos/src/tasks.o
                0x00011554                xTaskIncrementTick
 .text.xTaskResumeAll
                0x00011660       0xd8 ./freertos/src/tasks.o
                0x00011660                xTaskResumeAll
 .text.vTaskDelayUntil
                0x00011738       0x4c ./freertos/src/tasks.o
                0x00011738                vTaskDelayUntil
 .text.vTaskDelay
                0x00011784       0x30 ./freertos/src/tasks.o
                0x00011784                vTaskDelay
 .text.vTaskSwitchContext
                0x000117b4       0x90 ./freertos/src/tasks.o
                0x000117b4                vTaskSwitchContext
 .text.vTaskPlaceOnEventList
                0x00011844       0x20 ./freertos/src/tasks.o
                0x00011844                vTaskPlaceOnEventList
 .text.vTaskPlaceOnUnorderedEventList
                0x00011864       0x28 ./freertos/src/tasks.o
                0x00011864                vTaskPlaceOnUnorderedEventList
 .text.vTaskPlaceOnEventListRestricted
                0x0001188c       0x2c ./freertos/src/tasks.o
                0x0001188c                vTaskPlaceOnEventListRestricted
 .text.xTaskRemoveFromEventList
                0x000118b8       0x70 ./freertos/src/tasks.o
                0x000118b8                xTaskRemoveFromEventList
 .text.vTaskRemoveFromUnorderedEventList
                0x00011928       0x58 ./freertos/src/tasks.o
                0x00011928                vTaskRemoveFromUnorderedEventList
 .text.vTaskInternalSetTimeOutState
                0x00011980       0x18 ./freertos/src/tasks.o
                0x00011980                vTaskInternalSetTimeOutState
 .text.xTaskCheckForTimeOut
                0x00011998       0x50 ./freertos/src/tasks.o
                0x00011998                xTaskCheckForTimeOut
 .text.vTaskMissedYield
                0x000119e8        0xc ./freertos/src/tasks.o
                0x000119e8                vTaskMissedYield
 .text.xTaskGetCurrentTaskHandle
                0x000119f4        0xc ./freertos/src/tasks.o
                0x000119f4                xTaskGetCurrentTaskHandle
 .text.xTaskGetSchedulerState
                0x00011a00       0x20 ./freertos/src/tasks.o
                0x00011a00                xTaskGetSchedulerState
 .text.xTaskPriorityDisinherit
                0x00011a20       0x70 ./freertos/src/tasks.o
                0x00011a20                xTaskPriorityDisinherit
 .text.uxTaskResetEventItemValue
                0x00011a90       0x18 ./freertos/src/tasks.o
                0x00011a90                uxTaskResetEventItemValue
 .text.prvCheckForValidListAndQueue
                0x00011aa8       0x58 ./freertos/src/timers.o
 .text.prvInsertTimerInActiveList
                0x00011b00       0x3c ./freertos/src/timers.o
 .text.xTimerCreateTimerTask
                0x00011b3c       0x38 ./freertos/src/timers.o
                0x00011b3c                xTimerCreateTimerTask
 .text.xTimerGenericCommand
                0x00011b74       0x44 ./freertos/src/timers.o
                0x00011b74                xTimerGenericCommand
 .text.prvSwitchTimerLists
                0x00011bb8       0x6c ./freertos/src/timers.o
 .text.prvTimerTask
                0x00011c24      0x1b8 ./freertos/src/timers.o
 .text.xTimerPendFunctionCallFromISR
                0x00011ddc       0x28 ./freertos/src/timers.o
                0x00011ddc                xTimerPendFunctionCallFromISR
 .text._0_Deplacement_Init
                0x00011e04       0x10 ./Strategie/Deplacement/0_Deplacements.o
                0x00011e04                _0_Deplacement_Init
 .text._0_Deplacement_Wait_For_Arrival
                0x00011e14       0x80 ./Strategie/Deplacement/0_Deplacements.o
                0x00011e14                _0_Deplacement_Wait_For_Arrival
 .text.Distance_To_Destination
                0x00011e94       0x48 ./Strategie/Deplacement/0_Deplacements.o
                0x00011e94                Distance_To_Destination
 .text.Distance_Two_Points
                0x00011edc       0x1c ./Strategie/Deplacement/0_Deplacements.o
                0x00011edc                Distance_Two_Points
 .text._0_Deplacement_Tourne_Avance
                0x00011ef8       0xc0 ./Strategie/Deplacement/0_Deplacements.o
                0x00011ef8                _0_Deplacement_Tourne_Avance
 .text._0_Deplacement_Tourne_Avance_ASTAR
                0x00011fb8       0x94 ./Strategie/Deplacement/0_Deplacements.o
                0x00011fb8                _0_Deplacement_Tourne_Avance_ASTAR
 .text._0_Deplacement_ASTAR
                0x0001204c      0x27c ./Strategie/Deplacement/0_Deplacements.o
                0x0001204c                _0_Deplacement_ASTAR
 .text._1_TEST_Obstacles_Opponent_Robots
                0x000122c8       0x7e ./Strategie/Deplacement/1_Obstacles.o
                0x000122c8                _1_TEST_Obstacles_Opponent_Robots
 .text._1_Obstacles_Create_Terrain_Border
                0x00012346       0xaa ./Strategie/Deplacement/1_Obstacles.o
                0x00012346                _1_Obstacles_Create_Terrain_Border
 .text._0_Infos_Init
                0x000123f0       0x10 ./Strategie/0_Infos.o
                0x000123f0                _0_Infos_Init
 .text._0_Update_Card_Datas
                0x00012400       0x20 ./Strategie/0_Infos.o
                0x00012400                _0_Update_Card_Datas
 .text._0_Get_Robot_Position
                0x00012420       0x4c ./Strategie/0_Infos.o
                0x00012420                _0_Get_Robot_Position
 .text.Astar_Set_Node_as_Blocked
                0x0001246c       0x2a ./Pathfinding/Astar/Astar.o
 .text.Astar_Set_Node_as_Closed
                0x00012496       0x1e ./Pathfinding/Astar/Astar.o
 .text.Astar_Set_Node_as_Opened
                0x000124b4       0x1e ./Pathfinding/Astar/Astar.o
 *fill*         0x000124d2        0x2 ff
 .text.Astar_Compute_H_cost
                0x000124d4       0x34 ./Pathfinding/Astar/Astar.o
 .text.Astar_Map_Init
                0x00012508      0x104 ./Pathfinding/Astar/Astar.o
                0x00012508                Astar_Map_Init
 .text.Astar_Get_Map
                0x0001260c        0x8 ./Pathfinding/Astar/Astar.o
                0x0001260c                Astar_Get_Map
 .text.Astar_Get_Vector_Map
                0x00012614        0x8 ./Pathfinding/Astar/Astar.o
                0x00012614                Astar_Get_Vector_Map
 .text.Astar_Find_Path
                0x0001261c      0x1d8 ./Pathfinding/Astar/Astar.o
                0x0001261c                Astar_Find_Path
 .text.Astar_Generate_Trajectory
                0x000127f4       0x98 ./Pathfinding/Astar/Astar.o
                0x000127f4                Astar_Generate_Trajectory
 .text.Astar_Find_Best_Node_To_Compute
                0x0001288c      0x126 ./Pathfinding/Astar/Astar.o
                0x0001288c                Astar_Find_Best_Node_To_Compute
 .text.Astar_Compute_Surronding_Nodes
                0x000129b2      0x3da ./Pathfinding/Astar/Astar.o
                0x000129b2                Astar_Compute_Surronding_Nodes
 .text.Astar_Compute_Node
                0x00012d8c      0x102 ./Pathfinding/Astar/Astar.o
                0x00012d8c                Astar_Compute_Node
 .text.Astar_Smoothing
                0x00012e8e       0x84 ./Pathfinding/Astar/Astar.o
                0x00012e8e                Astar_Smoothing
 .text.Dijkstra_Intersect_Any_Segment
                0x00012f12       0x42 ./Pathfinding/Astar/Astar.o
                0x00012f12                Dijkstra_Intersect_Any_Segment
 .text.Dijkstra_intersect_segment
                0x00012f54      0x2aa ./Pathfinding/Astar/Astar.o
                0x00012f54                Dijkstra_intersect_segment
 .text.Astar_Add_Rectangular_Obstacle
                0x000131fe       0xb6 ./Pathfinding/Astar/Astar.o
                0x000131fe                Astar_Add_Rectangular_Obstacle
 .text.Astar_Add_Obstacle_Vector
                0x000132b4       0x72 ./Pathfinding/Astar/Astar.o
                0x000132b4                Astar_Add_Obstacle_Vector
 .text._0_RS485_Master_Mode
                0x00013326       0x16 ./Communication/RS485/0_RS485.o
                0x00013326                _0_RS485_Master_Mode
 .text._0_RS485_Slave_Mode
                0x0001333c       0x16 ./Communication/RS485/0_RS485.o
                0x0001333c                _0_RS485_Slave_Mode
 .text._0_RS485_Init
                0x00013352       0x54 ./Communication/RS485/0_RS485.o
                0x00013352                _0_RS485_Init
 *fill*         0x000133a6        0x2 ff
 .text._0_Communication_Init
                0x000133a8       0x5c ./Communication/0_Communication.o
                0x000133a8                _0_Communication_Init
 .text._0_Communication_Init_RS485
                0x00013404       0xa0 ./Communication/0_Communication.o
                0x00013404                _0_Communication_Init_RS485
 .text._0_Communication_Init_XBEE
                0x000134a4       0x9c ./Communication/0_Communication.o
                0x000134a4                _0_Communication_Init_XBEE
 .text.UART1_IRQHandler
                0x00013540       0x9c ./Communication/0_Communication.o
                0x00013540                UART1_IRQHandler
 .text.UART2_IRQHandler
                0x000135dc       0x9c ./Communication/0_Communication.o
                0x000135dc                UART2_IRQHandler
 .text.USB_IRQHandler
                0x00013678       0x18 ./Communication/0_Communication.o
                0x00013678                USB_IRQHandler
 .text._0_Communication_Send_Data
                0x00013690       0x88 ./Communication/0_Communication.o
                0x00013690                _0_Communication_Send_Data
 .text._0_Communication_Send_RS485
                0x00013718       0x98 ./Communication/0_Communication.o
                0x00013718                _0_Communication_Send_RS485
 .text._0_Communication_Send_XBEE
                0x000137b0       0x82 ./Communication/0_Communication.o
                0x000137b0                _0_Communication_Send_XBEE
 .text.Chip_UART_SendByte
                0x00013832        0x4 ./Communication/0_Communication.o
 .text.Chip_UART_ReadLineStatus
                0x00013836        0x4 ./Communication/0_Communication.o
 *fill*         0x0001383a        0x2 ff
 .text._0_Communication_Init_Event_Group
                0x0001383c       0x10 ./Communication/0_Event_Group.o
                0x0001383c                _0_Communication_Init_Event_Group
 .text._1_Communication_Init
                0x0001384c       0x28 ./Communication/1_Trame_Communication.o
                0x0001384c                _1_Communication_Init
 .text._1_Communication_Create_Queues_Semaphores
                0x00013874       0x10 ./Communication/1_Trame_Communication.o
                0x00013874                _1_Communication_Create_Queues_Semaphores
 .text._1_Communication_Wait_To_Send
                0x00013884       0x20 ./Communication/1_Trame_Communication.o
                0x00013884                _1_Communication_Wait_To_Send
 .text._1_Communication_Free_Send_Bit
                0x000138a4       0x10 ./Communication/1_Trame_Communication.o
                0x000138a4                _1_Communication_Free_Send_Bit
 .text._1_Communication_Wait_To_Receive
                0x000138b4       0x20 ./Communication/1_Trame_Communication.o
                0x000138b4                _1_Communication_Wait_To_Receive
 .text._1_Communication_Free_Receive_Bit
                0x000138d4       0x10 ./Communication/1_Trame_Communication.o
                0x000138d4                _1_Communication_Free_Receive_Bit
 .text._1_Communication_Create_Message
                0x000138e4       0x78 ./Communication/1_Trame_Communication.o
                0x000138e4                _1_Communication_Create_Message
 .text._1_Communication_Create_Trame
                0x0001395c       0x38 ./Communication/1_Trame_Communication.o
                0x0001395c                _1_Communication_Create_Trame
 .text._1_Communication_Create_Trame_From_Buffer
                0x00013994      0x294 ./Communication/1_Trame_Communication.o
                0x00013994                _1_Communication_Create_Trame_From_Buffer
 .text._1_Communication_Check_Rx_Adresse
                0x00013c28       0x18 ./Communication/1_Trame_Communication.o
                0x00013c28                _1_Communication_Check_Rx_Adresse
 .text._1_Communication_Recomposition_Rx
                0x00013c40       0x68 ./Communication/1_Trame_Communication.o
                0x00013c40                _1_Communication_Recomposition_Rx
 .text._2_Communication_Init
                0x00013ca8       0x10 ./Communication/2_Echange_Datas.o
                0x00013ca8                _2_Communication_Init
 .text._2_Comm_Send_Destination_Robot
                0x00013cb8       0xb4 ./Communication/2_Echange_Datas.o
                0x00013cb8                _2_Comm_Send_Destination_Robot
 .text._2_Comm_Send_Demande_Info
                0x00013d6c       0x34 ./Communication/2_Echange_Datas.o
                0x00013d6c                _2_Comm_Send_Demande_Info
 .text._2_Comm_Send_PING
                0x00013da0       0x34 ./Communication/2_Echange_Datas.o
                0x00013da0                _2_Comm_Send_PING
 .text._2_Comm_Send_PONG
                0x00013dd4       0x78 ./Communication/2_Echange_Datas.o
                0x00013dd4                _2_Comm_Send_PONG
 .text._2_Comm_Send_Communication_Status
                0x00013e4c       0x48 ./Communication/2_Echange_Datas.o
                0x00013e4c                _2_Comm_Send_Communication_Status
 .text._2_Comm_Send_Log_Message
                0x00013e94      0x10c ./Communication/2_Echange_Datas.o
                0x00013e94                _2_Comm_Send_Log_Message
 .text._2_Communication_Boards_Status
                0x00013fa0       0x82 ./Communication/2_Echange_Datas.o
                0x00013fa0                _2_Communication_Boards_Status
 *fill*         0x00014022        0x2 ff
 .text._2_Comm_Robot_ID
                0x00014024       0x34 ./Communication/2_Echange_Datas.o
                0x00014024                _2_Comm_Robot_ID
 .text._2_Comm_Demande_Simulation
                0x00014058       0x40 ./Communication/2_Echange_Datas.o
                0x00014058                _2_Comm_Demande_Simulation
 .text._2_Comm_Demande_Motor_Power
                0x00014098       0x44 ./Communication/2_Echange_Datas.o
                0x00014098                _2_Comm_Demande_Motor_Power
 .text._2_Comm_Set_Robot_Position
                0x000140dc       0xa4 ./Communication/2_Echange_Datas.o
                0x000140dc                _2_Comm_Set_Robot_Position
 .text._2_Comm_Send_ASTAR_Contenu
                0x00014180       0xbc ./Communication/2_Echange_Datas.o
                0x00014180                _2_Comm_Send_ASTAR_Contenu
 .text._2_Communication_RX_Init
                0x0001423c        0x2 ./Communication/2_Echange_Datas_Reception.o
                0x0001423c                _2_Communication_RX_Init
 *fill*         0x0001423e        0x2 ff
 .text._2_Communication_Interprete_message
                0x00014240       0x58 ./Communication/2_Echange_Datas_Reception.o
                0x00014240                _2_Communication_Interprete_message
 .text._2_Communication_RX_Reponse_Infos
                0x00014298       0x1a ./Communication/2_Echange_Datas_Reception.o
                0x00014298                _2_Communication_RX_Reponse_Infos
 *fill*         0x000142b2        0x2 ff
 .text.SystemCoreClockUpdate
                0x000142b4       0x10 D:\Developpement_Robot\Robotic-System\trunk\Workspaces\MultiWorkSpaces_2021\0_lpc_chip_175x_6x\Release\lib0_lpc_chip_175x_6x.a(chip_17xx_40xx.o)
                0x000142b4                SystemCoreClockUpdate
 .text.Chip_Clock_EnablePLL
                0x000142c4       0x24 D:\Developpement_Robot\Robotic-System\trunk\Workspaces\MultiWorkSpaces_2021\0_lpc_chip_175x_6x\Release\lib0_lpc_chip_175x_6x.a(clock_17xx_40xx.o)
                0x000142c4                Chip_Clock_EnablePLL
 .text.Chip_Clock_DisablePLL
                0x000142e8       0x26 D:\Developpement_Robot\Robotic-System\trunk\Workspaces\MultiWorkSpaces_2021\0_lpc_chip_175x_6x\Release\lib0_lpc_chip_175x_6x.a(clock_17xx_40xx.o)
                0x000142e8                Chip_Clock_DisablePLL
 .text.Chip_Clock_SetupPLL
                0x0001430e       0x30 D:\Developpement_Robot\Robotic-System\trunk\Workspaces\MultiWorkSpaces_2021\0_lpc_chip_175x_6x\Release\lib0_lpc_chip_175x_6x.a(clock_17xx_40xx.o)
                0x0001430e                Chip_Clock_SetupPLL
 *fill*         0x0001433e        0x2 ff
 .text.Chip_Clock_EnablePeriphClock
                0x00014340       0x18 D:\Developpement_Robot\Robotic-System\trunk\Workspaces\MultiWorkSpaces_2021\0_lpc_chip_175x_6x\Release\lib0_lpc_chip_175x_6x.a(clock_17xx_40xx.o)
                0x00014340                Chip_Clock_EnablePeriphClock
 .text.Chip_Clock_GetCPUClockSource
                0x00014358       0x10 D:\Developpement_Robot\Robotic-System\trunk\Workspaces\MultiWorkSpaces_2021\0_lpc_chip_175x_6x\Release\lib0_lpc_chip_175x_6x.a(clock_17xx_40xx.o)
                0x00014358                Chip_Clock_GetCPUClockSource
 .text.Chip_Clock_SetCPUClockDiv
                0x00014368        0xc D:\Developpement_Robot\Robotic-System\trunk\Workspaces\MultiWorkSpaces_2021\0_lpc_chip_175x_6x\Release\lib0_lpc_chip_175x_6x.a(clock_17xx_40xx.o)
                0x00014368                Chip_Clock_SetCPUClockDiv
 .text.Chip_Clock_GetCPUClockDiv
                0x00014374       0x10 D:\Developpement_Robot\Robotic-System\trunk\Workspaces\MultiWorkSpaces_2021\0_lpc_chip_175x_6x\Release\lib0_lpc_chip_175x_6x.a(clock_17xx_40xx.o)
                0x00014374                Chip_Clock_GetCPUClockDiv
 .text.Chip_Clock_GetPCLKDiv
                0x00014384       0x38 D:\Developpement_Robot\Robotic-System\trunk\Workspaces\MultiWorkSpaces_2021\0_lpc_chip_175x_6x\Release\lib0_lpc_chip_175x_6x.a(clock_17xx_40xx.o)
                0x00014384                Chip_Clock_GetPCLKDiv
 .text.Chip_Clock_GetSYSCLKRate
                0x000143bc       0x38 D:\Developpement_Robot\Robotic-System\trunk\Workspaces\MultiWorkSpaces_2021\0_lpc_chip_175x_6x\Release\lib0_lpc_chip_175x_6x.a(clock_17xx_40xx.o)
                0x000143bc                Chip_Clock_GetSYSCLKRate
 .text.Chip_Clock_GetMainPLLOutClockRate
                0x000143f4       0x34 D:\Developpement_Robot\Robotic-System\trunk\Workspaces\MultiWorkSpaces_2021\0_lpc_chip_175x_6x\Release\lib0_lpc_chip_175x_6x.a(clock_17xx_40xx.o)
                0x000143f4                Chip_Clock_GetMainPLLOutClockRate
 .text.Chip_Clock_GetMainClockRate
                0x00014428       0x20 D:\Developpement_Robot\Robotic-System\trunk\Workspaces\MultiWorkSpaces_2021\0_lpc_chip_175x_6x\Release\lib0_lpc_chip_175x_6x.a(clock_17xx_40xx.o)
                0x00014428                Chip_Clock_GetMainClockRate
 .text.Chip_Clock_GetSystemClockRate
                0x00014448       0x12 D:\Developpement_Robot\Robotic-System\trunk\Workspaces\MultiWorkSpaces_2021\0_lpc_chip_175x_6x\Release\lib0_lpc_chip_175x_6x.a(clock_17xx_40xx.o)
                0x00014448                Chip_Clock_GetSystemClockRate
 .text.Chip_Clock_GetPeripheralClockRate
                0x0001445a       0x16 D:\Developpement_Robot\Robotic-System\trunk\Workspaces\MultiWorkSpaces_2021\0_lpc_chip_175x_6x\Release\lib0_lpc_chip_175x_6x.a(clock_17xx_40xx.o)
                0x0001445a                Chip_Clock_GetPeripheralClockRate
 .text.RingBuffer_Init
                0x00014470       0x10 D:\Developpement_Robot\Robotic-System\trunk\Workspaces\MultiWorkSpaces_2021\0_lpc_chip_175x_6x\Release\lib0_lpc_chip_175x_6x.a(ring_buffer.o)
                0x00014470                RingBuffer_Init
 .text.RingBuffer_Insert
                0x00014480       0x30 D:\Developpement_Robot\Robotic-System\trunk\Workspaces\MultiWorkSpaces_2021\0_lpc_chip_175x_6x\Release\lib0_lpc_chip_175x_6x.a(ring_buffer.o)
                0x00014480                RingBuffer_Insert
 .text.RingBuffer_InsertMult
                0x000144b0       0x88 D:\Developpement_Robot\Robotic-System\trunk\Workspaces\MultiWorkSpaces_2021\0_lpc_chip_175x_6x\Release\lib0_lpc_chip_175x_6x.a(ring_buffer.o)
                0x000144b0                RingBuffer_InsertMult
 .text.RingBuffer_Pop
                0x00014538       0x30 D:\Developpement_Robot\Robotic-System\trunk\Workspaces\MultiWorkSpaces_2021\0_lpc_chip_175x_6x\Release\lib0_lpc_chip_175x_6x.a(ring_buffer.o)
                0x00014538                RingBuffer_Pop
 .text.RingBuffer_PopMult
                0x00014568       0x7c D:\Developpement_Robot\Robotic-System\trunk\Workspaces\MultiWorkSpaces_2021\0_lpc_chip_175x_6x\Release\lib0_lpc_chip_175x_6x.a(ring_buffer.o)
                0x00014568                RingBuffer_PopMult
 .text.RingBuffer_Count
                0x000145e4        0x8 D:\Developpement_Robot\Robotic-System\trunk\Workspaces\MultiWorkSpaces_2021\0_lpc_chip_175x_6x\Release\lib0_lpc_chip_175x_6x.a(ring_buffer.o)
                0x000145e4                RingBuffer_Count
 .text.Chip_SetupIrcClocking
                0x000145ec       0x64 D:\Developpement_Robot\Robotic-System\trunk\Workspaces\MultiWorkSpaces_2021\0_lpc_chip_175x_6x\Release\lib0_lpc_chip_175x_6x.a(sysinit_17xx_40xx.o)
                0x000145ec                Chip_SetupIrcClocking
 .text.Chip_SetupXtalClocking
                0x00014650       0xdc D:\Developpement_Robot\Robotic-System\trunk\Workspaces\MultiWorkSpaces_2021\0_lpc_chip_175x_6x\Release\lib0_lpc_chip_175x_6x.a(sysinit_17xx_40xx.o)
                0x00014650                Chip_SetupXtalClocking
 .text.Chip_SystemInit
                0x0001472c        0x4 D:\Developpement_Robot\Robotic-System\trunk\Workspaces\MultiWorkSpaces_2021\0_lpc_chip_175x_6x\Release\lib0_lpc_chip_175x_6x.a(sysinit_17xx_40xx.o)
                0x0001472c                Chip_SystemInit
 .text.Chip_TIMER_Init
                0x00014730       0x2c D:\Developpement_Robot\Robotic-System\trunk\Workspaces\MultiWorkSpaces_2021\0_lpc_chip_175x_6x\Release\lib0_lpc_chip_175x_6x.a(timer_17xx_40xx.o)
                0x00014730                Chip_TIMER_Init
 .text.Chip_UART_GetClockIndex
                0x0001475c       0x28 D:\Developpement_Robot\Robotic-System\trunk\Workspaces\MultiWorkSpaces_2021\0_lpc_chip_175x_6x\Release\lib0_lpc_chip_175x_6x.a(uart_17xx_40xx.o)
 .text.Chip_UART_Init
                0x00014784       0x38 D:\Developpement_Robot\Robotic-System\trunk\Workspaces\MultiWorkSpaces_2021\0_lpc_chip_175x_6x\Release\lib0_lpc_chip_175x_6x.a(uart_17xx_40xx.o)
                0x00014784                Chip_UART_Init
 .text.Chip_UART_TXEnable
                0x000147bc        0x6 D:\Developpement_Robot\Robotic-System\trunk\Workspaces\MultiWorkSpaces_2021\0_lpc_chip_175x_6x\Release\lib0_lpc_chip_175x_6x.a(uart_17xx_40xx.o)
                0x000147bc                Chip_UART_TXEnable
 .text.Chip_UART_SetBaud
                0x000147c2       0x34 D:\Developpement_Robot\Robotic-System\trunk\Workspaces\MultiWorkSpaces_2021\0_lpc_chip_175x_6x\Release\lib0_lpc_chip_175x_6x.a(uart_17xx_40xx.o)
                0x000147c2                Chip_UART_SetBaud
 .text.Chip_UART_RXIntHandlerRB
                0x000147f6       0x22 D:\Developpement_Robot\Robotic-System\trunk\Workspaces\MultiWorkSpaces_2021\0_lpc_chip_175x_6x\Release\lib0_lpc_chip_175x_6x.a(uart_17xx_40xx.o)
                0x000147f6                Chip_UART_RXIntHandlerRB
 .text.Chip_UART_TXIntHandlerRB
                0x00014818       0x24 D:\Developpement_Robot\Robotic-System\trunk\Workspaces\MultiWorkSpaces_2021\0_lpc_chip_175x_6x\Release\lib0_lpc_chip_175x_6x.a(uart_17xx_40xx.o)
                0x00014818                Chip_UART_TXIntHandlerRB
 .text.Chip_UART_IRQRBHandler
                0x0001483c       0x68 D:\Developpement_Robot\Robotic-System\trunk\Workspaces\MultiWorkSpaces_2021\0_lpc_chip_175x_6x\Release\lib0_lpc_chip_175x_6x.a(uart_17xx_40xx.o)
                0x0001483c                Chip_UART_IRQRBHandler
 .text.Set_Clock_in
                0x000148a4        0xc D:\Developpement_Robot\Robotic-System\trunk\Workspaces\MultiWorkSpaces_2021\0_lpc_board_nxp_lpcxpresso_1769\Release\lib0_lpc_board_nxp_lpcxpresso_1769.a(board.o)
                0x000148a4                Set_Clock_in
 .text.Board_Init
                0x000148b0       0x12 D:\Developpement_Robot\Robotic-System\trunk\Workspaces\MultiWorkSpaces_2021\0_lpc_board_nxp_lpcxpresso_1769\Release\lib0_lpc_board_nxp_lpcxpresso_1769.a(board.o)
                0x000148b0                Board_Init
 .text.EPAdr    0x000148c2       0x10 D:\Developpement_Robot\Robotic-System\trunk\Workspaces\MultiWorkSpaces_2021\0_lpc_chip_175x_6x\libs\libusbd_175x_6x_lib.a(hw_usbd_ip3503.o)
                0x000148c2                EPAdr
 .text.hwWrCmd  0x000148d2       0x10 D:\Developpement_Robot\Robotic-System\trunk\Workspaces\MultiWorkSpaces_2021\0_lpc_chip_175x_6x\libs\libusbd_175x_6x_lib.a(hw_usbd_ip3503.o)
                0x000148d2                hwWrCmd
 .text.hwWrCmdDat
                0x000148e2       0x16 D:\Developpement_Robot\Robotic-System\trunk\Workspaces\MultiWorkSpaces_2021\0_lpc_chip_175x_6x\libs\libusbd_175x_6x_lib.a(hw_usbd_ip3503.o)
                0x000148e2                hwWrCmdDat
 .text.hwWrCmdEP
                0x000148f8       0x24 D:\Developpement_Robot\Robotic-System\trunk\Workspaces\MultiWorkSpaces_2021\0_lpc_chip_175x_6x\libs\libusbd_175x_6x_lib.a(hw_usbd_ip3503.o)
                0x000148f8                hwWrCmdEP
 .text.hwRdCmdDat
                0x0001491c       0x12 D:\Developpement_Robot\Robotic-System\trunk\Workspaces\MultiWorkSpaces_2021\0_lpc_chip_175x_6x\libs\libusbd_175x_6x_lib.a(hw_usbd_ip3503.o)
                0x0001491c                hwRdCmdDat
 .text.hwUSB_GetMemSize
                0x0001492e        0x6 D:\Developpement_Robot\Robotic-System\trunk\Workspaces\MultiWorkSpaces_2021\0_lpc_chip_175x_6x\libs\libusbd_175x_6x_lib.a(hw_usbd_ip3503.o)
                0x0001492e                hwUSB_GetMemSize
 .text.hwUSB_Connect
                0x00014934       0x1c D:\Developpement_Robot\Robotic-System\trunk\Workspaces\MultiWorkSpaces_2021\0_lpc_chip_175x_6x\libs\libusbd_175x_6x_lib.a(hw_usbd_ip3503.o)
                0x00014934                hwUSB_Connect
 .text.hwUSB_Reset
                0x00014950       0x30 D:\Developpement_Robot\Robotic-System\trunk\Workspaces\MultiWorkSpaces_2021\0_lpc_chip_175x_6x\libs\libusbd_175x_6x_lib.a(hw_usbd_ip3503.o)
                0x00014950                hwUSB_Reset
 .text.hwUSB_WakeUp
                0x00014980       0x20 D:\Developpement_Robot\Robotic-System\trunk\Workspaces\MultiWorkSpaces_2021\0_lpc_chip_175x_6x\libs\libusbd_175x_6x_lib.a(hw_usbd_ip3503.o)
                0x00014980                hwUSB_WakeUp
 .text.hwUSB_WakeUpCfg
                0x000149a0        0x2 D:\Developpement_Robot\Robotic-System\trunk\Workspaces\MultiWorkSpaces_2021\0_lpc_chip_175x_6x\libs\libusbd_175x_6x_lib.a(hw_usbd_ip3503.o)
                0x000149a0                hwUSB_WakeUpCfg
 *fill*         0x000149a2        0x2 ff
 .text.hwUSB_SetAddress
                0x000149a4       0x30 D:\Developpement_Robot\Robotic-System\trunk\Workspaces\MultiWorkSpaces_2021\0_lpc_chip_175x_6x\libs\libusbd_175x_6x_lib.a(hw_usbd_ip3503.o)
                0x000149a4                hwUSB_SetAddress
 .text.hwUSB_Init
                0x000149d4       0x84 D:\Developpement_Robot\Robotic-System\trunk\Workspaces\MultiWorkSpaces_2021\0_lpc_chip_175x_6x\libs\libusbd_175x_6x_lib.a(hw_usbd_ip3503.o)
                0x000149d4                hwUSB_Init
 .text.hwUSB_Configure
                0x00014a58       0x34 D:\Developpement_Robot\Robotic-System\trunk\Workspaces\MultiWorkSpaces_2021\0_lpc_chip_175x_6x\libs\libusbd_175x_6x_lib.a(hw_usbd_ip3503.o)
                0x00014a58                hwUSB_Configure
 .text.hwUSB_ConfigEP
                0x00014a8c       0x32 D:\Developpement_Robot\Robotic-System\trunk\Workspaces\MultiWorkSpaces_2021\0_lpc_chip_175x_6x\libs\libusbd_175x_6x_lib.a(hw_usbd_ip3503.o)
                0x00014a8c                hwUSB_ConfigEP
 .text.hwUSB_DirCtrlEP
                0x00014abe        0x2 D:\Developpement_Robot\Robotic-System\trunk\Workspaces\MultiWorkSpaces_2021\0_lpc_chip_175x_6x\libs\libusbd_175x_6x_lib.a(hw_usbd_ip3503.o)
                0x00014abe                hwUSB_DirCtrlEP
 .text.hwUSB_EnableEP
                0x00014ac0       0x24 D:\Developpement_Robot\Robotic-System\trunk\Workspaces\MultiWorkSpaces_2021\0_lpc_chip_175x_6x\libs\libusbd_175x_6x_lib.a(hw_usbd_ip3503.o)
                0x00014ac0                hwUSB_EnableEP
 .text.hwUSB_DisableEP
                0x00014ae4       0x28 D:\Developpement_Robot\Robotic-System\trunk\Workspaces\MultiWorkSpaces_2021\0_lpc_chip_175x_6x\libs\libusbd_175x_6x_lib.a(hw_usbd_ip3503.o)
                0x00014ae4                hwUSB_DisableEP
 .text.hwUSB_ResetEP
                0x00014b0c       0x24 D:\Developpement_Robot\Robotic-System\trunk\Workspaces\MultiWorkSpaces_2021\0_lpc_chip_175x_6x\libs\libusbd_175x_6x_lib.a(hw_usbd_ip3503.o)
                0x00014b0c                hwUSB_ResetEP
 .text.hwUSB_SetStallEP
                0x00014b30       0x28 D:\Developpement_Robot\Robotic-System\trunk\Workspaces\MultiWorkSpaces_2021\0_lpc_chip_175x_6x\libs\libusbd_175x_6x_lib.a(hw_usbd_ip3503.o)
                0x00014b30                hwUSB_SetStallEP
 .text.hwUSB_ClrStallEP
                0x00014b58       0x24 D:\Developpement_Robot\Robotic-System\trunk\Workspaces\MultiWorkSpaces_2021\0_lpc_chip_175x_6x\libs\libusbd_175x_6x_lib.a(hw_usbd_ip3503.o)
                0x00014b58                hwUSB_ClrStallEP
 .text.hwUSB_EnableEvent
                0x00014b7c       0xd8 D:\Developpement_Robot\Robotic-System\trunk\Workspaces\MultiWorkSpaces_2021\0_lpc_chip_175x_6x\libs\libusbd_175x_6x_lib.a(hw_usbd_ip3503.o)
                0x00014b7c                hwUSB_EnableEvent
 .text.hwUSB_ReadEP
                0x00014c54       0x80 D:\Developpement_Robot\Robotic-System\trunk\Workspaces\MultiWorkSpaces_2021\0_lpc_chip_175x_6x\libs\libusbd_175x_6x_lib.a(hw_usbd_ip3503.o)
                0x00014c54                hwUSB_ReadEP
 .text.hwUSB_ForceFullSpeed
                0x00014cd4        0x2 D:\Developpement_Robot\Robotic-System\trunk\Workspaces\MultiWorkSpaces_2021\0_lpc_chip_175x_6x\libs\libusbd_175x_6x_lib.a(hw_usbd_ip3503.o)
                0x00014cd4                hwUSB_ForceFullSpeed
 .text.hwUSB_SetTestMode
                0x00014cd6        0x4 D:\Developpement_Robot\Robotic-System\trunk\Workspaces\MultiWorkSpaces_2021\0_lpc_chip_175x_6x\libs\libusbd_175x_6x_lib.a(hw_usbd_ip3503.o)
                0x00014cd6                hwUSB_SetTestMode
 .text.hwUSB_ReadReqEP
                0x00014cda        0x4 D:\Developpement_Robot\Robotic-System\trunk\Workspaces\MultiWorkSpaces_2021\0_lpc_chip_175x_6x\libs\libusbd_175x_6x_lib.a(hw_usbd_ip3503.o)
                0x00014cda                hwUSB_ReadReqEP
 .text.hwUSB_ReadSetupPkt
                0x00014cde        0x4 D:\Developpement_Robot\Robotic-System\trunk\Workspaces\MultiWorkSpaces_2021\0_lpc_chip_175x_6x\libs\libusbd_175x_6x_lib.a(hw_usbd_ip3503.o)
                0x00014cde                hwUSB_ReadSetupPkt
 *fill*         0x00014ce2        0x2 ff
 .text.hwUSB_WriteEP
                0x00014ce4       0x44 D:\Developpement_Robot\Robotic-System\trunk\Workspaces\MultiWorkSpaces_2021\0_lpc_chip_175x_6x\libs\libusbd_175x_6x_lib.a(hw_usbd_ip3503.o)
                0x00014ce4                hwUSB_WriteEP
 .text.hwUSB_ISR
                0x00014d28      0x1a0 D:\Developpement_Robot\Robotic-System\trunk\Workspaces\MultiWorkSpaces_2021\0_lpc_chip_175x_6x\libs\libusbd_175x_6x_lib.a(hw_usbd_ip3503.o)
                0x00014d28                hwUSB_ISR
 .text.mwCDC_SetRequest
                0x00014ec8       0x7c D:\Developpement_Robot\Robotic-System\trunk\Workspaces\MultiWorkSpaces_2021\0_lpc_chip_175x_6x\libs\libusbd_175x_6x_lib.a(mw_usbd_cdcuser.o)
                0x00014ec8                mwCDC_SetRequest
 .text.mwCDC_ep0_hdlr
                0x00014f44       0xb0 D:\Developpement_Robot\Robotic-System\trunk\Workspaces\MultiWorkSpaces_2021\0_lpc_chip_175x_6x\libs\libusbd_175x_6x_lib.a(mw_usbd_cdcuser.o)
                0x00014f44                mwCDC_ep0_hdlr
 .text.mwCDC_GetRequest
                0x00014ff4       0x50 D:\Developpement_Robot\Robotic-System\trunk\Workspaces\MultiWorkSpaces_2021\0_lpc_chip_175x_6x\libs\libusbd_175x_6x_lib.a(mw_usbd_cdcuser.o)
                0x00014ff4                mwCDC_GetRequest
 .text.mwCDC_SendNotification
                0x00015044       0x50 D:\Developpement_Robot\Robotic-System\trunk\Workspaces\MultiWorkSpaces_2021\0_lpc_chip_175x_6x\libs\libusbd_175x_6x_lib.a(mw_usbd_cdcuser.o)
                0x00015044                mwCDC_SendNotification
 .text.mwCDC_GetMemSize
                0x00015094        0x4 D:\Developpement_Robot\Robotic-System\trunk\Workspaces\MultiWorkSpaces_2021\0_lpc_chip_175x_6x\libs\libusbd_175x_6x_lib.a(mw_usbd_cdcuser.o)
                0x00015094                mwCDC_GetMemSize
 .text.mwCDC_init
                0x00015098      0x140 D:\Developpement_Robot\Robotic-System\trunk\Workspaces\MultiWorkSpaces_2021\0_lpc_chip_175x_6x\libs\libusbd_175x_6x_lib.a(mw_usbd_cdcuser.o)
                0x00015098                mwCDC_init
 .text.USB_ReqGetConfiguration
                0x000151d8       0x20 D:\Developpement_Robot\Robotic-System\trunk\Workspaces\MultiWorkSpaces_2021\0_lpc_chip_175x_6x\libs\libusbd_175x_6x_lib.a(mw_usbd_core.o)
                0x000151d8                USB_ReqGetConfiguration
 .text.USBD_virt_to_phys
                0x000151f8        0x2 D:\Developpement_Robot\Robotic-System\trunk\Workspaces\MultiWorkSpaces_2021\0_lpc_chip_175x_6x\libs\libusbd_175x_6x_lib.a(mw_usbd_core.o)
                0x000151f8                USBD_virt_to_phys
 .text.USBD_cache_flush
                0x000151fa        0x2 D:\Developpement_Robot\Robotic-System\trunk\Workspaces\MultiWorkSpaces_2021\0_lpc_chip_175x_6x\libs\libusbd_175x_6x_lib.a(mw_usbd_core.o)
                0x000151fa                USBD_cache_flush
 .text.USB_ReqGetStatus
                0x000151fc       0x8c D:\Developpement_Robot\Robotic-System\trunk\Workspaces\MultiWorkSpaces_2021\0_lpc_chip_175x_6x\libs\libusbd_175x_6x_lib.a(mw_usbd_core.o)
                0x000151fc                USB_ReqGetStatus
 .text.USB_ReqGetDescriptor
                0x00015288       0x84 D:\Developpement_Robot\Robotic-System\trunk\Workspaces\MultiWorkSpaces_2021\0_lpc_chip_175x_6x\libs\libusbd_175x_6x_lib.a(mw_usbd_core.o)
                0x00015288                USB_ReqGetDescriptor
 .text.USB_ReqGetInterface
                0x0001530c       0x34 D:\Developpement_Robot\Robotic-System\trunk\Workspaces\MultiWorkSpaces_2021\0_lpc_chip_175x_6x\libs\libusbd_175x_6x_lib.a(mw_usbd_core.o)
                0x0001530c                USB_ReqGetInterface
 .text.USB_ReqSetClrFeature
                0x00015340       0xb4 D:\Developpement_Robot\Robotic-System\trunk\Workspaces\MultiWorkSpaces_2021\0_lpc_chip_175x_6x\libs\libusbd_175x_6x_lib.a(mw_usbd_core.o)
                0x00015340                USB_ReqSetClrFeature
 .text.USB_ReqSetConfiguration
                0x000153f4      0x194 D:\Developpement_Robot\Robotic-System\trunk\Workspaces\MultiWorkSpaces_2021\0_lpc_chip_175x_6x\libs\libusbd_175x_6x_lib.a(mw_usbd_core.o)
                0x000153f4                USB_ReqSetConfiguration
 .text.USB_ReqSetInterface
                0x00015588      0x144 D:\Developpement_Robot\Robotic-System\trunk\Workspaces\MultiWorkSpaces_2021\0_lpc_chip_175x_6x\libs\libusbd_175x_6x_lib.a(mw_usbd_core.o)
                0x00015588                USB_ReqSetInterface
 .text.mwUSB_SetupStage
                0x000156cc        0xa D:\Developpement_Robot\Robotic-System\trunk\Workspaces\MultiWorkSpaces_2021\0_lpc_chip_175x_6x\libs\libusbd_175x_6x_lib.a(mw_usbd_core.o)
                0x000156cc                mwUSB_SetupStage
 .text.mwUSB_DataInStage
                0x000156d6       0x2e D:\Developpement_Robot\Robotic-System\trunk\Workspaces\MultiWorkSpaces_2021\0_lpc_chip_175x_6x\libs\libusbd_175x_6x_lib.a(mw_usbd_core.o)
                0x000156d6                mwUSB_DataInStage
 .text.mwUSB_DataOutStage
                0x00015704       0x24 D:\Developpement_Robot\Robotic-System\trunk\Workspaces\MultiWorkSpaces_2021\0_lpc_chip_175x_6x\libs\libusbd_175x_6x_lib.a(mw_usbd_core.o)
                0x00015704                mwUSB_DataOutStage
 .text.mwUSB_StatusInStage
                0x00015728        0xa D:\Developpement_Robot\Robotic-System\trunk\Workspaces\MultiWorkSpaces_2021\0_lpc_chip_175x_6x\libs\libusbd_175x_6x_lib.a(mw_usbd_core.o)
                0x00015728                mwUSB_StatusInStage
 .text.mwUSB_StatusOutStage
                0x00015732        0xa D:\Developpement_Robot\Robotic-System\trunk\Workspaces\MultiWorkSpaces_2021\0_lpc_chip_175x_6x\libs\libusbd_175x_6x_lib.a(mw_usbd_core.o)
                0x00015732                mwUSB_StatusOutStage
 .text.mwUSB_StallEp0
                0x0001573c       0x12 D:\Developpement_Robot\Robotic-System\trunk\Workspaces\MultiWorkSpaces_2021\0_lpc_chip_175x_6x\libs\libusbd_175x_6x_lib.a(mw_usbd_core.o)
                0x0001573c                mwUSB_StallEp0
 *fill*         0x0001574e        0x2 ff
 .text.USB_ReqSetAddress
                0x00015750       0x24 D:\Developpement_Robot\Robotic-System\trunk\Workspaces\MultiWorkSpaces_2021\0_lpc_chip_175x_6x\libs\libusbd_175x_6x_lib.a(mw_usbd_core.o)
                0x00015750                USB_ReqSetAddress
 .text.USB_InvokeEp0Hdlrs
                0x00015774       0x44 D:\Developpement_Robot\Robotic-System\trunk\Workspaces\MultiWorkSpaces_2021\0_lpc_chip_175x_6x\libs\libusbd_175x_6x_lib.a(mw_usbd_core.o)
                0x00015774                USB_InvokeEp0Hdlrs
 .text.mwUSB_ResetCore
                0x000157b8       0x26 D:\Developpement_Robot\Robotic-System\trunk\Workspaces\MultiWorkSpaces_2021\0_lpc_chip_175x_6x\libs\libusbd_175x_6x_lib.a(mw_usbd_core.o)
                0x000157b8                mwUSB_ResetCore
 *fill*         0x000157de        0x2 ff
 .text.USB_EvtSetupHandler
                0x000157e0      0x108 D:\Developpement_Robot\Robotic-System\trunk\Workspaces\MultiWorkSpaces_2021\0_lpc_chip_175x_6x\libs\libusbd_175x_6x_lib.a(mw_usbd_core.o)
                0x000157e0                USB_EvtSetupHandler
 .text.USB_EvtOutHandler
                0x000158e8       0x68 D:\Developpement_Robot\Robotic-System\trunk\Workspaces\MultiWorkSpaces_2021\0_lpc_chip_175x_6x\libs\libusbd_175x_6x_lib.a(mw_usbd_core.o)
                0x000158e8                USB_EvtOutHandler
 .text.USB_EndPoint0
                0x00015950       0x94 D:\Developpement_Robot\Robotic-System\trunk\Workspaces\MultiWorkSpaces_2021\0_lpc_chip_175x_6x\libs\libusbd_175x_6x_lib.a(mw_usbd_core.o)
                0x00015950                USB_EndPoint0
 .text.mwUSB_InitCore
                0x000159e4       0xdc D:\Developpement_Robot\Robotic-System\trunk\Workspaces\MultiWorkSpaces_2021\0_lpc_chip_175x_6x\libs\libusbd_175x_6x_lib.a(mw_usbd_core.o)
                0x000159e4                mwUSB_InitCore
 .text.mwUSB_RegisterClassHandler
                0x00015ac0       0x28 D:\Developpement_Robot\Robotic-System\trunk\Workspaces\MultiWorkSpaces_2021\0_lpc_chip_175x_6x\libs\libusbd_175x_6x_lib.a(mw_usbd_core.o)
                0x00015ac0                mwUSB_RegisterClassHandler
 .text.mwUSB_RegisterEpHandler
                0x00015ae8       0x24 D:\Developpement_Robot\Robotic-System\trunk\Workspaces\MultiWorkSpaces_2021\0_lpc_chip_175x_6x\libs\libusbd_175x_6x_lib.a(mw_usbd_core.o)
                0x00015ae8                mwUSB_RegisterEpHandler
 .text          0x00015b0c      0x378 c:/nxp/mcuxpressoide_11.2.1_4149/ide/plugins/com.nxp.mcuxpresso.tools.win32_11.2.0.202008311134/tools/bin/../lib/gcc/arm-none-eabi/9.2.1/thumb/v7-m/nofp\libgcc.a(_arm_addsubdf3.o)
                0x00015b0c                __aeabi_drsub
                0x00015b14                __aeabi_dsub
                0x00015b14                __subdf3
                0x00015b18                __aeabi_dadd
                0x00015b18                __adddf3
                0x00015d90                __floatunsidf
                0x00015d90                __aeabi_ui2d
                0x00015db0                __floatsidf
                0x00015db0                __aeabi_i2d
                0x00015dd4                __aeabi_f2d
                0x00015dd4                __extendsfdf2
                0x00015e18                __floatundidf
                0x00015e18                __aeabi_ul2d
                0x00015e28                __floatdidf
                0x00015e28                __aeabi_l2d
 .text          0x00015e84      0x21c c:/nxp/mcuxpressoide_11.2.1_4149/ide/plugins/com.nxp.mcuxpresso.tools.win32_11.2.0.202008311134/tools/bin/../lib/gcc/arm-none-eabi/9.2.1/thumb/v7-m/nofp\libgcc.a(_arm_addsubsf3.o)
                0x00015e84                __aeabi_frsub
                0x00015e8c                __subsf3
                0x00015e8c                __aeabi_fsub
                0x00015e90                __aeabi_fadd
                0x00015e90                __addsf3
                0x00015ff0                __aeabi_ui2f
                0x00015ff0                __floatunsisf
                0x00015ff8                __aeabi_i2f
                0x00015ff8                __floatsisf
                0x00016014                __aeabi_ul2f
                0x00016014                __floatundisf
                0x00016024                __aeabi_l2f
                0x00016024                __floatdisf
 .text          0x000160a0      0x2a0 c:/nxp/mcuxpressoide_11.2.1_4149/ide/plugins/com.nxp.mcuxpresso.tools.win32_11.2.0.202008311134/tools/bin/../lib/gcc/arm-none-eabi/9.2.1/thumb/v7-m/nofp\libgcc.a(_arm_muldivsf3.o)
                0x000160a0                __mulsf3
                0x000160a0                __aeabi_fmul
                0x00016208                __aeabi_fdiv
                0x00016208                __divsf3
 .text          0x00016340       0xec c:/nxp/mcuxpressoide_11.2.1_4149/ide/plugins/com.nxp.mcuxpresso.tools.win32_11.2.0.202008311134/tools/bin/../lib/gcc/arm-none-eabi/9.2.1/thumb/v7-m/nofp\libgcc.a(_arm_cmpsf2.o)
                0x00016340                __gesf2
                0x00016340                __gtsf2
                0x00016348                __lesf2
                0x00016348                __ltsf2
                0x00016350                __nesf2
                0x00016350                __eqsf2
                0x00016350                __cmpsf2
                0x000163b0                __aeabi_cfrcmple
                0x000163b8                __aeabi_cfcmpeq
                0x000163b8                __aeabi_cfcmple
                0x000163c8                __aeabi_fcmpeq
                0x000163dc                __aeabi_fcmplt
                0x000163f0                __aeabi_fcmple
                0x00016404                __aeabi_fcmpge
                0x00016418                __aeabi_fcmpgt
 .text          0x0001642c       0x4c c:/nxp/mcuxpressoide_11.2.1_4149/ide/plugins/com.nxp.mcuxpresso.tools.win32_11.2.0.202008311134/tools/bin/../lib/gcc/arm-none-eabi/9.2.1/thumb/v7-m/nofp\libgcc.a(_arm_fixsfsi.o)
                0x0001642c                __aeabi_f2iz
                0x0001642c                __fixsfsi
 .text          0x00016478       0x40 c:/nxp/mcuxpressoide_11.2.1_4149/ide/plugins/com.nxp.mcuxpresso.tools.win32_11.2.0.202008311134/tools/bin/../lib/gcc/arm-none-eabi/9.2.1/thumb/v7-m/nofp\libgcc.a(_arm_fixunssfsi.o)
                0x00016478                __fixunssfsi
                0x00016478                __aeabi_f2uiz
 .text.memcpy   0x000164b8       0x1c c:/nxp/mcuxpressoide_11.2.1_4149/ide/plugins/com.nxp.mcuxpresso.tools.win32_11.2.0.202008311134/tools/bin/../lib/gcc/arm-none-eabi/9.2.1/../../../../arm-none-eabi/lib/thumb/v7-m/nofp\libc_nano.a(lib_a-memcpy-stub.o)
                0x000164b8                memcpy
 .text.memset   0x000164d4       0x10 c:/nxp/mcuxpressoide_11.2.1_4149/ide/plugins/com.nxp.mcuxpresso.tools.win32_11.2.0.202008311134/tools/bin/../lib/gcc/arm-none-eabi/9.2.1/../../../../arm-none-eabi/lib/thumb/v7-m/nofp\libc_nano.a(lib_a-memset.o)
                0x000164d4                memset
 .text.__cvt    0x000164e4       0xbe c:/nxp/mcuxpressoide_11.2.1_4149/ide/plugins/com.nxp.mcuxpresso.tools.win32_11.2.0.202008311134/tools/bin/../lib/gcc/arm-none-eabi/9.2.1/../../../../arm-none-eabi/lib/thumb/v7-m/nofp\libc_nano.a(lib_a-nano-vfprintf_float.o)
                0x000164e4                __cvt
 .text.__exponent
                0x000165a2       0x7c c:/nxp/mcuxpressoide_11.2.1_4149/ide/plugins/com.nxp.mcuxpresso.tools.win32_11.2.0.202008311134/tools/bin/../lib/gcc/arm-none-eabi/9.2.1/../../../../arm-none-eabi/lib/thumb/v7-m/nofp\libc_nano.a(lib_a-nano-vfprintf_float.o)
                0x000165a2                __exponent
 *fill*         0x0001661e        0x2 ff
 .text._printf_float
                0x00016620      0x458 c:/nxp/mcuxpressoide_11.2.1_4149/ide/plugins/com.nxp.mcuxpresso.tools.win32_11.2.0.202008311134/tools/bin/../lib/gcc/arm-none-eabi/9.2.1/../../../../arm-none-eabi/lib/thumb/v7-m/nofp\libc_nano.a(lib_a-nano-vfprintf_float.o)
                0x00016620                _printf_float
 .text._printf_common
                0x00016a78       0xde c:/nxp/mcuxpressoide_11.2.1_4149/ide/plugins/com.nxp.mcuxpresso.tools.win32_11.2.0.202008311134/tools/bin/../lib/gcc/arm-none-eabi/9.2.1/../../../../arm-none-eabi/lib/thumb/v7-m/nofp\libc_nano.a(lib_a-nano-vfprintf_i.o)
                0x00016a78                _printf_common
 *fill*         0x00016b56        0x2 ff
 .text._printf_i
                0x00016b58      0x24c c:/nxp/mcuxpressoide_11.2.1_4149/ide/plugins/com.nxp.mcuxpresso.tools.win32_11.2.0.202008311134/tools/bin/../lib/gcc/arm-none-eabi/9.2.1/../../../../arm-none-eabi/lib/thumb/v7-m/nofp\libc_nano.a(lib_a-nano-vfprintf_i.o)
                0x00016b58                _printf_i
 .text.sprintf  0x00016da4       0x40 c:/nxp/mcuxpressoide_11.2.1_4149/ide/plugins/com.nxp.mcuxpresso.tools.win32_11.2.0.202008311134/tools/bin/../lib/gcc/arm-none-eabi/9.2.1/../../../../arm-none-eabi/lib/thumb/v7-m/nofp\libc_nano.a(lib_a-sprintf.o)
                0x00016da4                siprintf
                0x00016da4                sprintf
 .text          0x00016de4       0x10 c:/nxp/mcuxpressoide_11.2.1_4149/ide/plugins/com.nxp.mcuxpresso.tools.win32_11.2.0.202008311134/tools/bin/../lib/gcc/arm-none-eabi/9.2.1/../../../../arm-none-eabi/lib/thumb/v7-m/nofp\libc_nano.a(lib_a-strlen.o)
                0x00016de4                strlen
 .text.quorem   0x00016df4      0x11a c:/nxp/mcuxpressoide_11.2.1_4149/ide/plugins/com.nxp.mcuxpresso.tools.win32_11.2.0.202008311134/tools/bin/../lib/gcc/arm-none-eabi/9.2.1/../../../../arm-none-eabi/lib/thumb/v7-m/nofp\libc_nano.a(lib_a-dtoa.o)
 *fill*         0x00016f0e        0x2 ff
 .text._dtoa_r  0x00016f10      0xba4 c:/nxp/mcuxpressoide_11.2.1_4149/ide/plugins/com.nxp.mcuxpresso.tools.win32_11.2.0.202008311134/tools/bin/../lib/gcc/arm-none-eabi/9.2.1/../../../../arm-none-eabi/lib/thumb/v7-m/nofp\libc_nano.a(lib_a-dtoa.o)
                0x00016f10                _dtoa_r
 .text._localeconv_r
                0x00017ab4        0x8 c:/nxp/mcuxpressoide_11.2.1_4149/ide/plugins/com.nxp.mcuxpresso.tools.win32_11.2.0.202008311134/tools/bin/../lib/gcc/arm-none-eabi/9.2.1/../../../../arm-none-eabi/lib/thumb/v7-m/nofp\libc_nano.a(lib_a-localeconv.o)
                0x00017ab4                _localeconv_r
 .text.malloc   0x00017abc       0x10 c:/nxp/mcuxpressoide_11.2.1_4149/ide/plugins/com.nxp.mcuxpresso.tools.win32_11.2.0.202008311134/tools/bin/../lib/gcc/arm-none-eabi/9.2.1/../../../../arm-none-eabi/lib/thumb/v7-m/nofp\libc_nano.a(lib_a-malloc.o)
                0x00017abc                malloc
 .text.memchr   0x00017acc       0x1c c:/nxp/mcuxpressoide_11.2.1_4149/ide/plugins/com.nxp.mcuxpresso.tools.win32_11.2.0.202008311134/tools/bin/../lib/gcc/arm-none-eabi/9.2.1/../../../../arm-none-eabi/lib/thumb/v7-m/nofp\libc_nano.a(lib_a-memchr-stub.o)
                0x00017acc                memchr
 .text._Balloc  0x00017ae8       0x68 c:/nxp/mcuxpressoide_11.2.1_4149/ide/plugins/com.nxp.mcuxpresso.tools.win32_11.2.0.202008311134/tools/bin/../lib/gcc/arm-none-eabi/9.2.1/../../../../arm-none-eabi/lib/thumb/v7-m/nofp\libc_nano.a(lib_a-mprec.o)
                0x00017ae8                _Balloc
 .text._Bfree   0x00017b50       0x2e c:/nxp/mcuxpressoide_11.2.1_4149/ide/plugins/com.nxp.mcuxpresso.tools.win32_11.2.0.202008311134/tools/bin/../lib/gcc/arm-none-eabi/9.2.1/../../../../arm-none-eabi/lib/thumb/v7-m/nofp\libc_nano.a(lib_a-mprec.o)
                0x00017b50                _Bfree
 .text.__multadd
                0x00017b7e       0x7c c:/nxp/mcuxpressoide_11.2.1_4149/ide/plugins/com.nxp.mcuxpresso.tools.win32_11.2.0.202008311134/tools/bin/../lib/gcc/arm-none-eabi/9.2.1/../../../../arm-none-eabi/lib/thumb/v7-m/nofp\libc_nano.a(lib_a-mprec.o)
                0x00017b7e                __multadd
 .text.__hi0bits
                0x00017bfa       0x40 c:/nxp/mcuxpressoide_11.2.1_4149/ide/plugins/com.nxp.mcuxpresso.tools.win32_11.2.0.202008311134/tools/bin/../lib/gcc/arm-none-eabi/9.2.1/../../../../arm-none-eabi/lib/thumb/v7-m/nofp\libc_nano.a(lib_a-mprec.o)
                0x00017bfa                __hi0bits
 .text.__lo0bits
                0x00017c3a       0x5c c:/nxp/mcuxpressoide_11.2.1_4149/ide/plugins/com.nxp.mcuxpresso.tools.win32_11.2.0.202008311134/tools/bin/../lib/gcc/arm-none-eabi/9.2.1/../../../../arm-none-eabi/lib/thumb/v7-m/nofp\libc_nano.a(lib_a-mprec.o)
                0x00017c3a                __lo0bits
 .text.__i2b    0x00017c96       0x12 c:/nxp/mcuxpressoide_11.2.1_4149/ide/plugins/com.nxp.mcuxpresso.tools.win32_11.2.0.202008311134/tools/bin/../lib/gcc/arm-none-eabi/9.2.1/../../../../arm-none-eabi/lib/thumb/v7-m/nofp\libc_nano.a(lib_a-mprec.o)
                0x00017c96                __i2b
 .text.__multiply
                0x00017ca8      0x136 c:/nxp/mcuxpressoide_11.2.1_4149/ide/plugins/com.nxp.mcuxpresso.tools.win32_11.2.0.202008311134/tools/bin/../lib/gcc/arm-none-eabi/9.2.1/../../../../arm-none-eabi/lib/thumb/v7-m/nofp\libc_nano.a(lib_a-mprec.o)
                0x00017ca8                __multiply
 *fill*         0x00017dde        0x2 ff
 .text.__pow5mult
                0x00017de0       0x9c c:/nxp/mcuxpressoide_11.2.1_4149/ide/plugins/com.nxp.mcuxpresso.tools.win32_11.2.0.202008311134/tools/bin/../lib/gcc/arm-none-eabi/9.2.1/../../../../arm-none-eabi/lib/thumb/v7-m/nofp\libc_nano.a(lib_a-mprec.o)
                0x00017de0                __pow5mult
 .text.__lshift
                0x00017e7c       0xbe c:/nxp/mcuxpressoide_11.2.1_4149/ide/plugins/com.nxp.mcuxpresso.tools.win32_11.2.0.202008311134/tools/bin/../lib/gcc/arm-none-eabi/9.2.1/../../../../arm-none-eabi/lib/thumb/v7-m/nofp\libc_nano.a(lib_a-mprec.o)
                0x00017e7c                __lshift
 .text.__mcmp   0x00017f3a       0x36 c:/nxp/mcuxpressoide_11.2.1_4149/ide/plugins/com.nxp.mcuxpresso.tools.win32_11.2.0.202008311134/tools/bin/../lib/gcc/arm-none-eabi/9.2.1/../../../../arm-none-eabi/lib/thumb/v7-m/nofp\libc_nano.a(lib_a-mprec.o)
                0x00017f3a                __mcmp
 .text.__mdiff  0x00017f70       0xf8 c:/nxp/mcuxpressoide_11.2.1_4149/ide/plugins/com.nxp.mcuxpresso.tools.win32_11.2.0.202008311134/tools/bin/../lib/gcc/arm-none-eabi/9.2.1/../../../../arm-none-eabi/lib/thumb/v7-m/nofp\libc_nano.a(lib_a-mprec.o)
                0x00017f70                __mdiff
 .text.__d2b    0x00018068       0x9e c:/nxp/mcuxpressoide_11.2.1_4149/ide/plugins/com.nxp.mcuxpresso.tools.win32_11.2.0.202008311134/tools/bin/../lib/gcc/arm-none-eabi/9.2.1/../../../../arm-none-eabi/lib/thumb/v7-m/nofp\libc_nano.a(lib_a-mprec.o)
                0x00018068                __d2b
 .text._calloc_r
                0x00018106       0x1c c:/nxp/mcuxpressoide_11.2.1_4149/ide/plugins/com.nxp.mcuxpresso.tools.win32_11.2.0.202008311134/tools/bin/../lib/gcc/arm-none-eabi/9.2.1/../../../../arm-none-eabi/lib/thumb/v7-m/nofp\libc_nano.a(lib_a-nano-callocr.o)
                0x00018106                _calloc_r
 *fill*         0x00018122        0x2 ff
 .text._free_r  0x00018124       0x98 c:/nxp/mcuxpressoide_11.2.1_4149/ide/plugins/com.nxp.mcuxpresso.tools.win32_11.2.0.202008311134/tools/bin/../lib/gcc/arm-none-eabi/9.2.1/../../../../arm-none-eabi/lib/thumb/v7-m/nofp\libc_nano.a(lib_a-nano-freer.o)
                0x00018124                _free_r
 .text._malloc_r
                0x000181bc       0xb4 c:/nxp/mcuxpressoide_11.2.1_4149/ide/plugins/com.nxp.mcuxpresso.tools.win32_11.2.0.202008311134/tools/bin/../lib/gcc/arm-none-eabi/9.2.1/../../../../arm-none-eabi/lib/thumb/v7-m/nofp\libc_nano.a(lib_a-nano-mallocr.o)
                0x000181bc                _malloc_r
 .text.__ssputs_r
                0x00018270       0xb6 c:/nxp/mcuxpressoide_11.2.1_4149/ide/plugins/com.nxp.mcuxpresso.tools.win32_11.2.0.202008311134/tools/bin/../lib/gcc/arm-none-eabi/9.2.1/../../../../arm-none-eabi/lib/thumb/v7-m/nofp\libc_nano.a(lib_a-nano-svfprintf.o)
                0x00018270                __ssputs_r
 *fill*         0x00018326        0x2 ff
 .text._svfprintf_r
                0x00018328      0x200 c:/nxp/mcuxpressoide_11.2.1_4149/ide/plugins/com.nxp.mcuxpresso.tools.win32_11.2.0.202008311134/tools/bin/../lib/gcc/arm-none-eabi/9.2.1/../../../../arm-none-eabi/lib/thumb/v7-m/nofp\libc_nano.a(lib_a-nano-svfprintf.o)
                0x00018328                _svfiprintf_r
                0x00018328                _svfprintf_r
 .text._sbrk_r  0x00018528       0x20 c:/nxp/mcuxpressoide_11.2.1_4149/ide/plugins/com.nxp.mcuxpresso.tools.win32_11.2.0.202008311134/tools/bin/../lib/gcc/arm-none-eabi/9.2.1/../../../../arm-none-eabi/lib/thumb/v7-m/nofp\libc_nano.a(lib_a-sbrkr.o)
                0x00018528                _sbrk_r
 .text.__ascii_mbtowc
                0x00018548       0x24 c:/nxp/mcuxpressoide_11.2.1_4149/ide/plugins/com.nxp.mcuxpresso.tools.win32_11.2.0.202008311134/tools/bin/../lib/gcc/arm-none-eabi/9.2.1/../../../../arm-none-eabi/lib/thumb/v7-m/nofp\libc_nano.a(lib_a-mbtowc_r.o)
                0x00018548                __ascii_mbtowc
 .text.memmove  0x0001856c       0x34 c:/nxp/mcuxpressoide_11.2.1_4149/ide/plugins/com.nxp.mcuxpresso.tools.win32_11.2.0.202008311134/tools/bin/../lib/gcc/arm-none-eabi/9.2.1/../../../../arm-none-eabi/lib/thumb/v7-m/nofp\libc_nano.a(lib_a-memmove.o)
                0x0001856c                memmove
 .text.__malloc_lock
                0x000185a0        0xc c:/nxp/mcuxpressoide_11.2.1_4149/ide/plugins/com.nxp.mcuxpresso.tools.win32_11.2.0.202008311134/tools/bin/../lib/gcc/arm-none-eabi/9.2.1/../../../../arm-none-eabi/lib/thumb/v7-m/nofp\libc_nano.a(lib_a-mlock.o)
                0x000185a0                __malloc_lock
 .text.__malloc_unlock
                0x000185ac        0xc c:/nxp/mcuxpressoide_11.2.1_4149/ide/plugins/com.nxp.mcuxpresso.tools.win32_11.2.0.202008311134/tools/bin/../lib/gcc/arm-none-eabi/9.2.1/../../../../arm-none-eabi/lib/thumb/v7-m/nofp\libc_nano.a(lib_a-mlock.o)
                0x000185ac                __malloc_unlock
 .text._realloc_r
                0x000185b8       0x4c c:/nxp/mcuxpressoide_11.2.1_4149/ide/plugins/com.nxp.mcuxpresso.tools.win32_11.2.0.202008311134/tools/bin/../lib/gcc/arm-none-eabi/9.2.1/../../../../arm-none-eabi/lib/thumb/v7-m/nofp\libc_nano.a(lib_a-nano-reallocr.o)
                0x000185b8                _realloc_r
 .text.__ascii_wctomb
                0x00018604       0x1a c:/nxp/mcuxpressoide_11.2.1_4149/ide/plugins/com.nxp.mcuxpresso.tools.win32_11.2.0.202008311134/tools/bin/../lib/gcc/arm-none-eabi/9.2.1/../../../../arm-none-eabi/lib/thumb/v7-m/nofp\libc_nano.a(lib_a-wctomb_r.o)
                0x00018604                __ascii_wctomb
 .text.__retarget_lock_acquire_recursive
                0x0001861e        0x2 c:/nxp/mcuxpressoide_11.2.1_4149/ide/plugins/com.nxp.mcuxpresso.tools.win32_11.2.0.202008311134/tools/bin/../lib/gcc/arm-none-eabi/9.2.1/../../../../arm-none-eabi/lib/thumb/v7-m/nofp\libc_nano.a(lib_a-lock.o)
                0x0001861e                __retarget_lock_acquire_recursive
 .text.__retarget_lock_release_recursive
                0x00018620        0x2 c:/nxp/mcuxpressoide_11.2.1_4149/ide/plugins/com.nxp.mcuxpresso.tools.win32_11.2.0.202008311134/tools/bin/../lib/gcc/arm-none-eabi/9.2.1/../../../../arm-none-eabi/lib/thumb/v7-m/nofp\libc_nano.a(lib_a-lock.o)
                0x00018620                __retarget_lock_release_recursive
 .text._malloc_usable_size_r
                0x00018622       0x10 c:/nxp/mcuxpressoide_11.2.1_4149/ide/plugins/com.nxp.mcuxpresso.tools.win32_11.2.0.202008311134/tools/bin/../lib/gcc/arm-none-eabi/9.2.1/../../../../arm-none-eabi/lib/thumb/v7-m/nofp\libc_nano.a(lib_a-nano-msizer.o)
                0x00018622                _malloc_usable_size_r
 *fill*         0x00018632        0x2 ff
 .text.sqrtf    0x00018634       0xa4 c:/nxp/mcuxpressoide_11.2.1_4149/ide/plugins/com.nxp.mcuxpresso.tools.win32_11.2.0.202008311134/tools/bin/../lib/gcc/arm-none-eabi/9.2.1/../../../../arm-none-eabi/lib/thumb/v7-m/nofp\libm.a(lib_a-wf_sqrt.o)
                0x00018634                sqrtf
 .text.__ieee754_sqrtf
                0x000186d8       0xa8 c:/nxp/mcuxpressoide_11.2.1_4149/ide/plugins/com.nxp.mcuxpresso.tools.win32_11.2.0.202008311134/tools/bin/../lib/gcc/arm-none-eabi/9.2.1/../../../../arm-none-eabi/lib/thumb/v7-m/nofp\libm.a(lib_a-ef_sqrt.o)
                0x000186d8                __ieee754_sqrtf
 .text.matherr  0x00018780        0x4 c:/nxp/mcuxpressoide_11.2.1_4149/ide/plugins/com.nxp.mcuxpresso.tools.win32_11.2.0.202008311134/tools/bin/../lib/gcc/arm-none-eabi/9.2.1/../../../../arm-none-eabi/lib/thumb/v7-m/nofp\libm.a(lib_a-s_matherr.o)
                0x00018780                matherr
 .text._sbrk    0x00018784       0x3c c:/nxp/mcuxpressoide_11.2.1_4149/ide/plugins/com.nxp.mcuxpresso.tools.win32_11.2.0.202008311134/tools/bin/../lib/gcc/arm-none-eabi/9.2.1/../../../../arm-none-eabi/lib/thumb/v7-m/nofp\libcr_newlib_none.a(_cr_sbrk.o)
                0x00018784                _sbrk
 .text.__check_heap_overflow
                0x000187c0       0x14 c:/nxp/mcuxpressoide_11.2.1_4149/ide/plugins/com.nxp.mcuxpresso.tools.win32_11.2.0.202008311134/tools/bin/../lib/gcc/arm-none-eabi/9.2.1/../../../../arm-none-eabi/lib/thumb/v7-m/nofp\libcr_newlib_none.a(_cr_check_heap.o)
                0x000187c0                __check_heap_overflow
 .text          0x000187d4      0x424 c:/nxp/mcuxpressoide_11.2.1_4149/ide/plugins/com.nxp.mcuxpresso.tools.win32_11.2.0.202008311134/tools/bin/../lib/gcc/arm-none-eabi/9.2.1/thumb/v7-m/nofp\libgcc.a(_arm_muldivdf3.o)
                0x000187d4                __aeabi_dmul
                0x000187d4                __muldf3
                0x00018a28                __divdf3
                0x00018a28                __aeabi_ddiv
 .text          0x00018bf8      0x110 c:/nxp/mcuxpressoide_11.2.1_4149/ide/plugins/com.nxp.mcuxpresso.tools.win32_11.2.0.202008311134/tools/bin/../lib/gcc/arm-none-eabi/9.2.1/thumb/v7-m/nofp\libgcc.a(_arm_cmpdf2.o)
                0x00018bf8                __gtdf2
                0x00018bf8                __gedf2
                0x00018c00                __ltdf2
                0x00018c00                __ledf2
                0x00018c08                __nedf2
                0x00018c08                __eqdf2
                0x00018c08                __cmpdf2
                0x00018c84                __aeabi_cdrcmple
                0x00018c94                __aeabi_cdcmpeq
                0x00018c94                __aeabi_cdcmple
                0x00018ca4                __aeabi_dcmpeq
                0x00018cb8                __aeabi_dcmplt
                0x00018ccc                __aeabi_dcmple
                0x00018ce0                __aeabi_dcmpge
                0x00018cf4                __aeabi_dcmpgt
 .text          0x00018d08       0x2c c:/nxp/mcuxpressoide_11.2.1_4149/ide/plugins/com.nxp.mcuxpresso.tools.win32_11.2.0.202008311134/tools/bin/../lib/gcc/arm-none-eabi/9.2.1/thumb/v7-m/nofp\libgcc.a(_arm_unorddf2.o)
                0x00018d08                __unorddf2
                0x00018d08                __aeabi_dcmpun
 .text          0x00018d34       0x50 c:/nxp/mcuxpressoide_11.2.1_4149/ide/plugins/com.nxp.mcuxpresso.tools.win32_11.2.0.202008311134/tools/bin/../lib/gcc/arm-none-eabi/9.2.1/thumb/v7-m/nofp\libgcc.a(_arm_fixdfsi.o)
                0x00018d34                __aeabi_d2iz
                0x00018d34                __fixdfsi
 .text          0x00018d84       0xa0 c:/nxp/mcuxpressoide_11.2.1_4149/ide/plugins/com.nxp.mcuxpresso.tools.win32_11.2.0.202008311134/tools/bin/../lib/gcc/arm-none-eabi/9.2.1/thumb/v7-m/nofp\libgcc.a(_arm_truncdfsf2.o)
                0x00018d84                __truncdfsf2
                0x00018d84                __aeabi_d2f
 .text          0x00018e24       0x2c c:/nxp/mcuxpressoide_11.2.1_4149/ide/plugins/com.nxp.mcuxpresso.tools.win32_11.2.0.202008311134/tools/bin/../lib/gcc/arm-none-eabi/9.2.1/thumb/v7-m/nofp\libgcc.a(_arm_unordsf2.o)
                0x00018e24                __unordsf2
                0x00018e24                __aeabi_fcmpun
 .text.__errno  0x00018e50        0xc c:/nxp/mcuxpressoide_11.2.1_4149/ide/plugins/com.nxp.mcuxpresso.tools.win32_11.2.0.202008311134/tools/bin/../lib/gcc/arm-none-eabi/9.2.1/../../../../arm-none-eabi/lib/thumb/v7-m/nofp\libc_nano.a(lib_a-errno.o)
                0x00018e50                __errno
 *(.rodata .rodata.* .constdata .constdata.*)
 .rodata        0x00018e5c        0xf ./src/IA_2021_V0.o
 .rodata        0x00018e6b        0xd ./src/Init.o
 .rodata        0x00018e78       0xa7 ./src/test.o
 .rodata        0x00018f1f       0x29 ./freertos/src/FreeRTOSCommonHooks.o
 .rodata.vTaskStartScheduler.str1.1
                0x00018f48        0x5 ./freertos/src/tasks.o
 .rodata.prvCheckForValidListAndQueue.str1.1
                0x00018f4d        0x5 ./freertos/src/timers.o
 .rodata.xTimerCreateTimerTask.str1.1
                0x00018f52        0x8 ./freertos/src/timers.o
 .rodata        0x00018f5a       0x8a ./Strategie/Deplacement/0_Deplacements.o
 .rodata        0x00018fe4       0x5c ./Pathfinding/Astar/Astar.o
 .rodata.g_usbApi
                0x00019040       0x20 ./Communication/USB/src/cdc_usb_main.o
 .rodata        0x00019060       0x23 ./Communication/0_Communication.o
 .rodata        0x00019083       0x11 ./Communication/1_Trame_Communication.o
 .rodata        0x00019094       0xb2 ./Communication/2_Echange_Datas.o
 .rodata        0x00019146       0x28 ./Communication/2_Echange_Datas_Reception.o
 *fill*         0x0001916e        0x2 ff
 .rodata.MainOscPLL0conf_12
                0x00019170       0xf0 D:\Developpement_Robot\Robotic-System\trunk\Workspaces\MultiWorkSpaces_2021\0_lpc_chip_175x_6x\Release\lib0_lpc_chip_175x_6x.a(sysinit_17xx_40xx.o)
 .rodata.MainOscPLL0conf_16
                0x00019260       0xb0 D:\Developpement_Robot\Robotic-System\trunk\Workspaces\MultiWorkSpaces_2021\0_lpc_chip_175x_6x\Release\lib0_lpc_chip_175x_6x.a(sysinit_17xx_40xx.o)
 .rodata.RTCOscRateIn
                0x00019310        0x4 D:\Developpement_Robot\Robotic-System\trunk\Workspaces\MultiWorkSpaces_2021\0_lpc_board_nxp_lpcxpresso_1769\Release\lib0_lpc_board_nxp_lpcxpresso_1769.a(board.o)
                0x00019310                RTCOscRateIn
 .rodata.hw_api
                0x00019314       0x5c D:\Developpement_Robot\Robotic-System\trunk\Workspaces\MultiWorkSpaces_2021\0_lpc_chip_175x_6x\libs\libusbd_175x_6x_lib.a(mw_usbd_rom_api.o)
                0x00019314                hw_api
 .rodata.core_api
                0x00019370       0x20 D:\Developpement_Robot\Robotic-System\trunk\Workspaces\MultiWorkSpaces_2021\0_lpc_chip_175x_6x\libs\libusbd_175x_6x_lib.a(mw_usbd_rom_api.o)
                0x00019370                core_api
 .rodata.cdc_api
                0x00019390        0xc D:\Developpement_Robot\Robotic-System\trunk\Workspaces\MultiWorkSpaces_2021\0_lpc_chip_175x_6x\libs\libusbd_175x_6x_lib.a(mw_usbd_rom_api.o)
                0x00019390                cdc_api
 .rodata._printf_float.str1.1
                0x0001939c       0x12 c:/nxp/mcuxpressoide_11.2.1_4149/ide/plugins/com.nxp.mcuxpresso.tools.win32_11.2.0.202008311134/tools/bin/../lib/gcc/arm-none-eabi/9.2.1/../../../../arm-none-eabi/lib/thumb/v7-m/nofp\libc_nano.a(lib_a-nano-vfprintf_float.o)
 .rodata._printf_i.str1.1
                0x000193ae       0x22 c:/nxp/mcuxpressoide_11.2.1_4149/ide/plugins/com.nxp.mcuxpresso.tools.win32_11.2.0.202008311134/tools/bin/../lib/gcc/arm-none-eabi/9.2.1/../../../../arm-none-eabi/lib/thumb/v7-m/nofp\libc_nano.a(lib_a-nano-vfprintf_i.o)
 .rodata._dtoa_r.str1.1
                0x000193d0        0xd c:/nxp/mcuxpressoide_11.2.1_4149/ide/plugins/com.nxp.mcuxpresso.tools.win32_11.2.0.202008311134/tools/bin/../lib/gcc/arm-none-eabi/9.2.1/../../../../arm-none-eabi/lib/thumb/v7-m/nofp\libc_nano.a(lib_a-dtoa.o)
                                  0xf (size before relaxing)
 *fill*         0x000193dd        0x3 ff
 .rodata.__mprec_bigtens
                0x000193e0       0x28 c:/nxp/mcuxpressoide_11.2.1_4149/ide/plugins/com.nxp.mcuxpresso.tools.win32_11.2.0.202008311134/tools/bin/../lib/gcc/arm-none-eabi/9.2.1/../../../../arm-none-eabi/lib/thumb/v7-m/nofp\libc_nano.a(lib_a-mprec.o)
                0x000193e0                __mprec_bigtens
 .rodata.__mprec_tens
                0x00019408       0xc8 c:/nxp/mcuxpressoide_11.2.1_4149/ide/plugins/com.nxp.mcuxpresso.tools.win32_11.2.0.202008311134/tools/bin/../lib/gcc/arm-none-eabi/9.2.1/../../../../arm-none-eabi/lib/thumb/v7-m/nofp\libc_nano.a(lib_a-mprec.o)
                0x00019408                __mprec_tens
 .rodata.p05.6127
                0x000194d0        0xc c:/nxp/mcuxpressoide_11.2.1_4149/ide/plugins/com.nxp.mcuxpresso.tools.win32_11.2.0.202008311134/tools/bin/../lib/gcc/arm-none-eabi/9.2.1/../../../../arm-none-eabi/lib/thumb/v7-m/nofp\libc_nano.a(lib_a-mprec.o)
 .rodata._svfprintf_r.str1.1
                0x000194dc       0x11 c:/nxp/mcuxpressoide_11.2.1_4149/ide/plugins/com.nxp.mcuxpresso.tools.win32_11.2.0.202008311134/tools/bin/../lib/gcc/arm-none-eabi/9.2.1/../../../../arm-none-eabi/lib/thumb/v7-m/nofp\libc_nano.a(lib_a-nano-svfprintf.o)
 .rodata._setlocale_r.str1.1
                0x000194ed        0x8 c:/nxp/mcuxpressoide_11.2.1_4149/ide/plugins/com.nxp.mcuxpresso.tools.win32_11.2.0.202008311134/tools/bin/../lib/gcc/arm-none-eabi/9.2.1/../../../../arm-none-eabi/lib/thumb/v7-m/nofp\libc_nano.a(lib_a-locale.o)
                                  0x9 (size before relaxing)
 .rodata.str1.1
                0x000194f5        0x2 c:/nxp/mcuxpressoide_11.2.1_4149/ide/plugins/com.nxp.mcuxpresso.tools.win32_11.2.0.202008311134/tools/bin/../lib/gcc/arm-none-eabi/9.2.1/../../../../arm-none-eabi/lib/thumb/v7-m/nofp\libc_nano.a(lib_a-locale.o)
 .rodata._ctype_
                0x000194f7      0x101 c:/nxp/mcuxpressoide_11.2.1_4149/ide/plugins/com.nxp.mcuxpresso.tools.win32_11.2.0.202008311134/tools/bin/../lib/gcc/arm-none-eabi/9.2.1/../../../../arm-none-eabi/lib/thumb/v7-m/nofp\libc_nano.a(lib_a-ctype_.o)
                0x000194f7                _ctype_
 .rodata.sqrtf.str1.4
                0x000195f8        0x6 c:/nxp/mcuxpressoide_11.2.1_4149/ide/plugins/com.nxp.mcuxpresso.tools.win32_11.2.0.202008311134/tools/bin/../lib/gcc/arm-none-eabi/9.2.1/../../../../arm-none-eabi/lib/thumb/v7-m/nofp\libm.a(lib_a-wf_sqrt.o)
                0x00019600                . = ALIGN (0x4)
 *fill*         0x000195fe        0x2 ff

.glue_7         0x00019600        0x0
 .glue_7        0x00019600        0x0 linker stubs

.glue_7t        0x00019600        0x0
 .glue_7t       0x00019600        0x0 linker stubs

.vfp11_veneer   0x00019600        0x0
 .vfp11_veneer  0x00019600        0x0 linker stubs

.v4_bx          0x00019600        0x0
 .v4_bx         0x00019600        0x0 linker stubs

.iplt           0x00019600        0x0
 .iplt          0x00019600        0x0 ./src/IA_2021_V0.o

.rel.dyn        0x00019600        0x0
 .rel.iplt      0x00019600        0x0 ./src/IA_2021_V0.o

.ARM.extab
 *(.ARM.extab* .gnu.linkonce.armextab.*)

.ARM.exidx      0x00019600        0x0
                0x00019600                __exidx_start = .
 *(.ARM.exidx* .gnu.linkonce.armexidx.*)
                0x00019600                __exidx_end = .
                0x00019600                _etext = .

.data_RAM2      0x2007c000        0x0 load address 0x00019600
 FILL mask 0xff
                [!provide]                PROVIDE (__start_data_RAM2 = .)
                [!provide]                PROVIDE (__start_data_Ram_USB = .)
 *(.ramfunc.$RAM2)
 *(.ramfunc.$Ram_USB)
 *(.data.$RAM2)
 *(.data.$Ram_USB)
 *(.data.$RAM2.*)
 *(.data.$Ram_USB.*)
                0x2007c000                . = ALIGN (0x4)
                [!provide]                PROVIDE (__end_data_RAM2 = .)
                [!provide]                PROVIDE (__end_data_Ram_USB = .)

.data_RAM3      0x2007c800        0x0 load address 0x00019600
 FILL mask 0xff
                [!provide]                PROVIDE (__start_data_RAM3 = .)
                [!provide]                PROVIDE (__start_data_RAM3 = .)
 *(.ramfunc.$RAM3)
 *(.ramfunc.$RAM3)
 *(.data.$RAM3)
 *(.data.$RAM3)
 *(.data.$RAM3.*)
 *(.data.$RAM3.*)
                0x2007c800                . = ALIGN (0x4)
                [!provide]                PROVIDE (__end_data_RAM3 = .)
                [!provide]                PROVIDE (__end_data_RAM3 = .)

.uninit_RESERVED
                0x10000000        0x0
                0x10000000                _start_uninit_RESERVED = .
 *(.bss.$RESERVED*)
                0x10000000                . = ALIGN (0x4)
                0x10000000                _end_uninit_RESERVED = .

.data           0x10000000      0x1f0 load address 0x00019600
 FILL mask 0xff
                0x10000000                _data = .
                [!provide]                PROVIDE (__start_data_RAM = .)
                [!provide]                PROVIDE (__start_data_RamLoc32 = .)
 *(vtable)
 *(.ramfunc*)
 *(CodeQuickAccess)
 *(DataQuickAccess)
 *(RamFunction)
 *(.data*)
 .data.xHeapRegions
                0x10000000       0x10 ./src/IA_2021_V0.o
 .data.uxCriticalNesting
                0x10000010        0x4 ./freertos/src/port.o
 .data.g_pUsbApi
                0x10000014        0x4 ./Communication/USB/src/cdc_usb_main.o
                0x10000014                g_pUsbApi
 .data.OscRateIn
                0x10000018        0x4 D:\Developpement_Robot\Robotic-System\trunk\Workspaces\MultiWorkSpaces_2021\0_lpc_board_nxp_lpcxpresso_1769\Release\lib0_lpc_board_nxp_lpcxpresso_1769.a(board.o)
                0x10000018                OscRateIn
 .data._impure_ptr
                0x1000001c        0x4 c:/nxp/mcuxpressoide_11.2.1_4149/ide/plugins/com.nxp.mcuxpresso.tools.win32_11.2.0.202008311134/tools/bin/../lib/gcc/arm-none-eabi/9.2.1/../../../../arm-none-eabi/lib/thumb/v7-m/nofp\libc_nano.a(lib_a-impure.o)
                0x1000001c                _impure_ptr
 .data.impure_data
                0x10000020       0x60 c:/nxp/mcuxpressoide_11.2.1_4149/ide/plugins/com.nxp.mcuxpresso.tools.win32_11.2.0.202008311134/tools/bin/../lib/gcc/arm-none-eabi/9.2.1/../../../../arm-none-eabi/lib/thumb/v7-m/nofp\libc_nano.a(lib_a-impure.o)
 .data.__global_locale
                0x10000080      0x16c c:/nxp/mcuxpressoide_11.2.1_4149/ide/plugins/com.nxp.mcuxpresso.tools.win32_11.2.0.202008311134/tools/bin/../lib/gcc/arm-none-eabi/9.2.1/../../../../arm-none-eabi/lib/thumb/v7-m/nofp\libc_nano.a(lib_a-locale.o)
                0x10000080                __global_locale
 .data.__fdlib_version
                0x100001ec        0x1 c:/nxp/mcuxpressoide_11.2.1_4149/ide/plugins/com.nxp.mcuxpresso.tools.win32_11.2.0.202008311134/tools/bin/../lib/gcc/arm-none-eabi/9.2.1/../../../../arm-none-eabi/lib/thumb/v7-m/nofp\libm.a(lib_a-s_lib_ver.o)
                0x100001ec                __fdlib_version
                0x100001f0                . = ALIGN (0x4)
 *fill*         0x100001ed        0x3 ff
                0x100001f0                _edata = .
                [!provide]                PROVIDE (__end_data_RAM = .)
                [!provide]                PROVIDE (__end_data_RamLoc32 = .)

.igot.plt       0x100001f0        0x0 load address 0x000197f0
 .igot.plt      0x100001f0        0x0 ./src/IA_2021_V0.o

.bss_RAM2       0x2007c000        0x0
                [!provide]                PROVIDE (__start_bss_RAM2 = .)
                [!provide]                PROVIDE (__start_bss_Ram_USB = .)
 *(.bss.$RAM2)
 *(.bss.$Ram_USB)
 *(.bss.$RAM2.*)
 *(.bss.$Ram_USB.*)
                0x2007c000                . = ALIGN ((. != 0x0)?0x4:0x1)
                [!provide]                PROVIDE (__end_bss_RAM2 = .)
                [!provide]                PROVIDE (__end_bss_Ram_USB = .)

.bss_RAM3       0x2007c800     0x39a0
                [!provide]                PROVIDE (__start_bss_RAM3 = .)
                [!provide]                PROVIDE (__start_bss_RAM3 = .)
 *(.bss.$RAM3)
 .bss.$RAM3     0x2007c800      0x197 ./freertos/src/FreeRTOSCommonHooks.o
 *fill*         0x2007c997        0x1 
 .bss.$RAM3     0x2007c998       0x56 ./Strategie/Deplacement/0_Deplacements.o
 .bss.$RAM3     0x2007c9ee       0xc0 ./Strategie/0_Infos.o
 .bss.$RAM3     0x2007caae      0x34a ./Pathfinding/Astar/Astar.o
 .bss.$RAM3     0x2007cdf8      0x280 ./Communication/0_Communication.o
 .bss.$RAM3     0x2007d078       0xdf ./Communication/1_Trame_Communication.o
 *fill*         0x2007d157        0x1 
 .bss.$RAM3     0x2007d158       0x46 ./Communication/2_Echange_Datas.o
 *(.bss.$RAM3)
 *(.bss.$RAM3.*)
 .bss.$RAM3.    0x2007d19e     0x3000 ./src/IA_2021_V0.o
 *(.bss.$RAM3.*)
                0x200801a0                . = ALIGN ((. != 0x0)?0x4:0x1)
 *fill*         0x2008019e        0x2 
                [!provide]                PROVIDE (__end_bss_RAM3 = .)
                [!provide]                PROVIDE (__end_bss_RAM3 = .)

.bss            0x100001f0     0x4f78
                0x100001f0                _bss = .
                [!provide]                PROVIDE (__start_bss_RAM = .)
                [!provide]                PROVIDE (__start_bss_RamLoc32 = .)
 *(.bss*)
 .bss.str.10220
                0x100001f0       0x46 ./src/test.o
 *fill*         0x10000236        0x2 
 .bss.pxEnd     0x10000238        0x4 ./freertos/src/heap_5.o
 .bss.xBlockAllocatedBit
                0x1000023c        0x4 ./freertos/src/heap_5.o
 .bss.xFreeBytesRemaining
                0x10000240        0x4 ./freertos/src/heap_5.o
 .bss.xMinimumEverFreeBytesRemaining
                0x10000244        0x4 ./freertos/src/heap_5.o
 .bss.xNumberOfSuccessfulAllocations
                0x10000248        0x4 ./freertos/src/heap_5.o
 .bss.xNumberOfSuccessfulFrees
                0x1000024c        0x4 ./freertos/src/heap_5.o
 .bss.xStart    0x10000250        0x8 ./freertos/src/heap_5.o
 .bss.xQueueRegistry
                0x10000258       0x50 ./freertos/src/queue.o
                0x10000258                xQueueRegistry
 .bss.pxCurrentTCB
                0x100002a8        0x4 ./freertos/src/tasks.o
                0x100002a8                pxCurrentTCB
 .bss.pxDelayedTaskList
                0x100002ac        0x4 ./freertos/src/tasks.o
 .bss.pxOverflowDelayedTaskList
                0x100002b0        0x4 ./freertos/src/tasks.o
 .bss.pxReadyTasksLists
                0x100002b4       0x64 ./freertos/src/tasks.o
 .bss.uxCurrentNumberOfTasks
                0x10000318        0x4 ./freertos/src/tasks.o
 .bss.uxDeletedTasksWaitingCleanUp
                0x1000031c        0x4 ./freertos/src/tasks.o
 .bss.uxSchedulerSuspended
                0x10000320        0x4 ./freertos/src/tasks.o
 .bss.uxTaskNumber
                0x10000324        0x4 ./freertos/src/tasks.o
 .bss.uxTopReadyPriority
                0x10000328        0x4 ./freertos/src/tasks.o
 .bss.xDelayedTaskList1
                0x1000032c       0x14 ./freertos/src/tasks.o
 .bss.xDelayedTaskList2
                0x10000340       0x14 ./freertos/src/tasks.o
 .bss.xIdleTaskHandle
                0x10000354        0x4 ./freertos/src/tasks.o
 .bss.xNextTaskUnblockTime
                0x10000358        0x4 ./freertos/src/tasks.o
 .bss.xNumOfOverflows