Archive member included to satisfy reference by file (symbol)

D:\Developpement_Robot\Robotic-System\trunk\Workspaces\MultiWorkSpaces_2021\0_lpc_chip_175x_6x\Release\lib0_lpc_chip_175x_6x.a(chip_17xx_40xx.o)
                              ./src/IA_2021_V0.o (SystemCoreClockUpdate)
D:\Developpement_Robot\Robotic-System\trunk\Workspaces\MultiWorkSpaces_2021\0_lpc_chip_175x_6x\Release\lib0_lpc_chip_175x_6x.a(clock_17xx_40xx.o)
                              D:\Developpement_Robot\Robotic-System\trunk\Workspaces\MultiWorkSpaces_2021\0_lpc_chip_175x_6x\Release\lib0_lpc_chip_175x_6x.a(chip_17xx_40xx.o) (Chip_Clock_EnablePLL)
D:\Developpement_Robot\Robotic-System\trunk\Workspaces\MultiWorkSpaces_2021\0_lpc_chip_175x_6x\Release\lib0_lpc_chip_175x_6x.a(ring_buffer.o)
                              ./Communication/0_Communication.o (RingBuffer_Init)
D:\Developpement_Robot\Robotic-System\trunk\Workspaces\MultiWorkSpaces_2021\0_lpc_chip_175x_6x\Release\lib0_lpc_chip_175x_6x.a(stopwatch_17xx_40xx.o)
                              ./Communication/USB/src/cdc_usb_main.o (StopWatch_Init)
D:\Developpement_Robot\Robotic-System\trunk\Workspaces\MultiWorkSpaces_2021\0_lpc_chip_175x_6x\Release\lib0_lpc_chip_175x_6x.a(sysinit_17xx_40xx.o)
                              ./src/IA_2021_V0.o (Chip_SetupXtalClocking)
D:\Developpement_Robot\Robotic-System\trunk\Workspaces\MultiWorkSpaces_2021\0_lpc_chip_175x_6x\Release\lib0_lpc_chip_175x_6x.a(timer_17xx_40xx.o)
                              ./src/IA_2021_V0.o (Chip_TIMER_Init)
D:\Developpement_Robot\Robotic-System\trunk\Workspaces\MultiWorkSpaces_2021\0_lpc_chip_175x_6x\Release\lib0_lpc_chip_175x_6x.a(uart_17xx_40xx.o)
                              ./Communication/0_Communication.o (Chip_UART_Init)
D:\Developpement_Robot\Robotic-System\trunk\Workspaces\MultiWorkSpaces_2021\0_lpc_board_nxp_lpcxpresso_1769\Release\lib0_lpc_board_nxp_lpcxpresso_1769.a(board.o)
                              ./src/IA_2021_V0.o (Set_Clock_in)
D:\Developpement_Robot\Robotic-System\trunk\Workspaces\MultiWorkSpaces_2021\0_lpc_chip_175x_6x\libs\libusbd_175x_6x_lib.a(mw_usbd_rom_api.o)
                              ./Communication/USB/src/cdc_usb_main.o (cdc_api)
D:\Developpement_Robot\Robotic-System\trunk\Workspaces\MultiWorkSpaces_2021\0_lpc_chip_175x_6x\libs\libusbd_175x_6x_lib.a(hw_usbd_ip3503.o)
                              D:\Developpement_Robot\Robotic-System\trunk\Workspaces\MultiWorkSpaces_2021\0_lpc_chip_175x_6x\libs\libusbd_175x_6x_lib.a(mw_usbd_rom_api.o) (hwUSB_GetMemSize)
D:\Developpement_Robot\Robotic-System\trunk\Workspaces\MultiWorkSpaces_2021\0_lpc_chip_175x_6x\libs\libusbd_175x_6x_lib.a(mw_usbd_cdcuser.o)
                              D:\Developpement_Robot\Robotic-System\trunk\Workspaces\MultiWorkSpaces_2021\0_lpc_chip_175x_6x\libs\libusbd_175x_6x_lib.a(mw_usbd_rom_api.o) (mwCDC_SendNotification)
D:\Developpement_Robot\Robotic-System\trunk\Workspaces\MultiWorkSpaces_2021\0_lpc_chip_175x_6x\libs\libusbd_175x_6x_lib.a(mw_usbd_core.o)
                              D:\Developpement_Robot\Robotic-System\trunk\Workspaces\MultiWorkSpaces_2021\0_lpc_chip_175x_6x\libs\libusbd_175x_6x_lib.a(mw_usbd_rom_api.o) (mwUSB_SetupStage)
D:\Developpement_Robot\Robotic-System\trunk\Workspaces\MultiWorkSpaces_2021\0_lpc_chip_175x_6x\libs\libusbd_175x_6x_lib.a(mw_usbd_dfuuser.o)
                              D:\Developpement_Robot\Robotic-System\trunk\Workspaces\MultiWorkSpaces_2021\0_lpc_chip_175x_6x\libs\libusbd_175x_6x_lib.a(mw_usbd_rom_api.o) (mwDFU_GetMemSize)
D:\Developpement_Robot\Robotic-System\trunk\Workspaces\MultiWorkSpaces_2021\0_lpc_chip_175x_6x\libs\libusbd_175x_6x_lib.a(mw_usbd_hiduser.o)
                              D:\Developpement_Robot\Robotic-System\trunk\Workspaces\MultiWorkSpaces_2021\0_lpc_chip_175x_6x\libs\libusbd_175x_6x_lib.a(mw_usbd_rom_api.o) (mwHID_GetMemSize)
D:\Developpement_Robot\Robotic-System\trunk\Workspaces\MultiWorkSpaces_2021\0_lpc_chip_175x_6x\libs\libusbd_175x_6x_lib.a(mw_usbd_mscuser.o)
                              D:\Developpement_Robot\Robotic-System\trunk\Workspaces\MultiWorkSpaces_2021\0_lpc_chip_175x_6x\libs\libusbd_175x_6x_lib.a(mw_usbd_rom_api.o) (mwMSC_GetMemSize)
c:/nxp/mcuxpressoide_11.2.1_4149/ide/plugins/com.nxp.mcuxpresso.tools.win32_11.2.0.202008311134/tools/bin/../lib/gcc/arm-none-eabi/9.2.1/thumb/v7-m/nofp\libgcc.a(_arm_mulsf3.o)
                              ./Strategie/Strategie_Level0/Deplacement/0_Deplacements.o (__aeabi_fmul)
c:/nxp/mcuxpressoide_11.2.1_4149/ide/plugins/com.nxp.mcuxpresso.tools.win32_11.2.0.202008311134/tools/bin/../lib/gcc/arm-none-eabi/9.2.1/thumb/v7-m/nofp\libgcc.a(_arm_addsubdf3.o)
                              ./Communication/2_Echange_Datas.o (__aeabi_f2d)
c:/nxp/mcuxpressoide_11.2.1_4149/ide/plugins/com.nxp.mcuxpresso.tools.win32_11.2.0.202008311134/tools/bin/../lib/gcc/arm-none-eabi/9.2.1/thumb/v7-m/nofp\libgcc.a(_arm_addsubsf3.o)
[...]
Memory Configuration

Name             Origin             Length             Attributes
MFlash512        0x00010000         0x00070000         xr
RamLoc32         0x10000000         0x00008000         xrw
Ram_USB          0x2007c000         0x00000800         xrw
RAM3             0x2007c800         0x00007800         xrw
*default*        0x00000000         0xffffffff

Linker script and memory map

LOAD ./src/IA_2021_V0.o
LOAD ./src/Init.o
LOAD ./src/cr_startup_lpc175x_6x.o
LOAD ./src/crp.o
LOAD ./src/sysinit.o
LOAD ./src/test.o
LOAD ./freertos/src/FreeRTOSCommonHooks.o
LOAD ./freertos/src/croutine.o
LOAD ./freertos/src/event_groups.o
LOAD ./freertos/src/heap_5.o
LOAD ./freertos/src/list.o
LOAD ./freertos/src/port.o
LOAD ./freertos/src/queue.o
LOAD ./freertos/src/stream_buffer.o
LOAD ./freertos/src/tasks.o
LOAD ./freertos/src/timers.o
LOAD ./freertos/FreeRTOS_Trace/trcHardwarePort.o
LOAD ./freertos/FreeRTOS_Trace/trcKernelPort.o
LOAD ./freertos/FreeRTOS_Trace/trcSnapshotRecorder.o
LOAD ./Strategie/Strategie_Level0/Deplacement/0_Deplacements.o
LOAD ./Strategie/Strategie_Level0/Deplacement/1_Obstacles.o
LOAD ./Strategie/Strategie_Level0/Actionneurs/0_Actionneurs.o
LOAD ./Strategie/Strategie_Level0/0_Infos.o
LOAD ./Strategie/Strategie_Level0/Strategie_Actions.o
LOAD ./Strategie/Strategie.o
LOAD ./Pathfinding/Astar/Astar.o
LOAD ./Communication/USB/src/cdc_desc.o
LOAD ./Communication/USB/src/cdc_usb_main.o
LOAD ./Communication/USB/src/cdc_vcom.o
LOAD ./Communication/RS485/0_RS485.o
LOAD ./Communication/0_Communication.o
LOAD ./Communication/0_Event_Group.o
LOAD ./Communication/1_Trame_Communication.o
LOAD ./Communication/2_Echange_Data_Strategie.o
LOAD ./Communication/2_Echange_Datas.o
LOAD ./Communication/2_Echange_Datas_Reception.o
LOAD D:\Developpement_Robot\Robotic-System\trunk\Workspaces\MultiWorkSpaces_2021\0_lpc_chip_175x_6x\Release\lib0_lpc_chip_175x_6x.a
LOAD D:\Developpement_Robot\Robotic-System\trunk\Workspaces\MultiWorkSpaces_2021\0_lpc_board_nxp_lpcxpresso_1769\Release\lib0_lpc_board_nxp_lpcxpresso_1769.a
LOAD D:\Developpement_Robot\Robotic-System\trunk\Workspaces\MultiWorkSpaces_2021\0_lpc_chip_175x_6x\libs\libusbd_175x_6x_lib.a
START GROUP
LOAD c:/nxp/mcuxpressoide_11.2.1_4149/ide/plugins/com.nxp.mcuxpresso.tools.win32_11.2.0.202008311134/tools/bin/../lib/gcc/arm-none-eabi/9.2.1/thumb/v7-m/nofp\libgcc.a
LOAD c:/nxp/mcuxpressoide_11.2.1_4149/ide/plugins/com.nxp.mcuxpresso.tools.win32_11.2.0.202008311134/tools/bin/../lib/gcc/arm-none-eabi/9.2.1/../../../../arm-none-eabi/lib/thumb/v7-m/nofp\libc_nano.a
LOAD c:/nxp/mcuxpressoide_11.2.1_4149/ide/plugins/com.nxp.mcuxpresso.tools.win32_11.2.0.202008311134/tools/bin/../lib/gcc/arm-none-eabi/9.2.1/../../../../arm-none-eabi/lib/thumb/v7-m/nofp\libm.a
LOAD c:/nxp/mcuxpressoide_11.2.1_4149/ide/plugins/com.nxp.mcuxpresso.tools.win32_11.2.0.202008311134/tools/bin/../lib/gcc/arm-none-eabi/9.2.1/../../../../arm-none-eabi/lib/thumb/v7-m/nofp\libcr_newlib_none.a
END GROUP
                0x00010000                __base_MFlash512 = 0x10000
                0x00010000                __base_Flash = 0x10000
                0x00080000                __top_MFlash512 = 0x80000
                0x00080000                __top_Flash = 0x80000
                0x10000000                __base_RamLoc32 = 0x10000000
                0x10000000                __base_RAM = 0x10000000
                0x10008000                __top_RamLoc32 = 0x10008000
                0x10008000                __top_RAM = 0x10008000
                0x2007c000                __base_Ram_USB = 0x2007c000
                0x2007c000                __base_RAM2 = 0x2007c000
                0x2007c800                __top_Ram_USB = 0x2007c800
                0x2007c800                __top_RAM2 = 0x2007c800
                0x2007c800                __base_RAM3 = 0x2007c800
                0x2007c800                __base_RAM3 = 0x2007c800
                0x20084000                __top_RAM3 = 0x20084000
                0x20084000                __top_RAM3 = 0x20084000

.text           0x00010000     0xa178
 FILL mask 0xff
                0x00010000                __vectors_start__ = ABSOLUTE (.)
 *(.isr_vector)
 .isr_vector    0x00010000       0xcc ./src/cr_startup_lpc175x_6x.o
                0x00010000                g_pfnVectors
                0x000100cc                . = ALIGN (0x4)
                0x000100cc                __section_table_start = .
                0x000100cc                __data_section_table = .
                0x000100cc        0x4 LONG 0x1a178 LOADADDR (.data)
                0x000100d0        0x4 LONG 0x10000000 ADDR (.data)
                0x000100d4        0x4 LONG 0x1f0 SIZEOF (.data)
                0x000100d8        0x4 LONG 0x1a178 LOADADDR (.data_RAM2)
                0x000100dc        0x4 LONG 0x2007c000 ADDR (.data_RAM2)
                0x000100e0        0x4 LONG 0x0 SIZEOF (.data_RAM2)
                0x000100e4        0x4 LONG 0x1a178 LOADADDR (.data_RAM3)
                0x000100e8        0x4 LONG 0x2007c800 ADDR (.data_RAM3)
                0x000100ec        0x4 LONG 0x0 SIZEOF (.data_RAM3)
                0x000100f0                __data_section_table_end = .
                0x000100f0                __bss_section_table = .
                0x000100f0        0x4 LONG 0x100001f0 ADDR (.bss)
                0x000100f4        0x4 LONG 0x55e4 SIZEOF (.bss)
                0x000100f8        0x4 LONG 0x2007c000 ADDR (.bss_RAM2)
                0x000100fc        0x4 LONG 0x0 SIZEOF (.bss_RAM2)
                0x00010100        0x4 LONG 0x2007c800 ADDR (.bss_RAM3)
                0x00010104        0x4 LONG 0x36ac SIZEOF (.bss_RAM3)
                0x00010108                __bss_section_table_end = .
                0x00010108                __section_table_end = .
 *(.after_vectors*)
 .after_vectors
                0x00010108       0x8c ./src/cr_startup_lpc175x_6x.o
                0x00010108                NMI_Handler
                0x0001010a                HardFault_Handler
                0x0001010c                MemManage_Handler
                0x0001010e                BusFault_Handler
                0x00010110                UsageFault_Handler
                0x00010112                DebugMon_Handler
                0x00010114                USBActivity_IRQHandler
                0x00010114                PWM1_IRQHandler
                0x00010114                I2C0_IRQHandler
                0x00010114                RIT_IRQHandler
                0x00010114                I2C1_IRQHandler
                0x00010114                EINT2_IRQHandler
                0x00010114                EINT3_IRQHandler
                0x00010114                CANActivity_IRQHandler
                0x00010114                TIMER3_IRQHandler
                0x00010114                UART0_IRQHandler
                0x00010114                DMA_IRQHandler
                0x00010114                UART3_IRQHandler
                0x00010114                IntDefaultHandler
                0x00010114                PLL0_IRQHandler
                0x00010114                CAN_IRQHandler
                0x00010114                PLL1_IRQHandler
                0x00010114                SSP0_IRQHandler
                0x00010114                I2S_IRQHandler
                0x00010114                I2C2_IRQHandler
                0x00010114                RTC_IRQHandler
                0x00010114                TIMER0_IRQHandler
                0x00010114                SPI_IRQHandler
                0x00010114                ETH_IRQHandler
                0x00010114                EINT1_IRQHandler
                0x00010114                TIMER1_IRQHandler
                0x00010114                ADC_IRQHandler
                0x00010114                SSP1_IRQHandler
                0x00010114                BOD_IRQHandler
                0x00010114                TIMER2_IRQHandler
                0x00010114                WDT_IRQHandler
                0x00010114                EINT0_IRQHandler
                0x00010114                QEI_IRQHandler
                0x00010114                MCPWM_IRQHandler
                0x00010116                data_init
                0x00010132                bss_init
                0x00010144                ResetISR
                0x0001018c                SVC_Handler
                0x0001018e                PendSV_Handler
                0x00010190                SysTick_Handler
                0x000002fc                . = 0x2fc
 *fill*         0x00010194      0x168 ff
                0x000102fc                PROVIDE (__CRP_WORD_START__ = .)
 *(.crp)
 .crp           0x000102fc        0x4 ./src/crp.o
                0x000102fc                CRP_WORD
                0x00010300                PROVIDE (__CRP_WORD_END__ = .)
                0x00000001                ASSERT (! ((__CRP_WORD_START__ == __CRP_WORD_END__)), Linker CRP Enabled, but no CRP_WORD provided within application)
 *(.text*)
 .text.vConfigureTimerForRunTimeStats
                0x00010300       0x22 ./src/IA_2021_V0.o
                0x00010300                vConfigureTimerForRunTimeStats
 *fill*         0x00010322        0x2 ff
 .text.prvSetupHardware
                0x00010324       0x30 ./src/IA_2021_V0.o
 .text.vTask_HartBeat
                0x00010354       0x64 ./src/IA_2021_V0.o
 .text.main     0x000103b8       0x34 ./src/IA_2021_V0.o
                0x000103b8                main
 .text.Debug_Trace_Texte
                0x000103ec        0x2 ./src/Init.o
                0x000103ec                Debug_Trace_Texte
 *fill*         0x000103ee        0x2 ff
 .text.Set_Debug_Pin_0_High
                0x000103f0       0x10 ./src/Init.o
                0x000103f0                Set_Debug_Pin_0_High
 .text.Set_Debug_Pin_0_Low
                0x00010400       0x10 ./src/Init.o
                0x00010400                Set_Debug_Pin_0_Low
 .text.Set_Debug_Pin_1_Low
                0x00010410       0x10 ./src/Init.o
                0x00010410                Set_Debug_Pin_1_Low
 .text.Init_Carte_IA
                0x00010420       0x68 ./src/Init.o
                0x00010420                Init_Carte_IA
 .text.Init_Send_Robot_ID
                0x00010488       0x18 ./src/Init.o
                0x00010488                Init_Send_Robot_ID
 .text.SystemInit
                0x000104a0       0x18 ./src/sysinit.o
                0x000104a0                SystemInit
 .text.TEST_init_parametres
                0x000104b8       0x28 ./src/test.o
                0x000104b8                TEST_init_parametres
 .text.TEST_Deplacement
                0x000104e0      0x1a4 ./src/test.o
                0x000104e0                TEST_Deplacement
 .text.vApplicationStackOverflowHook
                0x00010684      0x12c ./freertos/src/FreeRTOSCommonHooks.o
                0x00010684                vApplicationStackOverflowHook
 .text.prvTestWaitCondition
                0x000107b0       0x1c ./freertos/src/event_groups.o
 .text.xEventGroupCreate
                0x000107cc       0x1a ./freertos/src/event_groups.o
                0x000107cc                xEventGroupCreate
 *fill*         0x000107e6        0x2 ff
 .text.xEventGroupWaitBits
                0x000107e8       0xbc ./freertos/src/event_groups.o
                0x000107e8                xEventGroupWaitBits
 .text.xEventGroupClearBits
                0x000108a4       0x1a ./freertos/src/event_groups.o
                0x000108a4                xEventGroupClearBits
 .text.xEventGroupSetBits
                0x000108be       0x62 ./freertos/src/event_groups.o
                0x000108be                xEventGroupSetBits
 .text.vEventGroupSetBitsCallback
                0x00010920        0x8 ./freertos/src/event_groups.o
                0x00010920                vEventGroupSetBitsCallback
 .text.prvInsertBlockIntoFreeList
                0x00010928       0x54 ./freertos/src/heap_5.o
 .text.pvPortMalloc
                0x0001097c       0xc0 ./freertos/src/heap_5.o
                0x0001097c                pvPortMalloc
 .text.vPortFree
                0x00010a3c       0x58 ./freertos/src/heap_5.o
                0x00010a3c                vPortFree
 .text.vPortDefineHeapRegions
                0x00010a94       0x84 ./freertos/src/heap_5.o
                0x00010a94                vPortDefineHeapRegions
 .text.vListInitialise
                0x00010b18       0x16 ./freertos/src/list.o
                0x00010b18                vListInitialise
 .text.vListInitialiseItem
                0x00010b2e        0x6 ./freertos/src/list.o
                0x00010b2e                vListInitialiseItem
 .text.vListInsertEnd
                0x00010b34       0x16 ./freertos/src/list.o
                0x00010b34                vListInsertEnd
 .text.vListInsert
                0x00010b4a       0x32 ./freertos/src/list.o
                0x00010b4a                vListInsert
 .text.uxListRemove
                0x00010b7c       0x26 ./freertos/src/list.o
                0x00010b7c                uxListRemove
 .text.prvTaskExitError
                0x00010ba2       0x20 ./freertos/src/port.o
 *fill*         0x00010bc2        0x2 ff
 .text.prvPortStartFirstTask
                0x00010bc4       0x20 ./freertos/src/port.o
 .text.pxPortInitialiseStack
                0x00010be4       0x24 ./freertos/src/port.o
                0x00010be4                pxPortInitialiseStack
 *fill*         0x00010c08        0x8 ff
 .text.vPortSVCHandler
                0x00010c10       0x24 ./freertos/src/port.o
                0x00010c10                vPortSVCHandler
 .text.vPortEnterCritical
                0x00010c34       0x20 ./freertos/src/port.o
                0x00010c34                vPortEnterCritical
 .text.vPortExitCritical
                0x00010c54       0x14 ./freertos/src/port.o
                0x00010c54                vPortExitCritical
 *fill*         0x00010c68        0x8 ff
 .text.xPortPendSVHandler
                0x00010c70       0x44 ./freertos/src/port.o
                0x00010c70                xPortPendSVHandler
 .text.xPortSysTickHandler
                0x00010cb4       0x2c ./freertos/src/port.o
                0x00010cb4                xPortSysTickHandler
 .text.vPortSetupTimerInterrupt
                0x00010ce0       0x24 ./freertos/src/port.o
                0x00010ce0                vPortSetupTimerInterrupt
 .text.xPortStartScheduler
                0x00010d04       0x38 ./freertos/src/port.o
                0x00010d04                xPortStartScheduler
 .text.prvIsQueueFull
                0x00010d3c       0x1e ./freertos/src/queue.o
 .text.prvIsQueueEmpty
                0x00010d5a       0x1a ./freertos/src/queue.o
 .text.prvCopyDataToQueue
                0x00010d74       0x76 ./freertos/src/queue.o
 .text.prvCopyDataFromQueue
                0x00010dea       0x24 ./freertos/src/queue.o
 .text.prvUnlockQueue
                0x00010e0e       0x6e ./freertos/src/queue.o
 .text.xQueueGenericReset
                0x00010e7c       0x70 ./freertos/src/queue.o
                0x00010e7c                xQueueGenericReset
 .text.prvInitialiseNewQueue
                0x00010eec       0x1c ./freertos/src/queue.o
 .text.xQueueGenericCreate
                0x00010f08       0x2e ./freertos/src/queue.o
                0x00010f08                xQueueGenericCreate
 *fill*         0x00010f36        0x2 ff
 .text.xQueueGenericSend
                0x00010f38      0x118 ./freertos/src/queue.o
                0x00010f38                xQueueGenericSend
 .text.xQueueGenericSendFromISR
                0x00011050       0x72 ./freertos/src/queue.o
                0x00011050                xQueueGenericSendFromISR
 *fill*         0x000110c2        0x2 ff
 .text.xQueueReceive
                0x000110c4      0x10c ./freertos/src/queue.o
                0x000110c4                xQueueReceive
 .text.vQueueAddToRegistry
                0x000111d0       0x28 ./freertos/src/queue.o
                0x000111d0                vQueueAddToRegistry
 .text.vQueueWaitForMessageRestricted
                0x000111f8       0x52 ./freertos/src/queue.o
                0x000111f8                vQueueWaitForMessageRestricted
 *fill*         0x0001124a        0x2 ff
 .text.prvResetNextTaskUnblockTime
                0x0001124c       0x2c ./freertos/src/tasks.o
 .text.prvDeleteTCB
                0x00011278       0x12 ./freertos/src/tasks.o
 .text.prvInitialiseNewTask
                0x0001128a       0x9c ./freertos/src/tasks.o
 *fill*         0x00011326        0x2 ff
 .text.prvInitialiseTaskLists
                0x00011328       0x68 ./freertos/src/tasks.o
 .text.prvAddNewTaskToReadyList
                0x00011390       0xa8 ./freertos/src/tasks.o
 .text.prvCheckTasksWaitingTermination
                0x00011438       0x4c ./freertos/src/tasks.o
 .text.prvIdleTask
                0x00011484       0x28 ./freertos/src/tasks.o
 .text.prvAddCurrentTaskToDelayedList
                0x000114ac       0x98 ./freertos/src/tasks.o
 .text.xTaskCreate
                0x00011544       0x64 ./freertos/src/tasks.o
                0x00011544                xTaskCreate
 .text.vTaskDelete
                0x000115a8       0xc4 ./freertos/src/tasks.o
                0x000115a8                vTaskDelete
 .text.vTaskStartScheduler
                0x0001166c       0x70 ./freertos/src/tasks.o
                0x0001166c                vTaskStartScheduler
 .text.vTaskSuspendAll
                0x000116dc       0x10 ./freertos/src/tasks.o
                0x000116dc                vTaskSuspendAll
 .text.xTaskGetTickCount
                0x000116ec        0xc ./freertos/src/tasks.o
                0x000116ec                xTaskGetTickCount
 .text.xTaskIncrementTick
                0x000116f8      0x100 ./freertos/src/tasks.o
                0x000116f8                xTaskIncrementTick
 .text.xTaskResumeAll
                0x000117f8       0xe0 ./freertos/src/tasks.o
                0x000117f8                xTaskResumeAll
 .text.vTaskDelayUntil
                0x000118d8       0x60 ./freertos/src/tasks.o
                0x000118d8                vTaskDelayUntil
 .text.vTaskDelay
                0x00011938       0x34 ./freertos/src/tasks.o
                0x00011938                vTaskDelay
 .text.vTaskSwitchContext
                0x0001196c       0xac ./freertos/src/tasks.o
                0x0001196c                vTaskSwitchContext
 .text.vTaskPlaceOnEventList
                0x00011a18       0x1c ./freertos/src/tasks.o
                0x00011a18                vTaskPlaceOnEventList
 .text.vTaskPlaceOnUnorderedEventList
                0x00011a34       0x24 ./freertos/src/tasks.o
                0x00011a34                vTaskPlaceOnUnorderedEventList
 .text.vTaskPlaceOnEventListRestricted
                0x00011a58       0x24 ./freertos/src/tasks.o
                0x00011a58                vTaskPlaceOnEventListRestricted
 .text.xTaskRemoveFromEventList
                0x00011a7c       0x78 ./freertos/src/tasks.o
                0x00011a7c                xTaskRemoveFromEventList
 .text.vTaskRemoveFromUnorderedEventList
                0x00011af4       0x58 ./freertos/src/tasks.o
                0x00011af4                vTaskRemoveFromUnorderedEventList
 .text.vTaskInternalSetTimeOutState
                0x00011b4c       0x18 ./freertos/src/tasks.o
                0x00011b4c                vTaskInternalSetTimeOutState
 .text.xTaskCheckForTimeOut
                0x00011b64       0x5c ./freertos/src/tasks.o
                0x00011b64                xTaskCheckForTimeOut
 .text.vTaskMissedYield
                0x00011bc0        0xc ./freertos/src/tasks.o
                0x00011bc0                vTaskMissedYield
 .text.xTaskGetCurrentTaskHandle
                0x00011bcc        0xc ./freertos/src/tasks.o
                0x00011bcc                xTaskGetCurrentTaskHandle
 .text.xTaskGetSchedulerState
                0x00011bd8       0x20 ./freertos/src/tasks.o
                0x00011bd8                xTaskGetSchedulerState
 .text.xTaskPriorityDisinherit
                0x00011bf8       0x80 ./freertos/src/tasks.o
                0x00011bf8                xTaskPriorityDisinherit
 .text.uxTaskResetEventItemValue
                0x00011c78       0x18 ./freertos/src/tasks.o
                0x00011c78                uxTaskResetEventItemValue
 .text.prvGetNextExpireTime
                0x00011c90       0x20 ./freertos/src/timers.o
 .text.prvInsertTimerInActiveList
                0x00011cb0       0x48 ./freertos/src/timers.o
 .text.prvCheckForValidListAndQueue
                0x00011cf8       0x5c ./freertos/src/timers.o
 .text.xTimerCreateTimerTask
                0x00011d54       0x3c ./freertos/src/timers.o
                0x00011d54                xTimerCreateTimerTask
 .text.xTimerGenericCommand
                0x00011d90       0x58 ./freertos/src/timers.o
                0x00011d90                xTimerGenericCommand
 .text.prvSwitchTimerLists
                0x00011de8       0x68 ./freertos/src/timers.o
 .text.prvSampleTimeNow
                0x00011e50       0x2c ./freertos/src/timers.o
 .text.prvProcessExpiredTimer
                0x00011e7c       0x58 ./freertos/src/timers.o
 .text.prvProcessTimerOrBlockTask
                0x00011ed4       0x74 ./freertos/src/timers.o
 .text.prvProcessReceivedCommands
                0x00011f48       0xe4 ./freertos/src/timers.o
 .text.prvTimerTask
                0x0001202c       0x16 ./freertos/src/timers.o
 *fill*         0x00012042        0x2 ff
 .text.xTimerPendFunctionCallFromISR
                0x00012044       0x28 ./freertos/src/timers.o
                0x00012044                xTimerPendFunctionCallFromISR
 .text._0_Deplacement_Init
                0x0001206c       0x10 ./Strategie/Strategie_Level0/Deplacement/0_Deplacements.o
                0x0001206c                _0_Deplacement_Init
 .text._0_Deplacement_Get_ptr_Current_Destination
                0x0001207c        0x8 ./Strategie/Strategie_Level0/Deplacement/0_Deplacements.o
                0x0001207c                _0_Deplacement_Get_ptr_Current_Destination
 .text._0_Deplacement_Wait_For_Arrival
                0x00012084       0x7c ./Strategie/Strategie_Level0/Deplacement/0_Deplacements.o
                0x00012084                _0_Deplacement_Wait_For_Arrival
 .text.Distance_To_Destination
                0x00012100       0x4c ./Strategie/Strategie_Level0/Deplacement/0_Deplacements.o
                0x00012100                Distance_To_Destination
 .text.Distance_Two_Points
                0x0001214c       0x1c ./Strategie/Strategie_Level0/Deplacement/0_Deplacements.o
                0x0001214c                Distance_Two_Points
 .text._0_Deplacement_Tourne_Avance
                0x00012168       0xbc ./Strategie/Strategie_Level0/Deplacement/0_Deplacements.o
                0x00012168                _0_Deplacement_Tourne_Avance
 .text._0_Deplacement_Tourne_Avance_ASTAR
                0x00012224       0xcc ./Strategie/Strategie_Level0/Deplacement/0_Deplacements.o
                0x00012224                _0_Deplacement_Tourne_Avance_ASTAR
 .text._0_Deplacement_ASTAR
                0x000122f0      0x280 ./Strategie/Strategie_Level0/Deplacement/0_Deplacements.o
                0x000122f0                _0_Deplacement_ASTAR
 .text._1_TEST_Obstacles_Opponent_Robots
                0x00012570       0x5c ./Strategie/Strategie_Level0/Deplacement/1_Obstacles.o
                0x00012570                _1_TEST_Obstacles_Opponent_Robots
 .text._1_Obstacles_Create_Terrain_Border
                0x000125cc      0x13a ./Strategie/Strategie_Level0/Deplacement/1_Obstacles.o
                0x000125cc                _1_Obstacles_Create_Terrain_Border
 *fill*         0x00012706        0x2 ff
 .text._0_Infos_Init
                0x00012708       0x14 ./Strategie/Strategie_Level0/0_Infos.o
                0x00012708                _0_Infos_Init
 .text._0_Update_Card_Datas
                0x0001271c       0x34 ./Strategie/Strategie_Level0/0_Infos.o
                0x0001271c                _0_Update_Card_Datas
 .text._0_Get_Robot_Position
                0x00012750       0x48 ./Strategie/Strategie_Level0/0_Infos.o
                0x00012750                _0_Get_Robot_Position
 .text._Strategie_Change_Action_State
                0x00012798        0xc ./Strategie/Strategie_Level0/Strategie_Actions.o
                0x00012798                _Strategie_Change_Action_State
 .text._Strategie_Init_Strategie_2021
                0x000127a4      0x1b8 ./Strategie/Strategie.o
                0x000127a4                _Strategie_Init_Strategie_2021
 .text.Astar_Set_Node_as_Blocked
                0x0001295c       0x2a ./Pathfinding/Astar/Astar.o
 .text.Astar_Set_Node_as_Closed
                0x00012986       0x1e ./Pathfinding/Astar/Astar.o
 .text.Astar_Set_Node_as_Opened
                0x000129a4       0x1e ./Pathfinding/Astar/Astar.o
 *fill*         0x000129c2        0x2 ff
 .text.Astar_Compute_H_cost
                0x000129c4       0x34 ./Pathfinding/Astar/Astar.o
 .text.Astar_Map_Init
                0x000129f8      0x174 ./Pathfinding/Astar/Astar.o
                0x000129f8                Astar_Map_Init
 .text.Astar_Get_Map
                0x00012b6c        0x8 ./Pathfinding/Astar/Astar.o
                0x00012b6c                Astar_Get_Map
 .text.Astar_Get_Vector_Map
                0x00012b74        0x8 ./Pathfinding/Astar/Astar.o
                0x00012b74                Astar_Get_Vector_Map
 .text.Astar_Find_Path
                0x00012b7c      0x248 ./Pathfinding/Astar/Astar.o
                0x00012b7c                Astar_Find_Path
 .text.Astar_Generate_Trajectory
                0x00012dc4       0x6a ./Pathfinding/Astar/Astar.o
                0x00012dc4                Astar_Generate_Trajectory
 .text.Astar_Find_Best_Node_To_Compute
                0x00012e2e      0x126 ./Pathfinding/Astar/Astar.o
                0x00012e2e                Astar_Find_Best_Node_To_Compute
 .text.Astar_Compute_Surronding_Nodes
                0x00012f54      0x3da ./Pathfinding/Astar/Astar.o
                0x00012f54                Astar_Compute_Surronding_Nodes
 .text.Astar_Compute_Node
                0x0001332e      0x102 ./Pathfinding/Astar/Astar.o
                0x0001332e                Astar_Compute_Node
 .text.Astar_Smoothing
                0x00013430       0xb8 ./Pathfinding/Astar/Astar.o
                0x00013430                Astar_Smoothing
 .text.Dijkstra_Intersect_Any_Segment
                0x000134e8       0x42 ./Pathfinding/Astar/Astar.o
                0x000134e8                Dijkstra_Intersect_Any_Segment
 .text.Dijkstra_Vector_Length
                0x0001352a       0x1c ./Pathfinding/Astar/Astar.o
                0x0001352a                Dijkstra_Vector_Length
 .text.Dijkstra_intersect_segment
                0x00013546      0x38c ./Pathfinding/Astar/Astar.o
                0x00013546                Dijkstra_intersect_segment
 *fill*         0x000138d2        0x2 ff
 .text.Astar_Add_Rectangular_Obstacle
                0x000138d4      0x118 ./Pathfinding/Astar/Astar.o
                0x000138d4                Astar_Add_Rectangular_Obstacle
 .text.Astar_Add_Obstacle_Vector
                0x000139ec       0xd8 ./Pathfinding/Astar/Astar.o
                0x000139ec                Astar_Add_Obstacle_Vector
 .text._0_RS485_Master_Mode
                0x00013ac4       0x16 ./Communication/RS485/0_RS485.o
                0x00013ac4                _0_RS485_Master_Mode
 .text._0_RS485_Slave_Mode
                0x00013ada       0x16 ./Communication/RS485/0_RS485.o
                0x00013ada                _0_RS485_Slave_Mode
 .text._0_RS485_Init
                0x00013af0       0x60 ./Communication/RS485/0_RS485.o
                0x00013af0                _0_RS485_Init
 .text._0_Communication_Init
                0x00013b50       0x5c ./Communication/0_Communication.o
                0x00013b50                _0_Communication_Init
 .text._0_Communication_Init_RS485
                0x00013bac       0xa0 ./Communication/0_Communication.o
                0x00013bac                _0_Communication_Init_RS485
 .text._0_Communication_Init_XBEE
                0x00013c4c       0x9c ./Communication/0_Communication.o
                0x00013c4c                _0_Communication_Init_XBEE
 .text.UART1_IRQHandler
                0x00013ce8       0xa4 ./Communication/0_Communication.o
                0x00013ce8                UART1_IRQHandler
 .text.UART2_IRQHandler
                0x00013d8c       0xa4 ./Communication/0_Communication.o
                0x00013d8c                UART2_IRQHandler
 .text.USB_IRQHandler
                0x00013e30       0x1c ./Communication/0_Communication.o
                0x00013e30                USB_IRQHandler
 .text._0_Communication_Send_Data
                0x00013e4c       0x90 ./Communication/0_Communication.o
                0x00013e4c                _0_Communication_Send_Data
 .text._0_Communication_Send_RS485
                0x00013edc       0x98 ./Communication/0_Communication.o
                0x00013edc                _0_Communication_Send_RS485
 .text._0_Communication_Send_XBEE
                0x00013f74       0x82 ./Communication/0_Communication.o
                0x00013f74                _0_Communication_Send_XBEE
 .text.Chip_UART_SendByte
                0x00013ff6        0x4 ./Communication/0_Communication.o
 .text.Chip_UART_ReadLineStatus
                0x00013ffa        0x4 ./Communication/0_Communication.o
 *fill*         0x00013ffe        0x2 ff
 .text._0_Communication_Init_Event_Group
                0x00014000       0x10 ./Communication/0_Event_Group.o
                0x00014000                _0_Communication_Init_Event_Group
 .text._1_Communication_Init
                0x00014010       0x28 ./Communication/1_Trame_Communication.o
                0x00014010                _1_Communication_Init
 .text._1_Communication_Create_Queues_Semaphores
                0x00014038       0x14 ./Communication/1_Trame_Communication.o
                0x00014038                _1_Communication_Create_Queues_Semaphores
 .text._1_Communication_Wait_To_Send
                0x0001404c       0x28 ./Communication/1_Trame_Communication.o
                0x0001404c                _1_Communication_Wait_To_Send
 .text._1_Communication_Free_Send_Bit
                0x00014074       0x14 ./Communication/1_Trame_Communication.o
                0x00014074                _1_Communication_Free_Send_Bit
 .text._1_Communication_Wait_To_Receive
                0x00014088       0x2c ./Communication/1_Trame_Communication.o
                0x00014088                _1_Communication_Wait_To_Receive
 .text._1_Communication_Free_Receive_Bit
                0x000140b4       0x14 ./Communication/1_Trame_Communication.o
                0x000140b4                _1_Communication_Free_Receive_Bit
 .text._1_Communication_Create_Message
                0x000140c8       0x7c ./Communication/1_Trame_Communication.o
                0x000140c8                _1_Communication_Create_Message
 .text._1_Communication_Create_Trame
                0x00014144       0x3c ./Communication/1_Trame_Communication.o
                0x00014144                _1_Communication_Create_Trame
 .text._1_Communication_Create_Trame_From_Buffer
                0x00014180      0x294 ./Communication/1_Trame_Communication.o
                0x00014180                _1_Communication_Create_Trame_From_Buffer
 .text._1_Communication_Check_Rx_Adresse
                0x00014414       0x1a ./Communication/1_Trame_Communication.o
                0x00014414                _1_Communication_Check_Rx_Adresse
 *fill*         0x0001442e        0x2 ff
 .text._1_Communication_Recomposition_Rx
                0x00014430       0x68 ./Communication/1_Trame_Communication.o
                0x00014430                _1_Communication_Recomposition_Rx
 .text._2_Comm_Strategie_Init
                0x00014498       0x14 ./Communication/2_Echange_Data_Strategie.o
                0x00014498                _2_Comm_Strategie_Init
 .text._2_Comm_Strategie_Send_Action_State_Update
                0x000144ac       0xe0 ./Communication/2_Echange_Data_Strategie.o
                0x000144ac                _2_Comm_Strategie_Send_Action_State_Update
 .text._2_Communication_Init
                0x0001458c       0x14 ./Communication/2_Echange_Datas.o
                0x0001458c                _2_Communication_Init
 .text._2_Comm_Send_Destination_Robot
                0x000145a0       0xbc ./Communication/2_Echange_Datas.o
                0x000145a0                _2_Comm_Send_Destination_Robot
 .text._2_Comm_Send_Demande_Info
                0x0001465c       0x34 ./Communication/2_Echange_Datas.o
                0x0001465c                _2_Comm_Send_Demande_Info
 .text._2_Comm_Send_PING
                0x00014690       0x34 ./Communication/2_Echange_Datas.o
                0x00014690                _2_Comm_Send_PING
 .text._2_Comm_Send_PONG
                0x000146c4       0x84 ./Communication/2_Echange_Datas.o
                0x000146c4                _2_Comm_Send_PONG
 .text._2_Comm_Send_Communication_Status
                0x00014748       0x44 ./Communication/2_Echange_Datas.o
                0x00014748                _2_Comm_Send_Communication_Status
 .text._2_Comm_Send_Log_Message
                0x0001478c      0x100 ./Communication/2_Echange_Datas.o
                0x0001478c                _2_Comm_Send_Log_Message
 .text._2_Communication_Boards_Status
                0x0001488c       0x94 ./Communication/2_Echange_Datas.o
                0x0001488c                _2_Communication_Boards_Status
 .text._2_Comm_Robot_ID
                0x00014920       0x38 ./Communication/2_Echange_Datas.o
                0x00014920                _2_Comm_Robot_ID
 .text._2_Comm_Demande_Simulation
                0x00014958       0x48 ./Communication/2_Echange_Datas.o
                0x00014958                _2_Comm_Demande_Simulation
 .text._2_Comm_Demande_Motor_Power
                0x000149a0       0x4c ./Communication/2_Echange_Datas.o
                0x000149a0                _2_Comm_Demande_Motor_Power
 .text._2_Comm_Set_Robot_Position
                0x000149ec       0xb4 ./Communication/2_Echange_Datas.o
                0x000149ec                _2_Comm_Set_Robot_Position
 .text._2_Comm_Send_ASTAR_Contenu
                0x00014aa0       0xd8 ./Communication/2_Echange_Datas.o
                0x00014aa0                _2_Comm_Send_ASTAR_Contenu
 .text._2_Comm_Send_ASTAR_Vectors
                0x00014b78       0xf8 ./Communication/2_Echange_Datas.o
                0x00014b78                _2_Comm_Send_ASTAR_Vectors
 .text._2_Comm_Send_Robot_Speed
                0x00014c70       0xac ./Communication/2_Echange_Datas.o
                0x00014c70                _2_Comm_Send_Robot_Speed
 .text._2_Communication_RX_Init
                0x00014d1c        0x2 ./Communication/2_Echange_Datas_Reception.o
                0x00014d1c                _2_Communication_RX_Init
 *fill*         0x00014d1e        0x2 ff
 .text._2_Communication_Interprete_message
                0x00014d20       0x58 ./Communication/2_Echange_Datas_Reception.o
                0x00014d20                _2_Communication_Interprete_message
 .text._2_Communication_RX_Reponse_Infos
                0x00014d78       0x1a ./Communication/2_Echange_Datas_Reception.o
                0x00014d78                _2_Communication_RX_Reponse_Infos
 *fill*         0x00014d92        0x2 ff
 .text.SystemCoreClockUpdate
                0x00014d94       0x10 D:\Developpement_Robot\Robotic-System\trunk\Workspaces\MultiWorkSpaces_2021\0_lpc_chip_175x_6x\Release\lib0_lpc_chip_175x_6x.a(chip_17xx_40xx.o)
                0x00014d94                SystemCoreClockUpdate
 .text.Chip_Clock_EnablePLL
                0x00014da4       0x24 D:\Developpement_Robot\Robotic-System\trunk\Workspaces\MultiWorkSpaces_2021\0_lpc_chip_175x_6x\Release\lib0_lpc_chip_175x_6x.a(clock_17xx_40xx.o)
                0x00014da4                Chip_Clock_EnablePLL
 .text.Chip_Clock_DisablePLL
                0x00014dc8       0x26 D:\Developpement_Robot\Robotic-System\trunk\Workspaces\MultiWorkSpaces_2021\0_lpc_chip_175x_6x\Release\lib0_lpc_chip_175x_6x.a(clock_17xx_40xx.o)
                0x00014dc8                Chip_Clock_DisablePLL
 .text.Chip_Clock_SetupPLL
                0x00014dee       0x30 D:\Developpement_Robot\Robotic-System\trunk\Workspaces\MultiWorkSpaces_2021\0_lpc_chip_175x_6x\Release\lib0_lpc_chip_175x_6x.a(clock_17xx_40xx.o)
                0x00014dee                Chip_Clock_SetupPLL
 *fill*         0x00014e1e        0x2 ff
 .text.Chip_Clock_EnablePeriphClock
                0x00014e20       0x18 D:\Developpement_Robot\Robotic-System\trunk\Workspaces\MultiWorkSpaces_2021\0_lpc_chip_175x_6x\Release\lib0_lpc_chip_175x_6x.a(clock_17xx_40xx.o)
                0x00014e20                Chip_Clock_EnablePeriphClock
 .text.Chip_Clock_GetCPUClockSource
                0x00014e38       0x10 D:\Developpement_Robot\Robotic-System\trunk\Workspaces\MultiWorkSpaces_2021\0_lpc_chip_175x_6x\Release\lib0_lpc_chip_175x_6x.a(clock_17xx_40xx.o)
                0x00014e38                Chip_Clock_GetCPUClockSource
 .text.Chip_Clock_SetCPUClockDiv
                0x00014e48        0xc D:\Developpement_Robot\Robotic-System\trunk\Workspaces\MultiWorkSpaces_2021\0_lpc_chip_175x_6x\Release\lib0_lpc_chip_175x_6x.a(clock_17xx_40xx.o)
                0x00014e48                Chip_Clock_SetCPUClockDiv
 .text.Chip_Clock_GetCPUClockDiv
                0x00014e54       0x10 D:\Developpement_Robot\Robotic-System\trunk\Workspaces\MultiWorkSpaces_2021\0_lpc_chip_175x_6x\Release\lib0_lpc_chip_175x_6x.a(clock_17xx_40xx.o)
                0x00014e54                Chip_Clock_GetCPUClockDiv
 .text.Chip_Clock_GetPCLKDiv
                0x00014e64       0x38 D:\Developpement_Robot\Robotic-System\trunk\Workspaces\MultiWorkSpaces_2021\0_lpc_chip_175x_6x\Release\lib0_lpc_chip_175x_6x.a(clock_17xx_40xx.o)
                0x00014e64                Chip_Clock_GetPCLKDiv
 .text.Chip_Clock_GetSYSCLKRate
                0x00014e9c       0x38 D:\Developpement_Robot\Robotic-System\trunk\Workspaces\MultiWorkSpaces_2021\0_lpc_chip_175x_6x\Release\lib0_lpc_chip_175x_6x.a(clock_17xx_40xx.o)
                0x00014e9c                Chip_Clock_GetSYSCLKRate
 .text.Chip_Clock_GetMainPLLOutClockRate
                0x00014ed4       0x34 D:\Developpement_Robot\Robotic-System\trunk\Workspaces\MultiWorkSpaces_2021\0_lpc_chip_175x_6x\Release\lib0_lpc_chip_175x_6x.a(clock_17xx_40xx.o)
                0x00014ed4                Chip_Clock_GetMainPLLOutClockRate
 .text.Chip_Clock_GetMainClockRate
                0x00014f08       0x20 D:\Developpement_Robot\Robotic-System\trunk\Workspaces\MultiWorkSpaces_2021\0_lpc_chip_175x_6x\Release\lib0_lpc_chip_175x_6x.a(clock_17xx_40xx.o)
                0x00014f08                Chip_Clock_GetMainClockRate
 .text.Chip_Clock_GetSystemClockRate
                0x00014f28       0x12 D:\Developpement_Robot\Robotic-System\trunk\Workspaces\MultiWorkSpaces_2021\0_lpc_chip_175x_6x\Release\lib0_lpc_chip_175x_6x.a(clock_17xx_40xx.o)
                0x00014f28                Chip_Clock_GetSystemClockRate
 .text.Chip_Clock_GetPeripheralClockRate
                0x00014f3a       0x16 D:\Developpement_Robot\Robotic-System\trunk\Workspaces\MultiWorkSpaces_2021\0_lpc_chip_175x_6x\Release\lib0_lpc_chip_175x_6x.a(clock_17xx_40xx.o)
                0x00014f3a                Chip_Clock_GetPeripheralClockRate
 .text.RingBuffer_Init
                0x00014f50       0x10 D:\Developpement_Robot\Robotic-System\trunk\Workspaces\MultiWorkSpaces_2021\0_lpc_chip_175x_6x\Release\lib0_lpc_chip_175x_6x.a(ring_buffer.o)
                0x00014f50                RingBuffer_Init
 .text.RingBuffer_Insert
                0x00014f60       0x30 D:\Developpement_Robot\Robotic-System\trunk\Workspaces\MultiWorkSpaces_2021\0_lpc_chip_175x_6x\Release\lib0_lpc_chip_175x_6x.a(ring_buffer.o)
                0x00014f60                RingBuffer_Insert
 .text.RingBuffer_InsertMult
                0x00014f90       0x88 D:\Developpement_Robot\Robotic-System\trunk\Workspaces\MultiWorkSpaces_2021\0_lpc_chip_175x_6x\Release\lib0_lpc_chip_175x_6x.a(ring_buffer.o)
                0x00014f90                RingBuffer_InsertMult
 .text.RingBuffer_Pop
                0x00015018       0x30 D:\Developpement_Robot\Robotic-System\trunk\Workspaces\MultiWorkSpaces_2021\0_lpc_chip_175x_6x\Release\lib0_lpc_chip_175x_6x.a(ring_buffer.o)
                0x00015018                RingBuffer_Pop
 .text.RingBuffer_PopMult
                0x00015048       0x7c D:\Developpement_Robot\Robotic-System\trunk\Workspaces\MultiWorkSpaces_2021\0_lpc_chip_175x_6x\Release\lib0_lpc_chip_175x_6x.a(ring_buffer.o)
                0x00015048                RingBuffer_PopMult
 .text.RingBuffer_Count
                0x000150c4        0x8 D:\Developpement_Robot\Robotic-System\trunk\Workspaces\MultiWorkSpaces_2021\0_lpc_chip_175x_6x\Release\lib0_lpc_chip_175x_6x.a(ring_buffer.o)
                0x000150c4                RingBuffer_Count
 .text.Chip_SetupIrcClocking
                0x000150cc       0x64 D:\Developpement_Robot\Robotic-System\trunk\Workspaces\MultiWorkSpaces_2021\0_lpc_chip_175x_6x\Release\lib0_lpc_chip_175x_6x.a(sysinit_17xx_40xx.o)
                0x000150cc                Chip_SetupIrcClocking
 .text.Chip_SetupXtalClocking
                0x00015130       0xdc D:\Developpement_Robot\Robotic-System\trunk\Workspaces\MultiWorkSpaces_2021\0_lpc_chip_175x_6x\Release\lib0_lpc_chip_175x_6x.a(sysinit_17xx_40xx.o)
                0x00015130                Chip_SetupXtalClocking
 .text.Chip_SystemInit
                0x0001520c        0x4 D:\Developpement_Robot\Robotic-System\trunk\Workspaces\MultiWorkSpaces_2021\0_lpc_chip_175x_6x\Release\lib0_lpc_chip_175x_6x.a(sysinit_17xx_40xx.o)
                0x0001520c                Chip_SystemInit
 .text.Chip_TIMER_Init
                0x00015210       0x2c D:\Developpement_Robot\Robotic-System\trunk\Workspaces\MultiWorkSpaces_2021\0_lpc_chip_175x_6x\Release\lib0_lpc_chip_175x_6x.a(timer_17xx_40xx.o)
                0x00015210                Chip_TIMER_Init
 .text.Chip_UART_GetClockIndex
                0x0001523c       0x28 D:\Developpement_Robot\Robotic-System\trunk\Workspaces\MultiWorkSpaces_2021\0_lpc_chip_175x_6x\Release\lib0_lpc_chip_175x_6x.a(uart_17xx_40xx.o)
 .text.Chip_UART_Init
                0x00015264       0x38 D:\Developpement_Robot\Robotic-System\trunk\Workspaces\MultiWorkSpaces_2021\0_lpc_chip_175x_6x\Release\lib0_lpc_chip_175x_6x.a(uart_17xx_40xx.o)
                0x00015264                Chip_UART_Init
 .text.Chip_UART_TXEnable
                0x0001529c        0x6 D:\Developpement_Robot\Robotic-System\trunk\Workspaces\MultiWorkSpaces_2021\0_lpc_chip_175x_6x\Release\lib0_lpc_chip_175x_6x.a(uart_17xx_40xx.o)
                0x0001529c                Chip_UART_TXEnable
 .text.Chip_UART_SetBaud
                0x000152a2       0x34 D:\Developpement_Robot\Robotic-System\trunk\Workspaces\MultiWorkSpaces_2021\0_lpc_chip_175x_6x\Release\lib0_lpc_chip_175x_6x.a(uart_17xx_40xx.o)
                0x000152a2                Chip_UART_SetBaud
 .text.Chip_UART_RXIntHandlerRB
                0x000152d6       0x22 D:\Developpement_Robot\Robotic-System\trunk\Workspaces\MultiWorkSpaces_2021\0_lpc_chip_175x_6x\Release\lib0_lpc_chip_175x_6x.a(uart_17xx_40xx.o)
                0x000152d6                Chip_UART_RXIntHandlerRB
 .text.Chip_UART_TXIntHandlerRB
                0x000152f8       0x24 D:\Developpement_Robot\Robotic-System\trunk\Workspaces\MultiWorkSpaces_2021\0_lpc_chip_175x_6x\Release\lib0_lpc_chip_175x_6x.a(uart_17xx_40xx.o)
                0x000152f8                Chip_UART_TXIntHandlerRB
 .text.Chip_UART_IRQRBHandler
                0x0001531c       0x68 D:\Developpement_Robot\Robotic-System\trunk\Workspaces\MultiWorkSpaces_2021\0_lpc_chip_175x_6x\Release\lib0_lpc_chip_175x_6x.a(uart_17xx_40xx.o)
                0x0001531c                Chip_UART_IRQRBHandler
 .text.Set_Clock_in
                0x00015384        0xc D:\Developpement_Robot\Robotic-System\trunk\Workspaces\MultiWorkSpaces_2021\0_lpc_board_nxp_lpcxpresso_1769\Release\lib0_lpc_board_nxp_lpcxpresso_1769.a(board.o)
                0x00015384                Set_Clock_in
 .text.Board_Init
                0x00015390       0x12 D:\Developpement_Robot\Robotic-System\trunk\Workspaces\MultiWorkSpaces_2021\0_lpc_board_nxp_lpcxpresso_1769\Release\lib0_lpc_board_nxp_lpcxpresso_1769.a(board.o)
                0x00015390                Board_Init
 .text.EPAdr    0x000153a2       0x10 D:\Developpement_Robot\Robotic-System\trunk\Workspaces\MultiWorkSpaces_2021\0_lpc_chip_175x_6x\libs\libusbd_175x_6x_lib.a(hw_usbd_ip3503.o)
                0x000153a2                EPAdr
 .text.hwWrCmd  0x000153b2       0x10 D:\Developpement_Robot\Robotic-System\trunk\Workspaces\MultiWorkSpaces_2021\0_lpc_chip_175x_6x\libs\libusbd_175x_6x_lib.a(hw_usbd_ip3503.o)
                0x000153b2                hwWrCmd
 .text.hwWrCmdDat
                0x000153c2       0x16 D:\Developpement_Robot\Robotic-System\trunk\Workspaces\MultiWorkSpaces_2021\0_lpc_chip_175x_6x\libs\libusbd_175x_6x_lib.a(hw_usbd_ip3503.o)
                0x000153c2                hwWrCmdDat
 .text.hwWrCmdEP
                0x000153d8       0x24 D:\Developpement_Robot\Robotic-System\trunk\Workspaces\MultiWorkSpaces_2021\0_lpc_chip_175x_6x\libs\libusbd_175x_6x_lib.a(hw_usbd_ip3503.o)
                0x000153d8                hwWrCmdEP
 .text.hwRdCmdDat
                0x000153fc       0x12 D:\Developpement_Robot\Robotic-System\trunk\Workspaces\MultiWorkSpaces_2021\0_lpc_chip_175x_6x\libs\libusbd_175x_6x_lib.a(hw_usbd_ip3503.o)
                0x000153fc                hwRdCmdDat
 .text.hwUSB_GetMemSize
                0x0001540e        0x6 D:\Developpement_Robot\Robotic-System\trunk\Workspaces\MultiWorkSpaces_2021\0_lpc_chip_175x_6x\libs\libusbd_175x_6x_lib.a(hw_usbd_ip3503.o)
                0x0001540e                hwUSB_GetMemSize
 .text.hwUSB_Connect
                0x00015414       0x1c D:\Developpement_Robot\Robotic-System\trunk\Workspaces\MultiWorkSpaces_2021\0_lpc_chip_175x_6x\libs\libusbd_175x_6x_lib.a(hw_usbd_ip3503.o)
                0x00015414                hwUSB_Connect
 .text.hwUSB_Reset
                0x00015430       0x30 D:\Developpement_Robot\Robotic-System\trunk\Workspaces\MultiWorkSpaces_2021\0_lpc_chip_175x_6x\libs\libusbd_175x_6x_lib.a(hw_usbd_ip3503.o)
                0x00015430                hwUSB_Reset
 .text.hwUSB_WakeUp
                0x00015460       0x20 D:\Developpement_Robot\Robotic-System\trunk\Workspaces\MultiWorkSpaces_2021\0_lpc_chip_175x_6x\libs\libusbd_175x_6x_lib.a(hw_usbd_ip3503.o)
                0x00015460                hwUSB_WakeUp
 .text.hwUSB_WakeUpCfg
                0x00015480        0x2 D:\Developpement_Robot\Robotic-System\trunk\Workspaces\MultiWorkSpaces_2021\0_lpc_chip_175x_6x\libs\libusbd_175x_6x_lib.a(hw_usbd_ip3503.o)
                0x00015480                hwUSB_WakeUpCfg
 *fill*         0x00015482        0x2 ff
 .text.hwUSB_SetAddress
                0x00015484       0x30 D:\Developpement_Robot\Robotic-System\trunk\Workspaces\MultiWorkSpaces_2021\0_lpc_chip_175x_6x\libs\libusbd_175x_6x_lib.a(hw_usbd_ip3503.o)
                0x00015484                hwUSB_SetAddress
 .text.hwUSB_Init
                0x000154b4       0x84 D:\Developpement_Robot\Robotic-System\trunk\Workspaces\MultiWorkSpaces_2021\0_lpc_chip_175x_6x\libs\libusbd_175x_6x_lib.a(hw_usbd_ip3503.o)
                0x000154b4                hwUSB_Init
 .text.hwUSB_Configure
                0x00015538       0x34 D:\Developpement_Robot\Robotic-System\trunk\Workspaces\MultiWorkSpaces_2021\0_lpc_chip_175x_6x\libs\libusbd_175x_6x_lib.a(hw_usbd_ip3503.o)
                0x00015538                hwUSB_Configure
 .text.hwUSB_ConfigEP
                0x0001556c       0x32 D:\Developpement_Robot\Robotic-System\trunk\Workspaces\MultiWorkSpaces_2021\0_lpc_chip_175x_6x\libs\libusbd_175x_6x_lib.a(hw_usbd_ip3503.o)
                0x0001556c                hwUSB_ConfigEP
 .text.hwUSB_DirCtrlEP
                0x0001559e        0x2 D:\Developpement_Robot\Robotic-System\trunk\Workspaces\MultiWorkSpaces_2021\0_lpc_chip_175x_6x\libs\libusbd_175x_6x_lib.a(hw_usbd_ip3503.o)
                0x0001559e                hwUSB_DirCtrlEP
 .text.hwUSB_EnableEP
                0x000155a0       0x24 D:\Developpement_Robot\Robotic-System\trunk\Workspaces\MultiWorkSpaces_2021\0_lpc_chip_175x_6x\libs\libusbd_175x_6x_lib.a(hw_usbd_ip3503.o)
                0x000155a0                hwUSB_EnableEP
 .text.hwUSB_DisableEP
                0x000155c4       0x28 D:\Developpement_Robot\Robotic-System\trunk\Workspaces\MultiWorkSpaces_2021\0_lpc_chip_175x_6x\libs\libusbd_175x_6x_lib.a(hw_usbd_ip3503.o)
                0x000155c4                hwUSB_DisableEP
 .text.hwUSB_ResetEP
                0x000155ec       0x24 D:\Developpement_Robot\Robotic-System\trunk\Workspaces\MultiWorkSpaces_2021\0_lpc_chip_175x_6x\libs\libusbd_175x_6x_lib.a(hw_usbd_ip3503.o)
                0x000155ec                hwUSB_ResetEP
 .text.hwUSB_SetStallEP
                0x00015610       0x28 D:\Developpement_Robot\Robotic-System\trunk\Workspaces\MultiWorkSpaces_2021\0_lpc_chip_175x_6x\libs\libusbd_175x_6x_lib.a(hw_usbd_ip3503.o)
                0x00015610                hwUSB_SetStallEP
 .text.hwUSB_ClrStallEP
                0x00015638       0x24 D:\Developpement_Robot\Robotic-System\trunk\Workspaces\MultiWorkSpaces_2021\0_lpc_chip_175x_6x\libs\libusbd_175x_6x_lib.a(hw_usbd_ip3503.o)
                0x00015638                hwUSB_ClrStallEP
 .text.hwUSB_EnableEvent
                0x0001565c       0xd8 D:\Developpement_Robot\Robotic-System\trunk\Workspaces\MultiWorkSpaces_2021\0_lpc_chip_175x_6x\libs\libusbd_175x_6x_lib.a(hw_usbd_ip3503.o)
                0x0001565c                hwUSB_EnableEvent
 .text.hwUSB_ReadEP
                0x00015734       0x80 D:\Developpement_Robot\Robotic-System\trunk\Workspaces\MultiWorkSpaces_2021\0_lpc_chip_175x_6x\libs\libusbd_175x_6x_lib.a(hw_usbd_ip3503.o)
                0x00015734                hwUSB_ReadEP
 .text.hwUSB_ForceFullSpeed
                0x000157b4        0x2 D:\Developpement_Robot\Robotic-System\trunk\Workspaces\MultiWorkSpaces_2021\0_lpc_chip_175x_6x\libs\libusbd_175x_6x_lib.a(hw_usbd_ip3503.o)
                0x000157b4                hwUSB_ForceFullSpeed
 .text.hwUSB_SetTestMode
                0x000157b6        0x4 D:\Developpement_Robot\Robotic-System\trunk\Workspaces\MultiWorkSpaces_2021\0_lpc_chip_175x_6x\libs\libusbd_175x_6x_lib.a(hw_usbd_ip3503.o)
                0x000157b6                hwUSB_SetTestMode
 .text.hwUSB_ReadReqEP
                0x000157ba        0x4 D:\Developpement_Robot\Robotic-System\trunk\Workspaces\MultiWorkSpaces_2021\0_lpc_chip_175x_6x\libs\libusbd_175x_6x_lib.a(hw_usbd_ip3503.o)
                0x000157ba                hwUSB_ReadReqEP
 .text.hwUSB_ReadSetupPkt
                0x000157be        0x4 D:\Developpement_Robot\Robotic-System\trunk\Workspaces\MultiWorkSpaces_2021\0_lpc_chip_175x_6x\libs\libusbd_175x_6x_lib.a(hw_usbd_ip3503.o)
                0x000157be                hwUSB_ReadSetupPkt
 *fill*         0x000157c2        0x2 ff
 .text.hwUSB_WriteEP
                0x000157c4       0x44 D:\Developpement_Robot\Robotic-System\trunk\Workspaces\MultiWorkSpaces_2021\0_lpc_chip_175x_6x\libs\libusbd_175x_6x_lib.a(hw_usbd_ip3503.o)
                0x000157c4                hwUSB_WriteEP
 .text.hwUSB_ISR
                0x00015808      0x1a0 D:\Developpement_Robot\Robotic-System\trunk\Workspaces\MultiWorkSpaces_2021\0_lpc_chip_175x_6x\libs\libusbd_175x_6x_lib.a(hw_usbd_ip3503.o)
                0x00015808                hwUSB_ISR
 .text.mwCDC_SetRequest
                0x000159a8       0x7c D:\Developpement_Robot\Robotic-System\trunk\Workspaces\MultiWorkSpaces_2021\0_lpc_chip_175x_6x\libs\libusbd_175x_6x_lib.a(mw_usbd_cdcuser.o)
                0x000159a8                mwCDC_SetRequest
 .text.mwCDC_ep0_hdlr
                0x00015a24       0xb0 D:\Developpement_Robot\Robotic-System\trunk\Workspaces\MultiWorkSpaces_2021\0_lpc_chip_175x_6x\libs\libusbd_175x_6x_lib.a(mw_usbd_cdcuser.o)
                0x00015a24                mwCDC_ep0_hdlr
 .text.mwCDC_GetRequest
                0x00015ad4       0x50 D:\Developpement_Robot\Robotic-System\trunk\Workspaces\MultiWorkSpaces_2021\0_lpc_chip_175x_6x\libs\libusbd_175x_6x_lib.a(mw_usbd_cdcuser.o)
                0x00015ad4                mwCDC_GetRequest
 .text.mwCDC_SendNotification
                0x00015b24       0x50 D:\Developpement_Robot\Robotic-System\trunk\Workspaces\MultiWorkSpaces_2021\0_lpc_chip_175x_6x\libs\libusbd_175x_6x_lib.a(mw_usbd_cdcuser.o)
                0x00015b24                mwCDC_SendNotification
 .text.mwCDC_GetMemSize
                0x00015b74        0x4 D:\Developpement_Robot\Robotic-System\trunk\Workspaces\MultiWorkSpaces_2021\0_lpc_chip_175x_6x\libs\libusbd_175x_6x_lib.a(mw_usbd_cdcuser.o)
                0x00015b74                mwCDC_GetMemSize
 .text.mwCDC_init
                0x00015b78      0x140 D:\Developpement_Robot\Robotic-System\trunk\Workspaces\MultiWorkSpaces_2021\0_lpc_chip_175x_6x\libs\libusbd_175x_6x_lib.a(mw_usbd_cdcuser.o)
                0x00015b78                mwCDC_init
 .text.USB_ReqGetConfiguration
                0x00015cb8       0x20 D:\Developpement_Robot\Robotic-System\trunk\Workspaces\MultiWorkSpaces_2021\0_lpc_chip_175x_6x\libs\libusbd_175x_6x_lib.a(mw_usbd_core.o)
                0x00015cb8                USB_ReqGetConfiguration
 .text.USBD_virt_to_phys
                0x00015cd8        0x2 D:\Developpement_Robot\Robotic-System\trunk\Workspaces\MultiWorkSpaces_2021\0_lpc_chip_175x_6x\libs\libusbd_175x_6x_lib.a(mw_usbd_core.o)
                0x00015cd8                USBD_virt_to_phys
 .text.USBD_cache_flush
                0x00015cda        0x2 D:\Developpement_Robot\Robotic-System\trunk\Workspaces\MultiWorkSpaces_2021\0_lpc_chip_175x_6x\libs\libusbd_175x_6x_lib.a(mw_usbd_core.o)
                0x00015cda                USBD_cache_flush
 .text.USB_ReqGetStatus
                0x00015cdc       0x8c D:\Developpement_Robot\Robotic-System\trunk\Workspaces\MultiWorkSpaces_2021\0_lpc_chip_175x_6x\libs\libusbd_175x_6x_lib.a(mw_usbd_core.o)
                0x00015cdc                USB_ReqGetStatus
 .text.USB_ReqGetDescriptor
                0x00015d68       0x84 D:\Developpement_Robot\Robotic-System\trunk\Workspaces\MultiWorkSpaces_2021\0_lpc_chip_175x_6x\libs\libusbd_175x_6x_lib.a(mw_usbd_core.o)
                0x00015d68                USB_ReqGetDescriptor
 .text.USB_ReqGetInterface
                0x00015dec       0x34 D:\Developpement_Robot\Robotic-System\trunk\Workspaces\MultiWorkSpaces_2021\0_lpc_chip_175x_6x\libs\libusbd_175x_6x_lib.a(mw_usbd_core.o)
                0x00015dec                USB_ReqGetInterface
 .text.USB_ReqSetClrFeature
                0x00015e20       0xb4 D:\Developpement_Robot\Robotic-System\trunk\Workspaces\MultiWorkSpaces_2021\0_lpc_chip_175x_6x\libs\libusbd_175x_6x_lib.a(mw_usbd_core.o)
                0x00015e20                USB_ReqSetClrFeature
 .text.USB_ReqSetConfiguration
                0x00015ed4      0x194 D:\Developpement_Robot\Robotic-System\trunk\Workspaces\MultiWorkSpaces_2021\0_lpc_chip_175x_6x\libs\libusbd_175x_6x_lib.a(mw_usbd_core.o)
                0x00015ed4                USB_ReqSetConfiguration
 .text.USB_ReqSetInterface
                0x00016068      0x144 D:\Developpement_Robot\Robotic-System\trunk\Workspaces\MultiWorkSpaces_2021\0_lpc_chip_175x_6x\libs\libusbd_175x_6x_lib.a(mw_usbd_core.o)
                0x00016068                USB_ReqSetInterface
 .text.mwUSB_SetupStage
                0x000161ac        0xa D:\Developpement_Robot\Robotic-System\trunk\Workspaces\MultiWorkSpaces_2021\0_lpc_chip_175x_6x\libs\libusbd_175x_6x_lib.a(mw_usbd_core.o)
                0x000161ac                mwUSB_SetupStage
 .text.mwUSB_DataInStage
                0x000161b6       0x2e D:\Developpement_Robot\Robotic-System\trunk\Workspaces\MultiWorkSpaces_2021\0_lpc_chip_175x_6x\libs\libusbd_175x_6x_lib.a(mw_usbd_core.o)
                0x000161b6                mwUSB_DataInStage
 .text.mwUSB_DataOutStage
                0x000161e4       0x24 D:\Developpement_Robot\Robotic-System\trunk\Workspaces\MultiWorkSpaces_2021\0_lpc_chip_175x_6x\libs\libusbd_175x_6x_lib.a(mw_usbd_core.o)
                0x000161e4                mwUSB_DataOutStage
 .text.mwUSB_StatusInStage
                0x00016208        0xa D:\Developpement_Robot\Robotic-System\trunk\Workspaces\MultiWorkSpaces_2021\0_lpc_chip_175x_6x\libs\libusbd_175x_6x_lib.a(mw_usbd_core.o)
                0x00016208                mwUSB_StatusInStage
 .text.mwUSB_StatusOutStage
                0x00016212        0xa D:\Developpement_Robot\Robotic-System\trunk\Workspaces\MultiWorkSpaces_2021\0_lpc_chip_175x_6x\libs\libusbd_175x_6x_lib.a(mw_usbd_core.o)
                0x00016212                mwUSB_StatusOutStage
 .text.mwUSB_StallEp0
                0x0001621c       0x12 D:\Developpement_Robot\Robotic-System\trunk\Workspaces\MultiWorkSpaces_2021\0_lpc_chip_175x_6x\libs\libusbd_175x_6x_lib.a(mw_usbd_core.o)
                0x0001621c                mwUSB_StallEp0
 *fill*         0x0001622e        0x2 ff
 .text.USB_ReqSetAddress
                0x00016230       0x24 D:\Developpement_Robot\Robotic-System\trunk\Workspaces\MultiWorkSpaces_2021\0_lpc_chip_175x_6x\libs\libusbd_175x_6x_lib.a(mw_usbd_core.o)
                0x00016230                USB_ReqSetAddress
 .text.USB_InvokeEp0Hdlrs
                0x00016254       0x44 D:\Developpement_Robot\Robotic-System\trunk\Workspaces\MultiWorkSpaces_2021\0_lpc_chip_175x_6x\libs\libusbd_175x_6x_lib.a(mw_usbd_core.o)
                0x00016254                USB_InvokeEp0Hdlrs
 .text.mwUSB_ResetCore
                0x00016298       0x26 D:\Developpement_Robot\Robotic-System\trunk\Workspaces\MultiWorkSpaces_2021\0_lpc_chip_175x_6x\libs\libusbd_175x_6x_lib.a(mw_usbd_core.o)
                0x00016298                mwUSB_ResetCore
 *fill*         0x000162be        0x2 ff
 .text.USB_EvtSetupHandler
                0x000162c0      0x108 D:\Developpement_Robot\Robotic-System\trunk\Workspaces\MultiWorkSpaces_2021\0_lpc_chip_175x_6x\libs\libusbd_175x_6x_lib.a(mw_usbd_core.o)
                0x000162c0                USB_EvtSetupHandler
 .text.USB_EvtOutHandler
                0x000163c8       0x68 D:\Developpement_Robot\Robotic-System\trunk\Workspaces\MultiWorkSpaces_2021\0_lpc_chip_175x_6x\libs\libusbd_175x_6x_lib.a(mw_usbd_core.o)
                0x000163c8                USB_EvtOutHandler
 .text.USB_EndPoint0
                0x00016430       0x94 D:\Developpement_Robot\Robotic-System\trunk\Workspaces\MultiWorkSpaces_2021\0_lpc_chip_175x_6x\libs\libusbd_175x_6x_lib.a(mw_usbd_core.o)
                0x00016430                USB_EndPoint0
 .text.mwUSB_InitCore
                0x000164c4       0xdc D:\Developpement_Robot\Robotic-System\trunk\Workspaces\MultiWorkSpaces_2021\0_lpc_chip_175x_6x\libs\libusbd_175x_6x_lib.a(mw_usbd_core.o)
                0x000164c4                mwUSB_InitCore
 .text.mwUSB_RegisterClassHandler
                0x000165a0       0x28 D:\Developpement_Robot\Robotic-System\trunk\Workspaces\MultiWorkSpaces_2021\0_lpc_chip_175x_6x\libs\libusbd_175x_6x_lib.a(mw_usbd_core.o)
                0x000165a0                mwUSB_RegisterClassHandler
 .text.mwUSB_RegisterEpHandler
                0x000165c8       0x24 D:\Developpement_Robot\Robotic-System\trunk\Workspaces\MultiWorkSpaces_2021\0_lpc_chip_175x_6x\libs\libusbd_175x_6x_lib.a(mw_usbd_core.o)
                0x000165c8                mwUSB_RegisterEpHandler
 .text          0x000165ec      0x378 c:/nxp/mcuxpressoide_11.2.1_4149/ide/plugins/com.nxp.mcuxpresso.tools.win32_11.2.0.202008311134/tools/bin/../lib/gcc/arm-none-eabi/9.2.1/thumb/v7-m/nofp\libgcc.a(_arm_addsubdf3.o)
                0x000165ec                __aeabi_drsub
                0x000165f4                __aeabi_dsub
                0x000165f4                __subdf3
                0x000165f8                __aeabi_dadd
                0x000165f8                __adddf3
                0x00016870                __floatunsidf
                0x00016870                __aeabi_ui2d
                0x00016890                __floatsidf
                0x00016890                __aeabi_i2d
                0x000168b4                __aeabi_f2d
                0x000168b4                __extendsfdf2
                0x000168f8                __floatundidf
                0x000168f8                __aeabi_ul2d
                0x00016908                __floatdidf
                0x00016908                __aeabi_l2d
 .text          0x00016964      0x21c c:/nxp/mcuxpressoide_11.2.1_4149/ide/plugins/com.nxp.mcuxpresso.tools.win32_11.2.0.202008311134/tools/bin/../lib/gcc/arm-none-eabi/9.2.1/thumb/v7-m/nofp\libgcc.a(_arm_addsubsf3.o)
                0x00016964                __aeabi_frsub
                0x0001696c                __subsf3
                0x0001696c                __aeabi_fsub
                0x00016970                __aeabi_fadd
                0x00016970                __addsf3
                0x00016ad0                __aeabi_ui2f
                0x00016ad0                __floatunsisf
                0x00016ad8                __aeabi_i2f
                0x00016ad8                __floatsisf
                0x00016af4                __aeabi_ul2f
                0x00016af4                __floatundisf
                0x00016b04                __aeabi_l2f
                0x00016b04                __floatdisf
 .text          0x00016b80      0x2a0 c:/nxp/mcuxpressoide_11.2.1_4149/ide/plugins/com.nxp.mcuxpresso.tools.win32_11.2.0.202008311134/tools/bin/../lib/gcc/arm-none-eabi/9.2.1/thumb/v7-m/nofp\libgcc.a(_arm_muldivsf3.o)
                0x00016b80                __mulsf3
                0x00016b80                __aeabi_fmul
                0x00016ce8                __aeabi_fdiv
                0x00016ce8                __divsf3
 .text          0x00016e20       0xec c:/nxp/mcuxpressoide_11.2.1_4149/ide/plugins/com.nxp.mcuxpresso.tools.win32_11.2.0.202008311134/tools/bin/../lib/gcc/arm-none-eabi/9.2.1/thumb/v7-m/nofp\libgcc.a(_arm_cmpsf2.o)
                0x00016e20                __gesf2
                0x00016e20                __gtsf2
                0x00016e28                __lesf2
                0x00016e28                __ltsf2
                0x00016e30                __nesf2
                0x00016e30                __eqsf2
                0x00016e30                __cmpsf2
                0x00016e90                __aeabi_cfrcmple
                0x00016e98                __aeabi_cfcmpeq
                0x00016e98                __aeabi_cfcmple
                0x00016ea8                __aeabi_fcmpeq
                0x00016ebc                __aeabi_fcmplt
                0x00016ed0                __aeabi_fcmple
                0x00016ee4                __aeabi_fcmpge
                0x00016ef8                __aeabi_fcmpgt
 .text          0x00016f0c       0x4c c:/nxp/mcuxpressoide_11.2.1_4149/ide/plugins/com.nxp.mcuxpresso.tools.win32_11.2.0.202008311134/tools/bin/../lib/gcc/arm-none-eabi/9.2.1/thumb/v7-m/nofp\libgcc.a(_arm_fixsfsi.o)
                0x00016f0c                __aeabi_f2iz
                0x00016f0c                __fixsfsi
 .text          0x00016f58       0x40 c:/nxp/mcuxpressoide_11.2.1_4149/ide/plugins/com.nxp.mcuxpresso.tools.win32_11.2.0.202008311134/tools/bin/../lib/gcc/arm-none-eabi/9.2.1/thumb/v7-m/nofp\libgcc.a(_arm_fixunssfsi.o)
                0x00016f58                __fixunssfsi
                0x00016f58                __aeabi_f2uiz
 .text.memcpy   0x00016f98       0x1c c:/nxp/mcuxpressoide_11.2.1_4149/ide/plugins/com.nxp.mcuxpresso.tools.win32_11.2.0.202008311134/tools/bin/../lib/gcc/arm-none-eabi/9.2.1/../../../../arm-none-eabi/lib/thumb/v7-m/nofp\libc_nano.a(lib_a-memcpy-stub.o)
                0x00016f98                memcpy
 .text.memset   0x00016fb4       0x10 c:/nxp/mcuxpressoide_11.2.1_4149/ide/plugins/com.nxp.mcuxpresso.tools.win32_11.2.0.202008311134/tools/bin/../lib/gcc/arm-none-eabi/9.2.1/../../../../arm-none-eabi/lib/thumb/v7-m/nofp\libc_nano.a(lib_a-memset.o)
                0x00016fb4                memset
 .text.__cvt    0x00016fc4       0xbe c:/nxp/mcuxpressoide_11.2.1_4149/ide/plugins/com.nxp.mcuxpresso.tools.win32_11.2.0.202008311134/tools/bin/../lib/gcc/arm-none-eabi/9.2.1/../../../../arm-none-eabi/lib/thumb/v7-m/nofp\libc_nano.a(lib_a-nano-vfprintf_float.o)
                0x00016fc4                __cvt
 .text.__exponent
                0x00017082       0x7c c:/nxp/mcuxpressoide_11.2.1_4149/ide/plugins/com.nxp.mcuxpresso.tools.win32_11.2.0.202008311134/tools/bin/../lib/gcc/arm-none-eabi/9.2.1/../../../../arm-none-eabi/lib/thumb/v7-m/nofp\libc_nano.a(lib_a-nano-vfprintf_float.o)
                0x00017082                __exponent
 *fill*         0x000170fe        0x2 ff
 .text._printf_float
                0x00017100      0x458 c:/nxp/mcuxpressoide_11.2.1_4149/ide/plugins/com.nxp.mcuxpresso.tools.win32_11.2.0.202008311134/tools/bin/../lib/gcc/arm-none-eabi/9.2.1/../../../../arm-none-eabi/lib/thumb/v7-m/nofp\libc_nano.a(lib_a-nano-vfprintf_float.o)
                0x00017100                _printf_float
 .text._printf_common
                0x00017558       0xde c:/nxp/mcuxpressoide_11.2.1_4149/ide/plugins/com.nxp.mcuxpresso.tools.win32_11.2.0.202008311134/tools/bin/../lib/gcc/arm-none-eabi/9.2.1/../../../../arm-none-eabi/lib/thumb/v7-m/nofp\libc_nano.a(lib_a-nano-vfprintf_i.o)
                0x00017558                _printf_common
 *fill*         0x00017636        0x2 ff
 .text._printf_i
                0x00017638      0x24c c:/nxp/mcuxpressoide_11.2.1_4149/ide/plugins/com.nxp.mcuxpresso.tools.win32_11.2.0.202008311134/tools/bin/../lib/gcc/arm-none-eabi/9.2.1/../../../../arm-none-eabi/lib/thumb/v7-m/nofp\libc_nano.a(lib_a-nano-vfprintf_i.o)
                0x00017638                _printf_i
 .text.sprintf  0x00017884       0x40 c:/nxp/mcuxpressoide_11.2.1_4149/ide/plugins/com.nxp.mcuxpresso.tools.win32_11.2.0.202008311134/tools/bin/../lib/gcc/arm-none-eabi/9.2.1/../../../../arm-none-eabi/lib/thumb/v7-m/nofp\libc_nano.a(lib_a-sprintf.o)
                0x00017884                siprintf
                0x00017884                sprintf
 .text          0x000178c4       0x10 c:/nxp/mcuxpressoide_11.2.1_4149/ide/plugins/com.nxp.mcuxpresso.tools.win32_11.2.0.202008311134/tools/bin/../lib/gcc/arm-none-eabi/9.2.1/../../../../arm-none-eabi/lib/thumb/v7-m/nofp\libc_nano.a(lib_a-strlen.o)
                0x000178c4                strlen
 .text.quorem   0x000178d4      0x11a c:/nxp/mcuxpressoide_11.2.1_4149/ide/plugins/com.nxp.mcuxpresso.tools.win32_11.2.0.202008311134/tools/bin/../lib/gcc/arm-none-eabi/9.2.1/../../../../arm-none-eabi/lib/thumb/v7-m/nofp\libc_nano.a(lib_a-dtoa.o)
 *fill*         0x000179ee        0x2 ff
 .text._dtoa_r  0x000179f0      0xba4 c:/nxp/mcuxpressoide_11.2.1_4149/ide/plugins/com.nxp.mcuxpresso.tools.win32_11.2.0.202008311134/tools/bin/../lib/gcc/arm-none-eabi/9.2.1/../../../../arm-none-eabi/lib/thumb/v7-m/nofp\libc_nano.a(lib_a-dtoa.o)
                0x000179f0                _dtoa_r
 .text._localeconv_r
                0x00018594        0x8 c:/nxp/mcuxpressoide_11.2.1_4149/ide/plugins/com.nxp.mcuxpresso.tools.win32_11.2.0.202008311134/tools/bin/../lib/gcc/arm-none-eabi/9.2.1/../../../../arm-none-eabi/lib/thumb/v7-m/nofp\libc_nano.a(lib_a-localeconv.o)
                0x00018594                _localeconv_r
 .text.malloc   0x0001859c       0x10 c:/nxp/mcuxpressoide_11.2.1_4149/ide/plugins/com.nxp.mcuxpresso.tools.win32_11.2.0.202008311134/tools/bin/../lib/gcc/arm-none-eabi/9.2.1/../../../../arm-none-eabi/lib/thumb/v7-m/nofp\libc_nano.a(lib_a-malloc.o)
                0x0001859c                malloc
 .text.memchr   0x000185ac       0x1c c:/nxp/mcuxpressoide_11.2.1_4149/ide/plugins/com.nxp.mcuxpresso.tools.win32_11.2.0.202008311134/tools/bin/../lib/gcc/arm-none-eabi/9.2.1/../../../../arm-none-eabi/lib/thumb/v7-m/nofp\libc_nano.a(lib_a-memchr-stub.o)
                0x000185ac                memchr
 .text._Balloc  0x000185c8       0x68 c:/nxp/mcuxpressoide_11.2.1_4149/ide/plugins/com.nxp.mcuxpresso.tools.win32_11.2.0.202008311134/tools/bin/../lib/gcc/arm-none-eabi/9.2.1/../../../../arm-none-eabi/lib/thumb/v7-m/nofp\libc_nano.a(lib_a-mprec.o)
                0x000185c8                _Balloc
 .text._Bfree   0x00018630       0x2e c:/nxp/mcuxpressoide_11.2.1_4149/ide/plugins/com.nxp.mcuxpresso.tools.win32_11.2.0.202008311134/tools/bin/../lib/gcc/arm-none-eabi/9.2.1/../../../../arm-none-eabi/lib/thumb/v7-m/nofp\libc_nano.a(lib_a-mprec.o)
                0x00018630                _Bfree
 .text.__multadd
                0x0001865e       0x7c c:/nxp/mcuxpressoide_11.2.1_4149/ide/plugins/com.nxp.mcuxpresso.tools.win32_11.2.0.202008311134/tools/bin/../lib/gcc/arm-none-eabi/9.2.1/../../../../arm-none-eabi/lib/thumb/v7-m/nofp\libc_nano.a(lib_a-mprec.o)
                0x0001865e                __multadd
 .text.__hi0bits
                0x000186da       0x40 c:/nxp/mcuxpressoide_11.2.1_4149/ide/plugins/com.nxp.mcuxpresso.tools.win32_11.2.0.202008311134/tools/bin/../lib/gcc/arm-none-eabi/9.2.1/../../../../arm-none-eabi/lib/thumb/v7-m/nofp\libc_nano.a(lib_a-mprec.o)
                0x000186da                __hi0bits
 .text.__lo0bits
                0x0001871a       0x5c c:/nxp/mcuxpressoide_11.2.1_4149/ide/plugins/com.nxp.mcuxpresso.tools.win32_11.2.0.202008311134/tools/bin/../lib/gcc/arm-none-eabi/9.2.1/../../../../arm-none-eabi/lib/thumb/v7-m/nofp\libc_nano.a(lib_a-mprec.o)
                0x0001871a                __lo0bits
 .text.__i2b    0x00018776       0x12 c:/nxp/mcuxpressoide_11.2.1_4149/ide/plugins/com.nxp.mcuxpresso.tools.win32_11.2.0.202008311134/tools/bin/../lib/gcc/arm-none-eabi/9.2.1/../../../../arm-none-eabi/lib/thumb/v7-m/nofp\libc_nano.a(lib_a-mprec.o)
                0x00018776                __i2b
 .text.__multiply
                0x00018788      0x136 c:/nxp/mcuxpressoide_11.2.1_4149/ide/plugins/com.nxp.mcuxpresso.tools.win32_11.2.0.202008311134/tools/bin/../lib/gcc/arm-none-eabi/9.2.1/../../../../arm-none-eabi/lib/thumb/v7-m/nofp\libc_nano.a(lib_a-mprec.o)
                0x00018788                __multiply
 *fill*         0x000188be        0x2 ff
 .text.__pow5mult
                0x000188c0       0x9c c:/nxp/mcuxpressoide_11.2.1_4149/ide/plugins/com.nxp.mcuxpresso.tools.win32_11.2.0.202008311134/tools/bin/../lib/gcc/arm-none-eabi/9.2.1/../../../../arm-none-eabi/lib/thumb/v7-m/nofp\libc_nano.a(lib_a-mprec.o)
                0x000188c0                __pow5mult
 .text.__lshift
                0x0001895c       0xbe c:/nxp/mcuxpressoide_11.2.1_4149/ide/plugins/com.nxp.mcuxpresso.tools.win32_11.2.0.202008311134/tools/bin/../lib/gcc/arm-none-eabi/9.2.1/../../../../arm-none-eabi/lib/thumb/v7-m/nofp\libc_nano.a(lib_a-mprec.o)
                0x0001895c                __lshift
 .text.__mcmp   0x00018a1a       0x36 c:/nxp/mcuxpressoide_11.2.1_4149/ide/plugins/com.nxp.mcuxpresso.tools.win32_11.2.0.202008311134/tools/bin/../lib/gcc/arm-none-eabi/9.2.1/../../../../arm-none-eabi/lib/thumb/v7-m/nofp\libc_nano.a(lib_a-mprec.o)
                0x00018a1a                __mcmp
 .text.__mdiff  0x00018a50       0xf8 c:/nxp/mcuxpressoide_11.2.1_4149/ide/plugins/com.nxp.mcuxpresso.tools.win32_11.2.0.202008311134/tools/bin/../lib/gcc/arm-none-eabi/9.2.1/../../../../arm-none-eabi/lib/thumb/v7-m/nofp\libc_nano.a(lib_a-mprec.o)
                0x00018a50                __mdiff
 .text.__d2b    0x00018b48       0x9e c:/nxp/mcuxpressoide_11.2.1_4149/ide/plugins/com.nxp.mcuxpresso.tools.win32_11.2.0.202008311134/tools/bin/../lib/gcc/arm-none-eabi/9.2.1/../../../../arm-none-eabi/lib/thumb/v7-m/nofp\libc_nano.a(lib_a-mprec.o)
                0x00018b48                __d2b
 .text._calloc_r
                0x00018be6       0x1c c:/nxp/mcuxpressoide_11.2.1_4149/ide/plugins/com.nxp.mcuxpresso.tools.win32_11.2.0.202008311134/tools/bin/../lib/gcc/arm-none-eabi/9.2.1/../../../../arm-none-eabi/lib/thumb/v7-m/nofp\libc_nano.a(lib_a-nano-callocr.o)
                0x00018be6                _calloc_r
 *fill*         0x00018c02        0x2 ff
 .text._free_r  0x00018c04       0x98 c:/nxp/mcuxpressoide_11.2.1_4149/ide/plugins/com.nxp.mcuxpresso.tools.win32_11.2.0.202008311134/tools/bin/../lib/gcc/arm-none-eabi/9.2.1/../../../../arm-none-eabi/lib/thumb/v7-m/nofp\libc_nano.a(lib_a-nano-freer.o)
                0x00018c04                _free_r
 .text._malloc_r
                0x00018c9c       0xb4 c:/nxp/mcuxpressoide_11.2.1_4149/ide/plugins/com.nxp.mcuxpresso.tools.win32_11.2.0.202008311134/tools/bin/../lib/gcc/arm-none-eabi/9.2.1/../../../../arm-none-eabi/lib/thumb/v7-m/nofp\libc_nano.a(lib_a-nano-mallocr.o)
                0x00018c9c                _malloc_r
 .text.__ssputs_r
                0x00018d50       0xb6 c:/nxp/mcuxpressoide_11.2.1_4149/ide/plugins/com.nxp.mcuxpresso.tools.win32_11.2.0.202008311134/tools/bin/../lib/gcc/arm-none-eabi/9.2.1/../../../../arm-none-eabi/lib/thumb/v7-m/nofp\libc_nano.a(lib_a-nano-svfprintf.o)
                0x00018d50                __ssputs_r
 *fill*         0x00018e06        0x2 ff
 .text._svfprintf_r
                0x00018e08      0x200 c:/nxp/mcuxpressoide_11.2.1_4149/ide/plugins/com.nxp.mcuxpresso.tools.win32_11.2.0.202008311134/tools/bin/../lib/gcc/arm-none-eabi/9.2.1/../../../../arm-none-eabi/lib/thumb/v7-m/nofp\libc_nano.a(lib_a-nano-svfprintf.o)
                0x00018e08                _svfiprintf_r
                0x00018e08                _svfprintf_r
 .text._sbrk_r  0x00019008       0x20 c:/nxp/mcuxpressoide_11.2.1_4149/ide/plugins/com.nxp.mcuxpresso.tools.win32_11.2.0.202008311134/tools/bin/../lib/gcc/arm-none-eabi/9.2.1/../../../../arm-none-eabi/lib/thumb/v7-m/nofp\libc_nano.a(lib_a-sbrkr.o)
                0x00019008                _sbrk_r
 .text.__ascii_mbtowc
                0x00019028       0x24 c:/nxp/mcuxpressoide_11.2.1_4149/ide/plugins/com.nxp.mcuxpresso.tools.win32_11.2.0.202008311134/tools/bin/../lib/gcc/arm-none-eabi/9.2.1/../../../../arm-none-eabi/lib/thumb/v7-m/nofp\libc_nano.a(lib_a-mbtowc_r.o)
                0x00019028                __ascii_mbtowc
 .text.memmove  0x0001904c       0x34 c:/nxp/mcuxpressoide_11.2.1_4149/ide/plugins/com.nxp.mcuxpresso.tools.win32_11.2.0.202008311134/tools/bin/../lib/gcc/arm-none-eabi/9.2.1/../../../../arm-none-eabi/lib/thumb/v7-m/nofp\libc_nano.a(lib_a-memmove.o)
                0x0001904c                memmove
 .text.__malloc_lock
                0x00019080        0xc c:/nxp/mcuxpressoide_11.2.1_4149/ide/plugins/com.nxp.mcuxpresso.tools.win32_11.2.0.202008311134/tools/bin/../lib/gcc/arm-none-eabi/9.2.1/../../../../arm-none-eabi/lib/thumb/v7-m/nofp\libc_nano.a(lib_a-mlock.o)
                0x00019080                __malloc_lock
 .text.__malloc_unlock
                0x0001908c        0xc c:/nxp/mcuxpressoide_11.2.1_4149/ide/plugins/com.nxp.mcuxpresso.tools.win32_11.2.0.202008311134/tools/bin/../lib/gcc/arm-none-eabi/9.2.1/../../../../arm-none-eabi/lib/thumb/v7-m/nofp\libc_nano.a(lib_a-mlock.o)
                0x0001908c                __malloc_unlock
 .text._realloc_r
                0x00019098       0x4c c:/nxp/mcuxpressoide_11.2.1_4149/ide/plugins/com.nxp.mcuxpresso.tools.win32_11.2.0.202008311134/tools/bin/../lib/gcc/arm-none-eabi/9.2.1/../../../../arm-none-eabi/lib/thumb/v7-m/nofp\libc_nano.a(lib_a-nano-reallocr.o)
                0x00019098                _realloc_r
 .text.__ascii_wctomb
                0x000190e4       0x1a c:/nxp/mcuxpressoide_11.2.1_4149/ide/plugins/com.nxp.mcuxpresso.tools.win32_11.2.0.202008311134/tools/bin/../lib/gcc/arm-none-eabi/9.2.1/../../../../arm-none-eabi/lib/thumb/v7-m/nofp\libc_nano.a(lib_a-wctomb_r.o)
                0x000190e4                __ascii_wctomb
 .text.__retarget_lock_acquire_recursive
                0x000190fe        0x2 c:/nxp/mcuxpressoide_11.2.1_4149/ide/plugins/com.nxp.mcuxpresso.tools.win32_11.2.0.202008311134/tools/bin/../lib/gcc/arm-none-eabi/9.2.1/../../../../arm-none-eabi/lib/thumb/v7-m/nofp\libc_nano.a(lib_a-lock.o)
                0x000190fe                __retarget_lock_acquire_recursive
 .text.__retarget_lock_release_recursive
                0x00019100        0x2 c:/nxp/mcuxpressoide_11.2.1_4149/ide/plugins/com.nxp.mcuxpresso.tools.win32_11.2.0.202008311134/tools/bin/../lib/gcc/arm-none-eabi/9.2.1/../../../../arm-none-eabi/lib/thumb/v7-m/nofp\libc_nano.a(lib_a-lock.o)
                0x00019100                __retarget_lock_release_recursive
 .text._malloc_usable_size_r
                0x00019102       0x10 c:/nxp/mcuxpressoide_11.2.1_4149/ide/plugins/com.nxp.mcuxpresso.tools.win32_11.2.0.202008311134/tools/bin/../lib/gcc/arm-none-eabi/9.2.1/../../../../arm-none-eabi/lib/thumb/v7-m/nofp\libc_nano.a(lib_a-nano-msizer.o)
                0x00019102                _malloc_usable_size_r
 *fill*         0x00019112        0x2 ff
 .text.sqrtf    0x00019114       0xa4 c:/nxp/mcuxpressoide_11.2.1_4149/ide/plugins/com.nxp.mcuxpresso.tools.win32_11.2.0.202008311134/tools/bin/../lib/gcc/arm-none-eabi/9.2.1/../../../../arm-none-eabi/lib/thumb/v7-m/nofp\libm.a(lib_a-wf_sqrt.o)
                0x00019114                sqrtf
 .text.__ieee754_sqrtf
                0x000191b8       0xa8 c:/nxp/mcuxpressoide_11.2.1_4149/ide/plugins/com.nxp.mcuxpresso.tools.win32_11.2.0.202008311134/tools/bin/../lib/gcc/arm-none-eabi/9.2.1/../../../../arm-none-eabi/lib/thumb/v7-m/nofp\libm.a(lib_a-ef_sqrt.o)
                0x000191b8                __ieee754_sqrtf
 .text.matherr  0x00019260        0x4 c:/nxp/mcuxpressoide_11.2.1_4149/ide/plugins/com.nxp.mcuxpresso.tools.win32_11.2.0.202008311134/tools/bin/../lib/gcc/arm-none-eabi/9.2.1/../../../../arm-none-eabi/lib/thumb/v7-m/nofp\libm.a(lib_a-s_matherr.o)
                0x00019260                matherr
 .text._sbrk    0x00019264       0x3c c:/nxp/mcuxpressoide_11.2.1_4149/ide/plugins/com.nxp.mcuxpresso.tools.win32_11.2.0.202008311134/tools/bin/../lib/gcc/arm-none-eabi/9.2.1/../../../../arm-none-eabi/lib/thumb/v7-m/nofp\libcr_newlib_none.a(_cr_sbrk.o)
                0x00019264                _sbrk
 .text.__check_heap_overflow
                0x000192a0       0x14 c:/nxp/mcuxpressoide_11.2.1_4149/ide/plugins/com.nxp.mcuxpresso.tools.win32_11.2.0.202008311134/tools/bin/../lib/gcc/arm-none-eabi/9.2.1/../../../../arm-none-eabi/lib/thumb/v7-m/nofp\libcr_newlib_none.a(_cr_check_heap.o)
                0x000192a0                __check_heap_overflow
 .text          0x000192b4      0x424 c:/nxp/mcuxpressoide_11.2.1_4149/ide/plugins/com.nxp.mcuxpresso.tools.win32_11.2.0.202008311134/tools/bin/../lib/gcc/arm-none-eabi/9.2.1/thumb/v7-m/nofp\libgcc.a(_arm_muldivdf3.o)
                0x000192b4                __aeabi_dmul
                0x000192b4                __muldf3
                0x00019508                __divdf3
                0x00019508                __aeabi_ddiv
 .text          0x000196d8      0x110 c:/nxp/mcuxpressoide_11.2.1_4149/ide/plugins/com.nxp.mcuxpresso.tools.win32_11.2.0.202008311134/tools/bin/../lib/gcc/arm-none-eabi/9.2.1/thumb/v7-m/nofp\libgcc.a(_arm_cmpdf2.o)
                0x000196d8                __gtdf2
                0x000196d8                __gedf2
                0x000196e0                __ltdf2
                0x000196e0                __ledf2
                0x000196e8                __nedf2
                0x000196e8                __eqdf2
                0x000196e8                __cmpdf2
                0x00019764                __aeabi_cdrcmple
                0x00019774                __aeabi_cdcmpeq
                0x00019774                __aeabi_cdcmple
                0x00019784                __aeabi_dcmpeq
                0x00019798                __aeabi_dcmplt
                0x000197ac                __aeabi_dcmple
                0x000197c0                __aeabi_dcmpge
                0x000197d4                __aeabi_dcmpgt
 .text          0x000197e8       0x2c c:/nxp/mcuxpressoide_11.2.1_4149/ide/plugins/com.nxp.mcuxpresso.tools.win32_11.2.0.202008311134/tools/bin/../lib/gcc/arm-none-eabi/9.2.1/thumb/v7-m/nofp\libgcc.a(_arm_unorddf2.o)
                0x000197e8                __unorddf2
                0x000197e8                __aeabi_dcmpun
 .text          0x00019814       0x50 c:/nxp/mcuxpressoide_11.2.1_4149/ide/plugins/com.nxp.mcuxpresso.tools.win32_11.2.0.202008311134/tools/bin/../lib/gcc/arm-none-eabi/9.2.1/thumb/v7-m/nofp\libgcc.a(_arm_fixdfsi.o)
                0x00019814                __aeabi_d2iz
                0x00019814                __fixdfsi
 .text          0x00019864       0xa0 c:/nxp/mcuxpressoide_11.2.1_4149/ide/plugins/com.nxp.mcuxpresso.tools.win32_11.2.0.202008311134/tools/bin/../lib/gcc/arm-none-eabi/9.2.1/thumb/v7-m/nofp\libgcc.a(_arm_truncdfsf2.o)
                0x00019864                __truncdfsf2
                0x00019864                __aeabi_d2f
 .text          0x00019904       0x2c c:/nxp/mcuxpressoide_11.2.1_4149/ide/plugins/com.nxp.mcuxpresso.tools.win32_11.2.0.202008311134/tools/bin/../lib/gcc/arm-none-eabi/9.2.1/thumb/v7-m/nofp\libgcc.a(_arm_unordsf2.o)
                0x00019904                __unordsf2
                0x00019904                __aeabi_fcmpun
 .text.__errno  0x00019930        0xc c:/nxp/mcuxpressoide_11.2.1_4149/ide/plugins/com.nxp.mcuxpresso.tools.win32_11.2.0.202008311134/tools/bin/../lib/gcc/arm-none-eabi/9.2.1/../../../../arm-none-eabi/lib/thumb/v7-m/nofp\libc_nano.a(lib_a-errno.o)
                0x00019930                __errno
 *(.rodata .rodata.* .constdata .constdata.*)
 .rodata        0x0001993c        0xf ./src/IA_2021_V0.o
 *fill*         0x0001994b        0x1 ff
 .rodata        0x0001994c        0xf ./src/Init.o
 *fill*         0x0001995b        0x1 ff
 .rodata        0x0001995c       0xb6 ./src/test.o
 *fill*         0x00019a12        0x2 ff
 .rodata        0x00019a14       0x29 ./freertos/src/FreeRTOSCommonHooks.o
 *fill*         0x00019a3d        0x3 ff
 .rodata.vTaskStartScheduler.str1.4
                0x00019a40        0x5 ./freertos/src/tasks.o
 *fill*         0x00019a45        0x3 ff
 .rodata.prvCheckForValidListAndQueue.str1.4
                0x00019a48        0x5 ./freertos/src/timers.o
 *fill*         0x00019a4d        0x3 ff
 .rodata.xTimerCreateTimerTask.str1.4
                0x00019a50        0x8 ./freertos/src/timers.o
 .rodata        0x00019a58       0x8f ./Strategie/Strategie_Level0/Deplacement/0_Deplacements.o
 *fill*         0x00019ae7        0x1 ff
 .rodata        0x00019ae8       0x51 ./Strategie/Strategie.o
 *fill*         0x00019b39        0x3 ff
 .rodata        0x00019b3c       0x5f ./Pathfinding/Astar/Astar.o
 *fill*         0x00019b9b        0x1 ff
 .rodata.g_usbApi
                0x00019b9c       0x20 ./Communication/USB/src/cdc_usb_main.o
 .rodata        0x00019bbc       0x25 ./Communication/0_Communication.o
 *fill*         0x00019be1        0x3 ff
 .rodata        0x00019be4       0x11 ./Communication/1_Trame_Communication.o
 *fill*         0x00019bf5        0x3 ff
 .rodata        0x00019bf8       0xbd ./Communication/2_Echange_Datas.o
 *fill*         0x00019cb5        0x3 ff
 .rodata        0x00019cb8       0x2b ./Communication/2_Echange_Datas_Reception.o
 *fill*         0x00019ce3        0x1 ff
 .rodata.MainOscPLL0conf_12
                0x00019ce4       0xf0 D:\Developpement_Robot\Robotic-System\trunk\Workspaces\MultiWorkSpaces_2021\0_lpc_chip_175x_6x\Release\lib0_lpc_chip_175x_6x.a(sysinit_17xx_40xx.o)
 .rodata.MainOscPLL0conf_16
                0x00019dd4       0xb0 D:\Developpement_Robot\Robotic-System\trunk\Workspaces\MultiWorkSpaces_2021\0_lpc_chip_175x_6x\Release\lib0_lpc_chip_175x_6x.a(sysinit_17xx_40xx.o)
 .rodata.RTCOscRateIn
                0x00019e84        0x4 D:\Developpement_Robot\Robotic-System\trunk\Workspaces\MultiWorkSpaces_2021\0_lpc_board_nxp_lpcxpresso_1769\Release\lib0_lpc_board_nxp_lpcxpresso_1769.a(board.o)
                0x00019e84                RTCOscRateIn
 .rodata.hw_api
                0x00019e88       0x5c D:\Developpement_Robot\Robotic-System\trunk\Workspaces\MultiWorkSpaces_2021\0_lpc_chip_175x_6x\libs\libusbd_175x_6x_lib.a(mw_usbd_rom_api.o)
                0x00019e88                hw_api
 .rodata.core_api
                0x00019ee4       0x20 D:\Developpement_Robot\Robotic-System\trunk\Workspaces\MultiWorkSpaces_2021\0_lpc_chip_175x_6x\libs\libusbd_175x_6x_lib.a(mw_usbd_rom_api.o)
                0x00019ee4                core_api
 .rodata.cdc_api
                0x00019f04        0xc D:\Developpement_Robot\Robotic-System\trunk\Workspaces\MultiWorkSpaces_2021\0_lpc_chip_175x_6x\libs\libusbd_175x_6x_lib.a(mw_usbd_rom_api.o)
                0x00019f04                cdc_api
 .rodata._printf_float.str1.1
                0x00019f10       0x12 c:/nxp/mcuxpressoide_11.2.1_4149/ide/plugins/com.nxp.mcuxpresso.tools.win32_11.2.0.202008311134/tools/bin/../lib/gcc/arm-none-eabi/9.2.1/../../../../arm-none-eabi/lib/thumb/v7-m/nofp\libc_nano.a(lib_a-nano-vfprintf_float.o)
 .rodata._printf_i.str1.1
                0x00019f22       0x22 c:/nxp/mcuxpressoide_11.2.1_4149/ide/plugins/com.nxp.mcuxpresso.tools.win32_11.2.0.202008311134/tools/bin/../lib/gcc/arm-none-eabi/9.2.1/../../../../arm-none-eabi/lib/thumb/v7-m/nofp\libc_nano.a(lib_a-nano-vfprintf_i.o)
 .rodata._dtoa_r.str1.1
                0x00019f44        0xd c:/nxp/mcuxpressoide_11.2.1_4149/ide/plugins/com.nxp.mcuxpresso.tools.win32_11.2.0.202008311134/tools/bin/../lib/gcc/arm-none-eabi/9.2.1/../../../../arm-none-eabi/lib/thumb/v7-m/nofp\libc_nano.a(lib_a-dtoa.o)
                                  0xf (size before relaxing)
 *fill*         0x00019f51        0x7 ff
 .rodata.__mprec_bigtens
                0x00019f58       0x28 c:/nxp/mcuxpressoide_11.2.1_4149/ide/plugins/com.nxp.mcuxpresso.tools.win32_11.2.0.202008311134/tools/bin/../lib/gcc/arm-none-eabi/9.2.1/../../../../arm-none-eabi/lib/thumb/v7-m/nofp\libc_nano.a(lib_a-mprec.o)
                0x00019f58                __mprec_bigtens
 .rodata.__mprec_tens
                0x00019f80       0xc8 c:/nxp/mcuxpressoide_11.2.1_4149/ide/plugins/com.nxp.mcuxpresso.tools.win32_11.2.0.202008311134/tools/bin/../lib/gcc/arm-none-eabi/9.2.1/../../../../arm-none-eabi/lib/thumb/v7-m/nofp\libc_nano.a(lib_a-mprec.o)
                0x00019f80                __mprec_tens
 .rodata.p05.6127
                0x0001a048        0xc c:/nxp/mcuxpressoide_11.2.1_4149/ide/plugins/com.nxp.mcuxpresso.tools.win32_11.2.0.202008311134/tools/bin/../lib/gcc/arm-none-eabi/9.2.1/../../../../arm-none-eabi/lib/thumb/v7-m/nofp\libc_nano.a(lib_a-mprec.o)
 .rodata._svfprintf_r.str1.1
                0x0001a054       0x11 c:/nxp/mcuxpressoide_11.2.1_4149/ide/plugins/com.nxp.mcuxpresso.tools.win32_11.2.0.202008311134/tools/bin/../lib/gcc/arm-none-eabi/9.2.1/../../../../arm-none-eabi/lib/thumb/v7-m/nofp\libc_nano.a(lib_a-nano-svfprintf.o)
 .rodata._setlocale_r.str1.1
                0x0001a065        0x8 c:/nxp/mcuxpressoide_11.2.1_4149/ide/plugins/com.nxp.mcuxpresso.tools.win32_11.2.0.202008311134/tools/bin/../lib/gcc/arm-none-eabi/9.2.1/../../../../arm-none-eabi/lib/thumb/v7-m/nofp\libc_nano.a(lib_a-locale.o)
                                  0x9 (size before relaxing)
 .rodata.str1.1
                0x0001a06d        0x2 c:/nxp/mcuxpressoide_11.2.1_4149/ide/plugins/com.nxp.mcuxpresso.tools.win32_11.2.0.202008311134/tools/bin/../lib/gcc/arm-none-eabi/9.2.1/../../../../arm-none-eabi/lib/thumb/v7-m/nofp\libc_nano.a(lib_a-locale.o)
 .rodata._ctype_
                0x0001a06f      0x101 c:/nxp/mcuxpressoide_11.2.1_4149/ide/plugins/com.nxp.mcuxpresso.tools.win32_11.2.0.202008311134/tools/bin/../lib/gcc/arm-none-eabi/9.2.1/../../../../arm-none-eabi/lib/thumb/v7-m/nofp\libc_nano.a(lib_a-ctype_.o)
                0x0001a06f                _ctype_
 .rodata.sqrtf.str1.4
                0x0001a170        0x6 c:/nxp/mcuxpressoide_11.2.1_4149/ide/plugins/com.nxp.mcuxpresso.tools.win32_11.2.0.202008311134/tools/bin/../lib/gcc/arm-none-eabi/9.2.1/../../../../arm-none-eabi/lib/thumb/v7-m/nofp\libm.a(lib_a-wf_sqrt.o)
                0x0001a178                . = ALIGN (0x4)
 *fill*         0x0001a176        0x2 ff

.glue_7         0x0001a178        0x0
 .glue_7        0x0001a178        0x0 linker stubs

.glue_7t        0x0001a178        0x0
 .glue_7t       0x0001a178        0x0 linker stubs

.vfp11_veneer   0x0001a178        0x0
 .vfp11_veneer  0x0001a178        0x0 linker stubs

.v4_bx          0x0001a178        0x0
 .v4_bx         0x0001a178        0x0 linker stubs

.iplt           0x0001a178        0x0
 .iplt          0x0001a178        0x0 ./src/IA_2021_V0.o

.rel.dyn        0x0001a178        0x0
 .rel.iplt      0x0001a178        0x0 ./src/IA_2021_V0.o

.ARM.extab
 *(.ARM.extab* .gnu.linkonce.armextab.*)

.ARM.exidx      0x0001a178        0x0
                0x0001a178                __exidx_start = .
 *(.ARM.exidx* .gnu.linkonce.armexidx.*)
                0x0001a178                __exidx_end = .
                0x0001a178                _etext = .

.data_RAM2      0x2007c000        0x0 load address 0x0001a178
 FILL mask 0xff
                [!provide]                PROVIDE (__start_data_RAM2 = .)
                [!provide]                PROVIDE (__start_data_Ram_USB = .)
 *(.ramfunc.$RAM2)
 *(.ramfunc.$Ram_USB)
 *(.data.$RAM2)
 *(.data.$Ram_USB)
 *(.data.$RAM2.*)
 *(.data.$Ram_USB.*)
                0x2007c000                . = ALIGN (0x4)
                [!provide]                PROVIDE (__end_data_RAM2 = .)
                [!provide]                PROVIDE (__end_data_Ram_USB = .)

.data_RAM3      0x2007c800        0x0 load address 0x0001a178
 FILL mask 0xff
                [!provide]                PROVIDE (__start_data_RAM3 = .)
                [!provide]                PROVIDE (__start_data_RAM3 = .)
 *(.ramfunc.$RAM3)
 *(.ramfunc.$RAM3)
 *(.data.$RAM3)
 *(.data.$RAM3)
 *(.data.$RAM3.*)
 *(.data.$RAM3.*)
                0x2007c800                . = ALIGN (0x4)
                [!provide]                PROVIDE (__end_data_RAM3 = .)
                [!provide]                PROVIDE (__end_data_RAM3 = .)

.uninit_RESERVED
                0x10000000        0x0
                0x10000000                _start_uninit_RESERVED = .
 *(.bss.$RESERVED*)
                0x10000000                . = ALIGN (0x4)
                0x10000000                _end_uninit_RESERVED = .

.data           0x10000000      0x1f0 load address 0x0001a178
 FILL mask 0xff
                0x10000000                _data = .
                [!provide]                PROVIDE (__start_data_RAM = .)
                [!provide]                PROVIDE (__start_data_RamLoc32 = .)
 *(vtable)
 *(.ramfunc*)
 *(CodeQuickAccess)
 *(DataQuickAccess)
 *(RamFunction)
 *(.data*)
 .data.xHeapRegions
                0x10000000       0x10 ./src/IA_2021_V0.o
 .data.uxCriticalNesting
                0x10000010        0x4 ./freertos/src/port.o
 .data.g_pUsbApi
                0x10000014        0x4 ./Communication/USB/src/cdc_usb_main.o
                0x10000014                g_pUsbApi
 .data.OscRateIn
                0x10000018        0x4 D:\Developpement_Robot\Robotic-System\trunk\Workspaces\MultiWorkSpaces_2021\0_lpc_board_nxp_lpcxpresso_1769\Release\lib0_lpc_board_nxp_lpcxpresso_1769.a(board.o)
                0x10000018                OscRateIn
 .data._impure_ptr
                0x1000001c        0x4 c:/nxp/mcuxpressoide_11.2.1_4149/ide/plugins/com.nxp.mcuxpresso.tools.win32_11.2.0.202008311134/tools/bin/../lib/gcc/arm-none-eabi/9.2.1/../../../../arm-none-eabi/lib/thumb/v7-m/nofp\libc_nano.a(lib_a-impure.o)
                0x1000001c                _impure_ptr
 .data.impure_data
                0x10000020       0x60 c:/nxp/mcuxpressoide_11.2.1_4149/ide/plugins/com.nxp.mcuxpresso.tools.win32_11.2.0.202008311134/tools/bin/../lib/gcc/arm-none-eabi/9.2.1/../../../../arm-none-eabi/lib/thumb/v7-m/nofp\libc_nano.a(lib_a-impure.o)
 .data.__global_locale
                0x10000080      0x16c c:/nxp/mcuxpressoide_11.2.1_4149/ide/plugins/com.nxp.mcuxpresso.tools.win32_11.2.0.202008311134/tools/bin/../lib/gcc/arm-none-eabi/9.2.1/../../../../arm-none-eabi/lib/thumb/v7-m/nofp\libc_nano.a(lib_a-locale.o)
                0x10000080                __global_locale
 .data.__fdlib_version
                0x100001ec        0x1 c:/nxp/mcuxpressoide_11.2.1_4149/ide/plugins/com.nxp.mcuxpresso.tools.win32_11.2.0.202008311134/tools/bin/../lib/gcc/arm-none-eabi/9.2.1/../../../../arm-none-eabi/lib/thumb/v7-m/nofp\libm.a(lib_a-s_lib_ver.o)
                0x100001ec                __fdlib_version
                0x100001f0                . = ALIGN (0x4)
 *fill*         0x100001ed        0x3 ff
                0x100001f0                _edata = .
                [!provide]                PROVIDE (__end_data_RAM = .)
                [!provide]                PROVIDE (__end_data_RamLoc32 = .)

.igot.plt       0x100001f0        0x0 load address 0x0001a368
 .igot.plt      0x100001f0        0x0 ./src/IA_2021_V0.o

.bss_RAM2       0x2007c000        0x0
                [!provide]                PROVIDE (__start_bss_RAM2 = .)
                [!provide]                PROVIDE (__start_bss_Ram_USB = .)
 *(.bss.$RAM2)
 *(.bss.$Ram_USB)