Archive member included to satisfy reference by file (symbol)

D:\Developpement_Robot\Robotic-System\trunk\Workspaces\MultiWorkSpaces_2021\0_lpc_chip_175x_6x\Release\lib0_lpc_chip_175x_6x.a(adc_17xx_40xx.o)
                              ./Level_0/Drivers/0_ADC/0_ADC.o (Chip_ADC_Init)
D:\Developpement_Robot\Robotic-System\trunk\Workspaces\MultiWorkSpaces_2021\0_lpc_chip_175x_6x\Release\lib0_lpc_chip_175x_6x.a(chip_17xx_40xx.o)
                              ./src/IA_2021_V0.o (SystemCoreClockUpdate)
D:\Developpement_Robot\Robotic-System\trunk\Workspaces\MultiWorkSpaces_2021\0_lpc_chip_175x_6x\Release\lib0_lpc_chip_175x_6x.a(clock_17xx_40xx.o)
                              D:\Developpement_Robot\Robotic-System\trunk\Workspaces\MultiWorkSpaces_2021\0_lpc_chip_175x_6x\Release\lib0_lpc_chip_175x_6x.a(chip_17xx_40xx.o) (Chip_Clock_EnablePLL)
D:\Developpement_Robot\Robotic-System\trunk\Workspaces\MultiWorkSpaces_2021\0_lpc_chip_175x_6x\Release\lib0_lpc_chip_175x_6x.a(ring_buffer.o)
                              ./Communication/0_Communication.o (RingBuffer_Init)
D:\Developpement_Robot\Robotic-System\trunk\Workspaces\MultiWorkSpaces_2021\0_lpc_chip_175x_6x\Release\lib0_lpc_chip_175x_6x.a(stopwatch_17xx_40xx.o)
                              ./Communication/USB/src/cdc_usb_main.o (StopWatch_Init)
D:\Developpement_Robot\Robotic-System\trunk\Workspaces\MultiWorkSpaces_2021\0_lpc_chip_175x_6x\Release\lib0_lpc_chip_175x_6x.a(sysinit_17xx_40xx.o)
                              ./src/IA_2021_V0.o (Chip_SetupXtalClocking)
D:\Developpement_Robot\Robotic-System\trunk\Workspaces\MultiWorkSpaces_2021\0_lpc_chip_175x_6x\Release\lib0_lpc_chip_175x_6x.a(timer_17xx_40xx.o)
                              ./src/IA_2021_V0.o (Chip_TIMER_Init)
D:\Developpement_Robot\Robotic-System\trunk\Workspaces\MultiWorkSpaces_2021\0_lpc_chip_175x_6x\Release\lib0_lpc_chip_175x_6x.a(uart_17xx_40xx.o)
                              ./Communication/0_Communication.o (Chip_UART_Init)
D:\Developpement_Robot\Robotic-System\trunk\Workspaces\MultiWorkSpaces_2021\0_lpc_board_nxp_lpcxpresso_1769\Release\lib0_lpc_board_nxp_lpcxpresso_1769.a(board.o)
                              ./src/IA_2021_V0.o (Set_Clock_in)
D:\Developpement_Robot\Robotic-System\trunk\Workspaces\MultiWorkSpaces_2021\0_lpc_chip_175x_6x\libs\libusbd_175x_6x_lib.a(mw_usbd_rom_api.o)
                              ./Communication/USB/src/cdc_usb_main.o (cdc_api)
D:\Developpement_Robot\Robotic-System\trunk\Workspaces\MultiWorkSpaces_2021\0_lpc_chip_175x_6x\libs\libusbd_175x_6x_lib.a(hw_usbd_ip3503.o)
                              D:\Developpement_Robot\Robotic-System\trunk\Workspaces\MultiWorkSpaces_2021\0_lpc_chip_175x_6x\libs\libusbd_175x_6x_lib.a(mw_usbd_rom_api.o) (hwUSB_GetMemSize)
D:\Developpement_Robot\Robotic-System\trunk\Workspaces\MultiWorkSpaces_2021\0_lpc_chip_175x_6x\libs\libusbd_175x_6x_lib.a(mw_usbd_cdcuser.o)
                              D:\Developpement_Robot\Robotic-System\trunk\Workspaces\MultiWorkSpaces_2021\0_lpc_chip_175x_6x\libs\libusbd_175x_6x_lib.a(mw_usbd_rom_api.o) (mwCDC_SendNotification)
D:\Developpement_Robot\Robotic-System\trunk\Workspaces\MultiWorkSpaces_2021\0_lpc_chip_175x_6x\libs\libusbd_175x_6x_lib.a(mw_usbd_core.o)
                              D:\Developpement_Robot\Robotic-System\trunk\Workspaces\MultiWorkSpaces_2021\0_lpc_chip_175x_6x\libs\libusbd_175x_6x_lib.a(mw_usbd_rom_api.o) (mwUSB_SetupStage)
D:\Developpement_Robot\Robotic-System\trunk\Workspaces\MultiWorkSpaces_2021\0_lpc_chip_175x_6x\libs\libusbd_175x_6x_lib.a(mw_usbd_dfuuser.o)
                              D:\Developpement_Robot\Robotic-System\trunk\Workspaces\MultiWorkSpaces_2021\0_lpc_chip_175x_6x\libs\libusbd_175x_6x_lib.a(mw_usbd_rom_api.o) (mwDFU_GetMemSize)
D:\Developpement_Robot\Robotic-System\trunk\Workspaces\MultiWorkSpaces_2021\0_lpc_chip_175x_6x\libs\libusbd_175x_6x_lib.a(mw_usbd_hiduser.o)
                              D:\Developpement_Robot\Robotic-System\trunk\Workspaces\MultiWorkSpaces_2021\0_lpc_chip_175x_6x\libs\libusbd_175x_6x_lib.a(mw_usbd_rom_api.o) (mwHID_GetMemSize)
D:\Developpement_Robot\Robotic-System\trunk\Workspaces\MultiWorkSpaces_2021\0_lpc_chip_175x_6x\libs\libusbd_175x_6x_lib.a(mw_usbd_mscuser.o)
                              D:\Developpement_Robot\Robotic-System\trunk\Workspaces\MultiWorkSpaces_2021\0_lpc_chip_175x_6x\libs\libusbd_175x_6x_lib.a(mw_usbd_rom_api.o) (mwMSC_GetMemSize)
c:/nxp/mcuxpressoide_11.2.1_4149/ide/plugins/com.nxp.mcuxpresso.tools.win32_11.2.0.202008311134/tools/bin/../lib/gcc/arm-none-eabi/9.2.1/thumb/v7-m/nofp\libgcc.a(_arm_mulsf3.o)
                              ./Strategie/Strategie_Level0/Deplacement/0_Deplacements.o (__aeabi_fmul)
c:/nxp/mcuxpressoide_11.2.1_4149/ide/plugins/com.nxp.mcuxpresso.tools.win32_11.2.0.202008311134/tools/bin/../lib/gcc/arm-none-eabi/9.2.1/thumb/v7-m/nofp\libgcc.a(_arm_addsubdf3.o)
                              ./Communication/2_Echange_Datas.o (__aeabi_f2d)
[...]
Memory Configuration

Name             Origin             Length             Attributes
MFlash512        0x00010000         0x00070000         xr
RamLoc32         0x10000000         0x00008000         xrw
Ram_USB          0x2007c000         0x00000800         xrw
RAM3             0x2007c800         0x00007800         xrw
*default*        0x00000000         0xffffffff

Linker script and memory map

LOAD ./src/IA_2021_V0.o
LOAD ./src/Init.o
LOAD ./src/cr_startup_lpc175x_6x.o
LOAD ./src/crp.o
LOAD ./src/sysinit.o
LOAD ./src/test.o
LOAD ./freertos/src/FreeRTOSCommonHooks.o
LOAD ./freertos/src/croutine.o
LOAD ./freertos/src/event_groups.o
LOAD ./freertos/src/heap_5.o
LOAD ./freertos/src/list.o
LOAD ./freertos/src/port.o
LOAD ./freertos/src/queue.o
LOAD ./freertos/src/stream_buffer.o
LOAD ./freertos/src/tasks.o
LOAD ./freertos/src/timers.o
LOAD ./freertos/FreeRTOS_Trace/trcHardwarePort.o
LOAD ./freertos/FreeRTOS_Trace/trcKernelPort.o
LOAD ./freertos/FreeRTOS_Trace/trcSnapshotRecorder.o
LOAD ./Strategie/Strategie_Level0/Deplacement/0_Deplacements.o
LOAD ./Strategie/Strategie_Level0/Deplacement/1_Obstacles.o
LOAD ./Strategie/Strategie_Level0/Actionneurs/0_Actionneurs.o
LOAD ./Strategie/Strategie_Level0/0_Infos.o
LOAD ./Strategie/Strategie_Level0/Strategie_Actions.o
LOAD ./Strategie/Strategie.o
LOAD ./Pathfinding/Astar/Astar.o
LOAD ./Level_0/Drivers/0_ADC/0_ADC.o
LOAD ./Communication/USB/src/cdc_desc.o
LOAD ./Communication/USB/src/cdc_usb_main.o
LOAD ./Communication/USB/src/cdc_vcom.o
LOAD ./Communication/RS485/0_RS485.o
LOAD ./Communication/0_Communication.o
LOAD ./Communication/0_Event_Group.o
LOAD ./Communication/1_Trame_Communication.o
LOAD ./Communication/2_Echange_Data_Strategie.o
LOAD ./Communication/2_Echange_Datas.o
LOAD ./Communication/2_Echange_Datas_Reception.o
LOAD D:\Developpement_Robot\Robotic-System\trunk\Workspaces\MultiWorkSpaces_2021\0_lpc_chip_175x_6x\Release\lib0_lpc_chip_175x_6x.a
LOAD D:\Developpement_Robot\Robotic-System\trunk\Workspaces\MultiWorkSpaces_2021\0_lpc_board_nxp_lpcxpresso_1769\Release\lib0_lpc_board_nxp_lpcxpresso_1769.a
LOAD D:\Developpement_Robot\Robotic-System\trunk\Workspaces\MultiWorkSpaces_2021\0_lpc_chip_175x_6x\libs\libusbd_175x_6x_lib.a
START GROUP
LOAD c:/nxp/mcuxpressoide_11.2.1_4149/ide/plugins/com.nxp.mcuxpresso.tools.win32_11.2.0.202008311134/tools/bin/../lib/gcc/arm-none-eabi/9.2.1/thumb/v7-m/nofp\libgcc.a
LOAD c:/nxp/mcuxpressoide_11.2.1_4149/ide/plugins/com.nxp.mcuxpresso.tools.win32_11.2.0.202008311134/tools/bin/../lib/gcc/arm-none-eabi/9.2.1/../../../../arm-none-eabi/lib/thumb/v7-m/nofp\libc_nano.a
LOAD c:/nxp/mcuxpressoide_11.2.1_4149/ide/plugins/com.nxp.mcuxpresso.tools.win32_11.2.0.202008311134/tools/bin/../lib/gcc/arm-none-eabi/9.2.1/../../../../arm-none-eabi/lib/thumb/v7-m/nofp\libm.a
LOAD c:/nxp/mcuxpressoide_11.2.1_4149/ide/plugins/com.nxp.mcuxpresso.tools.win32_11.2.0.202008311134/tools/bin/../lib/gcc/arm-none-eabi/9.2.1/../../../../arm-none-eabi/lib/thumb/v7-m/nofp\libcr_newlib_none.a
END GROUP
                0x00010000                __base_MFlash512 = 0x10000
                0x00010000                __base_Flash = 0x10000
                0x00080000                __top_MFlash512 = 0x80000
                0x00080000                __top_Flash = 0x80000
                0x10000000                __base_RamLoc32 = 0x10000000
                0x10000000                __base_RAM = 0x10000000
                0x10008000                __top_RamLoc32 = 0x10008000
                0x10008000                __top_RAM = 0x10008000
                0x2007c000                __base_Ram_USB = 0x2007c000
                0x2007c000                __base_RAM2 = 0x2007c000
                0x2007c800                __top_Ram_USB = 0x2007c800
                0x2007c800                __top_RAM2 = 0x2007c800
                0x2007c800                __base_RAM3 = 0x2007c800
                0x2007c800                __base_RAM3 = 0x2007c800
                0x20084000                __top_RAM3 = 0x20084000
                0x20084000                __top_RAM3 = 0x20084000

.text           0x00010000     0x6ba8
 FILL mask 0xff
                0x00010000                __vectors_start__ = ABSOLUTE (.)
 *(.isr_vector)
 .isr_vector    0x00010000       0xcc ./src/cr_startup_lpc175x_6x.o
                0x00010000                g_pfnVectors
                0x000100cc                . = ALIGN (0x4)
                0x000100cc                __section_table_start = .
                0x000100cc                __data_section_table = .
                0x000100cc        0x4 LONG 0x16ba8 LOADADDR (.data)
                0x000100d0        0x4 LONG 0x10000000 ADDR (.data)
                0x000100d4        0x4 LONG 0x1e8 SIZEOF (.data)
                0x000100d8        0x4 LONG 0x16ba8 LOADADDR (.data_RAM2)
                0x000100dc        0x4 LONG 0x2007c000 ADDR (.data_RAM2)
                0x000100e0        0x4 LONG 0x0 SIZEOF (.data_RAM2)
                0x000100e4        0x4 LONG 0x16ba8 LOADADDR (.data_RAM3)
                0x000100e8        0x4 LONG 0x2007c800 ADDR (.data_RAM3)
                0x000100ec        0x4 LONG 0x0 SIZEOF (.data_RAM3)
                0x000100f0                __data_section_table_end = .
                0x000100f0                __bss_section_table = .
                0x000100f0        0x4 LONG 0x100001e8 ADDR (.bss)
                0x000100f4        0x4 LONG 0x630 SIZEOF (.bss)
                0x000100f8        0x4 LONG 0x2007c000 ADDR (.bss_RAM2)
                0x000100fc        0x4 LONG 0x0 SIZEOF (.bss_RAM2)
                0x00010100        0x4 LONG 0x2007c800 ADDR (.bss_RAM3)
                0x00010104        0x4 LONG 0x380c SIZEOF (.bss_RAM3)
                0x00010108                __bss_section_table_end = .
                0x00010108                __section_table_end = .
 *(.after_vectors*)
 .after_vectors
                0x00010108       0x8c ./src/cr_startup_lpc175x_6x.o
                0x00010108                NMI_Handler
                0x0001010a                HardFault_Handler
                0x0001010c                MemManage_Handler
                0x0001010e                BusFault_Handler
                0x00010110                UsageFault_Handler
                0x00010112                DebugMon_Handler
                0x00010114                USBActivity_IRQHandler
                0x00010114                PWM1_IRQHandler
                0x00010114                I2C0_IRQHandler
                0x00010114                RIT_IRQHandler
                0x00010114                I2C1_IRQHandler
                0x00010114                EINT2_IRQHandler
                0x00010114                EINT3_IRQHandler
                0x00010114                CANActivity_IRQHandler
                0x00010114                TIMER3_IRQHandler
                0x00010114                UART0_IRQHandler
                0x00010114                DMA_IRQHandler
                0x00010114                UART3_IRQHandler
                0x00010114                IntDefaultHandler
                0x00010114                PLL0_IRQHandler
                0x00010114                CAN_IRQHandler
                0x00010114                PLL1_IRQHandler
                0x00010114                SSP0_IRQHandler
                0x00010114                I2S_IRQHandler
                0x00010114                I2C2_IRQHandler
                0x00010114                RTC_IRQHandler
                0x00010114                TIMER0_IRQHandler
                0x00010114                SPI_IRQHandler
                0x00010114                ETH_IRQHandler
                0x00010114                EINT1_IRQHandler
                0x00010114                TIMER1_IRQHandler
                0x00010114                ADC_IRQHandler
                0x00010114                SSP1_IRQHandler
                0x00010114                BOD_IRQHandler
                0x00010114                TIMER2_IRQHandler
                0x00010114                WDT_IRQHandler
                0x00010114                EINT0_IRQHandler
                0x00010114                QEI_IRQHandler
                0x00010114                MCPWM_IRQHandler
                0x00010116                data_init
                0x00010132                bss_init
                0x00010144                ResetISR
                0x0001018c                SVC_Handler
                0x0001018e                PendSV_Handler
                0x00010190                SysTick_Handler
                0x000002fc                . = 0x2fc
 *fill*         0x00010194      0x168 ff
                0x000102fc                PROVIDE (__CRP_WORD_START__ = .)
 *(.crp)
 .crp           0x000102fc        0x4 ./src/crp.o
                0x000102fc                CRP_WORD
                0x00010300                PROVIDE (__CRP_WORD_END__ = .)
                0x00000001                ASSERT (! ((__CRP_WORD_START__ == __CRP_WORD_END__)), Linker CRP Enabled, but no CRP_WORD provided within application)
 *(.text*)
 .text.vConfigureTimerForRunTimeStats
                0x00010300       0x22 ./src/IA_2021_V0.o
                0x00010300                vConfigureTimerForRunTimeStats
 *fill*         0x00010322        0x2 ff
 .text.prvSetupHardware
                0x00010324       0x30 ./src/IA_2021_V0.o
 .text.vTask_HartBeat
                0x00010354       0x64 ./src/IA_2021_V0.o
 .text.main     0x000103b8       0x34 ./src/IA_2021_V0.o
                0x000103b8                main
 .text.Set_Debug_Pin_0_Low
                0x000103ec       0x10 ./src/Init.o
                0x000103ec                Set_Debug_Pin_0_Low
 .text.Set_Debug_Pin_1_Low
                0x000103fc       0x10 ./src/Init.o
                0x000103fc                Set_Debug_Pin_1_Low
 .text.Init_Carte_IA
                0x0001040c       0x9c ./src/Init.o
                0x0001040c                Init_Carte_IA
 .text.Init_Send_Robot_ID
                0x000104a8        0xe ./src/Init.o
                0x000104a8                Init_Send_Robot_ID
 *fill*         0x000104b6        0x2 ff
 .text.SystemInit
                0x000104b8       0x18 ./src/sysinit.o
                0x000104b8                SystemInit
 .text.TEST_init_parametres
                0x000104d0        0xc ./src/test.o
                0x000104d0                TEST_init_parametres
 .text.vApplicationStackOverflowHook
                0x000104dc      0x130 ./freertos/src/FreeRTOSCommonHooks.o
                0x000104dc                vApplicationStackOverflowHook
 .text.prvTestWaitCondition
                0x0001060c       0x1c ./freertos/src/event_groups.o
 .text.xEventGroupCreate
                0x00010628       0x1a ./freertos/src/event_groups.o
                0x00010628                xEventGroupCreate
 *fill*         0x00010642        0x2 ff
 .text.xEventGroupWaitBits
                0x00010644       0xbc ./freertos/src/event_groups.o
                0x00010644                xEventGroupWaitBits
 .text.xEventGroupClearBits
                0x00010700       0x1a ./freertos/src/event_groups.o
                0x00010700                xEventGroupClearBits
 .text.xEventGroupSetBits
                0x0001071a       0x62 ./freertos/src/event_groups.o
                0x0001071a                xEventGroupSetBits
 .text.vEventGroupSetBitsCallback
                0x0001077c        0x8 ./freertos/src/event_groups.o
                0x0001077c                vEventGroupSetBitsCallback
 .text.prvInsertBlockIntoFreeList
                0x00010784       0x54 ./freertos/src/heap_5.o
 .text.pvPortMalloc
                0x000107d8       0xc0 ./freertos/src/heap_5.o
                0x000107d8                pvPortMalloc
 .text.vPortFree
                0x00010898       0x58 ./freertos/src/heap_5.o
                0x00010898                vPortFree
 .text.vPortDefineHeapRegions
                0x000108f0       0x84 ./freertos/src/heap_5.o
                0x000108f0                vPortDefineHeapRegions
 .text.vListInitialise
                0x00010974       0x16 ./freertos/src/list.o
                0x00010974                vListInitialise
 .text.vListInitialiseItem
                0x0001098a        0x6 ./freertos/src/list.o
                0x0001098a                vListInitialiseItem
 .text.vListInsertEnd
                0x00010990       0x16 ./freertos/src/list.o
                0x00010990                vListInsertEnd
 .text.vListInsert
                0x000109a6       0x32 ./freertos/src/list.o
                0x000109a6                vListInsert
 .text.uxListRemove
                0x000109d8       0x26 ./freertos/src/list.o
                0x000109d8                uxListRemove
 .text.prvTaskExitError
                0x000109fe       0x20 ./freertos/src/port.o
 *fill*         0x00010a1e        0x2 ff
 .text.prvPortStartFirstTask
                0x00010a20       0x20 ./freertos/src/port.o
 .text.pxPortInitialiseStack
                0x00010a40       0x24 ./freertos/src/port.o
                0x00010a40                pxPortInitialiseStack
 *fill*         0x00010a64        0xc ff
 .text.vPortSVCHandler
                0x00010a70       0x24 ./freertos/src/port.o
                0x00010a70                vPortSVCHandler
 .text.vPortEnterCritical
                0x00010a94       0x20 ./freertos/src/port.o
                0x00010a94                vPortEnterCritical
 .text.vPortExitCritical
                0x00010ab4       0x14 ./freertos/src/port.o
                0x00010ab4                vPortExitCritical
 *fill*         0x00010ac8        0x8 ff
 .text.xPortPendSVHandler
                0x00010ad0       0x44 ./freertos/src/port.o
                0x00010ad0                xPortPendSVHandler
 .text.xPortSysTickHandler
                0x00010b14       0x2c ./freertos/src/port.o
                0x00010b14                xPortSysTickHandler
 .text.vPortSetupTimerInterrupt
                0x00010b40       0x24 ./freertos/src/port.o
                0x00010b40                vPortSetupTimerInterrupt
 .text.xPortStartScheduler
                0x00010b64       0x38 ./freertos/src/port.o
                0x00010b64                xPortStartScheduler
 .text.prvIsQueueFull
                0x00010b9c       0x1e ./freertos/src/queue.o
 .text.prvIsQueueEmpty
                0x00010bba       0x1a ./freertos/src/queue.o
 .text.prvCopyDataToQueue
                0x00010bd4       0x76 ./freertos/src/queue.o
 .text.prvCopyDataFromQueue
                0x00010c4a       0x24 ./freertos/src/queue.o
 .text.prvUnlockQueue
                0x00010c6e       0x6e ./freertos/src/queue.o
 .text.xQueueGenericReset
                0x00010cdc       0x70 ./freertos/src/queue.o
                0x00010cdc                xQueueGenericReset
 .text.prvInitialiseNewQueue
                0x00010d4c       0x1c ./freertos/src/queue.o
 .text.xQueueGenericCreate
                0x00010d68       0x2e ./freertos/src/queue.o
                0x00010d68                xQueueGenericCreate
 *fill*         0x00010d96        0x2 ff
 .text.xQueueGenericSend
                0x00010d98      0x118 ./freertos/src/queue.o
                0x00010d98                xQueueGenericSend
 .text.xQueueGenericSendFromISR
                0x00010eb0       0x72 ./freertos/src/queue.o
                0x00010eb0                xQueueGenericSendFromISR
 *fill*         0x00010f22        0x2 ff
 .text.xQueueReceive
                0x00010f24      0x10c ./freertos/src/queue.o
                0x00010f24                xQueueReceive
 .text.vQueueAddToRegistry
                0x00011030       0x28 ./freertos/src/queue.o
                0x00011030                vQueueAddToRegistry
 .text.vQueueWaitForMessageRestricted
                0x00011058       0x52 ./freertos/src/queue.o
                0x00011058                vQueueWaitForMessageRestricted
 *fill*         0x000110aa        0x2 ff
 .text.prvResetNextTaskUnblockTime
                0x000110ac       0x2c ./freertos/src/tasks.o
 .text.prvDeleteTCB
                0x000110d8       0x12 ./freertos/src/tasks.o
 .text.prvInitialiseNewTask
                0x000110ea       0x9c ./freertos/src/tasks.o
 *fill*         0x00011186        0x2 ff
 .text.prvInitialiseTaskLists
                0x00011188       0x68 ./freertos/src/tasks.o
 .text.prvAddNewTaskToReadyList
                0x000111f0       0xa8 ./freertos/src/tasks.o
 .text.prvCheckTasksWaitingTermination
                0x00011298       0x4c ./freertos/src/tasks.o
 .text.prvIdleTask
                0x000112e4       0x28 ./freertos/src/tasks.o
 .text.prvAddCurrentTaskToDelayedList
                0x0001130c       0x98 ./freertos/src/tasks.o
 .text.xTaskCreate
                0x000113a4       0x64 ./freertos/src/tasks.o
                0x000113a4                xTaskCreate
 .text.vTaskDelete
                0x00011408       0xc4 ./freertos/src/tasks.o
                0x00011408                vTaskDelete
 .text.vTaskStartScheduler
                0x000114cc       0x70 ./freertos/src/tasks.o
                0x000114cc                vTaskStartScheduler
 .text.vTaskSuspendAll
                0x0001153c       0x10 ./freertos/src/tasks.o
                0x0001153c                vTaskSuspendAll
 .text.xTaskGetTickCount
                0x0001154c        0xc ./freertos/src/tasks.o
                0x0001154c                xTaskGetTickCount
 .text.xTaskIncrementTick
                0x00011558      0x100 ./freertos/src/tasks.o
                0x00011558                xTaskIncrementTick
 .text.xTaskResumeAll
                0x00011658       0xe0 ./freertos/src/tasks.o
                0x00011658                xTaskResumeAll
 .text.vTaskDelayUntil
                0x00011738       0x60 ./freertos/src/tasks.o
                0x00011738                vTaskDelayUntil
 .text.vTaskDelay
                0x00011798       0x34 ./freertos/src/tasks.o
                0x00011798                vTaskDelay
 .text.vTaskSwitchContext
                0x000117cc       0xac ./freertos/src/tasks.o
                0x000117cc                vTaskSwitchContext
 .text.vTaskPlaceOnEventList
                0x00011878       0x1c ./freertos/src/tasks.o
                0x00011878                vTaskPlaceOnEventList
 .text.vTaskPlaceOnUnorderedEventList
                0x00011894       0x24 ./freertos/src/tasks.o
                0x00011894                vTaskPlaceOnUnorderedEventList
 .text.vTaskPlaceOnEventListRestricted
                0x000118b8       0x24 ./freertos/src/tasks.o
                0x000118b8                vTaskPlaceOnEventListRestricted
 .text.xTaskRemoveFromEventList
                0x000118dc       0x78 ./freertos/src/tasks.o
                0x000118dc                xTaskRemoveFromEventList
 .text.vTaskRemoveFromUnorderedEventList
                0x00011954       0x58 ./freertos/src/tasks.o
                0x00011954                vTaskRemoveFromUnorderedEventList
 .text.vTaskInternalSetTimeOutState
                0x000119ac       0x18 ./freertos/src/tasks.o
                0x000119ac                vTaskInternalSetTimeOutState
 .text.xTaskCheckForTimeOut
                0x000119c4       0x5c ./freertos/src/tasks.o
                0x000119c4                xTaskCheckForTimeOut
 .text.vTaskMissedYield
                0x00011a20        0xc ./freertos/src/tasks.o
                0x00011a20                vTaskMissedYield
 .text.xTaskGetCurrentTaskHandle
                0x00011a2c        0xc ./freertos/src/tasks.o
                0x00011a2c                xTaskGetCurrentTaskHandle
 .text.xTaskGetSchedulerState
                0x00011a38       0x20 ./freertos/src/tasks.o
                0x00011a38                xTaskGetSchedulerState
 .text.xTaskPriorityDisinherit
                0x00011a58       0x80 ./freertos/src/tasks.o
                0x00011a58                xTaskPriorityDisinherit
 .text.uxTaskResetEventItemValue
                0x00011ad8       0x18 ./freertos/src/tasks.o
                0x00011ad8                uxTaskResetEventItemValue
 .text.prvGetNextExpireTime
                0x00011af0       0x20 ./freertos/src/timers.o
 .text.prvInsertTimerInActiveList
                0x00011b10       0x48 ./freertos/src/timers.o
 .text.prvCheckForValidListAndQueue
                0x00011b58       0x5c ./freertos/src/timers.o
 .text.xTimerCreateTimerTask
                0x00011bb4       0x3c ./freertos/src/timers.o
                0x00011bb4                xTimerCreateTimerTask
 .text.xTimerGenericCommand
                0x00011bf0       0x58 ./freertos/src/timers.o
                0x00011bf0                xTimerGenericCommand
 .text.prvSwitchTimerLists
                0x00011c48       0x68 ./freertos/src/timers.o
 .text.prvSampleTimeNow
                0x00011cb0       0x2c ./freertos/src/timers.o
 .text.prvProcessExpiredTimer
                0x00011cdc       0x58 ./freertos/src/timers.o
 .text.prvProcessTimerOrBlockTask
                0x00011d34       0x74 ./freertos/src/timers.o
 .text.prvProcessReceivedCommands
                0x00011da8       0xe4 ./freertos/src/timers.o
 .text.prvTimerTask
                0x00011e8c       0x16 ./freertos/src/timers.o
 *fill*         0x00011ea2        0x2 ff
 .text.xTimerPendFunctionCallFromISR
                0x00011ea4       0x28 ./freertos/src/timers.o
                0x00011ea4                xTimerPendFunctionCallFromISR
 .text._0_Deplacement_Init
                0x00011ecc       0x10 ./Strategie/Strategie_Level0/Deplacement/0_Deplacements.o
                0x00011ecc                _0_Deplacement_Init
 .text._0_Infos_Init
                0x00011edc       0x14 ./Strategie/Strategie_Level0/0_Infos.o
                0x00011edc                _0_Infos_Init
 .text._0_Update_Card_Datas
                0x00011ef0       0x38 ./Strategie/Strategie_Level0/0_Infos.o
                0x00011ef0                _0_Update_Card_Datas
 .text._Strategie_Change_Action_State
                0x00011f28       0x34 ./Strategie/Strategie_Level0/Strategie_Actions.o
                0x00011f28                _Strategie_Change_Action_State
 .text._Strategie_Change_Action_Step
                0x00011f5c       0x10 ./Strategie/Strategie_Level0/Strategie_Actions.o
                0x00011f5c                _Strategie_Change_Action_Step
 .text._Strategie_Get_Robot_ID
                0x00011f6c       0x10 ./Strategie/Strategie.o
                0x00011f6c                _Strategie_Get_Robot_ID
 .text._Strategie_Get_Chosen_Strategie
                0x00011f7c        0xc ./Strategie/Strategie.o
                0x00011f7c                _Strategie_Get_Chosen_Strategie
 .text._Strategie_Get_Temps_Match
                0x00011f88        0xc ./Strategie/Strategie.o
                0x00011f88                _Strategie_Get_Temps_Match
 .text._Strategie_Get_Jack_Status
                0x00011f94       0x10 ./Strategie/Strategie.o
                0x00011f94                _Strategie_Get_Jack_Status
 .text._Strategie_Get_Color_Status
                0x00011fa4       0x10 ./Strategie/Strategie.o
                0x00011fa4                _Strategie_Get_Color_Status
 .text._Strategie_Get_Switch_Status
                0x00011fb4       0x10 ./Strategie/Strategie.o
                0x00011fb4                _Strategie_Get_Switch_Status
 .text._Strategie_Get_External_LED_RED_Status
                0x00011fc4       0x10 ./Strategie/Strategie.o
                0x00011fc4                _Strategie_Get_External_LED_RED_Status
 .text._Strategie_Get_External_LED_YELLOW_Status
                0x00011fd4       0x10 ./Strategie/Strategie.o
                0x00011fd4                _Strategie_Get_External_LED_YELLOW_Status
 .text._Strategie_Get_External_LED_GREEN_Status
                0x00011fe4       0x10 ./Strategie/Strategie.o
                0x00011fe4                _Strategie_Get_External_LED_GREEN_Status
 .text._Strategie_Init_Strategie_2021
                0x00011ff4      0x224 ./Strategie/Strategie.o
                0x00011ff4                _Strategie_Init_Strategie_2021
 .text._0_ADC_Init
                0x00012218       0x34 ./Level_0/Drivers/0_ADC/0_ADC.o
                0x00012218                _0_ADC_Init
 .text._0_RS485_Master_Mode
                0x0001224c       0x16 ./Communication/RS485/0_RS485.o
                0x0001224c                _0_RS485_Master_Mode
 .text._0_RS485_Slave_Mode
                0x00012262       0x16 ./Communication/RS485/0_RS485.o
                0x00012262                _0_RS485_Slave_Mode
 .text._0_RS485_Init
                0x00012278       0x60 ./Communication/RS485/0_RS485.o
                0x00012278                _0_RS485_Init
 .text._0_Communication_Init
                0x000122d8       0x5c ./Communication/0_Communication.o
                0x000122d8                _0_Communication_Init
 .text._0_Communication_Init_RS485
                0x00012334       0xa0 ./Communication/0_Communication.o
                0x00012334                _0_Communication_Init_RS485
 .text._0_Communication_Init_XBEE
                0x000123d4       0x9c ./Communication/0_Communication.o
                0x000123d4                _0_Communication_Init_XBEE
 .text.UART1_IRQHandler
                0x00012470       0xb4 ./Communication/0_Communication.o
                0x00012470                UART1_IRQHandler
 .text.UART2_IRQHandler
                0x00012524       0xa4 ./Communication/0_Communication.o
                0x00012524                UART2_IRQHandler
 .text.USB_IRQHandler
                0x000125c8        0x2 ./Communication/0_Communication.o
                0x000125c8                USB_IRQHandler
 *fill*         0x000125ca        0x2 ff
 .text._0_Communication_Send_Data
                0x000125cc       0x90 ./Communication/0_Communication.o
                0x000125cc                _0_Communication_Send_Data
 .text._0_Communication_Send_RS485
                0x0001265c       0x90 ./Communication/0_Communication.o
                0x0001265c                _0_Communication_Send_RS485
 .text._0_Communication_Send_XBEE
                0x000126ec       0x82 ./Communication/0_Communication.o
                0x000126ec                _0_Communication_Send_XBEE
 .text.Chip_UART_SendByte
                0x0001276e        0x4 ./Communication/0_Communication.o
 .text.Chip_UART_ReadLineStatus
                0x00012772        0x4 ./Communication/0_Communication.o
 *fill*         0x00012776        0x2 ff
 .text._0_Communication_Init_Event_Group
                0x00012778       0x34 ./Communication/0_Event_Group.o
                0x00012778                _0_Communication_Init_Event_Group
 .text._1_Communication_Init
                0x000127ac       0x28 ./Communication/1_Trame_Communication.o
                0x000127ac                _1_Communication_Init
 .text._1_Communication_Create_Queues_Semaphores
                0x000127d4       0x14 ./Communication/1_Trame_Communication.o
                0x000127d4                _1_Communication_Create_Queues_Semaphores
 .text._1_Communication_Wait_To_Send
                0x000127e8       0x28 ./Communication/1_Trame_Communication.o
                0x000127e8                _1_Communication_Wait_To_Send
 .text._1_Communication_Free_Send_Bit
                0x00012810       0x14 ./Communication/1_Trame_Communication.o
                0x00012810                _1_Communication_Free_Send_Bit
 .text._1_Communication_Wait_To_Receive
                0x00012824       0x2c ./Communication/1_Trame_Communication.o
                0x00012824                _1_Communication_Wait_To_Receive
 .text._1_Communication_Free_Receive_Bit
                0x00012850       0x14 ./Communication/1_Trame_Communication.o
                0x00012850                _1_Communication_Free_Receive_Bit
 .text._1_Communication_Create_Message
                0x00012864       0x74 ./Communication/1_Trame_Communication.o
                0x00012864                _1_Communication_Create_Message
 .text._1_Communication_Create_Trame
                0x000128d8       0xd4 ./Communication/1_Trame_Communication.o
                0x000128d8                _1_Communication_Create_Trame
 .text._1_Communication_WAIT_ACK
                0x000129ac       0x58 ./Communication/1_Trame_Communication.o
                0x000129ac                _1_Communication_WAIT_ACK
 .text._1_Communication_CLEAR_ACK
                0x00012a04       0x24 ./Communication/1_Trame_Communication.o
                0x00012a04                _1_Communication_CLEAR_ACK
 .text._1_Communication_Create_Trame_From_Buffer
                0x00012a28      0x294 ./Communication/1_Trame_Communication.o
                0x00012a28                _1_Communication_Create_Trame_From_Buffer
 .text._1_Communication_Check_Rx_Adresse
                0x00012cbc       0x1a ./Communication/1_Trame_Communication.o
                0x00012cbc                _1_Communication_Check_Rx_Adresse
 *fill*         0x00012cd6        0x2 ff
 .text._1_Communication_Recomposition_Rx
                0x00012cd8       0x68 ./Communication/1_Trame_Communication.o
                0x00012cd8                _1_Communication_Recomposition_Rx
 .text._2_Comm_Strategie_Init
                0x00012d40       0x14 ./Communication/2_Echange_Data_Strategie.o
                0x00012d40                _2_Comm_Strategie_Init
 .text._2_Comm_Strategie_Send_Action_Creation
                0x00012d54       0xe8 ./Communication/2_Echange_Data_Strategie.o
                0x00012d54                _2_Comm_Strategie_Send_Action_Creation
 .text._2_Comm_Strategie_Send_Action_State_Update
                0x00012e3c       0xe4 ./Communication/2_Echange_Data_Strategie.o
                0x00012e3c                _2_Comm_Strategie_Send_Action_State_Update
 .text._2_Communication_Init
                0x00012f20       0x14 ./Communication/2_Echange_Datas.o
                0x00012f20                _2_Communication_Init
 .text._2_Comm_Send_Demande_Info
                0x00012f34       0x30 ./Communication/2_Echange_Datas.o
                0x00012f34                _2_Comm_Send_Demande_Info
 .text._2_Comm_Send_PING
                0x00012f64       0x58 ./Communication/2_Echange_Datas.o
                0x00012f64                _2_Comm_Send_PING
 .text._2_Comm_Send_PONG
                0x00012fbc       0x88 ./Communication/2_Echange_Datas.o
                0x00012fbc                _2_Comm_Send_PONG
 .text._2_Comm_Send_Communication_Status
                0x00013044       0x44 ./Communication/2_Echange_Datas.o
                0x00013044                _2_Comm_Send_Communication_Status
 .text._2_Comm_Send_Log_Message
                0x00013088      0x110 ./Communication/2_Echange_Datas.o
                0x00013088                _2_Comm_Send_Log_Message
 .text._2_Communication_Boards_Status
                0x00013198       0x8c ./Communication/2_Echange_Datas.o
                0x00013198                _2_Communication_Boards_Status
 .text._2_Comm_Check_Presence_Cartes
                0x00013224       0x2a ./Communication/2_Echange_Datas.o
                0x00013224                _2_Comm_Check_Presence_Cartes
 *fill*         0x0001324e        0x2 ff
 .text._2_Comm_Robot_ID
                0x00013250       0x44 ./Communication/2_Echange_Datas.o
                0x00013250                _2_Comm_Robot_ID
 .text._2_Comm_Send_Info_Carte_IA
                0x00013294       0xdc ./Communication/2_Echange_Datas.o
                0x00013294                _2_Comm_Send_Info_Carte_IA
 .text._2_Communication_RX_Init
                0x00013370        0x2 ./Communication/2_Echange_Datas_Reception.o
                0x00013370                _2_Communication_RX_Init
 *fill*         0x00013372        0x2 ff
 .text._2_Communication_Interprete_message
                0x00013374       0x54 ./Communication/2_Echange_Datas_Reception.o
                0x00013374                _2_Communication_Interprete_message
 .text._2_Communication_RX_ACK
                0x000133c8       0x3c ./Communication/2_Echange_Datas_Reception.o
                0x000133c8                _2_Communication_RX_ACK
 .text._2_Communication_RX_Reponse_Infos
                0x00013404       0x1a ./Communication/2_Echange_Datas_Reception.o
                0x00013404                _2_Communication_RX_Reponse_Infos
 *fill*         0x0001341e        0x2 ff
 .text._2_Comm_RX_PONG
                0x00013420       0x28 ./Communication/2_Echange_Datas_Reception.o
                0x00013420                _2_Comm_RX_PONG
 .text.Chip_ADC_Init
                0x00013448       0x48 D:\Developpement_Robot\Robotic-System\trunk\Workspaces\MultiWorkSpaces_2021\0_lpc_chip_175x_6x\Release\lib0_lpc_chip_175x_6x.a(adc_17xx_40xx.o)
                0x00013448                Chip_ADC_Init
 .text.SystemCoreClockUpdate
                0x00013490       0x10 D:\Developpement_Robot\Robotic-System\trunk\Workspaces\MultiWorkSpaces_2021\0_lpc_chip_175x_6x\Release\lib0_lpc_chip_175x_6x.a(chip_17xx_40xx.o)
                0x00013490                SystemCoreClockUpdate
 .text.Chip_Clock_EnablePLL
                0x000134a0       0x24 D:\Developpement_Robot\Robotic-System\trunk\Workspaces\MultiWorkSpaces_2021\0_lpc_chip_175x_6x\Release\lib0_lpc_chip_175x_6x.a(clock_17xx_40xx.o)
                0x000134a0                Chip_Clock_EnablePLL
 .text.Chip_Clock_DisablePLL
                0x000134c4       0x26 D:\Developpement_Robot\Robotic-System\trunk\Workspaces\MultiWorkSpaces_2021\0_lpc_chip_175x_6x\Release\lib0_lpc_chip_175x_6x.a(clock_17xx_40xx.o)
                0x000134c4                Chip_Clock_DisablePLL
 .text.Chip_Clock_SetupPLL
                0x000134ea       0x30 D:\Developpement_Robot\Robotic-System\trunk\Workspaces\MultiWorkSpaces_2021\0_lpc_chip_175x_6x\Release\lib0_lpc_chip_175x_6x.a(clock_17xx_40xx.o)
                0x000134ea                Chip_Clock_SetupPLL
 *fill*         0x0001351a        0x2 ff
 .text.Chip_Clock_EnablePeriphClock
                0x0001351c       0x18 D:\Developpement_Robot\Robotic-System\trunk\Workspaces\MultiWorkSpaces_2021\0_lpc_chip_175x_6x\Release\lib0_lpc_chip_175x_6x.a(clock_17xx_40xx.o)
                0x0001351c                Chip_Clock_EnablePeriphClock
 .text.Chip_Clock_GetCPUClockSource
                0x00013534       0x10 D:\Developpement_Robot\Robotic-System\trunk\Workspaces\MultiWorkSpaces_2021\0_lpc_chip_175x_6x\Release\lib0_lpc_chip_175x_6x.a(clock_17xx_40xx.o)
                0x00013534                Chip_Clock_GetCPUClockSource
 .text.Chip_Clock_SetCPUClockDiv
                0x00013544        0xc D:\Developpement_Robot\Robotic-System\trunk\Workspaces\MultiWorkSpaces_2021\0_lpc_chip_175x_6x\Release\lib0_lpc_chip_175x_6x.a(clock_17xx_40xx.o)
                0x00013544                Chip_Clock_SetCPUClockDiv
 .text.Chip_Clock_GetCPUClockDiv
                0x00013550       0x10 D:\Developpement_Robot\Robotic-System\trunk\Workspaces\MultiWorkSpaces_2021\0_lpc_chip_175x_6x\Release\lib0_lpc_chip_175x_6x.a(clock_17xx_40xx.o)
                0x00013550                Chip_Clock_GetCPUClockDiv
 .text.Chip_Clock_GetPCLKDiv
                0x00013560       0x38 D:\Developpement_Robot\Robotic-System\trunk\Workspaces\MultiWorkSpaces_2021\0_lpc_chip_175x_6x\Release\lib0_lpc_chip_175x_6x.a(clock_17xx_40xx.o)
                0x00013560                Chip_Clock_GetPCLKDiv
 .text.Chip_Clock_GetSYSCLKRate
                0x00013598       0x38 D:\Developpement_Robot\Robotic-System\trunk\Workspaces\MultiWorkSpaces_2021\0_lpc_chip_175x_6x\Release\lib0_lpc_chip_175x_6x.a(clock_17xx_40xx.o)
                0x00013598                Chip_Clock_GetSYSCLKRate
 .text.Chip_Clock_GetMainPLLOutClockRate
                0x000135d0       0x34 D:\Developpement_Robot\Robotic-System\trunk\Workspaces\MultiWorkSpaces_2021\0_lpc_chip_175x_6x\Release\lib0_lpc_chip_175x_6x.a(clock_17xx_40xx.o)
                0x000135d0                Chip_Clock_GetMainPLLOutClockRate
 .text.Chip_Clock_GetMainClockRate
                0x00013604       0x20 D:\Developpement_Robot\Robotic-System\trunk\Workspaces\MultiWorkSpaces_2021\0_lpc_chip_175x_6x\Release\lib0_lpc_chip_175x_6x.a(clock_17xx_40xx.o)
                0x00013604                Chip_Clock_GetMainClockRate
 .text.Chip_Clock_GetSystemClockRate
                0x00013624       0x12 D:\Developpement_Robot\Robotic-System\trunk\Workspaces\MultiWorkSpaces_2021\0_lpc_chip_175x_6x\Release\lib0_lpc_chip_175x_6x.a(clock_17xx_40xx.o)
                0x00013624                Chip_Clock_GetSystemClockRate
 .text.Chip_Clock_GetPeripheralClockRate
                0x00013636       0x16 D:\Developpement_Robot\Robotic-System\trunk\Workspaces\MultiWorkSpaces_2021\0_lpc_chip_175x_6x\Release\lib0_lpc_chip_175x_6x.a(clock_17xx_40xx.o)
                0x00013636                Chip_Clock_GetPeripheralClockRate
 .text.RingBuffer_Init
                0x0001364c       0x10 D:\Developpement_Robot\Robotic-System\trunk\Workspaces\MultiWorkSpaces_2021\0_lpc_chip_175x_6x\Release\lib0_lpc_chip_175x_6x.a(ring_buffer.o)
                0x0001364c                RingBuffer_Init
 .text.RingBuffer_Insert
                0x0001365c       0x30 D:\Developpement_Robot\Robotic-System\trunk\Workspaces\MultiWorkSpaces_2021\0_lpc_chip_175x_6x\Release\lib0_lpc_chip_175x_6x.a(ring_buffer.o)
                0x0001365c                RingBuffer_Insert
 .text.RingBuffer_InsertMult
                0x0001368c       0x88 D:\Developpement_Robot\Robotic-System\trunk\Workspaces\MultiWorkSpaces_2021\0_lpc_chip_175x_6x\Release\lib0_lpc_chip_175x_6x.a(ring_buffer.o)
                0x0001368c                RingBuffer_InsertMult
 .text.RingBuffer_Pop
                0x00013714       0x30 D:\Developpement_Robot\Robotic-System\trunk\Workspaces\MultiWorkSpaces_2021\0_lpc_chip_175x_6x\Release\lib0_lpc_chip_175x_6x.a(ring_buffer.o)
                0x00013714                RingBuffer_Pop
 .text.RingBuffer_PopMult
                0x00013744       0x7c D:\Developpement_Robot\Robotic-System\trunk\Workspaces\MultiWorkSpaces_2021\0_lpc_chip_175x_6x\Release\lib0_lpc_chip_175x_6x.a(ring_buffer.o)
                0x00013744                RingBuffer_PopMult
 .text.RingBuffer_Count
                0x000137c0        0x8 D:\Developpement_Robot\Robotic-System\trunk\Workspaces\MultiWorkSpaces_2021\0_lpc_chip_175x_6x\Release\lib0_lpc_chip_175x_6x.a(ring_buffer.o)
                0x000137c0                RingBuffer_Count
 .text.Chip_SetupIrcClocking
                0x000137c8       0x64 D:\Developpement_Robot\Robotic-System\trunk\Workspaces\MultiWorkSpaces_2021\0_lpc_chip_175x_6x\Release\lib0_lpc_chip_175x_6x.a(sysinit_17xx_40xx.o)
                0x000137c8                Chip_SetupIrcClocking
 .text.Chip_SetupXtalClocking
                0x0001382c       0xdc D:\Developpement_Robot\Robotic-System\trunk\Workspaces\MultiWorkSpaces_2021\0_lpc_chip_175x_6x\Release\lib0_lpc_chip_175x_6x.a(sysinit_17xx_40xx.o)
                0x0001382c                Chip_SetupXtalClocking
 .text.Chip_SystemInit
                0x00013908        0x4 D:\Developpement_Robot\Robotic-System\trunk\Workspaces\MultiWorkSpaces_2021\0_lpc_chip_175x_6x\Release\lib0_lpc_chip_175x_6x.a(sysinit_17xx_40xx.o)
                0x00013908                Chip_SystemInit
 .text.Chip_TIMER_Init
                0x0001390c       0x2c D:\Developpement_Robot\Robotic-System\trunk\Workspaces\MultiWorkSpaces_2021\0_lpc_chip_175x_6x\Release\lib0_lpc_chip_175x_6x.a(timer_17xx_40xx.o)
                0x0001390c                Chip_TIMER_Init
 .text.Chip_UART_GetClockIndex
                0x00013938       0x28 D:\Developpement_Robot\Robotic-System\trunk\Workspaces\MultiWorkSpaces_2021\0_lpc_chip_175x_6x\Release\lib0_lpc_chip_175x_6x.a(uart_17xx_40xx.o)
 .text.Chip_UART_Init
                0x00013960       0x38 D:\Developpement_Robot\Robotic-System\trunk\Workspaces\MultiWorkSpaces_2021\0_lpc_chip_175x_6x\Release\lib0_lpc_chip_175x_6x.a(uart_17xx_40xx.o)
                0x00013960                Chip_UART_Init
 .text.Chip_UART_TXEnable
                0x00013998        0x6 D:\Developpement_Robot\Robotic-System\trunk\Workspaces\MultiWorkSpaces_2021\0_lpc_chip_175x_6x\Release\lib0_lpc_chip_175x_6x.a(uart_17xx_40xx.o)
                0x00013998                Chip_UART_TXEnable
 .text.Chip_UART_SetBaud
                0x0001399e       0x34 D:\Developpement_Robot\Robotic-System\trunk\Workspaces\MultiWorkSpaces_2021\0_lpc_chip_175x_6x\Release\lib0_lpc_chip_175x_6x.a(uart_17xx_40xx.o)
                0x0001399e                Chip_UART_SetBaud
 .text.Chip_UART_RXIntHandlerRB
                0x000139d2       0x22 D:\Developpement_Robot\Robotic-System\trunk\Workspaces\MultiWorkSpaces_2021\0_lpc_chip_175x_6x\Release\lib0_lpc_chip_175x_6x.a(uart_17xx_40xx.o)
                0x000139d2                Chip_UART_RXIntHandlerRB
 .text.Chip_UART_TXIntHandlerRB
                0x000139f4       0x24 D:\Developpement_Robot\Robotic-System\trunk\Workspaces\MultiWorkSpaces_2021\0_lpc_chip_175x_6x\Release\lib0_lpc_chip_175x_6x.a(uart_17xx_40xx.o)
                0x000139f4                Chip_UART_TXIntHandlerRB
 .text.Chip_UART_IRQRBHandler
                0x00013a18       0x68 D:\Developpement_Robot\Robotic-System\trunk\Workspaces\MultiWorkSpaces_2021\0_lpc_chip_175x_6x\Release\lib0_lpc_chip_175x_6x.a(uart_17xx_40xx.o)
                0x00013a18                Chip_UART_IRQRBHandler
 .text.Set_Clock_in
                0x00013a80        0xc D:\Developpement_Robot\Robotic-System\trunk\Workspaces\MultiWorkSpaces_2021\0_lpc_board_nxp_lpcxpresso_1769\Release\lib0_lpc_board_nxp_lpcxpresso_1769.a(board.o)
                0x00013a80                Set_Clock_in
 .text.Board_Init
                0x00013a8c       0x12 D:\Developpement_Robot\Robotic-System\trunk\Workspaces\MultiWorkSpaces_2021\0_lpc_board_nxp_lpcxpresso_1769\Release\lib0_lpc_board_nxp_lpcxpresso_1769.a(board.o)
                0x00013a8c                Board_Init
 *fill*         0x00013a9e        0x2 ff
 .text          0x00013aa0      0x378 c:/nxp/mcuxpressoide_11.2.1_4149/ide/plugins/com.nxp.mcuxpresso.tools.win32_11.2.0.202008311134/tools/bin/../lib/gcc/arm-none-eabi/9.2.1/thumb/v7-m/nofp\libgcc.a(_arm_addsubdf3.o)
                0x00013aa0                __aeabi_drsub
                0x00013aa8                __aeabi_dsub
                0x00013aa8                __subdf3
                0x00013aac                __aeabi_dadd
                0x00013aac                __adddf3
                0x00013d24                __floatunsidf
                0x00013d24                __aeabi_ui2d
                0x00013d44                __floatsidf
                0x00013d44                __aeabi_i2d
                0x00013d68                __aeabi_f2d
                0x00013d68                __extendsfdf2
                0x00013dac                __floatundidf
                0x00013dac                __aeabi_ul2d
                0x00013dbc                __floatdidf
                0x00013dbc                __aeabi_l2d
 .text.memcpy   0x00013e18       0x1c c:/nxp/mcuxpressoide_11.2.1_4149/ide/plugins/com.nxp.mcuxpresso.tools.win32_11.2.0.202008311134/tools/bin/../lib/gcc/arm-none-eabi/9.2.1/../../../../arm-none-eabi/lib/thumb/v7-m/nofp\libc_nano.a(lib_a-memcpy-stub.o)
                0x00013e18                memcpy
 .text.memset   0x00013e34       0x10 c:/nxp/mcuxpressoide_11.2.1_4149/ide/plugins/com.nxp.mcuxpresso.tools.win32_11.2.0.202008311134/tools/bin/../lib/gcc/arm-none-eabi/9.2.1/../../../../arm-none-eabi/lib/thumb/v7-m/nofp\libc_nano.a(lib_a-memset.o)
                0x00013e34                memset
 .text.__cvt    0x00013e44       0xbe c:/nxp/mcuxpressoide_11.2.1_4149/ide/plugins/com.nxp.mcuxpresso.tools.win32_11.2.0.202008311134/tools/bin/../lib/gcc/arm-none-eabi/9.2.1/../../../../arm-none-eabi/lib/thumb/v7-m/nofp\libc_nano.a(lib_a-nano-vfprintf_float.o)
                0x00013e44                __cvt
 .text.__exponent
                0x00013f02       0x7c c:/nxp/mcuxpressoide_11.2.1_4149/ide/plugins/com.nxp.mcuxpresso.tools.win32_11.2.0.202008311134/tools/bin/../lib/gcc/arm-none-eabi/9.2.1/../../../../arm-none-eabi/lib/thumb/v7-m/nofp\libc_nano.a(lib_a-nano-vfprintf_float.o)
                0x00013f02                __exponent
 *fill*         0x00013f7e        0x2 ff
 .text._printf_float
                0x00013f80      0x458 c:/nxp/mcuxpressoide_11.2.1_4149/ide/plugins/com.nxp.mcuxpresso.tools.win32_11.2.0.202008311134/tools/bin/../lib/gcc/arm-none-eabi/9.2.1/../../../../arm-none-eabi/lib/thumb/v7-m/nofp\libc_nano.a(lib_a-nano-vfprintf_float.o)
                0x00013f80                _printf_float
 .text._printf_common
                0x000143d8       0xde c:/nxp/mcuxpressoide_11.2.1_4149/ide/plugins/com.nxp.mcuxpresso.tools.win32_11.2.0.202008311134/tools/bin/../lib/gcc/arm-none-eabi/9.2.1/../../../../arm-none-eabi/lib/thumb/v7-m/nofp\libc_nano.a(lib_a-nano-vfprintf_i.o)
                0x000143d8                _printf_common
 *fill*         0x000144b6        0x2 ff
 .text._printf_i
                0x000144b8      0x24c c:/nxp/mcuxpressoide_11.2.1_4149/ide/plugins/com.nxp.mcuxpresso.tools.win32_11.2.0.202008311134/tools/bin/../lib/gcc/arm-none-eabi/9.2.1/../../../../arm-none-eabi/lib/thumb/v7-m/nofp\libc_nano.a(lib_a-nano-vfprintf_i.o)
                0x000144b8                _printf_i
 .text.sprintf  0x00014704       0x40 c:/nxp/mcuxpressoide_11.2.1_4149/ide/plugins/com.nxp.mcuxpresso.tools.win32_11.2.0.202008311134/tools/bin/../lib/gcc/arm-none-eabi/9.2.1/../../../../arm-none-eabi/lib/thumb/v7-m/nofp\libc_nano.a(lib_a-sprintf.o)
                0x00014704                siprintf
                0x00014704                sprintf
 .text          0x00014744       0x10 c:/nxp/mcuxpressoide_11.2.1_4149/ide/plugins/com.nxp.mcuxpresso.tools.win32_11.2.0.202008311134/tools/bin/../lib/gcc/arm-none-eabi/9.2.1/../../../../arm-none-eabi/lib/thumb/v7-m/nofp\libc_nano.a(lib_a-strlen.o)
                0x00014744                strlen
 .text.quorem   0x00014754      0x11a c:/nxp/mcuxpressoide_11.2.1_4149/ide/plugins/com.nxp.mcuxpresso.tools.win32_11.2.0.202008311134/tools/bin/../lib/gcc/arm-none-eabi/9.2.1/../../../../arm-none-eabi/lib/thumb/v7-m/nofp\libc_nano.a(lib_a-dtoa.o)
 *fill*         0x0001486e        0x2 ff
 .text._dtoa_r  0x00014870      0xba4 c:/nxp/mcuxpressoide_11.2.1_4149/ide/plugins/com.nxp.mcuxpresso.tools.win32_11.2.0.202008311134/tools/bin/../lib/gcc/arm-none-eabi/9.2.1/../../../../arm-none-eabi/lib/thumb/v7-m/nofp\libc_nano.a(lib_a-dtoa.o)
                0x00014870                _dtoa_r
 .text._localeconv_r
                0x00015414        0x8 c:/nxp/mcuxpressoide_11.2.1_4149/ide/plugins/com.nxp.mcuxpresso.tools.win32_11.2.0.202008311134/tools/bin/../lib/gcc/arm-none-eabi/9.2.1/../../../../arm-none-eabi/lib/thumb/v7-m/nofp\libc_nano.a(lib_a-localeconv.o)
                0x00015414                _localeconv_r
 .text.malloc   0x0001541c       0x10 c:/nxp/mcuxpressoide_11.2.1_4149/ide/plugins/com.nxp.mcuxpresso.tools.win32_11.2.0.202008311134/tools/bin/../lib/gcc/arm-none-eabi/9.2.1/../../../../arm-none-eabi/lib/thumb/v7-m/nofp\libc_nano.a(lib_a-malloc.o)
                0x0001541c                malloc
 .text.memchr   0x0001542c       0x1c c:/nxp/mcuxpressoide_11.2.1_4149/ide/plugins/com.nxp.mcuxpresso.tools.win32_11.2.0.202008311134/tools/bin/../lib/gcc/arm-none-eabi/9.2.1/../../../../arm-none-eabi/lib/thumb/v7-m/nofp\libc_nano.a(lib_a-memchr-stub.o)
                0x0001542c                memchr
 .text._Balloc  0x00015448       0x68 c:/nxp/mcuxpressoide_11.2.1_4149/ide/plugins/com.nxp.mcuxpresso.tools.win32_11.2.0.202008311134/tools/bin/../lib/gcc/arm-none-eabi/9.2.1/../../../../arm-none-eabi/lib/thumb/v7-m/nofp\libc_nano.a(lib_a-mprec.o)
                0x00015448                _Balloc
 .text._Bfree   0x000154b0       0x2e c:/nxp/mcuxpressoide_11.2.1_4149/ide/plugins/com.nxp.mcuxpresso.tools.win32_11.2.0.202008311134/tools/bin/../lib/gcc/arm-none-eabi/9.2.1/../../../../arm-none-eabi/lib/thumb/v7-m/nofp\libc_nano.a(lib_a-mprec.o)
                0x000154b0                _Bfree
 .text.__multadd
                0x000154de       0x7c c:/nxp/mcuxpressoide_11.2.1_4149/ide/plugins/com.nxp.mcuxpresso.tools.win32_11.2.0.202008311134/tools/bin/../lib/gcc/arm-none-eabi/9.2.1/../../../../arm-none-eabi/lib/thumb/v7-m/nofp\libc_nano.a(lib_a-mprec.o)
                0x000154de                __multadd
 .text.__hi0bits
                0x0001555a       0x40 c:/nxp/mcuxpressoide_11.2.1_4149/ide/plugins/com.nxp.mcuxpresso.tools.win32_11.2.0.202008311134/tools/bin/../lib/gcc/arm-none-eabi/9.2.1/../../../../arm-none-eabi/lib/thumb/v7-m/nofp\libc_nano.a(lib_a-mprec.o)
                0x0001555a                __hi0bits
 .text.__lo0bits
                0x0001559a       0x5c c:/nxp/mcuxpressoide_11.2.1_4149/ide/plugins/com.nxp.mcuxpresso.tools.win32_11.2.0.202008311134/tools/bin/../lib/gcc/arm-none-eabi/9.2.1/../../../../arm-none-eabi/lib/thumb/v7-m/nofp\libc_nano.a(lib_a-mprec.o)
                0x0001559a                __lo0bits
 .text.__i2b    0x000155f6       0x12 c:/nxp/mcuxpressoide_11.2.1_4149/ide/plugins/com.nxp.mcuxpresso.tools.win32_11.2.0.202008311134/tools/bin/../lib/gcc/arm-none-eabi/9.2.1/../../../../arm-none-eabi/lib/thumb/v7-m/nofp\libc_nano.a(lib_a-mprec.o)
                0x000155f6                __i2b
 .text.__multiply
                0x00015608      0x136 c:/nxp/mcuxpressoide_11.2.1_4149/ide/plugins/com.nxp.mcuxpresso.tools.win32_11.2.0.202008311134/tools/bin/../lib/gcc/arm-none-eabi/9.2.1/../../../../arm-none-eabi/lib/thumb/v7-m/nofp\libc_nano.a(lib_a-mprec.o)
                0x00015608                __multiply
 *fill*         0x0001573e        0x2 ff
 .text.__pow5mult
                0x00015740       0x9c c:/nxp/mcuxpressoide_11.2.1_4149/ide/plugins/com.nxp.mcuxpresso.tools.win32_11.2.0.202008311134/tools/bin/../lib/gcc/arm-none-eabi/9.2.1/../../../../arm-none-eabi/lib/thumb/v7-m/nofp\libc_nano.a(lib_a-mprec.o)
                0x00015740                __pow5mult
 .text.__lshift
                0x000157dc       0xbe c:/nxp/mcuxpressoide_11.2.1_4149/ide/plugins/com.nxp.mcuxpresso.tools.win32_11.2.0.202008311134/tools/bin/../lib/gcc/arm-none-eabi/9.2.1/../../../../arm-none-eabi/lib/thumb/v7-m/nofp\libc_nano.a(lib_a-mprec.o)
                0x000157dc                __lshift
 .text.__mcmp   0x0001589a       0x36 c:/nxp/mcuxpressoide_11.2.1_4149/ide/plugins/com.nxp.mcuxpresso.tools.win32_11.2.0.202008311134/tools/bin/../lib/gcc/arm-none-eabi/9.2.1/../../../../arm-none-eabi/lib/thumb/v7-m/nofp\libc_nano.a(lib_a-mprec.o)
                0x0001589a                __mcmp
 .text.__mdiff  0x000158d0       0xf8 c:/nxp/mcuxpressoide_11.2.1_4149/ide/plugins/com.nxp.mcuxpresso.tools.win32_11.2.0.202008311134/tools/bin/../lib/gcc/arm-none-eabi/9.2.1/../../../../arm-none-eabi/lib/thumb/v7-m/nofp\libc_nano.a(lib_a-mprec.o)
                0x000158d0                __mdiff
 .text.__d2b    0x000159c8       0x9e c:/nxp/mcuxpressoide_11.2.1_4149/ide/plugins/com.nxp.mcuxpresso.tools.win32_11.2.0.202008311134/tools/bin/../lib/gcc/arm-none-eabi/9.2.1/../../../../arm-none-eabi/lib/thumb/v7-m/nofp\libc_nano.a(lib_a-mprec.o)
                0x000159c8                __d2b
 .text._calloc_r
                0x00015a66       0x1c c:/nxp/mcuxpressoide_11.2.1_4149/ide/plugins/com.nxp.mcuxpresso.tools.win32_11.2.0.202008311134/tools/bin/../lib/gcc/arm-none-eabi/9.2.1/../../../../arm-none-eabi/lib/thumb/v7-m/nofp\libc_nano.a(lib_a-nano-callocr.o)
                0x00015a66                _calloc_r
 *fill*         0x00015a82        0x2 ff
 .text._free_r  0x00015a84       0x98 c:/nxp/mcuxpressoide_11.2.1_4149/ide/plugins/com.nxp.mcuxpresso.tools.win32_11.2.0.202008311134/tools/bin/../lib/gcc/arm-none-eabi/9.2.1/../../../../arm-none-eabi/lib/thumb/v7-m/nofp\libc_nano.a(lib_a-nano-freer.o)
                0x00015a84                _free_r
 .text._malloc_r
                0x00015b1c       0xb4 c:/nxp/mcuxpressoide_11.2.1_4149/ide/plugins/com.nxp.mcuxpresso.tools.win32_11.2.0.202008311134/tools/bin/../lib/gcc/arm-none-eabi/9.2.1/../../../../arm-none-eabi/lib/thumb/v7-m/nofp\libc_nano.a(lib_a-nano-mallocr.o)
                0x00015b1c                _malloc_r
 .text.__ssputs_r
                0x00015bd0       0xb6 c:/nxp/mcuxpressoide_11.2.1_4149/ide/plugins/com.nxp.mcuxpresso.tools.win32_11.2.0.202008311134/tools/bin/../lib/gcc/arm-none-eabi/9.2.1/../../../../arm-none-eabi/lib/thumb/v7-m/nofp\libc_nano.a(lib_a-nano-svfprintf.o)
                0x00015bd0                __ssputs_r
 *fill*         0x00015c86        0x2 ff
 .text._svfprintf_r
                0x00015c88      0x200 c:/nxp/mcuxpressoide_11.2.1_4149/ide/plugins/com.nxp.mcuxpresso.tools.win32_11.2.0.202008311134/tools/bin/../lib/gcc/arm-none-eabi/9.2.1/../../../../arm-none-eabi/lib/thumb/v7-m/nofp\libc_nano.a(lib_a-nano-svfprintf.o)
                0x00015c88                _svfiprintf_r
                0x00015c88                _svfprintf_r
 .text._sbrk_r  0x00015e88       0x20 c:/nxp/mcuxpressoide_11.2.1_4149/ide/plugins/com.nxp.mcuxpresso.tools.win32_11.2.0.202008311134/tools/bin/../lib/gcc/arm-none-eabi/9.2.1/../../../../arm-none-eabi/lib/thumb/v7-m/nofp\libc_nano.a(lib_a-sbrkr.o)
                0x00015e88                _sbrk_r
 .text.__ascii_mbtowc
                0x00015ea8       0x24 c:/nxp/mcuxpressoide_11.2.1_4149/ide/plugins/com.nxp.mcuxpresso.tools.win32_11.2.0.202008311134/tools/bin/../lib/gcc/arm-none-eabi/9.2.1/../../../../arm-none-eabi/lib/thumb/v7-m/nofp\libc_nano.a(lib_a-mbtowc_r.o)
                0x00015ea8                __ascii_mbtowc
 .text.memmove  0x00015ecc       0x34 c:/nxp/mcuxpressoide_11.2.1_4149/ide/plugins/com.nxp.mcuxpresso.tools.win32_11.2.0.202008311134/tools/bin/../lib/gcc/arm-none-eabi/9.2.1/../../../../arm-none-eabi/lib/thumb/v7-m/nofp\libc_nano.a(lib_a-memmove.o)
                0x00015ecc                memmove
 .text.__malloc_lock
                0x00015f00        0xc c:/nxp/mcuxpressoide_11.2.1_4149/ide/plugins/com.nxp.mcuxpresso.tools.win32_11.2.0.202008311134/tools/bin/../lib/gcc/arm-none-eabi/9.2.1/../../../../arm-none-eabi/lib/thumb/v7-m/nofp\libc_nano.a(lib_a-mlock.o)
                0x00015f00                __malloc_lock
 .text.__malloc_unlock
                0x00015f0c        0xc c:/nxp/mcuxpressoide_11.2.1_4149/ide/plugins/com.nxp.mcuxpresso.tools.win32_11.2.0.202008311134/tools/bin/../lib/gcc/arm-none-eabi/9.2.1/../../../../arm-none-eabi/lib/thumb/v7-m/nofp\libc_nano.a(lib_a-mlock.o)
                0x00015f0c                __malloc_unlock
 .text._realloc_r
                0x00015f18       0x4c c:/nxp/mcuxpressoide_11.2.1_4149/ide/plugins/com.nxp.mcuxpresso.tools.win32_11.2.0.202008311134/tools/bin/../lib/gcc/arm-none-eabi/9.2.1/../../../../arm-none-eabi/lib/thumb/v7-m/nofp\libc_nano.a(lib_a-nano-reallocr.o)
                0x00015f18                _realloc_r
 .text.__ascii_wctomb
                0x00015f64       0x1a c:/nxp/mcuxpressoide_11.2.1_4149/ide/plugins/com.nxp.mcuxpresso.tools.win32_11.2.0.202008311134/tools/bin/../lib/gcc/arm-none-eabi/9.2.1/../../../../arm-none-eabi/lib/thumb/v7-m/nofp\libc_nano.a(lib_a-wctomb_r.o)
                0x00015f64                __ascii_wctomb
 .text.__retarget_lock_acquire_recursive
                0x00015f7e        0x2 c:/nxp/mcuxpressoide_11.2.1_4149/ide/plugins/com.nxp.mcuxpresso.tools.win32_11.2.0.202008311134/tools/bin/../lib/gcc/arm-none-eabi/9.2.1/../../../../arm-none-eabi/lib/thumb/v7-m/nofp\libc_nano.a(lib_a-lock.o)
                0x00015f7e                __retarget_lock_acquire_recursive
 .text.__retarget_lock_release_recursive
                0x00015f80        0x2 c:/nxp/mcuxpressoide_11.2.1_4149/ide/plugins/com.nxp.mcuxpresso.tools.win32_11.2.0.202008311134/tools/bin/../lib/gcc/arm-none-eabi/9.2.1/../../../../arm-none-eabi/lib/thumb/v7-m/nofp\libc_nano.a(lib_a-lock.o)
                0x00015f80                __retarget_lock_release_recursive
 .text._malloc_usable_size_r
                0x00015f82       0x10 c:/nxp/mcuxpressoide_11.2.1_4149/ide/plugins/com.nxp.mcuxpresso.tools.win32_11.2.0.202008311134/tools/bin/../lib/gcc/arm-none-eabi/9.2.1/../../../../arm-none-eabi/lib/thumb/v7-m/nofp\libc_nano.a(lib_a-nano-msizer.o)
                0x00015f82                _malloc_usable_size_r
 *fill*         0x00015f92        0x2 ff
 .text._sbrk    0x00015f94       0x3c c:/nxp/mcuxpressoide_11.2.1_4149/ide/plugins/com.nxp.mcuxpresso.tools.win32_11.2.0.202008311134/tools/bin/../lib/gcc/arm-none-eabi/9.2.1/../../../../arm-none-eabi/lib/thumb/v7-m/nofp\libcr_newlib_none.a(_cr_sbrk.o)
                0x00015f94                _sbrk
 .text.__check_heap_overflow
                0x00015fd0       0x14 c:/nxp/mcuxpressoide_11.2.1_4149/ide/plugins/com.nxp.mcuxpresso.tools.win32_11.2.0.202008311134/tools/bin/../lib/gcc/arm-none-eabi/9.2.1/../../../../arm-none-eabi/lib/thumb/v7-m/nofp\libcr_newlib_none.a(_cr_check_heap.o)
                0x00015fd0                __check_heap_overflow
 .text          0x00015fe4      0x424 c:/nxp/mcuxpressoide_11.2.1_4149/ide/plugins/com.nxp.mcuxpresso.tools.win32_11.2.0.202008311134/tools/bin/../lib/gcc/arm-none-eabi/9.2.1/thumb/v7-m/nofp\libgcc.a(_arm_muldivdf3.o)
                0x00015fe4                __aeabi_dmul
                0x00015fe4                __muldf3
                0x00016238                __divdf3
                0x00016238                __aeabi_ddiv
 .text          0x00016408      0x110 c:/nxp/mcuxpressoide_11.2.1_4149/ide/plugins/com.nxp.mcuxpresso.tools.win32_11.2.0.202008311134/tools/bin/../lib/gcc/arm-none-eabi/9.2.1/thumb/v7-m/nofp\libgcc.a(_arm_cmpdf2.o)
                0x00016408                __gtdf2
                0x00016408                __gedf2
                0x00016410                __ltdf2
                0x00016410                __ledf2
                0x00016418                __nedf2
                0x00016418                __eqdf2
                0x00016418                __cmpdf2
                0x00016494                __aeabi_cdrcmple
                0x000164a4                __aeabi_cdcmpeq
                0x000164a4                __aeabi_cdcmple
                0x000164b4                __aeabi_dcmpeq
                0x000164c8                __aeabi_dcmplt
                0x000164dc                __aeabi_dcmple
                0x000164f0                __aeabi_dcmpge
                0x00016504                __aeabi_dcmpgt
 .text          0x00016518       0x2c c:/nxp/mcuxpressoide_11.2.1_4149/ide/plugins/com.nxp.mcuxpresso.tools.win32_11.2.0.202008311134/tools/bin/../lib/gcc/arm-none-eabi/9.2.1/thumb/v7-m/nofp\libgcc.a(_arm_unorddf2.o)
                0x00016518                __unorddf2
                0x00016518                __aeabi_dcmpun
 .text          0x00016544       0x50 c:/nxp/mcuxpressoide_11.2.1_4149/ide/plugins/com.nxp.mcuxpresso.tools.win32_11.2.0.202008311134/tools/bin/../lib/gcc/arm-none-eabi/9.2.1/thumb/v7-m/nofp\libgcc.a(_arm_fixdfsi.o)
                0x00016544                __aeabi_d2iz
                0x00016544                __fixdfsi
 .text.__errno  0x00016594        0xc c:/nxp/mcuxpressoide_11.2.1_4149/ide/plugins/com.nxp.mcuxpresso.tools.win32_11.2.0.202008311134/tools/bin/../lib/gcc/arm-none-eabi/9.2.1/../../../../arm-none-eabi/lib/thumb/v7-m/nofp\libc_nano.a(lib_a-errno.o)
                0x00016594                __errno
 *(.rodata .rodata.* .constdata .constdata.*)
 .rodata        0x000165a0        0xf ./src/IA_2021_V0.o
 *fill*         0x000165af        0x1 ff
 .rodata        0x000165b0       0x1f ./src/Init.o
 *fill*         0x000165cf        0x1 ff
 .rodata        0x000165d0       0x29 ./freertos/src/FreeRTOSCommonHooks.o
 *fill*         0x000165f9        0x3 ff
 .rodata.vTaskStartScheduler.str1.4
                0x000165fc        0x5 ./freertos/src/tasks.o
 *fill*         0x00016601        0x3 ff
 .rodata.prvCheckForValidListAndQueue.str1.4
                0x00016604        0x5 ./freertos/src/timers.o
 *fill*         0x00016609        0x3 ff
 .rodata.xTimerCreateTimerTask.str1.4
                0x0001660c        0x8 ./freertos/src/timers.o
 .rodata        0x00016614       0x7b ./Strategie/Strategie.o
 *fill*         0x0001668f        0x1 ff
 .rodata        0x00016690       0x25 ./Communication/0_Communication.o
 *fill*         0x000166b5        0x3 ff
 .rodata        0x000166b8       0x30 ./Communication/1_Trame_Communication.o
 .rodata        0x000166e8       0xbd ./Communication/2_Echange_Datas.o
 *fill*         0x000167a5        0x3 ff
 .rodata.MainOscPLL0conf_12
                0x000167a8       0xf0 D:\Developpement_Robot\Robotic-System\trunk\Workspaces\MultiWorkSpaces_2021\0_lpc_chip_175x_6x\Release\lib0_lpc_chip_175x_6x.a(sysinit_17xx_40xx.o)
 .rodata.MainOscPLL0conf_16
                0x00016898       0xb0 D:\Developpement_Robot\Robotic-System\trunk\Workspaces\MultiWorkSpaces_2021\0_lpc_chip_175x_6x\Release\lib0_lpc_chip_175x_6x.a(sysinit_17xx_40xx.o)
 .rodata.RTCOscRateIn
                0x00016948        0x4 D:\Developpement_Robot\Robotic-System\trunk\Workspaces\MultiWorkSpaces_2021\0_lpc_board_nxp_lpcxpresso_1769\Release\lib0_lpc_board_nxp_lpcxpresso_1769.a(board.o)
                0x00016948                RTCOscRateIn
 .rodata._printf_float.str1.1
                0x0001694c       0x12 c:/nxp/mcuxpressoide_11.2.1_4149/ide/plugins/com.nxp.mcuxpresso.tools.win32_11.2.0.202008311134/tools/bin/../lib/gcc/arm-none-eabi/9.2.1/../../../../arm-none-eabi/lib/thumb/v7-m/nofp\libc_nano.a(lib_a-nano-vfprintf_float.o)
 .rodata._printf_i.str1.1
                0x0001695e       0x22 c:/nxp/mcuxpressoide_11.2.1_4149/ide/plugins/com.nxp.mcuxpresso.tools.win32_11.2.0.202008311134/tools/bin/../lib/gcc/arm-none-eabi/9.2.1/../../../../arm-none-eabi/lib/thumb/v7-m/nofp\libc_nano.a(lib_a-nano-vfprintf_i.o)
 .rodata._dtoa_r.str1.1
                0x00016980        0xd c:/nxp/mcuxpressoide_11.2.1_4149/ide/plugins/com.nxp.mcuxpresso.tools.win32_11.2.0.202008311134/tools/bin/../lib/gcc/arm-none-eabi/9.2.1/../../../../arm-none-eabi/lib/thumb/v7-m/nofp\libc_nano.a(lib_a-dtoa.o)
                                  0xf (size before relaxing)
 *fill*         0x0001698d        0x3 ff
 .rodata.__mprec_bigtens
                0x00016990       0x28 c:/nxp/mcuxpressoide_11.2.1_4149/ide/plugins/com.nxp.mcuxpresso.tools.win32_11.2.0.202008311134/tools/bin/../lib/gcc/arm-none-eabi/9.2.1/../../../../arm-none-eabi/lib/thumb/v7-m/nofp\libc_nano.a(lib_a-mprec.o)
                0x00016990                __mprec_bigtens
 .rodata.__mprec_tens
                0x000169b8       0xc8 c:/nxp/mcuxpressoide_11.2.1_4149/ide/plugins/com.nxp.mcuxpresso.tools.win32_11.2.0.202008311134/tools/bin/../lib/gcc/arm-none-eabi/9.2.1/../../../../arm-none-eabi/lib/thumb/v7-m/nofp\libc_nano.a(lib_a-mprec.o)
                0x000169b8                __mprec_tens
 .rodata.p05.6127
                0x00016a80        0xc c:/nxp/mcuxpressoide_11.2.1_4149/ide/plugins/com.nxp.mcuxpresso.tools.win32_11.2.0.202008311134/tools/bin/../lib/gcc/arm-none-eabi/9.2.1/../../../../arm-none-eabi/lib/thumb/v7-m/nofp\libc_nano.a(lib_a-mprec.o)
 .rodata._svfprintf_r.str1.1
                0x00016a8c       0x11 c:/nxp/mcuxpressoide_11.2.1_4149/ide/plugins/com.nxp.mcuxpresso.tools.win32_11.2.0.202008311134/tools/bin/../lib/gcc/arm-none-eabi/9.2.1/../../../../arm-none-eabi/lib/thumb/v7-m/nofp\libc_nano.a(lib_a-nano-svfprintf.o)
 .rodata._setlocale_r.str1.1
                0x00016a9d        0x8 c:/nxp/mcuxpressoide_11.2.1_4149/ide/plugins/com.nxp.mcuxpresso.tools.win32_11.2.0.202008311134/tools/bin/../lib/gcc/arm-none-eabi/9.2.1/../../../../arm-none-eabi/lib/thumb/v7-m/nofp\libc_nano.a(lib_a-locale.o)
                                  0x9 (size before relaxing)
 .rodata.str1.1
                0x00016aa5        0x2 c:/nxp/mcuxpressoide_11.2.1_4149/ide/plugins/com.nxp.mcuxpresso.tools.win32_11.2.0.202008311134/tools/bin/../lib/gcc/arm-none-eabi/9.2.1/../../../../arm-none-eabi/lib/thumb/v7-m/nofp\libc_nano.a(lib_a-locale.o)
 .rodata._ctype_
                0x00016aa7      0x101 c:/nxp/mcuxpressoide_11.2.1_4149/ide/plugins/com.nxp.mcuxpresso.tools.win32_11.2.0.202008311134/tools/bin/../lib/gcc/arm-none-eabi/9.2.1/../../../../arm-none-eabi/lib/thumb/v7-m/nofp\libc_nano.a(lib_a-ctype_.o)
                0x00016aa7                _ctype_
                0x00016ba8                . = ALIGN (0x4)

.glue_7         0x00016ba8        0x0
 .glue_7        0x00016ba8        0x0 linker stubs

.glue_7t        0x00016ba8        0x0
 .glue_7t       0x00016ba8        0x0 linker stubs

.vfp11_veneer   0x00016ba8        0x0
 .vfp11_veneer  0x00016ba8        0x0 linker stubs

.v4_bx          0x00016ba8        0x0
 .v4_bx         0x00016ba8        0x0 linker stubs

.iplt           0x00016ba8        0x0
 .iplt          0x00016ba8        0x0 ./src/IA_2021_V0.o

.rel.dyn        0x00016ba8        0x0
 .rel.iplt      0x00016ba8        0x0 ./src/IA_2021_V0.o

.ARM.extab
 *(.ARM.extab* .gnu.linkonce.armextab.*)

.ARM.exidx      0x00016ba8        0x0
                0x00016ba8                __exidx_start = .
 *(.ARM.exidx* .gnu.linkonce.armexidx.*)
                0x00016ba8                __exidx_end = .
                0x00016ba8                _etext = .

.data_RAM2      0x2007c000        0x0 load address 0x00016ba8
 FILL mask 0xff
                [!provide]                PROVIDE (__start_data_RAM2 = .)
                [!provide]                PROVIDE (__start_data_Ram_USB = .)
 *(.ramfunc.$RAM2)
 *(.ramfunc.$Ram_USB)
 *(.data.$RAM2)
 *(.data.$Ram_USB)
 *(.data.$RAM2.*)
 *(.data.$Ram_USB.*)
                0x2007c000                . = ALIGN (0x4)
                [!provide]                PROVIDE (__end_data_RAM2 = .)
                [!provide]                PROVIDE (__end_data_Ram_USB = .)

.data_RAM3      0x2007c800        0x0 load address 0x00016ba8
 FILL mask 0xff
                [!provide]                PROVIDE (__start_data_RAM3 = .)
                [!provide]                PROVIDE (__start_data_RAM3 = .)
 *(.ramfunc.$RAM3)
 *(.ramfunc.$RAM3)
 *(.data.$RAM3)
 *(.data.$RAM3)
 *(.data.$RAM3.*)
 *(.data.$RAM3.*)
                0x2007c800                . = ALIGN (0x4)
                [!provide]                PROVIDE (__end_data_RAM3 = .)
                [!provide]                PROVIDE (__end_data_RAM3 = .)

.uninit_RESERVED
                0x10000000        0x0
                0x10000000                _start_uninit_RESERVED = .
 *(.bss.$RESERVED*)
                0x10000000                . = ALIGN (0x4)
                0x10000000                _end_uninit_RESERVED = .

.data           0x10000000      0x1e8 load address 0x00016ba8
 FILL mask 0xff
                0x10000000                _data = .
                [!provide]                PROVIDE (__start_data_RAM = .)
                [!provide]                PROVIDE (__start_data_RamLoc32 = .)
 *(vtable)
 *(.ramfunc*)
 *(CodeQuickAccess)
 *(DataQuickAccess)
 *(RamFunction)
 *(.data*)
 .data.xHeapRegions
                0x10000000       0x10 ./src/IA_2021_V0.o
 .data.uxCriticalNesting
                0x10000010        0x4 ./freertos/src/port.o
 .data.OscRateIn
                0x10000014        0x4 D:\Developpement_Robot\Robotic-System\trunk\Workspaces\MultiWorkSpaces_2021\0_lpc_board_nxp_lpcxpresso_1769\Release\lib0_lpc_board_nxp_lpcxpresso_1769.a(board.o)
                0x10000014                OscRateIn
 .data._impure_ptr
                0x10000018        0x4 c:/nxp/mcuxpressoide_11.2.1_4149/ide/plugins/com.nxp.mcuxpresso.tools.win32_11.2.0.202008311134/tools/bin/../lib/gcc/arm-none-eabi/9.2.1/../../../../arm-none-eabi/lib/thumb/v7-m/nofp\libc_nano.a(lib_a-impure.o)
                0x10000018                _impure_ptr
 .data.impure_data
                0x1000001c       0x60 c:/nxp/mcuxpressoide_11.2.1_4149/ide/plugins/com.nxp.mcuxpresso.tools.win32_11.2.0.202008311134/tools/bin/../lib/gcc/arm-none-eabi/9.2.1/../../../../arm-none-eabi/lib/thumb/v7-m/nofp\libc_nano.a(lib_a-impure.o)
 .data.__global_locale
                0x1000007c      0x16c c:/nxp/mcuxpressoide_11.2.1_4149/ide/plugins/com.nxp.mcuxpresso.tools.win32_11.2.0.202008311134/tools/bin/../lib/gcc/arm-none-eabi/9.2.1/../../../../arm-none-eabi/lib/thumb/v7-m/nofp\libc_nano.a(lib_a-locale.o)
                0x1000007c                __global_locale
                0x100001e8                . = ALIGN (0x4)
                0x100001e8                _edata = .
                [!provide]                PROVIDE (__end_data_RAM = .)
                [!provide]                PROVIDE (__end_data_RamLoc32 = .)

.igot.plt       0x100001e8        0x0 load address 0x00016d90
 .igot.plt      0x100001e8        0x0 ./src/IA_2021_V0.o

.bss_RAM2       0x2007c000        0x0
                [!provide]                PROVIDE (__start_bss_RAM2 = .)
                [!provide]                PROVIDE (__start_bss_Ram_USB = .)
 *(.bss.$RAM2)
 *(.bss.$Ram_USB)
 *(.bss.$RAM2.*)
 *(.bss.$Ram_USB.*)
                0x2007c000                . = ALIGN ((. != 0x0)?0x4:0x1)
                [!provide]                PROVIDE (__end_bss_RAM2 = .)
                [!provide]                PROVIDE (__end_bss_Ram_USB = .)

.bss_RAM3       0x2007c800     0x380c
                [!provide]                PROVIDE (__start_bss_RAM3 = .)
                [!provide]                PROVIDE (__start_bss_RAM3 = .)
 *(.bss.$RAM3)
 .bss.$RAM3     0x2007c800      0x19e ./freertos/src/FreeRTOSCommonHooks.o
 *fill*         0x2007c99e        0x2 
 .bss.$RAM3     0x2007c9a0       0xc8 ./Strategie/Strategie_Level0/0_Infos.o
 .bss.$RAM3     0x2007ca68      0x480 ./Communication/0_Communication.o
 .bss.$RAM3     0x2007cee8       0x93 ./Communication/1_Trame_Communication.o
 *fill*         0x2007cf7b        0x1 
 .bss.$RAM3     0x2007cf7c       0x46 ./Communication/2_Echange_Data_Strategie.o
 *fill*         0x2007cfc2        0x2 
 .bss.$RAM3     0x2007cfc4       0x46 ./Communication/2_Echange_Datas.o
 *(.bss.$RAM3)
 *(.bss.$RAM3.*)
 *fill*         0x2007d00a        0x2 
 .bss.$RAM3.    0x2007d00c     0x3000 ./src/IA_2021_V0.o
 *(.bss.$RAM3.*)
                0x2008000c                . = ALIGN ((. != 0x0)?0x4:0x1)
                [!provide]                PROVIDE (__end_bss_RAM3 = .)
                [!provide]                PROVIDE (__end_bss_RAM3 = .)

.bss            0x100001e8      0x630
                0x100001e8                _bss = .
                [!provide]                PROVIDE (__start_bss_RAM = .)
                [!provide]                PROVIDE (__start_bss_RamLoc32 = .)
 *(.bss*)
 .bss.pxEnd     0x100001e8        0x4 ./freertos/src/heap_5.o
 .bss.xBlockAllocatedBit
                0x100001ec        0x4 ./freertos/src/heap_5.o
 .bss.xFreeBytesRemaining
                0x100001f0        0x4 ./freertos/src/heap_5.o
 .bss.xMinimumEverFreeBytesRemaining
                0x100001f4        0x4 ./freertos/src/heap_5.o
 .bss.xNumberOfSuccessfulAllocations
                0x100001f8        0x4 ./freertos/src/heap_5.o
 .bss.xNumberOfSuccessfulFrees
                0x100001fc        0x4 ./freertos/src/heap_5.o
 .bss.xStart    0x10000200        0x8 ./freertos/src/heap_5.o
 .bss.xQueueRegistry
                0x10000208       0x50 ./freertos/src/queue.o
                0x10000208                xQueueRegistry
 .bss.pxCurrentTCB
                0x10000258        0x4 ./freertos/src/tasks.o
                0x10000258                pxCurrentTCB
 .bss.pxDelayedTaskList
                0x1000025c        0x4 ./freertos/src/tasks.o
 .bss.pxOverflowDelayedTaskList
                0x10000260        0x4 ./freertos/src/tasks.o
 .bss.pxReadyTasksLists
                0x10000264       0x64 ./freertos/src/tasks.o
 .bss.uxCurrentNumberOfTasks
                0x100002c8        0x4 ./freertos/src/tasks.o
 .bss.uxDeletedTasksWaitingCleanUp
                0x100002cc        0x4 ./freertos/src/tasks.o
 .bss.uxSchedulerSuspended
                0x100002d0        0x4 ./freertos/src/tasks.o
 .bss.uxTaskNumber
                0x100002d4        0x4 ./freertos/src/tasks.o
 .bss.uxTopReadyPriority
                0x100002d8        0x4 ./freertos/src/tasks.o
 .bss.xDelayedTaskList1
                0x100002dc       0x14 ./freertos/src/tasks.o
 .bss.xDelayedTaskList2
                0x100002f0       0x14 ./freertos/src/tasks.o
 .bss.xIdleTaskHandle
                0x10000304        0x4 ./freertos/src/tasks.o
 .bss.xNextTaskUnblockTime
                0x10000308        0x4 ./freertos/src/tasks.o
 .bss.xNumOfOverflows
                0x1000030c        0x4 ./freertos/src/tasks.o
 .bss.xPendedTicks
                0x10000310        0x4 ./freertos/src/tasks.o
 .bss.xPendingReadyList
                0x10000314       0x14 ./freertos/src/tasks.o
 .bss.xSchedulerRunning
                0x10000328        0x4 ./freertos/src/tasks.o
 .bss.xSuspendedTaskList
                0x1000032c       0x14 ./freertos/src/tasks.o
 .bss.xTasksWaitingTermination
                0x10000340       0x14 ./freertos/src/tasks.o
 .bss.xTickCount
                0x10000354        0x4 ./freertos/src/tasks.o
 .bss.xYieldPending
                0x10000358        0x4 ./freertos/src/tasks.o
 .bss.pxCurrentTimerList
                0x1000035c        0x4 ./freertos/src/timers.o
 .bss.pxOverflowTimerList
                0x10000360        0x4 ./freertos/src/timers.o
 .bss.xActiveTimerList1
                0x10000364       0x14 ./freertos/src/timers.o
 .bss.xActiveTimerList2
                0x10000378       0x14 ./freertos/src/timers.o
 .bss.xLastTime.9167
                0x1000038c        0x4 ./freertos/src/timers.o
 .bss.xTimerQueue
                0x10000390        0x4 ./freertos/src/timers.o
 .bss.xTimerTaskHandle
                0x10000394        0x4 ./freertos/src/timers.o
 .bss._0_Deplacement_EventGroup
                0x10000398        0x4 ./Strategie/Strategie_Level0/Deplacement/0_Deplacements.o
                0x10000398                _0_Deplacement_EventGroup
 .bss.Actions_2021
                0x1000039c      0x244 ./Strategie/Strategie.o
                0x1000039c                Actions_2021
 .bss.Strategie_Choisie
                0x100005e0        0x1 ./Strategie/Strategie.o
                0x100005e0                Strategie_Choisie
 *fill*         0x100005e1        0x3 
 .bss.Temps_Match
                0x100005e4        0x4 ./Strategie/Strategie.o
                0x100005e4                Temps_Match
 .bss.ADCSetup  0x100005e8        0x8 ./Level_0/Drivers/0_ADC/0_ADC.o
 .bss.Message.11382
                0x100005f0       0x4d ./Communication/0_Communication.o
 *fill*         0x1000063d        0x3 
 .bss._1_xQueue_Message_TO_Send
                0x10000640        0x4 ./Communication/0_Communication.o
                0x10000640                _1_xQueue_Message_TO_Send
 .bss.already_flaged.11302
                0x10000644        0x1 ./Communication/0_Communication.o
 .bss.already_flaged.11307
                0x10000645        0x1 ./Communication/0_Communication.o
 *fill*         0x10000646        0x2 
 .bss.g_txBuff.11383
                0x10000648       0x80 ./Communication/0_Communication.o
 .bss.rxring_RS485
                0x100006c8       0x14 ./Communication/0_Communication.o
                0x100006c8                rxring_RS485
 .bss.rxring_XBEE
                0x100006dc       0x14 ./Communication/0_Communication.o
                0x100006dc                rxring_XBEE
 .bss.txring    0x100006f0       0x14 ./Communication/0_Communication.o
                0x100006f0                txring
 .bss._0_ACK_Adresses
                0x10000704        0x4 ./Communication/0_Event_Group.o
                0x10000704                _0_ACK_Adresses
 .bss._0_ACK_Type_EventGroup
                0x10000708        0x4 ./Communication/0_Event_Group.o
                0x10000708                _0_ACK_Type_EventGroup
 .bss._0_Comm_EventGroup
                0x1000070c        0x4 ./Communication/0_Event_Group.o
                0x1000070c                _0_Comm_EventGroup
 .bss._0_Status_EventGroup
                0x10000710        0x4 ./Communication/0_Event_Group.o
                0x10000710                _0_Status_EventGroup
 .bss.Nb_Erreurs_com
                0x10000714        0x4 ./Communication/1_Trame_Communication.o
                0x10000714                Nb_Erreurs_com
 .bss.Nb_Messages_recus
                0x10000718        0x4 ./Communication/1_Trame_Communication.o
                0x10000718                Nb_Messages_recus
 .bss.str.10393
                0x1000071c       0x46 ./Communication/1_Trame_Communication.o
 *fill*         0x10000762        0x2 
 .bss.log_message
                0x10000764       0x3e ./Communication/2_Echange_Datas.o
 .bss.release_sent
                0x100007a2        0x1 ./Communication/2_Echange_Datas.o
                0x100007a2                release_sent
 *fill*         0x100007a3        0x1 
 .bss.str       0x100007a4       0x46 ./Communication/2_Echange_Datas.o
 *fill*         0x100007ea        0x2 
 .bss.Nb_Messages_Interpretes
                0x100007ec        0x4 ./Communication/2_Echange_Datas_Reception.o
 .bss.Nb_PONG_recus
                0x100007f0        0x4 ./Communication/2_Echange_Datas_Reception.o
                0x100007f0                Nb_PONG_recus
 .bss.ABsyncSts
                0x100007f4        0x1 D:\Developpement_Robot\Robotic-System\trunk\Workspaces\MultiWorkSpaces_2021\0_lpc_chip_175x_6x\Release\lib0_lpc_chip_175x_6x.a(uart_17xx_40xx.o)
 *fill*         0x100007f5        0x3 
 .bss.__malloc_free_list
                0x100007f8        0x4 c:/nxp/mcuxpressoide_11.2.1_4149/ide/plugins/com.nxp.mcuxpresso.tools.win32_11.2.0.202008311134/tools/bin/../lib/gcc/arm-none-eabi/9.2.1/../../../../arm-none-eabi/lib/thumb/v7-m/nofp\libc_nano.a(lib_a-nano-mallocr.o)
                0x100007f8                __malloc_free_list
 .bss.__malloc_sbrk_start
                0x100007fc        0x4 c:/nxp/mcuxpressoide_11.2.1_4149/ide/plugins/com.nxp.mcuxpresso.tools.win32_11.2.0.202008311134/tools/bin/../lib/gcc/arm-none-eabi/9.2.1/../../../../arm-none-eabi/lib/thumb/v7-m/nofp\libc_nano.a(lib_a-nano-mallocr.o)
                0x100007fc                __malloc_sbrk_start
 .bss.__end_of_heap
                0x10000800        0x4 c:/nxp/mcuxpressoide_11.2.1_4149/ide/plugins/com.nxp.mcuxpresso.tools.win32_11.2.0.202008311134/tools/bin/../lib/gcc/arm-none-eabi/9.2.1/../../../../arm-none-eabi/lib/thumb/v7-m/nofp\libcr_newlib_none.a(_cr_sbrk.o)
                0x10000800                __end_of_heap
 *(COMMON)
 COMMON         0x10000804        0x4 D:\Developpement_Robot\Robotic-System\trunk\Workspaces\MultiWorkSpaces_2021\0_lpc_chip_175x_6x\Release\lib0_lpc_chip_175x_6x.a(chip_17xx_40xx.o)
                0x10000804                SystemCoreClock
 COMMON         0x10000808        0x4 c:/nxp/mcuxpressoide_11.2.1_4149/ide/plugins/com.nxp.mcuxpresso.tools.win32_11.2.0.202008311134/tools/bin/../lib/gcc/arm-none-eabi/9.2.1/../../../../arm-none-eabi/lib/thumb/v7-m/nofp\libc_nano.a(lib_a-reent.o)
                0x10000808                errno
 COMMON         0x1000080c        0x9 c:/nxp/mcuxpressoide_11.2.1_4149/ide/plugins/com.nxp.mcuxpresso.tools.win32_11.2.0.202008311134/tools/bin/../lib/gcc/arm-none-eabi/9.2.1/../../../../arm-none-eabi/lib/thumb/v7-m/nofp\libc_nano.a(lib_a-lock.o)
                0x1000080c                __lock___atexit_recursive_mutex
                0x1000080d                __lock___arc4random_mutex
                0x1000080e                __lock___env_recursive_mutex
                0x1000080f                __lock___sinit_recursive_mutex
                0x10000810                __lock___malloc_recursive_mutex
                0x10000811                __lock___at_quick_exit_mutex
                0x10000812                __lock___dd_hash_mutex
                0x10000813                __lock___tz_mutex
                0x10000814                __lock___sfp_recursive_mutex
                0x10000818                . = ALIGN (0x4)
 *fill*         0x10000815        0x3 
                0x10000818                _ebss = .
                [!provide]                PROVIDE (__end_bss_RAM = .)
                [!provide]                PROVIDE (__end_bss_RamLoc32 = .)
                [!provide]                PROVIDE (end = .)

.noinit_RAM2    0x2007c000        0x0
                [!provide]                PROVIDE (__start_noinit_RAM2 = .)
                [!provide]                PROVIDE (__start_noinit_Ram_USB = .)
 *(.noinit.$RAM2)
 *(.noinit.$Ram_USB)
 *(.noinit.$RAM2.*)
 *(.noinit.$Ram_USB.*)
                0x2007c000                . = ALIGN (0x4)
                [!provide]                PROVIDE (__end_noinit_RAM2 = .)
                [!provide]                PROVIDE (__end_noinit_Ram_USB = .)

.noinit_RAM3    0x2008000c        0x0
                [!provide]                PROVIDE (__start_noinit_RAM3 = .)
                [!provide]                PROVIDE (__start_noinit_RAM3 = .)
 *(.noinit.$RAM3)
 *(.noinit.$RAM3)
 *(.noinit.$RAM3.*)
 *(.noinit.$RAM3.*)
                0x2008000c                . = ALIGN (0x4)
                [!provide]                PROVIDE (__end_noinit_RAM3 = .)
                [!provide]                PROVIDE (__end_noinit_RAM3 = .)

.noinit         0x10000818        0x0
                0x10000818                _noinit = .
                [!provide]                PROVIDE (__start_noinit_RAM = .)
                [!provide]                PROVIDE (__start_noinit_RamLoc32 = .)
 *(.noinit*)
                0x10000818                . = ALIGN (0x4)
                0x10000818                _end_noinit = .
                [!provide]                PROVIDE (__end_noinit_RAM = .)
                [!provide]                PROVIDE (__end_noinit_RamLoc32 = .)
                0x10000818                PROVIDE (_pvHeapStart = DEFINED (__user_heap_base)?__user_heap_base:.)
                0x10008000                PROVIDE (_vStackTop = DEFINED (__user_stack_top)?__user_stack_top:(__top_RamLoc32 - 0x0))
                [!provide]                PROVIDE (__valid_user_code_checksum = (0x0 - ((((((_vStackTop + (ResetISR + 0x1)) + (NMI_Handler + 0x1)) + (HardFault_Handler + 0x1)) + (DEFINED (MemManage_Handler)?MemManage_Handler:0x0 + 0x1)) + (DEFINED (BusFault_Handler)?BusFault_Handler:0x0 + 0x1)) + (DEFINED (UsageFault_Handler)?UsageFault_Handler:0x0 + 0x1))))
                0x00010000                _image_start = LOADADDR (.text)
                0x00016d90                _image_end = (LOADADDR (.data) + SIZEOF (.data))
                0x00006d90                _image_size = (_image_end - _image_start)
OUTPUT(IA_2021_V0.axf elf32-littlearm)

.debug_info     0x00000000    0x2a86f
 .debug_info    0x00000000     0x28f8 ./src/IA_2021_V0.o
 .debug_info    0x000028f8     0x153c ./src/Init.o
 .debug_info    0x00003e34      0x2e9 ./src/cr_startup_lpc175x_6x.o
 .debug_info    0x0000411d       0x3c ./src/crp.o
 .debug_info    0x00004159      0x9d6 ./src/sysinit.o
 .debug_info    0x00004b2f     0x15bf ./src/test.o
 .debug_info    0x000060ee     0x14a6 ./freertos/src/FreeRTOSCommonHooks.o
 .debug_info    0x00007594     0x133d ./freertos/src/event_groups.o
 .debug_info    0x000088d1      0xebb ./freertos/src/heap_5.o
 .debug_info    0x0000978c      0xbeb ./freertos/src/list.o
 .debug_info    0x0000a377      0xd07 ./freertos/src/port.o
 .debug_info    0x0000b07e     0x2528 ./freertos/src/queue.o
 .debug_info    0x0000d5a6     0x2e5a ./freertos/src/tasks.o
 .debug_info    0x00010400     0x1c75 ./freertos/src/timers.o
 .debug_info    0x00012075     0x1743 ./Strategie/Strategie_Level0/Deplacement/0_Deplacements.o
 .debug_info    0x000137b8      0xdee ./Strategie/Strategie_Level0/0_Infos.o
 .debug_info    0x000145a6      0xdc2 ./Strategie/Strategie_Level0/Strategie_Actions.o
 .debug_info    0x00015368     0x154f ./Strategie/Strategie.o
 .debug_info    0x000168b7     0x1038 ./Level_0/Drivers/0_ADC/0_ADC.o
 .debug_info    0x000178ef     0x101c ./Communication/RS485/0_RS485.o
 .debug_info    0x0001890b     0x399e ./Communication/0_Communication.o
 .debug_info    0x0001c2a9      0xb0d ./Communication/0_Event_Group.o
 .debug_info    0x0001cdb6     0x1c27 ./Communication/1_Trame_Communication.o
 .debug_info    0x0001e9dd     0x11b9 ./Communication/2_Echange_Data_Strategie.o
 .debug_info    0x0001fb96     0x28a8 ./Communication/2_Echange_Datas.o
 .debug_info    0x0002243e     0x11b8 ./Communication/2_Echange_Datas_Reception.o
 .debug_info    0x000235f6      0xb52 D:\Developpement_Robot\Robotic-System\trunk\Workspaces\MultiWorkSpaces_2021\0_lpc_chip_175x_6x\Release\lib0_lpc_chip_175x_6x.a(adc_17xx_40xx.o)
 .debug_info    0x00024148      0x642 D:\Developpement_Robot\Robotic-System\trunk\Workspaces\MultiWorkSpaces_2021\0_lpc_chip_175x_6x\Release\lib0_lpc_chip_175x_6x.a(chip_17xx_40xx.o)
 .debug_info    0x0002478a      0xe8f D:\Developpement_Robot\Robotic-System\trunk\Workspaces\MultiWorkSpaces_2021\0_lpc_chip_175x_6x\Release\lib0_lpc_chip_175x_6x.a(clock_17xx_40xx.o)
 .debug_info    0x00025619      0x63f D:\Developpement_Robot\Robotic-System\trunk\Workspaces\MultiWorkSpaces_2021\0_lpc_chip_175x_6x\Release\lib0_lpc_chip_175x_6x.a(ring_buffer.o)
 .debug_info    0x00025c58      0x89e D:\Developpement_Robot\Robotic-System\trunk\Workspaces\MultiWorkSpaces_2021\0_lpc_chip_175x_6x\Release\lib0_lpc_chip_175x_6x.a(sysinit_17xx_40xx.o)
 .debug_info    0x000264f6      0x501 D:\Developpement_Robot\Robotic-System\trunk\Workspaces\MultiWorkSpaces_2021\0_lpc_chip_175x_6x\Release\lib0_lpc_chip_175x_6x.a(timer_17xx_40xx.o)
 .debug_info    0x000269f7     0x170f D:\Developpement_Robot\Robotic-System\trunk\Workspaces\MultiWorkSpaces_2021\0_lpc_chip_175x_6x\Release\lib0_lpc_chip_175x_6x.a(uart_17xx_40xx.o)
 .debug_info    0x00028106     0x2769 D:\Developpement_Robot\Robotic-System\trunk\Workspaces\MultiWorkSpaces_2021\0_lpc_board_nxp_lpcxpresso_1769\Release\lib0_lpc_board_nxp_lpcxpresso_1769.a(board.o)

.debug_abbrev   0x00000000     0x66e1
 .debug_abbrev  0x00000000      0x38d ./src/IA_2021_V0.o
 .debug_abbrev  0x0000038d      0x2d3 ./src/Init.o
 .debug_abbrev  0x00000660      0x134 ./src/cr_startup_lpc175x_6x.o
 .debug_abbrev  0x00000794       0x35 ./src/crp.o
 .debug_abbrev  0x000007c9      0x1c9 ./src/sysinit.o
 .debug_abbrev  0x00000992      0x375 ./src/test.o
 .debug_abbrev  0x00000d07      0x3e3 ./freertos/src/FreeRTOSCommonHooks.o
 .debug_abbrev  0x000010ea      0x344 ./freertos/src/event_groups.o
 .debug_abbrev  0x0000142e      0x2ee ./freertos/src/heap_5.o
 .debug_abbrev  0x0000171c      0x20b ./freertos/src/list.o
 .debug_abbrev  0x00001927      0x334 ./freertos/src/port.o
 .debug_abbrev  0x00001c5b      0x3cf ./freertos/src/queue.o
 .debug_abbrev  0x0000202a      0x3d6 ./freertos/src/tasks.o
 .debug_abbrev  0x00002400      0x347 ./freertos/src/timers.o
 .debug_abbrev  0x00002747      0x35a ./Strategie/Strategie_Level0/Deplacement/0_Deplacements.o
 .debug_abbrev  0x00002aa1      0x2a1 ./Strategie/Strategie_Level0/0_Infos.o
 .debug_abbrev  0x00002d42      0x280 ./Strategie/Strategie_Level0/Strategie_Actions.o
 .debug_abbrev  0x00002fc2      0x352 ./Strategie/Strategie.o
 .debug_abbrev  0x00003314      0x2ff ./Level_0/Drivers/0_ADC/0_ADC.o
 .debug_abbrev  0x00003613      0x2b0 ./Communication/RS485/0_RS485.o
 .debug_abbrev  0x000038c3      0x528 ./Communication/0_Communication.o
 .debug_abbrev  0x00003deb      0x1e3 ./Communication/0_Event_Group.o
 .debug_abbrev  0x00003fce      0x3fc ./Communication/1_Trame_Communication.o
 .debug_abbrev  0x000043ca      0x2a4 ./Communication/2_Echange_Data_Strategie.o
 .debug_abbrev  0x0000466e      0x408 ./Communication/2_Echange_Datas.o
 .debug_abbrev  0x00004a76      0x2b1 ./Communication/2_Echange_Datas_Reception.o
 .debug_abbrev  0x00004d27      0x302 D:\Developpement_Robot\Robotic-System\trunk\Workspaces\MultiWorkSpaces_2021\0_lpc_chip_175x_6x\Release\lib0_lpc_chip_175x_6x.a(adc_17xx_40xx.o)
 .debug_abbrev  0x00005029      0x1e7 D:\Developpement_Robot\Robotic-System\trunk\Workspaces\MultiWorkSpaces_2021\0_lpc_chip_175x_6x\Release\lib0_lpc_chip_175x_6x.a(chip_17xx_40xx.o)
 .debug_abbrev  0x00005210      0x41d D:\Developpement_Robot\Robotic-System\trunk\Workspaces\MultiWorkSpaces_2021\0_lpc_chip_175x_6x\Release\lib0_lpc_chip_175x_6x.a(clock_17xx_40xx.o)
 .debug_abbrev  0x0000562d      0x221 D:\Developpement_Robot\Robotic-System\trunk\Workspaces\MultiWorkSpaces_2021\0_lpc_chip_175x_6x\Release\lib0_lpc_chip_175x_6x.a(ring_buffer.o)
 .debug_abbrev  0x0000584e      0x294 D:\Developpement_Robot\Robotic-System\trunk\Workspaces\MultiWorkSpaces_2021\0_lpc_chip_175x_6x\Release\lib0_lpc_chip_175x_6x.a(sysinit_17xx_40xx.o)
 .debug_abbrev  0x00005ae2      0x1f9 D:\Developpement_Robot\Robotic-System\trunk\Workspaces\MultiWorkSpaces_2021\0_lpc_chip_175x_6x\Release\lib0_lpc_chip_175x_6x.a(timer_17xx_40xx.o)
 .debug_abbrev  0x00005cdb      0x4e5 D:\Developpement_Robot\Robotic-System\trunk\Workspaces\MultiWorkSpaces_2021\0_lpc_chip_175x_6x\Release\lib0_lpc_chip_175x_6x.a(uart_17xx_40xx.o)
 .debug_abbrev  0x000061c0      0x521 D:\Developpement_Robot\Robotic-System\trunk\Workspaces\MultiWorkSpaces_2021\0_lpc_board_nxp_lpcxpresso_1769\Release\lib0_lpc_board_nxp_lpcxpresso_1769.a(board.o)

.debug_loc      0x00000000     0xc954
 .debug_loc     0x00000000      0x612 ./src/IA_2021_V0.o
 .debug_loc     0x00000612      0x7aa ./src/Init.o
 .debug_loc     0x00000dbc      0x245 ./src/cr_startup_lpc175x_6x.o
 .debug_loc     0x00001001      0x143 ./src/test.o
 .debug_loc     0x00001144      0x17b ./freertos/src/FreeRTOSCommonHooks.o
 .debug_loc     0x000012bf      0x889 ./freertos/src/event_groups.o
 .debug_loc     0x00001b48      0x4be ./freertos/src/heap_5.o
 .debug_loc     0x00002006       0xad ./freertos/src/list.o
 .debug_loc     0x000020b3       0xbe ./freertos/src/port.o
 .debug_loc     0x00002171     0x1521 ./freertos/src/queue.o
 .debug_loc     0x00003692     0x1d45 ./freertos/src/tasks.o
 .debug_loc     0x000053d7      0xdc9 ./freertos/src/timers.o
 .debug_loc     0x000061a0      0x383 ./Strategie/Strategie_Level0/Deplacement/0_Deplacements.o
 .debug_loc     0x00006523       0xb9 ./Strategie/Strategie_Level0/0_Infos.o
 .debug_loc     0x000065dc      0x166 ./Strategie/Strategie_Level0/Strategie_Actions.o
 .debug_loc     0x00006742      0x347 ./Strategie/Strategie.o
 .debug_loc     0x00006a89      0x111 ./Level_0/Drivers/0_ADC/0_ADC.o
 .debug_loc     0x00006b9a      0x405 ./Communication/RS485/0_RS485.o
 .debug_loc     0x00006f9f      0x8b2 ./Communication/0_Communication.o
 .debug_loc     0x00007851      0x803 ./Communication/1_Trame_Communication.o
 .debug_loc     0x00008054      0x10a ./Communication/2_Echange_Data_Strategie.o
 .debug_loc     0x0000815e      0x98d ./Communication/2_Echange_Datas.o
 .debug_loc     0x00008aeb      0x10c ./Communication/2_Echange_Datas_Reception.o
 .debug_loc     0x00008bf7      0x581 D:\Developpement_Robot\Robotic-System\trunk\Workspaces\MultiWorkSpaces_2021\0_lpc_chip_175x_6x\Release\lib0_lpc_chip_175x_6x.a(adc_17xx_40xx.o)
 .debug_loc     0x00009178      0x57c D:\Developpement_Robot\Robotic-System\trunk\Workspaces\MultiWorkSpaces_2021\0_lpc_chip_175x_6x\Release\lib0_lpc_chip_175x_6x.a(clock_17xx_40xx.o)
 .debug_loc     0x000096f4      0x592 D:\Developpement_Robot\Robotic-System\trunk\Workspaces\MultiWorkSpaces_2021\0_lpc_chip_175x_6x\Release\lib0_lpc_chip_175x_6x.a(ring_buffer.o)
 .debug_loc     0x00009c86      0x110 D:\Developpement_Robot\Robotic-System\trunk\Workspaces\MultiWorkSpaces_2021\0_lpc_chip_175x_6x\Release\lib0_lpc_chip_175x_6x.a(sysinit_17xx_40xx.o)
 .debug_loc     0x00009d96      0x25b D:\Developpement_Robot\Robotic-System\trunk\Workspaces\MultiWorkSpaces_2021\0_lpc_chip_175x_6x\Release\lib0_lpc_chip_175x_6x.a(timer_17xx_40xx.o)
 .debug_loc     0x00009ff1      0xdc4 D:\Developpement_Robot\Robotic-System\trunk\Workspaces\MultiWorkSpaces_2021\0_lpc_chip_175x_6x\Release\lib0_lpc_chip_175x_6x.a(uart_17xx_40xx.o)
 .debug_loc     0x0000adb5     0x1b9f D:\Developpement_Robot\Robotic-System\trunk\Workspaces\MultiWorkSpaces_2021\0_lpc_board_nxp_lpcxpresso_1769\Release\lib0_lpc_board_nxp_lpcxpresso_1769.a(board.o)

.debug_aranges  0x00000000      0xe48
 .debug_aranges
                0x00000000       0x38 ./src/IA_2021_V0.o
 .debug_aranges
                0x00000038       0x50 ./src/Init.o
 .debug_aranges
                0x00000088       0x80 ./src/cr_startup_lpc175x_6x.o
 .debug_aranges
                0x00000108       0x18 ./src/crp.o
 .debug_aranges
                0x00000120       0x20 ./src/sysinit.o
 .debug_aranges
                0x00000140       0x40 ./src/test.o
 .debug_aranges
                0x00000180       0x40 ./freertos/src/FreeRTOSCommonHooks.o
 .debug_aranges
                0x000001c0       0x68 ./freertos/src/event_groups.o
 .debug_aranges
                0x00000228       0x50 ./freertos/src/heap_5.o
 .debug_aranges
                0x00000278       0x40 ./freertos/src/list.o
 .debug_aranges
                0x000002b8       0x70 ./freertos/src/port.o
 .debug_aranges
                0x00000328      0x100 ./freertos/src/queue.o
 .debug_aranges
                0x00000428      0x1d0 ./freertos/src/tasks.o
 .debug_aranges
                0x000005f8       0xd8 ./freertos/src/timers.o
 .debug_aranges
                0x000006d0       0x58 ./Strategie/Strategie_Level0/Deplacement/0_Deplacements.o
 .debug_aranges
                0x00000728       0x40 ./Strategie/Strategie_Level0/0_Infos.o
 .debug_aranges
                0x00000768       0x28 ./Strategie/Strategie_Level0/Strategie_Actions.o
 .debug_aranges
                0x00000790       0x88 ./Strategie/Strategie.o
 .debug_aranges