Archive member included to satisfy reference by file (symbol)

D:\Developpement_Robot\Robotic-System\trunk\Workspaces\MultiWorkSpaces_2021\0_lpc_chip_175x_6x\Release\lib0_lpc_chip_175x_6x.a(adc_17xx_40xx.o)
                              ./Level_0/Drivers/0_ADC/0_ADC.o (Chip_ADC_Init)
D:\Developpement_Robot\Robotic-System\trunk\Workspaces\MultiWorkSpaces_2021\0_lpc_chip_175x_6x\Release\lib0_lpc_chip_175x_6x.a(chip_17xx_40xx.o)
                              ./src/IA_2021_V0.o (SystemCoreClockUpdate)
D:\Developpement_Robot\Robotic-System\trunk\Workspaces\MultiWorkSpaces_2021\0_lpc_chip_175x_6x\Release\lib0_lpc_chip_175x_6x.a(clock_17xx_40xx.o)
                              D:\Developpement_Robot\Robotic-System\trunk\Workspaces\MultiWorkSpaces_2021\0_lpc_chip_175x_6x\Release\lib0_lpc_chip_175x_6x.a(chip_17xx_40xx.o) (Chip_Clock_EnablePLL)
D:\Developpement_Robot\Robotic-System\trunk\Workspaces\MultiWorkSpaces_2021\0_lpc_chip_175x_6x\Release\lib0_lpc_chip_175x_6x.a(ring_buffer.o)
                              ./Communication/0_Communication.o (RingBuffer_Init)
D:\Developpement_Robot\Robotic-System\trunk\Workspaces\MultiWorkSpaces_2021\0_lpc_chip_175x_6x\Release\lib0_lpc_chip_175x_6x.a(stopwatch_17xx_40xx.o)
                              ./Communication/USB/src/cdc_usb_main.o (StopWatch_Init)
D:\Developpement_Robot\Robotic-System\trunk\Workspaces\MultiWorkSpaces_2021\0_lpc_chip_175x_6x\Release\lib0_lpc_chip_175x_6x.a(sysinit_17xx_40xx.o)
                              ./src/IA_2021_V0.o (Chip_SetupXtalClocking)
D:\Developpement_Robot\Robotic-System\trunk\Workspaces\MultiWorkSpaces_2021\0_lpc_chip_175x_6x\Release\lib0_lpc_chip_175x_6x.a(timer_17xx_40xx.o)
                              ./src/IA_2021_V0.o (Chip_TIMER_Init)
D:\Developpement_Robot\Robotic-System\trunk\Workspaces\MultiWorkSpaces_2021\0_lpc_chip_175x_6x\Release\lib0_lpc_chip_175x_6x.a(uart_17xx_40xx.o)
                              ./Communication/0_Communication.o (Chip_UART_Init)
D:\Developpement_Robot\Robotic-System\trunk\Workspaces\MultiWorkSpaces_2021\0_lpc_board_nxp_lpcxpresso_1769\Release\lib0_lpc_board_nxp_lpcxpresso_1769.a(board.o)
                              ./src/IA_2021_V0.o (Set_Clock_in)
D:\Developpement_Robot\Robotic-System\trunk\Workspaces\MultiWorkSpaces_2021\0_lpc_chip_175x_6x\libs\libusbd_175x_6x_lib.a(mw_usbd_rom_api.o)
                              ./Communication/USB/src/cdc_usb_main.o (cdc_api)
D:\Developpement_Robot\Robotic-System\trunk\Workspaces\MultiWorkSpaces_2021\0_lpc_chip_175x_6x\libs\libusbd_175x_6x_lib.a(hw_usbd_ip3503.o)
                              D:\Developpement_Robot\Robotic-System\trunk\Workspaces\MultiWorkSpaces_2021\0_lpc_chip_175x_6x\libs\libusbd_175x_6x_lib.a(mw_usbd_rom_api.o) (hwUSB_GetMemSize)
D:\Developpement_Robot\Robotic-System\trunk\Workspaces\MultiWorkSpaces_2021\0_lpc_chip_175x_6x\libs\libusbd_175x_6x_lib.a(mw_usbd_cdcuser.o)
                              D:\Developpement_Robot\Robotic-System\trunk\Workspaces\MultiWorkSpaces_2021\0_lpc_chip_175x_6x\libs\libusbd_175x_6x_lib.a(mw_usbd_rom_api.o) (mwCDC_SendNotification)
D:\Developpement_Robot\Robotic-System\trunk\Workspaces\MultiWorkSpaces_2021\0_lpc_chip_175x_6x\libs\libusbd_175x_6x_lib.a(mw_usbd_core.o)
                              D:\Developpement_Robot\Robotic-System\trunk\Workspaces\MultiWorkSpaces_2021\0_lpc_chip_175x_6x\libs\libusbd_175x_6x_lib.a(mw_usbd_rom_api.o) (mwUSB_SetupStage)
D:\Developpement_Robot\Robotic-System\trunk\Workspaces\MultiWorkSpaces_2021\0_lpc_chip_175x_6x\libs\libusbd_175x_6x_lib.a(mw_usbd_dfuuser.o)
                              D:\Developpement_Robot\Robotic-System\trunk\Workspaces\MultiWorkSpaces_2021\0_lpc_chip_175x_6x\libs\libusbd_175x_6x_lib.a(mw_usbd_rom_api.o) (mwDFU_GetMemSize)
D:\Developpement_Robot\Robotic-System\trunk\Workspaces\MultiWorkSpaces_2021\0_lpc_chip_175x_6x\libs\libusbd_175x_6x_lib.a(mw_usbd_hiduser.o)
                              D:\Developpement_Robot\Robotic-System\trunk\Workspaces\MultiWorkSpaces_2021\0_lpc_chip_175x_6x\libs\libusbd_175x_6x_lib.a(mw_usbd_rom_api.o) (mwHID_GetMemSize)
D:\Developpement_Robot\Robotic-System\trunk\Workspaces\MultiWorkSpaces_2021\0_lpc_chip_175x_6x\libs\libusbd_175x_6x_lib.a(mw_usbd_mscuser.o)
                              D:\Developpement_Robot\Robotic-System\trunk\Workspaces\MultiWorkSpaces_2021\0_lpc_chip_175x_6x\libs\libusbd_175x_6x_lib.a(mw_usbd_rom_api.o) (mwMSC_GetMemSize)
c:/nxp/mcuxpressoide_11.2.1_4149/ide/plugins/com.nxp.mcuxpresso.tools.win32_11.2.0.202008311134/tools/bin/../lib/gcc/arm-none-eabi/9.2.1/thumb/v7-m/nofp\libgcc.a(_arm_mulsf3.o)
                              ./Strategie/Strategie_Level0/Deplacement/0_Deplacements.o (__aeabi_fmul)
c:/nxp/mcuxpressoide_11.2.1_4149/ide/plugins/com.nxp.mcuxpresso.tools.win32_11.2.0.202008311134/tools/bin/../lib/gcc/arm-none-eabi/9.2.1/thumb/v7-m/nofp\libgcc.a(_arm_addsubdf3.o)
                              ./Communication/2_Echange_Datas.o (__aeabi_f2d)
[...]
Memory Configuration

Name             Origin             Length             Attributes
MFlash512        0x00010000         0x00070000         xr
RamLoc32         0x10000000         0x00008000         xrw
Ram_USB          0x2007c000         0x00000800         xrw
RAM3             0x2007c800         0x00007800         xrw
*default*        0x00000000         0xffffffff

Linker script and memory map

LOAD ./src/IA_2021_V0.o
LOAD ./src/Init.o
LOAD ./src/cr_startup_lpc175x_6x.o
LOAD ./src/crp.o
LOAD ./src/sysinit.o
LOAD ./src/test.o
LOAD ./freertos/src/FreeRTOSCommonHooks.o
LOAD ./freertos/src/croutine.o
LOAD ./freertos/src/event_groups.o
LOAD ./freertos/src/heap_5.o
LOAD ./freertos/src/list.o
LOAD ./freertos/src/port.o
LOAD ./freertos/src/queue.o
LOAD ./freertos/src/stream_buffer.o
LOAD ./freertos/src/tasks.o
LOAD ./freertos/src/timers.o
LOAD ./freertos/FreeRTOS_Trace/trcHardwarePort.o
LOAD ./freertos/FreeRTOS_Trace/trcKernelPort.o
LOAD ./freertos/FreeRTOS_Trace/trcSnapshotRecorder.o
LOAD ./Strategie/Strategie_Level0/Deplacement/0_Deplacements.o
LOAD ./Strategie/Strategie_Level0/Deplacement/1_Obstacles.o
LOAD ./Strategie/Strategie_Level0/Actionneurs/0_Actionneurs.o
LOAD ./Strategie/Strategie_Level0/0_Infos.o
LOAD ./Strategie/Strategie_Level0/Strategie_Actions.o
LOAD ./Strategie/Strategie.o
LOAD ./Pathfinding/Astar/Astar.o
LOAD ./Level_0/Drivers/0_ADC/0_ADC.o
LOAD ./Communication/USB/src/cdc_desc.o
LOAD ./Communication/USB/src/cdc_usb_main.o
LOAD ./Communication/USB/src/cdc_vcom.o
LOAD ./Communication/RS485/0_RS485.o
LOAD ./Communication/0_Communication.o
LOAD ./Communication/0_Event_Group.o
LOAD ./Communication/1_Trame_Communication.o
LOAD ./Communication/2_Echange_Data_Strategie.o
LOAD ./Communication/2_Echange_Datas.o
LOAD ./Communication/2_Echange_Datas_Reception.o
LOAD D:\Developpement_Robot\Robotic-System\trunk\Workspaces\MultiWorkSpaces_2021\0_lpc_chip_175x_6x\Release\lib0_lpc_chip_175x_6x.a
LOAD D:\Developpement_Robot\Robotic-System\trunk\Workspaces\MultiWorkSpaces_2021\0_lpc_board_nxp_lpcxpresso_1769\Release\lib0_lpc_board_nxp_lpcxpresso_1769.a
LOAD D:\Developpement_Robot\Robotic-System\trunk\Workspaces\MultiWorkSpaces_2021\0_lpc_chip_175x_6x\libs\libusbd_175x_6x_lib.a
START GROUP
LOAD c:/nxp/mcuxpressoide_11.2.1_4149/ide/plugins/com.nxp.mcuxpresso.tools.win32_11.2.0.202008311134/tools/bin/../lib/gcc/arm-none-eabi/9.2.1/thumb/v7-m/nofp\libgcc.a
LOAD c:/nxp/mcuxpressoide_11.2.1_4149/ide/plugins/com.nxp.mcuxpresso.tools.win32_11.2.0.202008311134/tools/bin/../lib/gcc/arm-none-eabi/9.2.1/../../../../arm-none-eabi/lib/thumb/v7-m/nofp\libc_nano.a
LOAD c:/nxp/mcuxpressoide_11.2.1_4149/ide/plugins/com.nxp.mcuxpresso.tools.win32_11.2.0.202008311134/tools/bin/../lib/gcc/arm-none-eabi/9.2.1/../../../../arm-none-eabi/lib/thumb/v7-m/nofp\libm.a
LOAD c:/nxp/mcuxpressoide_11.2.1_4149/ide/plugins/com.nxp.mcuxpresso.tools.win32_11.2.0.202008311134/tools/bin/../lib/gcc/arm-none-eabi/9.2.1/../../../../arm-none-eabi/lib/thumb/v7-m/nofp\libcr_newlib_none.a
END GROUP
                0x00010000                __base_MFlash512 = 0x10000
                0x00010000                __base_Flash = 0x10000
                0x00080000                __top_MFlash512 = 0x80000
                0x00080000                __top_Flash = 0x80000
                0x10000000                __base_RamLoc32 = 0x10000000
                0x10000000                __base_RAM = 0x10000000
                0x10008000                __top_RamLoc32 = 0x10008000
                0x10008000                __top_RAM = 0x10008000
                0x2007c000                __base_Ram_USB = 0x2007c000
                0x2007c000                __base_RAM2 = 0x2007c000
                0x2007c800                __top_Ram_USB = 0x2007c800
                0x2007c800                __top_RAM2 = 0x2007c800
                0x2007c800                __base_RAM3 = 0x2007c800
                0x2007c800                __base_RAM3 = 0x2007c800
                0x20084000                __top_RAM3 = 0x20084000
                0x20084000                __top_RAM3 = 0x20084000

.text           0x00010000     0x93c0
 FILL mask 0xff
                0x00010000                __vectors_start__ = ABSOLUTE (.)
 *(.isr_vector)
 .isr_vector    0x00010000       0xcc ./src/cr_startup_lpc175x_6x.o
                0x00010000                g_pfnVectors
                0x000100cc                . = ALIGN (0x4)
                0x000100cc                __section_table_start = .
                0x000100cc                __data_section_table = .
                0x000100cc        0x4 LONG 0x193c0 LOADADDR (.data)
                0x000100d0        0x4 LONG 0x10000000 ADDR (.data)
                0x000100d4        0x4 LONG 0x1ec SIZEOF (.data)
                0x000100d8        0x4 LONG 0x193c0 LOADADDR (.data_RAM2)
                0x000100dc        0x4 LONG 0x2007c000 ADDR (.data_RAM2)
                0x000100e0        0x4 LONG 0x0 SIZEOF (.data_RAM2)
                0x000100e4        0x4 LONG 0x193c0 LOADADDR (.data_RAM3)
                0x000100e8        0x4 LONG 0x2007c800 ADDR (.data_RAM3)
                0x000100ec        0x4 LONG 0x0 SIZEOF (.data_RAM3)
                0x000100f0                __data_section_table_end = .
                0x000100f0                __bss_section_table = .
                0x000100f0        0x4 LONG 0x100001ec ADDR (.bss)
                0x000100f4        0x4 LONG 0x5248 SIZEOF (.bss)
                0x000100f8        0x4 LONG 0x2007c000 ADDR (.bss_RAM2)
                0x000100fc        0x4 LONG 0x0 SIZEOF (.bss_RAM2)
                0x00010100        0x4 LONG 0x2007c800 ADDR (.bss_RAM3)
                0x00010104        0x4 LONG 0x4438 SIZEOF (.bss_RAM3)
                0x00010108                __bss_section_table_end = .
                0x00010108                __section_table_end = .
 *(.after_vectors*)
 .after_vectors
                0x00010108       0x8c ./src/cr_startup_lpc175x_6x.o
                0x00010108                NMI_Handler
                0x0001010a                HardFault_Handler
                0x0001010c                MemManage_Handler
                0x0001010e                BusFault_Handler
                0x00010110                UsageFault_Handler
                0x00010112                DebugMon_Handler
                0x00010114                USBActivity_IRQHandler
                0x00010114                PWM1_IRQHandler
                0x00010114                I2C0_IRQHandler
                0x00010114                RIT_IRQHandler
                0x00010114                I2C1_IRQHandler
                0x00010114                EINT2_IRQHandler
                0x00010114                EINT3_IRQHandler
                0x00010114                CANActivity_IRQHandler
                0x00010114                TIMER3_IRQHandler
                0x00010114                UART0_IRQHandler
                0x00010114                DMA_IRQHandler
                0x00010114                UART3_IRQHandler
                0x00010114                IntDefaultHandler
                0x00010114                PLL0_IRQHandler
                0x00010114                CAN_IRQHandler
                0x00010114                PLL1_IRQHandler
                0x00010114                SSP0_IRQHandler
                0x00010114                I2S_IRQHandler
                0x00010114                I2C2_IRQHandler
                0x00010114                RTC_IRQHandler
                0x00010114                TIMER0_IRQHandler
                0x00010114                SPI_IRQHandler
                0x00010114                ETH_IRQHandler
                0x00010114                EINT1_IRQHandler
                0x00010114                TIMER1_IRQHandler
                0x00010114                ADC_IRQHandler
                0x00010114                SSP1_IRQHandler
                0x00010114                BOD_IRQHandler
                0x00010114                TIMER2_IRQHandler
                0x00010114                WDT_IRQHandler
                0x00010114                EINT0_IRQHandler
                0x00010114                QEI_IRQHandler
                0x00010114                MCPWM_IRQHandler
                0x00010116                data_init
                0x00010132                bss_init
                0x00010144                ResetISR
                0x0001018c                SVC_Handler
                0x0001018e                PendSV_Handler
                0x00010190                SysTick_Handler
                0x000002fc                . = 0x2fc
 *fill*         0x00010194      0x168 ff
                0x000102fc                PROVIDE (__CRP_WORD_START__ = .)
 *(.crp)
 .crp           0x000102fc        0x4 ./src/crp.o
                0x000102fc                CRP_WORD
                0x00010300                PROVIDE (__CRP_WORD_END__ = .)
                0x00000001                ASSERT (! ((__CRP_WORD_START__ == __CRP_WORD_END__)), Linker CRP Enabled, but no CRP_WORD provided within application)
 *(.text*)
 .text.vConfigureTimerForRunTimeStats
                0x00010300       0x22 ./src/IA_2021_V0.o
                0x00010300                vConfigureTimerForRunTimeStats
 *fill*         0x00010322        0x2 ff
 .text.prvSetupHardware
                0x00010324       0x30 ./src/IA_2021_V0.o
 .text.vTask_HartBeat
                0x00010354       0x64 ./src/IA_2021_V0.o
 .text.main     0x000103b8       0x34 ./src/IA_2021_V0.o
                0x000103b8                main
 .text.Set_Debug_Pin_0_Low
                0x000103ec       0x10 ./src/Init.o
                0x000103ec                Set_Debug_Pin_0_Low
 .text.Set_Debug_Pin_1_Low
                0x000103fc       0x10 ./src/Init.o
                0x000103fc                Set_Debug_Pin_1_Low
 .text.Init_Carte_IA
                0x0001040c       0x9c ./src/Init.o
                0x0001040c                Init_Carte_IA
 .text.Init_Send_Robot_ID
                0x000104a8        0xe ./src/Init.o
                0x000104a8                Init_Send_Robot_ID
 *fill*         0x000104b6        0x2 ff
 .text.SystemInit
                0x000104b8       0x18 ./src/sysinit.o
                0x000104b8                SystemInit
 .text.TEST_init_parametres
                0x000104d0       0x2c ./src/test.o
                0x000104d0                TEST_init_parametres
 .text.TEST_Deplacement_Reel
                0x000104fc      0x28c ./src/test.o
                0x000104fc                TEST_Deplacement_Reel
 .text.vApplicationStackOverflowHook
                0x00010788      0x130 ./freertos/src/FreeRTOSCommonHooks.o
                0x00010788                vApplicationStackOverflowHook
 .text.prvTestWaitCondition
                0x000108b8       0x1c ./freertos/src/event_groups.o
 .text.xEventGroupCreate
                0x000108d4       0x1a ./freertos/src/event_groups.o
                0x000108d4                xEventGroupCreate
 *fill*         0x000108ee        0x2 ff
 .text.xEventGroupWaitBits
                0x000108f0       0xbc ./freertos/src/event_groups.o
                0x000108f0                xEventGroupWaitBits
 .text.xEventGroupClearBits
                0x000109ac       0x1a ./freertos/src/event_groups.o
                0x000109ac                xEventGroupClearBits
 .text.xEventGroupSetBits
                0x000109c6       0x62 ./freertos/src/event_groups.o
                0x000109c6                xEventGroupSetBits
 .text.vEventGroupSetBitsCallback
                0x00010a28        0x8 ./freertos/src/event_groups.o
                0x00010a28                vEventGroupSetBitsCallback
 .text.prvInsertBlockIntoFreeList
                0x00010a30       0x54 ./freertos/src/heap_5.o
 .text.pvPortMalloc
                0x00010a84       0xc0 ./freertos/src/heap_5.o
                0x00010a84                pvPortMalloc
 .text.vPortFree
                0x00010b44       0x58 ./freertos/src/heap_5.o
                0x00010b44                vPortFree
 .text.vPortDefineHeapRegions
                0x00010b9c       0x84 ./freertos/src/heap_5.o
                0x00010b9c                vPortDefineHeapRegions
 .text.vListInitialise
                0x00010c20       0x16 ./freertos/src/list.o
                0x00010c20                vListInitialise
 .text.vListInitialiseItem
                0x00010c36        0x6 ./freertos/src/list.o
                0x00010c36                vListInitialiseItem
 .text.vListInsertEnd
                0x00010c3c       0x16 ./freertos/src/list.o
                0x00010c3c                vListInsertEnd
 .text.vListInsert
                0x00010c52       0x32 ./freertos/src/list.o
                0x00010c52                vListInsert
 .text.uxListRemove
                0x00010c84       0x26 ./freertos/src/list.o
                0x00010c84                uxListRemove
 .text.prvTaskExitError
                0x00010caa       0x20 ./freertos/src/port.o
 *fill*         0x00010cca        0x2 ff
 .text.prvPortStartFirstTask
                0x00010ccc       0x20 ./freertos/src/port.o
 .text.pxPortInitialiseStack
                0x00010cec       0x24 ./freertos/src/port.o
                0x00010cec                pxPortInitialiseStack
 .text.vPortSVCHandler
                0x00010d10       0x24 ./freertos/src/port.o
                0x00010d10                vPortSVCHandler
 .text.vPortEnterCritical
                0x00010d34       0x20 ./freertos/src/port.o
                0x00010d34                vPortEnterCritical
 .text.vPortExitCritical
                0x00010d54       0x14 ./freertos/src/port.o
                0x00010d54                vPortExitCritical
 *fill*         0x00010d68        0x8 ff
 .text.xPortPendSVHandler
                0x00010d70       0x44 ./freertos/src/port.o
                0x00010d70                xPortPendSVHandler
 .text.xPortSysTickHandler
                0x00010db4       0x2c ./freertos/src/port.o
                0x00010db4                xPortSysTickHandler
 .text.vPortSetupTimerInterrupt
                0x00010de0       0x24 ./freertos/src/port.o
                0x00010de0                vPortSetupTimerInterrupt
 .text.xPortStartScheduler
                0x00010e04       0x38 ./freertos/src/port.o
                0x00010e04                xPortStartScheduler
 .text.prvGetDisinheritPriorityAfterTimeout
                0x00010e3c       0x10 ./freertos/src/queue.o
 .text.prvIsQueueFull
                0x00010e4c       0x1e ./freertos/src/queue.o
 .text.prvIsQueueEmpty
                0x00010e6a       0x1a ./freertos/src/queue.o
 .text.prvCopyDataToQueue
                0x00010e84       0x76 ./freertos/src/queue.o
 .text.prvCopyDataFromQueue
                0x00010efa       0x24 ./freertos/src/queue.o
 .text.prvUnlockQueue
                0x00010f1e       0x6e ./freertos/src/queue.o
 .text.xQueueGenericReset
                0x00010f8c       0x70 ./freertos/src/queue.o
                0x00010f8c                xQueueGenericReset
 .text.prvInitialiseNewQueue
                0x00010ffc       0x1c ./freertos/src/queue.o
 .text.xQueueGenericCreate
                0x00011018       0x2e ./freertos/src/queue.o
                0x00011018                xQueueGenericCreate
 *fill*         0x00011046        0x2 ff
 .text.xQueueGenericSend
                0x00011048      0x118 ./freertos/src/queue.o
                0x00011048                xQueueGenericSend
 .text.prvInitialiseMutex
                0x00011160       0x18 ./freertos/src/queue.o
 .text.xQueueCreateMutex
                0x00011178       0x16 ./freertos/src/queue.o
                0x00011178                xQueueCreateMutex
 .text.xQueueGenericSendFromISR
                0x0001118e       0x72 ./freertos/src/queue.o
                0x0001118e                xQueueGenericSendFromISR
 .text.xQueueReceive
                0x00011200      0x10c ./freertos/src/queue.o
                0x00011200                xQueueReceive
 .text.xQueueSemaphoreTake
                0x0001130c      0x144 ./freertos/src/queue.o
                0x0001130c                xQueueSemaphoreTake
 .text.vQueueAddToRegistry
                0x00011450       0x28 ./freertos/src/queue.o
                0x00011450                vQueueAddToRegistry
 .text.vQueueWaitForMessageRestricted
                0x00011478       0x52 ./freertos/src/queue.o
                0x00011478                vQueueWaitForMessageRestricted
 *fill*         0x000114ca        0x2 ff
 .text.prvResetNextTaskUnblockTime
                0x000114cc       0x2c ./freertos/src/tasks.o
 .text.prvDeleteTCB
                0x000114f8       0x12 ./freertos/src/tasks.o
 .text.prvInitialiseNewTask
                0x0001150a       0x9c ./freertos/src/tasks.o
 *fill*         0x000115a6        0x2 ff
 .text.prvInitialiseTaskLists
                0x000115a8       0x68 ./freertos/src/tasks.o
 .text.prvAddNewTaskToReadyList
                0x00011610       0xa8 ./freertos/src/tasks.o
 .text.prvCheckTasksWaitingTermination
                0x000116b8       0x4c ./freertos/src/tasks.o
 .text.prvIdleTask
                0x00011704       0x28 ./freertos/src/tasks.o
 .text.prvAddCurrentTaskToDelayedList
                0x0001172c       0x98 ./freertos/src/tasks.o
 .text.xTaskCreate
                0x000117c4       0x64 ./freertos/src/tasks.o
                0x000117c4                xTaskCreate
 .text.vTaskDelete
                0x00011828       0xc4 ./freertos/src/tasks.o
                0x00011828                vTaskDelete
 .text.eTaskGetState
                0x000118ec       0x7c ./freertos/src/tasks.o
                0x000118ec                eTaskGetState
 .text.vTaskStartScheduler
                0x00011968       0x70 ./freertos/src/tasks.o
                0x00011968                vTaskStartScheduler
 .text.vTaskSuspendAll
                0x000119d8       0x10 ./freertos/src/tasks.o
                0x000119d8                vTaskSuspendAll
 .text.xTaskGetTickCount
                0x000119e8        0xc ./freertos/src/tasks.o
                0x000119e8                xTaskGetTickCount
 .text.xTaskIncrementTick
                0x000119f4      0x100 ./freertos/src/tasks.o
                0x000119f4                xTaskIncrementTick
 .text.xTaskResumeAll
                0x00011af4       0xe0 ./freertos/src/tasks.o
                0x00011af4                xTaskResumeAll
 .text.vTaskDelayUntil
                0x00011bd4       0x60 ./freertos/src/tasks.o
                0x00011bd4                vTaskDelayUntil
 .text.vTaskDelay
                0x00011c34       0x34 ./freertos/src/tasks.o
                0x00011c34                vTaskDelay
 .text.vTaskSwitchContext
                0x00011c68       0xac ./freertos/src/tasks.o
                0x00011c68                vTaskSwitchContext
 .text.vTaskPlaceOnEventList
                0x00011d14       0x1c ./freertos/src/tasks.o
                0x00011d14                vTaskPlaceOnEventList
 .text.vTaskPlaceOnUnorderedEventList
                0x00011d30       0x24 ./freertos/src/tasks.o
                0x00011d30                vTaskPlaceOnUnorderedEventList
 .text.vTaskPlaceOnEventListRestricted
                0x00011d54       0x24 ./freertos/src/tasks.o
                0x00011d54                vTaskPlaceOnEventListRestricted
 .text.xTaskRemoveFromEventList
                0x00011d78       0x78 ./freertos/src/tasks.o
                0x00011d78                xTaskRemoveFromEventList
 .text.vTaskRemoveFromUnorderedEventList
                0x00011df0       0x58 ./freertos/src/tasks.o
                0x00011df0                vTaskRemoveFromUnorderedEventList
 .text.vTaskInternalSetTimeOutState
                0x00011e48       0x18 ./freertos/src/tasks.o
                0x00011e48                vTaskInternalSetTimeOutState
 .text.xTaskCheckForTimeOut
                0x00011e60       0x5c ./freertos/src/tasks.o
                0x00011e60                xTaskCheckForTimeOut
 .text.vTaskMissedYield
                0x00011ebc        0xc ./freertos/src/tasks.o
                0x00011ebc                vTaskMissedYield
 .text.xTaskGetCurrentTaskHandle
                0x00011ec8        0xc ./freertos/src/tasks.o
                0x00011ec8                xTaskGetCurrentTaskHandle
 .text.xTaskGetSchedulerState
                0x00011ed4       0x20 ./freertos/src/tasks.o
                0x00011ed4                xTaskGetSchedulerState
 .text.xTaskPriorityInherit
                0x00011ef4       0xac ./freertos/src/tasks.o
                0x00011ef4                xTaskPriorityInherit
 .text.xTaskPriorityDisinherit
                0x00011fa0       0x80 ./freertos/src/tasks.o
                0x00011fa0                xTaskPriorityDisinherit
 .text.vTaskPriorityDisinheritAfterTimeout
                0x00012020       0x84 ./freertos/src/tasks.o
                0x00012020                vTaskPriorityDisinheritAfterTimeout
 .text.uxTaskResetEventItemValue
                0x000120a4       0x18 ./freertos/src/tasks.o
                0x000120a4                uxTaskResetEventItemValue
 .text.pvTaskIncrementMutexHeldCount
                0x000120bc       0x1c ./freertos/src/tasks.o
                0x000120bc                pvTaskIncrementMutexHeldCount
 .text.prvGetNextExpireTime
                0x000120d8       0x20 ./freertos/src/timers.o
 .text.prvInsertTimerInActiveList
                0x000120f8       0x48 ./freertos/src/timers.o
 .text.prvCheckForValidListAndQueue
                0x00012140       0x5c ./freertos/src/timers.o
 .text.xTimerCreateTimerTask
                0x0001219c       0x3c ./freertos/src/timers.o
                0x0001219c                xTimerCreateTimerTask
 .text.xTimerGenericCommand
                0x000121d8       0x58 ./freertos/src/timers.o
                0x000121d8                xTimerGenericCommand
 .text.prvSwitchTimerLists
                0x00012230       0x68 ./freertos/src/timers.o
 .text.prvSampleTimeNow
                0x00012298       0x2c ./freertos/src/timers.o
 .text.prvProcessExpiredTimer
                0x000122c4       0x58 ./freertos/src/timers.o
 .text.prvProcessTimerOrBlockTask
                0x0001231c       0x74 ./freertos/src/timers.o
 .text.prvProcessReceivedCommands
                0x00012390       0xe4 ./freertos/src/timers.o
 .text.prvTimerTask
                0x00012474       0x16 ./freertos/src/timers.o
 *fill*         0x0001248a        0x2 ff
 .text.xTimerPendFunctionCallFromISR
                0x0001248c       0x28 ./freertos/src/timers.o
                0x0001248c                xTimerPendFunctionCallFromISR
 .text._0_Deplacement_Init
                0x000124b4       0x10 ./Strategie/Strategie_Level0/Deplacement/0_Deplacements.o
                0x000124b4                _0_Deplacement_Init
 .text._0_Deplacement_Get_Simulation
                0x000124c4       0x20 ./Strategie/Strategie_Level0/Deplacement/0_Deplacements.o
                0x000124c4                _0_Deplacement_Get_Simulation
 .text._0_Deplacement_Wait_For_Arrival
                0x000124e4       0xa0 ./Strategie/Strategie_Level0/Deplacement/0_Deplacements.o
                0x000124e4                _0_Deplacement_Wait_For_Arrival
 .text.Distance_To_Destination
                0x00012584       0x4c ./Strategie/Strategie_Level0/Deplacement/0_Deplacements.o
                0x00012584                Distance_To_Destination
 .text._0_Deplacement_Clear_Flags
                0x000125d0       0x14 ./Strategie/Strategie_Level0/Deplacement/0_Deplacements.o
                0x000125d0                _0_Deplacement_Clear_Flags
 .text._0_Deplacement_Check_Bloquage
                0x000125e4       0x44 ./Strategie/Strategie_Level0/Deplacement/0_Deplacements.o
                0x000125e4                _0_Deplacement_Check_Bloquage
 .text._0_Deplacement_Spline_Cubique
                0x00012628      0x128 ./Strategie/Strategie_Level0/Deplacement/0_Deplacements.o
                0x00012628                _0_Deplacement_Spline_Cubique
 .text._0_Deplacement_ASTAR_SPLINE
                0x00012750      0x308 ./Strategie/Strategie_Level0/Deplacement/0_Deplacements.o
                0x00012750                _0_Deplacement_ASTAR_SPLINE
 .text._1_TEST_Obstacle_Second_Robot
                0x00012a58       0x4c ./Strategie/Strategie_Level0/Deplacement/1_Obstacles.o
                0x00012a58                _1_TEST_Obstacle_Second_Robot
 .text._1_Obstacles_Create_Terrain_Border
                0x00012aa4      0x13a ./Strategie/Strategie_Level0/Deplacement/1_Obstacles.o
                0x00012aa4                _1_Obstacles_Create_Terrain_Border
 *fill*         0x00012bde        0x2 ff
 .text._0_Infos_Init
                0x00012be0       0x30 ./Strategie/Strategie_Level0/0_Infos.o
                0x00012be0                _0_Infos_Init
 .text._0_Update_Card_Datas
                0x00012c10       0x54 ./Strategie/Strategie_Level0/0_Infos.o
                0x00012c10                _0_Update_Card_Datas
 .text._0_Get_Robot_Position
                0x00012c64       0x6c ./Strategie/Strategie_Level0/0_Infos.o
                0x00012c64                _0_Get_Robot_Position
 .text._0_Set_Position_SecondRobot
                0x00012cd0       0x30 ./Strategie/Strategie_Level0/0_Infos.o
                0x00012cd0                _0_Set_Position_SecondRobot
 .text._0_Get_Position_SecondRobot
                0x00012d00       0x14 ./Strategie/Strategie_Level0/0_Infos.o
                0x00012d00                _0_Get_Position_SecondRobot
 .text._Strategie_Change_Action_State
                0x00012d14       0x34 ./Strategie/Strategie_Level0/Strategie_Actions.o
                0x00012d14                _Strategie_Change_Action_State
 .text._Strategie_Change_Action_Step
                0x00012d48       0x10 ./Strategie/Strategie_Level0/Strategie_Actions.o
                0x00012d48                _Strategie_Change_Action_Step
 .text.Task_MatchTime
                0x00012d58       0x40 ./Strategie/Strategie.o
                0x00012d58                Task_MatchTime
 .text._Strategie_Get_Robot_ID
                0x00012d98       0x10 ./Strategie/Strategie.o
                0x00012d98                _Strategie_Get_Robot_ID
 .text._Strategie_Get_Input_Strategie_Selector
                0x00012da8       0x28 ./Strategie/Strategie.o
                0x00012da8                _Strategie_Get_Input_Strategie_Selector
 .text._Strategie_Get_Choosen_Strategie
                0x00012dd0        0xc ./Strategie/Strategie.o
                0x00012dd0                _Strategie_Get_Choosen_Strategie
 .text._Strategie_Get_Temps_Match
                0x00012ddc        0xc ./Strategie/Strategie.o
                0x00012ddc                _Strategie_Get_Temps_Match
 .text._Strategie_Get_Jack_Status
                0x00012de8       0x10 ./Strategie/Strategie.o
                0x00012de8                _Strategie_Get_Jack_Status
 .text._Strategie_Get_Color_Status
                0x00012df8       0x10 ./Strategie/Strategie.o
                0x00012df8                _Strategie_Get_Color_Status
 .text._Strategie_Get_Switch_Status
                0x00012e08       0x10 ./Strategie/Strategie.o
                0x00012e08                _Strategie_Get_Switch_Status
 .text._Strategie_Get_User_BP_Status
                0x00012e18       0x10 ./Strategie/Strategie.o
                0x00012e18                _Strategie_Get_User_BP_Status
 .text._Strategie_Get_External_LED_RED_Status
                0x00012e28       0x10 ./Strategie/Strategie.o
                0x00012e28                _Strategie_Get_External_LED_RED_Status
 .text._Strategie_Set_External_LED_RED_Status
                0x00012e38       0x20 ./Strategie/Strategie.o
                0x00012e38                _Strategie_Set_External_LED_RED_Status
 .text._Strategie_Get_External_LED_YELLOW_Status
                0x00012e58       0x10 ./Strategie/Strategie.o
                0x00012e58                _Strategie_Get_External_LED_YELLOW_Status
 .text._Strategie_Get_External_LED_GREEN_Status
                0x00012e68       0x10 ./Strategie/Strategie.o
                0x00012e68                _Strategie_Get_External_LED_GREEN_Status
 .text._Strategie_Init_Strategie_2021
                0x00012e78      0x244 ./Strategie/Strategie.o
                0x00012e78                _Strategie_Init_Strategie_2021
 .text.Astar_Set_Node_as_Blocked
                0x000130bc       0x2a ./Pathfinding/Astar/Astar.o
 *fill*         0x000130e6        0x2 ff
 .text.Astar_Map_Init
                0x000130e8      0x174 ./Pathfinding/Astar/Astar.o
                0x000130e8                Astar_Map_Init
 .text.Astar_Get_Map
                0x0001325c        0x8 ./Pathfinding/Astar/Astar.o
                0x0001325c                Astar_Get_Map
 .text.Astar_Get_Vector_Map
                0x00013264        0x8 ./Pathfinding/Astar/Astar.o
                0x00013264                Astar_Get_Vector_Map
 .text.Dijkstra_Intersect_Any_Segment
                0x0001326c       0x42 ./Pathfinding/Astar/Astar.o
                0x0001326c                Dijkstra_Intersect_Any_Segment
 .text.Dijkstra_intersect_segment
                0x000132ae      0x38c ./Pathfinding/Astar/Astar.o
                0x000132ae                Dijkstra_intersect_segment
 *fill*         0x0001363a        0x2 ff
 .text.Astar_Add_Rectangular_Obstacle
                0x0001363c      0x118 ./Pathfinding/Astar/Astar.o
                0x0001363c                Astar_Add_Rectangular_Obstacle
 .text.Astar_Add_Obstacle_Vector
                0x00013754       0xd8 ./Pathfinding/Astar/Astar.o
                0x00013754                Astar_Add_Obstacle_Vector
 .text._0_ADC_Init
                0x0001382c       0x34 ./Level_0/Drivers/0_ADC/0_ADC.o
                0x0001382c                _0_ADC_Init
 .text._0_ADC_Read_Channel
                0x00013860       0x94 ./Level_0/Drivers/0_ADC/0_ADC.o
                0x00013860                _0_ADC_Read_Channel
 .text._0_RS485_Master_Mode
                0x000138f4       0x16 ./Communication/RS485/0_RS485.o
                0x000138f4                _0_RS485_Master_Mode
 .text._0_RS485_Slave_Mode
                0x0001390a       0x16 ./Communication/RS485/0_RS485.o
                0x0001390a                _0_RS485_Slave_Mode
 .text._0_RS485_Init
                0x00013920       0x60 ./Communication/RS485/0_RS485.o
                0x00013920                _0_RS485_Init
 .text._0_Communication_Init
                0x00013980       0x5c ./Communication/0_Communication.o
                0x00013980                _0_Communication_Init
 .text._0_Communication_Init_RS485
                0x000139dc       0xa0 ./Communication/0_Communication.o
                0x000139dc                _0_Communication_Init_RS485
 .text._0_Communication_Init_XBEE
                0x00013a7c       0x9c ./Communication/0_Communication.o
                0x00013a7c                _0_Communication_Init_XBEE
 .text.UART1_IRQHandler
                0x00013b18       0xb4 ./Communication/0_Communication.o
                0x00013b18                UART1_IRQHandler
 .text.UART2_IRQHandler
                0x00013bcc       0xa4 ./Communication/0_Communication.o
                0x00013bcc                UART2_IRQHandler
 .text.USB_IRQHandler
                0x00013c70        0x2 ./Communication/0_Communication.o
                0x00013c70                USB_IRQHandler
 *fill*         0x00013c72        0x2 ff
 .text._0_Communication_Send_Data
                0x00013c74       0x90 ./Communication/0_Communication.o
                0x00013c74                _0_Communication_Send_Data
 .text._0_Communication_Send_RS485
                0x00013d04       0x90 ./Communication/0_Communication.o
                0x00013d04                _0_Communication_Send_RS485
 .text._0_Communication_Send_XBEE
                0x00013d94       0x82 ./Communication/0_Communication.o
                0x00013d94                _0_Communication_Send_XBEE
 .text.Chip_UART_SendByte
                0x00013e16        0x4 ./Communication/0_Communication.o
 .text.Chip_UART_ReadLineStatus
                0x00013e1a        0x4 ./Communication/0_Communication.o
 *fill*         0x00013e1e        0x2 ff
 .text._0_Communication_Init_Event_Group
                0x00013e20       0x34 ./Communication/0_Event_Group.o
                0x00013e20                _0_Communication_Init_Event_Group
 .text._1_Communication_Init
                0x00013e54       0x28 ./Communication/1_Trame_Communication.o
                0x00013e54                _1_Communication_Init
 .text._1_Communication_Create_Queues_Semaphores
                0x00013e7c       0x14 ./Communication/1_Trame_Communication.o
                0x00013e7c                _1_Communication_Create_Queues_Semaphores
 .text._1_Communication_Wait_To_Send
                0x00013e90       0x28 ./Communication/1_Trame_Communication.o
                0x00013e90                _1_Communication_Wait_To_Send
 .text._1_Communication_Free_Send_Bit
                0x00013eb8       0x14 ./Communication/1_Trame_Communication.o
                0x00013eb8                _1_Communication_Free_Send_Bit
 .text._1_Communication_Wait_To_Receive
                0x00013ecc       0x2c ./Communication/1_Trame_Communication.o
                0x00013ecc                _1_Communication_Wait_To_Receive
 .text._1_Communication_Free_Receive_Bit
                0x00013ef8       0x14 ./Communication/1_Trame_Communication.o
                0x00013ef8                _1_Communication_Free_Receive_Bit
 .text._1_Communication_Create_Message
                0x00013f0c       0x74 ./Communication/1_Trame_Communication.o
                0x00013f0c                _1_Communication_Create_Message
 .text._1_Communication_Create_Trame
                0x00013f80       0xdc ./Communication/1_Trame_Communication.o
                0x00013f80                _1_Communication_Create_Trame
 .text._1_Communication_WAIT_ACK
                0x0001405c       0x58 ./Communication/1_Trame_Communication.o
                0x0001405c                _1_Communication_WAIT_ACK
 .text._1_Communication_CLEAR_ACK
                0x000140b4       0x24 ./Communication/1_Trame_Communication.o
                0x000140b4                _1_Communication_CLEAR_ACK
 .text._1_Communication_Create_Trame_From_Buffer
                0x000140d8      0x294 ./Communication/1_Trame_Communication.o
                0x000140d8                _1_Communication_Create_Trame_From_Buffer
 .text._1_Communication_Check_Rx_Adresse
                0x0001436c       0x1a ./Communication/1_Trame_Communication.o
                0x0001436c                _1_Communication_Check_Rx_Adresse
 *fill*         0x00014386        0x2 ff
 .text._1_Communication_Recomposition_Rx
                0x00014388       0x68 ./Communication/1_Trame_Communication.o
                0x00014388                _1_Communication_Recomposition_Rx
 .text._2_Comm_Strategie_Init
                0x000143f0       0x14 ./Communication/2_Echange_Data_Strategie.o
                0x000143f0                _2_Comm_Strategie_Init
 .text._2_Comm_Strategie_Send_Action_Creation
                0x00014404       0xe8 ./Communication/2_Echange_Data_Strategie.o
                0x00014404                _2_Comm_Strategie_Send_Action_Creation
 .text._2_Comm_Strategie_Send_Action_State_Update
                0x000144ec       0xe4 ./Communication/2_Echange_Data_Strategie.o
                0x000144ec                _2_Comm_Strategie_Send_Action_State_Update
 .text._2_Communication_Init
                0x000145d0       0x14 ./Communication/2_Echange_Datas.o
                0x000145d0                _2_Communication_Init
 .text._2_Comm_Send_Destination_Robot
                0x000145e4      0x144 ./Communication/2_Echange_Datas.o
                0x000145e4                _2_Comm_Send_Destination_Robot
 .text._2_Comm_Send_Destination_Spline_CubiqueRobot
                0x00014728       0x98 ./Communication/2_Echange_Datas.o
                0x00014728                _2_Comm_Send_Destination_Spline_CubiqueRobot
 .text._2_Comm_Send_Demande_Info
                0x000147c0       0x30 ./Communication/2_Echange_Datas.o
                0x000147c0                _2_Comm_Send_Demande_Info
 .text._2_Comm_Send_PING
                0x000147f0       0x58 ./Communication/2_Echange_Datas.o
                0x000147f0                _2_Comm_Send_PING
 .text._2_Comm_Send_PONG
                0x00014848       0x88 ./Communication/2_Echange_Datas.o
                0x00014848                _2_Comm_Send_PONG
 .text._2_Comm_Send_Communication_Status
                0x000148d0       0x44 ./Communication/2_Echange_Datas.o
                0x000148d0                _2_Comm_Send_Communication_Status
 .text._2_Comm_Send_Log_Message
                0x00014914      0x10c ./Communication/2_Echange_Datas.o
                0x00014914                _2_Comm_Send_Log_Message
 .text._2_Communication_Boards_Status
                0x00014a20       0x9c ./Communication/2_Echange_Datas.o
                0x00014a20                _2_Communication_Boards_Status
 .text._2_Comm_Check_Presence_Cartes
                0x00014abc       0x4c ./Communication/2_Echange_Datas.o
                0x00014abc                _2_Comm_Check_Presence_Cartes
 .text._2_Comm_Robot_ID
                0x00014b08       0x44 ./Communication/2_Echange_Datas.o
                0x00014b08                _2_Comm_Robot_ID
 .text._2_Comm_Demande_Simulation
                0x00014b4c       0x6c ./Communication/2_Echange_Datas.o
                0x00014b4c                _2_Comm_Demande_Simulation
 .text._2_Comm_Demande_Motor_Power
                0x00014bb8       0x54 ./Communication/2_Echange_Datas.o
                0x00014bb8                _2_Comm_Demande_Motor_Power
 .text._2_Comm_Send_ASTAR_Vectors
                0x00014c0c      0x114 ./Communication/2_Echange_Datas.o
                0x00014c0c                _2_Comm_Send_ASTAR_Vectors
 .text._2_Comm_Send_Info_Carte_IA
                0x00014d20       0xec ./Communication/2_Echange_Datas.o
                0x00014d20                _2_Comm_Send_Info_Carte_IA
 .text._2_Comm_Send_Robot_PID
                0x00014e0c       0x78 ./Communication/2_Echange_Datas.o
                0x00014e0c                _2_Comm_Send_Robot_PID
 .text._2_Communication_RX_Init
                0x00014e84        0x2 ./Communication/2_Echange_Datas_Reception.o
                0x00014e84                _2_Communication_RX_Init
 *fill*         0x00014e86        0x2 ff
 .text._2_Communication_Interprete_message
                0x00014e88       0x5c ./Communication/2_Echange_Datas_Reception.o
                0x00014e88                _2_Communication_Interprete_message
 .text._2_Communication_RX_ACK
                0x00014ee4       0x3c ./Communication/2_Echange_Datas_Reception.o
                0x00014ee4                _2_Communication_RX_ACK
 .text._2_Communication_RX_Reponse_Infos
                0x00014f20       0x1a ./Communication/2_Echange_Datas_Reception.o
                0x00014f20                _2_Communication_RX_Reponse_Infos
 *fill*         0x00014f3a        0x2 ff
 .text._2_Comm_RX_PONG
                0x00014f3c       0x28 ./Communication/2_Echange_Datas_Reception.o
                0x00014f3c                _2_Comm_RX_PONG
 .text._2_Comm_RX_Position_Second_Robot
                0x00014f64       0x20 ./Communication/2_Echange_Datas_Reception.o
                0x00014f64                _2_Comm_RX_Position_Second_Robot
 .text.setStartMode
                0x00014f84        0xe D:\Developpement_Robot\Robotic-System\trunk\Workspaces\MultiWorkSpaces_2021\0_lpc_chip_175x_6x\Release\lib0_lpc_chip_175x_6x.a(adc_17xx_40xx.o)
                0x00014f84                setStartMode
 *fill*         0x00014f92        0x2 ff
 .text.Chip_ADC_Init
                0x00014f94       0x48 D:\Developpement_Robot\Robotic-System\trunk\Workspaces\MultiWorkSpaces_2021\0_lpc_chip_175x_6x\Release\lib0_lpc_chip_175x_6x.a(adc_17xx_40xx.o)
                0x00014f94                Chip_ADC_Init
 .text.Chip_ADC_ReadValue
                0x00014fdc       0x16 D:\Developpement_Robot\Robotic-System\trunk\Workspaces\MultiWorkSpaces_2021\0_lpc_chip_175x_6x\Release\lib0_lpc_chip_175x_6x.a(adc_17xx_40xx.o)
                0x00014fdc                Chip_ADC_ReadValue
 .text.Chip_ADC_ReadStatus
                0x00014ff2       0x2c D:\Developpement_Robot\Robotic-System\trunk\Workspaces\MultiWorkSpaces_2021\0_lpc_chip_175x_6x\Release\lib0_lpc_chip_175x_6x.a(adc_17xx_40xx.o)
                0x00014ff2                Chip_ADC_ReadStatus
 .text.Chip_ADC_SetStartMode
                0x0001501e       0x18 D:\Developpement_Robot\Robotic-System\trunk\Workspaces\MultiWorkSpaces_2021\0_lpc_chip_175x_6x\Release\lib0_lpc_chip_175x_6x.a(adc_17xx_40xx.o)
                0x0001501e                Chip_ADC_SetStartMode
 .text.Chip_ADC_EnableChannel
                0x00015036       0x20 D:\Developpement_Robot\Robotic-System\trunk\Workspaces\MultiWorkSpaces_2021\0_lpc_chip_175x_6x\Release\lib0_lpc_chip_175x_6x.a(adc_17xx_40xx.o)
                0x00015036                Chip_ADC_EnableChannel
 .text.Chip_ADC_SetBurstCmd
                0x00015056       0x1a D:\Developpement_Robot\Robotic-System\trunk\Workspaces\MultiWorkSpaces_2021\0_lpc_chip_175x_6x\Release\lib0_lpc_chip_175x_6x.a(adc_17xx_40xx.o)
                0x00015056                Chip_ADC_SetBurstCmd
 .text.SystemCoreClockUpdate
                0x00015070       0x10 D:\Developpement_Robot\Robotic-System\trunk\Workspaces\MultiWorkSpaces_2021\0_lpc_chip_175x_6x\Release\lib0_lpc_chip_175x_6x.a(chip_17xx_40xx.o)
                0x00015070                SystemCoreClockUpdate
 .text.Chip_Clock_EnablePLL
                0x00015080       0x24 D:\Developpement_Robot\Robotic-System\trunk\Workspaces\MultiWorkSpaces_2021\0_lpc_chip_175x_6x\Release\lib0_lpc_chip_175x_6x.a(clock_17xx_40xx.o)
                0x00015080                Chip_Clock_EnablePLL
 .text.Chip_Clock_DisablePLL
                0x000150a4       0x26 D:\Developpement_Robot\Robotic-System\trunk\Workspaces\MultiWorkSpaces_2021\0_lpc_chip_175x_6x\Release\lib0_lpc_chip_175x_6x.a(clock_17xx_40xx.o)
                0x000150a4                Chip_Clock_DisablePLL
 .text.Chip_Clock_SetupPLL
                0x000150ca       0x30 D:\Developpement_Robot\Robotic-System\trunk\Workspaces\MultiWorkSpaces_2021\0_lpc_chip_175x_6x\Release\lib0_lpc_chip_175x_6x.a(clock_17xx_40xx.o)
                0x000150ca                Chip_Clock_SetupPLL
 *fill*         0x000150fa        0x2 ff
 .text.Chip_Clock_EnablePeriphClock
                0x000150fc       0x18 D:\Developpement_Robot\Robotic-System\trunk\Workspaces\MultiWorkSpaces_2021\0_lpc_chip_175x_6x\Release\lib0_lpc_chip_175x_6x.a(clock_17xx_40xx.o)
                0x000150fc                Chip_Clock_EnablePeriphClock
 .text.Chip_Clock_GetCPUClockSource
                0x00015114       0x10 D:\Developpement_Robot\Robotic-System\trunk\Workspaces\MultiWorkSpaces_2021\0_lpc_chip_175x_6x\Release\lib0_lpc_chip_175x_6x.a(clock_17xx_40xx.o)
                0x00015114                Chip_Clock_GetCPUClockSource
 .text.Chip_Clock_SetCPUClockDiv
                0x00015124        0xc D:\Developpement_Robot\Robotic-System\trunk\Workspaces\MultiWorkSpaces_2021\0_lpc_chip_175x_6x\Release\lib0_lpc_chip_175x_6x.a(clock_17xx_40xx.o)
                0x00015124                Chip_Clock_SetCPUClockDiv
 .text.Chip_Clock_GetCPUClockDiv
                0x00015130       0x10 D:\Developpement_Robot\Robotic-System\trunk\Workspaces\MultiWorkSpaces_2021\0_lpc_chip_175x_6x\Release\lib0_lpc_chip_175x_6x.a(clock_17xx_40xx.o)
                0x00015130                Chip_Clock_GetCPUClockDiv
 .text.Chip_Clock_SetPCLKDiv
                0x00015140       0x2a D:\Developpement_Robot\Robotic-System\trunk\Workspaces\MultiWorkSpaces_2021\0_lpc_chip_175x_6x\Release\lib0_lpc_chip_175x_6x.a(clock_17xx_40xx.o)
                0x00015140                Chip_Clock_SetPCLKDiv
 *fill*         0x0001516a        0x2 ff
 .text.Chip_Clock_GetPCLKDiv
                0x0001516c       0x38 D:\Developpement_Robot\Robotic-System\trunk\Workspaces\MultiWorkSpaces_2021\0_lpc_chip_175x_6x\Release\lib0_lpc_chip_175x_6x.a(clock_17xx_40xx.o)
                0x0001516c                Chip_Clock_GetPCLKDiv
 .text.Chip_Clock_GetSYSCLKRate
                0x000151a4       0x38 D:\Developpement_Robot\Robotic-System\trunk\Workspaces\MultiWorkSpaces_2021\0_lpc_chip_175x_6x\Release\lib0_lpc_chip_175x_6x.a(clock_17xx_40xx.o)
                0x000151a4                Chip_Clock_GetSYSCLKRate
 .text.Chip_Clock_GetMainPLLOutClockRate
                0x000151dc       0x34 D:\Developpement_Robot\Robotic-System\trunk\Workspaces\MultiWorkSpaces_2021\0_lpc_chip_175x_6x\Release\lib0_lpc_chip_175x_6x.a(clock_17xx_40xx.o)
                0x000151dc                Chip_Clock_GetMainPLLOutClockRate
 .text.Chip_Clock_GetMainClockRate
                0x00015210       0x20 D:\Developpement_Robot\Robotic-System\trunk\Workspaces\MultiWorkSpaces_2021\0_lpc_chip_175x_6x\Release\lib0_lpc_chip_175x_6x.a(clock_17xx_40xx.o)
                0x00015210                Chip_Clock_GetMainClockRate
 .text.Chip_Clock_GetSystemClockRate
                0x00015230       0x12 D:\Developpement_Robot\Robotic-System\trunk\Workspaces\MultiWorkSpaces_2021\0_lpc_chip_175x_6x\Release\lib0_lpc_chip_175x_6x.a(clock_17xx_40xx.o)
                0x00015230                Chip_Clock_GetSystemClockRate
 .text.Chip_Clock_GetPeripheralClockRate
                0x00015242       0x16 D:\Developpement_Robot\Robotic-System\trunk\Workspaces\MultiWorkSpaces_2021\0_lpc_chip_175x_6x\Release\lib0_lpc_chip_175x_6x.a(clock_17xx_40xx.o)
                0x00015242                Chip_Clock_GetPeripheralClockRate
 .text.RingBuffer_Init
                0x00015258       0x10 D:\Developpement_Robot\Robotic-System\trunk\Workspaces\MultiWorkSpaces_2021\0_lpc_chip_175x_6x\Release\lib0_lpc_chip_175x_6x.a(ring_buffer.o)
                0x00015258                RingBuffer_Init
 .text.RingBuffer_Insert
                0x00015268       0x30 D:\Developpement_Robot\Robotic-System\trunk\Workspaces\MultiWorkSpaces_2021\0_lpc_chip_175x_6x\Release\lib0_lpc_chip_175x_6x.a(ring_buffer.o)
                0x00015268                RingBuffer_Insert
 .text.RingBuffer_InsertMult
                0x00015298       0x88 D:\Developpement_Robot\Robotic-System\trunk\Workspaces\MultiWorkSpaces_2021\0_lpc_chip_175x_6x\Release\lib0_lpc_chip_175x_6x.a(ring_buffer.o)
                0x00015298                RingBuffer_InsertMult
 .text.RingBuffer_Pop
                0x00015320       0x30 D:\Developpement_Robot\Robotic-System\trunk\Workspaces\MultiWorkSpaces_2021\0_lpc_chip_175x_6x\Release\lib0_lpc_chip_175x_6x.a(ring_buffer.o)
                0x00015320                RingBuffer_Pop
 .text.RingBuffer_PopMult
                0x00015350       0x7c D:\Developpement_Robot\Robotic-System\trunk\Workspaces\MultiWorkSpaces_2021\0_lpc_chip_175x_6x\Release\lib0_lpc_chip_175x_6x.a(ring_buffer.o)
                0x00015350                RingBuffer_PopMult
 .text.RingBuffer_Count
                0x000153cc        0x8 D:\Developpement_Robot\Robotic-System\trunk\Workspaces\MultiWorkSpaces_2021\0_lpc_chip_175x_6x\Release\lib0_lpc_chip_175x_6x.a(ring_buffer.o)
                0x000153cc                RingBuffer_Count
 .text.Chip_SetupIrcClocking
                0x000153d4       0x64 D:\Developpement_Robot\Robotic-System\trunk\Workspaces\MultiWorkSpaces_2021\0_lpc_chip_175x_6x\Release\lib0_lpc_chip_175x_6x.a(sysinit_17xx_40xx.o)
                0x000153d4                Chip_SetupIrcClocking
 .text.Chip_SetupXtalClocking
                0x00015438       0xdc D:\Developpement_Robot\Robotic-System\trunk\Workspaces\MultiWorkSpaces_2021\0_lpc_chip_175x_6x\Release\lib0_lpc_chip_175x_6x.a(sysinit_17xx_40xx.o)
                0x00015438                Chip_SetupXtalClocking
 .text.Chip_SystemInit
                0x00015514        0x4 D:\Developpement_Robot\Robotic-System\trunk\Workspaces\MultiWorkSpaces_2021\0_lpc_chip_175x_6x\Release\lib0_lpc_chip_175x_6x.a(sysinit_17xx_40xx.o)
                0x00015514                Chip_SystemInit
 .text.Chip_TIMER_Init
                0x00015518       0x2c D:\Developpement_Robot\Robotic-System\trunk\Workspaces\MultiWorkSpaces_2021\0_lpc_chip_175x_6x\Release\lib0_lpc_chip_175x_6x.a(timer_17xx_40xx.o)
                0x00015518                Chip_TIMER_Init
 .text.Chip_UART_GetClockIndex
                0x00015544       0x28 D:\Developpement_Robot\Robotic-System\trunk\Workspaces\MultiWorkSpaces_2021\0_lpc_chip_175x_6x\Release\lib0_lpc_chip_175x_6x.a(uart_17xx_40xx.o)
 .text.Chip_UART_Init
                0x0001556c       0x44 D:\Developpement_Robot\Robotic-System\trunk\Workspaces\MultiWorkSpaces_2021\0_lpc_chip_175x_6x\Release\lib0_lpc_chip_175x_6x.a(uart_17xx_40xx.o)
                0x0001556c                Chip_UART_Init
 .text.Chip_UART_TXEnable
                0x000155b0        0x6 D:\Developpement_Robot\Robotic-System\trunk\Workspaces\MultiWorkSpaces_2021\0_lpc_chip_175x_6x\Release\lib0_lpc_chip_175x_6x.a(uart_17xx_40xx.o)
                0x000155b0                Chip_UART_TXEnable
 .text.Chip_UART_SetBaud
                0x000155b6       0x34 D:\Developpement_Robot\Robotic-System\trunk\Workspaces\MultiWorkSpaces_2021\0_lpc_chip_175x_6x\Release\lib0_lpc_chip_175x_6x.a(uart_17xx_40xx.o)
                0x000155b6                Chip_UART_SetBaud
 .text.Chip_UART_RXIntHandlerRB
                0x000155ea       0x22 D:\Developpement_Robot\Robotic-System\trunk\Workspaces\MultiWorkSpaces_2021\0_lpc_chip_175x_6x\Release\lib0_lpc_chip_175x_6x.a(uart_17xx_40xx.o)
                0x000155ea                Chip_UART_RXIntHandlerRB
 .text.Chip_UART_TXIntHandlerRB
                0x0001560c       0x24 D:\Developpement_Robot\Robotic-System\trunk\Workspaces\MultiWorkSpaces_2021\0_lpc_chip_175x_6x\Release\lib0_lpc_chip_175x_6x.a(uart_17xx_40xx.o)
                0x0001560c                Chip_UART_TXIntHandlerRB
 .text.Chip_UART_IRQRBHandler
                0x00015630       0x68 D:\Developpement_Robot\Robotic-System\trunk\Workspaces\MultiWorkSpaces_2021\0_lpc_chip_175x_6x\Release\lib0_lpc_chip_175x_6x.a(uart_17xx_40xx.o)
                0x00015630                Chip_UART_IRQRBHandler
 .text.Set_Clock_in
                0x00015698        0xc D:\Developpement_Robot\Robotic-System\trunk\Workspaces\MultiWorkSpaces_2021\0_lpc_board_nxp_lpcxpresso_1769\Release\lib0_lpc_board_nxp_lpcxpresso_1769.a(board.o)
                0x00015698                Set_Clock_in
 .text.Board_Init
                0x000156a4       0x12 D:\Developpement_Robot\Robotic-System\trunk\Workspaces\MultiWorkSpaces_2021\0_lpc_board_nxp_lpcxpresso_1769\Release\lib0_lpc_board_nxp_lpcxpresso_1769.a(board.o)
                0x000156a4                Board_Init
 *fill*         0x000156b6        0x2 ff
 .text          0x000156b8      0x378 c:/nxp/mcuxpressoide_11.2.1_4149/ide/plugins/com.nxp.mcuxpresso.tools.win32_11.2.0.202008311134/tools/bin/../lib/gcc/arm-none-eabi/9.2.1/thumb/v7-m/nofp\libgcc.a(_arm_addsubdf3.o)
                0x000156b8                __aeabi_drsub
                0x000156c0                __aeabi_dsub
                0x000156c0                __subdf3
                0x000156c4                __aeabi_dadd
                0x000156c4                __adddf3
                0x0001593c                __floatunsidf
                0x0001593c                __aeabi_ui2d
                0x0001595c                __floatsidf
                0x0001595c                __aeabi_i2d
                0x00015980                __aeabi_f2d
                0x00015980                __extendsfdf2
                0x000159c4                __floatundidf
                0x000159c4                __aeabi_ul2d
                0x000159d4                __floatdidf
                0x000159d4                __aeabi_l2d
 .text          0x00015a30      0x21c c:/nxp/mcuxpressoide_11.2.1_4149/ide/plugins/com.nxp.mcuxpresso.tools.win32_11.2.0.202008311134/tools/bin/../lib/gcc/arm-none-eabi/9.2.1/thumb/v7-m/nofp\libgcc.a(_arm_addsubsf3.o)
                0x00015a30                __aeabi_frsub
                0x00015a38                __subsf3
                0x00015a38                __aeabi_fsub
                0x00015a3c                __aeabi_fadd
                0x00015a3c                __addsf3
                0x00015b9c                __aeabi_ui2f
                0x00015b9c                __floatunsisf
                0x00015ba4                __aeabi_i2f
                0x00015ba4                __floatsisf
                0x00015bc0                __aeabi_ul2f
                0x00015bc0                __floatundisf
                0x00015bd0                __aeabi_l2f
                0x00015bd0                __floatdisf
 .text          0x00015c4c      0x2a0 c:/nxp/mcuxpressoide_11.2.1_4149/ide/plugins/com.nxp.mcuxpresso.tools.win32_11.2.0.202008311134/tools/bin/../lib/gcc/arm-none-eabi/9.2.1/thumb/v7-m/nofp\libgcc.a(_arm_muldivsf3.o)
                0x00015c4c                __mulsf3
                0x00015c4c                __aeabi_fmul
                0x00015db4                __aeabi_fdiv
                0x00015db4                __divsf3
 .text          0x00015eec       0xec c:/nxp/mcuxpressoide_11.2.1_4149/ide/plugins/com.nxp.mcuxpresso.tools.win32_11.2.0.202008311134/tools/bin/../lib/gcc/arm-none-eabi/9.2.1/thumb/v7-m/nofp\libgcc.a(_arm_cmpsf2.o)
                0x00015eec                __gesf2
                0x00015eec                __gtsf2
                0x00015ef4                __lesf2
                0x00015ef4                __ltsf2
                0x00015efc                __nesf2
                0x00015efc                __eqsf2
                0x00015efc                __cmpsf2
                0x00015f5c                __aeabi_cfrcmple
                0x00015f64                __aeabi_cfcmpeq
                0x00015f64                __aeabi_cfcmple
                0x00015f74                __aeabi_fcmpeq
                0x00015f88                __aeabi_fcmplt
                0x00015f9c                __aeabi_fcmple
                0x00015fb0                __aeabi_fcmpge
                0x00015fc4                __aeabi_fcmpgt
 .text          0x00015fd8       0x4c c:/nxp/mcuxpressoide_11.2.1_4149/ide/plugins/com.nxp.mcuxpresso.tools.win32_11.2.0.202008311134/tools/bin/../lib/gcc/arm-none-eabi/9.2.1/thumb/v7-m/nofp\libgcc.a(_arm_fixsfsi.o)
                0x00015fd8                __aeabi_f2iz
                0x00015fd8                __fixsfsi
 .text          0x00016024       0x40 c:/nxp/mcuxpressoide_11.2.1_4149/ide/plugins/com.nxp.mcuxpresso.tools.win32_11.2.0.202008311134/tools/bin/../lib/gcc/arm-none-eabi/9.2.1/thumb/v7-m/nofp\libgcc.a(_arm_fixunssfsi.o)
                0x00016024                __fixunssfsi
                0x00016024                __aeabi_f2uiz
 .text.memcpy   0x00016064       0x1c c:/nxp/mcuxpressoide_11.2.1_4149/ide/plugins/com.nxp.mcuxpresso.tools.win32_11.2.0.202008311134/tools/bin/../lib/gcc/arm-none-eabi/9.2.1/../../../../arm-none-eabi/lib/thumb/v7-m/nofp\libc_nano.a(lib_a-memcpy-stub.o)
                0x00016064                memcpy
 .text.memset   0x00016080       0x10 c:/nxp/mcuxpressoide_11.2.1_4149/ide/plugins/com.nxp.mcuxpresso.tools.win32_11.2.0.202008311134/tools/bin/../lib/gcc/arm-none-eabi/9.2.1/../../../../arm-none-eabi/lib/thumb/v7-m/nofp\libc_nano.a(lib_a-memset.o)
                0x00016080                memset
 .text.__cvt    0x00016090       0xbe c:/nxp/mcuxpressoide_11.2.1_4149/ide/plugins/com.nxp.mcuxpresso.tools.win32_11.2.0.202008311134/tools/bin/../lib/gcc/arm-none-eabi/9.2.1/../../../../arm-none-eabi/lib/thumb/v7-m/nofp\libc_nano.a(lib_a-nano-vfprintf_float.o)
                0x00016090                __cvt
 .text.__exponent
                0x0001614e       0x7c c:/nxp/mcuxpressoide_11.2.1_4149/ide/plugins/com.nxp.mcuxpresso.tools.win32_11.2.0.202008311134/tools/bin/../lib/gcc/arm-none-eabi/9.2.1/../../../../arm-none-eabi/lib/thumb/v7-m/nofp\libc_nano.a(lib_a-nano-vfprintf_float.o)
                0x0001614e                __exponent
 *fill*         0x000161ca        0x2 ff
 .text._printf_float
                0x000161cc      0x458 c:/nxp/mcuxpressoide_11.2.1_4149/ide/plugins/com.nxp.mcuxpresso.tools.win32_11.2.0.202008311134/tools/bin/../lib/gcc/arm-none-eabi/9.2.1/../../../../arm-none-eabi/lib/thumb/v7-m/nofp\libc_nano.a(lib_a-nano-vfprintf_float.o)
                0x000161cc                _printf_float
 .text._printf_common
                0x00016624       0xde c:/nxp/mcuxpressoide_11.2.1_4149/ide/plugins/com.nxp.mcuxpresso.tools.win32_11.2.0.202008311134/tools/bin/../lib/gcc/arm-none-eabi/9.2.1/../../../../arm-none-eabi/lib/thumb/v7-m/nofp\libc_nano.a(lib_a-nano-vfprintf_i.o)
                0x00016624                _printf_common
 *fill*         0x00016702        0x2 ff
 .text._printf_i
                0x00016704      0x24c c:/nxp/mcuxpressoide_11.2.1_4149/ide/plugins/com.nxp.mcuxpresso.tools.win32_11.2.0.202008311134/tools/bin/../lib/gcc/arm-none-eabi/9.2.1/../../../../arm-none-eabi/lib/thumb/v7-m/nofp\libc_nano.a(lib_a-nano-vfprintf_i.o)
                0x00016704                _printf_i
 .text.sprintf  0x00016950       0x40 c:/nxp/mcuxpressoide_11.2.1_4149/ide/plugins/com.nxp.mcuxpresso.tools.win32_11.2.0.202008311134/tools/bin/../lib/gcc/arm-none-eabi/9.2.1/../../../../arm-none-eabi/lib/thumb/v7-m/nofp\libc_nano.a(lib_a-sprintf.o)
                0x00016950                siprintf
                0x00016950                sprintf
 .text          0x00016990       0x10 c:/nxp/mcuxpressoide_11.2.1_4149/ide/plugins/com.nxp.mcuxpresso.tools.win32_11.2.0.202008311134/tools/bin/../lib/gcc/arm-none-eabi/9.2.1/../../../../arm-none-eabi/lib/thumb/v7-m/nofp\libc_nano.a(lib_a-strlen.o)
                0x00016990                strlen
 .text.quorem   0x000169a0      0x11a c:/nxp/mcuxpressoide_11.2.1_4149/ide/plugins/com.nxp.mcuxpresso.tools.win32_11.2.0.202008311134/tools/bin/../lib/gcc/arm-none-eabi/9.2.1/../../../../arm-none-eabi/lib/thumb/v7-m/nofp\libc_nano.a(lib_a-dtoa.o)
 *fill*         0x00016aba        0x6 ff
 .text._dtoa_r  0x00016ac0      0xba4 c:/nxp/mcuxpressoide_11.2.1_4149/ide/plugins/com.nxp.mcuxpresso.tools.win32_11.2.0.202008311134/tools/bin/../lib/gcc/arm-none-eabi/9.2.1/../../../../arm-none-eabi/lib/thumb/v7-m/nofp\libc_nano.a(lib_a-dtoa.o)
                0x00016ac0                _dtoa_r
 .text._localeconv_r
                0x00017664        0x8 c:/nxp/mcuxpressoide_11.2.1_4149/ide/plugins/com.nxp.mcuxpresso.tools.win32_11.2.0.202008311134/tools/bin/../lib/gcc/arm-none-eabi/9.2.1/../../../../arm-none-eabi/lib/thumb/v7-m/nofp\libc_nano.a(lib_a-localeconv.o)
                0x00017664                _localeconv_r
 .text.malloc   0x0001766c       0x10 c:/nxp/mcuxpressoide_11.2.1_4149/ide/plugins/com.nxp.mcuxpresso.tools.win32_11.2.0.202008311134/tools/bin/../lib/gcc/arm-none-eabi/9.2.1/../../../../arm-none-eabi/lib/thumb/v7-m/nofp\libc_nano.a(lib_a-malloc.o)
                0x0001766c                malloc
 .text.memchr   0x0001767c       0x1c c:/nxp/mcuxpressoide_11.2.1_4149/ide/plugins/com.nxp.mcuxpresso.tools.win32_11.2.0.202008311134/tools/bin/../lib/gcc/arm-none-eabi/9.2.1/../../../../arm-none-eabi/lib/thumb/v7-m/nofp\libc_nano.a(lib_a-memchr-stub.o)
                0x0001767c                memchr
 .text._Balloc  0x00017698       0x68 c:/nxp/mcuxpressoide_11.2.1_4149/ide/plugins/com.nxp.mcuxpresso.tools.win32_11.2.0.202008311134/tools/bin/../lib/gcc/arm-none-eabi/9.2.1/../../../../arm-none-eabi/lib/thumb/v7-m/nofp\libc_nano.a(lib_a-mprec.o)
                0x00017698                _Balloc
 .text._Bfree   0x00017700       0x2e c:/nxp/mcuxpressoide_11.2.1_4149/ide/plugins/com.nxp.mcuxpresso.tools.win32_11.2.0.202008311134/tools/bin/../lib/gcc/arm-none-eabi/9.2.1/../../../../arm-none-eabi/lib/thumb/v7-m/nofp\libc_nano.a(lib_a-mprec.o)
                0x00017700                _Bfree
 .text.__multadd
                0x0001772e       0x7c c:/nxp/mcuxpressoide_11.2.1_4149/ide/plugins/com.nxp.mcuxpresso.tools.win32_11.2.0.202008311134/tools/bin/../lib/gcc/arm-none-eabi/9.2.1/../../../../arm-none-eabi/lib/thumb/v7-m/nofp\libc_nano.a(lib_a-mprec.o)
                0x0001772e                __multadd
 .text.__hi0bits
                0x000177aa       0x40 c:/nxp/mcuxpressoide_11.2.1_4149/ide/plugins/com.nxp.mcuxpresso.tools.win32_11.2.0.202008311134/tools/bin/../lib/gcc/arm-none-eabi/9.2.1/../../../../arm-none-eabi/lib/thumb/v7-m/nofp\libc_nano.a(lib_a-mprec.o)
                0x000177aa                __hi0bits
 .text.__lo0bits
                0x000177ea       0x5c c:/nxp/mcuxpressoide_11.2.1_4149/ide/plugins/com.nxp.mcuxpresso.tools.win32_11.2.0.202008311134/tools/bin/../lib/gcc/arm-none-eabi/9.2.1/../../../../arm-none-eabi/lib/thumb/v7-m/nofp\libc_nano.a(lib_a-mprec.o)
                0x000177ea                __lo0bits
 .text.__i2b    0x00017846       0x12 c:/nxp/mcuxpressoide_11.2.1_4149/ide/plugins/com.nxp.mcuxpresso.tools.win32_11.2.0.202008311134/tools/bin/../lib/gcc/arm-none-eabi/9.2.1/../../../../arm-none-eabi/lib/thumb/v7-m/nofp\libc_nano.a(lib_a-mprec.o)
                0x00017846                __i2b
 .text.__multiply
                0x00017858      0x136 c:/nxp/mcuxpressoide_11.2.1_4149/ide/plugins/com.nxp.mcuxpresso.tools.win32_11.2.0.202008311134/tools/bin/../lib/gcc/arm-none-eabi/9.2.1/../../../../arm-none-eabi/lib/thumb/v7-m/nofp\libc_nano.a(lib_a-mprec.o)
                0x00017858                __multiply
 *fill*         0x0001798e        0x2 ff
 .text.__pow5mult
                0x00017990       0x9c c:/nxp/mcuxpressoide_11.2.1_4149/ide/plugins/com.nxp.mcuxpresso.tools.win32_11.2.0.202008311134/tools/bin/../lib/gcc/arm-none-eabi/9.2.1/../../../../arm-none-eabi/lib/thumb/v7-m/nofp\libc_nano.a(lib_a-mprec.o)
                0x00017990                __pow5mult
 .text.__lshift
                0x00017a2c       0xbe c:/nxp/mcuxpressoide_11.2.1_4149/ide/plugins/com.nxp.mcuxpresso.tools.win32_11.2.0.202008311134/tools/bin/../lib/gcc/arm-none-eabi/9.2.1/../../../../arm-none-eabi/lib/thumb/v7-m/nofp\libc_nano.a(lib_a-mprec.o)
                0x00017a2c                __lshift
 .text.__mcmp   0x00017aea       0x36 c:/nxp/mcuxpressoide_11.2.1_4149/ide/plugins/com.nxp.mcuxpresso.tools.win32_11.2.0.202008311134/tools/bin/../lib/gcc/arm-none-eabi/9.2.1/../../../../arm-none-eabi/lib/thumb/v7-m/nofp\libc_nano.a(lib_a-mprec.o)
                0x00017aea                __mcmp
 .text.__mdiff  0x00017b20       0xf8 c:/nxp/mcuxpressoide_11.2.1_4149/ide/plugins/com.nxp.mcuxpresso.tools.win32_11.2.0.202008311134/tools/bin/../lib/gcc/arm-none-eabi/9.2.1/../../../../arm-none-eabi/lib/thumb/v7-m/nofp\libc_nano.a(lib_a-mprec.o)
                0x00017b20                __mdiff
 .text.__d2b    0x00017c18       0x9e c:/nxp/mcuxpressoide_11.2.1_4149/ide/plugins/com.nxp.mcuxpresso.tools.win32_11.2.0.202008311134/tools/bin/../lib/gcc/arm-none-eabi/9.2.1/../../../../arm-none-eabi/lib/thumb/v7-m/nofp\libc_nano.a(lib_a-mprec.o)
                0x00017c18                __d2b
 .text._calloc_r
                0x00017cb6       0x1c c:/nxp/mcuxpressoide_11.2.1_4149/ide/plugins/com.nxp.mcuxpresso.tools.win32_11.2.0.202008311134/tools/bin/../lib/gcc/arm-none-eabi/9.2.1/../../../../arm-none-eabi/lib/thumb/v7-m/nofp\libc_nano.a(lib_a-nano-callocr.o)
                0x00017cb6                _calloc_r
 *fill*         0x00017cd2        0x2 ff
 .text._free_r  0x00017cd4       0x98 c:/nxp/mcuxpressoide_11.2.1_4149/ide/plugins/com.nxp.mcuxpresso.tools.win32_11.2.0.202008311134/tools/bin/../lib/gcc/arm-none-eabi/9.2.1/../../../../arm-none-eabi/lib/thumb/v7-m/nofp\libc_nano.a(lib_a-nano-freer.o)
                0x00017cd4                _free_r
 .text._malloc_r
                0x00017d6c       0xb4 c:/nxp/mcuxpressoide_11.2.1_4149/ide/plugins/com.nxp.mcuxpresso.tools.win32_11.2.0.202008311134/tools/bin/../lib/gcc/arm-none-eabi/9.2.1/../../../../arm-none-eabi/lib/thumb/v7-m/nofp\libc_nano.a(lib_a-nano-mallocr.o)
                0x00017d6c                _malloc_r
 .text.__ssputs_r
                0x00017e20       0xb6 c:/nxp/mcuxpressoide_11.2.1_4149/ide/plugins/com.nxp.mcuxpresso.tools.win32_11.2.0.202008311134/tools/bin/../lib/gcc/arm-none-eabi/9.2.1/../../../../arm-none-eabi/lib/thumb/v7-m/nofp\libc_nano.a(lib_a-nano-svfprintf.o)
                0x00017e20                __ssputs_r
 *fill*         0x00017ed6        0x2 ff
 .text._svfprintf_r
                0x00017ed8      0x200 c:/nxp/mcuxpressoide_11.2.1_4149/ide/plugins/com.nxp.mcuxpresso.tools.win32_11.2.0.202008311134/tools/bin/../lib/gcc/arm-none-eabi/9.2.1/../../../../arm-none-eabi/lib/thumb/v7-m/nofp\libc_nano.a(lib_a-nano-svfprintf.o)
                0x00017ed8                _svfiprintf_r
                0x00017ed8                _svfprintf_r
 .text._sbrk_r  0x000180d8       0x20 c:/nxp/mcuxpressoide_11.2.1_4149/ide/plugins/com.nxp.mcuxpresso.tools.win32_11.2.0.202008311134/tools/bin/../lib/gcc/arm-none-eabi/9.2.1/../../../../arm-none-eabi/lib/thumb/v7-m/nofp\libc_nano.a(lib_a-sbrkr.o)
                0x000180d8                _sbrk_r
 .text.__ascii_mbtowc
                0x000180f8       0x24 c:/nxp/mcuxpressoide_11.2.1_4149/ide/plugins/com.nxp.mcuxpresso.tools.win32_11.2.0.202008311134/tools/bin/../lib/gcc/arm-none-eabi/9.2.1/../../../../arm-none-eabi/lib/thumb/v7-m/nofp\libc_nano.a(lib_a-mbtowc_r.o)
                0x000180f8                __ascii_mbtowc
 .text.memmove  0x0001811c       0x34 c:/nxp/mcuxpressoide_11.2.1_4149/ide/plugins/com.nxp.mcuxpresso.tools.win32_11.2.0.202008311134/tools/bin/../lib/gcc/arm-none-eabi/9.2.1/../../../../arm-none-eabi/lib/thumb/v7-m/nofp\libc_nano.a(lib_a-memmove.o)
                0x0001811c                memmove
 .text.__malloc_lock
                0x00018150        0xc c:/nxp/mcuxpressoide_11.2.1_4149/ide/plugins/com.nxp.mcuxpresso.tools.win32_11.2.0.202008311134/tools/bin/../lib/gcc/arm-none-eabi/9.2.1/../../../../arm-none-eabi/lib/thumb/v7-m/nofp\libc_nano.a(lib_a-mlock.o)
                0x00018150                __malloc_lock
 .text.__malloc_unlock
                0x0001815c        0xc c:/nxp/mcuxpressoide_11.2.1_4149/ide/plugins/com.nxp.mcuxpresso.tools.win32_11.2.0.202008311134/tools/bin/../lib/gcc/arm-none-eabi/9.2.1/../../../../arm-none-eabi/lib/thumb/v7-m/nofp\libc_nano.a(lib_a-mlock.o)
                0x0001815c                __malloc_unlock
 .text._realloc_r
                0x00018168       0x4c c:/nxp/mcuxpressoide_11.2.1_4149/ide/plugins/com.nxp.mcuxpresso.tools.win32_11.2.0.202008311134/tools/bin/../lib/gcc/arm-none-eabi/9.2.1/../../../../arm-none-eabi/lib/thumb/v7-m/nofp\libc_nano.a(lib_a-nano-reallocr.o)
                0x00018168                _realloc_r
 .text.__ascii_wctomb
                0x000181b4       0x1a c:/nxp/mcuxpressoide_11.2.1_4149/ide/plugins/com.nxp.mcuxpresso.tools.win32_11.2.0.202008311134/tools/bin/../lib/gcc/arm-none-eabi/9.2.1/../../../../arm-none-eabi/lib/thumb/v7-m/nofp\libc_nano.a(lib_a-wctomb_r.o)
                0x000181b4                __ascii_wctomb
 .text.__retarget_lock_acquire_recursive
                0x000181ce        0x2 c:/nxp/mcuxpressoide_11.2.1_4149/ide/plugins/com.nxp.mcuxpresso.tools.win32_11.2.0.202008311134/tools/bin/../lib/gcc/arm-none-eabi/9.2.1/../../../../arm-none-eabi/lib/thumb/v7-m/nofp\libc_nano.a(lib_a-lock.o)
                0x000181ce                __retarget_lock_acquire_recursive
 .text.__retarget_lock_release_recursive
                0x000181d0        0x2 c:/nxp/mcuxpressoide_11.2.1_4149/ide/plugins/com.nxp.mcuxpresso.tools.win32_11.2.0.202008311134/tools/bin/../lib/gcc/arm-none-eabi/9.2.1/../../../../arm-none-eabi/lib/thumb/v7-m/nofp\libc_nano.a(lib_a-lock.o)
                0x000181d0                __retarget_lock_release_recursive
 .text._malloc_usable_size_r
                0x000181d2       0x10 c:/nxp/mcuxpressoide_11.2.1_4149/ide/plugins/com.nxp.mcuxpresso.tools.win32_11.2.0.202008311134/tools/bin/../lib/gcc/arm-none-eabi/9.2.1/../../../../arm-none-eabi/lib/thumb/v7-m/nofp\libc_nano.a(lib_a-nano-msizer.o)
                0x000181d2                _malloc_usable_size_r
 *fill*         0x000181e2        0x2 ff
 .text.sqrtf    0x000181e4       0xa4 c:/nxp/mcuxpressoide_11.2.1_4149/ide/plugins/com.nxp.mcuxpresso.tools.win32_11.2.0.202008311134/tools/bin/../lib/gcc/arm-none-eabi/9.2.1/../../../../arm-none-eabi/lib/thumb/v7-m/nofp\libm.a(lib_a-wf_sqrt.o)
                0x000181e4                sqrtf
 .text.__ieee754_sqrtf
                0x00018288       0xa8 c:/nxp/mcuxpressoide_11.2.1_4149/ide/plugins/com.nxp.mcuxpresso.tools.win32_11.2.0.202008311134/tools/bin/../lib/gcc/arm-none-eabi/9.2.1/../../../../arm-none-eabi/lib/thumb/v7-m/nofp\libm.a(lib_a-ef_sqrt.o)
                0x00018288                __ieee754_sqrtf
 .text.matherr  0x00018330        0x4 c:/nxp/mcuxpressoide_11.2.1_4149/ide/plugins/com.nxp.mcuxpresso.tools.win32_11.2.0.202008311134/tools/bin/../lib/gcc/arm-none-eabi/9.2.1/../../../../arm-none-eabi/lib/thumb/v7-m/nofp\libm.a(lib_a-s_matherr.o)
                0x00018330                matherr
 .text._sbrk    0x00018334       0x3c c:/nxp/mcuxpressoide_11.2.1_4149/ide/plugins/com.nxp.mcuxpresso.tools.win32_11.2.0.202008311134/tools/bin/../lib/gcc/arm-none-eabi/9.2.1/../../../../arm-none-eabi/lib/thumb/v7-m/nofp\libcr_newlib_none.a(_cr_sbrk.o)
                0x00018334                _sbrk
 .text.__check_heap_overflow
                0x00018370       0x14 c:/nxp/mcuxpressoide_11.2.1_4149/ide/plugins/com.nxp.mcuxpresso.tools.win32_11.2.0.202008311134/tools/bin/../lib/gcc/arm-none-eabi/9.2.1/../../../../arm-none-eabi/lib/thumb/v7-m/nofp\libcr_newlib_none.a(_cr_check_heap.o)
                0x00018370                __check_heap_overflow
 .text          0x00018384      0x424 c:/nxp/mcuxpressoide_11.2.1_4149/ide/plugins/com.nxp.mcuxpresso.tools.win32_11.2.0.202008311134/tools/bin/../lib/gcc/arm-none-eabi/9.2.1/thumb/v7-m/nofp\libgcc.a(_arm_muldivdf3.o)
                0x00018384                __aeabi_dmul
                0x00018384                __muldf3
                0x000185d8                __divdf3
                0x000185d8                __aeabi_ddiv
 .text          0x000187a8      0x110 c:/nxp/mcuxpressoide_11.2.1_4149/ide/plugins/com.nxp.mcuxpresso.tools.win32_11.2.0.202008311134/tools/bin/../lib/gcc/arm-none-eabi/9.2.1/thumb/v7-m/nofp\libgcc.a(_arm_cmpdf2.o)
                0x000187a8                __gtdf2
                0x000187a8                __gedf2
                0x000187b0                __ltdf2
                0x000187b0                __ledf2
                0x000187b8                __nedf2
                0x000187b8                __eqdf2
                0x000187b8                __cmpdf2
                0x00018834                __aeabi_cdrcmple
                0x00018844                __aeabi_cdcmpeq
                0x00018844                __aeabi_cdcmple
                0x00018854                __aeabi_dcmpeq
                0x00018868                __aeabi_dcmplt
                0x0001887c                __aeabi_dcmple
                0x00018890                __aeabi_dcmpge
                0x000188a4                __aeabi_dcmpgt
 .text          0x000188b8       0x2c c:/nxp/mcuxpressoide_11.2.1_4149/ide/plugins/com.nxp.mcuxpresso.tools.win32_11.2.0.202008311134/tools/bin/../lib/gcc/arm-none-eabi/9.2.1/thumb/v7-m/nofp\libgcc.a(_arm_unorddf2.o)
                0x000188b8                __unorddf2
                0x000188b8                __aeabi_dcmpun
 .text          0x000188e4       0x50 c:/nxp/mcuxpressoide_11.2.1_4149/ide/plugins/com.nxp.mcuxpresso.tools.win32_11.2.0.202008311134/tools/bin/../lib/gcc/arm-none-eabi/9.2.1/thumb/v7-m/nofp\libgcc.a(_arm_fixdfsi.o)
                0x000188e4                __aeabi_d2iz
                0x000188e4                __fixdfsi
 .text          0x00018934       0xa0 c:/nxp/mcuxpressoide_11.2.1_4149/ide/plugins/com.nxp.mcuxpresso.tools.win32_11.2.0.202008311134/tools/bin/../lib/gcc/arm-none-eabi/9.2.1/thumb/v7-m/nofp\libgcc.a(_arm_truncdfsf2.o)
                0x00018934                __truncdfsf2
                0x00018934                __aeabi_d2f
 .text          0x000189d4       0x2c c:/nxp/mcuxpressoide_11.2.1_4149/ide/plugins/com.nxp.mcuxpresso.tools.win32_11.2.0.202008311134/tools/bin/../lib/gcc/arm-none-eabi/9.2.1/thumb/v7-m/nofp\libgcc.a(_arm_unordsf2.o)
                0x000189d4                __unordsf2
                0x000189d4                __aeabi_fcmpun
 .text.__errno  0x00018a00        0xc c:/nxp/mcuxpressoide_11.2.1_4149/ide/plugins/com.nxp.mcuxpresso.tools.win32_11.2.0.202008311134/tools/bin/../lib/gcc/arm-none-eabi/9.2.1/../../../../arm-none-eabi/lib/thumb/v7-m/nofp\libc_nano.a(lib_a-errno.o)
                0x00018a00                __errno
 *(.rodata .rodata.* .constdata .constdata.*)
 .rodata        0x00018a0c        0xf ./src/IA_2021_V0.o
 *fill*         0x00018a1b        0x1 ff
 .rodata        0x00018a1c       0x1f ./src/Init.o
 *fill*         0x00018a3b        0x1 ff
 .rodata        0x00018a3c       0xba ./src/test.o
 *fill*         0x00018af6        0x2 ff
 .rodata        0x00018af8       0x29 ./freertos/src/FreeRTOSCommonHooks.o
 *fill*         0x00018b21        0x3 ff
 .rodata.vTaskStartScheduler.str1.4
                0x00018b24        0x5 ./freertos/src/tasks.o
 *fill*         0x00018b29        0x3 ff
 .rodata.prvCheckForValidListAndQueue.str1.4
                0x00018b2c        0x5 ./freertos/src/timers.o
 *fill*         0x00018b31        0x3 ff
 .rodata.xTimerCreateTimerTask.str1.4
                0x00018b34        0x8 ./freertos/src/timers.o
 .rodata        0x00018b3c      0x22a ./Strategie/Strategie_Level0/Deplacement/0_Deplacements.o
 *fill*         0x00018d66        0x2 ff
 .rodata        0x00018d68       0x9b ./Strategie/Strategie.o
 *fill*         0x00018e03        0x1 ff
 .rodata        0x00018e04       0x25 ./Communication/0_Communication.o
 *fill*         0x00018e29        0x3 ff
 .rodata        0x00018e2c       0x30 ./Communication/1_Trame_Communication.o
 .rodata        0x00018e5c      0x158 ./Communication/2_Echange_Datas.o
 .rodata.MainOscPLL0conf_12
                0x00018fb4       0xf0 D:\Developpement_Robot\Robotic-System\trunk\Workspaces\MultiWorkSpaces_2021\0_lpc_chip_175x_6x\Release\lib0_lpc_chip_175x_6x.a(sysinit_17xx_40xx.o)
 .rodata.MainOscPLL0conf_16
                0x000190a4       0xb0 D:\Developpement_Robot\Robotic-System\trunk\Workspaces\MultiWorkSpaces_2021\0_lpc_chip_175x_6x\Release\lib0_lpc_chip_175x_6x.a(sysinit_17xx_40xx.o)
 .rodata.RTCOscRateIn
                0x00019154        0x4 D:\Developpement_Robot\Robotic-System\trunk\Workspaces\MultiWorkSpaces_2021\0_lpc_board_nxp_lpcxpresso_1769\Release\lib0_lpc_board_nxp_lpcxpresso_1769.a(board.o)
                0x00019154                RTCOscRateIn
 .rodata._printf_float.str1.1
                0x00019158       0x12 c:/nxp/mcuxpressoide_11.2.1_4149/ide/plugins/com.nxp.mcuxpresso.tools.win32_11.2.0.202008311134/tools/bin/../lib/gcc/arm-none-eabi/9.2.1/../../../../arm-none-eabi/lib/thumb/v7-m/nofp\libc_nano.a(lib_a-nano-vfprintf_float.o)
 .rodata._printf_i.str1.1
                0x0001916a       0x22 c:/nxp/mcuxpressoide_11.2.1_4149/ide/plugins/com.nxp.mcuxpresso.tools.win32_11.2.0.202008311134/tools/bin/../lib/gcc/arm-none-eabi/9.2.1/../../../../arm-none-eabi/lib/thumb/v7-m/nofp\libc_nano.a(lib_a-nano-vfprintf_i.o)
 .rodata._dtoa_r.str1.1
                0x0001918c        0xd c:/nxp/mcuxpressoide_11.2.1_4149/ide/plugins/com.nxp.mcuxpresso.tools.win32_11.2.0.202008311134/tools/bin/../lib/gcc/arm-none-eabi/9.2.1/../../../../arm-none-eabi/lib/thumb/v7-m/nofp\libc_nano.a(lib_a-dtoa.o)
                                  0xf (size before relaxing)
 *fill*         0x00019199        0x7 ff
 .rodata.__mprec_bigtens
                0x000191a0       0x28 c:/nxp/mcuxpressoide_11.2.1_4149/ide/plugins/com.nxp.mcuxpresso.tools.win32_11.2.0.202008311134/tools/bin/../lib/gcc/arm-none-eabi/9.2.1/../../../../arm-none-eabi/lib/thumb/v7-m/nofp\libc_nano.a(lib_a-mprec.o)
                0x000191a0                __mprec_bigtens
 .rodata.__mprec_tens
                0x000191c8       0xc8 c:/nxp/mcuxpressoide_11.2.1_4149/ide/plugins/com.nxp.mcuxpresso.tools.win32_11.2.0.202008311134/tools/bin/../lib/gcc/arm-none-eabi/9.2.1/../../../../arm-none-eabi/lib/thumb/v7-m/nofp\libc_nano.a(lib_a-mprec.o)
                0x000191c8                __mprec_tens
 .rodata.p05.6127
                0x00019290        0xc c:/nxp/mcuxpressoide_11.2.1_4149/ide/plugins/com.nxp.mcuxpresso.tools.win32_11.2.0.202008311134/tools/bin/../lib/gcc/arm-none-eabi/9.2.1/../../../../arm-none-eabi/lib/thumb/v7-m/nofp\libc_nano.a(lib_a-mprec.o)
 .rodata._svfprintf_r.str1.1
                0x0001929c       0x11 c:/nxp/mcuxpressoide_11.2.1_4149/ide/plugins/com.nxp.mcuxpresso.tools.win32_11.2.0.202008311134/tools/bin/../lib/gcc/arm-none-eabi/9.2.1/../../../../arm-none-eabi/lib/thumb/v7-m/nofp\libc_nano.a(lib_a-nano-svfprintf.o)
 .rodata._setlocale_r.str1.1
                0x000192ad        0x8 c:/nxp/mcuxpressoide_11.2.1_4149/ide/plugins/com.nxp.mcuxpresso.tools.win32_11.2.0.202008311134/tools/bin/../lib/gcc/arm-none-eabi/9.2.1/../../../../arm-none-eabi/lib/thumb/v7-m/nofp\libc_nano.a(lib_a-locale.o)
                                  0x9 (size before relaxing)
 .rodata.str1.1
                0x000192b5        0x2 c:/nxp/mcuxpressoide_11.2.1_4149/ide/plugins/com.nxp.mcuxpresso.tools.win32_11.2.0.202008311134/tools/bin/../lib/gcc/arm-none-eabi/9.2.1/../../../../arm-none-eabi/lib/thumb/v7-m/nofp\libc_nano.a(lib_a-locale.o)
 .rodata._ctype_
                0x000192b7      0x101 c:/nxp/mcuxpressoide_11.2.1_4149/ide/plugins/com.nxp.mcuxpresso.tools.win32_11.2.0.202008311134/tools/bin/../lib/gcc/arm-none-eabi/9.2.1/../../../../arm-none-eabi/lib/thumb/v7-m/nofp\libc_nano.a(lib_a-ctype_.o)
                0x000192b7                _ctype_
 .rodata.sqrtf.str1.4
                0x000193b8        0x6 c:/nxp/mcuxpressoide_11.2.1_4149/ide/plugins/com.nxp.mcuxpresso.tools.win32_11.2.0.202008311134/tools/bin/../lib/gcc/arm-none-eabi/9.2.1/../../../../arm-none-eabi/lib/thumb/v7-m/nofp\libm.a(lib_a-wf_sqrt.o)
                0x000193c0                . = ALIGN (0x4)
 *fill*         0x000193be        0x2 ff

.glue_7         0x000193c0        0x0
 .glue_7        0x000193c0        0x0 linker stubs

.glue_7t        0x000193c0        0x0
 .glue_7t       0x000193c0        0x0 linker stubs

.vfp11_veneer   0x000193c0        0x0
 .vfp11_veneer  0x000193c0        0x0 linker stubs

.v4_bx          0x000193c0        0x0
 .v4_bx         0x000193c0        0x0 linker stubs

.iplt           0x000193c0        0x0
 .iplt          0x000193c0        0x0 ./src/IA_2021_V0.o

.rel.dyn        0x000193c0        0x0
 .rel.iplt      0x000193c0        0x0 ./src/IA_2021_V0.o

.ARM.extab
 *(.ARM.extab* .gnu.linkonce.armextab.*)

.ARM.exidx      0x000193c0        0x0
                0x000193c0                __exidx_start = .
 *(.ARM.exidx* .gnu.linkonce.armexidx.*)
                0x000193c0                __exidx_end = .
                0x000193c0                _etext = .

.data_RAM2      0x2007c000        0x0 load address 0x000193c0
 FILL mask 0xff
                [!provide]                PROVIDE (__start_data_RAM2 = .)
                [!provide]                PROVIDE (__start_data_Ram_USB = .)
 *(.ramfunc.$RAM2)
 *(.ramfunc.$Ram_USB)
 *(.data.$RAM2)
 *(.data.$Ram_USB)
 *(.data.$RAM2.*)
 *(.data.$Ram_USB.*)
                0x2007c000                . = ALIGN (0x4)
                [!provide]                PROVIDE (__end_data_RAM2 = .)
                [!provide]                PROVIDE (__end_data_Ram_USB = .)

.data_RAM3      0x2007c800        0x0 load address 0x000193c0
 FILL mask 0xff
                [!provide]                PROVIDE (__start_data_RAM3 = .)
                [!provide]                PROVIDE (__start_data_RAM3 = .)
 *(.ramfunc.$RAM3)
 *(.ramfunc.$RAM3)
 *(.data.$RAM3)
 *(.data.$RAM3)
 *(.data.$RAM3.*)
 *(.data.$RAM3.*)
                0x2007c800                . = ALIGN (0x4)
                [!provide]                PROVIDE (__end_data_RAM3 = .)
                [!provide]                PROVIDE (__end_data_RAM3 = .)

.uninit_RESERVED
                0x10000000        0x0
                0x10000000                _start_uninit_RESERVED = .
 *(.bss.$RESERVED*)
                0x10000000                . = ALIGN (0x4)
                0x10000000                _end_uninit_RESERVED = .

.data           0x10000000      0x1ec load address 0x000193c0
 FILL mask 0xff
                0x10000000                _data = .
                [!provide]                PROVIDE (__start_data_RAM = .)
                [!provide]                PROVIDE (__start_data_RamLoc32 = .)
 *(vtable)
 *(.ramfunc*)
 *(CodeQuickAccess)
 *(DataQuickAccess)
 *(RamFunction)
 *(.data*)
 .data.xHeapRegions
                0x10000000       0x10 ./src/IA_2021_V0.o
 .data.uxCriticalNesting
                0x10000010        0x4 ./freertos/src/port.o
 .data.OscRateIn
                0x10000014        0x4 D:\Developpement_Robot\Robotic-System\trunk\Workspaces\MultiWorkSpaces_2021\0_lpc_board_nxp_lpcxpresso_1769\Release\lib0_lpc_board_nxp_lpcxpresso_1769.a(board.o)
                0x10000014                OscRateIn
 .data._impure_ptr
                0x10000018        0x4 c:/nxp/mcuxpressoide_11.2.1_4149/ide/plugins/com.nxp.mcuxpresso.tools.win32_11.2.0.202008311134/tools/bin/../lib/gcc/arm-none-eabi/9.2.1/../../../../arm-none-eabi/lib/thumb/v7-m/nofp\libc_nano.a(lib_a-impure.o)
                0x10000018                _impure_ptr
 .data.impure_data
                0x1000001c       0x60 c:/nxp/mcuxpressoide_11.2.1_4149/ide/plugins/com.nxp.mcuxpresso.tools.win32_11.2.0.202008311134/tools/bin/../lib/gcc/arm-none-eabi/9.2.1/../../../../arm-none-eabi/lib/thumb/v7-m/nofp\libc_nano.a(lib_a-impure.o)
 .data.__global_locale
                0x1000007c      0x16c c:/nxp/mcuxpressoide_11.2.1_4149/ide/plugins/com.nxp.mcuxpresso.tools.win32_11.2.0.202008311134/tools/bin/../lib/gcc/arm-none-eabi/9.2.1/../../../../arm-none-eabi/lib/thumb/v7-m/nofp\libc_nano.a(lib_a-locale.o)
                0x1000007c                __global_locale
 .data.__fdlib_version
                0x100001e8        0x1 c:/nxp/mcuxpressoide_11.2.1_4149/ide/plugins/com.nxp.mcuxpresso.tools.win32_11.2.0.202008311134/tools/bin/../lib/gcc/arm-none-eabi/9.2.1/../../../../arm-none-eabi/lib/thumb/v7-m/nofp\libm.a(lib_a-s_lib_ver.o)
                0x100001e8                __fdlib_version
                0x100001ec                . = ALIGN (0x4)
 *fill*         0x100001e9        0x3 ff
                0x100001ec                _edata = .
                [!provide]                PROVIDE (__end_data_RAM = .)
                [!provide]                PROVIDE (__end_data_RamLoc32 = .)

.igot.plt       0x100001ec        0x0 load address 0x000195ac
 .igot.plt      0x100001ec        0x0 ./src/IA_2021_V0.o

.bss_RAM2       0x2007c000        0x0
                [!provide]                PROVIDE (__start_bss_RAM2 = .)
                [!provide]                PROVIDE (__start_bss_Ram_USB = .)
 *(.bss.$RAM2)
 *(.bss.$Ram_USB)
 *(.bss.$RAM2.*)
 *(.bss.$Ram_USB.*)
                0x2007c000                . = ALIGN ((. != 0x0)?0x4:0x1)
                [!provide]                PROVIDE (__end_bss_RAM2 = .)
                [!provide]                PROVIDE (__end_bss_Ram_USB = .)

.bss_RAM3       0x2007c800     0x4438
                [!provide]                PROVIDE (__start_bss_RAM3 = .)
                [!provide]                PROVIDE (__start_bss_RAM3 = .)
 *(.bss.$RAM3)
 .bss.$RAM3     0x2007c800      0x19e ./freertos/src/FreeRTOSCommonHooks.o
 *fill*         0x2007c99e        0x2 
 .bss.$RAM3     0x2007c9a0       0xd8 ./Strategie/Strategie_Level0/0_Infos.o
 .bss.$RAM3     0x2007ca78      0x41c ./Pathfinding/Astar/Astar.o
 .bss.$RAM3     0x2007ce94      0x480 ./Communication/0_Communication.o
 .bss.$RAM3     0x2007d314       0x93 ./Communication/1_Trame_Communication.o
 *fill*         0x2007d3a7        0x1 
 .bss.$RAM3     0x2007d3a8       0x46 ./Communication/2_Echange_Data_Strategie.o
 *fill*         0x2007d3ee        0x2 
 .bss.$RAM3     0x2007d3f0       0x46 ./Communication/2_Echange_Datas.o
 *(.bss.$RAM3)
 *(.bss.$RAM3.*)
 *fill*         0x2007d436        0x2 
 .bss.$RAM3.    0x2007d438     0x3800 ./src/IA_2021_V0.o
 *(.bss.$RAM3.*)
                0x20080c38                . = ALIGN ((. != 0x0)?0x4:0x1)
                [!provide]                PROVIDE (__end_bss_RAM3 = .)
                [!provide]                PROVIDE (__end_bss_RAM3 = .)

.bss            0x100001ec     0x5248
                0x100001ec                _bss = .
                [!provide]                PROVIDE (__start_bss_RAM = .)
                [!provide]                PROVIDE (__start_bss_RamLoc32 = .)
 *(.bss*)
 .bss.str.10354
                0x100001ec       0x46 ./src/test.o
 *fill*         0x10000232        0x2 
 .bss.pxEnd     0x10000234        0x4 ./freertos/src/heap_5.o
 .bss.xBlockAllocatedBit
                0x10000238        0x4 ./freertos/src/heap_5.o
 .bss.xFreeBytesRemaining
                0x1000023c        0x4 ./freertos/src/heap_5.o
 .bss.xMinimumEverFreeBytesRemaining
                0x10000240        0x4 ./freertos/src/heap_5.o
 .bss.xNumberOfSuccessfulAllocations
                0x10000244        0x4 ./freertos/src/heap_5.o
 .bss.xNumberOfSuccessfulFrees
                0x10000248        0x4 ./freertos/src/heap_5.o
 .bss.xStart    0x1000024c        0x8 ./freertos/src/heap_5.o
 .bss.xQueueRegistry
                0x10000254       0x50 ./freertos/src/queue.o
                0x10000254                xQueueRegistry
 .bss.pxCurrentTCB
                0x100002a4        0x4 ./freertos/src/tasks.o
                0x100002a4                pxCurrentTCB
 .bss.pxDelayedTaskList
                0x100002a8        0x4 ./freertos/src/tasks.o
 .bss.pxOverflowDelayedTaskList
                0x100002ac        0x4 ./freertos/src/tasks.o
 .bss.pxReadyTasksLists
                0x100002b0       0x64 ./freertos/src/tasks.o
 .bss.uxCurrentNumberOfTasks
                0x10000314        0x4 ./freertos/src/tasks.o
 .bss.uxDeletedTasksWaitingCleanUp
                0x10000318        0x4 ./freertos/src/tasks.o
 .bss.uxSchedulerSuspended
                0x1000031c        0x4 ./freertos/src/tasks.o
 .bss.uxTaskNumber
                0x10000320        0x4 ./freertos/src/tasks.o
 .bss.uxTopReadyPriority
                0x10000324        0x4 ./freertos/src/tasks.o
 .bss.xDelayedTaskList1
                0x10000328       0x14 ./freertos/src/tasks.o
 .bss.xDelayedTaskList2
                0x1000033c       0x14 ./freertos/src/tasks.o
 .bss.xIdleTaskHandle
                0x10000350        0x4 ./freertos/src/tasks.o
 .bss.xNextTaskUnblockTime
                0x10000354        0x4 ./freertos/src/tasks.o
 .bss.xNumOfOverflows
                0x10000358        0x4 ./freertos/src/tasks.o
 .bss.xPendedTicks
                0x1000035c        0x4 ./freertos/src/tasks.o
 .bss.xPendingReadyList
                0x10000360       0x14 ./freertos/src/tasks.o
 .bss.xSchedulerRunning
                0x10000374        0x4 ./freertos/src/tasks.o
 .bss.xSuspendedTaskList
                0x10000378       0x14 ./freertos/src/tasks.o
 .bss.xTasksWaitingTermination
                0x1000038c       0x14 ./freertos/src/tasks.o
 .bss.xTickCount
                0x100003a0        0x4 ./freertos/src/tasks.o
 .bss.xYieldPending
                0x100003a4        0x4 ./freertos/src/tasks.o
 .bss.pxCurrentTimerList
                0x100003a8        0x4 ./freertos/src/timers.o
 .bss.pxOverflowTimerList
                0x100003ac        0x4 ./freertos/src/timers.o
 .bss.xActiveTimerList1
                0x100003b0       0x14 ./freertos/src/timers.o
 .bss.xActiveTimerList2
                0x100003c4       0x14 ./freertos/src/timers.o
 .bss.xLastTime.9167
                0x100003d8        0x4 ./freertos/src/timers.o
 .bss.xTimerQueue
                0x100003dc        0x4 ./freertos/src/timers.o
 .bss.xTimerTaskHandle
                0x100003e0        0x4 ./freertos/src/timers.o
 .bss.Astar_Task_Handler
                0x100003e4        0x4 ./Strategie/Strategie_Level0/Deplacement/0_Deplacements.o
                0x100003e4                Astar_Task_Handler
 .bss._0_Deplacement_EventGroup
                0x100003e8        0x4 ./Strategie/Strategie_Level0/Deplacement/0_Deplacements.o
                0x100003e8                _0_Deplacement_EventGroup
 .bss.xMutex_Protection
                0x100003ec        0x4 ./Strategie/Strategie_Level0/0_Infos.o
                0x100003ec                xMutex_Protection
 .bss.Actions_2021
                0x100003f0      0x244 ./Strategie/Strategie.o
                0x100003f0                Actions_2021
 .bss.Strategie_Choisie
                0x10000634        0x1 ./Strategie/Strategie.o
                0x10000634                Strategie_Choisie
 *fill*         0x10000635        0x3 
 .bss.Temps_Match
                0x10000638        0x4 ./Strategie/Strategie.o
                0x10000638                Temps_Match
 .bss.str.10459
                0x1000063c       0x46 ./Strategie/Strategie.o
 *fill*         0x10000682        0x2 
 .bss.Map       0x10000684     0x4b12 ./Pathfinding/Astar/Astar.o
 *fill*         0x10005196        0x2 
 .bss.ADCSetup  0x10005198        0x8 ./Level_0/Drivers/0_ADC/0_ADC.o
 .bss.Burst_Mode_Flag
                0x100051a0        0x1 ./Level_0/Drivers/0_ADC/0_ADC.o
 *fill*         0x100051a1        0x3 
 .bss.Message.11424
                0x100051a4       0x4d ./Communication/0_Communication.o
 *fill*         0x100051f1        0x3 
 .bss._1_xQueue_Message_TO_Send
                0x100051f4        0x4 ./Communication/0_Communication.o
                0x100051f4                _1_xQueue_Message_TO_Send
 .bss.already_flaged.11341
                0x100051f8        0x1 ./Communication/0_Communication.o
 .bss.already_flaged.11346
                0x100051f9        0x1 ./Communication/0_Communication.o
 *fill*         0x100051fa        0x2 
 .bss.g_txBuff.11425
                0x100051fc       0x80 ./Communication/0_Communication.o
 .bss.rxring_RS485
                0x1000527c       0x14 ./Communication/0_Communication.o
                0x1000527c                rxring_RS485
 .bss.rxring_XBEE
                0x10005290       0x14 ./Communication/0_Communication.o
                0x10005290                rxring_XBEE
 .bss.txring    0x100052a4       0x14 ./Communication/0_Communication.o
                0x100052a4                txring
 .bss._0_ACK_Adresses
                0x100052b8        0x4 ./Communication/0_Event_Group.o
                0x100052b8                _0_ACK_Adresses
 .bss._0_ACK_Type_EventGroup
                0x100052bc        0x4 ./Communication/0_Event_Group.o
                0x100052bc                _0_ACK_Type_EventGroup
 .bss._0_Comm_EventGroup
                0x100052c0        0x4 ./Communication/0_Event_Group.o
                0x100052c0                _0_Comm_EventGroup
 .bss._0_Status_EventGroup
                0x100052c4        0x4 ./Communication/0_Event_Group.o
                0x100052c4                _0_Status_EventGroup
 .bss.Nb_Erreurs_com
                0x100052c8        0x4 ./Communication/1_Trame_Communication.o
                0x100052c8                Nb_Erreurs_com
 .bss.Nb_Messages_recus
                0x100052cc        0x4 ./Communication/1_Trame_Communication.o
                0x100052cc                Nb_Messages_recus
 .bss.str.10437
                0x100052d0       0x46 ./Communication/1_Trame_Communication.o
 *fill*         0x10005316        0x2 
 .bss.dir.10507
                0x10005318        0x4 ./Communication/2_Echange_Datas.o
 .bss.release_sent
                0x1000531c        0x1 ./Communication/2_Echange_Datas.o
                0x1000531c                release_sent
 *fill*         0x1000531d        0x3 
 .bss.str       0x10005320       0x46 ./Communication/2_Echange_Datas.o
 *fill*         0x10005366        0x2 
 .bss.str.10506
                0x10005368       0x50 ./Communication/2_Echange_Datas.o
 .bss.str.10519
                0x100053b8       0x50 ./Communication/2_Echange_Datas.o
 .bss.Nb_Messages_Interpretes
                0x10005408        0x4 ./Communication/2_Echange_Datas_Reception.o
 .bss.Nb_PONG_recus
                0x1000540c        0x4 ./Communication/2_Echange_Datas_Reception.o
                0x1000540c                Nb_PONG_recus
 .bss.ABsyncSts
                0x10005410        0x1 D:\Developpement_Robot\Robotic-System\trunk\Workspaces\MultiWorkSpaces_2021\0_lpc_chip_175x_6x\Release\lib0_lpc_chip_175x_6x.a(uart_17xx_40xx.o)
 *fill*         0x10005411        0x3 
 .bss.__malloc_free_list
                0x10005414        0x4 c:/nxp/mcuxpressoide_11.2.1_4149/ide/plugins/com.nxp.mcuxpresso.tools.win32_11.2.0.202008311134/tools/bin/../lib/gcc/arm-none-eabi/9.2.1/../../../../arm-none-eabi/lib/thumb/v7-m/nofp\libc_nano.a(lib_a-nano-mallocr.o)
                0x10005414                __malloc_free_list
 .bss.__malloc_sbrk_start
                0x10005418        0x4 c:/nxp/mcuxpressoide_11.2.1_4149/ide/plugins/com.nxp.mcuxpresso.tools.win32_11.2.0.202008311134/tools/bin/../lib/gcc/arm-none-eabi/9.2.1/../../../../arm-none-eabi/lib/thumb/v7-m/nofp\libc_nano.a(lib_a-nano-mallocr.o)