Archive member included to satisfy reference by file (symbol)

C:\Robot\Robotic-System.git\trunk\Workspaces\MultiWorkSpaces_2021\0_lpc_chip_175x_6x\Release\lib0_lpc_chip_175x_6x.a(adc_17xx_40xx.o)
                              ./Level_0/Drivers/0_ADC/0_ADC.o (Chip_ADC_Init)
C:\Robot\Robotic-System.git\trunk\Workspaces\MultiWorkSpaces_2021\0_lpc_chip_175x_6x\Release\lib0_lpc_chip_175x_6x.a(chip_17xx_40xx.o)
                              ./src/IA_2021_V0.o (SystemCoreClockUpdate)
C:\Robot\Robotic-System.git\trunk\Workspaces\MultiWorkSpaces_2021\0_lpc_chip_175x_6x\Release\lib0_lpc_chip_175x_6x.a(clock_17xx_40xx.o)
                              C:\Robot\Robotic-System.git\trunk\Workspaces\MultiWorkSpaces_2021\0_lpc_chip_175x_6x\Release\lib0_lpc_chip_175x_6x.a(chip_17xx_40xx.o) (Chip_Clock_EnablePLL)
C:\Robot\Robotic-System.git\trunk\Workspaces\MultiWorkSpaces_2021\0_lpc_chip_175x_6x\Release\lib0_lpc_chip_175x_6x.a(ring_buffer.o)
                              ./Communication/0_Communication.o (RingBuffer_Init)
C:\Robot\Robotic-System.git\trunk\Workspaces\MultiWorkSpaces_2021\0_lpc_chip_175x_6x\Release\lib0_lpc_chip_175x_6x.a(stopwatch_17xx_40xx.o)
                              ./Communication/USB/src/cdc_usb_main.o (StopWatch_Init)
C:\Robot\Robotic-System.git\trunk\Workspaces\MultiWorkSpaces_2021\0_lpc_chip_175x_6x\Release\lib0_lpc_chip_175x_6x.a(sysinit_17xx_40xx.o)
                              ./src/IA_2021_V0.o (Chip_SetupXtalClocking)
C:\Robot\Robotic-System.git\trunk\Workspaces\MultiWorkSpaces_2021\0_lpc_chip_175x_6x\Release\lib0_lpc_chip_175x_6x.a(timer_17xx_40xx.o)
                              ./src/IA_2021_V0.o (Chip_TIMER_Init)
C:\Robot\Robotic-System.git\trunk\Workspaces\MultiWorkSpaces_2021\0_lpc_chip_175x_6x\Release\lib0_lpc_chip_175x_6x.a(uart_17xx_40xx.o)
                              ./Communication/0_Communication.o (Chip_UART_Init)
C:\Robot\Robotic-System.git\trunk\Workspaces\MultiWorkSpaces_2021\0_lpc_board_nxp_lpcxpresso_1769\Release\lib0_lpc_board_nxp_lpcxpresso_1769.a(board.o)
                              ./src/IA_2021_V0.o (Set_Clock_in)
C:\Robot\Robotic-System.git\trunk\Workspaces\MultiWorkSpaces_2021\0_lpc_chip_175x_6x\libs\libusbd_175x_6x_lib.a(mw_usbd_rom_api.o)
                              ./Communication/USB/src/cdc_usb_main.o (cdc_api)
C:\Robot\Robotic-System.git\trunk\Workspaces\MultiWorkSpaces_2021\0_lpc_chip_175x_6x\libs\libusbd_175x_6x_lib.a(hw_usbd_ip3503.o)
                              C:\Robot\Robotic-System.git\trunk\Workspaces\MultiWorkSpaces_2021\0_lpc_chip_175x_6x\libs\libusbd_175x_6x_lib.a(mw_usbd_rom_api.o) (hwUSB_GetMemSize)
C:\Robot\Robotic-System.git\trunk\Workspaces\MultiWorkSpaces_2021\0_lpc_chip_175x_6x\libs\libusbd_175x_6x_lib.a(mw_usbd_cdcuser.o)
                              C:\Robot\Robotic-System.git\trunk\Workspaces\MultiWorkSpaces_2021\0_lpc_chip_175x_6x\libs\libusbd_175x_6x_lib.a(mw_usbd_rom_api.o) (mwCDC_SendNotification)
C:\Robot\Robotic-System.git\trunk\Workspaces\MultiWorkSpaces_2021\0_lpc_chip_175x_6x\libs\libusbd_175x_6x_lib.a(mw_usbd_core.o)
                              C:\Robot\Robotic-System.git\trunk\Workspaces\MultiWorkSpaces_2021\0_lpc_chip_175x_6x\libs\libusbd_175x_6x_lib.a(mw_usbd_rom_api.o) (mwUSB_SetupStage)
C:\Robot\Robotic-System.git\trunk\Workspaces\MultiWorkSpaces_2021\0_lpc_chip_175x_6x\libs\libusbd_175x_6x_lib.a(mw_usbd_dfuuser.o)
                              C:\Robot\Robotic-System.git\trunk\Workspaces\MultiWorkSpaces_2021\0_lpc_chip_175x_6x\libs\libusbd_175x_6x_lib.a(mw_usbd_rom_api.o) (mwDFU_GetMemSize)
C:\Robot\Robotic-System.git\trunk\Workspaces\MultiWorkSpaces_2021\0_lpc_chip_175x_6x\libs\libusbd_175x_6x_lib.a(mw_usbd_hiduser.o)
                              C:\Robot\Robotic-System.git\trunk\Workspaces\MultiWorkSpaces_2021\0_lpc_chip_175x_6x\libs\libusbd_175x_6x_lib.a(mw_usbd_rom_api.o) (mwHID_GetMemSize)
C:\Robot\Robotic-System.git\trunk\Workspaces\MultiWorkSpaces_2021\0_lpc_chip_175x_6x\libs\libusbd_175x_6x_lib.a(mw_usbd_mscuser.o)
                              C:\Robot\Robotic-System.git\trunk\Workspaces\MultiWorkSpaces_2021\0_lpc_chip_175x_6x\libs\libusbd_175x_6x_lib.a(mw_usbd_rom_api.o) (mwMSC_GetMemSize)
c:/nxp/mcuxpressoide_11.2.1_4149/ide/plugins/com.nxp.mcuxpresso.tools.win32_11.2.0.202008311134/tools/bin/../lib/gcc/arm-none-eabi/9.2.1/thumb/v7-m/nofp\libgcc.a(_arm_mulsf3.o)
                              ./Strategie/Strategie_Level0/Deplacement/0_Deplacements.o (__aeabi_fmul)
c:/nxp/mcuxpressoide_11.2.1_4149/ide/plugins/com.nxp.mcuxpresso.tools.win32_11.2.0.202008311134/tools/bin/../lib/gcc/arm-none-eabi/9.2.1/thumb/v7-m/nofp\libgcc.a(_arm_addsubdf3.o)
                              ./Communication/2_Echange_Datas.o (__aeabi_f2d)
c:/nxp/mcuxpressoide_11.2.1_4149/ide/plugins/com.nxp.mcuxpresso.tools.win32_11.2.0.202008311134/tools/bin/../lib/gcc/arm-none-eabi/9.2.1/thumb/v7-m/nofp\libgcc.a(_arm_addsubsf3.o)
                              ./src/test.o (__aeabi_fsub)
[...]
Memory Configuration

Name             Origin             Length             Attributes
MFlash512        0x00010000         0x00070000         xr
RamLoc32         0x10000000         0x00008000         xrw
Ram_USB          0x2007c000         0x00000800         xrw
RAM3             0x2007c800         0x00007800         xrw
*default*        0x00000000         0xffffffff

Linker script and memory map

LOAD ./src/IA_2021_V0.o
LOAD ./src/Init.o
LOAD ./src/cr_startup_lpc175x_6x.o
LOAD ./src/crp.o
LOAD ./src/sysinit.o
LOAD ./src/test.o
LOAD ./freertos/src/FreeRTOSCommonHooks.o
LOAD ./freertos/src/croutine.o
LOAD ./freertos/src/event_groups.o
LOAD ./freertos/src/heap_5.o
LOAD ./freertos/src/list.o
LOAD ./freertos/src/port.o
LOAD ./freertos/src/queue.o
LOAD ./freertos/src/stream_buffer.o
LOAD ./freertos/src/tasks.o
LOAD ./freertos/src/timers.o
LOAD ./freertos/FreeRTOS_Trace/trcHardwarePort.o
LOAD ./freertos/FreeRTOS_Trace/trcKernelPort.o
LOAD ./freertos/FreeRTOS_Trace/trcSnapshotRecorder.o
LOAD ./Strategie/Strategie_Level0/Deplacement/0_Deplacements.o
LOAD ./Strategie/Strategie_Level0/Deplacement/1_Obstacles.o
LOAD ./Strategie/Strategie_Level0/Actionneurs/0_Actionneurs.o
LOAD ./Strategie/Strategie_Level0/0_Infos.o
LOAD ./Strategie/Strategie_Level0/Strategie_Actions.o
LOAD ./Strategie/Strategie.o
LOAD ./Pathfinding/Astar/Astar.o
LOAD ./Level_0/Drivers/0_ADC/0_ADC.o
LOAD ./Communication/USB/src/cdc_desc.o
LOAD ./Communication/USB/src/cdc_usb_main.o
LOAD ./Communication/USB/src/cdc_vcom.o
LOAD ./Communication/RS485/0_RS485.o
LOAD ./Communication/0_Communication.o
LOAD ./Communication/0_Event_Group.o
LOAD ./Communication/1_Trame_Communication.o
LOAD ./Communication/2_Echange_Data_Strategie.o
LOAD ./Communication/2_Echange_Datas.o
LOAD ./Communication/2_Echange_Datas_Reception.o
LOAD C:\Robot\Robotic-System.git\trunk\Workspaces\MultiWorkSpaces_2021\0_lpc_chip_175x_6x\Release\lib0_lpc_chip_175x_6x.a
LOAD C:\Robot\Robotic-System.git\trunk\Workspaces\MultiWorkSpaces_2021\0_lpc_board_nxp_lpcxpresso_1769\Release\lib0_lpc_board_nxp_lpcxpresso_1769.a
LOAD C:\Robot\Robotic-System.git\trunk\Workspaces\MultiWorkSpaces_2021\0_lpc_chip_175x_6x\libs\libusbd_175x_6x_lib.a
START GROUP
LOAD c:/nxp/mcuxpressoide_11.2.1_4149/ide/plugins/com.nxp.mcuxpresso.tools.win32_11.2.0.202008311134/tools/bin/../lib/gcc/arm-none-eabi/9.2.1/thumb/v7-m/nofp\libgcc.a
LOAD c:/nxp/mcuxpressoide_11.2.1_4149/ide/plugins/com.nxp.mcuxpresso.tools.win32_11.2.0.202008311134/tools/bin/../lib/gcc/arm-none-eabi/9.2.1/../../../../arm-none-eabi/lib/thumb/v7-m/nofp\libc_nano.a
LOAD c:/nxp/mcuxpressoide_11.2.1_4149/ide/plugins/com.nxp.mcuxpresso.tools.win32_11.2.0.202008311134/tools/bin/../lib/gcc/arm-none-eabi/9.2.1/../../../../arm-none-eabi/lib/thumb/v7-m/nofp\libm.a
LOAD c:/nxp/mcuxpressoide_11.2.1_4149/ide/plugins/com.nxp.mcuxpresso.tools.win32_11.2.0.202008311134/tools/bin/../lib/gcc/arm-none-eabi/9.2.1/../../../../arm-none-eabi/lib/thumb/v7-m/nofp\libcr_newlib_none.a
END GROUP
                0x00010000                __base_MFlash512 = 0x10000
                0x00010000                __base_Flash = 0x10000
                0x00080000                __top_MFlash512 = 0x80000
                0x00080000                __top_Flash = 0x80000
                0x10000000                __base_RamLoc32 = 0x10000000
                0x10000000                __base_RAM = 0x10000000
                0x10008000                __top_RamLoc32 = 0x10008000
                0x10008000                __top_RAM = 0x10008000
                0x2007c000                __base_Ram_USB = 0x2007c000
                0x2007c000                __base_RAM2 = 0x2007c000
                0x2007c800                __top_Ram_USB = 0x2007c800
                0x2007c800                __top_RAM2 = 0x2007c800
                0x2007c800                __base_RAM3 = 0x2007c800
                0x2007c800                __base_RAM3 = 0x2007c800
                0x20084000                __top_RAM3 = 0x20084000
                0x20084000                __top_RAM3 = 0x20084000

.text           0x00010000     0xa4a8
 FILL mask 0xff
                0x00010000                __vectors_start__ = ABSOLUTE (.)
 *(.isr_vector)
 .isr_vector    0x00010000       0xcc ./src/cr_startup_lpc175x_6x.o
                0x00010000                g_pfnVectors
                0x000100cc                . = ALIGN (0x4)
                0x000100cc                __section_table_start = .
                0x000100cc                __data_section_table = .
                0x000100cc        0x4 LONG 0x1a4a8 LOADADDR (.data)
                0x000100d0        0x4 LONG 0x10000000 ADDR (.data)
                0x000100d4        0x4 LONG 0x1ec SIZEOF (.data)
                0x000100d8        0x4 LONG 0x1a4a8 LOADADDR (.data_RAM2)
                0x000100dc        0x4 LONG 0x2007c000 ADDR (.data_RAM2)
                0x000100e0        0x4 LONG 0x0 SIZEOF (.data_RAM2)
                0x000100e4        0x4 LONG 0x1a4a8 LOADADDR (.data_RAM3)
                0x000100e8        0x4 LONG 0x2007c800 ADDR (.data_RAM3)
                0x000100ec        0x4 LONG 0x0 SIZEOF (.data_RAM3)
                0x000100f0                __data_section_table_end = .
                0x000100f0                __bss_section_table = .
                0x000100f0        0x4 LONG 0x100001ec ADDR (.bss)
                0x000100f4        0x4 LONG 0x52b8 SIZEOF (.bss)
                0x000100f8        0x4 LONG 0x2007c000 ADDR (.bss_RAM2)
                0x000100fc        0x4 LONG 0x0 SIZEOF (.bss_RAM2)
                0x00010100        0x4 LONG 0x2007c800 ADDR (.bss_RAM3)
                0x00010104        0x4 LONG 0x44c0 SIZEOF (.bss_RAM3)
                0x00010108                __bss_section_table_end = .
                0x00010108                __section_table_end = .
 *(.after_vectors*)
 .after_vectors
                0x00010108       0x8c ./src/cr_startup_lpc175x_6x.o
                0x00010108                NMI_Handler
                0x0001010a                HardFault_Handler
                0x0001010c                MemManage_Handler
                0x0001010e                BusFault_Handler
                0x00010110                UsageFault_Handler
                0x00010112                DebugMon_Handler
                0x00010114                USBActivity_IRQHandler
                0x00010114                PWM1_IRQHandler
                0x00010114                I2C0_IRQHandler
                0x00010114                RIT_IRQHandler
                0x00010114                I2C1_IRQHandler
                0x00010114                EINT2_IRQHandler
                0x00010114                EINT3_IRQHandler
                0x00010114                CANActivity_IRQHandler
                0x00010114                TIMER3_IRQHandler
                0x00010114                UART0_IRQHandler
                0x00010114                DMA_IRQHandler
                0x00010114                UART3_IRQHandler
                0x00010114                IntDefaultHandler
                0x00010114                PLL0_IRQHandler
                0x00010114                CAN_IRQHandler
                0x00010114                PLL1_IRQHandler
                0x00010114                SSP0_IRQHandler
                0x00010114                I2S_IRQHandler
                0x00010114                I2C2_IRQHandler
                0x00010114                RTC_IRQHandler
                0x00010114                TIMER0_IRQHandler
                0x00010114                SPI_IRQHandler
                0x00010114                ETH_IRQHandler
                0x00010114                EINT1_IRQHandler
                0x00010114                TIMER1_IRQHandler
                0x00010114                ADC_IRQHandler
                0x00010114                SSP1_IRQHandler
                0x00010114                BOD_IRQHandler
                0x00010114                TIMER2_IRQHandler
                0x00010114                WDT_IRQHandler
                0x00010114                EINT0_IRQHandler
                0x00010114                QEI_IRQHandler
                0x00010114                MCPWM_IRQHandler
                0x00010116                data_init
                0x00010132                bss_init
                0x00010144                ResetISR
                0x0001018c                SVC_Handler
                0x0001018e                PendSV_Handler
                0x00010190                SysTick_Handler
                0x000002fc                . = 0x2fc
 *fill*         0x00010194      0x168 ff
                0x000102fc                PROVIDE (__CRP_WORD_START__ = .)
 *(.crp)
 .crp           0x000102fc        0x4 ./src/crp.o
                0x000102fc                CRP_WORD
                0x00010300                PROVIDE (__CRP_WORD_END__ = .)
                0x00000001                ASSERT (! ((__CRP_WORD_START__ == __CRP_WORD_END__)), Linker CRP Enabled, but no CRP_WORD provided within application)
 *(.text*)
 .text.vConfigureTimerForRunTimeStats
                0x00010300       0x22 ./src/IA_2021_V0.o
                0x00010300                vConfigureTimerForRunTimeStats
 *fill*         0x00010322        0x2 ff
 .text.prvSetupHardware
                0x00010324       0x30 ./src/IA_2021_V0.o
 .text.vTask_HartBeat
                0x00010354       0x64 ./src/IA_2021_V0.o
 .text.main     0x000103b8       0x34 ./src/IA_2021_V0.o
                0x000103b8                main
 .text.Set_Debug_Pin_0_Low
                0x000103ec       0x10 ./src/Init.o
                0x000103ec                Set_Debug_Pin_0_Low
 .text.Set_Debug_Pin_1_Low
                0x000103fc       0x10 ./src/Init.o
                0x000103fc                Set_Debug_Pin_1_Low
 .text.Init_Carte_IA
                0x0001040c       0x9c ./src/Init.o
                0x0001040c                Init_Carte_IA
 .text.Init_Send_Robot_ID
                0x000104a8        0xe ./src/Init.o
                0x000104a8                Init_Send_Robot_ID
 *fill*         0x000104b6        0x2 ff
 .text.SystemInit
                0x000104b8       0x18 ./src/sysinit.o
                0x000104b8                SystemInit
 .text.TEST_init_parametres
                0x000104d0       0x4c ./src/test.o
                0x000104d0                TEST_init_parametres
 .text.TEST_Deplacement
                0x0001051c      0x144 ./src/test.o
                0x0001051c                TEST_Deplacement
 .text.TEST_Deplacement2
                0x00010660      0x188 ./src/test.o
                0x00010660                TEST_Deplacement2
 .text.vApplicationStackOverflowHook
                0x000107e8      0x118 ./freertos/src/FreeRTOSCommonHooks.o
                0x000107e8                vApplicationStackOverflowHook
 .text.prvTestWaitCondition
                0x00010900       0x1c ./freertos/src/event_groups.o
 .text.xEventGroupCreate
                0x0001091c       0x1a ./freertos/src/event_groups.o
                0x0001091c                xEventGroupCreate
 *fill*         0x00010936        0x2 ff
 .text.xEventGroupWaitBits
                0x00010938       0xbc ./freertos/src/event_groups.o
                0x00010938                xEventGroupWaitBits
 .text.xEventGroupClearBits
                0x000109f4       0x1a ./freertos/src/event_groups.o
                0x000109f4                xEventGroupClearBits
 .text.xEventGroupSetBits
                0x00010a0e       0x62 ./freertos/src/event_groups.o
                0x00010a0e                xEventGroupSetBits
 .text.vEventGroupSetBitsCallback
                0x00010a70        0x8 ./freertos/src/event_groups.o
                0x00010a70                vEventGroupSetBitsCallback
 .text.prvInsertBlockIntoFreeList
                0x00010a78       0x54 ./freertos/src/heap_5.o
 .text.pvPortMalloc
                0x00010acc       0xc0 ./freertos/src/heap_5.o
                0x00010acc                pvPortMalloc
 .text.vPortFree
                0x00010b8c       0x58 ./freertos/src/heap_5.o
                0x00010b8c                vPortFree
 .text.vPortDefineHeapRegions
                0x00010be4       0x84 ./freertos/src/heap_5.o
                0x00010be4                vPortDefineHeapRegions
 .text.vListInitialise
                0x00010c68       0x16 ./freertos/src/list.o
                0x00010c68                vListInitialise
 .text.vListInitialiseItem
                0x00010c7e        0x6 ./freertos/src/list.o
                0x00010c7e                vListInitialiseItem
 .text.vListInsertEnd
                0x00010c84       0x16 ./freertos/src/list.o
                0x00010c84                vListInsertEnd
 .text.vListInsert
                0x00010c9a       0x32 ./freertos/src/list.o
                0x00010c9a                vListInsert
 .text.uxListRemove
                0x00010ccc       0x26 ./freertos/src/list.o
                0x00010ccc                uxListRemove
 .text.prvTaskExitError
                0x00010cf2       0x20 ./freertos/src/port.o
 *fill*         0x00010d12        0x2 ff
 .text.prvPortStartFirstTask
                0x00010d14       0x20 ./freertos/src/port.o
 .text.pxPortInitialiseStack
                0x00010d34       0x24 ./freertos/src/port.o
                0x00010d34                pxPortInitialiseStack
 *fill*         0x00010d58        0x8 ff
 .text.vPortSVCHandler
                0x00010d60       0x24 ./freertos/src/port.o
                0x00010d60                vPortSVCHandler
 .text.vPortEnterCritical
                0x00010d84       0x20 ./freertos/src/port.o
                0x00010d84                vPortEnterCritical
 .text.vPortExitCritical
                0x00010da4       0x14 ./freertos/src/port.o
                0x00010da4                vPortExitCritical
 *fill*         0x00010db8        0x8 ff
 .text.xPortPendSVHandler
                0x00010dc0       0x44 ./freertos/src/port.o
                0x00010dc0                xPortPendSVHandler
 .text.xPortSysTickHandler
                0x00010e04       0x2c ./freertos/src/port.o
                0x00010e04                xPortSysTickHandler
 .text.vPortSetupTimerInterrupt
                0x00010e30       0x24 ./freertos/src/port.o
                0x00010e30                vPortSetupTimerInterrupt
 .text.xPortStartScheduler
                0x00010e54       0x38 ./freertos/src/port.o
                0x00010e54                xPortStartScheduler
 .text.prvGetDisinheritPriorityAfterTimeout
                0x00010e8c       0x10 ./freertos/src/queue.o
 .text.prvIsQueueFull
                0x00010e9c       0x1e ./freertos/src/queue.o
 .text.prvIsQueueEmpty
                0x00010eba       0x1a ./freertos/src/queue.o
 .text.prvCopyDataToQueue
                0x00010ed4       0x76 ./freertos/src/queue.o
 .text.prvCopyDataFromQueue
                0x00010f4a       0x24 ./freertos/src/queue.o
 .text.prvUnlockQueue
                0x00010f6e       0x6e ./freertos/src/queue.o
 .text.xQueueGenericReset
                0x00010fdc       0x70 ./freertos/src/queue.o
                0x00010fdc                xQueueGenericReset
 .text.prvInitialiseNewQueue
                0x0001104c       0x1c ./freertos/src/queue.o
 .text.xQueueGenericCreate
                0x00011068       0x2e ./freertos/src/queue.o
                0x00011068                xQueueGenericCreate
 *fill*         0x00011096        0x2 ff
 .text.xQueueGenericSend
                0x00011098      0x118 ./freertos/src/queue.o
                0x00011098                xQueueGenericSend
 .text.prvInitialiseMutex
                0x000111b0       0x18 ./freertos/src/queue.o
 .text.xQueueCreateMutex
                0x000111c8       0x16 ./freertos/src/queue.o
                0x000111c8                xQueueCreateMutex
 .text.xQueueGenericSendFromISR
                0x000111de       0x72 ./freertos/src/queue.o
                0x000111de                xQueueGenericSendFromISR
 .text.xQueueReceive
                0x00011250      0x10c ./freertos/src/queue.o
                0x00011250                xQueueReceive
 .text.xQueueSemaphoreTake
                0x0001135c      0x144 ./freertos/src/queue.o
                0x0001135c                xQueueSemaphoreTake
 .text.vQueueAddToRegistry
                0x000114a0       0x28 ./freertos/src/queue.o
                0x000114a0                vQueueAddToRegistry
 .text.vQueueWaitForMessageRestricted
                0x000114c8       0x52 ./freertos/src/queue.o
                0x000114c8                vQueueWaitForMessageRestricted
 *fill*         0x0001151a        0x2 ff
 .text.prvResetNextTaskUnblockTime
                0x0001151c       0x2c ./freertos/src/tasks.o
 .text.prvDeleteTCB
                0x00011548       0x12 ./freertos/src/tasks.o
 .text.prvInitialiseNewTask
                0x0001155a       0x9c ./freertos/src/tasks.o
 *fill*         0x000115f6        0x2 ff
 .text.prvInitialiseTaskLists
                0x000115f8       0x68 ./freertos/src/tasks.o
 .text.prvAddNewTaskToReadyList
                0x00011660       0xa8 ./freertos/src/tasks.o
 .text.prvCheckTasksWaitingTermination
                0x00011708       0x4c ./freertos/src/tasks.o
 .text.prvIdleTask
                0x00011754       0x28 ./freertos/src/tasks.o
 .text.prvAddCurrentTaskToDelayedList
                0x0001177c       0x98 ./freertos/src/tasks.o
 .text.xTaskCreate
                0x00011814       0x64 ./freertos/src/tasks.o
                0x00011814                xTaskCreate
 .text.vTaskDelete
                0x00011878       0xc4 ./freertos/src/tasks.o
                0x00011878                vTaskDelete
 .text.eTaskGetState
                0x0001193c       0x7c ./freertos/src/tasks.o
                0x0001193c                eTaskGetState
 .text.vTaskStartScheduler
                0x000119b8       0x70 ./freertos/src/tasks.o
                0x000119b8                vTaskStartScheduler
 .text.vTaskSuspendAll
                0x00011a28       0x10 ./freertos/src/tasks.o
                0x00011a28                vTaskSuspendAll
 .text.xTaskGetTickCount
                0x00011a38        0xc ./freertos/src/tasks.o
                0x00011a38                xTaskGetTickCount
 .text.xTaskIncrementTick
                0x00011a44      0x100 ./freertos/src/tasks.o
                0x00011a44                xTaskIncrementTick
 .text.xTaskResumeAll
                0x00011b44       0xe0 ./freertos/src/tasks.o
                0x00011b44                xTaskResumeAll
 .text.vTaskDelayUntil
                0x00011c24       0x60 ./freertos/src/tasks.o
                0x00011c24                vTaskDelayUntil
 .text.vTaskDelay
                0x00011c84       0x34 ./freertos/src/tasks.o
                0x00011c84                vTaskDelay
 .text.vTaskSwitchContext
                0x00011cb8       0xac ./freertos/src/tasks.o
                0x00011cb8                vTaskSwitchContext
 .text.vTaskPlaceOnEventList
                0x00011d64       0x1c ./freertos/src/tasks.o
                0x00011d64                vTaskPlaceOnEventList
 .text.vTaskPlaceOnUnorderedEventList
                0x00011d80       0x24 ./freertos/src/tasks.o
                0x00011d80                vTaskPlaceOnUnorderedEventList
 .text.vTaskPlaceOnEventListRestricted
                0x00011da4       0x24 ./freertos/src/tasks.o
                0x00011da4                vTaskPlaceOnEventListRestricted
 .text.xTaskRemoveFromEventList
                0x00011dc8       0x78 ./freertos/src/tasks.o
                0x00011dc8                xTaskRemoveFromEventList
 .text.vTaskRemoveFromUnorderedEventList
                0x00011e40       0x58 ./freertos/src/tasks.o
                0x00011e40                vTaskRemoveFromUnorderedEventList
 .text.vTaskInternalSetTimeOutState
                0x00011e98       0x18 ./freertos/src/tasks.o
                0x00011e98                vTaskInternalSetTimeOutState
 .text.xTaskCheckForTimeOut
                0x00011eb0       0x5c ./freertos/src/tasks.o
                0x00011eb0                xTaskCheckForTimeOut
 .text.vTaskMissedYield
                0x00011f0c        0xc ./freertos/src/tasks.o
                0x00011f0c                vTaskMissedYield
 .text.xTaskGetCurrentTaskHandle
                0x00011f18        0xc ./freertos/src/tasks.o
                0x00011f18                xTaskGetCurrentTaskHandle
 .text.xTaskGetSchedulerState
                0x00011f24       0x20 ./freertos/src/tasks.o
                0x00011f24                xTaskGetSchedulerState
 .text.xTaskPriorityInherit
                0x00011f44       0xac ./freertos/src/tasks.o
                0x00011f44                xTaskPriorityInherit
 .text.xTaskPriorityDisinherit
                0x00011ff0       0x80 ./freertos/src/tasks.o
                0x00011ff0                xTaskPriorityDisinherit
 .text.vTaskPriorityDisinheritAfterTimeout
                0x00012070       0x84 ./freertos/src/tasks.o
                0x00012070                vTaskPriorityDisinheritAfterTimeout
 .text.uxTaskResetEventItemValue
                0x000120f4       0x18 ./freertos/src/tasks.o
                0x000120f4                uxTaskResetEventItemValue
 .text.pvTaskIncrementMutexHeldCount
                0x0001210c       0x1c ./freertos/src/tasks.o
                0x0001210c                pvTaskIncrementMutexHeldCount
 .text.prvGetNextExpireTime
                0x00012128       0x20 ./freertos/src/timers.o
 .text.prvInsertTimerInActiveList
                0x00012148       0x48 ./freertos/src/timers.o
 .text.prvCheckForValidListAndQueue
                0x00012190       0x5c ./freertos/src/timers.o
 .text.xTimerCreateTimerTask
                0x000121ec       0x3c ./freertos/src/timers.o
                0x000121ec                xTimerCreateTimerTask
 .text.xTimerGenericCommand
                0x00012228       0x58 ./freertos/src/timers.o
                0x00012228                xTimerGenericCommand
 .text.prvSwitchTimerLists
                0x00012280       0x68 ./freertos/src/timers.o
 .text.prvSampleTimeNow
                0x000122e8       0x2c ./freertos/src/timers.o
 .text.prvProcessExpiredTimer
                0x00012314       0x58 ./freertos/src/timers.o
 .text.prvProcessTimerOrBlockTask
                0x0001236c       0x74 ./freertos/src/timers.o
 .text.prvProcessReceivedCommands
                0x000123e0       0xe4 ./freertos/src/timers.o
 .text.prvTimerTask
                0x000124c4       0x16 ./freertos/src/timers.o
 *fill*         0x000124da        0x2 ff
 .text.xTimerPendFunctionCallFromISR
                0x000124dc       0x28 ./freertos/src/timers.o
                0x000124dc                xTimerPendFunctionCallFromISR
 .text._0_Deplacement_Init
                0x00012504       0x10 ./Strategie/Strategie_Level0/Deplacement/0_Deplacements.o
                0x00012504                _0_Deplacement_Init
 .text._0_Deplacement_Get_ptr_Current_Destination
                0x00012514        0x8 ./Strategie/Strategie_Level0/Deplacement/0_Deplacements.o
                0x00012514                _0_Deplacement_Get_ptr_Current_Destination
 .text._0_Deplacement_Wait_For_Arrival
                0x0001251c       0xa0 ./Strategie/Strategie_Level0/Deplacement/0_Deplacements.o
                0x0001251c                _0_Deplacement_Wait_For_Arrival
 .text.Distance_To_Destination
                0x000125bc       0x4c ./Strategie/Strategie_Level0/Deplacement/0_Deplacements.o
                0x000125bc                Distance_To_Destination
 .text.Distance_Two_Points
                0x00012608       0x1c ./Strategie/Strategie_Level0/Deplacement/0_Deplacements.o
                0x00012608                Distance_Two_Points
 .text._0_Deplacement_Clear_Flags
                0x00012624       0x14 ./Strategie/Strategie_Level0/Deplacement/0_Deplacements.o
                0x00012624                _0_Deplacement_Clear_Flags
 .text._0_Deplacement_Check_Bloquage
                0x00012638       0x48 ./Strategie/Strategie_Level0/Deplacement/0_Deplacements.o
                0x00012638                _0_Deplacement_Check_Bloquage
 .text._0_Deplacement_Tourne_Avance_ASTAR
                0x00012680       0xec ./Strategie/Strategie_Level0/Deplacement/0_Deplacements.o
                0x00012680                _0_Deplacement_Tourne_Avance_ASTAR
 .text._0_Deplacement_STOP
                0x0001276c       0x68 ./Strategie/Strategie_Level0/Deplacement/0_Deplacements.o
                0x0001276c                _0_Deplacement_STOP
 .text._0_Deplacement_ASTAR
                0x000127d4      0x314 ./Strategie/Strategie_Level0/Deplacement/0_Deplacements.o
                0x000127d4                _0_Deplacement_ASTAR
 .text._1_TEST_Obstacle_Second_Robot
                0x00012ae8       0x4c ./Strategie/Strategie_Level0/Deplacement/1_Obstacles.o
                0x00012ae8                _1_TEST_Obstacle_Second_Robot
 .text._1_Obstacles_Create_Terrain_Border
                0x00012b34      0x110 ./Strategie/Strategie_Level0/Deplacement/1_Obstacles.o
                0x00012b34                _1_Obstacles_Create_Terrain_Border
 .text._0_Infos_Init
                0x00012c44       0x30 ./Strategie/Strategie_Level0/0_Infos.o
                0x00012c44                _0_Infos_Init
 .text._0_Update_Card_Datas
                0x00012c74       0x54 ./Strategie/Strategie_Level0/0_Infos.o
                0x00012c74                _0_Update_Card_Datas
 .text._0_Get_Robot_Position
                0x00012cc8       0x6c ./Strategie/Strategie_Level0/0_Infos.o
                0x00012cc8                _0_Get_Robot_Position
 .text._0_Get_Robot_Position_Communication
                0x00012d34       0x3c ./Strategie/Strategie_Level0/0_Infos.o
                0x00012d34                _0_Get_Robot_Position_Communication
 .text._0_Set_Position_SecondRobot
                0x00012d70       0x30 ./Strategie/Strategie_Level0/0_Infos.o
                0x00012d70                _0_Set_Position_SecondRobot
 .text._0_Get_Position_SecondRobot
                0x00012da0       0x14 ./Strategie/Strategie_Level0/0_Infos.o
                0x00012da0                _0_Get_Position_SecondRobot
 .text._Strategie_Change_Action_State
                0x00012db4       0x30 ./Strategie/Strategie_Level0/Strategie_Actions.o
                0x00012db4                _Strategie_Change_Action_State
 .text._Strategie_Change_Action_Step
                0x00012de4       0x12 ./Strategie/Strategie_Level0/Strategie_Actions.o
                0x00012de4                _Strategie_Change_Action_Step
 *fill*         0x00012df6        0x2 ff
 .text.Task_MatchTime
                0x00012df8       0x40 ./Strategie/Strategie.o
                0x00012df8                Task_MatchTime
 .text._Strategie_Get_Robot_ID
                0x00012e38       0x10 ./Strategie/Strategie.o
                0x00012e38                _Strategie_Get_Robot_ID
 .text._Strategie_Get_Input_Strategie_Selector
                0x00012e48       0x28 ./Strategie/Strategie.o
                0x00012e48                _Strategie_Get_Input_Strategie_Selector
 .text._Strategie_Get_Choosen_Strategie
                0x00012e70        0xc ./Strategie/Strategie.o
                0x00012e70                _Strategie_Get_Choosen_Strategie
 .text._Strategie_Get_Temps_Match
                0x00012e7c        0xc ./Strategie/Strategie.o
                0x00012e7c                _Strategie_Get_Temps_Match
 .text._Strategie_Get_Jack_Status
                0x00012e88       0x10 ./Strategie/Strategie.o
                0x00012e88                _Strategie_Get_Jack_Status
 .text._Strategie_Get_Color_Status
                0x00012e98       0x10 ./Strategie/Strategie.o
                0x00012e98                _Strategie_Get_Color_Status
 .text._Strategie_Get_Switch_Status
                0x00012ea8       0x10 ./Strategie/Strategie.o
                0x00012ea8                _Strategie_Get_Switch_Status
 .text._Strategie_Get_User_BP_Status
                0x00012eb8       0x10 ./Strategie/Strategie.o
                0x00012eb8                _Strategie_Get_User_BP_Status
 .text._Strategie_Get_External_LED_RED_Status
                0x00012ec8       0x10 ./Strategie/Strategie.o
                0x00012ec8                _Strategie_Get_External_LED_RED_Status
 .text._Strategie_Set_External_LED_RED_Status
                0x00012ed8       0x20 ./Strategie/Strategie.o
                0x00012ed8                _Strategie_Set_External_LED_RED_Status
 .text._Strategie_Get_External_LED_YELLOW_Status
                0x00012ef8       0x10 ./Strategie/Strategie.o
                0x00012ef8                _Strategie_Get_External_LED_YELLOW_Status
 .text._Strategie_Get_External_LED_GREEN_Status
                0x00012f08       0x10 ./Strategie/Strategie.o
                0x00012f08                _Strategie_Get_External_LED_GREEN_Status
 .text._Strategie_Get_Action_By_ID
                0x00012f18       0x10 ./Strategie/Strategie.o
                0x00012f18                _Strategie_Get_Action_By_ID
 .text._Strategie_Init_Strategie_2021
                0x00012f28      0x25c ./Strategie/Strategie.o
                0x00012f28                _Strategie_Init_Strategie_2021
 .text.Astar_Set_Node_as_Blocked
                0x00013184       0x2a ./Pathfinding/Astar/Astar.o
 .text.Astar_Set_Node_as_Closed
                0x000131ae       0x1e ./Pathfinding/Astar/Astar.o
 .text.Astar_Set_Node_as_Opened
                0x000131cc       0x1e ./Pathfinding/Astar/Astar.o
 *fill*         0x000131ea        0x2 ff
 .text.Astar_Compute_H_cost
                0x000131ec       0x34 ./Pathfinding/Astar/Astar.o
 .text.Astar_Map_Init
                0x00013220      0x174 ./Pathfinding/Astar/Astar.o
                0x00013220                Astar_Map_Init
 .text.Astar_Get_Map
                0x00013394        0x8 ./Pathfinding/Astar/Astar.o
                0x00013394                Astar_Get_Map
 .text.Astar_Get_Vector_Map
                0x0001339c        0x8 ./Pathfinding/Astar/Astar.o
                0x0001339c                Astar_Get_Vector_Map
 .text.Astar_Find_Path
                0x000133a4      0x270 ./Pathfinding/Astar/Astar.o
                0x000133a4                Astar_Find_Path
 .text.Astar_Generate_Trajectory
                0x00013614       0x6a ./Pathfinding/Astar/Astar.o
                0x00013614                Astar_Generate_Trajectory
 .text.Astar_Find_Best_Node_To_Compute
                0x0001367e      0x126 ./Pathfinding/Astar/Astar.o
                0x0001367e                Astar_Find_Best_Node_To_Compute
 .text.Astar_Compute_Surronding_Nodes
                0x000137a4      0x3da ./Pathfinding/Astar/Astar.o
                0x000137a4                Astar_Compute_Surronding_Nodes
 .text.Astar_Compute_Node
                0x00013b7e      0x102 ./Pathfinding/Astar/Astar.o
                0x00013b7e                Astar_Compute_Node
 .text.Astar_Smoothing
                0x00013c80       0xb8 ./Pathfinding/Astar/Astar.o
                0x00013c80                Astar_Smoothing
 .text.Dijkstra_Intersect_Any_Segment
                0x00013d38       0x54 ./Pathfinding/Astar/Astar.o
                0x00013d38                Dijkstra_Intersect_Any_Segment
 .text.Dijkstra_Vector_Length
                0x00013d8c       0x1c ./Pathfinding/Astar/Astar.o
                0x00013d8c                Dijkstra_Vector_Length
 .text.Dijkstra_intersect_segment
                0x00013da8      0x38c ./Pathfinding/Astar/Astar.o
                0x00013da8                Dijkstra_intersect_segment
 .text.Astar_Add_Rectangular_Obstacle
                0x00014134      0x124 ./Pathfinding/Astar/Astar.o
                0x00014134                Astar_Add_Rectangular_Obstacle
 .text.Astar_Add_Obstacle_Vector
                0x00014258       0xd8 ./Pathfinding/Astar/Astar.o
                0x00014258                Astar_Add_Obstacle_Vector
 .text._0_ADC_Init
                0x00014330       0x48 ./Level_0/Drivers/0_ADC/0_ADC.o
                0x00014330                _0_ADC_Init
 .text._0_ADC_Read_Channel
                0x00014378       0x94 ./Level_0/Drivers/0_ADC/0_ADC.o
                0x00014378                _0_ADC_Read_Channel
 .text._0_RS485_Master_Mode
                0x0001440c       0x16 ./Communication/RS485/0_RS485.o
                0x0001440c                _0_RS485_Master_Mode
 .text._0_RS485_Slave_Mode
                0x00014422       0x16 ./Communication/RS485/0_RS485.o
                0x00014422                _0_RS485_Slave_Mode
 .text._0_RS485_Init
                0x00014438       0x60 ./Communication/RS485/0_RS485.o
                0x00014438                _0_RS485_Init
 .text._0_Communication_Init
                0x00014498       0x5c ./Communication/0_Communication.o
                0x00014498                _0_Communication_Init
 .text._0_Communication_Init_RS485
                0x000144f4       0xa0 ./Communication/0_Communication.o
                0x000144f4                _0_Communication_Init_RS485
 .text._0_Communication_Init_XBEE
                0x00014594       0x9c ./Communication/0_Communication.o
                0x00014594                _0_Communication_Init_XBEE
 .text.UART1_IRQHandler
                0x00014630       0xb4 ./Communication/0_Communication.o
                0x00014630                UART1_IRQHandler
 .text.UART2_IRQHandler
                0x000146e4       0xa4 ./Communication/0_Communication.o
                0x000146e4                UART2_IRQHandler
 .text.USB_IRQHandler
                0x00014788        0x2 ./Communication/0_Communication.o
                0x00014788                USB_IRQHandler
 *fill*         0x0001478a        0x2 ff
 .text._0_Communication_Send_Data
                0x0001478c       0x90 ./Communication/0_Communication.o
                0x0001478c                _0_Communication_Send_Data
 .text._0_Communication_Send_RS485
                0x0001481c       0x68 ./Communication/0_Communication.o
                0x0001481c                _0_Communication_Send_RS485
 .text._0_Communication_Send_XBEE
                0x00014884       0x5a ./Communication/0_Communication.o
                0x00014884                _0_Communication_Send_XBEE
 *fill*         0x000148de        0x2 ff
 .text._0_Communication_Wait_Sending_Clearance
                0x000148e0       0x24 ./Communication/0_Communication.o
                0x000148e0                _0_Communication_Wait_Sending_Clearance
 .text._0_Communication_Give_Sending_Clearance
                0x00014904       0x14 ./Communication/0_Communication.o
                0x00014904                _0_Communication_Give_Sending_Clearance
 .text.Chip_UART_SendByte
                0x00014918        0x4 ./Communication/0_Communication.o
 .text.Chip_UART_ReadLineStatus
                0x0001491c        0x4 ./Communication/0_Communication.o
 .text._0_Communication_Init_Event_Group
                0x00014920       0x34 ./Communication/0_Event_Group.o
                0x00014920                _0_Communication_Init_Event_Group
 .text._1_Communication_Init
                0x00014954       0x28 ./Communication/1_Trame_Communication.o
                0x00014954                _1_Communication_Init
 .text._1_Communication_Create_Queues_Semaphores
                0x0001497c       0x14 ./Communication/1_Trame_Communication.o
                0x0001497c                _1_Communication_Create_Queues_Semaphores
 .text._1_Communication_Wait_To_Send
                0x00014990       0x28 ./Communication/1_Trame_Communication.o
                0x00014990                _1_Communication_Wait_To_Send
 .text._1_Communication_Free_Send_Bit
                0x000149b8       0x14 ./Communication/1_Trame_Communication.o
                0x000149b8                _1_Communication_Free_Send_Bit
 .text._1_Communication_Wait_To_Receive
                0x000149cc       0x2c ./Communication/1_Trame_Communication.o
                0x000149cc                _1_Communication_Wait_To_Receive
 .text._1_Communication_Free_Receive_Bit
                0x000149f8       0x14 ./Communication/1_Trame_Communication.o
                0x000149f8                _1_Communication_Free_Receive_Bit
 .text._1_Communication_Create_Message
                0x00014a0c       0x74 ./Communication/1_Trame_Communication.o
                0x00014a0c                _1_Communication_Create_Message
 .text._1_Communication_Create_Trame
                0x00014a80       0xe0 ./Communication/1_Trame_Communication.o
                0x00014a80                _1_Communication_Create_Trame
 .text._1_Communication_WAIT_ACK
                0x00014b60       0x58 ./Communication/1_Trame_Communication.o
                0x00014b60                _1_Communication_WAIT_ACK
 .text._1_Communication_CLEAR_ACK
                0x00014bb8       0x24 ./Communication/1_Trame_Communication.o
                0x00014bb8                _1_Communication_CLEAR_ACK
 .text._1_Communication_Create_Trame_From_Buffer
                0x00014bdc      0x28c ./Communication/1_Trame_Communication.o
                0x00014bdc                _1_Communication_Create_Trame_From_Buffer
 .text._1_Communication_Check_Rx_Adresse
                0x00014e68       0x1a ./Communication/1_Trame_Communication.o
                0x00014e68                _1_Communication_Check_Rx_Adresse
 *fill*         0x00014e82        0x2 ff
 .text._1_Communication_Recomposition_Rx
                0x00014e84       0x68 ./Communication/1_Trame_Communication.o
                0x00014e84                _1_Communication_Recomposition_Rx
 .text._2_Comm_Strategie_Init
                0x00014eec       0x14 ./Communication/2_Echange_Data_Strategie.o
                0x00014eec                _2_Comm_Strategie_Init
 .text._2_Comm_Strategie_Send_Action_Creation
                0x00014f00      0x11c ./Communication/2_Echange_Data_Strategie.o
                0x00014f00                _2_Comm_Strategie_Send_Action_Creation
 .text._2_Comm_Strategie_Send_Action_State_Update
                0x0001501c      0x150 ./Communication/2_Echange_Data_Strategie.o
                0x0001501c                _2_Comm_Strategie_Send_Action_State_Update
 .text._2_Comm_Strategie_RX_Action_Update
                0x0001516c       0x5c ./Communication/2_Echange_Data_Strategie.o
                0x0001516c                _2_Comm_Strategie_RX_Action_Update
 .text._2_Communication_Init
                0x000151c8       0x14 ./Communication/2_Echange_Datas.o
                0x000151c8                _2_Communication_Init
 .text._2_Comm_Send_Destination_Robot
                0x000151dc      0x180 ./Communication/2_Echange_Datas.o
                0x000151dc                _2_Comm_Send_Destination_Robot
 .text._2_Comm_Send_Demande_Info
                0x0001535c       0x34 ./Communication/2_Echange_Datas.o
                0x0001535c                _2_Comm_Send_Demande_Info
 .text._2_Comm_Send_PING
                0x00015390       0x5c ./Communication/2_Echange_Datas.o
                0x00015390                _2_Comm_Send_PING
 .text._2_Comm_Send_PONG
                0x000153ec       0x94 ./Communication/2_Echange_Datas.o
                0x000153ec                _2_Comm_Send_PONG
 .text._2_Comm_Send_Communication_Status
                0x00015480       0x50 ./Communication/2_Echange_Datas.o
                0x00015480                _2_Comm_Send_Communication_Status
 .text._2_Comm_Send_Log_Message
                0x000154d0      0x10c ./Communication/2_Echange_Datas.o
                0x000154d0                _2_Comm_Send_Log_Message
 .text._2_Communication_Boards_Status
                0x000155dc       0xc8 ./Communication/2_Echange_Datas.o
                0x000155dc                _2_Communication_Boards_Status
 .text._2_Comm_Check_Presence_Cartes
                0x000156a4       0x5c ./Communication/2_Echange_Datas.o
                0x000156a4                _2_Comm_Check_Presence_Cartes
 .text._2_Comm_Robot_ID
                0x00015700       0x48 ./Communication/2_Echange_Datas.o
                0x00015700                _2_Comm_Robot_ID
 .text._2_Comm_Demande_Simulation
                0x00015748       0x6c ./Communication/2_Echange_Datas.o
                0x00015748                _2_Comm_Demande_Simulation
 .text._2_Comm_Demande_Motor_Power
                0x000157b4       0x54 ./Communication/2_Echange_Datas.o
                0x000157b4                _2_Comm_Demande_Motor_Power
 .text._2_Comm_Set_Robot_Position
                0x00015808       0xcc ./Communication/2_Echange_Datas.o
                0x00015808                _2_Comm_Set_Robot_Position
 .text._2_Comm_Send_ASTAR_Contenu
                0x000158d4        0x2 ./Communication/2_Echange_Datas.o
                0x000158d4                _2_Comm_Send_ASTAR_Contenu
 *fill*         0x000158d6        0x2 ff
 .text._2_Comm_Send_ASTAR_Vectors
                0x000158d8      0x23c ./Communication/2_Echange_Datas.o
                0x000158d8                _2_Comm_Send_ASTAR_Vectors
 .text._2_Comm_Send_Robot_Speed
                0x00015b14      0x130 ./Communication/2_Echange_Datas.o
                0x00015b14                _2_Comm_Send_Robot_Speed
 .text._2_Comm_Send_Info_Carte_IA
                0x00015c44      0x110 ./Communication/2_Echange_Datas.o
                0x00015c44                _2_Comm_Send_Info_Carte_IA
 .text._2_Comm_Envoi_Position_Autre_Robot
                0x00015d54       0x50 ./Communication/2_Echange_Datas.o
                0x00015d54                _2_Comm_Envoi_Position_Autre_Robot
 .text._2_Communication_RX_Init
                0x00015da4        0x2 ./Communication/2_Echange_Datas_Reception.o
                0x00015da4                _2_Communication_RX_Init
 *fill*         0x00015da6        0x2 ff
 .text._2_Communication_Interprete_message
                0x00015da8       0x68 ./Communication/2_Echange_Datas_Reception.o
                0x00015da8                _2_Communication_Interprete_message
 .text._2_Communication_RX_ACK
                0x00015e10       0x3c ./Communication/2_Echange_Datas_Reception.o
                0x00015e10                _2_Communication_RX_ACK
 .text._2_Communication_RX_Reponse_Infos
                0x00015e4c       0x1a ./Communication/2_Echange_Datas_Reception.o
                0x00015e4c                _2_Communication_RX_Reponse_Infos
 *fill*         0x00015e66        0x2 ff
 .text._2_Comm_RX_PONG
                0x00015e68       0x28 ./Communication/2_Echange_Datas_Reception.o
                0x00015e68                _2_Comm_RX_PONG
 .text._2_Comm_RX_Position_Second_Robot
                0x00015e90       0x44 ./Communication/2_Echange_Datas_Reception.o
                0x00015e90                _2_Comm_RX_Position_Second_Robot
 .text.setStartMode
                0x00015ed4        0xe C:\Robot\Robotic-System.git\trunk\Workspaces\MultiWorkSpaces_2021\0_lpc_chip_175x_6x\Release\lib0_lpc_chip_175x_6x.a(adc_17xx_40xx.o)
                0x00015ed4                setStartMode
 *fill*         0x00015ee2        0x2 ff
 .text.Chip_ADC_Init
                0x00015ee4       0x48 C:\Robot\Robotic-System.git\trunk\Workspaces\MultiWorkSpaces_2021\0_lpc_chip_175x_6x\Release\lib0_lpc_chip_175x_6x.a(adc_17xx_40xx.o)
                0x00015ee4                Chip_ADC_Init
 .text.Chip_ADC_ReadValue
                0x00015f2c       0x16 C:\Robot\Robotic-System.git\trunk\Workspaces\MultiWorkSpaces_2021\0_lpc_chip_175x_6x\Release\lib0_lpc_chip_175x_6x.a(adc_17xx_40xx.o)
                0x00015f2c                Chip_ADC_ReadValue
 .text.Chip_ADC_ReadStatus
                0x00015f42       0x2c C:\Robot\Robotic-System.git\trunk\Workspaces\MultiWorkSpaces_2021\0_lpc_chip_175x_6x\Release\lib0_lpc_chip_175x_6x.a(adc_17xx_40xx.o)
                0x00015f42                Chip_ADC_ReadStatus
 .text.Chip_ADC_SetStartMode
                0x00015f6e       0x18 C:\Robot\Robotic-System.git\trunk\Workspaces\MultiWorkSpaces_2021\0_lpc_chip_175x_6x\Release\lib0_lpc_chip_175x_6x.a(adc_17xx_40xx.o)
                0x00015f6e                Chip_ADC_SetStartMode
 .text.Chip_ADC_EnableChannel
                0x00015f86       0x20 C:\Robot\Robotic-System.git\trunk\Workspaces\MultiWorkSpaces_2021\0_lpc_chip_175x_6x\Release\lib0_lpc_chip_175x_6x.a(adc_17xx_40xx.o)
                0x00015f86                Chip_ADC_EnableChannel
 .text.Chip_ADC_SetBurstCmd
                0x00015fa6       0x1a C:\Robot\Robotic-System.git\trunk\Workspaces\MultiWorkSpaces_2021\0_lpc_chip_175x_6x\Release\lib0_lpc_chip_175x_6x.a(adc_17xx_40xx.o)
                0x00015fa6                Chip_ADC_SetBurstCmd
 .text.SystemCoreClockUpdate
                0x00015fc0       0x10 C:\Robot\Robotic-System.git\trunk\Workspaces\MultiWorkSpaces_2021\0_lpc_chip_175x_6x\Release\lib0_lpc_chip_175x_6x.a(chip_17xx_40xx.o)
                0x00015fc0                SystemCoreClockUpdate
 .text.Chip_Clock_EnablePLL
                0x00015fd0       0x24 C:\Robot\Robotic-System.git\trunk\Workspaces\MultiWorkSpaces_2021\0_lpc_chip_175x_6x\Release\lib0_lpc_chip_175x_6x.a(clock_17xx_40xx.o)
                0x00015fd0                Chip_Clock_EnablePLL
 .text.Chip_Clock_DisablePLL
                0x00015ff4       0x26 C:\Robot\Robotic-System.git\trunk\Workspaces\MultiWorkSpaces_2021\0_lpc_chip_175x_6x\Release\lib0_lpc_chip_175x_6x.a(clock_17xx_40xx.o)
                0x00015ff4                Chip_Clock_DisablePLL
 .text.Chip_Clock_SetupPLL
                0x0001601a       0x30 C:\Robot\Robotic-System.git\trunk\Workspaces\MultiWorkSpaces_2021\0_lpc_chip_175x_6x\Release\lib0_lpc_chip_175x_6x.a(clock_17xx_40xx.o)
                0x0001601a                Chip_Clock_SetupPLL
 *fill*         0x0001604a        0x2 ff
 .text.Chip_Clock_EnablePeriphClock
                0x0001604c       0x18 C:\Robot\Robotic-System.git\trunk\Workspaces\MultiWorkSpaces_2021\0_lpc_chip_175x_6x\Release\lib0_lpc_chip_175x_6x.a(clock_17xx_40xx.o)
                0x0001604c                Chip_Clock_EnablePeriphClock
 .text.Chip_Clock_GetCPUClockSource
                0x00016064       0x10 C:\Robot\Robotic-System.git\trunk\Workspaces\MultiWorkSpaces_2021\0_lpc_chip_175x_6x\Release\lib0_lpc_chip_175x_6x.a(clock_17xx_40xx.o)
                0x00016064                Chip_Clock_GetCPUClockSource
 .text.Chip_Clock_SetCPUClockDiv
                0x00016074        0xc C:\Robot\Robotic-System.git\trunk\Workspaces\MultiWorkSpaces_2021\0_lpc_chip_175x_6x\Release\lib0_lpc_chip_175x_6x.a(clock_17xx_40xx.o)
                0x00016074                Chip_Clock_SetCPUClockDiv
 .text.Chip_Clock_GetCPUClockDiv
                0x00016080       0x10 C:\Robot\Robotic-System.git\trunk\Workspaces\MultiWorkSpaces_2021\0_lpc_chip_175x_6x\Release\lib0_lpc_chip_175x_6x.a(clock_17xx_40xx.o)
                0x00016080                Chip_Clock_GetCPUClockDiv
 .text.Chip_Clock_SetPCLKDiv
                0x00016090       0x2a C:\Robot\Robotic-System.git\trunk\Workspaces\MultiWorkSpaces_2021\0_lpc_chip_175x_6x\Release\lib0_lpc_chip_175x_6x.a(clock_17xx_40xx.o)
                0x00016090                Chip_Clock_SetPCLKDiv
 *fill*         0x000160ba        0x2 ff
 .text.Chip_Clock_GetPCLKDiv
                0x000160bc       0x38 C:\Robot\Robotic-System.git\trunk\Workspaces\MultiWorkSpaces_2021\0_lpc_chip_175x_6x\Release\lib0_lpc_chip_175x_6x.a(clock_17xx_40xx.o)
                0x000160bc                Chip_Clock_GetPCLKDiv
 .text.Chip_Clock_GetSYSCLKRate
                0x000160f4       0x38 C:\Robot\Robotic-System.git\trunk\Workspaces\MultiWorkSpaces_2021\0_lpc_chip_175x_6x\Release\lib0_lpc_chip_175x_6x.a(clock_17xx_40xx.o)
                0x000160f4                Chip_Clock_GetSYSCLKRate
 .text.Chip_Clock_GetMainPLLOutClockRate
                0x0001612c       0x34 C:\Robot\Robotic-System.git\trunk\Workspaces\MultiWorkSpaces_2021\0_lpc_chip_175x_6x\Release\lib0_lpc_chip_175x_6x.a(clock_17xx_40xx.o)
                0x0001612c                Chip_Clock_GetMainPLLOutClockRate
 .text.Chip_Clock_GetMainClockRate
                0x00016160       0x20 C:\Robot\Robotic-System.git\trunk\Workspaces\MultiWorkSpaces_2021\0_lpc_chip_175x_6x\Release\lib0_lpc_chip_175x_6x.a(clock_17xx_40xx.o)
                0x00016160                Chip_Clock_GetMainClockRate
 .text.Chip_Clock_GetSystemClockRate
                0x00016180       0x12 C:\Robot\Robotic-System.git\trunk\Workspaces\MultiWorkSpaces_2021\0_lpc_chip_175x_6x\Release\lib0_lpc_chip_175x_6x.a(clock_17xx_40xx.o)
                0x00016180                Chip_Clock_GetSystemClockRate
 .text.Chip_Clock_GetPeripheralClockRate
                0x00016192       0x16 C:\Robot\Robotic-System.git\trunk\Workspaces\MultiWorkSpaces_2021\0_lpc_chip_175x_6x\Release\lib0_lpc_chip_175x_6x.a(clock_17xx_40xx.o)
                0x00016192                Chip_Clock_GetPeripheralClockRate
 .text.RingBuffer_Init
                0x000161a8       0x10 C:\Robot\Robotic-System.git\trunk\Workspaces\MultiWorkSpaces_2021\0_lpc_chip_175x_6x\Release\lib0_lpc_chip_175x_6x.a(ring_buffer.o)
                0x000161a8                RingBuffer_Init
 .text.RingBuffer_Insert
                0x000161b8       0x30 C:\Robot\Robotic-System.git\trunk\Workspaces\MultiWorkSpaces_2021\0_lpc_chip_175x_6x\Release\lib0_lpc_chip_175x_6x.a(ring_buffer.o)
                0x000161b8                RingBuffer_Insert
 .text.RingBuffer_InsertMult
                0x000161e8       0x88 C:\Robot\Robotic-System.git\trunk\Workspaces\MultiWorkSpaces_2021\0_lpc_chip_175x_6x\Release\lib0_lpc_chip_175x_6x.a(ring_buffer.o)
                0x000161e8                RingBuffer_InsertMult
 .text.RingBuffer_Pop
                0x00016270       0x30 C:\Robot\Robotic-System.git\trunk\Workspaces\MultiWorkSpaces_2021\0_lpc_chip_175x_6x\Release\lib0_lpc_chip_175x_6x.a(ring_buffer.o)
                0x00016270                RingBuffer_Pop
 .text.RingBuffer_PopMult
                0x000162a0       0x7c C:\Robot\Robotic-System.git\trunk\Workspaces\MultiWorkSpaces_2021\0_lpc_chip_175x_6x\Release\lib0_lpc_chip_175x_6x.a(ring_buffer.o)
                0x000162a0                RingBuffer_PopMult
 .text.RingBuffer_Count
                0x0001631c        0x8 C:\Robot\Robotic-System.git\trunk\Workspaces\MultiWorkSpaces_2021\0_lpc_chip_175x_6x\Release\lib0_lpc_chip_175x_6x.a(ring_buffer.o)
                0x0001631c                RingBuffer_Count
 .text.Chip_SetupIrcClocking
                0x00016324       0x64 C:\Robot\Robotic-System.git\trunk\Workspaces\MultiWorkSpaces_2021\0_lpc_chip_175x_6x\Release\lib0_lpc_chip_175x_6x.a(sysinit_17xx_40xx.o)
                0x00016324                Chip_SetupIrcClocking
 .text.Chip_SetupXtalClocking
                0x00016388       0xdc C:\Robot\Robotic-System.git\trunk\Workspaces\MultiWorkSpaces_2021\0_lpc_chip_175x_6x\Release\lib0_lpc_chip_175x_6x.a(sysinit_17xx_40xx.o)
                0x00016388                Chip_SetupXtalClocking
 .text.Chip_SystemInit
                0x00016464        0x4 C:\Robot\Robotic-System.git\trunk\Workspaces\MultiWorkSpaces_2021\0_lpc_chip_175x_6x\Release\lib0_lpc_chip_175x_6x.a(sysinit_17xx_40xx.o)
                0x00016464                Chip_SystemInit
 .text.Chip_TIMER_Init
                0x00016468       0x2c C:\Robot\Robotic-System.git\trunk\Workspaces\MultiWorkSpaces_2021\0_lpc_chip_175x_6x\Release\lib0_lpc_chip_175x_6x.a(timer_17xx_40xx.o)
                0x00016468                Chip_TIMER_Init
 .text.Chip_UART_GetClockIndex
                0x00016494       0x28 C:\Robot\Robotic-System.git\trunk\Workspaces\MultiWorkSpaces_2021\0_lpc_chip_175x_6x\Release\lib0_lpc_chip_175x_6x.a(uart_17xx_40xx.o)
 .text.Chip_UART_Init
                0x000164bc       0x44 C:\Robot\Robotic-System.git\trunk\Workspaces\MultiWorkSpaces_2021\0_lpc_chip_175x_6x\Release\lib0_lpc_chip_175x_6x.a(uart_17xx_40xx.o)
                0x000164bc                Chip_UART_Init
 .text.Chip_UART_TXEnable
                0x00016500        0x6 C:\Robot\Robotic-System.git\trunk\Workspaces\MultiWorkSpaces_2021\0_lpc_chip_175x_6x\Release\lib0_lpc_chip_175x_6x.a(uart_17xx_40xx.o)
                0x00016500                Chip_UART_TXEnable
 .text.Chip_UART_SetBaud
                0x00016506       0x34 C:\Robot\Robotic-System.git\trunk\Workspaces\MultiWorkSpaces_2021\0_lpc_chip_175x_6x\Release\lib0_lpc_chip_175x_6x.a(uart_17xx_40xx.o)
                0x00016506                Chip_UART_SetBaud
 .text.Chip_UART_RXIntHandlerRB
                0x0001653a       0x22 C:\Robot\Robotic-System.git\trunk\Workspaces\MultiWorkSpaces_2021\0_lpc_chip_175x_6x\Release\lib0_lpc_chip_175x_6x.a(uart_17xx_40xx.o)
                0x0001653a                Chip_UART_RXIntHandlerRB
 .text.Chip_UART_TXIntHandlerRB
                0x0001655c       0x24 C:\Robot\Robotic-System.git\trunk\Workspaces\MultiWorkSpaces_2021\0_lpc_chip_175x_6x\Release\lib0_lpc_chip_175x_6x.a(uart_17xx_40xx.o)
                0x0001655c                Chip_UART_TXIntHandlerRB
 .text.Chip_UART_IRQRBHandler
                0x00016580       0x68 C:\Robot\Robotic-System.git\trunk\Workspaces\MultiWorkSpaces_2021\0_lpc_chip_175x_6x\Release\lib0_lpc_chip_175x_6x.a(uart_17xx_40xx.o)
                0x00016580                Chip_UART_IRQRBHandler
 .text.Set_Clock_in
                0x000165e8        0xc C:\Robot\Robotic-System.git\trunk\Workspaces\MultiWorkSpaces_2021\0_lpc_board_nxp_lpcxpresso_1769\Release\lib0_lpc_board_nxp_lpcxpresso_1769.a(board.o)
                0x000165e8                Set_Clock_in
 .text.Board_Init
                0x000165f4       0x12 C:\Robot\Robotic-System.git\trunk\Workspaces\MultiWorkSpaces_2021\0_lpc_board_nxp_lpcxpresso_1769\Release\lib0_lpc_board_nxp_lpcxpresso_1769.a(board.o)
                0x000165f4                Board_Init
 *fill*         0x00016606        0x2 ff
 .text          0x00016608      0x378 c:/nxp/mcuxpressoide_11.2.1_4149/ide/plugins/com.nxp.mcuxpresso.tools.win32_11.2.0.202008311134/tools/bin/../lib/gcc/arm-none-eabi/9.2.1/thumb/v7-m/nofp\libgcc.a(_arm_addsubdf3.o)
                0x00016608                __aeabi_drsub
                0x00016610                __aeabi_dsub
                0x00016610                __subdf3
                0x00016614                __aeabi_dadd
                0x00016614                __adddf3
                0x0001688c                __floatunsidf
                0x0001688c                __aeabi_ui2d
                0x000168ac                __floatsidf
                0x000168ac                __aeabi_i2d
                0x000168d0                __aeabi_f2d
                0x000168d0                __extendsfdf2
                0x00016914                __floatundidf
                0x00016914                __aeabi_ul2d
                0x00016924                __floatdidf
                0x00016924                __aeabi_l2d
 .text          0x00016980      0x21c c:/nxp/mcuxpressoide_11.2.1_4149/ide/plugins/com.nxp.mcuxpresso.tools.win32_11.2.0.202008311134/tools/bin/../lib/gcc/arm-none-eabi/9.2.1/thumb/v7-m/nofp\libgcc.a(_arm_addsubsf3.o)
                0x00016980                __aeabi_frsub
                0x00016988                __subsf3
                0x00016988                __aeabi_fsub
                0x0001698c                __aeabi_fadd
                0x0001698c                __addsf3
                0x00016aec                __aeabi_ui2f
                0x00016aec                __floatunsisf
                0x00016af4                __aeabi_i2f
                0x00016af4                __floatsisf
                0x00016b10                __aeabi_ul2f
                0x00016b10                __floatundisf
                0x00016b20                __aeabi_l2f
                0x00016b20                __floatdisf
 .text          0x00016b9c      0x2a0 c:/nxp/mcuxpressoide_11.2.1_4149/ide/plugins/com.nxp.mcuxpresso.tools.win32_11.2.0.202008311134/tools/bin/../lib/gcc/arm-none-eabi/9.2.1/thumb/v7-m/nofp\libgcc.a(_arm_muldivsf3.o)
                0x00016b9c                __mulsf3
                0x00016b9c                __aeabi_fmul
                0x00016d04                __aeabi_fdiv
                0x00016d04                __divsf3
 .text          0x00016e3c       0xec c:/nxp/mcuxpressoide_11.2.1_4149/ide/plugins/com.nxp.mcuxpresso.tools.win32_11.2.0.202008311134/tools/bin/../lib/gcc/arm-none-eabi/9.2.1/thumb/v7-m/nofp\libgcc.a(_arm_cmpsf2.o)
                0x00016e3c                __gesf2
                0x00016e3c                __gtsf2
                0x00016e44                __lesf2
                0x00016e44                __ltsf2
                0x00016e4c                __nesf2
                0x00016e4c                __eqsf2
                0x00016e4c                __cmpsf2
                0x00016eac                __aeabi_cfrcmple
                0x00016eb4                __aeabi_cfcmpeq
                0x00016eb4                __aeabi_cfcmple
                0x00016ec4                __aeabi_fcmpeq
                0x00016ed8                __aeabi_fcmplt
                0x00016eec                __aeabi_fcmple
                0x00016f00                __aeabi_fcmpge
                0x00016f14                __aeabi_fcmpgt
 .text          0x00016f28       0x4c c:/nxp/mcuxpressoide_11.2.1_4149/ide/plugins/com.nxp.mcuxpresso.tools.win32_11.2.0.202008311134/tools/bin/../lib/gcc/arm-none-eabi/9.2.1/thumb/v7-m/nofp\libgcc.a(_arm_fixsfsi.o)
                0x00016f28                __aeabi_f2iz
                0x00016f28                __fixsfsi
 .text          0x00016f74       0x40 c:/nxp/mcuxpressoide_11.2.1_4149/ide/plugins/com.nxp.mcuxpresso.tools.win32_11.2.0.202008311134/tools/bin/../lib/gcc/arm-none-eabi/9.2.1/thumb/v7-m/nofp\libgcc.a(_arm_fixunssfsi.o)
                0x00016f74                __fixunssfsi
                0x00016f74                __aeabi_f2uiz
 .text.memcpy   0x00016fb4       0x1c c:/nxp/mcuxpressoide_11.2.1_4149/ide/plugins/com.nxp.mcuxpresso.tools.win32_11.2.0.202008311134/tools/bin/../lib/gcc/arm-none-eabi/9.2.1/../../../../arm-none-eabi/lib/thumb/v7-m/nofp\libc_nano.a(lib_a-memcpy-stub.o)
                0x00016fb4                memcpy
 .text.memset   0x00016fd0       0x10 c:/nxp/mcuxpressoide_11.2.1_4149/ide/plugins/com.nxp.mcuxpresso.tools.win32_11.2.0.202008311134/tools/bin/../lib/gcc/arm-none-eabi/9.2.1/../../../../arm-none-eabi/lib/thumb/v7-m/nofp\libc_nano.a(lib_a-memset.o)
                0x00016fd0                memset
 .text.__cvt    0x00016fe0       0xbe c:/nxp/mcuxpressoide_11.2.1_4149/ide/plugins/com.nxp.mcuxpresso.tools.win32_11.2.0.202008311134/tools/bin/../lib/gcc/arm-none-eabi/9.2.1/../../../../arm-none-eabi/lib/thumb/v7-m/nofp\libc_nano.a(lib_a-nano-vfprintf_float.o)
                0x00016fe0                __cvt
 .text.__exponent
                0x0001709e       0x7c c:/nxp/mcuxpressoide_11.2.1_4149/ide/plugins/com.nxp.mcuxpresso.tools.win32_11.2.0.202008311134/tools/bin/../lib/gcc/arm-none-eabi/9.2.1/../../../../arm-none-eabi/lib/thumb/v7-m/nofp\libc_nano.a(lib_a-nano-vfprintf_float.o)
                0x0001709e                __exponent
 *fill*         0x0001711a        0x2 ff
 .text._printf_float
                0x0001711c      0x458 c:/nxp/mcuxpressoide_11.2.1_4149/ide/plugins/com.nxp.mcuxpresso.tools.win32_11.2.0.202008311134/tools/bin/../lib/gcc/arm-none-eabi/9.2.1/../../../../arm-none-eabi/lib/thumb/v7-m/nofp\libc_nano.a(lib_a-nano-vfprintf_float.o)
                0x0001711c                _printf_float
 .text._printf_common
                0x00017574       0xde c:/nxp/mcuxpressoide_11.2.1_4149/ide/plugins/com.nxp.mcuxpresso.tools.win32_11.2.0.202008311134/tools/bin/../lib/gcc/arm-none-eabi/9.2.1/../../../../arm-none-eabi/lib/thumb/v7-m/nofp\libc_nano.a(lib_a-nano-vfprintf_i.o)
                0x00017574                _printf_common
 *fill*         0x00017652        0x2 ff
 .text._printf_i
                0x00017654      0x24c c:/nxp/mcuxpressoide_11.2.1_4149/ide/plugins/com.nxp.mcuxpresso.tools.win32_11.2.0.202008311134/tools/bin/../lib/gcc/arm-none-eabi/9.2.1/../../../../arm-none-eabi/lib/thumb/v7-m/nofp\libc_nano.a(lib_a-nano-vfprintf_i.o)
                0x00017654                _printf_i
 .text.sprintf  0x000178a0       0x40 c:/nxp/mcuxpressoide_11.2.1_4149/ide/plugins/com.nxp.mcuxpresso.tools.win32_11.2.0.202008311134/tools/bin/../lib/gcc/arm-none-eabi/9.2.1/../../../../arm-none-eabi/lib/thumb/v7-m/nofp\libc_nano.a(lib_a-sprintf.o)
                0x000178a0                siprintf
                0x000178a0                sprintf
 .text          0x000178e0       0x10 c:/nxp/mcuxpressoide_11.2.1_4149/ide/plugins/com.nxp.mcuxpresso.tools.win32_11.2.0.202008311134/tools/bin/../lib/gcc/arm-none-eabi/9.2.1/../../../../arm-none-eabi/lib/thumb/v7-m/nofp\libc_nano.a(lib_a-strlen.o)
                0x000178e0                strlen
 .text.quorem   0x000178f0      0x11a c:/nxp/mcuxpressoide_11.2.1_4149/ide/plugins/com.nxp.mcuxpresso.tools.win32_11.2.0.202008311134/tools/bin/../lib/gcc/arm-none-eabi/9.2.1/../../../../arm-none-eabi/lib/thumb/v7-m/nofp\libc_nano.a(lib_a-dtoa.o)
 *fill*         0x00017a0a        0x6 ff
 .text._dtoa_r  0x00017a10      0xba4 c:/nxp/mcuxpressoide_11.2.1_4149/ide/plugins/com.nxp.mcuxpresso.tools.win32_11.2.0.202008311134/tools/bin/../lib/gcc/arm-none-eabi/9.2.1/../../../../arm-none-eabi/lib/thumb/v7-m/nofp\libc_nano.a(lib_a-dtoa.o)
                0x00017a10                _dtoa_r
 .text._localeconv_r
                0x000185b4        0x8 c:/nxp/mcuxpressoide_11.2.1_4149/ide/plugins/com.nxp.mcuxpresso.tools.win32_11.2.0.202008311134/tools/bin/../lib/gcc/arm-none-eabi/9.2.1/../../../../arm-none-eabi/lib/thumb/v7-m/nofp\libc_nano.a(lib_a-localeconv.o)
                0x000185b4                _localeconv_r
 .text.malloc   0x000185bc       0x10 c:/nxp/mcuxpressoide_11.2.1_4149/ide/plugins/com.nxp.mcuxpresso.tools.win32_11.2.0.202008311134/tools/bin/../lib/gcc/arm-none-eabi/9.2.1/../../../../arm-none-eabi/lib/thumb/v7-m/nofp\libc_nano.a(lib_a-malloc.o)
                0x000185bc                malloc
 .text.memchr   0x000185cc       0x1c c:/nxp/mcuxpressoide_11.2.1_4149/ide/plugins/com.nxp.mcuxpresso.tools.win32_11.2.0.202008311134/tools/bin/../lib/gcc/arm-none-eabi/9.2.1/../../../../arm-none-eabi/lib/thumb/v7-m/nofp\libc_nano.a(lib_a-memchr-stub.o)
                0x000185cc                memchr
 .text._Balloc  0x000185e8       0x68 c:/nxp/mcuxpressoide_11.2.1_4149/ide/plugins/com.nxp.mcuxpresso.tools.win32_11.2.0.202008311134/tools/bin/../lib/gcc/arm-none-eabi/9.2.1/../../../../arm-none-eabi/lib/thumb/v7-m/nofp\libc_nano.a(lib_a-mprec.o)
                0x000185e8                _Balloc
 .text._Bfree   0x00018650       0x2e c:/nxp/mcuxpressoide_11.2.1_4149/ide/plugins/com.nxp.mcuxpresso.tools.win32_11.2.0.202008311134/tools/bin/../lib/gcc/arm-none-eabi/9.2.1/../../../../arm-none-eabi/lib/thumb/v7-m/nofp\libc_nano.a(lib_a-mprec.o)
                0x00018650                _Bfree
 .text.__multadd
                0x0001867e       0x7c c:/nxp/mcuxpressoide_11.2.1_4149/ide/plugins/com.nxp.mcuxpresso.tools.win32_11.2.0.202008311134/tools/bin/../lib/gcc/arm-none-eabi/9.2.1/../../../../arm-none-eabi/lib/thumb/v7-m/nofp\libc_nano.a(lib_a-mprec.o)
                0x0001867e                __multadd
 .text.__hi0bits
                0x000186fa       0x40 c:/nxp/mcuxpressoide_11.2.1_4149/ide/plugins/com.nxp.mcuxpresso.tools.win32_11.2.0.202008311134/tools/bin/../lib/gcc/arm-none-eabi/9.2.1/../../../../arm-none-eabi/lib/thumb/v7-m/nofp\libc_nano.a(lib_a-mprec.o)
                0x000186fa                __hi0bits
 .text.__lo0bits
                0x0001873a       0x5c c:/nxp/mcuxpressoide_11.2.1_4149/ide/plugins/com.nxp.mcuxpresso.tools.win32_11.2.0.202008311134/tools/bin/../lib/gcc/arm-none-eabi/9.2.1/../../../../arm-none-eabi/lib/thumb/v7-m/nofp\libc_nano.a(lib_a-mprec.o)
                0x0001873a                __lo0bits
 .text.__i2b    0x00018796       0x12 c:/nxp/mcuxpressoide_11.2.1_4149/ide/plugins/com.nxp.mcuxpresso.tools.win32_11.2.0.202008311134/tools/bin/../lib/gcc/arm-none-eabi/9.2.1/../../../../arm-none-eabi/lib/thumb/v7-m/nofp\libc_nano.a(lib_a-mprec.o)
                0x00018796                __i2b
 .text.__multiply
                0x000187a8      0x136 c:/nxp/mcuxpressoide_11.2.1_4149/ide/plugins/com.nxp.mcuxpresso.tools.win32_11.2.0.202008311134/tools/bin/../lib/gcc/arm-none-eabi/9.2.1/../../../../arm-none-eabi/lib/thumb/v7-m/nofp\libc_nano.a(lib_a-mprec.o)
                0x000187a8                __multiply
 *fill*         0x000188de        0x2 ff
 .text.__pow5mult
                0x000188e0       0x9c c:/nxp/mcuxpressoide_11.2.1_4149/ide/plugins/com.nxp.mcuxpresso.tools.win32_11.2.0.202008311134/tools/bin/../lib/gcc/arm-none-eabi/9.2.1/../../../../arm-none-eabi/lib/thumb/v7-m/nofp\libc_nano.a(lib_a-mprec.o)
                0x000188e0                __pow5mult
 .text.__lshift
                0x0001897c       0xbe c:/nxp/mcuxpressoide_11.2.1_4149/ide/plugins/com.nxp.mcuxpresso.tools.win32_11.2.0.202008311134/tools/bin/../lib/gcc/arm-none-eabi/9.2.1/../../../../arm-none-eabi/lib/thumb/v7-m/nofp\libc_nano.a(lib_a-mprec.o)
                0x0001897c                __lshift
 .text.__mcmp   0x00018a3a       0x36 c:/nxp/mcuxpressoide_11.2.1_4149/ide/plugins/com.nxp.mcuxpresso.tools.win32_11.2.0.202008311134/tools/bin/../lib/gcc/arm-none-eabi/9.2.1/../../../../arm-none-eabi/lib/thumb/v7-m/nofp\libc_nano.a(lib_a-mprec.o)
                0x00018a3a                __mcmp
 .text.__mdiff  0x00018a70       0xf8 c:/nxp/mcuxpressoide_11.2.1_4149/ide/plugins/com.nxp.mcuxpresso.tools.win32_11.2.0.202008311134/tools/bin/../lib/gcc/arm-none-eabi/9.2.1/../../../../arm-none-eabi/lib/thumb/v7-m/nofp\libc_nano.a(lib_a-mprec.o)
                0x00018a70                __mdiff
 .text.__d2b    0x00018b68       0x9e c:/nxp/mcuxpressoide_11.2.1_4149/ide/plugins/com.nxp.mcuxpresso.tools.win32_11.2.0.202008311134/tools/bin/../lib/gcc/arm-none-eabi/9.2.1/../../../../arm-none-eabi/lib/thumb/v7-m/nofp\libc_nano.a(lib_a-mprec.o)
                0x00018b68                __d2b
 .text._calloc_r
                0x00018c06       0x1c c:/nxp/mcuxpressoide_11.2.1_4149/ide/plugins/com.nxp.mcuxpresso.tools.win32_11.2.0.202008311134/tools/bin/../lib/gcc/arm-none-eabi/9.2.1/../../../../arm-none-eabi/lib/thumb/v7-m/nofp\libc_nano.a(lib_a-nano-callocr.o)
                0x00018c06                _calloc_r
 *fill*         0x00018c22        0x2 ff
 .text._free_r  0x00018c24       0x98 c:/nxp/mcuxpressoide_11.2.1_4149/ide/plugins/com.nxp.mcuxpresso.tools.win32_11.2.0.202008311134/tools/bin/../lib/gcc/arm-none-eabi/9.2.1/../../../../arm-none-eabi/lib/thumb/v7-m/nofp\libc_nano.a(lib_a-nano-freer.o)
                0x00018c24                _free_r
 .text._malloc_r
                0x00018cbc       0xb4 c:/nxp/mcuxpressoide_11.2.1_4149/ide/plugins/com.nxp.mcuxpresso.tools.win32_11.2.0.202008311134/tools/bin/../lib/gcc/arm-none-eabi/9.2.1/../../../../arm-none-eabi/lib/thumb/v7-m/nofp\libc_nano.a(lib_a-nano-mallocr.o)
                0x00018cbc                _malloc_r
 .text.__ssputs_r
                0x00018d70       0xb6 c:/nxp/mcuxpressoide_11.2.1_4149/ide/plugins/com.nxp.mcuxpresso.tools.win32_11.2.0.202008311134/tools/bin/../lib/gcc/arm-none-eabi/9.2.1/../../../../arm-none-eabi/lib/thumb/v7-m/nofp\libc_nano.a(lib_a-nano-svfprintf.o)
                0x00018d70                __ssputs_r
 *fill*         0x00018e26        0x2 ff
 .text._svfprintf_r
                0x00018e28      0x200 c:/nxp/mcuxpressoide_11.2.1_4149/ide/plugins/com.nxp.mcuxpresso.tools.win32_11.2.0.202008311134/tools/bin/../lib/gcc/arm-none-eabi/9.2.1/../../../../arm-none-eabi/lib/thumb/v7-m/nofp\libc_nano.a(lib_a-nano-svfprintf.o)
                0x00018e28                _svfiprintf_r
                0x00018e28                _svfprintf_r
 .text._sbrk_r  0x00019028       0x20 c:/nxp/mcuxpressoide_11.2.1_4149/ide/plugins/com.nxp.mcuxpresso.tools.win32_11.2.0.202008311134/tools/bin/../lib/gcc/arm-none-eabi/9.2.1/../../../../arm-none-eabi/lib/thumb/v7-m/nofp\libc_nano.a(lib_a-sbrkr.o)
                0x00019028                _sbrk_r
 .text.__ascii_mbtowc
                0x00019048       0x24 c:/nxp/mcuxpressoide_11.2.1_4149/ide/plugins/com.nxp.mcuxpresso.tools.win32_11.2.0.202008311134/tools/bin/../lib/gcc/arm-none-eabi/9.2.1/../../../../arm-none-eabi/lib/thumb/v7-m/nofp\libc_nano.a(lib_a-mbtowc_r.o)
                0x00019048                __ascii_mbtowc
 .text.memmove  0x0001906c       0x34 c:/nxp/mcuxpressoide_11.2.1_4149/ide/plugins/com.nxp.mcuxpresso.tools.win32_11.2.0.202008311134/tools/bin/../lib/gcc/arm-none-eabi/9.2.1/../../../../arm-none-eabi/lib/thumb/v7-m/nofp\libc_nano.a(lib_a-memmove.o)
                0x0001906c                memmove
 .text.__malloc_lock
                0x000190a0        0xc c:/nxp/mcuxpressoide_11.2.1_4149/ide/plugins/com.nxp.mcuxpresso.tools.win32_11.2.0.202008311134/tools/bin/../lib/gcc/arm-none-eabi/9.2.1/../../../../arm-none-eabi/lib/thumb/v7-m/nofp\libc_nano.a(lib_a-mlock.o)
                0x000190a0                __malloc_lock
 .text.__malloc_unlock
                0x000190ac        0xc c:/nxp/mcuxpressoide_11.2.1_4149/ide/plugins/com.nxp.mcuxpresso.tools.win32_11.2.0.202008311134/tools/bin/../lib/gcc/arm-none-eabi/9.2.1/../../../../arm-none-eabi/lib/thumb/v7-m/nofp\libc_nano.a(lib_a-mlock.o)
                0x000190ac                __malloc_unlock
 .text._realloc_r
                0x000190b8       0x4c c:/nxp/mcuxpressoide_11.2.1_4149/ide/plugins/com.nxp.mcuxpresso.tools.win32_11.2.0.202008311134/tools/bin/../lib/gcc/arm-none-eabi/9.2.1/../../../../arm-none-eabi/lib/thumb/v7-m/nofp\libc_nano.a(lib_a-nano-reallocr.o)
                0x000190b8                _realloc_r
 .text.__ascii_wctomb
                0x00019104       0x1a c:/nxp/mcuxpressoide_11.2.1_4149/ide/plugins/com.nxp.mcuxpresso.tools.win32_11.2.0.202008311134/tools/bin/../lib/gcc/arm-none-eabi/9.2.1/../../../../arm-none-eabi/lib/thumb/v7-m/nofp\libc_nano.a(lib_a-wctomb_r.o)
                0x00019104                __ascii_wctomb
 .text.__retarget_lock_acquire_recursive
                0x0001911e        0x2 c:/nxp/mcuxpressoide_11.2.1_4149/ide/plugins/com.nxp.mcuxpresso.tools.win32_11.2.0.202008311134/tools/bin/../lib/gcc/arm-none-eabi/9.2.1/../../../../arm-none-eabi/lib/thumb/v7-m/nofp\libc_nano.a(lib_a-lock.o)
                0x0001911e                __retarget_lock_acquire_recursive
 .text.__retarget_lock_release_recursive
                0x00019120        0x2 c:/nxp/mcuxpressoide_11.2.1_4149/ide/plugins/com.nxp.mcuxpresso.tools.win32_11.2.0.202008311134/tools/bin/../lib/gcc/arm-none-eabi/9.2.1/../../../../arm-none-eabi/lib/thumb/v7-m/nofp\libc_nano.a(lib_a-lock.o)
                0x00019120                __retarget_lock_release_recursive
 .text._malloc_usable_size_r
                0x00019122       0x10 c:/nxp/mcuxpressoide_11.2.1_4149/ide/plugins/com.nxp.mcuxpresso.tools.win32_11.2.0.202008311134/tools/bin/../lib/gcc/arm-none-eabi/9.2.1/../../../../arm-none-eabi/lib/thumb/v7-m/nofp\libc_nano.a(lib_a-nano-msizer.o)
                0x00019122                _malloc_usable_size_r
 *fill*         0x00019132        0x2 ff
 .text.sqrtf    0x00019134       0xa4 c:/nxp/mcuxpressoide_11.2.1_4149/ide/plugins/com.nxp.mcuxpresso.tools.win32_11.2.0.202008311134/tools/bin/../lib/gcc/arm-none-eabi/9.2.1/../../../../arm-none-eabi/lib/thumb/v7-m/nofp\libm.a(lib_a-wf_sqrt.o)
                0x00019134                sqrtf
 .text.__ieee754_sqrtf
                0x000191d8       0xa8 c:/nxp/mcuxpressoide_11.2.1_4149/ide/plugins/com.nxp.mcuxpresso.tools.win32_11.2.0.202008311134/tools/bin/../lib/gcc/arm-none-eabi/9.2.1/../../../../arm-none-eabi/lib/thumb/v7-m/nofp\libm.a(lib_a-ef_sqrt.o)
                0x000191d8                __ieee754_sqrtf
 .text.matherr  0x00019280        0x4 c:/nxp/mcuxpressoide_11.2.1_4149/ide/plugins/com.nxp.mcuxpresso.tools.win32_11.2.0.202008311134/tools/bin/../lib/gcc/arm-none-eabi/9.2.1/../../../../arm-none-eabi/lib/thumb/v7-m/nofp\libm.a(lib_a-s_matherr.o)
                0x00019280                matherr
 .text._sbrk    0x00019284       0x3c c:/nxp/mcuxpressoide_11.2.1_4149/ide/plugins/com.nxp.mcuxpresso.tools.win32_11.2.0.202008311134/tools/bin/../lib/gcc/arm-none-eabi/9.2.1/../../../../arm-none-eabi/lib/thumb/v7-m/nofp\libcr_newlib_none.a(_cr_sbrk.o)
                0x00019284                _sbrk
 .text.__check_heap_overflow
                0x000192c0       0x14 c:/nxp/mcuxpressoide_11.2.1_4149/ide/plugins/com.nxp.mcuxpresso.tools.win32_11.2.0.202008311134/tools/bin/../lib/gcc/arm-none-eabi/9.2.1/../../../../arm-none-eabi/lib/thumb/v7-m/nofp\libcr_newlib_none.a(_cr_check_heap.o)
                0x000192c0                __check_heap_overflow
 .text          0x000192d4      0x424 c:/nxp/mcuxpressoide_11.2.1_4149/ide/plugins/com.nxp.mcuxpresso.tools.win32_11.2.0.202008311134/tools/bin/../lib/gcc/arm-none-eabi/9.2.1/thumb/v7-m/nofp\libgcc.a(_arm_muldivdf3.o)
                0x000192d4                __aeabi_dmul
                0x000192d4                __muldf3
                0x00019528                __divdf3
                0x00019528                __aeabi_ddiv
 .text          0x000196f8      0x110 c:/nxp/mcuxpressoide_11.2.1_4149/ide/plugins/com.nxp.mcuxpresso.tools.win32_11.2.0.202008311134/tools/bin/../lib/gcc/arm-none-eabi/9.2.1/thumb/v7-m/nofp\libgcc.a(_arm_cmpdf2.o)
                0x000196f8                __gtdf2
                0x000196f8                __gedf2
                0x00019700                __ltdf2
                0x00019700                __ledf2
                0x00019708                __nedf2
                0x00019708                __eqdf2
                0x00019708                __cmpdf2
                0x00019784                __aeabi_cdrcmple
                0x00019794                __aeabi_cdcmpeq
                0x00019794                __aeabi_cdcmple
                0x000197a4                __aeabi_dcmpeq
                0x000197b8                __aeabi_dcmplt
                0x000197cc                __aeabi_dcmple
                0x000197e0                __aeabi_dcmpge
                0x000197f4                __aeabi_dcmpgt
 .text          0x00019808       0x2c c:/nxp/mcuxpressoide_11.2.1_4149/ide/plugins/com.nxp.mcuxpresso.tools.win32_11.2.0.202008311134/tools/bin/../lib/gcc/arm-none-eabi/9.2.1/thumb/v7-m/nofp\libgcc.a(_arm_unorddf2.o)
                0x00019808                __unorddf2
                0x00019808                __aeabi_dcmpun
 .text          0x00019834       0x50 c:/nxp/mcuxpressoide_11.2.1_4149/ide/plugins/com.nxp.mcuxpresso.tools.win32_11.2.0.202008311134/tools/bin/../lib/gcc/arm-none-eabi/9.2.1/thumb/v7-m/nofp\libgcc.a(_arm_fixdfsi.o)
                0x00019834                __aeabi_d2iz
                0x00019834                __fixdfsi
 .text          0x00019884       0xa0 c:/nxp/mcuxpressoide_11.2.1_4149/ide/plugins/com.nxp.mcuxpresso.tools.win32_11.2.0.202008311134/tools/bin/../lib/gcc/arm-none-eabi/9.2.1/thumb/v7-m/nofp\libgcc.a(_arm_truncdfsf2.o)
                0x00019884                __truncdfsf2
                0x00019884                __aeabi_d2f
 .text          0x00019924       0x2c c:/nxp/mcuxpressoide_11.2.1_4149/ide/plugins/com.nxp.mcuxpresso.tools.win32_11.2.0.202008311134/tools/bin/../lib/gcc/arm-none-eabi/9.2.1/thumb/v7-m/nofp\libgcc.a(_arm_unordsf2.o)
                0x00019924                __unordsf2
                0x00019924                __aeabi_fcmpun
 .text.__errno  0x00019950        0xc c:/nxp/mcuxpressoide_11.2.1_4149/ide/plugins/com.nxp.mcuxpresso.tools.win32_11.2.0.202008311134/tools/bin/../lib/gcc/arm-none-eabi/9.2.1/../../../../arm-none-eabi/lib/thumb/v7-m/nofp\libc_nano.a(lib_a-errno.o)
                0x00019950                __errno
 *(.rodata .rodata.* .constdata .constdata.*)
 .rodata        0x0001995c        0xf ./src/IA_2021_V0.o
 *fill*         0x0001996b        0x1 ff
 .rodata        0x0001996c       0x1f ./src/Init.o
 *fill*         0x0001998b        0x1 ff
 .rodata        0x0001998c       0xb6 ./src/test.o
 *fill*         0x00019a42        0x2 ff
 .rodata        0x00019a44       0x29 ./freertos/src/FreeRTOSCommonHooks.o
 *fill*         0x00019a6d        0x3 ff
 .rodata.vTaskStartScheduler.str1.4
                0x00019a70        0x5 ./freertos/src/tasks.o
 *fill*         0x00019a75        0x3 ff
 .rodata.prvCheckForValidListAndQueue.str1.4
                0x00019a78        0x5 ./freertos/src/timers.o
 *fill*         0x00019a7d        0x3 ff
 .rodata.xTimerCreateTimerTask.str1.4
                0x00019a80        0x8 ./freertos/src/timers.o
 .rodata        0x00019a88      0x299 ./Strategie/Strategie_Level0/Deplacement/0_Deplacements.o
 *fill*         0x00019d21        0x3 ff
 .rodata        0x00019d24       0x9b ./Strategie/Strategie.o
 *fill*         0x00019dbf        0x1 ff
 .rodata        0x00019dc0       0x6b ./Pathfinding/Astar/Astar.o
 *fill*         0x00019e2b        0x1 ff
 .rodata        0x00019e2c       0x25 ./Communication/0_Communication.o
 *fill*         0x00019e51        0x3 ff
 .rodata        0x00019e54       0x30 ./Communication/1_Trame_Communication.o
 .rodata        0x00019e84        0xd ./Communication/2_Echange_Data_Strategie.o
 *fill*         0x00019e91        0x3 ff
 .rodata        0x00019e94      0x206 ./Communication/2_Echange_Datas.o
 *fill*         0x0001a09a        0x2 ff
 .rodata.MainOscPLL0conf_12
                0x0001a09c       0xf0 C:\Robot\Robotic-System.git\trunk\Workspaces\MultiWorkSpaces_2021\0_lpc_chip_175x_6x\Release\lib0_lpc_chip_175x_6x.a(sysinit_17xx_40xx.o)
 .rodata.MainOscPLL0conf_16
                0x0001a18c       0xb0 C:\Robot\Robotic-System.git\trunk\Workspaces\MultiWorkSpaces_2021\0_lpc_chip_175x_6x\Release\lib0_lpc_chip_175x_6x.a(sysinit_17xx_40xx.o)
 .rodata.RTCOscRateIn
                0x0001a23c        0x4 C:\Robot\Robotic-System.git\trunk\Workspaces\MultiWorkSpaces_2021\0_lpc_board_nxp_lpcxpresso_1769\Release\lib0_lpc_board_nxp_lpcxpresso_1769.a(board.o)
                0x0001a23c                RTCOscRateIn
 .rodata._printf_float.str1.1
                0x0001a240       0x12 c:/nxp/mcuxpressoide_11.2.1_4149/ide/plugins/com.nxp.mcuxpresso.tools.win32_11.2.0.202008311134/tools/bin/../lib/gcc/arm-none-eabi/9.2.1/../../../../arm-none-eabi/lib/thumb/v7-m/nofp\libc_nano.a(lib_a-nano-vfprintf_float.o)
 .rodata._printf_i.str1.1
                0x0001a252       0x22 c:/nxp/mcuxpressoide_11.2.1_4149/ide/plugins/com.nxp.mcuxpresso.tools.win32_11.2.0.202008311134/tools/bin/../lib/gcc/arm-none-eabi/9.2.1/../../../../arm-none-eabi/lib/thumb/v7-m/nofp\libc_nano.a(lib_a-nano-vfprintf_i.o)
 .rodata._dtoa_r.str1.1
                0x0001a274        0xd c:/nxp/mcuxpressoide_11.2.1_4149/ide/plugins/com.nxp.mcuxpresso.tools.win32_11.2.0.202008311134/tools/bin/../lib/gcc/arm-none-eabi/9.2.1/../../../../arm-none-eabi/lib/thumb/v7-m/nofp\libc_nano.a(lib_a-dtoa.o)
                                  0xf (size before relaxing)
 *fill*         0x0001a281        0x7 ff
 .rodata.__mprec_bigtens
                0x0001a288       0x28 c:/nxp/mcuxpressoide_11.2.1_4149/ide/plugins/com.nxp.mcuxpresso.tools.win32_11.2.0.202008311134/tools/bin/../lib/gcc/arm-none-eabi/9.2.1/../../../../arm-none-eabi/lib/thumb/v7-m/nofp\libc_nano.a(lib_a-mprec.o)
                0x0001a288                __mprec_bigtens
 .rodata.__mprec_tens
                0x0001a2b0       0xc8 c:/nxp/mcuxpressoide_11.2.1_4149/ide/plugins/com.nxp.mcuxpresso.tools.win32_11.2.0.202008311134/tools/bin/../lib/gcc/arm-none-eabi/9.2.1/../../../../arm-none-eabi/lib/thumb/v7-m/nofp\libc_nano.a(lib_a-mprec.o)
                0x0001a2b0                __mprec_tens
 .rodata.p05.6127
                0x0001a378        0xc c:/nxp/mcuxpressoide_11.2.1_4149/ide/plugins/com.nxp.mcuxpresso.tools.win32_11.2.0.202008311134/tools/bin/../lib/gcc/arm-none-eabi/9.2.1/../../../../arm-none-eabi/lib/thumb/v7-m/nofp\libc_nano.a(lib_a-mprec.o)
 .rodata._svfprintf_r.str1.1
                0x0001a384       0x11 c:/nxp/mcuxpressoide_11.2.1_4149/ide/plugins/com.nxp.mcuxpresso.tools.win32_11.2.0.202008311134/tools/bin/../lib/gcc/arm-none-eabi/9.2.1/../../../../arm-none-eabi/lib/thumb/v7-m/nofp\libc_nano.a(lib_a-nano-svfprintf.o)
 .rodata._setlocale_r.str1.1
                0x0001a395        0x8 c:/nxp/mcuxpressoide_11.2.1_4149/ide/plugins/com.nxp.mcuxpresso.tools.win32_11.2.0.202008311134/tools/bin/../lib/gcc/arm-none-eabi/9.2.1/../../../../arm-none-eabi/lib/thumb/v7-m/nofp\libc_nano.a(lib_a-locale.o)
                                  0x9 (size before relaxing)
 .rodata.str1.1
                0x0001a39d        0x2 c:/nxp/mcuxpressoide_11.2.1_4149/ide/plugins/com.nxp.mcuxpresso.tools.win32_11.2.0.202008311134/tools/bin/../lib/gcc/arm-none-eabi/9.2.1/../../../../arm-none-eabi/lib/thumb/v7-m/nofp\libc_nano.a(lib_a-locale.o)
 .rodata._ctype_
                0x0001a39f      0x101 c:/nxp/mcuxpressoide_11.2.1_4149/ide/plugins/com.nxp.mcuxpresso.tools.win32_11.2.0.202008311134/tools/bin/../lib/gcc/arm-none-eabi/9.2.1/../../../../arm-none-eabi/lib/thumb/v7-m/nofp\libc_nano.a(lib_a-ctype_.o)
                0x0001a39f                _ctype_
 .rodata.sqrtf.str1.4
                0x0001a4a0        0x6 c:/nxp/mcuxpressoide_11.2.1_4149/ide/plugins/com.nxp.mcuxpresso.tools.win32_11.2.0.202008311134/tools/bin/../lib/gcc/arm-none-eabi/9.2.1/../../../../arm-none-eabi/lib/thumb/v7-m/nofp\libm.a(lib_a-wf_sqrt.o)
                0x0001a4a8                . = ALIGN (0x4)
 *fill*         0x0001a4a6        0x2 ff

.glue_7         0x0001a4a8        0x0
 .glue_7        0x0001a4a8        0x0 linker stubs

.glue_7t        0x0001a4a8        0x0
 .glue_7t       0x0001a4a8        0x0 linker stubs

.vfp11_veneer   0x0001a4a8        0x0
 .vfp11_veneer  0x0001a4a8        0x0 linker stubs

.v4_bx          0x0001a4a8        0x0
 .v4_bx         0x0001a4a8        0x0 linker stubs

.iplt           0x0001a4a8        0x0
 .iplt          0x0001a4a8        0x0 ./src/IA_2021_V0.o

.rel.dyn        0x0001a4a8        0x0
 .rel.iplt      0x0001a4a8        0x0 ./src/IA_2021_V0.o

.ARM.extab
 *(.ARM.extab* .gnu.linkonce.armextab.*)

.ARM.exidx      0x0001a4a8        0x0
                0x0001a4a8                __exidx_start = .
 *(.ARM.exidx* .gnu.linkonce.armexidx.*)
                0x0001a4a8                __exidx_end = .
                0x0001a4a8                _etext = .

.data_RAM2      0x2007c000        0x0 load address 0x0001a4a8
 FILL mask 0xff
                [!provide]                PROVIDE (__start_data_RAM2 = .)
                [!provide]                PROVIDE (__start_data_Ram_USB = .)
 *(.ramfunc.$RAM2)
 *(.ramfunc.$Ram_USB)
 *(.data.$RAM2)
 *(.data.$Ram_USB)
 *(.data.$RAM2.*)
 *(.data.$Ram_USB.*)
                0x2007c000                . = ALIGN (0x4)
                [!provide]                PROVIDE (__end_data_RAM2 = .)
                [!provide]                PROVIDE (__end_data_Ram_USB = .)

.data_RAM3      0x2007c800        0x0 load address 0x0001a4a8
 FILL mask 0xff
                [!provide]                PROVIDE (__start_data_RAM3 = .)
                [!provide]                PROVIDE (__start_data_RAM3 = .)
 *(.ramfunc.$RAM3)
 *(.ramfunc.$RAM3)
 *(.data.$RAM3)
 *(.data.$RAM3)
 *(.data.$RAM3.*)
 *(.data.$RAM3.*)
                0x2007c800                . = ALIGN (0x4)
                [!provide]                PROVIDE (__end_data_RAM3 = .)
                [!provide]                PROVIDE (__end_data_RAM3 = .)

.uninit_RESERVED
                0x10000000        0x0
                0x10000000                _start_uninit_RESERVED = .
 *(.bss.$RESERVED*)
                0x10000000                . = ALIGN (0x4)
                0x10000000                _end_uninit_RESERVED = .

.data           0x10000000      0x1ec load address 0x0001a4a8
 FILL mask 0xff
                0x10000000                _data = .
                [!provide]                PROVIDE (__start_data_RAM = .)
                [!provide]                PROVIDE (__start_data_RamLoc32 = .)
 *(vtable)
 *(.ramfunc*)
 *(CodeQuickAccess)
 *(DataQuickAccess)
 *(RamFunction)
 *(.data*)
 .data.xHeapRegions
                0x10000000       0x10 ./src/IA_2021_V0.o
 .data.uxCriticalNesting
                0x10000010        0x4 ./freertos/src/port.o
 .data.OscRateIn
                0x10000014        0x4 C:\Robot\Robotic-System.git\trunk\Workspaces\MultiWorkSpaces_2021\0_lpc_board_nxp_lpcxpresso_1769\Release\lib0_lpc_board_nxp_lpcxpresso_1769.a(board.o)
                0x10000014                OscRateIn
 .data._impure_ptr
                0x10000018        0x4 c:/nxp/mcuxpressoide_11.2.1_4149/ide/plugins/com.nxp.mcuxpresso.tools.win32_11.2.0.202008311134/tools/bin/../lib/gcc/arm-none-eabi/9.2.1/../../../../arm-none-eabi/lib/thumb/v7-m/nofp\libc_nano.a(lib_a-impure.o)
                0x10000018                _impure_ptr
 .data.impure_data
                0x1000001c       0x60 c:/nxp/mcuxpressoide_11.2.1_4149/ide/plugins/com.nxp.mcuxpresso.tools.win32_11.2.0.202008311134/tools/bin/../lib/gcc/arm-none-eabi/9.2.1/../../../../arm-none-eabi/lib/thumb/v7-m/nofp\libc_nano.a(lib_a-impure.o)
 .data.__global_locale
                0x1000007c      0x16c c:/nxp/mcuxpressoide_11.2.1_4149/ide/plugins/com.nxp.mcuxpresso.tools.win32_11.2.0.202008311134/tools/bin/../lib/gcc/arm-none-eabi/9.2.1/../../../../arm-none-eabi/lib/thumb/v7-m/nofp\libc_nano.a(lib_a-locale.o)
                0x1000007c                __global_locale
 .data.__fdlib_version
                0x100001e8        0x1 c:/nxp/mcuxpressoide_11.2.1_4149/ide/plugins/com.nxp.mcuxpresso.tools.win32_11.2.0.202008311134/tools/bin/../lib/gcc/arm-none-eabi/9.2.1/../../../../arm-none-eabi/lib/thumb/v7-m/nofp\libm.a(lib_a-s_lib_ver.o)
                0x100001e8                __fdlib_version
                0x100001ec                . = ALIGN (0x4)
 *fill*         0x100001e9        0x3 ff
                0x100001ec                _edata = .
                [!provide]                PROVIDE (__end_data_RAM = .)
                [!provide]                PROVIDE (__end_data_RamLoc32 = .)

.igot.plt       0x100001ec        0x0 load address 0x0001a694
 .igot.plt      0x100001ec        0x0 ./src/IA_2021_V0.o

.bss_RAM2       0x2007c000        0x0
                [!provide]                PROVIDE (__start_bss_RAM2 = .)
                [!provide]                PROVIDE (__start_bss_Ram_USB = .)
 *(.bss.$RAM2)
 *(.bss.$Ram_USB)
 *(.bss.$RAM2.*)
 *(.bss.$Ram_USB.*)
                0x2007c000                . = ALIGN ((. != 0x0)?0x4:0x1)
                [!provide]                PROVIDE (__end_bss_RAM2 = .)
                [!provide]                PROVIDE (__end_bss_Ram_USB = .)

.bss_RAM3       0x2007c800     0x44c0
                [!provide]                PROVIDE (__start_bss_RAM3 = .)
                [!provide]                PROVIDE (__start_bss_RAM3 = .)
 *(.bss.$RAM3)
 .bss.$RAM3     0x2007c800      0x1ce ./freertos/src/FreeRTOSCommonHooks.o
 *fill*         0x2007c9ce        0x2 
 .bss.$RAM3     0x2007c9d0       0x18 ./Strategie/Strategie_Level0/Deplacement/0_Deplacements.o
 .bss.$RAM3     0x2007c9e8       0xd8 ./Strategie/Strategie_Level0/0_Infos.o
 .bss.$RAM3     0x2007cac0      0x41c ./Pathfinding/Astar/Astar.o
 .bss.$RAM3     0x2007cedc      0x480 ./Communication/0_Communication.o
 .bss.$RAM3     0x2007d35c       0xb3 ./Communication/1_Trame_Communication.o
 *fill*         0x2007d40f        0x1 
 .bss.$RAM3     0x2007d410       0x56 ./Communication/2_Echange_Data_Strategie.o
 *fill*         0x2007d466        0x2 
 .bss.$RAM3     0x2007d468       0x56 ./Communication/2_Echange_Datas.o
 *(.bss.$RAM3)
 *(.bss.$RAM3.*)
 *fill*         0x2007d4be        0x2 
 .bss.$RAM3.    0x2007d4c0     0x3800 ./src/IA_2021_V0.o
 *(.bss.$RAM3.*)
                0x20080cc0                . = ALIGN ((. != 0x0)?0x4:0x1)
                [!provide]                PROVIDE (__end_bss_RAM3 = .)
                [!provide]                PROVIDE (__end_bss_RAM3 = .)

.bss            0x100001ec     0x52b8
                0x100001ec                _bss = .
                [!provide]                PROVIDE (__start_bss_RAM = .)
                [!provide]                PROVIDE (__start_bss_RamLoc32 = .)
 *(.bss*)
 .bss.str.10621
                0x100001ec       0x46 ./src/test.o
 *fill*         0x10000232        0x2 
 .bss.str.10626
                0x10000234       0x46 ./src/test.o
 *fill*         0x1000027a        0x2 
 .bss.pxEnd     0x1000027c        0x4 ./freertos/src/heap_5.o
 .bss.xBlockAllocatedBit
                0x10000280        0x4 ./freertos/src/heap_5.o
 .bss.xFreeBytesRemaining
                0x10000284        0x4 ./freertos/src/heap_5.o
 .bss.xMinimumEverFreeBytesRemaining
                0x10000288        0x4 ./freertos/src/heap_5.o
 .bss.xNumberOfSuccessfulAllocations
                0x1000028c        0x4 ./freertos/src/heap_5.o
 .bss.xNumberOfSuccessfulFrees
                0x10000290        0x4 ./freertos/src/heap_5.o
 .bss.xStart    0x10000294        0x8 ./freertos/src/heap_5.o
 .bss.xQueueRegistry
                0x1000029c       0x50 ./freertos/src/queue.o
                0x1000029c                xQueueRegistry
 .bss.pxCurrentTCB
                0x100002ec        0x4 ./freertos/src/tasks.o
                0x100002ec                pxCurrentTCB
 .bss.pxDelayedTaskList
                0x100002f0        0x4 ./freertos/src/tasks.o
 .bss.pxOverflowDelayedTaskList
                0x100002f4        0x4 ./freertos/src/tasks.o
 .bss.pxReadyTasksLists
                0x100002f8       0x64 ./freertos/src/tasks.o
 .bss.uxCurrentNumberOfTasks
                0x1000035c        0x4 ./freertos/src/tasks.o
 .bss.uxDeletedTasksWaitingCleanUp
                0x10000360        0x4 ./freertos/src/tasks.o
 .bss.uxSchedulerSuspended
                0x10000364        0x4 ./freertos/src/tasks.o
 .bss.uxTaskNumber
                0x10000368        0x4 ./freertos/src/tasks.o
 .bss.uxTopReadyPriority
                0x1000036c        0x4 ./freertos/src/tasks.o
 .bss.xDelayedTaskList1
                0x10000370       0x14 ./freertos/src/tasks.o
 .bss.xDelayedTaskList2
                0x10000384       0x14 ./freertos/src/tasks.o
 .bss.xIdleTaskHandle
                0x10000398        0x4 ./freertos/src/tasks.o
 .bss.xNextTaskUnblockTime
                0x1000039c        0x4 ./freertos/src/tasks.o
 .bss.xNumOfOverflows
                0x100003a0        0x4 ./freertos/src/tasks.o
 .bss.xPendedTicks
                0x100003a4        0x4 ./freertos/src/tasks.o
 .bss.xPendingReadyList
                0x100003a8       0x14 ./freertos/src/tasks.o
 .bss.xSchedulerRunning
                0x100003bc        0x4 ./freertos/src/tasks.o
 .bss.xSuspendedTaskList
                0x100003c0       0x14 ./freertos/src/tasks.o
 .bss.xTasksWaitingTermination
                0x100003d4       0x14 ./freertos/src/tasks.o
 .bss.xTickCount
                0x100003e8        0x4 ./freertos/src/tasks.o
 .bss.xYieldPending
                0x100003ec        0x4 ./freertos/src/tasks.o
 .bss.pxCurrentTimerList
                0x100003f0        0x4 ./freertos/src/timers.o
 .bss.pxOverflowTimerList
                0x100003f4        0x4 ./freertos/src/timers.o
 .bss.xActiveTimerList1
                0x100003f8       0x14 ./freertos/src/timers.o
 .bss.xActiveTimerList2
                0x1000040c       0x14 ./freertos/src/timers.o
 .bss.xLastTime.9167
                0x10000420        0x4 ./freertos/src/timers.o
 .bss.xTimerQueue
                0x10000424        0x4 ./freertos/src/timers.o
 .bss.xTimerTaskHandle
                0x10000428        0x4 ./freertos/src/timers.o
 .bss.Astar_Task_Handler
                0x1000042c        0x4 ./Strategie/Strategie_Level0/Deplacement/0_Deplacements.o
                0x1000042c                Astar_Task_Handler
 .bss._0_Deplacement_EventGroup
                0x10000430        0x4 ./Strategie/Strategie_Level0/Deplacement/0_Deplacements.o
                0x10000430                _0_Deplacement_EventGroup
 .bss.xMutex_Protection
                0x10000434        0x4 ./Strategie/Strategie_Level0/0_Infos.o
                0x10000434                xMutex_Protection
 .bss.Actions_2021
                0x10000438      0x244 ./Strategie/Strategie.o
                0x10000438                Actions_2021
 .bss.Strategie_Choisie
                0x1000067c        0x1 ./Strategie/Strategie.o
                0x1000067c                Strategie_Choisie
 *fill*         0x1000067d        0x3 
 .bss.Temps_Match
                0x10000680        0x4 ./Strategie/Strategie.o
                0x10000680                Temps_Match
 .bss.str.10490
                0x10000684       0x46 ./Strategie/Strategie.o
 .bss.Already_Blocked.10492
                0x100006ca        0x1 ./Pathfinding/Astar/Astar.o
 *fill*         0x100006cb        0x1 
 .bss.Map       0x100006cc     0x4b12 ./Pathfinding/Astar/Astar.o
 *fill*         0x100051de        0x2 
 .bss.ADCSetup  0x100051e0        0x8 ./Level_0/Drivers/0_ADC/0_ADC.o
 .bss.Burst_Mode_Flag
                0x100051e8        0x1 ./Level_0/Drivers/0_ADC/0_ADC.o
 *fill*         0x100051e9        0x3 
 .bss.Message.11441
                0x100051ec       0x5d ./Communication/0_Communication.o
 *fill*         0x10005249        0x3 
 .bss._1_xQueue_Message_TO_Send
                0x1000524c        0x4 ./Communication/0_Communication.o
                0x1000524c                _1_xQueue_Message_TO_Send
 .bss.already_flaged.11349
                0x10005250        0x1 ./Communication/0_Communication.o
 .bss.already_flaged.11354