Archive member included to satisfy reference by file (symbol)

D:\Developpement_Robot\Robotic-System\trunk\Workspaces\MultiWorkSpaces_2021\0_lpc_chip_175x_6x\Release\lib0_lpc_chip_175x_6x.a(chip_17xx_40xx.o)
                              ./src/IA_2021_V0.o (SystemCoreClockUpdate)
D:\Developpement_Robot\Robotic-System\trunk\Workspaces\MultiWorkSpaces_2021\0_lpc_chip_175x_6x\Release\lib0_lpc_chip_175x_6x.a(clock_17xx_40xx.o)
                              D:\Developpement_Robot\Robotic-System\trunk\Workspaces\MultiWorkSpaces_2021\0_lpc_chip_175x_6x\Release\lib0_lpc_chip_175x_6x.a(chip_17xx_40xx.o) (Chip_Clock_EnablePLL)
D:\Developpement_Robot\Robotic-System\trunk\Workspaces\MultiWorkSpaces_2021\0_lpc_chip_175x_6x\Release\lib0_lpc_chip_175x_6x.a(ring_buffer.o)
                              ./Communication/0_Communication.o (RingBuffer_Init)
D:\Developpement_Robot\Robotic-System\trunk\Workspaces\MultiWorkSpaces_2021\0_lpc_chip_175x_6x\Release\lib0_lpc_chip_175x_6x.a(stopwatch_17xx_40xx.o)
                              ./Communication/USB/src/cdc_usb_main.o (StopWatch_Init)
D:\Developpement_Robot\Robotic-System\trunk\Workspaces\MultiWorkSpaces_2021\0_lpc_chip_175x_6x\Release\lib0_lpc_chip_175x_6x.a(sysinit_17xx_40xx.o)
                              ./src/IA_2021_V0.o (Chip_SetupXtalClocking)
D:\Developpement_Robot\Robotic-System\trunk\Workspaces\MultiWorkSpaces_2021\0_lpc_chip_175x_6x\Release\lib0_lpc_chip_175x_6x.a(timer_17xx_40xx.o)
                              ./src/IA_2021_V0.o (Chip_TIMER_Init)
D:\Developpement_Robot\Robotic-System\trunk\Workspaces\MultiWorkSpaces_2021\0_lpc_chip_175x_6x\Release\lib0_lpc_chip_175x_6x.a(uart_17xx_40xx.o)
                              ./Communication/0_Communication.o (Chip_UART_Init)
D:\Developpement_Robot\Robotic-System\trunk\Workspaces\MultiWorkSpaces_2021\0_lpc_board_nxp_lpcxpresso_1769\Release\lib0_lpc_board_nxp_lpcxpresso_1769.a(board.o)
                              ./src/IA_2021_V0.o (Set_Clock_in)
D:\Developpement_Robot\Robotic-System\trunk\Workspaces\MultiWorkSpaces_2021\0_lpc_chip_175x_6x\libs\libusbd_175x_6x_lib.a(mw_usbd_rom_api.o)
                              ./Communication/USB/src/cdc_usb_main.o (cdc_api)
D:\Developpement_Robot\Robotic-System\trunk\Workspaces\MultiWorkSpaces_2021\0_lpc_chip_175x_6x\libs\libusbd_175x_6x_lib.a(hw_usbd_ip3503.o)
                              D:\Developpement_Robot\Robotic-System\trunk\Workspaces\MultiWorkSpaces_2021\0_lpc_chip_175x_6x\libs\libusbd_175x_6x_lib.a(mw_usbd_rom_api.o) (hwUSB_GetMemSize)
D:\Developpement_Robot\Robotic-System\trunk\Workspaces\MultiWorkSpaces_2021\0_lpc_chip_175x_6x\libs\libusbd_175x_6x_lib.a(mw_usbd_cdcuser.o)
                              D:\Developpement_Robot\Robotic-System\trunk\Workspaces\MultiWorkSpaces_2021\0_lpc_chip_175x_6x\libs\libusbd_175x_6x_lib.a(mw_usbd_rom_api.o) (mwCDC_SendNotification)
D:\Developpement_Robot\Robotic-System\trunk\Workspaces\MultiWorkSpaces_2021\0_lpc_chip_175x_6x\libs\libusbd_175x_6x_lib.a(mw_usbd_core.o)
                              D:\Developpement_Robot\Robotic-System\trunk\Workspaces\MultiWorkSpaces_2021\0_lpc_chip_175x_6x\libs\libusbd_175x_6x_lib.a(mw_usbd_rom_api.o) (mwUSB_SetupStage)
D:\Developpement_Robot\Robotic-System\trunk\Workspaces\MultiWorkSpaces_2021\0_lpc_chip_175x_6x\libs\libusbd_175x_6x_lib.a(mw_usbd_dfuuser.o)
                              D:\Developpement_Robot\Robotic-System\trunk\Workspaces\MultiWorkSpaces_2021\0_lpc_chip_175x_6x\libs\libusbd_175x_6x_lib.a(mw_usbd_rom_api.o) (mwDFU_GetMemSize)
D:\Developpement_Robot\Robotic-System\trunk\Workspaces\MultiWorkSpaces_2021\0_lpc_chip_175x_6x\libs\libusbd_175x_6x_lib.a(mw_usbd_hiduser.o)
                              D:\Developpement_Robot\Robotic-System\trunk\Workspaces\MultiWorkSpaces_2021\0_lpc_chip_175x_6x\libs\libusbd_175x_6x_lib.a(mw_usbd_rom_api.o) (mwHID_GetMemSize)
D:\Developpement_Robot\Robotic-System\trunk\Workspaces\MultiWorkSpaces_2021\0_lpc_chip_175x_6x\libs\libusbd_175x_6x_lib.a(mw_usbd_mscuser.o)
                              D:\Developpement_Robot\Robotic-System\trunk\Workspaces\MultiWorkSpaces_2021\0_lpc_chip_175x_6x\libs\libusbd_175x_6x_lib.a(mw_usbd_rom_api.o) (mwMSC_GetMemSize)
c:/nxp/mcuxpressoide_11.2.1_4149/ide/plugins/com.nxp.mcuxpresso.tools.win32_11.2.0.202008311134/tools/bin/../lib/gcc/arm-none-eabi/9.2.1/thumb/v7-m/nofp\libgcc.a(_arm_mulsf3.o)
                              ./Strategie/Deplacement/0_Deplacements.o (__aeabi_fmul)
c:/nxp/mcuxpressoide_11.2.1_4149/ide/plugins/com.nxp.mcuxpresso.tools.win32_11.2.0.202008311134/tools/bin/../lib/gcc/arm-none-eabi/9.2.1/thumb/v7-m/nofp\libgcc.a(_arm_addsubdf3.o)
                              ./Communication/2_Echange_Datas.o (__aeabi_f2d)
c:/nxp/mcuxpressoide_11.2.1_4149/ide/plugins/com.nxp.mcuxpresso.tools.win32_11.2.0.202008311134/tools/bin/../lib/gcc/arm-none-eabi/9.2.1/thumb/v7-m/nofp\libgcc.a(_arm_addsubsf3.o)
[...]
Memory Configuration

Name             Origin             Length             Attributes
MFlash512        0x00010000         0x00070000         xr
RamLoc32         0x10000000         0x00008000         xrw
Ram_USB          0x2007c000         0x00000800         xrw
RAM3             0x2007c800         0x00007800         xrw
*default*        0x00000000         0xffffffff

Linker script and memory map

LOAD ./src/IA_2021_V0.o
LOAD ./src/Init.o
LOAD ./src/cr_startup_lpc175x_6x.o
LOAD ./src/crp.o
LOAD ./src/sysinit.o
LOAD ./src/test.o
LOAD ./freertos/src/FreeRTOSCommonHooks.o
LOAD ./freertos/src/croutine.o
LOAD ./freertos/src/event_groups.o
LOAD ./freertos/src/heap_5.o
LOAD ./freertos/src/list.o
LOAD ./freertos/src/port.o
LOAD ./freertos/src/queue.o
LOAD ./freertos/src/stream_buffer.o
LOAD ./freertos/src/tasks.o
LOAD ./freertos/src/timers.o
LOAD ./freertos/FreeRTOS_Trace/trcHardwarePort.o
LOAD ./freertos/FreeRTOS_Trace/trcKernelPort.o
LOAD ./freertos/FreeRTOS_Trace/trcSnapshotRecorder.o
LOAD ./Strategie/Deplacement/0_Deplacements.o
LOAD ./Strategie/Deplacement/1_Obstacles.o
LOAD ./Strategie/Actionneurs/0_Actionneurs.o
LOAD ./Strategie/0_Infos.o
LOAD ./Pathfinding/Astar/Astar.o
LOAD ./Communication/USB/src/cdc_desc.o
LOAD ./Communication/USB/src/cdc_usb_main.o
LOAD ./Communication/USB/src/cdc_vcom.o
LOAD ./Communication/RS485/0_RS485.o
LOAD ./Communication/0_Communication.o
LOAD ./Communication/0_Event_Group.o
LOAD ./Communication/1_Trame_Communication.o
LOAD ./Communication/2_Echange_Datas.o
LOAD ./Communication/2_Echange_Datas_Reception.o
LOAD D:\Developpement_Robot\Robotic-System\trunk\Workspaces\MultiWorkSpaces_2021\0_lpc_chip_175x_6x\Release\lib0_lpc_chip_175x_6x.a
LOAD D:\Developpement_Robot\Robotic-System\trunk\Workspaces\MultiWorkSpaces_2021\0_lpc_board_nxp_lpcxpresso_1769\Release\lib0_lpc_board_nxp_lpcxpresso_1769.a
LOAD D:\Developpement_Robot\Robotic-System\trunk\Workspaces\MultiWorkSpaces_2021\0_lpc_chip_175x_6x\libs\libusbd_175x_6x_lib.a
START GROUP
LOAD c:/nxp/mcuxpressoide_11.2.1_4149/ide/plugins/com.nxp.mcuxpresso.tools.win32_11.2.0.202008311134/tools/bin/../lib/gcc/arm-none-eabi/9.2.1/thumb/v7-m/nofp\libgcc.a
LOAD c:/nxp/mcuxpressoide_11.2.1_4149/ide/plugins/com.nxp.mcuxpresso.tools.win32_11.2.0.202008311134/tools/bin/../lib/gcc/arm-none-eabi/9.2.1/../../../../arm-none-eabi/lib/thumb/v7-m/nofp\libc_nano.a
LOAD c:/nxp/mcuxpressoide_11.2.1_4149/ide/plugins/com.nxp.mcuxpresso.tools.win32_11.2.0.202008311134/tools/bin/../lib/gcc/arm-none-eabi/9.2.1/../../../../arm-none-eabi/lib/thumb/v7-m/nofp\libm.a
LOAD c:/nxp/mcuxpressoide_11.2.1_4149/ide/plugins/com.nxp.mcuxpresso.tools.win32_11.2.0.202008311134/tools/bin/../lib/gcc/arm-none-eabi/9.2.1/../../../../arm-none-eabi/lib/thumb/v7-m/nofp\libcr_newlib_none.a
END GROUP
                0x00010000                __base_MFlash512 = 0x10000
                0x00010000                __base_Flash = 0x10000
                0x00080000                __top_MFlash512 = 0x80000
                0x00080000                __top_Flash = 0x80000
                0x10000000                __base_RamLoc32 = 0x10000000
                0x10000000                __base_RAM = 0x10000000
                0x10008000                __top_RamLoc32 = 0x10008000
                0x10008000                __top_RAM = 0x10008000
                0x2007c000                __base_Ram_USB = 0x2007c000
                0x2007c000                __base_RAM2 = 0x2007c000
                0x2007c800                __top_Ram_USB = 0x2007c800
                0x2007c800                __top_RAM2 = 0x2007c800
                0x2007c800                __base_RAM3 = 0x2007c800
                0x2007c800                __base_RAM3 = 0x2007c800
                0x20084000                __top_RAM3 = 0x20084000
                0x20084000                __top_RAM3 = 0x20084000

.text           0x00010000     0x6fc8
 FILL mask 0xff
                0x00010000                __vectors_start__ = ABSOLUTE (.)
 *(.isr_vector)
 .isr_vector    0x00010000       0xcc ./src/cr_startup_lpc175x_6x.o
                0x00010000                g_pfnVectors
                0x000100cc                . = ALIGN (0x4)
                0x000100cc                __section_table_start = .
                0x000100cc                __data_section_table = .
                0x000100cc        0x4 LONG 0x16fc8 LOADADDR (.data)
                0x000100d0        0x4 LONG 0x10000000 ADDR (.data)
                0x000100d4        0x4 LONG 0x1ec SIZEOF (.data)
                0x000100d8        0x4 LONG 0x16fc8 LOADADDR (.data_RAM2)
                0x000100dc        0x4 LONG 0x2007c000 ADDR (.data_RAM2)
                0x000100e0        0x4 LONG 0x0 SIZEOF (.data_RAM2)
                0x000100e4        0x4 LONG 0x16fc8 LOADADDR (.data_RAM3)
                0x000100e8        0x4 LONG 0x2007c800 ADDR (.data_RAM3)
                0x000100ec        0x4 LONG 0x0 SIZEOF (.data_RAM3)
                0x000100f0                __data_section_table_end = .
                0x000100f0                __bss_section_table = .
                0x000100f0        0x4 LONG 0x100001ec ADDR (.bss)
                0x000100f4        0x4 LONG 0x378 SIZEOF (.bss)
                0x000100f8        0x4 LONG 0x2007c000 ADDR (.bss_RAM2)
                0x000100fc        0x4 LONG 0x0 SIZEOF (.bss_RAM2)
                0x00010100        0x4 LONG 0x2007c800 ADDR (.bss_RAM3)
                0x00010104        0x4 LONG 0x3500 SIZEOF (.bss_RAM3)
                0x00010108                __bss_section_table_end = .
                0x00010108                __section_table_end = .
 *(.after_vectors*)
 .after_vectors
                0x00010108       0x7c ./src/cr_startup_lpc175x_6x.o
                0x00010108                NMI_Handler
                0x0001010a                HardFault_Handler
                0x0001010c                MemManage_Handler
                0x0001010e                BusFault_Handler
                0x00010110                UsageFault_Handler
                0x00010112                DebugMon_Handler
                0x00010114                PWM1_IRQHandler
                0x00010114                USBActivity_IRQHandler
                0x00010114                UART3_IRQHandler
                0x00010114                RIT_IRQHandler
                0x00010114                I2C1_IRQHandler
                0x00010114                EINT2_IRQHandler
                0x00010114                EINT3_IRQHandler
                0x00010114                CANActivity_IRQHandler
                0x00010114                TIMER3_IRQHandler
                0x00010114                UART0_IRQHandler
                0x00010114                DMA_IRQHandler
                0x00010114                I2C0_IRQHandler
                0x00010114                IntDefaultHandler
                0x00010114                PLL0_IRQHandler
                0x00010114                CAN_IRQHandler
                0x00010114                PLL1_IRQHandler
                0x00010114                SSP0_IRQHandler
                0x00010114                I2S_IRQHandler
                0x00010114                I2C2_IRQHandler
                0x00010114                RTC_IRQHandler
                0x00010114                TIMER0_IRQHandler
                0x00010114                SPI_IRQHandler
                0x00010114                ETH_IRQHandler
                0x00010114                EINT1_IRQHandler
                0x00010114                TIMER1_IRQHandler
                0x00010114                UART2_IRQHandler
                0x00010114                ADC_IRQHandler
                0x00010114                SSP1_IRQHandler
                0x00010114                BOD_IRQHandler
                0x00010114                TIMER2_IRQHandler
                0x00010114                WDT_IRQHandler
                0x00010114                EINT0_IRQHandler
                0x00010114                QEI_IRQHandler
                0x00010114                MCPWM_IRQHandler
                0x00010116                data_init
                0x00010128                bss_init
                0x00010138                ResetISR
                0x0001017c                SVC_Handler
                0x0001017e                PendSV_Handler
                0x00010180                SysTick_Handler
                0x000002fc                . = 0x2fc
 *fill*         0x00010184      0x178 ff
                0x000102fc                PROVIDE (__CRP_WORD_START__ = .)
 *(.crp)
 .crp           0x000102fc        0x4 ./src/crp.o
                0x000102fc                CRP_WORD
                0x00010300                PROVIDE (__CRP_WORD_END__ = .)
                0x00000001                ASSERT (! ((__CRP_WORD_START__ == __CRP_WORD_END__)), Linker CRP Enabled, but no CRP_WORD provided within application)
 *(.text*)
 .text.vConfigureTimerForRunTimeStats
                0x00010300       0x22 ./src/IA_2021_V0.o
                0x00010300                vConfigureTimerForRunTimeStats
 *fill*         0x00010322        0x2 ff
 .text.prvSetupHardware
                0x00010324       0x30 ./src/IA_2021_V0.o
 .text.vTask_HartBeat
                0x00010354       0x5c ./src/IA_2021_V0.o
 .text.startup.main
                0x000103b0       0x34 ./src/IA_2021_V0.o
                0x000103b0                main
 .text.Debug_Trace_Texte
                0x000103e4        0x2 ./src/Init.o
                0x000103e4                Debug_Trace_Texte
 *fill*         0x000103e6        0x2 ff
 .text.Set_Debug_Pin_0_Low
                0x000103e8       0x10 ./src/Init.o
                0x000103e8                Set_Debug_Pin_0_Low
 .text.Set_Debug_Pin_1_Low
                0x000103f8       0x10 ./src/Init.o
                0x000103f8                Set_Debug_Pin_1_Low
 .text.Init_Carte_IA
                0x00010408       0x60 ./src/Init.o
                0x00010408                Init_Carte_IA
 .text.Init_Send_Robot_ID
                0x00010468       0x14 ./src/Init.o
                0x00010468                Init_Send_Robot_ID
 .text.SystemInit
                0x0001047c       0x14 ./src/sysinit.o
                0x0001047c                SystemInit
 .text.TEST_init_parametres
                0x00010490       0x28 ./src/test.o
                0x00010490                TEST_init_parametres
 .text.TEST_envoi_Ping
                0x000104b8       0x20 ./src/test.o
                0x000104b8                TEST_envoi_Ping
 .text.vApplicationStackOverflowHook
                0x000104d8      0x114 ./freertos/src/FreeRTOSCommonHooks.o
                0x000104d8                vApplicationStackOverflowHook
 .text.xEventGroupCreate
                0x000105ec       0x1a ./freertos/src/event_groups.o
                0x000105ec                xEventGroupCreate
 *fill*         0x00010606        0x2 ff
 .text.xEventGroupWaitBits
                0x00010608       0xb8 ./freertos/src/event_groups.o
                0x00010608                xEventGroupWaitBits
 .text.xEventGroupSetBits
                0x000106c0       0x5c ./freertos/src/event_groups.o
                0x000106c0                xEventGroupSetBits
 .text.vEventGroupSetBitsCallback
                0x0001071c        0x4 ./freertos/src/event_groups.o
                0x0001071c                vEventGroupSetBitsCallback
 .text.prvInsertBlockIntoFreeList
                0x00010720       0x48 ./freertos/src/heap_5.o
 .text.pvPortMalloc
                0x00010768       0xb4 ./freertos/src/heap_5.o
                0x00010768                pvPortMalloc
 .text.vPortFree
                0x0001081c       0x58 ./freertos/src/heap_5.o
                0x0001081c                vPortFree
 .text.vPortDefineHeapRegions
                0x00010874       0x88 ./freertos/src/heap_5.o
                0x00010874                vPortDefineHeapRegions
 .text.vListInitialise
                0x000108fc       0x16 ./freertos/src/list.o
                0x000108fc                vListInitialise
 .text.vListInitialiseItem
                0x00010912        0x6 ./freertos/src/list.o
                0x00010912                vListInitialiseItem
 .text.vListInsertEnd
                0x00010918       0x18 ./freertos/src/list.o
                0x00010918                vListInsertEnd
 .text.vListInsert
                0x00010930       0x2e ./freertos/src/list.o
                0x00010930                vListInsert
 .text.uxListRemove
                0x0001095e       0x20 ./freertos/src/list.o
                0x0001095e                uxListRemove
 .text.prvTaskExitError
                0x0001097e       0x20 ./freertos/src/port.o
 *fill*         0x0001099e        0x2 ff
 .text.prvPortStartFirstTask
                0x000109a0       0x20 ./freertos/src/port.o
 .text.pxPortInitialiseStack
                0x000109c0       0x24 ./freertos/src/port.o
                0x000109c0                pxPortInitialiseStack
 *fill*         0x000109e4        0xc ff
 .text.vPortSVCHandler
                0x000109f0       0x24 ./freertos/src/port.o
                0x000109f0                vPortSVCHandler
 .text.vPortEnterCritical
                0x00010a14       0x20 ./freertos/src/port.o
                0x00010a14                vPortEnterCritical
 .text.vPortExitCritical
                0x00010a34       0x14 ./freertos/src/port.o
                0x00010a34                vPortExitCritical
 *fill*         0x00010a48        0x8 ff
 .text.xPortPendSVHandler
                0x00010a50       0x44 ./freertos/src/port.o
                0x00010a50                xPortPendSVHandler
 .text.xPortSysTickHandler
                0x00010a94       0x2c ./freertos/src/port.o
                0x00010a94                xPortSysTickHandler
 .text.vPortSetupTimerInterrupt
                0x00010ac0       0x24 ./freertos/src/port.o
                0x00010ac0                vPortSetupTimerInterrupt
 .text.xPortStartScheduler
                0x00010ae4       0x38 ./freertos/src/port.o
                0x00010ae4                xPortStartScheduler
 .text.prvIsQueueEmpty
                0x00010b1c       0x16 ./freertos/src/queue.o
 .text.prvCopyDataToQueue
                0x00010b32       0x6a ./freertos/src/queue.o
 .text.prvCopyDataFromQueue
                0x00010b9c       0x28 ./freertos/src/queue.o
 .text.prvUnlockQueue
                0x00010bc4       0x70 ./freertos/src/queue.o
 .text.xQueueGenericReset
                0x00010c34       0x6c ./freertos/src/queue.o
                0x00010c34                xQueueGenericReset
 .text.xQueueGenericCreate
                0x00010ca0       0x2e ./freertos/src/queue.o
                0x00010ca0                xQueueGenericCreate
 *fill*         0x00010cce        0x2 ff
 .text.xQueueGenericSend
                0x00010cd0      0x104 ./freertos/src/queue.o
                0x00010cd0                xQueueGenericSend
 .text.xQueueGenericSendFromISR
                0x00010dd4       0x6a ./freertos/src/queue.o
                0x00010dd4                xQueueGenericSendFromISR
 *fill*         0x00010e3e        0x2 ff
 .text.xQueueReceive
                0x00010e40       0xf0 ./freertos/src/queue.o
                0x00010e40                xQueueReceive
 .text.vQueueAddToRegistry
                0x00010f30       0x24 ./freertos/src/queue.o
                0x00010f30                vQueueAddToRegistry
 .text.vQueueWaitForMessageRestricted
                0x00010f54       0x46 ./freertos/src/queue.o
                0x00010f54                vQueueWaitForMessageRestricted
 *fill*         0x00010f9a        0x2 ff
 .text.prvResetNextTaskUnblockTime
                0x00010f9c       0x24 ./freertos/src/tasks.o
 .text.prvAddCurrentTaskToDelayedList
                0x00010fc0       0x8c ./freertos/src/tasks.o
 .text.prvIdleTask
                0x0001104c       0x6c ./freertos/src/tasks.o
 .text.xTaskCreate
                0x000110b8      0x1d8 ./freertos/src/tasks.o
                0x000110b8                xTaskCreate
 .text.vTaskStartScheduler
                0x00011290       0x6c ./freertos/src/tasks.o
                0x00011290                vTaskStartScheduler
 .text.vTaskSuspendAll
                0x000112fc       0x10 ./freertos/src/tasks.o
                0x000112fc                vTaskSuspendAll
 .text.xTaskGetTickCount
                0x0001130c        0xc ./freertos/src/tasks.o
                0x0001130c                xTaskGetTickCount
 .text.xTaskIncrementTick
                0x00011318      0x10c ./freertos/src/tasks.o
                0x00011318                xTaskIncrementTick
 .text.xTaskResumeAll
                0x00011424       0xd8 ./freertos/src/tasks.o
                0x00011424                xTaskResumeAll
 .text.vTaskDelayUntil
                0x000114fc       0x4c ./freertos/src/tasks.o
                0x000114fc                vTaskDelayUntil
 .text.vTaskDelay
                0x00011548       0x30 ./freertos/src/tasks.o
                0x00011548                vTaskDelay
 .text.vTaskSwitchContext
                0x00011578       0x90 ./freertos/src/tasks.o
                0x00011578                vTaskSwitchContext
 .text.vTaskPlaceOnEventList
                0x00011608       0x20 ./freertos/src/tasks.o
                0x00011608                vTaskPlaceOnEventList
 .text.vTaskPlaceOnUnorderedEventList
                0x00011628       0x28 ./freertos/src/tasks.o
                0x00011628                vTaskPlaceOnUnorderedEventList
 .text.vTaskPlaceOnEventListRestricted
                0x00011650       0x2c ./freertos/src/tasks.o
                0x00011650                vTaskPlaceOnEventListRestricted
 .text.xTaskRemoveFromEventList
                0x0001167c       0x70 ./freertos/src/tasks.o
                0x0001167c                xTaskRemoveFromEventList
 .text.vTaskRemoveFromUnorderedEventList
                0x000116ec       0x58 ./freertos/src/tasks.o
                0x000116ec                vTaskRemoveFromUnorderedEventList
 .text.vTaskInternalSetTimeOutState
                0x00011744       0x18 ./freertos/src/tasks.o
                0x00011744                vTaskInternalSetTimeOutState
 .text.xTaskCheckForTimeOut
                0x0001175c       0x50 ./freertos/src/tasks.o
                0x0001175c                xTaskCheckForTimeOut
 .text.vTaskMissedYield
                0x000117ac        0xc ./freertos/src/tasks.o
                0x000117ac                vTaskMissedYield
 .text.xTaskGetSchedulerState
                0x000117b8       0x20 ./freertos/src/tasks.o
                0x000117b8                xTaskGetSchedulerState
 .text.xTaskPriorityDisinherit
                0x000117d8       0x70 ./freertos/src/tasks.o
                0x000117d8                xTaskPriorityDisinherit
 .text.uxTaskResetEventItemValue
                0x00011848       0x18 ./freertos/src/tasks.o
                0x00011848                uxTaskResetEventItemValue
 .text.prvCheckForValidListAndQueue
                0x00011860       0x58 ./freertos/src/timers.o
 .text.prvInsertTimerInActiveList
                0x000118b8       0x3c ./freertos/src/timers.o
 .text.xTimerCreateTimerTask
                0x000118f4       0x38 ./freertos/src/timers.o
                0x000118f4                xTimerCreateTimerTask
 .text.xTimerGenericCommand
                0x0001192c       0x44 ./freertos/src/timers.o
                0x0001192c                xTimerGenericCommand
 .text.prvSwitchTimerLists
                0x00011970       0x6c ./freertos/src/timers.o
 .text.prvTimerTask
                0x000119dc      0x1b8 ./freertos/src/timers.o
 .text.xTimerPendFunctionCallFromISR
                0x00011b94       0x28 ./freertos/src/timers.o
                0x00011b94                xTimerPendFunctionCallFromISR
 .text._0_Deplacement_Init
                0x00011bbc       0x10 ./Strategie/Deplacement/0_Deplacements.o
                0x00011bbc                _0_Deplacement_Init
 .text._0_Infos_Init
                0x00011bcc       0x10 ./Strategie/0_Infos.o
                0x00011bcc                _0_Infos_Init
 .text._0_Update_Card_Datas
                0x00011bdc       0x20 ./Strategie/0_Infos.o
                0x00011bdc                _0_Update_Card_Datas
 .text._0_RS485_Master_Mode
                0x00011bfc       0x16 ./Communication/RS485/0_RS485.o
                0x00011bfc                _0_RS485_Master_Mode
 .text._0_RS485_Slave_Mode
                0x00011c12       0x16 ./Communication/RS485/0_RS485.o
                0x00011c12                _0_RS485_Slave_Mode
 .text._0_RS485_Init
                0x00011c28       0x54 ./Communication/RS485/0_RS485.o
                0x00011c28                _0_RS485_Init
 .text._0_Communication_Init
                0x00011c7c       0x58 ./Communication/0_Communication.o
                0x00011c7c                _0_Communication_Init
 .text._0_Communication_Init_RS485
                0x00011cd4       0xa0 ./Communication/0_Communication.o
                0x00011cd4                _0_Communication_Init_RS485
 .text.UART1_IRQHandler
                0x00011d74       0x9c ./Communication/0_Communication.o
                0x00011d74                UART1_IRQHandler
 .text.USB_IRQHandler
                0x00011e10       0x18 ./Communication/0_Communication.o
                0x00011e10                USB_IRQHandler
 .text._0_Communication_Send_Data
                0x00011e28       0x68 ./Communication/0_Communication.o
                0x00011e28                _0_Communication_Send_Data
 .text._0_Communication_Send_RS485
                0x00011e90       0x90 ./Communication/0_Communication.o
                0x00011e90                _0_Communication_Send_RS485
 .text.Chip_UART_SendByte
                0x00011f20        0x4 ./Communication/0_Communication.o
 .text.Chip_UART_ReadLineStatus
                0x00011f24        0x4 ./Communication/0_Communication.o
 .text._0_Communication_Init_Event_Group
                0x00011f28       0x10 ./Communication/0_Event_Group.o
                0x00011f28                _0_Communication_Init_Event_Group
 .text._1_Communication_Init
                0x00011f38       0x28 ./Communication/1_Trame_Communication.o
                0x00011f38                _1_Communication_Init
 .text._1_Communication_Create_Queues_Semaphores
                0x00011f60       0x10 ./Communication/1_Trame_Communication.o
                0x00011f60                _1_Communication_Create_Queues_Semaphores
 .text._1_Communication_Wait_To_Send
                0x00011f70       0x20 ./Communication/1_Trame_Communication.o
                0x00011f70                _1_Communication_Wait_To_Send
 .text._1_Communication_Free_Send_Bit
                0x00011f90       0x10 ./Communication/1_Trame_Communication.o
                0x00011f90                _1_Communication_Free_Send_Bit
 .text._1_Communication_Wait_To_Receive
                0x00011fa0       0x20 ./Communication/1_Trame_Communication.o
                0x00011fa0                _1_Communication_Wait_To_Receive
 .text._1_Communication_Free_Receive_Bit
                0x00011fc0       0x10 ./Communication/1_Trame_Communication.o
                0x00011fc0                _1_Communication_Free_Receive_Bit
 .text._1_Communication_Create_Message
                0x00011fd0       0x78 ./Communication/1_Trame_Communication.o
                0x00011fd0                _1_Communication_Create_Message
 .text._1_Communication_Create_Trame
                0x00012048       0x38 ./Communication/1_Trame_Communication.o
                0x00012048                _1_Communication_Create_Trame
 .text._1_Communication_Create_Trame_From_Buffer
                0x00012080      0x2a0 ./Communication/1_Trame_Communication.o
                0x00012080                _1_Communication_Create_Trame_From_Buffer
 .text._1_Communication_Check_Rx_Adresse
                0x00012320       0x18 ./Communication/1_Trame_Communication.o
                0x00012320                _1_Communication_Check_Rx_Adresse
 .text._1_Communication_Recomposition_Rx
                0x00012338       0x58 ./Communication/1_Trame_Communication.o
                0x00012338                _1_Communication_Recomposition_Rx
 .text._2_Communication_Init
                0x00012390       0x10 ./Communication/2_Echange_Datas.o
                0x00012390                _2_Communication_Init
 .text._2_Comm_Send_Demande_Info
                0x000123a0       0x34 ./Communication/2_Echange_Datas.o
                0x000123a0                _2_Comm_Send_Demande_Info
 .text._2_Comm_Send_PING
                0x000123d4       0x34 ./Communication/2_Echange_Datas.o
                0x000123d4                _2_Comm_Send_PING
 .text._2_Comm_Send_Log_Message
                0x00012408      0x10c ./Communication/2_Echange_Datas.o
                0x00012408                _2_Comm_Send_Log_Message
 .text._2_Comm_Send_Communication_Status
                0x00012514       0x40 ./Communication/2_Echange_Datas.o
                0x00012514                _2_Comm_Send_Communication_Status
 .text._2_Comm_Send_PONG
                0x00012554       0x80 ./Communication/2_Echange_Datas.o
                0x00012554                _2_Comm_Send_PONG
 .text._2_Communication_Boards_Status
                0x000125d4       0x44 ./Communication/2_Echange_Datas.o
                0x000125d4                _2_Communication_Boards_Status
 .text._2_Comm_Robot_ID
                0x00012618       0x34 ./Communication/2_Echange_Datas.o
                0x00012618                _2_Comm_Robot_ID
 .text._2_Communication_RX_Init
                0x0001264c        0x2 ./Communication/2_Echange_Datas_Reception.o
                0x0001264c                _2_Communication_RX_Init
 *fill*         0x0001264e        0x2 ff
 .text._2_Communication_Interprete_message
                0x00012650       0x54 ./Communication/2_Echange_Datas_Reception.o
                0x00012650                _2_Communication_Interprete_message
 .text._2_Communication_RX_Reponse_Infos
                0x000126a4       0x1a ./Communication/2_Echange_Datas_Reception.o
                0x000126a4                _2_Communication_RX_Reponse_Infos
 *fill*         0x000126be        0x2 ff
 .text.SystemCoreClockUpdate
                0x000126c0       0x10 D:\Developpement_Robot\Robotic-System\trunk\Workspaces\MultiWorkSpaces_2021\0_lpc_chip_175x_6x\Release\lib0_lpc_chip_175x_6x.a(chip_17xx_40xx.o)
                0x000126c0                SystemCoreClockUpdate
 .text.Chip_Clock_EnablePLL
                0x000126d0       0x24 D:\Developpement_Robot\Robotic-System\trunk\Workspaces\MultiWorkSpaces_2021\0_lpc_chip_175x_6x\Release\lib0_lpc_chip_175x_6x.a(clock_17xx_40xx.o)
                0x000126d0                Chip_Clock_EnablePLL
 .text.Chip_Clock_DisablePLL
                0x000126f4       0x26 D:\Developpement_Robot\Robotic-System\trunk\Workspaces\MultiWorkSpaces_2021\0_lpc_chip_175x_6x\Release\lib0_lpc_chip_175x_6x.a(clock_17xx_40xx.o)
                0x000126f4                Chip_Clock_DisablePLL
 .text.Chip_Clock_SetupPLL
                0x0001271a       0x30 D:\Developpement_Robot\Robotic-System\trunk\Workspaces\MultiWorkSpaces_2021\0_lpc_chip_175x_6x\Release\lib0_lpc_chip_175x_6x.a(clock_17xx_40xx.o)
                0x0001271a                Chip_Clock_SetupPLL
 *fill*         0x0001274a        0x2 ff
 .text.Chip_Clock_EnablePeriphClock
                0x0001274c       0x18 D:\Developpement_Robot\Robotic-System\trunk\Workspaces\MultiWorkSpaces_2021\0_lpc_chip_175x_6x\Release\lib0_lpc_chip_175x_6x.a(clock_17xx_40xx.o)
                0x0001274c                Chip_Clock_EnablePeriphClock
 .text.Chip_Clock_GetCPUClockSource
                0x00012764       0x10 D:\Developpement_Robot\Robotic-System\trunk\Workspaces\MultiWorkSpaces_2021\0_lpc_chip_175x_6x\Release\lib0_lpc_chip_175x_6x.a(clock_17xx_40xx.o)
                0x00012764                Chip_Clock_GetCPUClockSource
 .text.Chip_Clock_SetCPUClockDiv
                0x00012774        0xc D:\Developpement_Robot\Robotic-System\trunk\Workspaces\MultiWorkSpaces_2021\0_lpc_chip_175x_6x\Release\lib0_lpc_chip_175x_6x.a(clock_17xx_40xx.o)
                0x00012774                Chip_Clock_SetCPUClockDiv
 .text.Chip_Clock_GetCPUClockDiv
                0x00012780       0x10 D:\Developpement_Robot\Robotic-System\trunk\Workspaces\MultiWorkSpaces_2021\0_lpc_chip_175x_6x\Release\lib0_lpc_chip_175x_6x.a(clock_17xx_40xx.o)
                0x00012780                Chip_Clock_GetCPUClockDiv
 .text.Chip_Clock_GetPCLKDiv
                0x00012790       0x38 D:\Developpement_Robot\Robotic-System\trunk\Workspaces\MultiWorkSpaces_2021\0_lpc_chip_175x_6x\Release\lib0_lpc_chip_175x_6x.a(clock_17xx_40xx.o)
                0x00012790                Chip_Clock_GetPCLKDiv
 .text.Chip_Clock_GetSYSCLKRate
                0x000127c8       0x38 D:\Developpement_Robot\Robotic-System\trunk\Workspaces\MultiWorkSpaces_2021\0_lpc_chip_175x_6x\Release\lib0_lpc_chip_175x_6x.a(clock_17xx_40xx.o)
                0x000127c8                Chip_Clock_GetSYSCLKRate
 .text.Chip_Clock_GetMainPLLOutClockRate
                0x00012800       0x34 D:\Developpement_Robot\Robotic-System\trunk\Workspaces\MultiWorkSpaces_2021\0_lpc_chip_175x_6x\Release\lib0_lpc_chip_175x_6x.a(clock_17xx_40xx.o)
                0x00012800                Chip_Clock_GetMainPLLOutClockRate
 .text.Chip_Clock_GetMainClockRate
                0x00012834       0x20 D:\Developpement_Robot\Robotic-System\trunk\Workspaces\MultiWorkSpaces_2021\0_lpc_chip_175x_6x\Release\lib0_lpc_chip_175x_6x.a(clock_17xx_40xx.o)
                0x00012834                Chip_Clock_GetMainClockRate
 .text.Chip_Clock_GetSystemClockRate
                0x00012854       0x12 D:\Developpement_Robot\Robotic-System\trunk\Workspaces\MultiWorkSpaces_2021\0_lpc_chip_175x_6x\Release\lib0_lpc_chip_175x_6x.a(clock_17xx_40xx.o)
                0x00012854                Chip_Clock_GetSystemClockRate
 .text.Chip_Clock_GetPeripheralClockRate
                0x00012866       0x16 D:\Developpement_Robot\Robotic-System\trunk\Workspaces\MultiWorkSpaces_2021\0_lpc_chip_175x_6x\Release\lib0_lpc_chip_175x_6x.a(clock_17xx_40xx.o)
                0x00012866                Chip_Clock_GetPeripheralClockRate
 .text.RingBuffer_Init
                0x0001287c       0x10 D:\Developpement_Robot\Robotic-System\trunk\Workspaces\MultiWorkSpaces_2021\0_lpc_chip_175x_6x\Release\lib0_lpc_chip_175x_6x.a(ring_buffer.o)
                0x0001287c                RingBuffer_Init
 .text.RingBuffer_Insert
                0x0001288c       0x30 D:\Developpement_Robot\Robotic-System\trunk\Workspaces\MultiWorkSpaces_2021\0_lpc_chip_175x_6x\Release\lib0_lpc_chip_175x_6x.a(ring_buffer.o)
                0x0001288c                RingBuffer_Insert
 .text.RingBuffer_InsertMult
                0x000128bc       0x88 D:\Developpement_Robot\Robotic-System\trunk\Workspaces\MultiWorkSpaces_2021\0_lpc_chip_175x_6x\Release\lib0_lpc_chip_175x_6x.a(ring_buffer.o)
                0x000128bc                RingBuffer_InsertMult
 .text.RingBuffer_Pop
                0x00012944       0x30 D:\Developpement_Robot\Robotic-System\trunk\Workspaces\MultiWorkSpaces_2021\0_lpc_chip_175x_6x\Release\lib0_lpc_chip_175x_6x.a(ring_buffer.o)
                0x00012944                RingBuffer_Pop
 .text.RingBuffer_PopMult
                0x00012974       0x7c D:\Developpement_Robot\Robotic-System\trunk\Workspaces\MultiWorkSpaces_2021\0_lpc_chip_175x_6x\Release\lib0_lpc_chip_175x_6x.a(ring_buffer.o)
                0x00012974                RingBuffer_PopMult
 .text.RingBuffer_Count
                0x000129f0        0x8 D:\Developpement_Robot\Robotic-System\trunk\Workspaces\MultiWorkSpaces_2021\0_lpc_chip_175x_6x\Release\lib0_lpc_chip_175x_6x.a(ring_buffer.o)
                0x000129f0                RingBuffer_Count
 .text.Chip_SetupIrcClocking
                0x000129f8       0x64 D:\Developpement_Robot\Robotic-System\trunk\Workspaces\MultiWorkSpaces_2021\0_lpc_chip_175x_6x\Release\lib0_lpc_chip_175x_6x.a(sysinit_17xx_40xx.o)
                0x000129f8                Chip_SetupIrcClocking
 .text.Chip_SetupXtalClocking
                0x00012a5c       0xdc D:\Developpement_Robot\Robotic-System\trunk\Workspaces\MultiWorkSpaces_2021\0_lpc_chip_175x_6x\Release\lib0_lpc_chip_175x_6x.a(sysinit_17xx_40xx.o)
                0x00012a5c                Chip_SetupXtalClocking
 .text.Chip_SystemInit
                0x00012b38        0x4 D:\Developpement_Robot\Robotic-System\trunk\Workspaces\MultiWorkSpaces_2021\0_lpc_chip_175x_6x\Release\lib0_lpc_chip_175x_6x.a(sysinit_17xx_40xx.o)
                0x00012b38                Chip_SystemInit
 .text.Chip_TIMER_Init
                0x00012b3c       0x2c D:\Developpement_Robot\Robotic-System\trunk\Workspaces\MultiWorkSpaces_2021\0_lpc_chip_175x_6x\Release\lib0_lpc_chip_175x_6x.a(timer_17xx_40xx.o)
                0x00012b3c                Chip_TIMER_Init
 .text.Chip_UART_GetClockIndex
                0x00012b68       0x28 D:\Developpement_Robot\Robotic-System\trunk\Workspaces\MultiWorkSpaces_2021\0_lpc_chip_175x_6x\Release\lib0_lpc_chip_175x_6x.a(uart_17xx_40xx.o)
 .text.Chip_UART_Init
                0x00012b90       0x38 D:\Developpement_Robot\Robotic-System\trunk\Workspaces\MultiWorkSpaces_2021\0_lpc_chip_175x_6x\Release\lib0_lpc_chip_175x_6x.a(uart_17xx_40xx.o)
                0x00012b90                Chip_UART_Init
 .text.Chip_UART_TXEnable
                0x00012bc8        0x6 D:\Developpement_Robot\Robotic-System\trunk\Workspaces\MultiWorkSpaces_2021\0_lpc_chip_175x_6x\Release\lib0_lpc_chip_175x_6x.a(uart_17xx_40xx.o)
                0x00012bc8                Chip_UART_TXEnable
 .text.Chip_UART_SetBaud
                0x00012bce       0x34 D:\Developpement_Robot\Robotic-System\trunk\Workspaces\MultiWorkSpaces_2021\0_lpc_chip_175x_6x\Release\lib0_lpc_chip_175x_6x.a(uart_17xx_40xx.o)
                0x00012bce                Chip_UART_SetBaud
 .text.Chip_UART_RXIntHandlerRB
                0x00012c02       0x22 D:\Developpement_Robot\Robotic-System\trunk\Workspaces\MultiWorkSpaces_2021\0_lpc_chip_175x_6x\Release\lib0_lpc_chip_175x_6x.a(uart_17xx_40xx.o)
                0x00012c02                Chip_UART_RXIntHandlerRB
 .text.Chip_UART_TXIntHandlerRB
                0x00012c24       0x24 D:\Developpement_Robot\Robotic-System\trunk\Workspaces\MultiWorkSpaces_2021\0_lpc_chip_175x_6x\Release\lib0_lpc_chip_175x_6x.a(uart_17xx_40xx.o)
                0x00012c24                Chip_UART_TXIntHandlerRB
 .text.Chip_UART_IRQRBHandler
                0x00012c48       0x68 D:\Developpement_Robot\Robotic-System\trunk\Workspaces\MultiWorkSpaces_2021\0_lpc_chip_175x_6x\Release\lib0_lpc_chip_175x_6x.a(uart_17xx_40xx.o)
                0x00012c48                Chip_UART_IRQRBHandler
 .text.Set_Clock_in
                0x00012cb0        0xc D:\Developpement_Robot\Robotic-System\trunk\Workspaces\MultiWorkSpaces_2021\0_lpc_board_nxp_lpcxpresso_1769\Release\lib0_lpc_board_nxp_lpcxpresso_1769.a(board.o)
                0x00012cb0                Set_Clock_in
 .text.Board_Init
                0x00012cbc       0x12 D:\Developpement_Robot\Robotic-System\trunk\Workspaces\MultiWorkSpaces_2021\0_lpc_board_nxp_lpcxpresso_1769\Release\lib0_lpc_board_nxp_lpcxpresso_1769.a(board.o)
                0x00012cbc                Board_Init
 .text.EPAdr    0x00012cce       0x10 D:\Developpement_Robot\Robotic-System\trunk\Workspaces\MultiWorkSpaces_2021\0_lpc_chip_175x_6x\libs\libusbd_175x_6x_lib.a(hw_usbd_ip3503.o)
                0x00012cce                EPAdr
 .text.hwWrCmd  0x00012cde       0x10 D:\Developpement_Robot\Robotic-System\trunk\Workspaces\MultiWorkSpaces_2021\0_lpc_chip_175x_6x\libs\libusbd_175x_6x_lib.a(hw_usbd_ip3503.o)
                0x00012cde                hwWrCmd
 .text.hwWrCmdDat
                0x00012cee       0x16 D:\Developpement_Robot\Robotic-System\trunk\Workspaces\MultiWorkSpaces_2021\0_lpc_chip_175x_6x\libs\libusbd_175x_6x_lib.a(hw_usbd_ip3503.o)
                0x00012cee                hwWrCmdDat
 .text.hwWrCmdEP
                0x00012d04       0x24 D:\Developpement_Robot\Robotic-System\trunk\Workspaces\MultiWorkSpaces_2021\0_lpc_chip_175x_6x\libs\libusbd_175x_6x_lib.a(hw_usbd_ip3503.o)
                0x00012d04                hwWrCmdEP
 .text.hwRdCmdDat
                0x00012d28       0x12 D:\Developpement_Robot\Robotic-System\trunk\Workspaces\MultiWorkSpaces_2021\0_lpc_chip_175x_6x\libs\libusbd_175x_6x_lib.a(hw_usbd_ip3503.o)
                0x00012d28                hwRdCmdDat
 .text.hwUSB_GetMemSize
                0x00012d3a        0x6 D:\Developpement_Robot\Robotic-System\trunk\Workspaces\MultiWorkSpaces_2021\0_lpc_chip_175x_6x\libs\libusbd_175x_6x_lib.a(hw_usbd_ip3503.o)
                0x00012d3a                hwUSB_GetMemSize
 .text.hwUSB_Connect
                0x00012d40       0x1c D:\Developpement_Robot\Robotic-System\trunk\Workspaces\MultiWorkSpaces_2021\0_lpc_chip_175x_6x\libs\libusbd_175x_6x_lib.a(hw_usbd_ip3503.o)
                0x00012d40                hwUSB_Connect
 .text.hwUSB_Reset
                0x00012d5c       0x30 D:\Developpement_Robot\Robotic-System\trunk\Workspaces\MultiWorkSpaces_2021\0_lpc_chip_175x_6x\libs\libusbd_175x_6x_lib.a(hw_usbd_ip3503.o)
                0x00012d5c                hwUSB_Reset
 .text.hwUSB_WakeUp
                0x00012d8c       0x20 D:\Developpement_Robot\Robotic-System\trunk\Workspaces\MultiWorkSpaces_2021\0_lpc_chip_175x_6x\libs\libusbd_175x_6x_lib.a(hw_usbd_ip3503.o)
                0x00012d8c                hwUSB_WakeUp
 .text.hwUSB_WakeUpCfg
                0x00012dac        0x2 D:\Developpement_Robot\Robotic-System\trunk\Workspaces\MultiWorkSpaces_2021\0_lpc_chip_175x_6x\libs\libusbd_175x_6x_lib.a(hw_usbd_ip3503.o)
                0x00012dac                hwUSB_WakeUpCfg
 *fill*         0x00012dae        0x2 ff
 .text.hwUSB_SetAddress
                0x00012db0       0x30 D:\Developpement_Robot\Robotic-System\trunk\Workspaces\MultiWorkSpaces_2021\0_lpc_chip_175x_6x\libs\libusbd_175x_6x_lib.a(hw_usbd_ip3503.o)
                0x00012db0                hwUSB_SetAddress
 .text.hwUSB_Init
                0x00012de0       0x84 D:\Developpement_Robot\Robotic-System\trunk\Workspaces\MultiWorkSpaces_2021\0_lpc_chip_175x_6x\libs\libusbd_175x_6x_lib.a(hw_usbd_ip3503.o)
                0x00012de0                hwUSB_Init
 .text.hwUSB_Configure
                0x00012e64       0x34 D:\Developpement_Robot\Robotic-System\trunk\Workspaces\MultiWorkSpaces_2021\0_lpc_chip_175x_6x\libs\libusbd_175x_6x_lib.a(hw_usbd_ip3503.o)
                0x00012e64                hwUSB_Configure
 .text.hwUSB_ConfigEP
                0x00012e98       0x32 D:\Developpement_Robot\Robotic-System\trunk\Workspaces\MultiWorkSpaces_2021\0_lpc_chip_175x_6x\libs\libusbd_175x_6x_lib.a(hw_usbd_ip3503.o)
                0x00012e98                hwUSB_ConfigEP
 .text.hwUSB_DirCtrlEP
                0x00012eca        0x2 D:\Developpement_Robot\Robotic-System\trunk\Workspaces\MultiWorkSpaces_2021\0_lpc_chip_175x_6x\libs\libusbd_175x_6x_lib.a(hw_usbd_ip3503.o)
                0x00012eca                hwUSB_DirCtrlEP
 .text.hwUSB_EnableEP
                0x00012ecc       0x24 D:\Developpement_Robot\Robotic-System\trunk\Workspaces\MultiWorkSpaces_2021\0_lpc_chip_175x_6x\libs\libusbd_175x_6x_lib.a(hw_usbd_ip3503.o)
                0x00012ecc                hwUSB_EnableEP
 .text.hwUSB_DisableEP
                0x00012ef0       0x28 D:\Developpement_Robot\Robotic-System\trunk\Workspaces\MultiWorkSpaces_2021\0_lpc_chip_175x_6x\libs\libusbd_175x_6x_lib.a(hw_usbd_ip3503.o)
                0x00012ef0                hwUSB_DisableEP
 .text.hwUSB_ResetEP
                0x00012f18       0x24 D:\Developpement_Robot\Robotic-System\trunk\Workspaces\MultiWorkSpaces_2021\0_lpc_chip_175x_6x\libs\libusbd_175x_6x_lib.a(hw_usbd_ip3503.o)
                0x00012f18                hwUSB_ResetEP
 .text.hwUSB_SetStallEP
                0x00012f3c       0x28 D:\Developpement_Robot\Robotic-System\trunk\Workspaces\MultiWorkSpaces_2021\0_lpc_chip_175x_6x\libs\libusbd_175x_6x_lib.a(hw_usbd_ip3503.o)
                0x00012f3c                hwUSB_SetStallEP
 .text.hwUSB_ClrStallEP
                0x00012f64       0x24 D:\Developpement_Robot\Robotic-System\trunk\Workspaces\MultiWorkSpaces_2021\0_lpc_chip_175x_6x\libs\libusbd_175x_6x_lib.a(hw_usbd_ip3503.o)
                0x00012f64                hwUSB_ClrStallEP
 .text.hwUSB_EnableEvent
                0x00012f88       0xd8 D:\Developpement_Robot\Robotic-System\trunk\Workspaces\MultiWorkSpaces_2021\0_lpc_chip_175x_6x\libs\libusbd_175x_6x_lib.a(hw_usbd_ip3503.o)
                0x00012f88                hwUSB_EnableEvent
 .text.hwUSB_ReadEP
                0x00013060       0x80 D:\Developpement_Robot\Robotic-System\trunk\Workspaces\MultiWorkSpaces_2021\0_lpc_chip_175x_6x\libs\libusbd_175x_6x_lib.a(hw_usbd_ip3503.o)
                0x00013060                hwUSB_ReadEP
 .text.hwUSB_ForceFullSpeed
                0x000130e0        0x2 D:\Developpement_Robot\Robotic-System\trunk\Workspaces\MultiWorkSpaces_2021\0_lpc_chip_175x_6x\libs\libusbd_175x_6x_lib.a(hw_usbd_ip3503.o)
                0x000130e0                hwUSB_ForceFullSpeed
 .text.hwUSB_SetTestMode
                0x000130e2        0x4 D:\Developpement_Robot\Robotic-System\trunk\Workspaces\MultiWorkSpaces_2021\0_lpc_chip_175x_6x\libs\libusbd_175x_6x_lib.a(hw_usbd_ip3503.o)
                0x000130e2                hwUSB_SetTestMode
 .text.hwUSB_ReadReqEP
                0x000130e6        0x4 D:\Developpement_Robot\Robotic-System\trunk\Workspaces\MultiWorkSpaces_2021\0_lpc_chip_175x_6x\libs\libusbd_175x_6x_lib.a(hw_usbd_ip3503.o)
                0x000130e6                hwUSB_ReadReqEP
 .text.hwUSB_ReadSetupPkt
                0x000130ea        0x4 D:\Developpement_Robot\Robotic-System\trunk\Workspaces\MultiWorkSpaces_2021\0_lpc_chip_175x_6x\libs\libusbd_175x_6x_lib.a(hw_usbd_ip3503.o)
                0x000130ea                hwUSB_ReadSetupPkt
 *fill*         0x000130ee        0x2 ff
 .text.hwUSB_WriteEP
                0x000130f0       0x44 D:\Developpement_Robot\Robotic-System\trunk\Workspaces\MultiWorkSpaces_2021\0_lpc_chip_175x_6x\libs\libusbd_175x_6x_lib.a(hw_usbd_ip3503.o)
                0x000130f0                hwUSB_WriteEP
 .text.hwUSB_ISR
                0x00013134      0x1a0 D:\Developpement_Robot\Robotic-System\trunk\Workspaces\MultiWorkSpaces_2021\0_lpc_chip_175x_6x\libs\libusbd_175x_6x_lib.a(hw_usbd_ip3503.o)
                0x00013134                hwUSB_ISR
 .text.mwCDC_SetRequest
                0x000132d4       0x7c D:\Developpement_Robot\Robotic-System\trunk\Workspaces\MultiWorkSpaces_2021\0_lpc_chip_175x_6x\libs\libusbd_175x_6x_lib.a(mw_usbd_cdcuser.o)
                0x000132d4                mwCDC_SetRequest
 .text.mwCDC_ep0_hdlr
                0x00013350       0xb0 D:\Developpement_Robot\Robotic-System\trunk\Workspaces\MultiWorkSpaces_2021\0_lpc_chip_175x_6x\libs\libusbd_175x_6x_lib.a(mw_usbd_cdcuser.o)
                0x00013350                mwCDC_ep0_hdlr
 .text.mwCDC_GetRequest
                0x00013400       0x50 D:\Developpement_Robot\Robotic-System\trunk\Workspaces\MultiWorkSpaces_2021\0_lpc_chip_175x_6x\libs\libusbd_175x_6x_lib.a(mw_usbd_cdcuser.o)
                0x00013400                mwCDC_GetRequest
 .text.mwCDC_SendNotification
                0x00013450       0x50 D:\Developpement_Robot\Robotic-System\trunk\Workspaces\MultiWorkSpaces_2021\0_lpc_chip_175x_6x\libs\libusbd_175x_6x_lib.a(mw_usbd_cdcuser.o)
                0x00013450                mwCDC_SendNotification
 .text.mwCDC_GetMemSize
                0x000134a0        0x4 D:\Developpement_Robot\Robotic-System\trunk\Workspaces\MultiWorkSpaces_2021\0_lpc_chip_175x_6x\libs\libusbd_175x_6x_lib.a(mw_usbd_cdcuser.o)
                0x000134a0                mwCDC_GetMemSize
 .text.mwCDC_init
                0x000134a4      0x140 D:\Developpement_Robot\Robotic-System\trunk\Workspaces\MultiWorkSpaces_2021\0_lpc_chip_175x_6x\libs\libusbd_175x_6x_lib.a(mw_usbd_cdcuser.o)
                0x000134a4                mwCDC_init
 .text.USB_ReqGetConfiguration
                0x000135e4       0x20 D:\Developpement_Robot\Robotic-System\trunk\Workspaces\MultiWorkSpaces_2021\0_lpc_chip_175x_6x\libs\libusbd_175x_6x_lib.a(mw_usbd_core.o)
                0x000135e4                USB_ReqGetConfiguration
 .text.USBD_virt_to_phys
                0x00013604        0x2 D:\Developpement_Robot\Robotic-System\trunk\Workspaces\MultiWorkSpaces_2021\0_lpc_chip_175x_6x\libs\libusbd_175x_6x_lib.a(mw_usbd_core.o)
                0x00013604                USBD_virt_to_phys
 .text.USBD_cache_flush
                0x00013606        0x2 D:\Developpement_Robot\Robotic-System\trunk\Workspaces\MultiWorkSpaces_2021\0_lpc_chip_175x_6x\libs\libusbd_175x_6x_lib.a(mw_usbd_core.o)
                0x00013606                USBD_cache_flush
 .text.USB_ReqGetStatus
                0x00013608       0x8c D:\Developpement_Robot\Robotic-System\trunk\Workspaces\MultiWorkSpaces_2021\0_lpc_chip_175x_6x\libs\libusbd_175x_6x_lib.a(mw_usbd_core.o)
                0x00013608                USB_ReqGetStatus
 .text.USB_ReqGetDescriptor
                0x00013694       0x84 D:\Developpement_Robot\Robotic-System\trunk\Workspaces\MultiWorkSpaces_2021\0_lpc_chip_175x_6x\libs\libusbd_175x_6x_lib.a(mw_usbd_core.o)
                0x00013694                USB_ReqGetDescriptor
 .text.USB_ReqGetInterface
                0x00013718       0x34 D:\Developpement_Robot\Robotic-System\trunk\Workspaces\MultiWorkSpaces_2021\0_lpc_chip_175x_6x\libs\libusbd_175x_6x_lib.a(mw_usbd_core.o)
                0x00013718                USB_ReqGetInterface
 .text.USB_ReqSetClrFeature
                0x0001374c       0xb4 D:\Developpement_Robot\Robotic-System\trunk\Workspaces\MultiWorkSpaces_2021\0_lpc_chip_175x_6x\libs\libusbd_175x_6x_lib.a(mw_usbd_core.o)
                0x0001374c                USB_ReqSetClrFeature
 .text.USB_ReqSetConfiguration
                0x00013800      0x194 D:\Developpement_Robot\Robotic-System\trunk\Workspaces\MultiWorkSpaces_2021\0_lpc_chip_175x_6x\libs\libusbd_175x_6x_lib.a(mw_usbd_core.o)
                0x00013800                USB_ReqSetConfiguration
 .text.USB_ReqSetInterface
                0x00013994      0x144 D:\Developpement_Robot\Robotic-System\trunk\Workspaces\MultiWorkSpaces_2021\0_lpc_chip_175x_6x\libs\libusbd_175x_6x_lib.a(mw_usbd_core.o)
                0x00013994                USB_ReqSetInterface
 .text.mwUSB_SetupStage
                0x00013ad8        0xa D:\Developpement_Robot\Robotic-System\trunk\Workspaces\MultiWorkSpaces_2021\0_lpc_chip_175x_6x\libs\libusbd_175x_6x_lib.a(mw_usbd_core.o)
                0x00013ad8                mwUSB_SetupStage
 .text.mwUSB_DataInStage
                0x00013ae2       0x2e D:\Developpement_Robot\Robotic-System\trunk\Workspaces\MultiWorkSpaces_2021\0_lpc_chip_175x_6x\libs\libusbd_175x_6x_lib.a(mw_usbd_core.o)
                0x00013ae2                mwUSB_DataInStage
 .text.mwUSB_DataOutStage
                0x00013b10       0x24 D:\Developpement_Robot\Robotic-System\trunk\Workspaces\MultiWorkSpaces_2021\0_lpc_chip_175x_6x\libs\libusbd_175x_6x_lib.a(mw_usbd_core.o)
                0x00013b10                mwUSB_DataOutStage
 .text.mwUSB_StatusInStage
                0x00013b34        0xa D:\Developpement_Robot\Robotic-System\trunk\Workspaces\MultiWorkSpaces_2021\0_lpc_chip_175x_6x\libs\libusbd_175x_6x_lib.a(mw_usbd_core.o)
                0x00013b34                mwUSB_StatusInStage
 .text.mwUSB_StatusOutStage
                0x00013b3e        0xa D:\Developpement_Robot\Robotic-System\trunk\Workspaces\MultiWorkSpaces_2021\0_lpc_chip_175x_6x\libs\libusbd_175x_6x_lib.a(mw_usbd_core.o)
                0x00013b3e                mwUSB_StatusOutStage
 .text.mwUSB_StallEp0
                0x00013b48       0x12 D:\Developpement_Robot\Robotic-System\trunk\Workspaces\MultiWorkSpaces_2021\0_lpc_chip_175x_6x\libs\libusbd_175x_6x_lib.a(mw_usbd_core.o)
                0x00013b48                mwUSB_StallEp0
 *fill*         0x00013b5a        0x2 ff
 .text.USB_ReqSetAddress
                0x00013b5c       0x24 D:\Developpement_Robot\Robotic-System\trunk\Workspaces\MultiWorkSpaces_2021\0_lpc_chip_175x_6x\libs\libusbd_175x_6x_lib.a(mw_usbd_core.o)
                0x00013b5c                USB_ReqSetAddress
 .text.USB_InvokeEp0Hdlrs
                0x00013b80       0x44 D:\Developpement_Robot\Robotic-System\trunk\Workspaces\MultiWorkSpaces_2021\0_lpc_chip_175x_6x\libs\libusbd_175x_6x_lib.a(mw_usbd_core.o)
                0x00013b80                USB_InvokeEp0Hdlrs
 .text.mwUSB_ResetCore
                0x00013bc4       0x26 D:\Developpement_Robot\Robotic-System\trunk\Workspaces\MultiWorkSpaces_2021\0_lpc_chip_175x_6x\libs\libusbd_175x_6x_lib.a(mw_usbd_core.o)
                0x00013bc4                mwUSB_ResetCore
 *fill*         0x00013bea        0x2 ff
 .text.USB_EvtSetupHandler
                0x00013bec      0x108 D:\Developpement_Robot\Robotic-System\trunk\Workspaces\MultiWorkSpaces_2021\0_lpc_chip_175x_6x\libs\libusbd_175x_6x_lib.a(mw_usbd_core.o)
                0x00013bec                USB_EvtSetupHandler
 .text.USB_EvtOutHandler
                0x00013cf4       0x68 D:\Developpement_Robot\Robotic-System\trunk\Workspaces\MultiWorkSpaces_2021\0_lpc_chip_175x_6x\libs\libusbd_175x_6x_lib.a(mw_usbd_core.o)
                0x00013cf4                USB_EvtOutHandler
 .text.USB_EndPoint0
                0x00013d5c       0x94 D:\Developpement_Robot\Robotic-System\trunk\Workspaces\MultiWorkSpaces_2021\0_lpc_chip_175x_6x\libs\libusbd_175x_6x_lib.a(mw_usbd_core.o)
                0x00013d5c                USB_EndPoint0
 .text.mwUSB_InitCore
                0x00013df0       0xdc D:\Developpement_Robot\Robotic-System\trunk\Workspaces\MultiWorkSpaces_2021\0_lpc_chip_175x_6x\libs\libusbd_175x_6x_lib.a(mw_usbd_core.o)
                0x00013df0                mwUSB_InitCore
 .text.mwUSB_RegisterClassHandler
                0x00013ecc       0x28 D:\Developpement_Robot\Robotic-System\trunk\Workspaces\MultiWorkSpaces_2021\0_lpc_chip_175x_6x\libs\libusbd_175x_6x_lib.a(mw_usbd_core.o)
                0x00013ecc                mwUSB_RegisterClassHandler
 .text.mwUSB_RegisterEpHandler
                0x00013ef4       0x24 D:\Developpement_Robot\Robotic-System\trunk\Workspaces\MultiWorkSpaces_2021\0_lpc_chip_175x_6x\libs\libusbd_175x_6x_lib.a(mw_usbd_core.o)
                0x00013ef4                mwUSB_RegisterEpHandler
 .text          0x00013f18      0x378 c:/nxp/mcuxpressoide_11.2.1_4149/ide/plugins/com.nxp.mcuxpresso.tools.win32_11.2.0.202008311134/tools/bin/../lib/gcc/arm-none-eabi/9.2.1/thumb/v7-m/nofp\libgcc.a(_arm_addsubdf3.o)
                0x00013f18                __aeabi_drsub
                0x00013f20                __aeabi_dsub
                0x00013f20                __subdf3
                0x00013f24                __aeabi_dadd
                0x00013f24                __adddf3
                0x0001419c                __floatunsidf
                0x0001419c                __aeabi_ui2d
                0x000141bc                __floatsidf
                0x000141bc                __aeabi_i2d
                0x000141e0                __aeabi_f2d
                0x000141e0                __extendsfdf2
                0x00014224                __floatundidf
                0x00014224                __aeabi_ul2d
                0x00014234                __floatdidf
                0x00014234                __aeabi_l2d
 .text.memcpy   0x00014290       0x1c c:/nxp/mcuxpressoide_11.2.1_4149/ide/plugins/com.nxp.mcuxpresso.tools.win32_11.2.0.202008311134/tools/bin/../lib/gcc/arm-none-eabi/9.2.1/../../../../arm-none-eabi/lib/thumb/v7-m/nofp\libc_nano.a(lib_a-memcpy-stub.o)
                0x00014290                memcpy
 .text.memset   0x000142ac       0x10 c:/nxp/mcuxpressoide_11.2.1_4149/ide/plugins/com.nxp.mcuxpresso.tools.win32_11.2.0.202008311134/tools/bin/../lib/gcc/arm-none-eabi/9.2.1/../../../../arm-none-eabi/lib/thumb/v7-m/nofp\libc_nano.a(lib_a-memset.o)
                0x000142ac                memset
 .text.__cvt    0x000142bc       0xbe c:/nxp/mcuxpressoide_11.2.1_4149/ide/plugins/com.nxp.mcuxpresso.tools.win32_11.2.0.202008311134/tools/bin/../lib/gcc/arm-none-eabi/9.2.1/../../../../arm-none-eabi/lib/thumb/v7-m/nofp\libc_nano.a(lib_a-nano-vfprintf_float.o)
                0x000142bc                __cvt
 .text.__exponent
                0x0001437a       0x7c c:/nxp/mcuxpressoide_11.2.1_4149/ide/plugins/com.nxp.mcuxpresso.tools.win32_11.2.0.202008311134/tools/bin/../lib/gcc/arm-none-eabi/9.2.1/../../../../arm-none-eabi/lib/thumb/v7-m/nofp\libc_nano.a(lib_a-nano-vfprintf_float.o)
                0x0001437a                __exponent
 *fill*         0x000143f6        0x2 ff
 .text._printf_float
                0x000143f8      0x458 c:/nxp/mcuxpressoide_11.2.1_4149/ide/plugins/com.nxp.mcuxpresso.tools.win32_11.2.0.202008311134/tools/bin/../lib/gcc/arm-none-eabi/9.2.1/../../../../arm-none-eabi/lib/thumb/v7-m/nofp\libc_nano.a(lib_a-nano-vfprintf_float.o)
                0x000143f8                _printf_float
 .text._printf_common
                0x00014850       0xde c:/nxp/mcuxpressoide_11.2.1_4149/ide/plugins/com.nxp.mcuxpresso.tools.win32_11.2.0.202008311134/tools/bin/../lib/gcc/arm-none-eabi/9.2.1/../../../../arm-none-eabi/lib/thumb/v7-m/nofp\libc_nano.a(lib_a-nano-vfprintf_i.o)
                0x00014850                _printf_common
 *fill*         0x0001492e        0x2 ff
 .text._printf_i
                0x00014930      0x24c c:/nxp/mcuxpressoide_11.2.1_4149/ide/plugins/com.nxp.mcuxpresso.tools.win32_11.2.0.202008311134/tools/bin/../lib/gcc/arm-none-eabi/9.2.1/../../../../arm-none-eabi/lib/thumb/v7-m/nofp\libc_nano.a(lib_a-nano-vfprintf_i.o)
                0x00014930                _printf_i
 .text.sprintf  0x00014b7c       0x40 c:/nxp/mcuxpressoide_11.2.1_4149/ide/plugins/com.nxp.mcuxpresso.tools.win32_11.2.0.202008311134/tools/bin/../lib/gcc/arm-none-eabi/9.2.1/../../../../arm-none-eabi/lib/thumb/v7-m/nofp\libc_nano.a(lib_a-sprintf.o)
                0x00014b7c                siprintf
                0x00014b7c                sprintf
 .text          0x00014bbc       0x10 c:/nxp/mcuxpressoide_11.2.1_4149/ide/plugins/com.nxp.mcuxpresso.tools.win32_11.2.0.202008311134/tools/bin/../lib/gcc/arm-none-eabi/9.2.1/../../../../arm-none-eabi/lib/thumb/v7-m/nofp\libc_nano.a(lib_a-strlen.o)
                0x00014bbc                strlen
 .text.quorem   0x00014bcc      0x11a c:/nxp/mcuxpressoide_11.2.1_4149/ide/plugins/com.nxp.mcuxpresso.tools.win32_11.2.0.202008311134/tools/bin/../lib/gcc/arm-none-eabi/9.2.1/../../../../arm-none-eabi/lib/thumb/v7-m/nofp\libc_nano.a(lib_a-dtoa.o)
 *fill*         0x00014ce6        0x2 ff
 .text._dtoa_r  0x00014ce8      0xba4 c:/nxp/mcuxpressoide_11.2.1_4149/ide/plugins/com.nxp.mcuxpresso.tools.win32_11.2.0.202008311134/tools/bin/../lib/gcc/arm-none-eabi/9.2.1/../../../../arm-none-eabi/lib/thumb/v7-m/nofp\libc_nano.a(lib_a-dtoa.o)
                0x00014ce8                _dtoa_r
 .text._localeconv_r
                0x0001588c        0x8 c:/nxp/mcuxpressoide_11.2.1_4149/ide/plugins/com.nxp.mcuxpresso.tools.win32_11.2.0.202008311134/tools/bin/../lib/gcc/arm-none-eabi/9.2.1/../../../../arm-none-eabi/lib/thumb/v7-m/nofp\libc_nano.a(lib_a-localeconv.o)
                0x0001588c                _localeconv_r
 .text.malloc   0x00015894       0x10 c:/nxp/mcuxpressoide_11.2.1_4149/ide/plugins/com.nxp.mcuxpresso.tools.win32_11.2.0.202008311134/tools/bin/../lib/gcc/arm-none-eabi/9.2.1/../../../../arm-none-eabi/lib/thumb/v7-m/nofp\libc_nano.a(lib_a-malloc.o)
                0x00015894                malloc
 .text.memchr   0x000158a4       0x1c c:/nxp/mcuxpressoide_11.2.1_4149/ide/plugins/com.nxp.mcuxpresso.tools.win32_11.2.0.202008311134/tools/bin/../lib/gcc/arm-none-eabi/9.2.1/../../../../arm-none-eabi/lib/thumb/v7-m/nofp\libc_nano.a(lib_a-memchr-stub.o)
                0x000158a4                memchr
 .text._Balloc  0x000158c0       0x68 c:/nxp/mcuxpressoide_11.2.1_4149/ide/plugins/com.nxp.mcuxpresso.tools.win32_11.2.0.202008311134/tools/bin/../lib/gcc/arm-none-eabi/9.2.1/../../../../arm-none-eabi/lib/thumb/v7-m/nofp\libc_nano.a(lib_a-mprec.o)
                0x000158c0                _Balloc
 .text._Bfree   0x00015928       0x2e c:/nxp/mcuxpressoide_11.2.1_4149/ide/plugins/com.nxp.mcuxpresso.tools.win32_11.2.0.202008311134/tools/bin/../lib/gcc/arm-none-eabi/9.2.1/../../../../arm-none-eabi/lib/thumb/v7-m/nofp\libc_nano.a(lib_a-mprec.o)
                0x00015928                _Bfree
 .text.__multadd
                0x00015956       0x7c c:/nxp/mcuxpressoide_11.2.1_4149/ide/plugins/com.nxp.mcuxpresso.tools.win32_11.2.0.202008311134/tools/bin/../lib/gcc/arm-none-eabi/9.2.1/../../../../arm-none-eabi/lib/thumb/v7-m/nofp\libc_nano.a(lib_a-mprec.o)
                0x00015956                __multadd
 .text.__hi0bits
                0x000159d2       0x40 c:/nxp/mcuxpressoide_11.2.1_4149/ide/plugins/com.nxp.mcuxpresso.tools.win32_11.2.0.202008311134/tools/bin/../lib/gcc/arm-none-eabi/9.2.1/../../../../arm-none-eabi/lib/thumb/v7-m/nofp\libc_nano.a(lib_a-mprec.o)
                0x000159d2                __hi0bits
 .text.__lo0bits
                0x00015a12       0x5c c:/nxp/mcuxpressoide_11.2.1_4149/ide/plugins/com.nxp.mcuxpresso.tools.win32_11.2.0.202008311134/tools/bin/../lib/gcc/arm-none-eabi/9.2.1/../../../../arm-none-eabi/lib/thumb/v7-m/nofp\libc_nano.a(lib_a-mprec.o)
                0x00015a12                __lo0bits
 .text.__i2b    0x00015a6e       0x12 c:/nxp/mcuxpressoide_11.2.1_4149/ide/plugins/com.nxp.mcuxpresso.tools.win32_11.2.0.202008311134/tools/bin/../lib/gcc/arm-none-eabi/9.2.1/../../../../arm-none-eabi/lib/thumb/v7-m/nofp\libc_nano.a(lib_a-mprec.o)
                0x00015a6e                __i2b
 .text.__multiply
                0x00015a80      0x136 c:/nxp/mcuxpressoide_11.2.1_4149/ide/plugins/com.nxp.mcuxpresso.tools.win32_11.2.0.202008311134/tools/bin/../lib/gcc/arm-none-eabi/9.2.1/../../../../arm-none-eabi/lib/thumb/v7-m/nofp\libc_nano.a(lib_a-mprec.o)
                0x00015a80                __multiply
 *fill*         0x00015bb6        0x2 ff
 .text.__pow5mult
                0x00015bb8       0x9c c:/nxp/mcuxpressoide_11.2.1_4149/ide/plugins/com.nxp.mcuxpresso.tools.win32_11.2.0.202008311134/tools/bin/../lib/gcc/arm-none-eabi/9.2.1/../../../../arm-none-eabi/lib/thumb/v7-m/nofp\libc_nano.a(lib_a-mprec.o)
                0x00015bb8                __pow5mult
 .text.__lshift
                0x00015c54       0xbe c:/nxp/mcuxpressoide_11.2.1_4149/ide/plugins/com.nxp.mcuxpresso.tools.win32_11.2.0.202008311134/tools/bin/../lib/gcc/arm-none-eabi/9.2.1/../../../../arm-none-eabi/lib/thumb/v7-m/nofp\libc_nano.a(lib_a-mprec.o)
                0x00015c54                __lshift
 .text.__mcmp   0x00015d12       0x36 c:/nxp/mcuxpressoide_11.2.1_4149/ide/plugins/com.nxp.mcuxpresso.tools.win32_11.2.0.202008311134/tools/bin/../lib/gcc/arm-none-eabi/9.2.1/../../../../arm-none-eabi/lib/thumb/v7-m/nofp\libc_nano.a(lib_a-mprec.o)
                0x00015d12                __mcmp
 .text.__mdiff  0x00015d48       0xf8 c:/nxp/mcuxpressoide_11.2.1_4149/ide/plugins/com.nxp.mcuxpresso.tools.win32_11.2.0.202008311134/tools/bin/../lib/gcc/arm-none-eabi/9.2.1/../../../../arm-none-eabi/lib/thumb/v7-m/nofp\libc_nano.a(lib_a-mprec.o)
                0x00015d48                __mdiff
 .text.__d2b    0x00015e40       0x9e c:/nxp/mcuxpressoide_11.2.1_4149/ide/plugins/com.nxp.mcuxpresso.tools.win32_11.2.0.202008311134/tools/bin/../lib/gcc/arm-none-eabi/9.2.1/../../../../arm-none-eabi/lib/thumb/v7-m/nofp\libc_nano.a(lib_a-mprec.o)
                0x00015e40                __d2b
 .text._calloc_r
                0x00015ede       0x1c c:/nxp/mcuxpressoide_11.2.1_4149/ide/plugins/com.nxp.mcuxpresso.tools.win32_11.2.0.202008311134/tools/bin/../lib/gcc/arm-none-eabi/9.2.1/../../../../arm-none-eabi/lib/thumb/v7-m/nofp\libc_nano.a(lib_a-nano-callocr.o)
                0x00015ede                _calloc_r
 *fill*         0x00015efa        0x2 ff
 .text._free_r  0x00015efc       0x98 c:/nxp/mcuxpressoide_11.2.1_4149/ide/plugins/com.nxp.mcuxpresso.tools.win32_11.2.0.202008311134/tools/bin/../lib/gcc/arm-none-eabi/9.2.1/../../../../arm-none-eabi/lib/thumb/v7-m/nofp\libc_nano.a(lib_a-nano-freer.o)
                0x00015efc                _free_r
 .text._malloc_r
                0x00015f94       0xb4 c:/nxp/mcuxpressoide_11.2.1_4149/ide/plugins/com.nxp.mcuxpresso.tools.win32_11.2.0.202008311134/tools/bin/../lib/gcc/arm-none-eabi/9.2.1/../../../../arm-none-eabi/lib/thumb/v7-m/nofp\libc_nano.a(lib_a-nano-mallocr.o)
                0x00015f94                _malloc_r
 .text.__ssputs_r
                0x00016048       0xb6 c:/nxp/mcuxpressoide_11.2.1_4149/ide/plugins/com.nxp.mcuxpresso.tools.win32_11.2.0.202008311134/tools/bin/../lib/gcc/arm-none-eabi/9.2.1/../../../../arm-none-eabi/lib/thumb/v7-m/nofp\libc_nano.a(lib_a-nano-svfprintf.o)
                0x00016048                __ssputs_r
 *fill*         0x000160fe        0x2 ff
 .text._svfprintf_r
                0x00016100      0x200 c:/nxp/mcuxpressoide_11.2.1_4149/ide/plugins/com.nxp.mcuxpresso.tools.win32_11.2.0.202008311134/tools/bin/../lib/gcc/arm-none-eabi/9.2.1/../../../../arm-none-eabi/lib/thumb/v7-m/nofp\libc_nano.a(lib_a-nano-svfprintf.o)
                0x00016100                _svfiprintf_r
                0x00016100                _svfprintf_r
 .text._sbrk_r  0x00016300       0x20 c:/nxp/mcuxpressoide_11.2.1_4149/ide/plugins/com.nxp.mcuxpresso.tools.win32_11.2.0.202008311134/tools/bin/../lib/gcc/arm-none-eabi/9.2.1/../../../../arm-none-eabi/lib/thumb/v7-m/nofp\libc_nano.a(lib_a-sbrkr.o)
                0x00016300                _sbrk_r
 .text.__ascii_mbtowc
                0x00016320       0x24 c:/nxp/mcuxpressoide_11.2.1_4149/ide/plugins/com.nxp.mcuxpresso.tools.win32_11.2.0.202008311134/tools/bin/../lib/gcc/arm-none-eabi/9.2.1/../../../../arm-none-eabi/lib/thumb/v7-m/nofp\libc_nano.a(lib_a-mbtowc_r.o)
                0x00016320                __ascii_mbtowc
 .text.memmove  0x00016344       0x34 c:/nxp/mcuxpressoide_11.2.1_4149/ide/plugins/com.nxp.mcuxpresso.tools.win32_11.2.0.202008311134/tools/bin/../lib/gcc/arm-none-eabi/9.2.1/../../../../arm-none-eabi/lib/thumb/v7-m/nofp\libc_nano.a(lib_a-memmove.o)
                0x00016344                memmove
 .text.__malloc_lock
                0x00016378        0xc c:/nxp/mcuxpressoide_11.2.1_4149/ide/plugins/com.nxp.mcuxpresso.tools.win32_11.2.0.202008311134/tools/bin/../lib/gcc/arm-none-eabi/9.2.1/../../../../arm-none-eabi/lib/thumb/v7-m/nofp\libc_nano.a(lib_a-mlock.o)
                0x00016378                __malloc_lock
 .text.__malloc_unlock
                0x00016384        0xc c:/nxp/mcuxpressoide_11.2.1_4149/ide/plugins/com.nxp.mcuxpresso.tools.win32_11.2.0.202008311134/tools/bin/../lib/gcc/arm-none-eabi/9.2.1/../../../../arm-none-eabi/lib/thumb/v7-m/nofp\libc_nano.a(lib_a-mlock.o)
                0x00016384                __malloc_unlock
 .text._realloc_r
                0x00016390       0x4c c:/nxp/mcuxpressoide_11.2.1_4149/ide/plugins/com.nxp.mcuxpresso.tools.win32_11.2.0.202008311134/tools/bin/../lib/gcc/arm-none-eabi/9.2.1/../../../../arm-none-eabi/lib/thumb/v7-m/nofp\libc_nano.a(lib_a-nano-reallocr.o)
                0x00016390                _realloc_r
 .text.__ascii_wctomb
                0x000163dc       0x1a c:/nxp/mcuxpressoide_11.2.1_4149/ide/plugins/com.nxp.mcuxpresso.tools.win32_11.2.0.202008311134/tools/bin/../lib/gcc/arm-none-eabi/9.2.1/../../../../arm-none-eabi/lib/thumb/v7-m/nofp\libc_nano.a(lib_a-wctomb_r.o)
                0x000163dc                __ascii_wctomb
 .text.__retarget_lock_acquire_recursive
                0x000163f6        0x2 c:/nxp/mcuxpressoide_11.2.1_4149/ide/plugins/com.nxp.mcuxpresso.tools.win32_11.2.0.202008311134/tools/bin/../lib/gcc/arm-none-eabi/9.2.1/../../../../arm-none-eabi/lib/thumb/v7-m/nofp\libc_nano.a(lib_a-lock.o)
                0x000163f6                __retarget_lock_acquire_recursive
 .text.__retarget_lock_release_recursive
                0x000163f8        0x2 c:/nxp/mcuxpressoide_11.2.1_4149/ide/plugins/com.nxp.mcuxpresso.tools.win32_11.2.0.202008311134/tools/bin/../lib/gcc/arm-none-eabi/9.2.1/../../../../arm-none-eabi/lib/thumb/v7-m/nofp\libc_nano.a(lib_a-lock.o)
                0x000163f8                __retarget_lock_release_recursive
 .text._malloc_usable_size_r
                0x000163fa       0x10 c:/nxp/mcuxpressoide_11.2.1_4149/ide/plugins/com.nxp.mcuxpresso.tools.win32_11.2.0.202008311134/tools/bin/../lib/gcc/arm-none-eabi/9.2.1/../../../../arm-none-eabi/lib/thumb/v7-m/nofp\libc_nano.a(lib_a-nano-msizer.o)
                0x000163fa                _malloc_usable_size_r
 *fill*         0x0001640a        0x2 ff
 .text._sbrk    0x0001640c       0x3c c:/nxp/mcuxpressoide_11.2.1_4149/ide/plugins/com.nxp.mcuxpresso.tools.win32_11.2.0.202008311134/tools/bin/../lib/gcc/arm-none-eabi/9.2.1/../../../../arm-none-eabi/lib/thumb/v7-m/nofp\libcr_newlib_none.a(_cr_sbrk.o)
                0x0001640c                _sbrk
 .text.__check_heap_overflow
                0x00016448       0x14 c:/nxp/mcuxpressoide_11.2.1_4149/ide/plugins/com.nxp.mcuxpresso.tools.win32_11.2.0.202008311134/tools/bin/../lib/gcc/arm-none-eabi/9.2.1/../../../../arm-none-eabi/lib/thumb/v7-m/nofp\libcr_newlib_none.a(_cr_check_heap.o)
                0x00016448                __check_heap_overflow
 .text          0x0001645c      0x424 c:/nxp/mcuxpressoide_11.2.1_4149/ide/plugins/com.nxp.mcuxpresso.tools.win32_11.2.0.202008311134/tools/bin/../lib/gcc/arm-none-eabi/9.2.1/thumb/v7-m/nofp\libgcc.a(_arm_muldivdf3.o)
                0x0001645c                __aeabi_dmul
                0x0001645c                __muldf3
                0x000166b0                __divdf3
                0x000166b0                __aeabi_ddiv
 .text          0x00016880      0x110 c:/nxp/mcuxpressoide_11.2.1_4149/ide/plugins/com.nxp.mcuxpresso.tools.win32_11.2.0.202008311134/tools/bin/../lib/gcc/arm-none-eabi/9.2.1/thumb/v7-m/nofp\libgcc.a(_arm_cmpdf2.o)
                0x00016880                __gtdf2
                0x00016880                __gedf2
                0x00016888                __ltdf2
                0x00016888                __ledf2
                0x00016890                __nedf2
                0x00016890                __eqdf2
                0x00016890                __cmpdf2
                0x0001690c                __aeabi_cdrcmple
                0x0001691c                __aeabi_cdcmpeq
                0x0001691c                __aeabi_cdcmple
                0x0001692c                __aeabi_dcmpeq
                0x00016940                __aeabi_dcmplt
                0x00016954                __aeabi_dcmple
                0x00016968                __aeabi_dcmpge
                0x0001697c                __aeabi_dcmpgt
 .text          0x00016990       0x2c c:/nxp/mcuxpressoide_11.2.1_4149/ide/plugins/com.nxp.mcuxpresso.tools.win32_11.2.0.202008311134/tools/bin/../lib/gcc/arm-none-eabi/9.2.1/thumb/v7-m/nofp\libgcc.a(_arm_unorddf2.o)
                0x00016990                __unorddf2
                0x00016990                __aeabi_dcmpun
 .text          0x000169bc       0x50 c:/nxp/mcuxpressoide_11.2.1_4149/ide/plugins/com.nxp.mcuxpresso.tools.win32_11.2.0.202008311134/tools/bin/../lib/gcc/arm-none-eabi/9.2.1/thumb/v7-m/nofp\libgcc.a(_arm_fixdfsi.o)
                0x000169bc                __aeabi_d2iz
                0x000169bc                __fixdfsi
 .text.__errno  0x00016a0c        0xc c:/nxp/mcuxpressoide_11.2.1_4149/ide/plugins/com.nxp.mcuxpresso.tools.win32_11.2.0.202008311134/tools/bin/../lib/gcc/arm-none-eabi/9.2.1/../../../../arm-none-eabi/lib/thumb/v7-m/nofp\libc_nano.a(lib_a-errno.o)
                0x00016a0c                __errno
 *(.rodata .rodata.* .constdata .constdata.*)
 .rodata        0x00016a18        0xf ./src/IA_2021_V0.o
 .rodata        0x00016a27        0xd ./src/Init.o
 .rodata        0x00016a34        0x5 ./src/test.o
 .rodata.vApplicationStackOverflowHook.str1.1
                0x00016a39       0x29 ./freertos/src/FreeRTOSCommonHooks.o
 .rodata.vTaskStartScheduler.str1.1
                0x00016a62        0x5 ./freertos/src/tasks.o
 .rodata.prvCheckForValidListAndQueue.str1.1
                0x00016a67        0x5 ./freertos/src/timers.o
 .rodata.xTimerCreateTimerTask.str1.1
                0x00016a6c        0x8 ./freertos/src/timers.o
 .rodata.g_usbApi
                0x00016a74       0x20 ./Communication/USB/src/cdc_usb_main.o
 .rodata        0x00016a94       0x23 ./Communication/0_Communication.o
 .rodata        0x00016ab7       0x11 ./Communication/1_Trame_Communication.o
 .rodata._2_Comm_Send_Communication_Status.str1.1
                0x00016ac8       0x1e ./Communication/2_Echange_Datas.o
 .rodata._2_Comm_Send_PONG.str1.1
                0x00016ae6       0x35 ./Communication/2_Echange_Datas.o
 .rodata        0x00016b1b       0x28 ./Communication/2_Echange_Datas_Reception.o
 *fill*         0x00016b43        0x1 ff
 .rodata.MainOscPLL0conf_12
                0x00016b44       0xf0 D:\Developpement_Robot\Robotic-System\trunk\Workspaces\MultiWorkSpaces_2021\0_lpc_chip_175x_6x\Release\lib0_lpc_chip_175x_6x.a(sysinit_17xx_40xx.o)
 .rodata.MainOscPLL0conf_16
                0x00016c34       0xb0 D:\Developpement_Robot\Robotic-System\trunk\Workspaces\MultiWorkSpaces_2021\0_lpc_chip_175x_6x\Release\lib0_lpc_chip_175x_6x.a(sysinit_17xx_40xx.o)
 .rodata.RTCOscRateIn
                0x00016ce4        0x4 D:\Developpement_Robot\Robotic-System\trunk\Workspaces\MultiWorkSpaces_2021\0_lpc_board_nxp_lpcxpresso_1769\Release\lib0_lpc_board_nxp_lpcxpresso_1769.a(board.o)
                0x00016ce4                RTCOscRateIn
 .rodata.hw_api
                0x00016ce8       0x5c D:\Developpement_Robot\Robotic-System\trunk\Workspaces\MultiWorkSpaces_2021\0_lpc_chip_175x_6x\libs\libusbd_175x_6x_lib.a(mw_usbd_rom_api.o)
                0x00016ce8                hw_api
 .rodata.core_api
                0x00016d44       0x20 D:\Developpement_Robot\Robotic-System\trunk\Workspaces\MultiWorkSpaces_2021\0_lpc_chip_175x_6x\libs\libusbd_175x_6x_lib.a(mw_usbd_rom_api.o)
                0x00016d44                core_api
 .rodata.cdc_api
                0x00016d64        0xc D:\Developpement_Robot\Robotic-System\trunk\Workspaces\MultiWorkSpaces_2021\0_lpc_chip_175x_6x\libs\libusbd_175x_6x_lib.a(mw_usbd_rom_api.o)
                0x00016d64                cdc_api
 .rodata._printf_float.str1.1
                0x00016d70       0x10 c:/nxp/mcuxpressoide_11.2.1_4149/ide/plugins/com.nxp.mcuxpresso.tools.win32_11.2.0.202008311134/tools/bin/../lib/gcc/arm-none-eabi/9.2.1/../../../../arm-none-eabi/lib/thumb/v7-m/nofp\libc_nano.a(lib_a-nano-vfprintf_float.o)
                                 0x12 (size before relaxing)
 .rodata._printf_i.str1.1
                0x00016d80       0x22 c:/nxp/mcuxpressoide_11.2.1_4149/ide/plugins/com.nxp.mcuxpresso.tools.win32_11.2.0.202008311134/tools/bin/../lib/gcc/arm-none-eabi/9.2.1/../../../../arm-none-eabi/lib/thumb/v7-m/nofp\libc_nano.a(lib_a-nano-vfprintf_i.o)
 .rodata._dtoa_r.str1.1
                0x00016da2        0xd c:/nxp/mcuxpressoide_11.2.1_4149/ide/plugins/com.nxp.mcuxpresso.tools.win32_11.2.0.202008311134/tools/bin/../lib/gcc/arm-none-eabi/9.2.1/../../../../arm-none-eabi/lib/thumb/v7-m/nofp\libc_nano.a(lib_a-dtoa.o)
                                  0xf (size before relaxing)
 *fill*         0x00016daf        0x1 ff
 .rodata.__mprec_bigtens
                0x00016db0       0x28 c:/nxp/mcuxpressoide_11.2.1_4149/ide/plugins/com.nxp.mcuxpresso.tools.win32_11.2.0.202008311134/tools/bin/../lib/gcc/arm-none-eabi/9.2.1/../../../../arm-none-eabi/lib/thumb/v7-m/nofp\libc_nano.a(lib_a-mprec.o)
                0x00016db0                __mprec_bigtens
 .rodata.__mprec_tens
                0x00016dd8       0xc8 c:/nxp/mcuxpressoide_11.2.1_4149/ide/plugins/com.nxp.mcuxpresso.tools.win32_11.2.0.202008311134/tools/bin/../lib/gcc/arm-none-eabi/9.2.1/../../../../arm-none-eabi/lib/thumb/v7-m/nofp\libc_nano.a(lib_a-mprec.o)
                0x00016dd8                __mprec_tens
 .rodata.p05.6127
                0x00016ea0        0xc c:/nxp/mcuxpressoide_11.2.1_4149/ide/plugins/com.nxp.mcuxpresso.tools.win32_11.2.0.202008311134/tools/bin/../lib/gcc/arm-none-eabi/9.2.1/../../../../arm-none-eabi/lib/thumb/v7-m/nofp\libc_nano.a(lib_a-mprec.o)
 .rodata._svfprintf_r.str1.1
                0x00016eac       0x11 c:/nxp/mcuxpressoide_11.2.1_4149/ide/plugins/com.nxp.mcuxpresso.tools.win32_11.2.0.202008311134/tools/bin/../lib/gcc/arm-none-eabi/9.2.1/../../../../arm-none-eabi/lib/thumb/v7-m/nofp\libc_nano.a(lib_a-nano-svfprintf.o)
 .rodata._setlocale_r.str1.1
                0x00016ebd        0x8 c:/nxp/mcuxpressoide_11.2.1_4149/ide/plugins/com.nxp.mcuxpresso.tools.win32_11.2.0.202008311134/tools/bin/../lib/gcc/arm-none-eabi/9.2.1/../../../../arm-none-eabi/lib/thumb/v7-m/nofp\libc_nano.a(lib_a-locale.o)
                                  0x9 (size before relaxing)
 .rodata.str1.1
                0x00016ec5        0x2 c:/nxp/mcuxpressoide_11.2.1_4149/ide/plugins/com.nxp.mcuxpresso.tools.win32_11.2.0.202008311134/tools/bin/../lib/gcc/arm-none-eabi/9.2.1/../../../../arm-none-eabi/lib/thumb/v7-m/nofp\libc_nano.a(lib_a-locale.o)
 .rodata._ctype_
                0x00016ec7      0x101 c:/nxp/mcuxpressoide_11.2.1_4149/ide/plugins/com.nxp.mcuxpresso.tools.win32_11.2.0.202008311134/tools/bin/../lib/gcc/arm-none-eabi/9.2.1/../../../../arm-none-eabi/lib/thumb/v7-m/nofp\libc_nano.a(lib_a-ctype_.o)
                0x00016ec7                _ctype_
                0x00016fc8                . = ALIGN (0x4)

.glue_7         0x00016fc8        0x0
 .glue_7        0x00016fc8        0x0 linker stubs

.glue_7t        0x00016fc8        0x0
 .glue_7t       0x00016fc8        0x0 linker stubs

.vfp11_veneer   0x00016fc8        0x0
 .vfp11_veneer  0x00016fc8        0x0 linker stubs

.v4_bx          0x00016fc8        0x0
 .v4_bx         0x00016fc8        0x0 linker stubs

.iplt           0x00016fc8        0x0
 .iplt          0x00016fc8        0x0 ./src/IA_2021_V0.o

.rel.dyn        0x00016fc8        0x0
 .rel.iplt      0x00016fc8        0x0 ./src/IA_2021_V0.o

.ARM.extab
 *(.ARM.extab* .gnu.linkonce.armextab.*)

.ARM.exidx      0x00016fc8        0x0
                0x00016fc8                __exidx_start = .
 *(.ARM.exidx* .gnu.linkonce.armexidx.*)
                0x00016fc8                __exidx_end = .
                0x00016fc8                _etext = .

.data_RAM2      0x2007c000        0x0 load address 0x00016fc8
 FILL mask 0xff
                [!provide]                PROVIDE (__start_data_RAM2 = .)
                [!provide]                PROVIDE (__start_data_Ram_USB = .)
 *(.ramfunc.$RAM2)
 *(.ramfunc.$Ram_USB)
 *(.data.$RAM2)
 *(.data.$Ram_USB)
 *(.data.$RAM2.*)
 *(.data.$Ram_USB.*)
                0x2007c000                . = ALIGN (0x4)
                [!provide]                PROVIDE (__end_data_RAM2 = .)
                [!provide]                PROVIDE (__end_data_Ram_USB = .)

.data_RAM3      0x2007c800        0x0 load address 0x00016fc8
 FILL mask 0xff
                [!provide]                PROVIDE (__start_data_RAM3 = .)
                [!provide]                PROVIDE (__start_data_RAM3 = .)
 *(.ramfunc.$RAM3)
 *(.ramfunc.$RAM3)
 *(.data.$RAM3)
 *(.data.$RAM3)
 *(.data.$RAM3.*)
 *(.data.$RAM3.*)
                0x2007c800                . = ALIGN (0x4)
                [!provide]                PROVIDE (__end_data_RAM3 = .)
                [!provide]                PROVIDE (__end_data_RAM3 = .)

.uninit_RESERVED
                0x10000000        0x0
                0x10000000                _start_uninit_RESERVED = .
 *(.bss.$RESERVED*)
                0x10000000                . = ALIGN (0x4)
                0x10000000                _end_uninit_RESERVED = .

.data           0x10000000      0x1ec load address 0x00016fc8
 FILL mask 0xff
                0x10000000                _data = .
                [!provide]                PROVIDE (__start_data_RAM = .)
                [!provide]                PROVIDE (__start_data_RamLoc32 = .)
 *(vtable)
 *(.ramfunc*)
 *(CodeQuickAccess)
 *(DataQuickAccess)
 *(RamFunction)
 *(.data*)
 .data.xHeapRegions
                0x10000000       0x10 ./src/IA_2021_V0.o
 .data.uxCriticalNesting
                0x10000010        0x4 ./freertos/src/port.o
 .data.g_pUsbApi
                0x10000014        0x4 ./Communication/USB/src/cdc_usb_main.o
                0x10000014                g_pUsbApi
 .data.OscRateIn
                0x10000018        0x4 D:\Developpement_Robot\Robotic-System\trunk\Workspaces\MultiWorkSpaces_2021\0_lpc_board_nxp_lpcxpresso_1769\Release\lib0_lpc_board_nxp_lpcxpresso_1769.a(board.o)
                0x10000018                OscRateIn
 .data._impure_ptr
                0x1000001c        0x4 c:/nxp/mcuxpressoide_11.2.1_4149/ide/plugins/com.nxp.mcuxpresso.tools.win32_11.2.0.202008311134/tools/bin/../lib/gcc/arm-none-eabi/9.2.1/../../../../arm-none-eabi/lib/thumb/v7-m/nofp\libc_nano.a(lib_a-impure.o)
                0x1000001c                _impure_ptr
 .data.impure_data
                0x10000020       0x60 c:/nxp/mcuxpressoide_11.2.1_4149/ide/plugins/com.nxp.mcuxpresso.tools.win32_11.2.0.202008311134/tools/bin/../lib/gcc/arm-none-eabi/9.2.1/../../../../arm-none-eabi/lib/thumb/v7-m/nofp\libc_nano.a(lib_a-impure.o)
 .data.__global_locale
                0x10000080      0x16c c:/nxp/mcuxpressoide_11.2.1_4149/ide/plugins/com.nxp.mcuxpresso.tools.win32_11.2.0.202008311134/tools/bin/../lib/gcc/arm-none-eabi/9.2.1/../../../../arm-none-eabi/lib/thumb/v7-m/nofp\libc_nano.a(lib_a-locale.o)
                0x10000080                __global_locale
                0x100001ec                . = ALIGN (0x4)
                0x100001ec                _edata = .
                [!provide]                PROVIDE (__end_data_RAM = .)
                [!provide]                PROVIDE (__end_data_RamLoc32 = .)

.igot.plt       0x100001ec        0x0 load address 0x000171b4
 .igot.plt      0x100001ec        0x0 ./src/IA_2021_V0.o

.bss_RAM2       0x2007c000        0x0
                [!provide]                PROVIDE (__start_bss_RAM2 = .)
                [!provide]                PROVIDE (__start_bss_Ram_USB = .)
 *(.bss.$RAM2)
 *(.bss.$Ram_USB)
 *(.bss.$RAM2.*)
 *(.bss.$Ram_USB.*)
                0x2007c000                . = ALIGN ((. != 0x0)?0x4:0x1)
                [!provide]                PROVIDE (__end_bss_RAM2 = .)
                [!provide]                PROVIDE (__end_bss_Ram_USB = .)

.bss_RAM3       0x2007c800     0x3500
                [!provide]                PROVIDE (__start_bss_RAM3 = .)
                [!provide]                PROVIDE (__start_bss_RAM3 = .)
 *(.bss.$RAM3)
 .bss.$RAM3     0x2007c800      0x197 ./freertos/src/FreeRTOSCommonHooks.o
 *fill*         0x2007c997        0x1 
 .bss.$RAM3     0x2007c998       0xc0 ./Strategie/0_Infos.o
 .bss.$RAM3     0x2007ca58      0x180 ./Communication/0_Communication.o
 .bss.$RAM3     0x2007cbd8       0xdf ./Communication/1_Trame_Communication.o
 *fill*         0x2007ccb7        0x1 
 .bss.$RAM3     0x2007ccb8       0x46 ./Communication/2_Echange_Datas.o
 *(.bss.$RAM3)
 *(.bss.$RAM3.*)
 .bss.$RAM3.    0x2007ccfe     0x3000 ./src/IA_2021_V0.o
 *(.bss.$RAM3.*)
                0x2007fd00                . = ALIGN ((. != 0x0)?0x4:0x1)
 *fill*         0x2007fcfe        0x2 
                [!provide]                PROVIDE (__end_bss_RAM3 = .)
                [!provide]                PROVIDE (__end_bss_RAM3 = .)

.bss            0x100001ec      0x378
                0x100001ec                _bss = .
                [!provide]                PROVIDE (__start_bss_RAM = .)
                [!provide]                PROVIDE (__start_bss_RamLoc32 = .)
 *(.bss*)
 .bss.pxEnd     0x100001ec        0x4 ./freertos/src/heap_5.o
 .bss.xBlockAllocatedBit
                0x100001f0        0x4 ./freertos/src/heap_5.o
 .bss.xFreeBytesRemaining
                0x100001f4        0x4 ./freertos/src/heap_5.o
 .bss.xMinimumEverFreeBytesRemaining
                0x100001f8        0x4 ./freertos/src/heap_5.o
 .bss.xNumberOfSuccessfulAllocations
                0x100001fc        0x4 ./freertos/src/heap_5.o
 .bss.xNumberOfSuccessfulFrees
                0x10000200        0x4 ./freertos/src/heap_5.o
 .bss.xStart    0x10000204        0x8 ./freertos/src/heap_5.o
 .bss.xQueueRegistry
                0x1000020c       0x50 ./freertos/src/queue.o
                0x1000020c                xQueueRegistry
 .bss.pxCurrentTCB
                0x1000025c        0x4 ./freertos/src/tasks.o
                0x1000025c                pxCurrentTCB
 .bss.pxDelayedTaskList
                0x10000260        0x4 ./freertos/src/tasks.o
 .bss.pxOverflowDelayedTaskList
                0x10000264        0x4 ./freertos/src/tasks.o
 .bss.pxReadyTasksLists
                0x10000268       0x64 ./freertos/src/tasks.o
 .bss.uxCurrentNumberOfTasks
                0x100002cc        0x4 ./freertos/src/tasks.o
 .bss.uxDeletedTasksWaitingCleanUp
                0x100002d0        0x4 ./freertos/src/tasks.o
 .bss.uxSchedulerSuspended
                0x100002d4        0x4 ./freertos/src/tasks.o
 .bss.uxTaskNumber
                0x100002d8        0x4 ./freertos/src/tasks.o
 .bss.uxTopReadyPriority
                0x100002dc        0x4 ./freertos/src/tasks.o
 .bss.xDelayedTaskList1
                0x100002e0       0x14 ./freertos/src/tasks.o
 .bss.xDelayedTaskList2
                0x100002f4       0x14 ./freertos/src/tasks.o
 .bss.xIdleTaskHandle
                0x10000308        0x4 ./freertos/src/tasks.o
 .bss.xNextTaskUnblockTime
                0x1000030c        0x4 ./freertos/src/tasks.o
 .bss.xNumOfOverflows
                0x10000310        0x4 ./freertos/src/tasks.o
 .bss.xPendedTicks
                0x10000314        0x4 ./freertos/src/tasks.o
 .bss.xPendingReadyList
                0x10000318       0x14 ./freertos/src/tasks.o
 .bss.xSchedulerRunning
                0x1000032c        0x4 ./freertos/src/tasks.o
 .bss.xSuspendedTaskList
                0x10000330       0x14 ./freertos/src/tasks.o
 .bss.xTasksWaitingTermination
                0x10000344       0x14 ./freertos/src/tasks.o
 .bss.xTickCount
                0x10000358        0x4 ./freertos/src/tasks.o
 .bss.xYieldPending
                0x1000035c        0x4 ./freertos/src/tasks.o
 .bss.pxCurrentTimerList
                0x10000360        0x4 ./freertos/src/timers.o
 .bss.pxOverflowTimerList
                0x10000364        0x4 ./freertos/src/timers.o
 .bss.xActiveTimerList1
                0x10000368       0x14 ./freertos/src/timers.o
 .bss.xActiveTimerList2
                0x1000037c       0x14 ./freertos/src/timers.o
 .bss.xLastTime.9167
                0x10000390        0x4 ./freertos/src/timers.o
 .bss.xTimerQueue
                0x10000394        0x4 ./freertos/src/timers.o
 .bss.xTimerTaskHandle
                0x10000398        0x4 ./freertos/src/timers.o
 .bss._0_Deplacement_EventGroup
                0x1000039c        0x4 ./Strategie/Deplacement/0_Deplacements.o
                0x1000039c                _0_Deplacement_EventGroup
 .bss.g_hUsb    0x100003a0        0x4 ./Communication/USB/src/cdc_usb_main.o
                0x100003a0                g_hUsb
 .bss.Message.11250
                0x100003a4       0x4d ./Communication/0_Communication.o
 *fill*         0x100003f1        0x3 
 .bss._1_xQueue_Message_TO_Send
                0x100003f4        0x4 ./Communication/0_Communication.o
                0x100003f4                _1_xQueue_Message_TO_Send
 .bss.already_flaged.11239
                0x100003f8        0x1 ./Communication/0_Communication.o
 .bss.g_txBuff.11251
                0x100003f9       0x80 ./Communication/0_Communication.o
 *fill*         0x10000479        0x3 
 .bss.rxring_RS485
                0x1000047c       0x14 ./Communication/0_Communication.o
                0x1000047c                rxring_RS485
 .bss.txring    0x10000490       0x14 ./Communication/0_Communication.o
                0x10000490                txring
 .bss._0_Comm_EventGroup
                0x100004a4        0x4 ./Communication/0_Event_Group.o
                0x100004a4                _0_Comm_EventGroup
 .bss.Nb_Erreurs_com
                0x100004a8        0x4 ./Communication/1_Trame_Communication.o
                0x100004a8                Nb_Erreurs_com
 .bss.Nb_Messages_recus
                0x100004ac        0x4 ./Communication/1_Trame_Communication.o
                0x100004ac                Nb_Messages_recus
 .bss.log_message
                0x100004b0       0x3e ./Communication/2_Echange_Datas.o
 .bss.relese_sent
                0x100004ee        0x1 ./Communication/2_Echange_Datas.o
                0x100004ee                relese_sent
 .bss.str       0x100004ef       0x46 ./Communication/2_Echange_Datas.o
 *fill*         0x10000535        0x3 
 .bss.Nb_Messages_Interpretes
                0x10000538        0x4 ./Communication/2_Echange_Datas_Reception.o
 .bss.Nb_PONG_recus
                0x1000053c        0x4 ./Communication/2_Echange_Datas_Reception.o
                0x1000053c                Nb_PONG_recus
 .bss.ABsyncSts
                0x10000540        0x1 D:\Developpement_Robot\Robotic-System\trunk\Workspaces\MultiWorkSpaces_2021\0_lpc_chip_175x_6x\Release\lib0_lpc_chip_175x_6x.a(uart_17xx_40xx.o)
 *fill*         0x10000541        0x3 
 .bss.__malloc_free_list
                0x10000544        0x4 c:/nxp/mcuxpressoide_11.2.1_4149/ide/plugins/com.nxp.mcuxpresso.tools.win32_11.2.0.202008311134/tools/bin/../lib/gcc/arm-none-eabi/9.2.1/../../../../arm-none-eabi/lib/thumb/v7-m/nofp\libc_nano.a(lib_a-nano-mallocr.o)
                0x10000544                __malloc_free_list
 .bss.__malloc_sbrk_start
                0x10000548        0x4 c:/nxp/mcuxpressoide_11.2.1_4149/ide/plugins/com.nxp.mcuxpresso.tools.win32_11.2.0.202008311134/tools/bin/../lib/gcc/arm-none-eabi/9.2.1/../../../../arm-none-eabi/lib/thumb/v7-m/nofp\libc_nano.a(lib_a-nano-mallocr.o)
                0x10000548                __malloc_sbrk_start
 .bss.__end_of_heap
                0x1000054c        0x4 c:/nxp/mcuxpressoide_11.2.1_4149/ide/plugins/com.nxp.mcuxpresso.tools.win32_11.2.0.202008311134/tools/bin/../lib/gcc/arm-none-eabi/9.2.1/../../../../arm-none-eabi/lib/thumb/v7-m/nofp\libcr_newlib_none.a(_cr_sbrk.o)
                0x1000054c                __end_of_heap
 *(COMMON)
 COMMON         0x10000550        0x4 D:\Developpement_Robot\Robotic-System\trunk\Workspaces\MultiWorkSpaces_2021\0_lpc_chip_175x_6x\Release\lib0_lpc_chip_175x_6x.a(chip_17xx_40xx.o)
                0x10000550                SystemCoreClock
 COMMON         0x10000554        0x4 c:/nxp/mcuxpressoide_11.2.1_4149/ide/plugins/com.nxp.mcuxpresso.tools.win32_11.2.0.202008311134/tools/bin/../lib/gcc/arm-none-eabi/9.2.1/../../../../arm-none-eabi/lib/thumb/v7-m/nofp\libc_nano.a(lib_a-reent.o)
                0x10000554                errno
 COMMON         0x10000558        0x9 c:/nxp/mcuxpressoide_11.2.1_4149/ide/plugins/com.nxp.mcuxpresso.tools.win32_11.2.0.202008311134/tools/bin/../lib/gcc/arm-none-eabi/9.2.1/../../../../arm-none-eabi/lib/thumb/v7-m/nofp\libc_nano.a(lib_a-lock.o)
                0x10000558                __lock___atexit_recursive_mutex
                0x10000559                __lock___arc4random_mutex
                0x1000055a                __lock___env_recursive_mutex
                0x1000055b                __lock___sinit_recursive_mutex
                0x1000055c                __lock___malloc_recursive_mutex
                0x1000055d                __lock___at_quick_exit_mutex
                0x1000055e                __lock___dd_hash_mutex
                0x1000055f                __lock___tz_mutex
                0x10000560                __lock___sfp_recursive_mutex
                0x10000564                . = ALIGN (0x4)
 *fill*         0x10000561        0x3 
                0x10000564                _ebss = .
                [!provide]                PROVIDE (__end_bss_RAM = .)
                [!provide]                PROVIDE (__end_bss_RamLoc32 = .)
                [!provide]                PROVIDE (end = .)

.noinit_RAM2    0x2007c000        0x0
                [!provide]                PROVIDE (__start_noinit_RAM2 = .)
                [!provide]                PROVIDE (__start_noinit_Ram_USB = .)
 *(.noinit.$RAM2)
 *(.noinit.$Ram_USB)
 *(.noinit.$RAM2.*)
 *(.noinit.$Ram_USB.*)
                0x2007c000                . = ALIGN (0x4)
                [!provide]                PROVIDE (__end_noinit_RAM2 = .)
                [!provide]                PROVIDE (__end_noinit_Ram_USB = .)

.noinit_RAM3    0x2007fd00        0x0
                [!provide]                PROVIDE (__start_noinit_RAM3 = .)
                [!provide]                PROVIDE (__start_noinit_RAM3 = .)
 *(.noinit.$RAM3)
 *(.noinit.$RAM3)
 *(.noinit.$RAM3.*)
 *(.noinit.$RAM3.*)
                0x2007fd00                . = ALIGN (0x4)
                [!provide]                PROVIDE (__end_noinit_RAM3 = .)
                [!provide]                PROVIDE (__end_noinit_RAM3 = .)

.noinit         0x10000564        0x0
                0x10000564                _noinit = .
                [!provide]                PROVIDE (__start_noinit_RAM = .)
                [!provide]                PROVIDE (__start_noinit_RamLoc32 = .)
 *(.noinit*)
                0x10000564                . = ALIGN (0x4)
                0x10000564                _end_noinit = .
                [!provide]                PROVIDE (__end_noinit_RAM = .)
                [!provide]                PROVIDE (__end_noinit_RamLoc32 = .)
                0x10000564                PROVIDE (_pvHeapStart = DEFINED (__user_heap_base)?__user_heap_base:.)
                0x10008000                PROVIDE (_vStackTop = DEFINED (__user_stack_top)?__user_stack_top:(__top_RamLoc32 - 0x0))
                [!provide]                PROVIDE (__valid_user_code_checksum = (0x0 - ((((((_vStackTop + (ResetISR + 0x1)) + (NMI_Handler + 0x1)) + (HardFault_Handler + 0x1)) + (DEFINED (MemManage_Handler)?MemManage_Handler:0x0 + 0x1)) + (DEFINED (BusFault_Handler)?BusFault_Handler:0x0 + 0x1)) + (DEFINED (UsageFault_Handler)?UsageFault_Handler:0x0 + 0x1))))
                0x00010000                _image_start = LOADADDR (.text)
                0x000171b4                _image_end = (LOADADDR (.data) + SIZEOF (.data))
                0x000071b4                _image_size = (_image_end - _image_start)
OUTPUT(IA_2021_V0.axf elf32-littlearm)

.debug_info     0x00000000    0x2cb05
 .debug_info    0x00000000     0x28f3 ./src/IA_2021_V0.o
 .debug_info    0x000028f3     0x12b0 ./src/Init.o
 .debug_info    0x00003ba3      0x2f5 ./src/cr_startup_lpc175x_6x.o
 .debug_info    0x00003e98       0x3c ./src/crp.o
 .debug_info    0x00003ed4      0x9d6 ./src/sysinit.o
 .debug_info    0x000048aa     0x1163 ./src/test.o
 .debug_info    0x00005a0d     0x14f5 ./freertos/src/FreeRTOSCommonHooks.o
 .debug_info    0x00006f02     0x136c ./freertos/src/event_groups.o
 .debug_info    0x0000826e      0xefd ./freertos/src/heap_5.o
 .debug_info    0x0000916b      0xbeb ./freertos/src/list.o
 .debug_info    0x00009d56      0xd09 ./freertos/src/port.o
 .debug_info    0x0000aa5f     0x2551 ./freertos/src/queue.o
 .debug_info    0x0000cfb0     0x303c ./freertos/src/tasks.o
 .debug_info    0x0000ffec     0x1d60 ./freertos/src/timers.o
 .debug_info    0x00011d4c     0x16f7 ./Strategie/Deplacement/0_Deplacements.o
 .debug_info    0x00013443      0xddd ./Strategie/0_Infos.o
 .debug_info    0x00014220     0x2627 ./Communication/USB/src/cdc_usb_main.o
 .debug_info    0x00016847     0x101e ./Communication/RS485/0_RS485.o
 .debug_info    0x00017865     0x3205 ./Communication/0_Communication.o
 .debug_info    0x0001aa6a      0xaa4 ./Communication/0_Event_Group.o
 .debug_info    0x0001b50e     0x18d4 ./Communication/1_Trame_Communication.o
 .debug_info    0x0001cde2     0x1cd4 ./Communication/2_Echange_Datas.o
 .debug_info    0x0001eab6     0x1055 ./Communication/2_Echange_Datas_Reception.o
 .debug_info    0x0001fb0b      0x642 D:\Developpement_Robot\Robotic-System\trunk\Workspaces\MultiWorkSpaces_2021\0_lpc_chip_175x_6x\Release\lib0_lpc_chip_175x_6x.a(chip_17xx_40xx.o)
 .debug_info    0x0002014d      0xe8f D:\Developpement_Robot\Robotic-System\trunk\Workspaces\MultiWorkSpaces_2021\0_lpc_chip_175x_6x\Release\lib0_lpc_chip_175x_6x.a(clock_17xx_40xx.o)
 .debug_info    0x00020fdc      0x63f D:\Developpement_Robot\Robotic-System\trunk\Workspaces\MultiWorkSpaces_2021\0_lpc_chip_175x_6x\Release\lib0_lpc_chip_175x_6x.a(ring_buffer.o)
 .debug_info    0x0002161b      0x89e D:\Developpement_Robot\Robotic-System\trunk\Workspaces\MultiWorkSpaces_2021\0_lpc_chip_175x_6x\Release\lib0_lpc_chip_175x_6x.a(sysinit_17xx_40xx.o)
 .debug_info    0x00021eb9      0x501 D:\Developpement_Robot\Robotic-System\trunk\Workspaces\MultiWorkSpaces_2021\0_lpc_chip_175x_6x\Release\lib0_lpc_chip_175x_6x.a(timer_17xx_40xx.o)
 .debug_info    0x000223ba     0x170f D:\Developpement_Robot\Robotic-System\trunk\Workspaces\MultiWorkSpaces_2021\0_lpc_chip_175x_6x\Release\lib0_lpc_chip_175x_6x.a(uart_17xx_40xx.o)
 .debug_info    0x00023ac9     0x2769 D:\Developpement_Robot\Robotic-System\trunk\Workspaces\MultiWorkSpaces_2021\0_lpc_board_nxp_lpcxpresso_1769\Release\lib0_lpc_board_nxp_lpcxpresso_1769.a(board.o)