Archive member included to satisfy reference by file (symbol)

D:\Developpement_Robot\Robotic-System.git\trunk\Workspaces\MultiWorkSpaces_2021\0_lpc_chip_175x_6x\Release\lib0_lpc_chip_175x_6x.a(chip_17xx_40xx.o)
                              ./src/IA_2021_V0.o (SystemCoreClockUpdate)
D:\Developpement_Robot\Robotic-System.git\trunk\Workspaces\MultiWorkSpaces_2021\0_lpc_chip_175x_6x\Release\lib0_lpc_chip_175x_6x.a(clock_17xx_40xx.o)
                              D:\Developpement_Robot\Robotic-System.git\trunk\Workspaces\MultiWorkSpaces_2021\0_lpc_chip_175x_6x\Release\lib0_lpc_chip_175x_6x.a(chip_17xx_40xx.o) (Chip_Clock_EnablePLL)
D:\Developpement_Robot\Robotic-System.git\trunk\Workspaces\MultiWorkSpaces_2021\0_lpc_chip_175x_6x\Release\lib0_lpc_chip_175x_6x.a(ring_buffer.o)
                              ./Communication/0_Communication.o (RingBuffer_Init)
D:\Developpement_Robot\Robotic-System.git\trunk\Workspaces\MultiWorkSpaces_2021\0_lpc_chip_175x_6x\Release\lib0_lpc_chip_175x_6x.a(stopwatch_17xx_40xx.o)
                              ./Communication/USB/src/cdc_usb_main.o (StopWatch_Init)
D:\Developpement_Robot\Robotic-System.git\trunk\Workspaces\MultiWorkSpaces_2021\0_lpc_chip_175x_6x\Release\lib0_lpc_chip_175x_6x.a(sysinit_17xx_40xx.o)
                              ./src/IA_2021_V0.o (Chip_SetupXtalClocking)
D:\Developpement_Robot\Robotic-System.git\trunk\Workspaces\MultiWorkSpaces_2021\0_lpc_chip_175x_6x\Release\lib0_lpc_chip_175x_6x.a(timer_17xx_40xx.o)
                              ./src/IA_2021_V0.o (Chip_TIMER_Init)
D:\Developpement_Robot\Robotic-System.git\trunk\Workspaces\MultiWorkSpaces_2021\0_lpc_chip_175x_6x\Release\lib0_lpc_chip_175x_6x.a(uart_17xx_40xx.o)
                              ./Communication/0_Communication.o (Chip_UART_Init)
D:\Developpement_Robot\Robotic-System.git\trunk\Workspaces\MultiWorkSpaces_2021\0_lpc_board_nxp_lpcxpresso_1769\Release\lib0_lpc_board_nxp_lpcxpresso_1769.a(board.o)
                              ./src/IA_2021_V0.o (Set_Clock_in)
D:\Developpement_Robot\Robotic-System.git\trunk\Workspaces\MultiWorkSpaces_2021\0_lpc_chip_175x_6x\libs\libusbd_175x_6x_lib.a(mw_usbd_rom_api.o)
                              ./Communication/USB/src/cdc_usb_main.o (cdc_api)
D:\Developpement_Robot\Robotic-System.git\trunk\Workspaces\MultiWorkSpaces_2021\0_lpc_chip_175x_6x\libs\libusbd_175x_6x_lib.a(hw_usbd_ip3503.o)
                              D:\Developpement_Robot\Robotic-System.git\trunk\Workspaces\MultiWorkSpaces_2021\0_lpc_chip_175x_6x\libs\libusbd_175x_6x_lib.a(mw_usbd_rom_api.o) (hwUSB_GetMemSize)
D:\Developpement_Robot\Robotic-System.git\trunk\Workspaces\MultiWorkSpaces_2021\0_lpc_chip_175x_6x\libs\libusbd_175x_6x_lib.a(mw_usbd_cdcuser.o)
                              D:\Developpement_Robot\Robotic-System.git\trunk\Workspaces\MultiWorkSpaces_2021\0_lpc_chip_175x_6x\libs\libusbd_175x_6x_lib.a(mw_usbd_rom_api.o) (mwCDC_SendNotification)
D:\Developpement_Robot\Robotic-System.git\trunk\Workspaces\MultiWorkSpaces_2021\0_lpc_chip_175x_6x\libs\libusbd_175x_6x_lib.a(mw_usbd_core.o)
                              D:\Developpement_Robot\Robotic-System.git\trunk\Workspaces\MultiWorkSpaces_2021\0_lpc_chip_175x_6x\libs\libusbd_175x_6x_lib.a(mw_usbd_rom_api.o) (mwUSB_SetupStage)
D:\Developpement_Robot\Robotic-System.git\trunk\Workspaces\MultiWorkSpaces_2021\0_lpc_chip_175x_6x\libs\libusbd_175x_6x_lib.a(mw_usbd_dfuuser.o)
                              D:\Developpement_Robot\Robotic-System.git\trunk\Workspaces\MultiWorkSpaces_2021\0_lpc_chip_175x_6x\libs\libusbd_175x_6x_lib.a(mw_usbd_rom_api.o) (mwDFU_GetMemSize)
D:\Developpement_Robot\Robotic-System.git\trunk\Workspaces\MultiWorkSpaces_2021\0_lpc_chip_175x_6x\libs\libusbd_175x_6x_lib.a(mw_usbd_hiduser.o)
                              D:\Developpement_Robot\Robotic-System.git\trunk\Workspaces\MultiWorkSpaces_2021\0_lpc_chip_175x_6x\libs\libusbd_175x_6x_lib.a(mw_usbd_rom_api.o) (mwHID_GetMemSize)
D:\Developpement_Robot\Robotic-System.git\trunk\Workspaces\MultiWorkSpaces_2021\0_lpc_chip_175x_6x\libs\libusbd_175x_6x_lib.a(mw_usbd_mscuser.o)
                              D:\Developpement_Robot\Robotic-System.git\trunk\Workspaces\MultiWorkSpaces_2021\0_lpc_chip_175x_6x\libs\libusbd_175x_6x_lib.a(mw_usbd_rom_api.o) (mwMSC_GetMemSize)
c:/nxp/mcuxpressoide_11.2.1_4149/ide/plugins/com.nxp.mcuxpresso.tools.win32_11.2.0.202008311134/tools/bin/../lib/gcc/arm-none-eabi/9.2.1/thumb/v7-m/nofp\libgcc.a(_arm_mulsf3.o)
                              ./Strategie/Deplacement/0_Deplacements.o (__aeabi_fmul)
c:/nxp/mcuxpressoide_11.2.1_4149/ide/plugins/com.nxp.mcuxpresso.tools.win32_11.2.0.202008311134/tools/bin/../lib/gcc/arm-none-eabi/9.2.1/thumb/v7-m/nofp\libgcc.a(_arm_addsubsf3.o)
                              ./Strategie/Deplacement/0_Deplacements.o (__aeabi_fsub)
[...]
Memory Configuration

Name             Origin             Length             Attributes
MFlash512        0x00010000         0x00070000         xr
RamLoc32         0x10000000         0x00008000         xrw
RamAHB32         0x2007c000         0x00000800         xrw
RAM3             0x2007c800         0x00007800         xrw
*default*        0x00000000         0xffffffff

Linker script and memory map

LOAD ./src/IA_2021_V0.o
LOAD ./src/Init.o
LOAD ./src/cr_startup_lpc175x_6x.o
LOAD ./src/crp.o
LOAD ./src/sysinit.o
LOAD ./src/test.o
LOAD ./freertos/src/FreeRTOSCommonHooks.o
LOAD ./freertos/src/croutine.o
LOAD ./freertos/src/event_groups.o
LOAD ./freertos/src/heap_5.o
LOAD ./freertos/src/list.o
LOAD ./freertos/src/port.o
LOAD ./freertos/src/queue.o
LOAD ./freertos/src/stream_buffer.o
LOAD ./freertos/src/tasks.o
LOAD ./freertos/src/timers.o
LOAD ./freertos/FreeRTOS_Trace/trcHardwarePort.o
LOAD ./freertos/FreeRTOS_Trace/trcKernelPort.o
LOAD ./freertos/FreeRTOS_Trace/trcSnapshotRecorder.o
LOAD ./Strategie/Deplacement/0_Deplacements.o
LOAD ./Strategie/Deplacement/1_Obstacles.o
LOAD ./Strategie/Actionneurs/0_Actionneurs.o
LOAD ./Strategie/0_Infos.o
LOAD ./Pathfinding/Astar/Astar.o
LOAD ./Communication/USB/src/cdc_desc.o
LOAD ./Communication/USB/src/cdc_usb_main.o
LOAD ./Communication/USB/src/cdc_vcom.o
LOAD ./Communication/RS485/0_RS485.o
LOAD ./Communication/0_Communication.o
LOAD ./Communication/0_Event_Group.o
LOAD ./Communication/1_Trame_Communication.o
LOAD ./Communication/2_Echange_Datas.o
LOAD ./Communication/2_Echange_Datas_Reception.o
LOAD D:\Developpement_Robot\Robotic-System.git\trunk\Workspaces\MultiWorkSpaces_2021\0_lpc_chip_175x_6x\Release\lib0_lpc_chip_175x_6x.a
LOAD D:\Developpement_Robot\Robotic-System.git\trunk\Workspaces\MultiWorkSpaces_2021\0_lpc_board_nxp_lpcxpresso_1769\Release\lib0_lpc_board_nxp_lpcxpresso_1769.a
LOAD D:\Developpement_Robot\Robotic-System.git\trunk\Workspaces\MultiWorkSpaces_2021\0_lpc_chip_175x_6x\libs\libusbd_175x_6x_lib.a
START GROUP
LOAD c:/nxp/mcuxpressoide_11.2.1_4149/ide/plugins/com.nxp.mcuxpresso.tools.win32_11.2.0.202008311134/tools/bin/../lib/gcc/arm-none-eabi/9.2.1/thumb/v7-m/nofp\libgcc.a
LOAD c:/nxp/mcuxpressoide_11.2.1_4149/ide/plugins/com.nxp.mcuxpresso.tools.win32_11.2.0.202008311134/tools/bin/../lib/gcc/arm-none-eabi/9.2.1/../../../../arm-none-eabi/lib/thumb/v7-m/nofp\libc_nano.a
LOAD c:/nxp/mcuxpressoide_11.2.1_4149/ide/plugins/com.nxp.mcuxpresso.tools.win32_11.2.0.202008311134/tools/bin/../lib/gcc/arm-none-eabi/9.2.1/../../../../arm-none-eabi/lib/thumb/v7-m/nofp\libm.a
LOAD c:/nxp/mcuxpressoide_11.2.1_4149/ide/plugins/com.nxp.mcuxpresso.tools.win32_11.2.0.202008311134/tools/bin/../lib/gcc/arm-none-eabi/9.2.1/../../../../arm-none-eabi/lib/thumb/v7-m/nofp\libcr_newlib_none.a
END GROUP
                0x00010000                __base_MFlash512 = 0x10000
                0x00010000                __base_Flash = 0x10000
                0x00080000                __top_MFlash512 = 0x80000
                0x00080000                __top_Flash = 0x80000
                0x10000000                __base_RamLoc32 = 0x10000000
                0x10000000                __base_RAM = 0x10000000
                0x10008000                __top_RamLoc32 = 0x10008000
                0x10008000                __top_RAM = 0x10008000
                0x2007c000                __base_RamAHB32 = 0x2007c000
                0x2007c000                __base_RAM2 = 0x2007c000
                0x2007c800                __top_RamAHB32 = 0x2007c800
                0x2007c800                __top_RAM2 = 0x2007c800
                0x2007c800                __base_RAM3 = 0x2007c800
                0x2007c800                __base_RAM3 = 0x2007c800
                0x20084000                __top_RAM3 = 0x20084000
                0x20084000                __top_RAM3 = 0x20084000

.text           0x00010000     0x6da4
 FILL mask 0xff
                0x00010000                __vectors_start__ = ABSOLUTE (.)
 *(.isr_vector)
 .isr_vector    0x00010000       0xcc ./src/cr_startup_lpc175x_6x.o
                0x00010000                g_pfnVectors
                0x000100cc                . = ALIGN (0x4)
                0x000100cc                __section_table_start = .
                0x000100cc                __data_section_table = .
                0x000100cc        0x4 LONG 0x16da4 LOADADDR (.data)
                0x000100d0        0x4 LONG 0x10000000 ADDR (.data)
                0x000100d4        0x4 LONG 0x84 SIZEOF (.data)
                0x000100d8        0x4 LONG 0x16da4 LOADADDR (.data_RAM2)
                0x000100dc        0x4 LONG 0x2007c000 ADDR (.data_RAM2)
                0x000100e0        0x4 LONG 0x0 SIZEOF (.data_RAM2)
                0x000100e4        0x4 LONG 0x16da4 LOADADDR (.data_RAM3)
                0x000100e8        0x4 LONG 0x2007c800 ADDR (.data_RAM3)
                0x000100ec        0x4 LONG 0x0 SIZEOF (.data_RAM3)
                0x000100f0                __data_section_table_end = .
                0x000100f0                __bss_section_table = .
                0x000100f0        0x4 LONG 0x10000084 ADDR (.bss)
                0x000100f4        0x4 LONG 0x5270 SIZEOF (.bss)
                0x000100f8        0x4 LONG 0x2007c000 ADDR (.bss_RAM2)
                0x000100fc        0x4 LONG 0x0 SIZEOF (.bss_RAM2)
                0x00010100        0x4 LONG 0x2007c800 ADDR (.bss_RAM3)
                0x00010104        0x4 LONG 0x23c0 SIZEOF (.bss_RAM3)
                0x00010108                __bss_section_table_end = .
                0x00010108                __section_table_end = .
 *(.after_vectors*)
 .after_vectors
                0x00010108       0x7c ./src/cr_startup_lpc175x_6x.o
                0x00010108                NMI_Handler
                0x0001010a                HardFault_Handler
                0x0001010c                MemManage_Handler
                0x0001010e                BusFault_Handler
                0x00010110                UsageFault_Handler
                0x00010112                DebugMon_Handler
                0x00010114                PWM1_IRQHandler
                0x00010114                USBActivity_IRQHandler
                0x00010114                UART3_IRQHandler
                0x00010114                RIT_IRQHandler
                0x00010114                I2C1_IRQHandler
                0x00010114                EINT2_IRQHandler
                0x00010114                EINT3_IRQHandler
                0x00010114                CANActivity_IRQHandler
                0x00010114                TIMER3_IRQHandler
                0x00010114                UART0_IRQHandler
                0x00010114                DMA_IRQHandler
                0x00010114                I2C0_IRQHandler
                0x00010114                IntDefaultHandler
                0x00010114                PLL0_IRQHandler
                0x00010114                CAN_IRQHandler
                0x00010114                PLL1_IRQHandler
                0x00010114                SSP0_IRQHandler
                0x00010114                I2S_IRQHandler
                0x00010114                I2C2_IRQHandler
                0x00010114                RTC_IRQHandler
                0x00010114                TIMER0_IRQHandler
                0x00010114                SPI_IRQHandler
                0x00010114                ETH_IRQHandler
                0x00010114                EINT1_IRQHandler
                0x00010114                TIMER1_IRQHandler
                0x00010114                UART2_IRQHandler
                0x00010114                ADC_IRQHandler
                0x00010114                SSP1_IRQHandler
                0x00010114                BOD_IRQHandler
                0x00010114                TIMER2_IRQHandler
                0x00010114                WDT_IRQHandler
                0x00010114                EINT0_IRQHandler
                0x00010114                QEI_IRQHandler
                0x00010114                MCPWM_IRQHandler
                0x00010116                data_init
                0x00010128                bss_init
                0x00010138                ResetISR
                0x0001017c                SVC_Handler
                0x0001017e                PendSV_Handler
                0x00010180                SysTick_Handler
                0x000002fc                . = 0x2fc
 *fill*         0x00010184      0x178 ff
                0x000102fc                PROVIDE (__CRP_WORD_START__ = .)
 *(.crp)
 .crp           0x000102fc        0x4 ./src/crp.o
                0x000102fc                CRP_WORD
                0x00010300                PROVIDE (__CRP_WORD_END__ = .)
                0x00000001                ASSERT (! ((__CRP_WORD_START__ == __CRP_WORD_END__)), Linker CRP Enabled, but no CRP_WORD provided within application)
 *(.text*)
 .text.vTask_HartBeat
                0x00010300       0x5c ./src/IA_2021_V0.o
 .text.vConfigureTimerForRunTimeStats
                0x0001035c       0x22 ./src/IA_2021_V0.o
                0x0001035c                vConfigureTimerForRunTimeStats
 *fill*         0x0001037e        0x2 ff
 .text.startup.main
                0x00010380       0x58 ./src/IA_2021_V0.o
                0x00010380                main
 .text.Debug_Trace_Texte
                0x000103d8        0x2 ./src/Init.o
                0x000103d8                Debug_Trace_Texte
 *fill*         0x000103da        0x2 ff
 .text.Set_Debug_Pin_0_High
                0x000103dc       0x10 ./src/Init.o
                0x000103dc                Set_Debug_Pin_0_High
 .text.Set_Debug_Pin_0_Low
                0x000103ec       0x10 ./src/Init.o
                0x000103ec                Set_Debug_Pin_0_Low
 .text.Set_Debug_Pin_1_Low
                0x000103fc       0x10 ./src/Init.o
                0x000103fc                Set_Debug_Pin_1_Low
 .text.Init_Carte_IA
                0x0001040c       0x5c ./src/Init.o
                0x0001040c                Init_Carte_IA
 .text.SystemInit
                0x00010468       0x14 ./src/sysinit.o
                0x00010468                SystemInit
 .text.TEST_init_parametres
                0x0001047c       0x44 ./src/test.o
                0x0001047c                TEST_init_parametres
 .text.TEST_Deplacement
                0x000104c0       0x98 ./src/test.o
                0x000104c0                TEST_Deplacement
 .text.TEST_envoi_Ping
                0x00010558       0x64 ./src/test.o
                0x00010558                TEST_envoi_Ping
 .text.vApplicationStackOverflowHook
                0x000105bc       0x12 ./freertos/src/FreeRTOSCommonHooks.o
                0x000105bc                vApplicationStackOverflowHook
 .text.xEventGroupCreate
                0x000105ce       0x1a ./freertos/src/event_groups.o
                0x000105ce                xEventGroupCreate
 .text.xEventGroupWaitBits
                0x000105e8       0xb8 ./freertos/src/event_groups.o
                0x000105e8                xEventGroupWaitBits
 .text.xEventGroupClearBits
                0x000106a0       0x1a ./freertos/src/event_groups.o
                0x000106a0                xEventGroupClearBits
 .text.xEventGroupSetBits
                0x000106ba       0x5c ./freertos/src/event_groups.o
                0x000106ba                xEventGroupSetBits
 .text.vEventGroupSetBitsCallback
                0x00010716        0x4 ./freertos/src/event_groups.o
                0x00010716                vEventGroupSetBitsCallback
 *fill*         0x0001071a        0x2 ff
 .text.prvInsertBlockIntoFreeList
                0x0001071c       0x48 ./freertos/src/heap_5.o
 .text.pvPortMalloc
                0x00010764       0xb4 ./freertos/src/heap_5.o
                0x00010764                pvPortMalloc
 .text.vPortFree
                0x00010818       0x58 ./freertos/src/heap_5.o
                0x00010818                vPortFree
 .text.vPortDefineHeapRegions
                0x00010870       0x88 ./freertos/src/heap_5.o
                0x00010870                vPortDefineHeapRegions
 .text.vListInitialise
                0x000108f8       0x16 ./freertos/src/list.o
                0x000108f8                vListInitialise
 .text.vListInitialiseItem
                0x0001090e        0x6 ./freertos/src/list.o
                0x0001090e                vListInitialiseItem
 .text.vListInsertEnd
                0x00010914       0x18 ./freertos/src/list.o
                0x00010914                vListInsertEnd
 .text.vListInsert
                0x0001092c       0x2e ./freertos/src/list.o
                0x0001092c                vListInsert
 .text.uxListRemove
                0x0001095a       0x20 ./freertos/src/list.o
                0x0001095a                uxListRemove
 .text.prvTaskExitError
                0x0001097a       0x20 ./freertos/src/port.o
 *fill*         0x0001099a        0x2 ff
 .text.prvPortStartFirstTask
                0x0001099c       0x20 ./freertos/src/port.o
 .text.pxPortInitialiseStack
                0x000109bc       0x24 ./freertos/src/port.o
                0x000109bc                pxPortInitialiseStack
 .text.vPortSVCHandler
                0x000109e0       0x24 ./freertos/src/port.o
                0x000109e0                vPortSVCHandler
 .text.vPortEnterCritical
                0x00010a04       0x20 ./freertos/src/port.o
                0x00010a04                vPortEnterCritical
 .text.vPortExitCritical
                0x00010a24       0x14 ./freertos/src/port.o
                0x00010a24                vPortExitCritical
 *fill*         0x00010a38        0x8 ff
 .text.xPortPendSVHandler
                0x00010a40       0x44 ./freertos/src/port.o
                0x00010a40                xPortPendSVHandler
 .text.xPortSysTickHandler
                0x00010a84       0x2c ./freertos/src/port.o
                0x00010a84                xPortSysTickHandler
 .text.vPortSetupTimerInterrupt
                0x00010ab0       0x24 ./freertos/src/port.o
                0x00010ab0                vPortSetupTimerInterrupt
 .text.xPortStartScheduler
                0x00010ad4       0x38 ./freertos/src/port.o
                0x00010ad4                xPortStartScheduler
 .text.prvIsQueueEmpty
                0x00010b0c       0x16 ./freertos/src/queue.o
 .text.prvCopyDataToQueue
                0x00010b22       0x6a ./freertos/src/queue.o
 .text.prvCopyDataFromQueue
                0x00010b8c       0x28 ./freertos/src/queue.o
 .text.prvUnlockQueue
                0x00010bb4       0x70 ./freertos/src/queue.o
 .text.xQueueGenericReset
                0x00010c24       0x6c ./freertos/src/queue.o
                0x00010c24                xQueueGenericReset
 .text.xQueueGenericCreate
                0x00010c90       0x2e ./freertos/src/queue.o
                0x00010c90                xQueueGenericCreate
 *fill*         0x00010cbe        0x2 ff
 .text.xQueueGenericSend
                0x00010cc0      0x104 ./freertos/src/queue.o
                0x00010cc0                xQueueGenericSend
 .text.xQueueGenericSendFromISR
                0x00010dc4       0x6a ./freertos/src/queue.o
                0x00010dc4                xQueueGenericSendFromISR
 *fill*         0x00010e2e        0x2 ff
 .text.xQueueReceive
                0x00010e30       0xf0 ./freertos/src/queue.o
                0x00010e30                xQueueReceive
 .text.vQueueAddToRegistry
                0x00010f20       0x24 ./freertos/src/queue.o
                0x00010f20                vQueueAddToRegistry
 .text.vQueueWaitForMessageRestricted
                0x00010f44       0x46 ./freertos/src/queue.o
                0x00010f44                vQueueWaitForMessageRestricted
 *fill*         0x00010f8a        0x2 ff
 .text.prvResetNextTaskUnblockTime
                0x00010f8c       0x24 ./freertos/src/tasks.o
 .text.prvAddCurrentTaskToDelayedList
                0x00010fb0       0x8c ./freertos/src/tasks.o
 .text.prvIdleTask
                0x0001103c       0x6c ./freertos/src/tasks.o
 .text.xTaskCreate
                0x000110a8      0x1d8 ./freertos/src/tasks.o
                0x000110a8                xTaskCreate
 .text.vTaskDelete
                0x00011280       0xbc ./freertos/src/tasks.o
                0x00011280                vTaskDelete
 .text.vTaskStartScheduler
                0x0001133c       0x6c ./freertos/src/tasks.o
                0x0001133c                vTaskStartScheduler
 .text.vTaskSuspendAll
                0x000113a8       0x10 ./freertos/src/tasks.o
                0x000113a8                vTaskSuspendAll
 .text.xTaskGetTickCount
                0x000113b8        0xc ./freertos/src/tasks.o
                0x000113b8                xTaskGetTickCount
 .text.xTaskIncrementTick
                0x000113c4      0x10c ./freertos/src/tasks.o
                0x000113c4                xTaskIncrementTick
 .text.xTaskResumeAll
                0x000114d0       0xd8 ./freertos/src/tasks.o
                0x000114d0                xTaskResumeAll
 .text.vTaskDelayUntil
                0x000115a8       0x4c ./freertos/src/tasks.o
                0x000115a8                vTaskDelayUntil
 .text.vTaskDelay
                0x000115f4       0x30 ./freertos/src/tasks.o
                0x000115f4                vTaskDelay
 .text.vTaskSwitchContext
                0x00011624       0x90 ./freertos/src/tasks.o
                0x00011624                vTaskSwitchContext
 .text.vTaskPlaceOnEventList
                0x000116b4       0x20 ./freertos/src/tasks.o
                0x000116b4                vTaskPlaceOnEventList
 .text.vTaskPlaceOnUnorderedEventList
                0x000116d4       0x28 ./freertos/src/tasks.o
                0x000116d4                vTaskPlaceOnUnorderedEventList
 .text.vTaskPlaceOnEventListRestricted
                0x000116fc       0x2c ./freertos/src/tasks.o
                0x000116fc                vTaskPlaceOnEventListRestricted
 .text.xTaskRemoveFromEventList
                0x00011728       0x70 ./freertos/src/tasks.o
                0x00011728                xTaskRemoveFromEventList
 .text.vTaskRemoveFromUnorderedEventList
                0x00011798       0x58 ./freertos/src/tasks.o
                0x00011798                vTaskRemoveFromUnorderedEventList
 .text.vTaskInternalSetTimeOutState
                0x000117f0       0x18 ./freertos/src/tasks.o
                0x000117f0                vTaskInternalSetTimeOutState
 .text.xTaskCheckForTimeOut
                0x00011808       0x50 ./freertos/src/tasks.o
                0x00011808                xTaskCheckForTimeOut
 .text.vTaskMissedYield
                0x00011858        0xc ./freertos/src/tasks.o
                0x00011858                vTaskMissedYield
 .text.xTaskGetCurrentTaskHandle
                0x00011864        0xc ./freertos/src/tasks.o
                0x00011864                xTaskGetCurrentTaskHandle
 .text.xTaskGetSchedulerState
                0x00011870       0x20 ./freertos/src/tasks.o
                0x00011870                xTaskGetSchedulerState
 .text.xTaskPriorityDisinherit
                0x00011890       0x70 ./freertos/src/tasks.o
                0x00011890                xTaskPriorityDisinherit
 .text.uxTaskResetEventItemValue
                0x00011900       0x18 ./freertos/src/tasks.o
                0x00011900                uxTaskResetEventItemValue
 .text.prvCheckForValidListAndQueue
                0x00011918       0x58 ./freertos/src/timers.o
 .text.prvInsertTimerInActiveList
                0x00011970       0x3c ./freertos/src/timers.o
 .text.xTimerCreateTimerTask
                0x000119ac       0x38 ./freertos/src/timers.o
                0x000119ac                xTimerCreateTimerTask
 .text.xTimerGenericCommand
                0x000119e4       0x44 ./freertos/src/timers.o
                0x000119e4                xTimerGenericCommand
 .text.prvSwitchTimerLists
                0x00011a28       0x6c ./freertos/src/timers.o
 .text.prvTimerTask
                0x00011a94      0x1b8 ./freertos/src/timers.o
 .text.xTimerPendFunctionCallFromISR
                0x00011c4c       0x28 ./freertos/src/timers.o
                0x00011c4c                xTimerPendFunctionCallFromISR
 .text._0_Deplacement_Init
                0x00011c74       0x10 ./Strategie/Deplacement/0_Deplacements.o
                0x00011c74                _0_Deplacement_Init
 .text.Distance_To_Destination
                0x00011c84       0x48 ./Strategie/Deplacement/0_Deplacements.o
                0x00011c84                Distance_To_Destination
 .text._0_Deplacement_Wait_For_Arrival
                0x00011ccc       0x7c ./Strategie/Deplacement/0_Deplacements.o
                0x00011ccc                _0_Deplacement_Wait_For_Arrival
 .text.Distance_Two_Points
                0x00011d48       0x1c ./Strategie/Deplacement/0_Deplacements.o
                0x00011d48                Distance_Two_Points
 .text._0_Deplacement_ASTAR
                0x00011d64      0x234 ./Strategie/Deplacement/0_Deplacements.o
                0x00011d64                _0_Deplacement_ASTAR
 .text._0_Deplacement_Tourne_Avance
                0x00011f98       0xc0 ./Strategie/Deplacement/0_Deplacements.o
                0x00011f98                _0_Deplacement_Tourne_Avance
 .text._0_Deplacement_Tourne_Avance_ASTAR
                0x00012058       0x90 ./Strategie/Deplacement/0_Deplacements.o
                0x00012058                _0_Deplacement_Tourne_Avance_ASTAR
 .text._1_TEST_Obstacles_Opponent_Robots
                0x000120e8       0x7e ./Strategie/Deplacement/1_Obstacles.o
                0x000120e8                _1_TEST_Obstacles_Opponent_Robots
 .text._1_Obstacles_Create_Terrain_Border
                0x00012166       0xa4 ./Strategie/Deplacement/1_Obstacles.o
                0x00012166                _1_Obstacles_Create_Terrain_Border
 *fill*         0x0001220a        0x2 ff
 .text._0_Infos_Init
                0x0001220c       0x10 ./Strategie/0_Infos.o
                0x0001220c                _0_Infos_Init
 .text._0_Update_Card_Datas
                0x0001221c       0x20 ./Strategie/0_Infos.o
                0x0001221c                _0_Update_Card_Datas
 .text._0_Get_Robot_Position
                0x0001223c       0x4c ./Strategie/0_Infos.o
                0x0001223c                _0_Get_Robot_Position
 .text.Astar_Map_Init
                0x00012288      0x100 ./Pathfinding/Astar/Astar.o
                0x00012288                Astar_Map_Init
 .text.Astar_Get_Map
                0x00012388        0x8 ./Pathfinding/Astar/Astar.o
                0x00012388                Astar_Get_Map
 .text.Astar_Get_Vector_Map
                0x00012390        0x8 ./Pathfinding/Astar/Astar.o
                0x00012390                Astar_Get_Vector_Map
 .text.Astar_Find_Best_Node_To_Compute
                0x00012398       0x8c ./Pathfinding/Astar/Astar.o
                0x00012398                Astar_Find_Best_Node_To_Compute
 .text.Astar_Compute_Node
                0x00012424       0xb4 ./Pathfinding/Astar/Astar.o
                0x00012424                Astar_Compute_Node
 .text.Astar_Compute_Surronding_Nodes
                0x000124d8      0x232 ./Pathfinding/Astar/Astar.o
                0x000124d8                Astar_Compute_Surronding_Nodes
 .text.Dijkstra_intersect_segment
                0x0001270a      0x2a2 ./Pathfinding/Astar/Astar.o
                0x0001270a                Dijkstra_intersect_segment
 .text.Dijkstra_Intersect_Any_Segment
                0x000129ac       0x42 ./Pathfinding/Astar/Astar.o
                0x000129ac                Dijkstra_Intersect_Any_Segment
 .text.Astar_Smoothing
                0x000129ee       0x7a ./Pathfinding/Astar/Astar.o
                0x000129ee                Astar_Smoothing
 .text.Astar_Generate_Trajectory
                0x00012a68       0x90 ./Pathfinding/Astar/Astar.o
                0x00012a68                Astar_Generate_Trajectory
 .text.Astar_Find_Path
                0x00012af8       0xe0 ./Pathfinding/Astar/Astar.o
                0x00012af8                Astar_Find_Path
 .text.Astar_Debug_Display_Map
                0x00012bd8        0x2 ./Pathfinding/Astar/Astar.o
                0x00012bd8                Astar_Debug_Display_Map
 .text.Astar_Add_Obstacle_Vector
                0x00012bda       0x8c ./Pathfinding/Astar/Astar.o
                0x00012bda                Astar_Add_Obstacle_Vector
 .text.Astar_Add_Rectangular_Obstacle
                0x00012c66       0xb6 ./Pathfinding/Astar/Astar.o
                0x00012c66                Astar_Add_Rectangular_Obstacle
 .text._0_RS485_Master_Mode
                0x00012d1c       0x16 ./Communication/RS485/0_RS485.o
                0x00012d1c                _0_RS485_Master_Mode
 .text._0_RS485_Slave_Mode
                0x00012d32       0x16 ./Communication/RS485/0_RS485.o
                0x00012d32                _0_RS485_Slave_Mode
 .text._0_RS485_Init
                0x00012d48       0x54 ./Communication/RS485/0_RS485.o
                0x00012d48                _0_RS485_Init
 .text._0_Communication_Send_RS485
                0x00012d9c       0x6a ./Communication/0_Communication.o
                0x00012d9c                _0_Communication_Send_RS485
 .text.Chip_UART_SendByte
                0x00012e06        0x4 ./Communication/0_Communication.o
 .text.Chip_UART_ReadLineStatus
                0x00012e0a        0x4 ./Communication/0_Communication.o
 *fill*         0x00012e0e        0x2 ff
 .text._0_Communication_Init_RS485
                0x00012e10       0xa0 ./Communication/0_Communication.o
                0x00012e10                _0_Communication_Init_RS485
 .text._0_Communication_Init
                0x00012eb0       0x58 ./Communication/0_Communication.o
                0x00012eb0                _0_Communication_Init
 .text.UART1_IRQHandler
                0x00012f08       0x9c ./Communication/0_Communication.o
                0x00012f08                UART1_IRQHandler
 .text.USB_IRQHandler
                0x00012fa4       0x18 ./Communication/0_Communication.o
                0x00012fa4                USB_IRQHandler
 .text._0_Communication_Send_Data
                0x00012fbc       0x64 ./Communication/0_Communication.o
                0x00012fbc                _0_Communication_Send_Data
 .text._0_Communication_Init_Event_Group
                0x00013020       0x10 ./Communication/0_Event_Group.o
                0x00013020                _0_Communication_Init_Event_Group
 .text._1_Communication_Create_Trame_From_Buffer
                0x00013030      0x2d4 ./Communication/1_Trame_Communication.o
                0x00013030                _1_Communication_Create_Trame_From_Buffer
 .text._1_Communication_Check_Rx_Adresse
                0x00013304       0x24 ./Communication/1_Trame_Communication.o
                0x00013304                _1_Communication_Check_Rx_Adresse
 .text._1_Communication_Recomposition_Rx
                0x00013328       0x64 ./Communication/1_Trame_Communication.o
                0x00013328                _1_Communication_Recomposition_Rx
 .text._1_Communication_Create_Queues_Semaphores
                0x0001338c       0x30 ./Communication/1_Trame_Communication.o
                0x0001338c                _1_Communication_Create_Queues_Semaphores
 .text._1_Communication_Init
                0x000133bc       0x30 ./Communication/1_Trame_Communication.o
                0x000133bc                _1_Communication_Init
 .text._1_Communication_Wait_To_Send
                0x000133ec       0x20 ./Communication/1_Trame_Communication.o
                0x000133ec                _1_Communication_Wait_To_Send
 .text._1_Communication_Free_Send_Bit
                0x0001340c       0x10 ./Communication/1_Trame_Communication.o
                0x0001340c                _1_Communication_Free_Send_Bit
 .text._1_Communication_Wait_To_Receive
                0x0001341c       0x20 ./Communication/1_Trame_Communication.o
                0x0001341c                _1_Communication_Wait_To_Receive
 .text._1_Communication_Free_Receive_Bit
                0x0001343c       0x10 ./Communication/1_Trame_Communication.o
                0x0001343c                _1_Communication_Free_Receive_Bit
 .text._1_Communication_Create_Trame
                0x0001344c       0xa0 ./Communication/1_Trame_Communication.o
                0x0001344c                _1_Communication_Create_Trame
 .text._2_Communication_Init
                0x000134ec       0x10 ./Communication/2_Echange_Datas.o
                0x000134ec                _2_Communication_Init
 .text._2_Comm_Send_Demande_Info
                0x000134fc       0x34 ./Communication/2_Echange_Datas.o
                0x000134fc                _2_Comm_Send_Demande_Info
 .text._2_Comm_Send_PING
                0x00013530       0x34 ./Communication/2_Echange_Datas.o
                0x00013530                _2_Comm_Send_PING
 .text._2_Comm_Send_Log_Message
                0x00013564      0x104 ./Communication/2_Echange_Datas.o
                0x00013564                _2_Comm_Send_Log_Message
 .text._2_Comm_Send_Destination_Robot
                0x00013668       0x8c ./Communication/2_Echange_Datas.o
                0x00013668                _2_Comm_Send_Destination_Robot
 .text._2_Comm_Send_PONG
                0x000136f4       0x6c ./Communication/2_Echange_Datas.o
                0x000136f4                _2_Comm_Send_PONG
 .text._2_Communication_Boards_Status
                0x00013760       0x38 ./Communication/2_Echange_Datas.o
                0x00013760                _2_Communication_Boards_Status
 .text._2_Communication_RX_Lectures_Messages
                0x00013798       0x98 ./Communication/2_Echange_Datas_Reception.o
                0x00013798                _2_Communication_RX_Lectures_Messages
 .text._2_Communication_RX_Init
                0x00013830       0x2c ./Communication/2_Echange_Datas_Reception.o
                0x00013830                _2_Communication_RX_Init
 .text.SystemCoreClockUpdate
                0x0001385c       0x10 D:\Developpement_Robot\Robotic-System.git\trunk\Workspaces\MultiWorkSpaces_2021\0_lpc_chip_175x_6x\Release\lib0_lpc_chip_175x_6x.a(chip_17xx_40xx.o)
                0x0001385c                SystemCoreClockUpdate
 .text.Chip_Clock_EnablePLL
                0x0001386c       0x24 D:\Developpement_Robot\Robotic-System.git\trunk\Workspaces\MultiWorkSpaces_2021\0_lpc_chip_175x_6x\Release\lib0_lpc_chip_175x_6x.a(clock_17xx_40xx.o)
                0x0001386c                Chip_Clock_EnablePLL
 .text.Chip_Clock_DisablePLL
                0x00013890       0x26 D:\Developpement_Robot\Robotic-System.git\trunk\Workspaces\MultiWorkSpaces_2021\0_lpc_chip_175x_6x\Release\lib0_lpc_chip_175x_6x.a(clock_17xx_40xx.o)
                0x00013890                Chip_Clock_DisablePLL
 .text.Chip_Clock_SetupPLL
                0x000138b6       0x30 D:\Developpement_Robot\Robotic-System.git\trunk\Workspaces\MultiWorkSpaces_2021\0_lpc_chip_175x_6x\Release\lib0_lpc_chip_175x_6x.a(clock_17xx_40xx.o)
                0x000138b6                Chip_Clock_SetupPLL
 *fill*         0x000138e6        0x2 ff
 .text.Chip_Clock_EnablePeriphClock
                0x000138e8       0x18 D:\Developpement_Robot\Robotic-System.git\trunk\Workspaces\MultiWorkSpaces_2021\0_lpc_chip_175x_6x\Release\lib0_lpc_chip_175x_6x.a(clock_17xx_40xx.o)
                0x000138e8                Chip_Clock_EnablePeriphClock
 .text.Chip_Clock_GetCPUClockSource
                0x00013900       0x10 D:\Developpement_Robot\Robotic-System.git\trunk\Workspaces\MultiWorkSpaces_2021\0_lpc_chip_175x_6x\Release\lib0_lpc_chip_175x_6x.a(clock_17xx_40xx.o)
                0x00013900                Chip_Clock_GetCPUClockSource
 .text.Chip_Clock_SetCPUClockDiv
                0x00013910        0xc D:\Developpement_Robot\Robotic-System.git\trunk\Workspaces\MultiWorkSpaces_2021\0_lpc_chip_175x_6x\Release\lib0_lpc_chip_175x_6x.a(clock_17xx_40xx.o)
                0x00013910                Chip_Clock_SetCPUClockDiv
 .text.Chip_Clock_GetCPUClockDiv
                0x0001391c       0x10 D:\Developpement_Robot\Robotic-System.git\trunk\Workspaces\MultiWorkSpaces_2021\0_lpc_chip_175x_6x\Release\lib0_lpc_chip_175x_6x.a(clock_17xx_40xx.o)
                0x0001391c                Chip_Clock_GetCPUClockDiv
 .text.Chip_Clock_GetPCLKDiv
                0x0001392c       0x38 D:\Developpement_Robot\Robotic-System.git\trunk\Workspaces\MultiWorkSpaces_2021\0_lpc_chip_175x_6x\Release\lib0_lpc_chip_175x_6x.a(clock_17xx_40xx.o)
                0x0001392c                Chip_Clock_GetPCLKDiv
 .text.Chip_Clock_GetSYSCLKRate
                0x00013964       0x38 D:\Developpement_Robot\Robotic-System.git\trunk\Workspaces\MultiWorkSpaces_2021\0_lpc_chip_175x_6x\Release\lib0_lpc_chip_175x_6x.a(clock_17xx_40xx.o)
                0x00013964                Chip_Clock_GetSYSCLKRate
 .text.Chip_Clock_GetMainPLLOutClockRate
                0x0001399c       0x34 D:\Developpement_Robot\Robotic-System.git\trunk\Workspaces\MultiWorkSpaces_2021\0_lpc_chip_175x_6x\Release\lib0_lpc_chip_175x_6x.a(clock_17xx_40xx.o)
                0x0001399c                Chip_Clock_GetMainPLLOutClockRate
 .text.Chip_Clock_GetMainClockRate
                0x000139d0       0x20 D:\Developpement_Robot\Robotic-System.git\trunk\Workspaces\MultiWorkSpaces_2021\0_lpc_chip_175x_6x\Release\lib0_lpc_chip_175x_6x.a(clock_17xx_40xx.o)
                0x000139d0                Chip_Clock_GetMainClockRate
 .text.Chip_Clock_GetSystemClockRate
                0x000139f0       0x12 D:\Developpement_Robot\Robotic-System.git\trunk\Workspaces\MultiWorkSpaces_2021\0_lpc_chip_175x_6x\Release\lib0_lpc_chip_175x_6x.a(clock_17xx_40xx.o)
                0x000139f0                Chip_Clock_GetSystemClockRate
 .text.Chip_Clock_GetPeripheralClockRate
                0x00013a02       0x16 D:\Developpement_Robot\Robotic-System.git\trunk\Workspaces\MultiWorkSpaces_2021\0_lpc_chip_175x_6x\Release\lib0_lpc_chip_175x_6x.a(clock_17xx_40xx.o)
                0x00013a02                Chip_Clock_GetPeripheralClockRate
 .text.RingBuffer_Init
                0x00013a18       0x10 D:\Developpement_Robot\Robotic-System.git\trunk\Workspaces\MultiWorkSpaces_2021\0_lpc_chip_175x_6x\Release\lib0_lpc_chip_175x_6x.a(ring_buffer.o)
                0x00013a18                RingBuffer_Init
 .text.RingBuffer_Insert
                0x00013a28       0x30 D:\Developpement_Robot\Robotic-System.git\trunk\Workspaces\MultiWorkSpaces_2021\0_lpc_chip_175x_6x\Release\lib0_lpc_chip_175x_6x.a(ring_buffer.o)
                0x00013a28                RingBuffer_Insert
 .text.RingBuffer_InsertMult
                0x00013a58       0x8c D:\Developpement_Robot\Robotic-System.git\trunk\Workspaces\MultiWorkSpaces_2021\0_lpc_chip_175x_6x\Release\lib0_lpc_chip_175x_6x.a(ring_buffer.o)
                0x00013a58                RingBuffer_InsertMult
 .text.RingBuffer_Pop
                0x00013ae4       0x30 D:\Developpement_Robot\Robotic-System.git\trunk\Workspaces\MultiWorkSpaces_2021\0_lpc_chip_175x_6x\Release\lib0_lpc_chip_175x_6x.a(ring_buffer.o)
                0x00013ae4                RingBuffer_Pop
 .text.RingBuffer_PopMult
                0x00013b14       0x7e D:\Developpement_Robot\Robotic-System.git\trunk\Workspaces\MultiWorkSpaces_2021\0_lpc_chip_175x_6x\Release\lib0_lpc_chip_175x_6x.a(ring_buffer.o)
                0x00013b14                RingBuffer_PopMult
 .text.RingBuffer_Count
                0x00013b92        0x8 D:\Developpement_Robot\Robotic-System.git\trunk\Workspaces\MultiWorkSpaces_2021\0_lpc_chip_175x_6x\Release\lib0_lpc_chip_175x_6x.a(ring_buffer.o)
                0x00013b92                RingBuffer_Count
 *fill*         0x00013b9a        0x2 ff
 .text.Chip_SetupIrcClocking
                0x00013b9c       0x64 D:\Developpement_Robot\Robotic-System.git\trunk\Workspaces\MultiWorkSpaces_2021\0_lpc_chip_175x_6x\Release\lib0_lpc_chip_175x_6x.a(sysinit_17xx_40xx.o)
                0x00013b9c                Chip_SetupIrcClocking
 .text.Chip_SetupXtalClocking
                0x00013c00       0xdc D:\Developpement_Robot\Robotic-System.git\trunk\Workspaces\MultiWorkSpaces_2021\0_lpc_chip_175x_6x\Release\lib0_lpc_chip_175x_6x.a(sysinit_17xx_40xx.o)
                0x00013c00                Chip_SetupXtalClocking
 .text.Chip_SystemInit
                0x00013cdc        0x4 D:\Developpement_Robot\Robotic-System.git\trunk\Workspaces\MultiWorkSpaces_2021\0_lpc_chip_175x_6x\Release\lib0_lpc_chip_175x_6x.a(sysinit_17xx_40xx.o)
                0x00013cdc                Chip_SystemInit
 .text.Chip_TIMER_Init
                0x00013ce0       0x2c D:\Developpement_Robot\Robotic-System.git\trunk\Workspaces\MultiWorkSpaces_2021\0_lpc_chip_175x_6x\Release\lib0_lpc_chip_175x_6x.a(timer_17xx_40xx.o)
                0x00013ce0                Chip_TIMER_Init
 .text.Chip_UART_Init
                0x00013d0c       0x58 D:\Developpement_Robot\Robotic-System.git\trunk\Workspaces\MultiWorkSpaces_2021\0_lpc_chip_175x_6x\Release\lib0_lpc_chip_175x_6x.a(uart_17xx_40xx.o)
                0x00013d0c                Chip_UART_Init
 .text.Chip_UART_TXEnable
                0x00013d64        0x6 D:\Developpement_Robot\Robotic-System.git\trunk\Workspaces\MultiWorkSpaces_2021\0_lpc_chip_175x_6x\Release\lib0_lpc_chip_175x_6x.a(uart_17xx_40xx.o)
                0x00013d64                Chip_UART_TXEnable
 *fill*         0x00013d6a        0x2 ff
 .text.Chip_UART_SetBaud
                0x00013d6c       0x58 D:\Developpement_Robot\Robotic-System.git\trunk\Workspaces\MultiWorkSpaces_2021\0_lpc_chip_175x_6x\Release\lib0_lpc_chip_175x_6x.a(uart_17xx_40xx.o)
                0x00013d6c                Chip_UART_SetBaud
 .text.Chip_UART_RXIntHandlerRB
                0x00013dc4       0x22 D:\Developpement_Robot\Robotic-System.git\trunk\Workspaces\MultiWorkSpaces_2021\0_lpc_chip_175x_6x\Release\lib0_lpc_chip_175x_6x.a(uart_17xx_40xx.o)
                0x00013dc4                Chip_UART_RXIntHandlerRB
 .text.Chip_UART_TXIntHandlerRB
                0x00013de6       0x24 D:\Developpement_Robot\Robotic-System.git\trunk\Workspaces\MultiWorkSpaces_2021\0_lpc_chip_175x_6x\Release\lib0_lpc_chip_175x_6x.a(uart_17xx_40xx.o)
                0x00013de6                Chip_UART_TXIntHandlerRB
 *fill*         0x00013e0a        0x2 ff
 .text.Chip_UART_IRQRBHandler
                0x00013e0c       0x68 D:\Developpement_Robot\Robotic-System.git\trunk\Workspaces\MultiWorkSpaces_2021\0_lpc_chip_175x_6x\Release\lib0_lpc_chip_175x_6x.a(uart_17xx_40xx.o)
                0x00013e0c                Chip_UART_IRQRBHandler
 .text.Set_Clock_in
                0x00013e74        0xc D:\Developpement_Robot\Robotic-System.git\trunk\Workspaces\MultiWorkSpaces_2021\0_lpc_board_nxp_lpcxpresso_1769\Release\lib0_lpc_board_nxp_lpcxpresso_1769.a(board.o)
                0x00013e74                Set_Clock_in
 .text.Board_Init
                0x00013e80       0x12 D:\Developpement_Robot\Robotic-System.git\trunk\Workspaces\MultiWorkSpaces_2021\0_lpc_board_nxp_lpcxpresso_1769\Release\lib0_lpc_board_nxp_lpcxpresso_1769.a(board.o)
                0x00013e80                Board_Init
 .text.EPAdr    0x00013e92       0x10 D:\Developpement_Robot\Robotic-System.git\trunk\Workspaces\MultiWorkSpaces_2021\0_lpc_chip_175x_6x\libs\libusbd_175x_6x_lib.a(hw_usbd_ip3503.o)
                0x00013e92                EPAdr
 .text.hwWrCmd  0x00013ea2       0x10 D:\Developpement_Robot\Robotic-System.git\trunk\Workspaces\MultiWorkSpaces_2021\0_lpc_chip_175x_6x\libs\libusbd_175x_6x_lib.a(hw_usbd_ip3503.o)
                0x00013ea2                hwWrCmd
 .text.hwWrCmdDat
                0x00013eb2       0x16 D:\Developpement_Robot\Robotic-System.git\trunk\Workspaces\MultiWorkSpaces_2021\0_lpc_chip_175x_6x\libs\libusbd_175x_6x_lib.a(hw_usbd_ip3503.o)
                0x00013eb2                hwWrCmdDat
 .text.hwWrCmdEP
                0x00013ec8       0x24 D:\Developpement_Robot\Robotic-System.git\trunk\Workspaces\MultiWorkSpaces_2021\0_lpc_chip_175x_6x\libs\libusbd_175x_6x_lib.a(hw_usbd_ip3503.o)
                0x00013ec8                hwWrCmdEP
 .text.hwRdCmdDat
                0x00013eec       0x12 D:\Developpement_Robot\Robotic-System.git\trunk\Workspaces\MultiWorkSpaces_2021\0_lpc_chip_175x_6x\libs\libusbd_175x_6x_lib.a(hw_usbd_ip3503.o)
                0x00013eec                hwRdCmdDat
 .text.hwUSB_GetMemSize
                0x00013efe        0x6 D:\Developpement_Robot\Robotic-System.git\trunk\Workspaces\MultiWorkSpaces_2021\0_lpc_chip_175x_6x\libs\libusbd_175x_6x_lib.a(hw_usbd_ip3503.o)
                0x00013efe                hwUSB_GetMemSize
 .text.hwUSB_Connect
                0x00013f04       0x1c D:\Developpement_Robot\Robotic-System.git\trunk\Workspaces\MultiWorkSpaces_2021\0_lpc_chip_175x_6x\libs\libusbd_175x_6x_lib.a(hw_usbd_ip3503.o)
                0x00013f04                hwUSB_Connect
 .text.hwUSB_Reset
                0x00013f20       0x30 D:\Developpement_Robot\Robotic-System.git\trunk\Workspaces\MultiWorkSpaces_2021\0_lpc_chip_175x_6x\libs\libusbd_175x_6x_lib.a(hw_usbd_ip3503.o)
                0x00013f20                hwUSB_Reset
 .text.hwUSB_WakeUp
                0x00013f50       0x20 D:\Developpement_Robot\Robotic-System.git\trunk\Workspaces\MultiWorkSpaces_2021\0_lpc_chip_175x_6x\libs\libusbd_175x_6x_lib.a(hw_usbd_ip3503.o)
                0x00013f50                hwUSB_WakeUp
 .text.hwUSB_WakeUpCfg
                0x00013f70        0x2 D:\Developpement_Robot\Robotic-System.git\trunk\Workspaces\MultiWorkSpaces_2021\0_lpc_chip_175x_6x\libs\libusbd_175x_6x_lib.a(hw_usbd_ip3503.o)
                0x00013f70                hwUSB_WakeUpCfg
 *fill*         0x00013f72        0x2 ff
 .text.hwUSB_SetAddress
                0x00013f74       0x30 D:\Developpement_Robot\Robotic-System.git\trunk\Workspaces\MultiWorkSpaces_2021\0_lpc_chip_175x_6x\libs\libusbd_175x_6x_lib.a(hw_usbd_ip3503.o)
                0x00013f74                hwUSB_SetAddress
 .text.hwUSB_Init
                0x00013fa4       0x84 D:\Developpement_Robot\Robotic-System.git\trunk\Workspaces\MultiWorkSpaces_2021\0_lpc_chip_175x_6x\libs\libusbd_175x_6x_lib.a(hw_usbd_ip3503.o)
                0x00013fa4                hwUSB_Init
 .text.hwUSB_Configure
                0x00014028       0x34 D:\Developpement_Robot\Robotic-System.git\trunk\Workspaces\MultiWorkSpaces_2021\0_lpc_chip_175x_6x\libs\libusbd_175x_6x_lib.a(hw_usbd_ip3503.o)
                0x00014028                hwUSB_Configure
 .text.hwUSB_ConfigEP
                0x0001405c       0x32 D:\Developpement_Robot\Robotic-System.git\trunk\Workspaces\MultiWorkSpaces_2021\0_lpc_chip_175x_6x\libs\libusbd_175x_6x_lib.a(hw_usbd_ip3503.o)
                0x0001405c                hwUSB_ConfigEP
 .text.hwUSB_DirCtrlEP
                0x0001408e        0x2 D:\Developpement_Robot\Robotic-System.git\trunk\Workspaces\MultiWorkSpaces_2021\0_lpc_chip_175x_6x\libs\libusbd_175x_6x_lib.a(hw_usbd_ip3503.o)
                0x0001408e                hwUSB_DirCtrlEP
 .text.hwUSB_EnableEP
                0x00014090       0x24 D:\Developpement_Robot\Robotic-System.git\trunk\Workspaces\MultiWorkSpaces_2021\0_lpc_chip_175x_6x\libs\libusbd_175x_6x_lib.a(hw_usbd_ip3503.o)
                0x00014090                hwUSB_EnableEP
 .text.hwUSB_DisableEP
                0x000140b4       0x28 D:\Developpement_Robot\Robotic-System.git\trunk\Workspaces\MultiWorkSpaces_2021\0_lpc_chip_175x_6x\libs\libusbd_175x_6x_lib.a(hw_usbd_ip3503.o)
                0x000140b4                hwUSB_DisableEP
 .text.hwUSB_ResetEP
                0x000140dc       0x24 D:\Developpement_Robot\Robotic-System.git\trunk\Workspaces\MultiWorkSpaces_2021\0_lpc_chip_175x_6x\libs\libusbd_175x_6x_lib.a(hw_usbd_ip3503.o)
                0x000140dc                hwUSB_ResetEP
 .text.hwUSB_SetStallEP
                0x00014100       0x28 D:\Developpement_Robot\Robotic-System.git\trunk\Workspaces\MultiWorkSpaces_2021\0_lpc_chip_175x_6x\libs\libusbd_175x_6x_lib.a(hw_usbd_ip3503.o)
                0x00014100                hwUSB_SetStallEP
 .text.hwUSB_ClrStallEP
                0x00014128       0x24 D:\Developpement_Robot\Robotic-System.git\trunk\Workspaces\MultiWorkSpaces_2021\0_lpc_chip_175x_6x\libs\libusbd_175x_6x_lib.a(hw_usbd_ip3503.o)
                0x00014128                hwUSB_ClrStallEP
 .text.hwUSB_EnableEvent
                0x0001414c       0xd8 D:\Developpement_Robot\Robotic-System.git\trunk\Workspaces\MultiWorkSpaces_2021\0_lpc_chip_175x_6x\libs\libusbd_175x_6x_lib.a(hw_usbd_ip3503.o)
                0x0001414c                hwUSB_EnableEvent
 .text.hwUSB_ReadEP
                0x00014224       0x80 D:\Developpement_Robot\Robotic-System.git\trunk\Workspaces\MultiWorkSpaces_2021\0_lpc_chip_175x_6x\libs\libusbd_175x_6x_lib.a(hw_usbd_ip3503.o)
                0x00014224                hwUSB_ReadEP
 .text.hwUSB_ForceFullSpeed
                0x000142a4        0x2 D:\Developpement_Robot\Robotic-System.git\trunk\Workspaces\MultiWorkSpaces_2021\0_lpc_chip_175x_6x\libs\libusbd_175x_6x_lib.a(hw_usbd_ip3503.o)
                0x000142a4                hwUSB_ForceFullSpeed
 .text.hwUSB_SetTestMode
                0x000142a6        0x4 D:\Developpement_Robot\Robotic-System.git\trunk\Workspaces\MultiWorkSpaces_2021\0_lpc_chip_175x_6x\libs\libusbd_175x_6x_lib.a(hw_usbd_ip3503.o)
                0x000142a6                hwUSB_SetTestMode
 .text.hwUSB_ReadReqEP
                0x000142aa        0x4 D:\Developpement_Robot\Robotic-System.git\trunk\Workspaces\MultiWorkSpaces_2021\0_lpc_chip_175x_6x\libs\libusbd_175x_6x_lib.a(hw_usbd_ip3503.o)
                0x000142aa                hwUSB_ReadReqEP
 .text.hwUSB_ReadSetupPkt
                0x000142ae        0x4 D:\Developpement_Robot\Robotic-System.git\trunk\Workspaces\MultiWorkSpaces_2021\0_lpc_chip_175x_6x\libs\libusbd_175x_6x_lib.a(hw_usbd_ip3503.o)
                0x000142ae                hwUSB_ReadSetupPkt
 *fill*         0x000142b2        0x2 ff
 .text.hwUSB_WriteEP
                0x000142b4       0x44 D:\Developpement_Robot\Robotic-System.git\trunk\Workspaces\MultiWorkSpaces_2021\0_lpc_chip_175x_6x\libs\libusbd_175x_6x_lib.a(hw_usbd_ip3503.o)
                0x000142b4                hwUSB_WriteEP
 .text.hwUSB_ISR
                0x000142f8      0x1a0 D:\Developpement_Robot\Robotic-System.git\trunk\Workspaces\MultiWorkSpaces_2021\0_lpc_chip_175x_6x\libs\libusbd_175x_6x_lib.a(hw_usbd_ip3503.o)
                0x000142f8                hwUSB_ISR
 .text.mwCDC_SetRequest
                0x00014498       0x7c D:\Developpement_Robot\Robotic-System.git\trunk\Workspaces\MultiWorkSpaces_2021\0_lpc_chip_175x_6x\libs\libusbd_175x_6x_lib.a(mw_usbd_cdcuser.o)
                0x00014498                mwCDC_SetRequest
 .text.mwCDC_ep0_hdlr
                0x00014514       0xb0 D:\Developpement_Robot\Robotic-System.git\trunk\Workspaces\MultiWorkSpaces_2021\0_lpc_chip_175x_6x\libs\libusbd_175x_6x_lib.a(mw_usbd_cdcuser.o)
                0x00014514                mwCDC_ep0_hdlr
 .text.mwCDC_GetRequest
                0x000145c4       0x50 D:\Developpement_Robot\Robotic-System.git\trunk\Workspaces\MultiWorkSpaces_2021\0_lpc_chip_175x_6x\libs\libusbd_175x_6x_lib.a(mw_usbd_cdcuser.o)
                0x000145c4                mwCDC_GetRequest
 .text.mwCDC_SendNotification
                0x00014614       0x50 D:\Developpement_Robot\Robotic-System.git\trunk\Workspaces\MultiWorkSpaces_2021\0_lpc_chip_175x_6x\libs\libusbd_175x_6x_lib.a(mw_usbd_cdcuser.o)
                0x00014614                mwCDC_SendNotification
 .text.mwCDC_GetMemSize
                0x00014664        0x4 D:\Developpement_Robot\Robotic-System.git\trunk\Workspaces\MultiWorkSpaces_2021\0_lpc_chip_175x_6x\libs\libusbd_175x_6x_lib.a(mw_usbd_cdcuser.o)
                0x00014664                mwCDC_GetMemSize
 .text.mwCDC_init
                0x00014668      0x140 D:\Developpement_Robot\Robotic-System.git\trunk\Workspaces\MultiWorkSpaces_2021\0_lpc_chip_175x_6x\libs\libusbd_175x_6x_lib.a(mw_usbd_cdcuser.o)
                0x00014668                mwCDC_init
 .text.USB_ReqGetConfiguration
                0x000147a8       0x20 D:\Developpement_Robot\Robotic-System.git\trunk\Workspaces\MultiWorkSpaces_2021\0_lpc_chip_175x_6x\libs\libusbd_175x_6x_lib.a(mw_usbd_core.o)
                0x000147a8                USB_ReqGetConfiguration
 .text.USBD_virt_to_phys
                0x000147c8        0x2 D:\Developpement_Robot\Robotic-System.git\trunk\Workspaces\MultiWorkSpaces_2021\0_lpc_chip_175x_6x\libs\libusbd_175x_6x_lib.a(mw_usbd_core.o)
                0x000147c8                USBD_virt_to_phys
 .text.USBD_cache_flush
                0x000147ca        0x2 D:\Developpement_Robot\Robotic-System.git\trunk\Workspaces\MultiWorkSpaces_2021\0_lpc_chip_175x_6x\libs\libusbd_175x_6x_lib.a(mw_usbd_core.o)
                0x000147ca                USBD_cache_flush
 .text.USB_ReqGetStatus
                0x000147cc       0x8c D:\Developpement_Robot\Robotic-System.git\trunk\Workspaces\MultiWorkSpaces_2021\0_lpc_chip_175x_6x\libs\libusbd_175x_6x_lib.a(mw_usbd_core.o)
                0x000147cc                USB_ReqGetStatus
 .text.USB_ReqGetDescriptor
                0x00014858       0x84 D:\Developpement_Robot\Robotic-System.git\trunk\Workspaces\MultiWorkSpaces_2021\0_lpc_chip_175x_6x\libs\libusbd_175x_6x_lib.a(mw_usbd_core.o)
                0x00014858                USB_ReqGetDescriptor
 .text.USB_ReqGetInterface
                0x000148dc       0x34 D:\Developpement_Robot\Robotic-System.git\trunk\Workspaces\MultiWorkSpaces_2021\0_lpc_chip_175x_6x\libs\libusbd_175x_6x_lib.a(mw_usbd_core.o)
                0x000148dc                USB_ReqGetInterface
 .text.USB_ReqSetClrFeature
                0x00014910       0xb4 D:\Developpement_Robot\Robotic-System.git\trunk\Workspaces\MultiWorkSpaces_2021\0_lpc_chip_175x_6x\libs\libusbd_175x_6x_lib.a(mw_usbd_core.o)
                0x00014910                USB_ReqSetClrFeature
 .text.USB_ReqSetConfiguration
                0x000149c4      0x194 D:\Developpement_Robot\Robotic-System.git\trunk\Workspaces\MultiWorkSpaces_2021\0_lpc_chip_175x_6x\libs\libusbd_175x_6x_lib.a(mw_usbd_core.o)
                0x000149c4                USB_ReqSetConfiguration
 .text.USB_ReqSetInterface
                0x00014b58      0x144 D:\Developpement_Robot\Robotic-System.git\trunk\Workspaces\MultiWorkSpaces_2021\0_lpc_chip_175x_6x\libs\libusbd_175x_6x_lib.a(mw_usbd_core.o)
                0x00014b58                USB_ReqSetInterface
 .text.mwUSB_SetupStage
                0x00014c9c        0xa D:\Developpement_Robot\Robotic-System.git\trunk\Workspaces\MultiWorkSpaces_2021\0_lpc_chip_175x_6x\libs\libusbd_175x_6x_lib.a(mw_usbd_core.o)
                0x00014c9c                mwUSB_SetupStage
 .text.mwUSB_DataInStage
                0x00014ca6       0x2e D:\Developpement_Robot\Robotic-System.git\trunk\Workspaces\MultiWorkSpaces_2021\0_lpc_chip_175x_6x\libs\libusbd_175x_6x_lib.a(mw_usbd_core.o)
                0x00014ca6                mwUSB_DataInStage
 .text.mwUSB_DataOutStage
                0x00014cd4       0x24 D:\Developpement_Robot\Robotic-System.git\trunk\Workspaces\MultiWorkSpaces_2021\0_lpc_chip_175x_6x\libs\libusbd_175x_6x_lib.a(mw_usbd_core.o)
                0x00014cd4                mwUSB_DataOutStage
 .text.mwUSB_StatusInStage
                0x00014cf8        0xa D:\Developpement_Robot\Robotic-System.git\trunk\Workspaces\MultiWorkSpaces_2021\0_lpc_chip_175x_6x\libs\libusbd_175x_6x_lib.a(mw_usbd_core.o)
                0x00014cf8                mwUSB_StatusInStage
 .text.mwUSB_StatusOutStage
                0x00014d02        0xa D:\Developpement_Robot\Robotic-System.git\trunk\Workspaces\MultiWorkSpaces_2021\0_lpc_chip_175x_6x\libs\libusbd_175x_6x_lib.a(mw_usbd_core.o)
                0x00014d02                mwUSB_StatusOutStage
 .text.mwUSB_StallEp0
                0x00014d0c       0x12 D:\Developpement_Robot\Robotic-System.git\trunk\Workspaces\MultiWorkSpaces_2021\0_lpc_chip_175x_6x\libs\libusbd_175x_6x_lib.a(mw_usbd_core.o)
                0x00014d0c                mwUSB_StallEp0
 *fill*         0x00014d1e        0x2 ff
 .text.USB_ReqSetAddress
                0x00014d20       0x24 D:\Developpement_Robot\Robotic-System.git\trunk\Workspaces\MultiWorkSpaces_2021\0_lpc_chip_175x_6x\libs\libusbd_175x_6x_lib.a(mw_usbd_core.o)
                0x00014d20                USB_ReqSetAddress
 .text.USB_InvokeEp0Hdlrs
                0x00014d44       0x44 D:\Developpement_Robot\Robotic-System.git\trunk\Workspaces\MultiWorkSpaces_2021\0_lpc_chip_175x_6x\libs\libusbd_175x_6x_lib.a(mw_usbd_core.o)
                0x00014d44                USB_InvokeEp0Hdlrs
 .text.mwUSB_ResetCore
                0x00014d88       0x26 D:\Developpement_Robot\Robotic-System.git\trunk\Workspaces\MultiWorkSpaces_2021\0_lpc_chip_175x_6x\libs\libusbd_175x_6x_lib.a(mw_usbd_core.o)
                0x00014d88                mwUSB_ResetCore
 *fill*         0x00014dae        0x2 ff
 .text.USB_EvtSetupHandler
                0x00014db0      0x108 D:\Developpement_Robot\Robotic-System.git\trunk\Workspaces\MultiWorkSpaces_2021\0_lpc_chip_175x_6x\libs\libusbd_175x_6x_lib.a(mw_usbd_core.o)
                0x00014db0                USB_EvtSetupHandler
 .text.USB_EvtOutHandler
                0x00014eb8       0x68 D:\Developpement_Robot\Robotic-System.git\trunk\Workspaces\MultiWorkSpaces_2021\0_lpc_chip_175x_6x\libs\libusbd_175x_6x_lib.a(mw_usbd_core.o)
                0x00014eb8                USB_EvtOutHandler
 .text.USB_EndPoint0
                0x00014f20       0x94 D:\Developpement_Robot\Robotic-System.git\trunk\Workspaces\MultiWorkSpaces_2021\0_lpc_chip_175x_6x\libs\libusbd_175x_6x_lib.a(mw_usbd_core.o)
                0x00014f20                USB_EndPoint0
 .text.mwUSB_InitCore
                0x00014fb4       0xdc D:\Developpement_Robot\Robotic-System.git\trunk\Workspaces\MultiWorkSpaces_2021\0_lpc_chip_175x_6x\libs\libusbd_175x_6x_lib.a(mw_usbd_core.o)
                0x00014fb4                mwUSB_InitCore
 .text.mwUSB_RegisterClassHandler
                0x00015090       0x28 D:\Developpement_Robot\Robotic-System.git\trunk\Workspaces\MultiWorkSpaces_2021\0_lpc_chip_175x_6x\libs\libusbd_175x_6x_lib.a(mw_usbd_core.o)
                0x00015090                mwUSB_RegisterClassHandler
 .text.mwUSB_RegisterEpHandler
                0x000150b8       0x24 D:\Developpement_Robot\Robotic-System.git\trunk\Workspaces\MultiWorkSpaces_2021\0_lpc_chip_175x_6x\libs\libusbd_175x_6x_lib.a(mw_usbd_core.o)
                0x000150b8                mwUSB_RegisterEpHandler
 .text          0x000150dc      0x21c c:/nxp/mcuxpressoide_11.2.1_4149/ide/plugins/com.nxp.mcuxpresso.tools.win32_11.2.0.202008311134/tools/bin/../lib/gcc/arm-none-eabi/9.2.1/thumb/v7-m/nofp\libgcc.a(_arm_addsubsf3.o)
                0x000150dc                __aeabi_frsub
                0x000150e4                __subsf3
                0x000150e4                __aeabi_fsub
                0x000150e8                __aeabi_fadd
                0x000150e8                __addsf3
                0x00015248                __aeabi_ui2f
                0x00015248                __floatunsisf
                0x00015250                __aeabi_i2f
                0x00015250                __floatsisf
                0x0001526c                __aeabi_ul2f
                0x0001526c                __floatundisf
                0x0001527c                __aeabi_l2f
                0x0001527c                __floatdisf
 .text          0x000152f8      0x2a0 c:/nxp/mcuxpressoide_11.2.1_4149/ide/plugins/com.nxp.mcuxpresso.tools.win32_11.2.0.202008311134/tools/bin/../lib/gcc/arm-none-eabi/9.2.1/thumb/v7-m/nofp\libgcc.a(_arm_muldivsf3.o)
                0x000152f8                __mulsf3
                0x000152f8                __aeabi_fmul
                0x00015460                __aeabi_fdiv
                0x00015460                __divsf3
 .text          0x00015598       0xec c:/nxp/mcuxpressoide_11.2.1_4149/ide/plugins/com.nxp.mcuxpresso.tools.win32_11.2.0.202008311134/tools/bin/../lib/gcc/arm-none-eabi/9.2.1/thumb/v7-m/nofp\libgcc.a(_arm_cmpsf2.o)
                0x00015598                __gesf2
                0x00015598                __gtsf2
                0x000155a0                __lesf2
                0x000155a0                __ltsf2
                0x000155a8                __nesf2
                0x000155a8                __eqsf2
                0x000155a8                __cmpsf2
                0x00015608                __aeabi_cfrcmple
                0x00015610                __aeabi_cfcmpeq
                0x00015610                __aeabi_cfcmple
                0x00015620                __aeabi_fcmpeq
                0x00015634                __aeabi_fcmplt
                0x00015648                __aeabi_fcmple
                0x0001565c                __aeabi_fcmpge
                0x00015670                __aeabi_fcmpgt
 .text          0x00015684       0x4c c:/nxp/mcuxpressoide_11.2.1_4149/ide/plugins/com.nxp.mcuxpresso.tools.win32_11.2.0.202008311134/tools/bin/../lib/gcc/arm-none-eabi/9.2.1/thumb/v7-m/nofp\libgcc.a(_arm_fixsfsi.o)
                0x00015684                __aeabi_f2iz
                0x00015684                __fixsfsi
 .text.memcpy   0x000156d0       0x1c c:/nxp/mcuxpressoide_11.2.1_4149/ide/plugins/com.nxp.mcuxpresso.tools.win32_11.2.0.202008311134/tools/bin/../lib/gcc/arm-none-eabi/9.2.1/../../../../arm-none-eabi/lib/thumb/v7-m/nofp\libc_nano.a(lib_a-memcpy-stub.o)
                0x000156d0                memcpy
 .text.memset   0x000156ec       0x10 c:/nxp/mcuxpressoide_11.2.1_4149/ide/plugins/com.nxp.mcuxpresso.tools.win32_11.2.0.202008311134/tools/bin/../lib/gcc/arm-none-eabi/9.2.1/../../../../arm-none-eabi/lib/thumb/v7-m/nofp\libc_nano.a(lib_a-memset.o)
                0x000156ec                memset
 .text.sprintf  0x000156fc       0x40 c:/nxp/mcuxpressoide_11.2.1_4149/ide/plugins/com.nxp.mcuxpresso.tools.win32_11.2.0.202008311134/tools/bin/../lib/gcc/arm-none-eabi/9.2.1/../../../../arm-none-eabi/lib/thumb/v7-m/nofp\libc_nano.a(lib_a-sprintf.o)
                0x000156fc                siprintf
                0x000156fc                sprintf
 .text          0x0001573c       0x10 c:/nxp/mcuxpressoide_11.2.1_4149/ide/plugins/com.nxp.mcuxpresso.tools.win32_11.2.0.202008311134/tools/bin/../lib/gcc/arm-none-eabi/9.2.1/../../../../arm-none-eabi/lib/thumb/v7-m/nofp\libc_nano.a(lib_a-strlen.o)
                0x0001573c                strlen
 .text.__ssputs_r
                0x0001574c       0xb6 c:/nxp/mcuxpressoide_11.2.1_4149/ide/plugins/com.nxp.mcuxpresso.tools.win32_11.2.0.202008311134/tools/bin/../lib/gcc/arm-none-eabi/9.2.1/../../../../arm-none-eabi/lib/thumb/v7-m/nofp\libc_nano.a(lib_a-nano-svfprintf.o)
                0x0001574c                __ssputs_r
 *fill*         0x00015802        0x2 ff
 .text._svfprintf_r
                0x00015804      0x200 c:/nxp/mcuxpressoide_11.2.1_4149/ide/plugins/com.nxp.mcuxpresso.tools.win32_11.2.0.202008311134/tools/bin/../lib/gcc/arm-none-eabi/9.2.1/../../../../arm-none-eabi/lib/thumb/v7-m/nofp\libc_nano.a(lib_a-nano-svfprintf.o)
                0x00015804                _svfiprintf_r
                0x00015804                _svfprintf_r
 .text._printf_common
                0x00015a04       0xde c:/nxp/mcuxpressoide_11.2.1_4149/ide/plugins/com.nxp.mcuxpresso.tools.win32_11.2.0.202008311134/tools/bin/../lib/gcc/arm-none-eabi/9.2.1/../../../../arm-none-eabi/lib/thumb/v7-m/nofp\libc_nano.a(lib_a-nano-vfprintf_i.o)
                0x00015a04                _printf_common
 *fill*         0x00015ae2        0x2 ff
 .text._printf_i
                0x00015ae4      0x24c c:/nxp/mcuxpressoide_11.2.1_4149/ide/plugins/com.nxp.mcuxpresso.tools.win32_11.2.0.202008311134/tools/bin/../lib/gcc/arm-none-eabi/9.2.1/../../../../arm-none-eabi/lib/thumb/v7-m/nofp\libc_nano.a(lib_a-nano-vfprintf_i.o)
                0x00015ae4                _printf_i
 .text.memchr   0x00015d30       0x1c c:/nxp/mcuxpressoide_11.2.1_4149/ide/plugins/com.nxp.mcuxpresso.tools.win32_11.2.0.202008311134/tools/bin/../lib/gcc/arm-none-eabi/9.2.1/../../../../arm-none-eabi/lib/thumb/v7-m/nofp\libc_nano.a(lib_a-memchr-stub.o)
                0x00015d30                memchr
 .text.memmove  0x00015d4c       0x34 c:/nxp/mcuxpressoide_11.2.1_4149/ide/plugins/com.nxp.mcuxpresso.tools.win32_11.2.0.202008311134/tools/bin/../lib/gcc/arm-none-eabi/9.2.1/../../../../arm-none-eabi/lib/thumb/v7-m/nofp\libc_nano.a(lib_a-memmove.o)
                0x00015d4c                memmove
 .text._free_r  0x00015d80       0x98 c:/nxp/mcuxpressoide_11.2.1_4149/ide/plugins/com.nxp.mcuxpresso.tools.win32_11.2.0.202008311134/tools/bin/../lib/gcc/arm-none-eabi/9.2.1/../../../../arm-none-eabi/lib/thumb/v7-m/nofp\libc_nano.a(lib_a-nano-freer.o)
                0x00015d80                _free_r
 .text._malloc_r
                0x00015e18       0xb4 c:/nxp/mcuxpressoide_11.2.1_4149/ide/plugins/com.nxp.mcuxpresso.tools.win32_11.2.0.202008311134/tools/bin/../lib/gcc/arm-none-eabi/9.2.1/../../../../arm-none-eabi/lib/thumb/v7-m/nofp\libc_nano.a(lib_a-nano-mallocr.o)
                0x00015e18                _malloc_r
 .text._realloc_r
                0x00015ecc       0x4c c:/nxp/mcuxpressoide_11.2.1_4149/ide/plugins/com.nxp.mcuxpresso.tools.win32_11.2.0.202008311134/tools/bin/../lib/gcc/arm-none-eabi/9.2.1/../../../../arm-none-eabi/lib/thumb/v7-m/nofp\libc_nano.a(lib_a-nano-reallocr.o)
                0x00015ecc                _realloc_r
 .text._sbrk_r  0x00015f18       0x20 c:/nxp/mcuxpressoide_11.2.1_4149/ide/plugins/com.nxp.mcuxpresso.tools.win32_11.2.0.202008311134/tools/bin/../lib/gcc/arm-none-eabi/9.2.1/../../../../arm-none-eabi/lib/thumb/v7-m/nofp\libc_nano.a(lib_a-sbrkr.o)
                0x00015f18                _sbrk_r
 .text.__malloc_lock
                0x00015f38        0xc c:/nxp/mcuxpressoide_11.2.1_4149/ide/plugins/com.nxp.mcuxpresso.tools.win32_11.2.0.202008311134/tools/bin/../lib/gcc/arm-none-eabi/9.2.1/../../../../arm-none-eabi/lib/thumb/v7-m/nofp\libc_nano.a(lib_a-mlock.o)
                0x00015f38                __malloc_lock
 .text.__malloc_unlock
                0x00015f44        0xc c:/nxp/mcuxpressoide_11.2.1_4149/ide/plugins/com.nxp.mcuxpresso.tools.win32_11.2.0.202008311134/tools/bin/../lib/gcc/arm-none-eabi/9.2.1/../../../../arm-none-eabi/lib/thumb/v7-m/nofp\libc_nano.a(lib_a-mlock.o)
                0x00015f44                __malloc_unlock
 .text._malloc_usable_size_r
                0x00015f50       0x10 c:/nxp/mcuxpressoide_11.2.1_4149/ide/plugins/com.nxp.mcuxpresso.tools.win32_11.2.0.202008311134/tools/bin/../lib/gcc/arm-none-eabi/9.2.1/../../../../arm-none-eabi/lib/thumb/v7-m/nofp\libc_nano.a(lib_a-nano-msizer.o)
                0x00015f50                _malloc_usable_size_r
 .text.__retarget_lock_acquire_recursive
                0x00015f60        0x2 c:/nxp/mcuxpressoide_11.2.1_4149/ide/plugins/com.nxp.mcuxpresso.tools.win32_11.2.0.202008311134/tools/bin/../lib/gcc/arm-none-eabi/9.2.1/../../../../arm-none-eabi/lib/thumb/v7-m/nofp\libc_nano.a(lib_a-lock.o)
                0x00015f60                __retarget_lock_acquire_recursive
 .text.__retarget_lock_release_recursive
                0x00015f62        0x2 c:/nxp/mcuxpressoide_11.2.1_4149/ide/plugins/com.nxp.mcuxpresso.tools.win32_11.2.0.202008311134/tools/bin/../lib/gcc/arm-none-eabi/9.2.1/../../../../arm-none-eabi/lib/thumb/v7-m/nofp\libc_nano.a(lib_a-lock.o)
                0x00015f62                __retarget_lock_release_recursive
 .text.sqrtf    0x00015f64       0xa4 c:/nxp/mcuxpressoide_11.2.1_4149/ide/plugins/com.nxp.mcuxpresso.tools.win32_11.2.0.202008311134/tools/bin/../lib/gcc/arm-none-eabi/9.2.1/../../../../arm-none-eabi/lib/thumb/v7-m/nofp\libm.a(lib_a-wf_sqrt.o)
                0x00015f64                sqrtf
 .text.__ieee754_sqrtf
                0x00016008       0xa8 c:/nxp/mcuxpressoide_11.2.1_4149/ide/plugins/com.nxp.mcuxpresso.tools.win32_11.2.0.202008311134/tools/bin/../lib/gcc/arm-none-eabi/9.2.1/../../../../arm-none-eabi/lib/thumb/v7-m/nofp\libm.a(lib_a-ef_sqrt.o)
                0x00016008                __ieee754_sqrtf
 .text.matherr  0x000160b0        0x4 c:/nxp/mcuxpressoide_11.2.1_4149/ide/plugins/com.nxp.mcuxpresso.tools.win32_11.2.0.202008311134/tools/bin/../lib/gcc/arm-none-eabi/9.2.1/../../../../arm-none-eabi/lib/thumb/v7-m/nofp\libm.a(lib_a-s_matherr.o)
                0x000160b0                matherr
 .text._sbrk    0x000160b4       0x3c c:/nxp/mcuxpressoide_11.2.1_4149/ide/plugins/com.nxp.mcuxpresso.tools.win32_11.2.0.202008311134/tools/bin/../lib/gcc/arm-none-eabi/9.2.1/../../../../arm-none-eabi/lib/thumb/v7-m/nofp\libcr_newlib_none.a(_cr_sbrk.o)
                0x000160b4                _sbrk
 .text.__check_heap_overflow
                0x000160f0       0x14 c:/nxp/mcuxpressoide_11.2.1_4149/ide/plugins/com.nxp.mcuxpresso.tools.win32_11.2.0.202008311134/tools/bin/../lib/gcc/arm-none-eabi/9.2.1/../../../../arm-none-eabi/lib/thumb/v7-m/nofp\libcr_newlib_none.a(_cr_check_heap.o)
                0x000160f0                __check_heap_overflow
 .text          0x00016104      0x378 c:/nxp/mcuxpressoide_11.2.1_4149/ide/plugins/com.nxp.mcuxpresso.tools.win32_11.2.0.202008311134/tools/bin/../lib/gcc/arm-none-eabi/9.2.1/thumb/v7-m/nofp\libgcc.a(_arm_addsubdf3.o)
                0x00016104                __aeabi_drsub
                0x0001610c                __aeabi_dsub
                0x0001610c                __subdf3
                0x00016110                __aeabi_dadd
                0x00016110                __adddf3
                0x00016388                __floatunsidf
                0x00016388                __aeabi_ui2d
                0x000163a8                __floatsidf
                0x000163a8                __aeabi_i2d
                0x000163cc                __aeabi_f2d
                0x000163cc                __extendsfdf2
                0x00016410                __floatundidf
                0x00016410                __aeabi_ul2d
                0x00016420                __floatdidf
                0x00016420                __aeabi_l2d
 .text          0x0001647c      0x424 c:/nxp/mcuxpressoide_11.2.1_4149/ide/plugins/com.nxp.mcuxpresso.tools.win32_11.2.0.202008311134/tools/bin/../lib/gcc/arm-none-eabi/9.2.1/thumb/v7-m/nofp\libgcc.a(_arm_muldivdf3.o)
                0x0001647c                __aeabi_dmul
                0x0001647c                __muldf3
                0x000166d0                __divdf3
                0x000166d0                __aeabi_ddiv
 .text          0x000168a0       0xa0 c:/nxp/mcuxpressoide_11.2.1_4149/ide/plugins/com.nxp.mcuxpresso.tools.win32_11.2.0.202008311134/tools/bin/../lib/gcc/arm-none-eabi/9.2.1/thumb/v7-m/nofp\libgcc.a(_arm_truncdfsf2.o)
                0x000168a0                __truncdfsf2
                0x000168a0                __aeabi_d2f
 .text          0x00016940       0x2c c:/nxp/mcuxpressoide_11.2.1_4149/ide/plugins/com.nxp.mcuxpresso.tools.win32_11.2.0.202008311134/tools/bin/../lib/gcc/arm-none-eabi/9.2.1/thumb/v7-m/nofp\libgcc.a(_arm_unordsf2.o)
                0x00016940                __unordsf2
                0x00016940                __aeabi_fcmpun
 .text.__errno  0x0001696c        0xc c:/nxp/mcuxpressoide_11.2.1_4149/ide/plugins/com.nxp.mcuxpresso.tools.win32_11.2.0.202008311134/tools/bin/../lib/gcc/arm-none-eabi/9.2.1/../../../../arm-none-eabi/lib/thumb/v7-m/nofp\libc_nano.a(lib_a-errno.o)
                0x0001696c                __errno
 *(.rodata .rodata.* .constdata .constdata.*)
 .rodata.main.str1.1
                0x00016978        0xf ./src/IA_2021_V0.o
 .rodata.Init_Carte_IA.str1.1
                0x00016987        0xd ./src/Init.o
 .rodata        0x00016994       0x15 ./src/test.o
 .rodata.vTaskStartScheduler.str1.1
                0x000169a9        0x5 ./freertos/src/tasks.o
 .rodata.prvCheckForValidListAndQueue.str1.1
                0x000169ae        0x5 ./freertos/src/timers.o
 .rodata.xTimerCreateTimerTask.str1.1
                0x000169b3        0x8 ./freertos/src/timers.o
 .rodata._0_Deplacement_ASTAR.str1.1
                0x000169bb       0x2f ./Strategie/Deplacement/0_Deplacements.o
 .rodata._0_Deplacement_Tourne_Avance_ASTAR.str1.1
                0x000169ea        0xd ./Strategie/Deplacement/0_Deplacements.o
 .rodata.Astar_Find_Path.str1.1
                0x000169f7       0x36 ./Pathfinding/Astar/Astar.o
 *fill*         0x00016a2d        0x3 ff
 .rodata.g_usbApi
                0x00016a30       0x20 ./Communication/USB/src/cdc_usb_main.o
 .rodata        0x00016a50       0x23 ./Communication/0_Communication.o
 .rodata        0x00016a73       0x26 ./Communication/1_Trame_Communication.o
 .rodata._2_Comm_Send_Destination_Robot.str1.1
                0x00016a99       0x30 ./Communication/2_Echange_Datas.o
 .rodata._2_Comm_Send_PONG.str1.1
                0x00016ac9       0x35 ./Communication/2_Echange_Datas.o
 *fill*         0x00016afe        0x2 ff
 .rodata._2_Communication_RX_Lectures_Messages.str1.4
                0x00016b00       0x2b ./Communication/2_Echange_Datas_Reception.o
 .rodata._2_Communication_RX_Init.str1.1
                0x00016b2b       0x11 ./Communication/2_Echange_Datas_Reception.o
 .rodata.MainOscPLL0conf_12
                0x00016b3c       0xf0 D:\Developpement_Robot\Robotic-System.git\trunk\Workspaces\MultiWorkSpaces_2021\0_lpc_chip_175x_6x\Release\lib0_lpc_chip_175x_6x.a(sysinit_17xx_40xx.o)
 .rodata.MainOscPLL0conf_16
                0x00016c2c       0xb0 D:\Developpement_Robot\Robotic-System.git\trunk\Workspaces\MultiWorkSpaces_2021\0_lpc_chip_175x_6x\Release\lib0_lpc_chip_175x_6x.a(sysinit_17xx_40xx.o)
 .rodata.RTCOscRateIn
                0x00016cdc        0x4 D:\Developpement_Robot\Robotic-System.git\trunk\Workspaces\MultiWorkSpaces_2021\0_lpc_board_nxp_lpcxpresso_1769\Release\lib0_lpc_board_nxp_lpcxpresso_1769.a(board.o)
                0x00016cdc                RTCOscRateIn
 .rodata.hw_api
                0x00016ce0       0x5c D:\Developpement_Robot\Robotic-System.git\trunk\Workspaces\MultiWorkSpaces_2021\0_lpc_chip_175x_6x\libs\libusbd_175x_6x_lib.a(mw_usbd_rom_api.o)
                0x00016ce0                hw_api
 .rodata.core_api
                0x00016d3c       0x20 D:\Developpement_Robot\Robotic-System.git\trunk\Workspaces\MultiWorkSpaces_2021\0_lpc_chip_175x_6x\libs\libusbd_175x_6x_lib.a(mw_usbd_rom_api.o)
                0x00016d3c                core_api
 .rodata.cdc_api
                0x00016d5c        0xc D:\Developpement_Robot\Robotic-System.git\trunk\Workspaces\MultiWorkSpaces_2021\0_lpc_chip_175x_6x\libs\libusbd_175x_6x_lib.a(mw_usbd_rom_api.o)
                0x00016d5c                cdc_api
 .rodata._svfprintf_r.str1.1
                0x00016d68       0x11 c:/nxp/mcuxpressoide_11.2.1_4149/ide/plugins/com.nxp.mcuxpresso.tools.win32_11.2.0.202008311134/tools/bin/../lib/gcc/arm-none-eabi/9.2.1/../../../../arm-none-eabi/lib/thumb/v7-m/nofp\libc_nano.a(lib_a-nano-svfprintf.o)
 .rodata._printf_i.str1.1
                0x00016d79       0x22 c:/nxp/mcuxpressoide_11.2.1_4149/ide/plugins/com.nxp.mcuxpresso.tools.win32_11.2.0.202008311134/tools/bin/../lib/gcc/arm-none-eabi/9.2.1/../../../../arm-none-eabi/lib/thumb/v7-m/nofp\libc_nano.a(lib_a-nano-vfprintf_i.o)
 *fill*         0x00016d9b        0x1 ff
 .rodata.sqrtf.str1.4
                0x00016d9c        0x6 c:/nxp/mcuxpressoide_11.2.1_4149/ide/plugins/com.nxp.mcuxpresso.tools.win32_11.2.0.202008311134/tools/bin/../lib/gcc/arm-none-eabi/9.2.1/../../../../arm-none-eabi/lib/thumb/v7-m/nofp\libm.a(lib_a-wf_sqrt.o)
                0x00016da4                . = ALIGN (0x4)
 *fill*         0x00016da2        0x2 ff

.glue_7         0x00016da4        0x0
 .glue_7        0x00016da4        0x0 linker stubs

.glue_7t        0x00016da4        0x0
 .glue_7t       0x00016da4        0x0 linker stubs

.vfp11_veneer   0x00016da4        0x0
 .vfp11_veneer  0x00016da4        0x0 linker stubs

.v4_bx          0x00016da4        0x0
 .v4_bx         0x00016da4        0x0 linker stubs

.iplt           0x00016da4        0x0
 .iplt          0x00016da4        0x0 ./src/IA_2021_V0.o

.rel.dyn        0x00016da4        0x0
 .rel.iplt      0x00016da4        0x0 ./src/IA_2021_V0.o

.ARM.extab
 *(.ARM.extab* .gnu.linkonce.armextab.*)

.ARM.exidx      0x00016da4        0x0
                0x00016da4                __exidx_start = .
 *(.ARM.exidx* .gnu.linkonce.armexidx.*)
                0x00016da4                __exidx_end = .
                0x00016da4                _etext = .

.data_RAM2      0x2007c000        0x0 load address 0x00016da4
 FILL mask 0xff
                [!provide]                PROVIDE (__start_data_RAM2 = .)
                [!provide]                PROVIDE (__start_data_RamAHB32 = .)
 *(.ramfunc.$RAM2)
 *(.ramfunc.$RamAHB32)
 *(.data.$RAM2)
 *(.data.$RamAHB32)
 *(.data.$RAM2.*)
 *(.data.$RamAHB32.*)
                0x2007c000                . = ALIGN (0x4)
                [!provide]                PROVIDE (__end_data_RAM2 = .)
                [!provide]                PROVIDE (__end_data_RamAHB32 = .)

.data_RAM3      0x2007c800        0x0 load address 0x00016da4
 FILL mask 0xff
                [!provide]                PROVIDE (__start_data_RAM3 = .)
                [!provide]                PROVIDE (__start_data_RAM3 = .)
 *(.ramfunc.$RAM3)
 *(.ramfunc.$RAM3)
 *(.data.$RAM3)
 *(.data.$RAM3)
 *(.data.$RAM3.*)
 *(.data.$RAM3.*)
                0x2007c800                . = ALIGN (0x4)
                [!provide]                PROVIDE (__end_data_RAM3 = .)
                [!provide]                PROVIDE (__end_data_RAM3 = .)

.uninit_RESERVED
                0x10000000        0x0
                0x10000000                _start_uninit_RESERVED = .
 *(.bss.$RESERVED*)
                0x10000000                . = ALIGN (0x4)
                0x10000000                _end_uninit_RESERVED = .

.data           0x10000000       0x84 load address 0x00016da4
 FILL mask 0xff
                0x10000000                _data = .
                [!provide]                PROVIDE (__start_data_RAM = .)
                [!provide]                PROVIDE (__start_data_RamLoc32 = .)
 *(vtable)
 *(.ramfunc*)
 *(CodeQuickAccess)
 *(DataQuickAccess)
 *(RamFunction)
 *(.data*)
 .data.xHeapRegions
                0x10000000       0x10 ./src/IA_2021_V0.o
 .data.uxCriticalNesting
                0x10000010        0x4 ./freertos/src/port.o
 .data.g_pUsbApi
                0x10000014        0x4 ./Communication/USB/src/cdc_usb_main.o
                0x10000014                g_pUsbApi
 .data.OscRateIn
                0x10000018        0x4 D:\Developpement_Robot\Robotic-System.git\trunk\Workspaces\MultiWorkSpaces_2021\0_lpc_board_nxp_lpcxpresso_1769\Release\lib0_lpc_board_nxp_lpcxpresso_1769.a(board.o)
                0x10000018                OscRateIn
 .data._impure_ptr
                0x1000001c        0x4 c:/nxp/mcuxpressoide_11.2.1_4149/ide/plugins/com.nxp.mcuxpresso.tools.win32_11.2.0.202008311134/tools/bin/../lib/gcc/arm-none-eabi/9.2.1/../../../../arm-none-eabi/lib/thumb/v7-m/nofp\libc_nano.a(lib_a-impure.o)
                0x1000001c                _impure_ptr
 .data.impure_data
                0x10000020       0x60 c:/nxp/mcuxpressoide_11.2.1_4149/ide/plugins/com.nxp.mcuxpresso.tools.win32_11.2.0.202008311134/tools/bin/../lib/gcc/arm-none-eabi/9.2.1/../../../../arm-none-eabi/lib/thumb/v7-m/nofp\libc_nano.a(lib_a-impure.o)
 .data.__fdlib_version
                0x10000080        0x1 c:/nxp/mcuxpressoide_11.2.1_4149/ide/plugins/com.nxp.mcuxpresso.tools.win32_11.2.0.202008311134/tools/bin/../lib/gcc/arm-none-eabi/9.2.1/../../../../arm-none-eabi/lib/thumb/v7-m/nofp\libm.a(lib_a-s_lib_ver.o)
                0x10000080                __fdlib_version
                0x10000084                . = ALIGN (0x4)
 *fill*         0x10000081        0x3 ff
                0x10000084                _edata = .
                [!provide]                PROVIDE (__end_data_RAM = .)
                [!provide]                PROVIDE (__end_data_RamLoc32 = .)

.igot.plt       0x10000084        0x0 load address 0x00016e28
 .igot.plt      0x10000084        0x0 ./src/IA_2021_V0.o

.bss_RAM2       0x2007c000        0x0
                [!provide]                PROVIDE (__start_bss_RAM2 = .)
                [!provide]                PROVIDE (__start_bss_RamAHB32 = .)
 *(.bss.$RAM2)
 *(.bss.$RamAHB32)
 *(.bss.$RAM2.*)
 *(.bss.$RamAHB32.*)
                0x2007c000                . = ALIGN ((. != 0x0)?0x4:0x1)
                [!provide]                PROVIDE (__end_bss_RAM2 = .)
                [!provide]                PROVIDE (__end_bss_RamAHB32 = .)

.bss_RAM3       0x2007c800     0x23c0
                [!provide]                PROVIDE (__start_bss_RAM3 = .)
                [!provide]                PROVIDE (__start_bss_RAM3 = .)
 *(.bss.$RAM3)
 .bss.$RAM3     0x2007c800       0x10 ./Strategie/Deplacement/0_Deplacements.o
 .bss.$RAM3     0x2007c810       0xc0 ./Strategie/0_Infos.o
 .bss.$RAM3     0x2007c8d0      0x180 ./Communication/0_Communication.o
 .bss.$RAM3     0x2007ca50       0xdf ./Communication/1_Trame_Communication.o
 *fill*         0x2007cb2f        0x1 
 .bss.$RAM3     0x2007cb30       0x46 ./Communication/2_Echange_Datas.o
 *fill*         0x2007cb76        0x2 
 .bss.$RAM3     0x2007cb78       0x46 ./Communication/2_Echange_Datas_Reception.o
 *(.bss.$RAM3)
 *(.bss.$RAM3.*)
 .bss.$RAM3.    0x2007cbbe     0x2000 ./src/IA_2021_V0.o
 *(.bss.$RAM3.*)
                0x2007ebc0                . = ALIGN ((. != 0x0)?0x4:0x1)
 *fill*         0x2007ebbe        0x2 
                [!provide]                PROVIDE (__end_bss_RAM3 = .)
                [!provide]                PROVIDE (__end_bss_RAM3 = .)

.bss            0x10000084     0x5270
                0x10000084                _bss = .
                [!provide]                PROVIDE (__start_bss_RAM = .)
                [!provide]                PROVIDE (__start_bss_RamLoc32 = .)
 *(.bss*)
 .bss.Nb_Ping_Envoyes
                0x10000084        0x4 ./src/test.o
                0x10000084                Nb_Ping_Envoyes
 .bss.pxEnd     0x10000088        0x4 ./freertos/src/heap_5.o
 .bss.xBlockAllocatedBit
                0x1000008c        0x4 ./freertos/src/heap_5.o
 .bss.xFreeBytesRemaining
                0x10000090        0x4 ./freertos/src/heap_5.o
 .bss.xMinimumEverFreeBytesRemaining
                0x10000094        0x4 ./freertos/src/heap_5.o
 .bss.xNumberOfSuccessfulAllocations
                0x10000098        0x4 ./freertos/src/heap_5.o
 .bss.xNumberOfSuccessfulFrees
                0x1000009c        0x4 ./freertos/src/heap_5.o
 .bss.xStart    0x100000a0        0x8 ./freertos/src/heap_5.o
 .bss.xQueueRegistry
                0x100000a8       0x50 ./freertos/src/queue.o
                0x100000a8                xQueueRegistry
 .bss.pxCurrentTCB
                0x100000f8        0x4 ./freertos/src/tasks.o
                0x100000f8                pxCurrentTCB
 .bss.pxDelayedTaskList
                0x100000fc        0x4 ./freertos/src/tasks.o
 .bss.pxOverflowDelayedTaskList
                0x10000100        0x4 ./freertos/src/tasks.o
 .bss.pxReadyTasksLists
                0x10000104       0x64 ./freertos/src/tasks.o
 .bss.uxCurrentNumberOfTasks
                0x10000168        0x4 ./freertos/src/tasks.o
 .bss.uxDeletedTasksWaitingCleanUp
                0x1000016c        0x4 ./freertos/src/tasks.o
 .bss.uxSchedulerSuspended
                0x10000170        0x4 ./freertos/src/tasks.o
 .bss.uxTaskNumber
                0x10000174        0x4 ./freertos/src/tasks.o
 .bss.uxTopReadyPriority
                0x10000178        0x4 ./freertos/src/tasks.o
 .bss.xDelayedTaskList1
                0x1000017c       0x14 ./freertos/src/tasks.o
 .bss.xDelayedTaskList2
                0x10000190       0x14 ./freertos/src/tasks.o
 .bss.xIdleTaskHandle
                0x100001a4        0x4 ./freertos/src/tasks.o
 .bss.xNextTaskUnblockTime
                0x100001a8        0x4 ./freertos/src/tasks.o
 .bss.xNumOfOverflows
                0x100001ac        0x4 ./freertos/src/tasks.o
 .bss.xPendedTicks
                0x100001b0        0x4 ./freertos/src/tasks.o
 .bss.xPendingReadyList
                0x100001b4       0x14 ./freertos/src/tasks.o
 .bss.xSchedulerRunning
                0x100001c8        0x4 ./freertos/src/tasks.o
 .bss.xSuspendedTaskList
                0x100001cc       0x14 ./freertos/src/tasks.o
 .bss.xTasksWaitingTermination
                0x100001e0       0x14 ./freertos/src/tasks.o
 .bss.xTickCount
                0x100001f4        0x4 ./freertos/src/tasks.o
 .bss.xYieldPending
                0x100001f8        0x4 ./freertos/src/tasks.o
 .bss.pxCurrentTimerList
                0x100001fc        0x4 ./freertos/src/timers.o
 .bss.pxOverflowTimerList
                0x10000200        0x4 ./freertos/src/timers.o
 .bss.xActiveTimerList1
                0x10000204       0x14 ./freertos/src/timers.o
 .bss.xActiveTimerList2
                0x10000218       0x14 ./freertos/src/timers.o
 .bss.xLastTime.9167
                0x1000022c        0x4 ./freertos/src/timers.o
 .bss.xTimerQueue
                0x10000230        0x4 ./freertos/src/timers.o
 .bss.xTimerTaskHandle
                0x10000234        0x4 ./freertos/src/timers.o
 .bss.Astar_Task_Handler
                0x10000238        0x4 ./Strategie/Deplacement/0_Deplacements.o
                0x10000238                Astar_Task_Handler
 .bss._0_Deplacement_EventGroup
                0x1000023c        0x4 ./Strategie/Deplacement/0_Deplacements.o
                0x1000023c                _0_Deplacement_EventGroup
 .bss.str.10237
                0x10000240       0x46 ./Strategie/Deplacement/0_Deplacements.o
 .bss.Astar_Vector
                0x10000286      0x34a ./Pathfinding/Astar/Astar.o
 .bss.Map       0x100005d0     0x4b10 ./Pathfinding/Astar/Astar.o
 .bss.g_hUsb    0x100050e0        0x4 ./Communication/USB/src/cdc_usb_main.o
                0x100050e0                g_hUsb
 .bss.Message.11231
                0x100050e4       0x4d ./Communication/0_Communication.o
 *fill*         0x10005131        0x3 
 .bss._1_xQueue_Message_TO_Send
                0x10005134        0x4 ./Communication/0_Communication.o
                0x10005134                _1_xQueue_Message_TO_Send
 .bss.already_flaged.11220
                0x10005138        0x1 ./Communication/0_Communication.o
 .bss.g_txBuff.11232
                0x10005139       0x80 ./Communication/0_Communication.o
 *fill*         0x100051b9        0x3 
 .bss.rxring_RS485
                0x100051bc       0x14 ./Communication/0_Communication.o
                0x100051bc                rxring_RS485
 .bss.txring    0x100051d0       0x14 ./Communication/0_Communication.o
                0x100051d0                txring
 .bss._0_Comm_EventGroup
                0x100051e4        0x4 ./Communication/0_Event_Group.o
                0x100051e4                _0_Comm_EventGroup
 .bss.Nb_Rx_Fifo_Full
                0x100051e8        0x4 ./Communication/1_Trame_Communication.o
 .bss.Nb_Erreurs_com
                0x100051ec        0x4 ./Communication/1_Trame_Communication.o
 .bss.Nb_Messages_adresses_corrects
                0x100051f0        0x4 ./Communication/1_Trame_Communication.o
 .bss.Nb_Messages_recus
                0x100051f4        0x4 ./Communication/1_Trame_Communication.o
 .bss._1_xQueue_Message_Receive
                0x100051f8        0x4 ./Communication/1_Trame_Communication.o
                0x100051f8                _1_xQueue_Message_Receive
 .bss.log_message
                0x100051fc       0x3e ./Communication/2_Echange_Datas.o
 .bss.str.9944  0x1000523a       0x46 ./Communication/2_Echange_Datas.o
 .bss.str.9956  0x10005280       0x46 ./Communication/2_Echange_Datas.o
 *fill*         0x100052c6        0x2 
 .bss.Nb_Messages_Interpretes
                0x100052c8        0x4 ./Communication/2_Echange_Datas_Reception.o
 .bss.Nb_PONG_recus
                0x100052cc        0x4 ./Communication/2_Echange_Datas_Reception.o
                0x100052cc                Nb_PONG_recus
 .bss.ABsyncSts
                0x100052d0        0x1 D:\Developpement_Robot\Robotic-System.git\trunk\Workspaces\MultiWorkSpaces_2021\0_lpc_chip_175x_6x\Release\lib0_lpc_chip_175x_6x.a(uart_17xx_40xx.o)
 *fill*         0x100052d1        0x3 
 .bss.__malloc_free_list
                0x100052d4        0x4 c:/nxp/mcuxpressoide_11.2.1_4149/ide/plugins/com.nxp.mcuxpresso.tools.win32_11.2.0.202008311134/tools/bin/../lib/gcc/arm-none-eabi/9.2.1/../../../../arm-none-eabi/lib/thumb/v7-m/nofp\libc_nano.a(lib_a-nano-mallocr.o)
                0x100052d4                __malloc_free_list
 .bss.__malloc_sbrk_start
                0x100052d8        0x4 c:/nxp/mcuxpressoide_11.2.1_4149/ide/plugins/com.nxp.mcuxpresso.tools.win32_11.2.0.202008311134/tools/bin/../lib/gcc/arm-none-eabi/9.2.1/../../../../arm-none-eabi/lib/thumb/v7-m/nofp\libc_nano.a(lib_a-nano-mallocr.o)
                0x100052d8                __malloc_sbrk_start
 .bss.__end_of_heap
                0x100052dc        0x4 c:/nxp/mcuxpressoide_11.2.1_4149/ide/plugins/com.nxp.mcuxpresso.tools.win32_11.2.0.202008311134/tools/bin/../lib/gcc/arm-none-eabi/9.2.1/../../../../arm-none-eabi/lib/thumb/v7-m/nofp\libcr_newlib_none.a(_cr_sbrk.o)
                0x100052dc                __end_of_heap
 *(COMMON)
 COMMON         0x100052e0        0x4 D:\Developpement_Robot\Robotic-System.git\trunk\Workspaces\MultiWorkSpaces_2021\0_lpc_chip_175x_6x\Release\lib0_lpc_chip_175x_6x.a(chip_17xx_40xx.o)
                0x100052e0                SystemCoreClock
 COMMON         0x100052e4        0x4 c:/nxp/mcuxpressoide_11.2.1_4149/ide/plugins/com.nxp.mcuxpresso.tools.win32_11.2.0.202008311134/tools/bin/../lib/gcc/arm-none-eabi/9.2.1/../../../../arm-none-eabi/lib/thumb/v7-m/nofp\libc_nano.a(lib_a-reent.o)
                0x100052e4                errno
 COMMON         0x100052e8        0x9 c:/nxp/mcuxpressoide_11.2.1_4149/ide/plugins/com.nxp.mcuxpresso.tools.win32_11.2.0.202008311134/tools/bin/../lib/gcc/arm-none-eabi/9.2.1/../../../../arm-none-eabi/lib/thumb/v7-m/nofp\libc_nano.a(lib_a-lock.o)
                0x100052e8                __lock___atexit_recursive_mutex
                0x100052e9                __lock___arc4random_mutex
                0x100052ea                __lock___env_recursive_mutex
                0x100052eb                __lock___sinit_recursive_mutex
                0x100052ec                __lock___malloc_recursive_mutex
                0x100052ed                __lock___at_quick_exit_mutex
                0x100052ee                __lock___dd_hash_mutex
                0x100052ef                __lock___tz_mutex
                0x100052f0                __lock___sfp_recursive_mutex
                0x100052f4                . = ALIGN (0x4)
 *fill*         0x100052f1        0x3 
                0x100052f4                _ebss = .
                [!provide]                PROVIDE (__end_bss_RAM = .)
                [!provide]                PROVIDE (__end_bss_RamLoc32 = .)
                [!provide]                PROVIDE (end = .)

.noinit_RAM2    0x2007c000        0x0
                [!provide]                PROVIDE (__start_noinit_RAM2 = .)
                [!provide]                PROVIDE (__start_noinit_RamAHB32 = .)
 *(.noinit.$RAM2)
 *(.noinit.$RamAHB32)
 *(.noinit.$RAM2.*)
 *(.noinit.$RamAHB32.*)
                0x2007c000                . = ALIGN (0x4)
                [!provide]                PROVIDE (__end_noinit_RAM2 = .)
                [!provide]                PROVIDE (__end_noinit_RamAHB32 = .)

.noinit_RAM3    0x2007ebc0        0x0
                [!provide]                PROVIDE (__start_noinit_RAM3 = .)
                [!provide]                PROVIDE (__start_noinit_RAM3 = .)
 *(.noinit.$RAM3)
 *(.noinit.$RAM3)
 *(.noinit.$RAM3.*)
 *(.noinit.$RAM3.*)
                0x2007ebc0                . = ALIGN (0x4)
                [!provide]                PROVIDE (__end_noinit_RAM3 = .)
                [!provide]                PROVIDE (__end_noinit_RAM3 = .)

.noinit         0x100052f4        0x0
                0x100052f4                _noinit = .
                [!provide]                PROVIDE (__start_noinit_RAM = .)
                [!provide]                PROVIDE (__start_noinit_RamLoc32 = .)
 *(.noinit*)
                0x100052f4                . = ALIGN (0x4)
                0x100052f4                _end_noinit = .
                [!provide]                PROVIDE (__end_noinit_RAM = .)
                [!provide]                PROVIDE (__end_noinit_RamLoc32 = .)
                0x100052f4                PROVIDE (_pvHeapStart = DEFINED (__user_heap_base)?__user_heap_base:.)
                0x10008000                PROVIDE (_vStackTop = DEFINED (__user_stack_top)?__user_stack_top:(__top_RamLoc32 - 0x0))
                [!provide]                PROVIDE (__valid_user_code_checksum = (0x0 - ((((((_vStackTop + (ResetISR + 0x1)) + (NMI_Handler + 0x1)) + (HardFault_Handler + 0x1)) + (DEFINED (MemManage_Handler)?MemManage_Handler:0x0 + 0x1)) + (DEFINED (BusFault_Handler)?BusFault_Handler:0x0 + 0x1)) + (DEFINED (UsageFault_Handler)?UsageFault_Handler:0x0 + 0x1))))
                0x00010000                _image_start = LOADADDR (.text)
                0x00016e28                _image_end = (LOADADDR (.data) + SIZEOF (.data))
                0x00006e28                _image_size = (_image_end - _image_start)
OUTPUT(IA_2021_V0.axf elf32-littlearm)

.debug_info     0x00000000    0x2ee27
 .debug_info    0x00000000     0x28f2 ./src/IA_2021_V0.o
 .debug_info    0x000028f2     0x11d7 ./src/Init.o
 .debug_info    0x00003ac9      0x2f5 ./src/cr_startup_lpc175x_6x.o
 .debug_info    0x00003dbe       0x3c ./src/crp.o
 .debug_info    0x00003dfa      0x9d6 ./src/sysinit.o
 .debug_info    0x000047d0     0x1025 ./src/test.o
 .debug_info    0x000057f5      0xb10 ./freertos/src/FreeRTOSCommonHooks.o
 .debug_info    0x00006305     0x136c ./freertos/src/event_groups.o
 .debug_info    0x00007671      0xefd ./freertos/src/heap_5.o
 .debug_info    0x0000856e      0xbeb ./freertos/src/list.o
 .debug_info    0x00009159      0xd09 ./freertos/src/port.o
 .debug_info    0x00009e62     0x2551 ./freertos/src/queue.o
 .debug_info    0x0000c3b3     0x303c ./freertos/src/tasks.o
 .debug_info    0x0000f3ef     0x1d60 ./freertos/src/timers.o
 .debug_info    0x0001114f     0x167d ./Strategie/Deplacement/0_Deplacements.o
 .debug_info    0x000127cc      0xc02 ./Strategie/Deplacement/1_Obstacles.o
 .debug_info    0x000133ce      0xdce ./Strategie/0_Infos.o
 .debug_info    0x0001419c     0x2542 ./Pathfinding/Astar/Astar.o
 .debug_info    0x000166de     0x2627 ./Communication/USB/src/cdc_usb_main.o
 .debug_info    0x00018d05     0x101e ./Communication/RS485/0_RS485.o
 .debug_info    0x00019d23     0x31b5 ./Communication/0_Communication.o
 .debug_info    0x0001ced8      0xaa4 ./Communication/0_Event_Group.o
 .debug_info    0x0001d97c     0x194b ./Communication/1_Trame_Communication.o
 .debug_info    0x0001f2c7     0x183d ./Communication/2_Echange_Datas.o
 .debug_info    0x00020b04     0x119b ./Communication/2_Echange_Datas_Reception.o
 .debug_info    0x00021c9f      0x642 D:\Developpement_Robot\Robotic-System.git\trunk\Workspaces\MultiWorkSpaces_2021\0_lpc_chip_175x_6x\Release\lib0_lpc_chip_175x_6x.a(chip_17xx_40xx.o)
 .debug_info    0x000222e1      0xeb0 D:\Developpement_Robot\Robotic-System.git\trunk\Workspaces\MultiWorkSpaces_2021\0_lpc_chip_175x_6x\Release\lib0_lpc_chip_175x_6x.a(clock_17xx_40xx.o)
 .debug_info    0x00023191      0x63f D:\Developpement_Robot\Robotic-System.git\trunk\Workspaces\MultiWorkSpaces_2021\0_lpc_chip_175x_6x\Release\lib0_lpc_chip_175x_6x.a(ring_buffer.o)
 .debug_info    0x000237d0      0x89e D:\Developpement_Robot\Robotic-System.git\trunk\Workspaces\MultiWorkSpaces_2021\0_lpc_chip_175x_6x\Release\lib0_lpc_chip_175x_6x.a(sysinit_17xx_40xx.o)
 .debug_info    0x0002406e      0x501 D:\Developpement_Robot\Robotic-System.git\trunk\Workspaces\MultiWorkSpaces_2021\0_lpc_chip_175x_6x\Release\lib0_lpc_chip_175x_6x.a(timer_17xx_40xx.o)
 .debug_info    0x0002456f     0x179c D:\Developpement_Robot\Robotic-System.git\trunk\Workspaces\MultiWorkSpaces_2021\0_lpc_chip_175x_6x\Release\lib0_lpc_chip_175x_6x.a(uart_17xx_40xx.o)
 .debug_info    0x00025d0b     0x2849 D:\Developpement_Robot\Robotic-System.git\trunk\Workspaces\MultiWorkSpaces_2021\0_lpc_board_nxp_lpcxpresso_1769\Release\lib0_lpc_board_nxp_lpcxpresso_1769.a(board.o)
 .debug_info    0x00028554     0x14f8 D:\Developpement_Robot\Robotic-System.git\trunk\Workspaces\MultiWorkSpaces_2021\0_lpc_chip_175x_6x\libs\libusbd_175x_6x_lib.a(mw_usbd_rom_api.o)
 .debug_info    0x00029a4c     0x1f77 D:\Developpement_Robot\Robotic-System.git\trunk\Workspaces\MultiWorkSpaces_2021\0_lpc_chip_175x_6x\libs\libusbd_175x_6x_lib.a(hw_usbd_ip3503.o)
 .debug_info    0x0002b9c3     0x14e4 D:\Developpement_Robot\Robotic-System.git\trunk\Workspaces\MultiWorkSpaces_2021\0_lpc_chip_175x_6x\libs\libusbd_175x_6x_lib.a(mw_usbd_cdcuser.o)
 .debug_info    0x0002cea7     0x1f80 D:\Developpement_Robot\Robotic-System.git\trunk\Workspaces\MultiWorkSpaces_2021\0_lpc_chip_175x_6x\libs\libusbd_175x_6x_lib.a(mw_usbd_core.o)

.debug_abbrev   0x00000000     0x7225
 .debug_abbrev  0x00000000      0x3af ./src/IA_2021_V0.o
 .debug_abbrev  0x000003af      0x2a8 ./src/Init.o