Archive member included to satisfy reference by file (symbol)

D:\Developpement_Robot\Robotic-System.git\trunk\Workspaces\MultiWorkSpaces_2021\0_lpc_chip_175x_6x\Release\lib0_lpc_chip_175x_6x.a(chip_17xx_40xx.o)
                              ./src/IA_2021_V0.o (SystemCoreClockUpdate)
D:\Developpement_Robot\Robotic-System.git\trunk\Workspaces\MultiWorkSpaces_2021\0_lpc_chip_175x_6x\Release\lib0_lpc_chip_175x_6x.a(clock_17xx_40xx.o)
                              D:\Developpement_Robot\Robotic-System.git\trunk\Workspaces\MultiWorkSpaces_2021\0_lpc_chip_175x_6x\Release\lib0_lpc_chip_175x_6x.a(chip_17xx_40xx.o) (Chip_Clock_EnablePLL)
D:\Developpement_Robot\Robotic-System.git\trunk\Workspaces\MultiWorkSpaces_2021\0_lpc_chip_175x_6x\Release\lib0_lpc_chip_175x_6x.a(ring_buffer.o)
                              ./Communication/0_Communication.o (RingBuffer_Init)
D:\Developpement_Robot\Robotic-System.git\trunk\Workspaces\MultiWorkSpaces_2021\0_lpc_chip_175x_6x\Release\lib0_lpc_chip_175x_6x.a(stopwatch_17xx_40xx.o)
                              ./Communication/USB/src/cdc_usb_main.o (StopWatch_Init)
D:\Developpement_Robot\Robotic-System.git\trunk\Workspaces\MultiWorkSpaces_2021\0_lpc_chip_175x_6x\Release\lib0_lpc_chip_175x_6x.a(sysinit_17xx_40xx.o)
                              ./src/IA_2021_V0.o (Chip_SetupXtalClocking)
D:\Developpement_Robot\Robotic-System.git\trunk\Workspaces\MultiWorkSpaces_2021\0_lpc_chip_175x_6x\Release\lib0_lpc_chip_175x_6x.a(timer_17xx_40xx.o)
                              ./src/IA_2021_V0.o (Chip_TIMER_Init)
D:\Developpement_Robot\Robotic-System.git\trunk\Workspaces\MultiWorkSpaces_2021\0_lpc_chip_175x_6x\Release\lib0_lpc_chip_175x_6x.a(uart_17xx_40xx.o)
                              ./Communication/0_Communication.o (Chip_UART_Init)
D:\Developpement_Robot\Robotic-System.git\trunk\Workspaces\MultiWorkSpaces_2021\0_lpc_board_nxp_lpcxpresso_1769\Release\lib0_lpc_board_nxp_lpcxpresso_1769.a(board.o)
                              ./src/IA_2021_V0.o (Set_Clock_in)
D:\Developpement_Robot\Robotic-System.git\trunk\Workspaces\MultiWorkSpaces_2021\0_lpc_chip_175x_6x\libs\libusbd_175x_6x_lib.a(mw_usbd_rom_api.o)
                              ./Communication/USB/src/cdc_usb_main.o (cdc_api)
D:\Developpement_Robot\Robotic-System.git\trunk\Workspaces\MultiWorkSpaces_2021\0_lpc_chip_175x_6x\libs\libusbd_175x_6x_lib.a(hw_usbd_ip3503.o)
                              D:\Developpement_Robot\Robotic-System.git\trunk\Workspaces\MultiWorkSpaces_2021\0_lpc_chip_175x_6x\libs\libusbd_175x_6x_lib.a(mw_usbd_rom_api.o) (hwUSB_GetMemSize)
D:\Developpement_Robot\Robotic-System.git\trunk\Workspaces\MultiWorkSpaces_2021\0_lpc_chip_175x_6x\libs\libusbd_175x_6x_lib.a(mw_usbd_cdcuser.o)
                              D:\Developpement_Robot\Robotic-System.git\trunk\Workspaces\MultiWorkSpaces_2021\0_lpc_chip_175x_6x\libs\libusbd_175x_6x_lib.a(mw_usbd_rom_api.o) (mwCDC_SendNotification)
D:\Developpement_Robot\Robotic-System.git\trunk\Workspaces\MultiWorkSpaces_2021\0_lpc_chip_175x_6x\libs\libusbd_175x_6x_lib.a(mw_usbd_core.o)
                              D:\Developpement_Robot\Robotic-System.git\trunk\Workspaces\MultiWorkSpaces_2021\0_lpc_chip_175x_6x\libs\libusbd_175x_6x_lib.a(mw_usbd_rom_api.o) (mwUSB_SetupStage)
D:\Developpement_Robot\Robotic-System.git\trunk\Workspaces\MultiWorkSpaces_2021\0_lpc_chip_175x_6x\libs\libusbd_175x_6x_lib.a(mw_usbd_dfuuser.o)
                              D:\Developpement_Robot\Robotic-System.git\trunk\Workspaces\MultiWorkSpaces_2021\0_lpc_chip_175x_6x\libs\libusbd_175x_6x_lib.a(mw_usbd_rom_api.o) (mwDFU_GetMemSize)
D:\Developpement_Robot\Robotic-System.git\trunk\Workspaces\MultiWorkSpaces_2021\0_lpc_chip_175x_6x\libs\libusbd_175x_6x_lib.a(mw_usbd_hiduser.o)
                              D:\Developpement_Robot\Robotic-System.git\trunk\Workspaces\MultiWorkSpaces_2021\0_lpc_chip_175x_6x\libs\libusbd_175x_6x_lib.a(mw_usbd_rom_api.o) (mwHID_GetMemSize)
D:\Developpement_Robot\Robotic-System.git\trunk\Workspaces\MultiWorkSpaces_2021\0_lpc_chip_175x_6x\libs\libusbd_175x_6x_lib.a(mw_usbd_mscuser.o)
                              D:\Developpement_Robot\Robotic-System.git\trunk\Workspaces\MultiWorkSpaces_2021\0_lpc_chip_175x_6x\libs\libusbd_175x_6x_lib.a(mw_usbd_rom_api.o) (mwMSC_GetMemSize)
c:/nxp/mcuxpressoide_11.2.1_4149/ide/plugins/com.nxp.mcuxpresso.tools.win32_11.2.0.202008311134/tools/bin/../lib/gcc/arm-none-eabi/9.2.1/thumb/v7-m/nofp\libgcc.a(_arm_mulsf3.o)
                              ./Strategie/Deplacement/0_Deplacements.o (__aeabi_fmul)
c:/nxp/mcuxpressoide_11.2.1_4149/ide/plugins/com.nxp.mcuxpresso.tools.win32_11.2.0.202008311134/tools/bin/../lib/gcc/arm-none-eabi/9.2.1/thumb/v7-m/nofp\libgcc.a(_arm_addsubsf3.o)
                              ./Strategie/Deplacement/0_Deplacements.o (__aeabi_fsub)
[...]
Memory Configuration

Name             Origin             Length             Attributes
MFlash512        0x00010000         0x00070000         xr
RamLoc32         0x10000000         0x00008000         xrw
RamAHB32         0x2007c000         0x00000800         xrw
RAM3             0x2007c800         0x00007800         xrw
*default*        0x00000000         0xffffffff

Linker script and memory map

LOAD ./src/IA_2021_V0.o
LOAD ./src/Init.o
LOAD ./src/cr_startup_lpc175x_6x.o
LOAD ./src/crp.o
LOAD ./src/sysinit.o
LOAD ./src/test.o
LOAD ./freertos/src/FreeRTOSCommonHooks.o
LOAD ./freertos/src/croutine.o
LOAD ./freertos/src/event_groups.o
LOAD ./freertos/src/heap_5.o
LOAD ./freertos/src/list.o
LOAD ./freertos/src/port.o
LOAD ./freertos/src/queue.o
LOAD ./freertos/src/stream_buffer.o
LOAD ./freertos/src/tasks.o
LOAD ./freertos/src/timers.o
LOAD ./freertos/FreeRTOS_Trace/trcHardwarePort.o
LOAD ./freertos/FreeRTOS_Trace/trcKernelPort.o
LOAD ./freertos/FreeRTOS_Trace/trcSnapshotRecorder.o
LOAD ./Strategie/Deplacement/0_Deplacements.o
LOAD ./Strategie/Deplacement/1_Obstacles.o
LOAD ./Strategie/Actionneurs/0_Actionneurs.o
LOAD ./Strategie/0_Infos.o
LOAD ./Pathfinding/Astar/Astar.o
LOAD ./Communication/USB/src/cdc_desc.o
LOAD ./Communication/USB/src/cdc_usb_main.o
LOAD ./Communication/USB/src/cdc_vcom.o
LOAD ./Communication/RS485/0_RS485.o
LOAD ./Communication/0_Communication.o
LOAD ./Communication/0_Event_Group.o
LOAD ./Communication/1_Trame_Communication.o
LOAD ./Communication/2_Echange_Datas.o
LOAD ./Communication/2_Echange_Datas_Reception.o
LOAD D:\Developpement_Robot\Robotic-System.git\trunk\Workspaces\MultiWorkSpaces_2021\0_lpc_chip_175x_6x\Release\lib0_lpc_chip_175x_6x.a
LOAD D:\Developpement_Robot\Robotic-System.git\trunk\Workspaces\MultiWorkSpaces_2021\0_lpc_board_nxp_lpcxpresso_1769\Release\lib0_lpc_board_nxp_lpcxpresso_1769.a
LOAD D:\Developpement_Robot\Robotic-System.git\trunk\Workspaces\MultiWorkSpaces_2021\0_lpc_chip_175x_6x\libs\libusbd_175x_6x_lib.a
START GROUP
LOAD c:/nxp/mcuxpressoide_11.2.1_4149/ide/plugins/com.nxp.mcuxpresso.tools.win32_11.2.0.202008311134/tools/bin/../lib/gcc/arm-none-eabi/9.2.1/thumb/v7-m/nofp\libgcc.a
LOAD c:/nxp/mcuxpressoide_11.2.1_4149/ide/plugins/com.nxp.mcuxpresso.tools.win32_11.2.0.202008311134/tools/bin/../lib/gcc/arm-none-eabi/9.2.1/../../../../arm-none-eabi/lib/thumb/v7-m/nofp\libc_nano.a
LOAD c:/nxp/mcuxpressoide_11.2.1_4149/ide/plugins/com.nxp.mcuxpresso.tools.win32_11.2.0.202008311134/tools/bin/../lib/gcc/arm-none-eabi/9.2.1/../../../../arm-none-eabi/lib/thumb/v7-m/nofp\libm.a
LOAD c:/nxp/mcuxpressoide_11.2.1_4149/ide/plugins/com.nxp.mcuxpresso.tools.win32_11.2.0.202008311134/tools/bin/../lib/gcc/arm-none-eabi/9.2.1/../../../../arm-none-eabi/lib/thumb/v7-m/nofp\libcr_newlib_none.a
END GROUP
                0x00010000                __base_MFlash512 = 0x10000
                0x00010000                __base_Flash = 0x10000
                0x00080000                __top_MFlash512 = 0x80000
                0x00080000                __top_Flash = 0x80000
                0x10000000                __base_RamLoc32 = 0x10000000
                0x10000000                __base_RAM = 0x10000000
                0x10008000                __top_RamLoc32 = 0x10008000
                0x10008000                __top_RAM = 0x10008000
                0x2007c000                __base_RamAHB32 = 0x2007c000
                0x2007c000                __base_RAM2 = 0x2007c000
                0x2007c800                __top_RamAHB32 = 0x2007c800
                0x2007c800                __top_RAM2 = 0x2007c800
                0x2007c800                __base_RAM3 = 0x2007c800
                0x2007c800                __base_RAM3 = 0x2007c800
                0x20084000                __top_RAM3 = 0x20084000
                0x20084000                __top_RAM3 = 0x20084000

.text           0x00010000     0x7298
 FILL mask 0xff
                0x00010000                __vectors_start__ = ABSOLUTE (.)
 *(.isr_vector)
 .isr_vector    0x00010000       0xcc ./src/cr_startup_lpc175x_6x.o
                0x00010000                g_pfnVectors
                0x000100cc                . = ALIGN (0x4)
                0x000100cc                __section_table_start = .
                0x000100cc                __data_section_table = .
                0x000100cc        0x4 LONG 0x17298 LOADADDR (.data)
                0x000100d0        0x4 LONG 0x10000000 ADDR (.data)
                0x000100d4        0x4 LONG 0xd0 SIZEOF (.data)
                0x000100d8        0x4 LONG 0x17298 LOADADDR (.data_RAM2)
                0x000100dc        0x4 LONG 0x2007c000 ADDR (.data_RAM2)
                0x000100e0        0x4 LONG 0x0 SIZEOF (.data_RAM2)
                0x000100e4        0x4 LONG 0x17298 LOADADDR (.data_RAM3)
                0x000100e8        0x4 LONG 0x2007c800 ADDR (.data_RAM3)
                0x000100ec        0x4 LONG 0x0 SIZEOF (.data_RAM3)
                0x000100f0                __data_section_table_end = .
                0x000100f0                __bss_section_table = .
                0x000100f0        0x4 LONG 0x100000d0 ADDR (.bss)
                0x000100f4        0x4 LONG 0x52e4 SIZEOF (.bss)
                0x000100f8        0x4 LONG 0x2007c000 ADDR (.bss_RAM2)
                0x000100fc        0x4 LONG 0x0 SIZEOF (.bss_RAM2)
                0x00010100        0x4 LONG 0x2007c800 ADDR (.bss_RAM3)
                0x00010104        0x4 LONG 0x2440 SIZEOF (.bss_RAM3)
                0x00010108                __bss_section_table_end = .
                0x00010108                __section_table_end = .
 *(.after_vectors*)
 .after_vectors
                0x00010108       0x7c ./src/cr_startup_lpc175x_6x.o
                0x00010108                NMI_Handler
                0x0001010a                HardFault_Handler
                0x0001010c                MemManage_Handler
                0x0001010e                BusFault_Handler
                0x00010110                UsageFault_Handler
                0x00010112                DebugMon_Handler
                0x00010114                PWM1_IRQHandler
                0x00010114                USBActivity_IRQHandler
                0x00010114                UART3_IRQHandler
                0x00010114                RIT_IRQHandler
                0x00010114                I2C1_IRQHandler
                0x00010114                EINT2_IRQHandler
                0x00010114                EINT3_IRQHandler
                0x00010114                CANActivity_IRQHandler
                0x00010114                TIMER3_IRQHandler
                0x00010114                UART0_IRQHandler
                0x00010114                DMA_IRQHandler
                0x00010114                I2C0_IRQHandler
                0x00010114                IntDefaultHandler
                0x00010114                PLL0_IRQHandler
                0x00010114                CAN_IRQHandler
                0x00010114                PLL1_IRQHandler
                0x00010114                SSP0_IRQHandler
                0x00010114                I2S_IRQHandler
                0x00010114                I2C2_IRQHandler
                0x00010114                RTC_IRQHandler
                0x00010114                TIMER0_IRQHandler
                0x00010114                SPI_IRQHandler
                0x00010114                ETH_IRQHandler
                0x00010114                EINT1_IRQHandler
                0x00010114                TIMER1_IRQHandler
                0x00010114                UART2_IRQHandler
                0x00010114                ADC_IRQHandler
                0x00010114                SSP1_IRQHandler
                0x00010114                BOD_IRQHandler
                0x00010114                TIMER2_IRQHandler
                0x00010114                WDT_IRQHandler
                0x00010114                EINT0_IRQHandler
                0x00010114                QEI_IRQHandler
                0x00010114                MCPWM_IRQHandler
                0x00010116                data_init
                0x00010128                bss_init
                0x00010138                ResetISR
                0x0001017c                SVC_Handler
                0x0001017e                PendSV_Handler
                0x00010180                SysTick_Handler
                0x000002fc                . = 0x2fc
 *fill*         0x00010184      0x178 ff
                0x000102fc                PROVIDE (__CRP_WORD_START__ = .)
 *(.crp)
 .crp           0x000102fc        0x4 ./src/crp.o
                0x000102fc                CRP_WORD
                0x00010300                PROVIDE (__CRP_WORD_END__ = .)
                0x00000001                ASSERT (! ((__CRP_WORD_START__ == __CRP_WORD_END__)), Linker CRP Enabled, but no CRP_WORD provided within application)
 *(.text*)
 .text.vTask_HartBeat
                0x00010300       0x64 ./src/IA_2021_V0.o
 .text.vConfigureTimerForRunTimeStats
                0x00010364       0x22 ./src/IA_2021_V0.o
                0x00010364                vConfigureTimerForRunTimeStats
 *fill*         0x00010386        0x2 ff
 .text.startup.main
                0x00010388       0x5c ./src/IA_2021_V0.o
                0x00010388                main
 .text.Debug_Trace_Texte
                0x000103e4        0x2 ./src/Init.o
                0x000103e4                Debug_Trace_Texte
 *fill*         0x000103e6        0x2 ff
 .text.Set_Debug_Pin_0_High
                0x000103e8       0x10 ./src/Init.o
                0x000103e8                Set_Debug_Pin_0_High
 .text.Set_Debug_Pin_0_Low
                0x000103f8       0x10 ./src/Init.o
                0x000103f8                Set_Debug_Pin_0_Low
 .text.Set_Debug_Pin_1_Low
                0x00010408       0x10 ./src/Init.o
                0x00010408                Set_Debug_Pin_1_Low
 .text.Init_Carte_IA
                0x00010418       0x5c ./src/Init.o
                0x00010418                Init_Carte_IA
 .text.SystemInit
                0x00010474       0x14 ./src/sysinit.o
                0x00010474                SystemInit
 .text.TEST_init_parametres
                0x00010488       0x44 ./src/test.o
                0x00010488                TEST_init_parametres
 .text.TEST_Deplacement
                0x000104cc       0x98 ./src/test.o
                0x000104cc                TEST_Deplacement
 .text.TEST_envoi_Ping
                0x00010564       0x64 ./src/test.o
                0x00010564                TEST_envoi_Ping
 .text.vApplicationStackOverflowHook
                0x000105c8       0x12 ./freertos/src/FreeRTOSCommonHooks.o
                0x000105c8                vApplicationStackOverflowHook
 .text.xEventGroupCreate
                0x000105da       0x1a ./freertos/src/event_groups.o
                0x000105da                xEventGroupCreate
 .text.xEventGroupWaitBits
                0x000105f4       0xb8 ./freertos/src/event_groups.o
                0x000105f4                xEventGroupWaitBits
 .text.xEventGroupClearBits
                0x000106ac       0x1a ./freertos/src/event_groups.o
                0x000106ac                xEventGroupClearBits
 .text.xEventGroupSetBits
                0x000106c6       0x5c ./freertos/src/event_groups.o
                0x000106c6                xEventGroupSetBits
 .text.vEventGroupSetBitsCallback
                0x00010722        0x4 ./freertos/src/event_groups.o
                0x00010722                vEventGroupSetBitsCallback
 *fill*         0x00010726        0x2 ff
 .text.prvInsertBlockIntoFreeList
                0x00010728       0x48 ./freertos/src/heap_5.o
 .text.pvPortMalloc
                0x00010770       0xb4 ./freertos/src/heap_5.o
                0x00010770                pvPortMalloc
 .text.vPortFree
                0x00010824       0x58 ./freertos/src/heap_5.o
                0x00010824                vPortFree
 .text.vPortDefineHeapRegions
                0x0001087c       0x88 ./freertos/src/heap_5.o
                0x0001087c                vPortDefineHeapRegions
 .text.vListInitialise
                0x00010904       0x16 ./freertos/src/list.o
                0x00010904                vListInitialise
 .text.vListInitialiseItem
                0x0001091a        0x6 ./freertos/src/list.o
                0x0001091a                vListInitialiseItem
 .text.vListInsertEnd
                0x00010920       0x18 ./freertos/src/list.o
                0x00010920                vListInsertEnd
 .text.vListInsert
                0x00010938       0x2e ./freertos/src/list.o
                0x00010938                vListInsert
 .text.uxListRemove
                0x00010966       0x20 ./freertos/src/list.o
                0x00010966                uxListRemove
 .text.prvTaskExitError
                0x00010986       0x20 ./freertos/src/port.o
 *fill*         0x000109a6        0x2 ff
 .text.prvPortStartFirstTask
                0x000109a8       0x20 ./freertos/src/port.o
 .text.pxPortInitialiseStack
                0x000109c8       0x24 ./freertos/src/port.o
                0x000109c8                pxPortInitialiseStack
 *fill*         0x000109ec        0x4 ff
 .text.vPortSVCHandler
                0x000109f0       0x24 ./freertos/src/port.o
                0x000109f0                vPortSVCHandler
 .text.vPortEnterCritical
                0x00010a14       0x20 ./freertos/src/port.o
                0x00010a14                vPortEnterCritical
 .text.vPortExitCritical
                0x00010a34       0x14 ./freertos/src/port.o
                0x00010a34                vPortExitCritical
 *fill*         0x00010a48        0x8 ff
 .text.xPortPendSVHandler
                0x00010a50       0x44 ./freertos/src/port.o
                0x00010a50                xPortPendSVHandler
 .text.xPortSysTickHandler
                0x00010a94       0x2c ./freertos/src/port.o
                0x00010a94                xPortSysTickHandler
 .text.vPortSetupTimerInterrupt
                0x00010ac0       0x24 ./freertos/src/port.o
                0x00010ac0                vPortSetupTimerInterrupt
 .text.xPortStartScheduler
                0x00010ae4       0x38 ./freertos/src/port.o
                0x00010ae4                xPortStartScheduler
 .text.prvIsQueueEmpty
                0x00010b1c       0x16 ./freertos/src/queue.o
 .text.prvCopyDataToQueue
                0x00010b32       0x6a ./freertos/src/queue.o
 .text.prvCopyDataFromQueue
                0x00010b9c       0x28 ./freertos/src/queue.o
 .text.prvUnlockQueue
                0x00010bc4       0x70 ./freertos/src/queue.o
 .text.xQueueGenericReset
                0x00010c34       0x6c ./freertos/src/queue.o
                0x00010c34                xQueueGenericReset
 .text.xQueueGenericCreate
                0x00010ca0       0x2e ./freertos/src/queue.o
                0x00010ca0                xQueueGenericCreate
 *fill*         0x00010cce        0x2 ff
 .text.xQueueGenericSend
                0x00010cd0      0x104 ./freertos/src/queue.o
                0x00010cd0                xQueueGenericSend
 .text.xQueueGenericSendFromISR
                0x00010dd4       0x6a ./freertos/src/queue.o
                0x00010dd4                xQueueGenericSendFromISR
 *fill*         0x00010e3e        0x2 ff
 .text.xQueueReceive
                0x00010e40       0xf0 ./freertos/src/queue.o
                0x00010e40                xQueueReceive
 .text.vQueueAddToRegistry
                0x00010f30       0x24 ./freertos/src/queue.o
                0x00010f30                vQueueAddToRegistry
 .text.vQueueWaitForMessageRestricted
                0x00010f54       0x46 ./freertos/src/queue.o
                0x00010f54                vQueueWaitForMessageRestricted
 *fill*         0x00010f9a        0x2 ff
 .text.prvResetNextTaskUnblockTime
                0x00010f9c       0x24 ./freertos/src/tasks.o
 .text.prvAddCurrentTaskToDelayedList
                0x00010fc0       0x8c ./freertos/src/tasks.o
 .text.prvIdleTask
                0x0001104c       0x6c ./freertos/src/tasks.o
 .text.xTaskCreate
                0x000110b8      0x1d8 ./freertos/src/tasks.o
                0x000110b8                xTaskCreate
 .text.vTaskDelete
                0x00011290       0xbc ./freertos/src/tasks.o
                0x00011290                vTaskDelete
 .text.vTaskStartScheduler
                0x0001134c       0x6c ./freertos/src/tasks.o
                0x0001134c                vTaskStartScheduler
 .text.vTaskSuspendAll
                0x000113b8       0x10 ./freertos/src/tasks.o
                0x000113b8                vTaskSuspendAll
 .text.xTaskGetTickCount
                0x000113c8        0xc ./freertos/src/tasks.o
                0x000113c8                xTaskGetTickCount
 .text.xTaskIncrementTick
                0x000113d4      0x10c ./freertos/src/tasks.o
                0x000113d4                xTaskIncrementTick
 .text.xTaskResumeAll
                0x000114e0       0xd8 ./freertos/src/tasks.o
                0x000114e0                xTaskResumeAll
 .text.vTaskDelayUntil
                0x000115b8       0x4c ./freertos/src/tasks.o
                0x000115b8                vTaskDelayUntil
 .text.vTaskDelay
                0x00011604       0x30 ./freertos/src/tasks.o
                0x00011604                vTaskDelay
 .text.vTaskSwitchContext
                0x00011634       0x90 ./freertos/src/tasks.o
                0x00011634                vTaskSwitchContext
 .text.vTaskPlaceOnEventList
                0x000116c4       0x20 ./freertos/src/tasks.o
                0x000116c4                vTaskPlaceOnEventList
 .text.vTaskPlaceOnUnorderedEventList
                0x000116e4       0x28 ./freertos/src/tasks.o
                0x000116e4                vTaskPlaceOnUnorderedEventList
 .text.vTaskPlaceOnEventListRestricted
                0x0001170c       0x2c ./freertos/src/tasks.o
                0x0001170c                vTaskPlaceOnEventListRestricted
 .text.xTaskRemoveFromEventList
                0x00011738       0x70 ./freertos/src/tasks.o
                0x00011738                xTaskRemoveFromEventList
 .text.vTaskRemoveFromUnorderedEventList
                0x000117a8       0x58 ./freertos/src/tasks.o
                0x000117a8                vTaskRemoveFromUnorderedEventList
 .text.vTaskInternalSetTimeOutState
                0x00011800       0x18 ./freertos/src/tasks.o
                0x00011800                vTaskInternalSetTimeOutState
 .text.xTaskCheckForTimeOut
                0x00011818       0x50 ./freertos/src/tasks.o
                0x00011818                xTaskCheckForTimeOut
 .text.vTaskMissedYield
                0x00011868        0xc ./freertos/src/tasks.o
                0x00011868                vTaskMissedYield
 .text.xTaskGetCurrentTaskHandle
                0x00011874        0xc ./freertos/src/tasks.o
                0x00011874                xTaskGetCurrentTaskHandle
 .text.xTaskGetSchedulerState
                0x00011880       0x20 ./freertos/src/tasks.o
                0x00011880                xTaskGetSchedulerState
 .text.xTaskPriorityDisinherit
                0x000118a0       0x70 ./freertos/src/tasks.o
                0x000118a0                xTaskPriorityDisinherit
 .text.uxTaskResetEventItemValue
                0x00011910       0x18 ./freertos/src/tasks.o
                0x00011910                uxTaskResetEventItemValue
 .text.prvCheckForValidListAndQueue
                0x00011928       0x58 ./freertos/src/timers.o
 .text.prvInsertTimerInActiveList
                0x00011980       0x3c ./freertos/src/timers.o
 .text.xTimerCreateTimerTask
                0x000119bc       0x38 ./freertos/src/timers.o
                0x000119bc                xTimerCreateTimerTask
 .text.xTimerGenericCommand
                0x000119f4       0x44 ./freertos/src/timers.o
                0x000119f4                xTimerGenericCommand
 .text.prvSwitchTimerLists
                0x00011a38       0x6c ./freertos/src/timers.o
 .text.prvTimerTask
                0x00011aa4      0x1b8 ./freertos/src/timers.o
 .text.xTimerPendFunctionCallFromISR
                0x00011c5c       0x28 ./freertos/src/timers.o
                0x00011c5c                xTimerPendFunctionCallFromISR
 .text._0_Deplacement_Init
                0x00011c84       0x10 ./Strategie/Deplacement/0_Deplacements.o
                0x00011c84                _0_Deplacement_Init
 .text.Distance_To_Destination
                0x00011c94       0x48 ./Strategie/Deplacement/0_Deplacements.o
                0x00011c94                Distance_To_Destination
 .text._0_Deplacement_Wait_For_Arrival
                0x00011cdc       0x7c ./Strategie/Deplacement/0_Deplacements.o
                0x00011cdc                _0_Deplacement_Wait_For_Arrival
 .text.Distance_Two_Points
                0x00011d58       0x1c ./Strategie/Deplacement/0_Deplacements.o
                0x00011d58                Distance_Two_Points
 .text._0_Deplacement_ASTAR
                0x00011d74      0x234 ./Strategie/Deplacement/0_Deplacements.o
                0x00011d74                _0_Deplacement_ASTAR
 .text._0_Deplacement_Tourne_Avance
                0x00011fa8       0xc0 ./Strategie/Deplacement/0_Deplacements.o
                0x00011fa8                _0_Deplacement_Tourne_Avance
 .text._0_Deplacement_Tourne_Avance_ASTAR
                0x00012068       0x90 ./Strategie/Deplacement/0_Deplacements.o
                0x00012068                _0_Deplacement_Tourne_Avance_ASTAR
 .text._1_TEST_Obstacles_Opponent_Robots
                0x000120f8       0x7e ./Strategie/Deplacement/1_Obstacles.o
                0x000120f8                _1_TEST_Obstacles_Opponent_Robots
 .text._1_Obstacles_Create_Terrain_Border
                0x00012176       0xa4 ./Strategie/Deplacement/1_Obstacles.o
                0x00012176                _1_Obstacles_Create_Terrain_Border
 *fill*         0x0001221a        0x2 ff
 .text._0_Infos_Init
                0x0001221c       0x10 ./Strategie/0_Infos.o
                0x0001221c                _0_Infos_Init
 .text._0_Update_Card_Datas
                0x0001222c       0x20 ./Strategie/0_Infos.o
                0x0001222c                _0_Update_Card_Datas
 .text._0_Get_Robot_Position
                0x0001224c       0x4c ./Strategie/0_Infos.o
                0x0001224c                _0_Get_Robot_Position
 .text.Astar_Map_Init
                0x00012298      0x100 ./Pathfinding/Astar/Astar.o
                0x00012298                Astar_Map_Init
 .text.Astar_Get_Map
                0x00012398        0x8 ./Pathfinding/Astar/Astar.o
                0x00012398                Astar_Get_Map
 .text.Astar_Get_Vector_Map
                0x000123a0        0x8 ./Pathfinding/Astar/Astar.o
                0x000123a0                Astar_Get_Vector_Map
 .text.Astar_Find_Best_Node_To_Compute
                0x000123a8       0x8c ./Pathfinding/Astar/Astar.o
                0x000123a8                Astar_Find_Best_Node_To_Compute
 .text.Astar_Compute_Node
                0x00012434       0xb4 ./Pathfinding/Astar/Astar.o
                0x00012434                Astar_Compute_Node
 .text.Astar_Compute_Surronding_Nodes
                0x000124e8      0x232 ./Pathfinding/Astar/Astar.o
                0x000124e8                Astar_Compute_Surronding_Nodes
 .text.Dijkstra_intersect_segment
                0x0001271a      0x2a2 ./Pathfinding/Astar/Astar.o
                0x0001271a                Dijkstra_intersect_segment
 .text.Dijkstra_Intersect_Any_Segment
                0x000129bc       0x42 ./Pathfinding/Astar/Astar.o
                0x000129bc                Dijkstra_Intersect_Any_Segment
 .text.Astar_Smoothing
                0x000129fe       0x7a ./Pathfinding/Astar/Astar.o
                0x000129fe                Astar_Smoothing
 .text.Astar_Generate_Trajectory
                0x00012a78       0x90 ./Pathfinding/Astar/Astar.o
                0x00012a78                Astar_Generate_Trajectory
 .text.Astar_Find_Path
                0x00012b08       0xe0 ./Pathfinding/Astar/Astar.o
                0x00012b08                Astar_Find_Path
 .text.Astar_Debug_Display_Map
                0x00012be8        0x2 ./Pathfinding/Astar/Astar.o
                0x00012be8                Astar_Debug_Display_Map
 .text.Astar_Add_Obstacle_Vector
                0x00012bea       0x8c ./Pathfinding/Astar/Astar.o
                0x00012bea                Astar_Add_Obstacle_Vector
 .text.Astar_Add_Rectangular_Obstacle
                0x00012c76       0xb6 ./Pathfinding/Astar/Astar.o
                0x00012c76                Astar_Add_Rectangular_Obstacle
 .text.find_IntfDesc
                0x00012d2c       0x18 ./Communication/USB/src/cdc_usb_main.o
                0x00012d2c                find_IntfDesc
 .text.usb_main
                0x00012d44       0xa0 ./Communication/USB/src/cdc_usb_main.o
                0x00012d44                usb_main
 .text.VCOM_bulk_in_hdlr
                0x00012de4       0x14 ./Communication/USB/src/cdc_vcom.o
 .text.VCOM_SetLineCode
                0x00012df8       0x10 ./Communication/USB/src/cdc_vcom.o
 .text.VCOM_bulk_out_hdlr
                0x00012e08       0x8c ./Communication/USB/src/cdc_vcom.o
 .text.vcom_init
                0x00012e94       0xa4 ./Communication/USB/src/cdc_vcom.o
                0x00012e94                vcom_init
 .text.vcom_bread
                0x00012f38       0x54 ./Communication/USB/src/cdc_vcom.o
                0x00012f38                vcom_bread
 .text.vcom_write
                0x00012f8c       0x4c ./Communication/USB/src/cdc_vcom.o
                0x00012f8c                vcom_write
 .text._0_RS485_Master_Mode
                0x00012fd8       0x16 ./Communication/RS485/0_RS485.o
                0x00012fd8                _0_RS485_Master_Mode
 .text._0_RS485_Slave_Mode
                0x00012fee       0x16 ./Communication/RS485/0_RS485.o
                0x00012fee                _0_RS485_Slave_Mode
 .text._0_RS485_Init
                0x00013004       0x54 ./Communication/RS485/0_RS485.o
                0x00013004                _0_RS485_Init
 .text._0_Communication_Send_RS485
                0x00013058       0x6a ./Communication/0_Communication.o
                0x00013058                _0_Communication_Send_RS485
 *fill*         0x000130c2        0x2 ff
 .text._0_Communication_Send_USB
                0x000130c4       0x20 ./Communication/0_Communication.o
                0x000130c4                _0_Communication_Send_USB
 .text.Chip_UART_SendByte
                0x000130e4        0x4 ./Communication/0_Communication.o
 .text.Chip_UART_ReadLineStatus
                0x000130e8        0x4 ./Communication/0_Communication.o
 .text._0_Communication_Init_USB
                0x000130ec       0x14 ./Communication/0_Communication.o
                0x000130ec                _0_Communication_Init_USB
 .text._0_Communication_Init_RS485
                0x00013100       0xa0 ./Communication/0_Communication.o
                0x00013100                _0_Communication_Init_RS485
 .text._0_Communication_Init
                0x000131a0       0x5c ./Communication/0_Communication.o
                0x000131a0                _0_Communication_Init
 .text.UART1_IRQHandler
                0x000131fc       0x9c ./Communication/0_Communication.o
                0x000131fc                UART1_IRQHandler
 .text.USB_IRQHandler
                0x00013298       0xb0 ./Communication/0_Communication.o
                0x00013298                USB_IRQHandler
 .text._0_Communication_Send_Data
                0x00013348       0x98 ./Communication/0_Communication.o
                0x00013348                _0_Communication_Send_Data
 .text._0_Communication_Init_Event_Group
                0x000133e0       0x10 ./Communication/0_Event_Group.o
                0x000133e0                _0_Communication_Init_Event_Group
 .text._1_Communication_Create_Trame_From_Buffer
                0x000133f0      0x2d4 ./Communication/1_Trame_Communication.o
                0x000133f0                _1_Communication_Create_Trame_From_Buffer
 .text._1_Communication_Check_Rx_Adresse
                0x000136c4       0x24 ./Communication/1_Trame_Communication.o
                0x000136c4                _1_Communication_Check_Rx_Adresse
 .text._1_Communication_Recomposition_Rx
                0x000136e8       0x6c ./Communication/1_Trame_Communication.o
                0x000136e8                _1_Communication_Recomposition_Rx
 .text._1_Communication_Create_Queues_Semaphores
                0x00013754       0x30 ./Communication/1_Trame_Communication.o
                0x00013754                _1_Communication_Create_Queues_Semaphores
 .text._1_Communication_Init
                0x00013784       0x30 ./Communication/1_Trame_Communication.o
                0x00013784                _1_Communication_Init
 .text._1_Communication_Wait_To_Send
                0x000137b4       0x20 ./Communication/1_Trame_Communication.o
                0x000137b4                _1_Communication_Wait_To_Send
 .text._1_Communication_Free_Send_Bit
                0x000137d4       0x10 ./Communication/1_Trame_Communication.o
                0x000137d4                _1_Communication_Free_Send_Bit
 .text._1_Communication_Wait_To_Receive
                0x000137e4       0x20 ./Communication/1_Trame_Communication.o
                0x000137e4                _1_Communication_Wait_To_Receive
 .text._1_Communication_Free_Receive_Bit
                0x00013804       0x10 ./Communication/1_Trame_Communication.o
                0x00013804                _1_Communication_Free_Receive_Bit
 .text._1_Communication_Create_Trame
                0x00013814       0xa0 ./Communication/1_Trame_Communication.o
                0x00013814                _1_Communication_Create_Trame
 .text._2_Communication_Init
                0x000138b4       0x10 ./Communication/2_Echange_Datas.o
                0x000138b4                _2_Communication_Init
 .text._2_Comm_Send_Demande_Info
                0x000138c4       0x34 ./Communication/2_Echange_Datas.o
                0x000138c4                _2_Comm_Send_Demande_Info
 .text._2_Comm_Send_PING
                0x000138f8       0x34 ./Communication/2_Echange_Datas.o
                0x000138f8                _2_Comm_Send_PING
 .text._2_Comm_Send_Log_Message
                0x0001392c      0x104 ./Communication/2_Echange_Datas.o
                0x0001392c                _2_Comm_Send_Log_Message
 .text._2_Comm_Send_Destination_Robot
                0x00013a30       0x8c ./Communication/2_Echange_Datas.o
                0x00013a30                _2_Comm_Send_Destination_Robot
 .text._2_Comm_Send_PONG
                0x00013abc       0x6c ./Communication/2_Echange_Datas.o
                0x00013abc                _2_Comm_Send_PONG
 .text._2_Communication_Boards_Status
                0x00013b28       0x38 ./Communication/2_Echange_Datas.o
                0x00013b28                _2_Communication_Boards_Status
 .text._2_Communication_RX_Lectures_Messages
                0x00013b60       0x98 ./Communication/2_Echange_Datas_Reception.o
                0x00013b60                _2_Communication_RX_Lectures_Messages
 .text._2_Communication_RX_Init
                0x00013bf8       0x2c ./Communication/2_Echange_Datas_Reception.o
                0x00013bf8                _2_Communication_RX_Init
 .text.SystemCoreClockUpdate
                0x00013c24       0x10 D:\Developpement_Robot\Robotic-System.git\trunk\Workspaces\MultiWorkSpaces_2021\0_lpc_chip_175x_6x\Release\lib0_lpc_chip_175x_6x.a(chip_17xx_40xx.o)
                0x00013c24                SystemCoreClockUpdate
 .text.Chip_USB_Init
                0x00013c34       0x40 D:\Developpement_Robot\Robotic-System.git\trunk\Workspaces\MultiWorkSpaces_2021\0_lpc_chip_175x_6x\Release\lib0_lpc_chip_175x_6x.a(chip_17xx_40xx.o)
                0x00013c34                Chip_USB_Init
 .text.Chip_Clock_EnablePLL
                0x00013c74       0x24 D:\Developpement_Robot\Robotic-System.git\trunk\Workspaces\MultiWorkSpaces_2021\0_lpc_chip_175x_6x\Release\lib0_lpc_chip_175x_6x.a(clock_17xx_40xx.o)
                0x00013c74                Chip_Clock_EnablePLL
 .text.Chip_Clock_DisablePLL
                0x00013c98       0x26 D:\Developpement_Robot\Robotic-System.git\trunk\Workspaces\MultiWorkSpaces_2021\0_lpc_chip_175x_6x\Release\lib0_lpc_chip_175x_6x.a(clock_17xx_40xx.o)
                0x00013c98                Chip_Clock_DisablePLL
 .text.Chip_Clock_SetupPLL
                0x00013cbe       0x30 D:\Developpement_Robot\Robotic-System.git\trunk\Workspaces\MultiWorkSpaces_2021\0_lpc_chip_175x_6x\Release\lib0_lpc_chip_175x_6x.a(clock_17xx_40xx.o)
                0x00013cbe                Chip_Clock_SetupPLL
 *fill*         0x00013cee        0x2 ff
 .text.Chip_Clock_EnablePeriphClock
                0x00013cf0       0x18 D:\Developpement_Robot\Robotic-System.git\trunk\Workspaces\MultiWorkSpaces_2021\0_lpc_chip_175x_6x\Release\lib0_lpc_chip_175x_6x.a(clock_17xx_40xx.o)
                0x00013cf0                Chip_Clock_EnablePeriphClock
 .text.Chip_Clock_GetCPUClockSource
                0x00013d08       0x10 D:\Developpement_Robot\Robotic-System.git\trunk\Workspaces\MultiWorkSpaces_2021\0_lpc_chip_175x_6x\Release\lib0_lpc_chip_175x_6x.a(clock_17xx_40xx.o)
                0x00013d08                Chip_Clock_GetCPUClockSource
 .text.Chip_Clock_SetCPUClockDiv
                0x00013d18        0xc D:\Developpement_Robot\Robotic-System.git\trunk\Workspaces\MultiWorkSpaces_2021\0_lpc_chip_175x_6x\Release\lib0_lpc_chip_175x_6x.a(clock_17xx_40xx.o)
                0x00013d18                Chip_Clock_SetCPUClockDiv
 .text.Chip_Clock_GetCPUClockDiv
                0x00013d24       0x10 D:\Developpement_Robot\Robotic-System.git\trunk\Workspaces\MultiWorkSpaces_2021\0_lpc_chip_175x_6x\Release\lib0_lpc_chip_175x_6x.a(clock_17xx_40xx.o)
                0x00013d24                Chip_Clock_GetCPUClockDiv
 .text.Chip_Clock_GetPCLKDiv
                0x00013d34       0x38 D:\Developpement_Robot\Robotic-System.git\trunk\Workspaces\MultiWorkSpaces_2021\0_lpc_chip_175x_6x\Release\lib0_lpc_chip_175x_6x.a(clock_17xx_40xx.o)
                0x00013d34                Chip_Clock_GetPCLKDiv
 .text.Chip_Clock_GetSYSCLKRate
                0x00013d6c       0x38 D:\Developpement_Robot\Robotic-System.git\trunk\Workspaces\MultiWorkSpaces_2021\0_lpc_chip_175x_6x\Release\lib0_lpc_chip_175x_6x.a(clock_17xx_40xx.o)
                0x00013d6c                Chip_Clock_GetSYSCLKRate
 .text.Chip_Clock_GetMainPLLOutClockRate
                0x00013da4       0x34 D:\Developpement_Robot\Robotic-System.git\trunk\Workspaces\MultiWorkSpaces_2021\0_lpc_chip_175x_6x\Release\lib0_lpc_chip_175x_6x.a(clock_17xx_40xx.o)
                0x00013da4                Chip_Clock_GetMainPLLOutClockRate
 .text.Chip_Clock_GetMainClockRate
                0x00013dd8       0x20 D:\Developpement_Robot\Robotic-System.git\trunk\Workspaces\MultiWorkSpaces_2021\0_lpc_chip_175x_6x\Release\lib0_lpc_chip_175x_6x.a(clock_17xx_40xx.o)
                0x00013dd8                Chip_Clock_GetMainClockRate
 .text.Chip_Clock_GetSystemClockRate
                0x00013df8       0x12 D:\Developpement_Robot\Robotic-System.git\trunk\Workspaces\MultiWorkSpaces_2021\0_lpc_chip_175x_6x\Release\lib0_lpc_chip_175x_6x.a(clock_17xx_40xx.o)
                0x00013df8                Chip_Clock_GetSystemClockRate
 .text.Chip_Clock_GetPeripheralClockRate
                0x00013e0a       0x16 D:\Developpement_Robot\Robotic-System.git\trunk\Workspaces\MultiWorkSpaces_2021\0_lpc_chip_175x_6x\Release\lib0_lpc_chip_175x_6x.a(clock_17xx_40xx.o)
                0x00013e0a                Chip_Clock_GetPeripheralClockRate
 .text.RingBuffer_Init
                0x00013e20       0x10 D:\Developpement_Robot\Robotic-System.git\trunk\Workspaces\MultiWorkSpaces_2021\0_lpc_chip_175x_6x\Release\lib0_lpc_chip_175x_6x.a(ring_buffer.o)
                0x00013e20                RingBuffer_Init
 .text.RingBuffer_Insert
                0x00013e30       0x30 D:\Developpement_Robot\Robotic-System.git\trunk\Workspaces\MultiWorkSpaces_2021\0_lpc_chip_175x_6x\Release\lib0_lpc_chip_175x_6x.a(ring_buffer.o)
                0x00013e30                RingBuffer_Insert
 .text.RingBuffer_InsertMult
                0x00013e60       0x8c D:\Developpement_Robot\Robotic-System.git\trunk\Workspaces\MultiWorkSpaces_2021\0_lpc_chip_175x_6x\Release\lib0_lpc_chip_175x_6x.a(ring_buffer.o)
                0x00013e60                RingBuffer_InsertMult
 .text.RingBuffer_Pop
                0x00013eec       0x30 D:\Developpement_Robot\Robotic-System.git\trunk\Workspaces\MultiWorkSpaces_2021\0_lpc_chip_175x_6x\Release\lib0_lpc_chip_175x_6x.a(ring_buffer.o)
                0x00013eec                RingBuffer_Pop
 .text.RingBuffer_PopMult
                0x00013f1c       0x7e D:\Developpement_Robot\Robotic-System.git\trunk\Workspaces\MultiWorkSpaces_2021\0_lpc_chip_175x_6x\Release\lib0_lpc_chip_175x_6x.a(ring_buffer.o)
                0x00013f1c                RingBuffer_PopMult
 .text.RingBuffer_Count
                0x00013f9a        0x8 D:\Developpement_Robot\Robotic-System.git\trunk\Workspaces\MultiWorkSpaces_2021\0_lpc_chip_175x_6x\Release\lib0_lpc_chip_175x_6x.a(ring_buffer.o)
                0x00013f9a                RingBuffer_Count
 *fill*         0x00013fa2        0x2 ff
 .text.StopWatch_Init
                0x00013fa4       0x4c D:\Developpement_Robot\Robotic-System.git\trunk\Workspaces\MultiWorkSpaces_2021\0_lpc_chip_175x_6x\Release\lib0_lpc_chip_175x_6x.a(stopwatch_17xx_40xx.o)
                0x00013fa4                StopWatch_Init
 .text.Chip_SetupIrcClocking
                0x00013ff0       0x64 D:\Developpement_Robot\Robotic-System.git\trunk\Workspaces\MultiWorkSpaces_2021\0_lpc_chip_175x_6x\Release\lib0_lpc_chip_175x_6x.a(sysinit_17xx_40xx.o)
                0x00013ff0                Chip_SetupIrcClocking
 .text.Chip_SetupXtalClocking
                0x00014054       0xdc D:\Developpement_Robot\Robotic-System.git\trunk\Workspaces\MultiWorkSpaces_2021\0_lpc_chip_175x_6x\Release\lib0_lpc_chip_175x_6x.a(sysinit_17xx_40xx.o)
                0x00014054                Chip_SetupXtalClocking
 .text.Chip_SystemInit
                0x00014130        0x4 D:\Developpement_Robot\Robotic-System.git\trunk\Workspaces\MultiWorkSpaces_2021\0_lpc_chip_175x_6x\Release\lib0_lpc_chip_175x_6x.a(sysinit_17xx_40xx.o)
                0x00014130                Chip_SystemInit
 .text.Chip_TIMER_Init
                0x00014134       0x2c D:\Developpement_Robot\Robotic-System.git\trunk\Workspaces\MultiWorkSpaces_2021\0_lpc_chip_175x_6x\Release\lib0_lpc_chip_175x_6x.a(timer_17xx_40xx.o)
                0x00014134                Chip_TIMER_Init
 .text.Chip_UART_Init
                0x00014160       0x58 D:\Developpement_Robot\Robotic-System.git\trunk\Workspaces\MultiWorkSpaces_2021\0_lpc_chip_175x_6x\Release\lib0_lpc_chip_175x_6x.a(uart_17xx_40xx.o)
                0x00014160                Chip_UART_Init
 .text.Chip_UART_TXEnable
                0x000141b8        0x6 D:\Developpement_Robot\Robotic-System.git\trunk\Workspaces\MultiWorkSpaces_2021\0_lpc_chip_175x_6x\Release\lib0_lpc_chip_175x_6x.a(uart_17xx_40xx.o)
                0x000141b8                Chip_UART_TXEnable
 *fill*         0x000141be        0x2 ff
 .text.Chip_UART_SetBaud
                0x000141c0       0x58 D:\Developpement_Robot\Robotic-System.git\trunk\Workspaces\MultiWorkSpaces_2021\0_lpc_chip_175x_6x\Release\lib0_lpc_chip_175x_6x.a(uart_17xx_40xx.o)
                0x000141c0                Chip_UART_SetBaud
 .text.Chip_UART_RXIntHandlerRB
                0x00014218       0x22 D:\Developpement_Robot\Robotic-System.git\trunk\Workspaces\MultiWorkSpaces_2021\0_lpc_chip_175x_6x\Release\lib0_lpc_chip_175x_6x.a(uart_17xx_40xx.o)
                0x00014218                Chip_UART_RXIntHandlerRB
 .text.Chip_UART_TXIntHandlerRB
                0x0001423a       0x24 D:\Developpement_Robot\Robotic-System.git\trunk\Workspaces\MultiWorkSpaces_2021\0_lpc_chip_175x_6x\Release\lib0_lpc_chip_175x_6x.a(uart_17xx_40xx.o)
                0x0001423a                Chip_UART_TXIntHandlerRB
 *fill*         0x0001425e        0x2 ff
 .text.Chip_UART_IRQRBHandler
                0x00014260       0x68 D:\Developpement_Robot\Robotic-System.git\trunk\Workspaces\MultiWorkSpaces_2021\0_lpc_chip_175x_6x\Release\lib0_lpc_chip_175x_6x.a(uart_17xx_40xx.o)
                0x00014260                Chip_UART_IRQRBHandler
 .text.Set_Clock_in
                0x000142c8        0xc D:\Developpement_Robot\Robotic-System.git\trunk\Workspaces\MultiWorkSpaces_2021\0_lpc_board_nxp_lpcxpresso_1769\Release\lib0_lpc_board_nxp_lpcxpresso_1769.a(board.o)
                0x000142c8                Set_Clock_in
 .text.Board_Init
                0x000142d4       0x12 D:\Developpement_Robot\Robotic-System.git\trunk\Workspaces\MultiWorkSpaces_2021\0_lpc_board_nxp_lpcxpresso_1769\Release\lib0_lpc_board_nxp_lpcxpresso_1769.a(board.o)
                0x000142d4                Board_Init
 *fill*         0x000142e6        0x2 ff
 .text.Board_USBD_Init
                0x000142e8       0x50 D:\Developpement_Robot\Robotic-System.git\trunk\Workspaces\MultiWorkSpaces_2021\0_lpc_board_nxp_lpcxpresso_1769\Release\lib0_lpc_board_nxp_lpcxpresso_1769.a(board.o)
                0x000142e8                Board_USBD_Init
 .text.EPAdr    0x00014338       0x10 D:\Developpement_Robot\Robotic-System.git\trunk\Workspaces\MultiWorkSpaces_2021\0_lpc_chip_175x_6x\libs\libusbd_175x_6x_lib.a(hw_usbd_ip3503.o)
                0x00014338                EPAdr
 .text.hwWrCmd  0x00014348       0x10 D:\Developpement_Robot\Robotic-System.git\trunk\Workspaces\MultiWorkSpaces_2021\0_lpc_chip_175x_6x\libs\libusbd_175x_6x_lib.a(hw_usbd_ip3503.o)
                0x00014348                hwWrCmd
 .text.hwWrCmdDat
                0x00014358       0x16 D:\Developpement_Robot\Robotic-System.git\trunk\Workspaces\MultiWorkSpaces_2021\0_lpc_chip_175x_6x\libs\libusbd_175x_6x_lib.a(hw_usbd_ip3503.o)
                0x00014358                hwWrCmdDat
 .text.hwWrCmdEP
                0x0001436e       0x24 D:\Developpement_Robot\Robotic-System.git\trunk\Workspaces\MultiWorkSpaces_2021\0_lpc_chip_175x_6x\libs\libusbd_175x_6x_lib.a(hw_usbd_ip3503.o)
                0x0001436e                hwWrCmdEP
 .text.hwRdCmdDat
                0x00014392       0x12 D:\Developpement_Robot\Robotic-System.git\trunk\Workspaces\MultiWorkSpaces_2021\0_lpc_chip_175x_6x\libs\libusbd_175x_6x_lib.a(hw_usbd_ip3503.o)
                0x00014392                hwRdCmdDat
 .text.hwUSB_GetMemSize
                0x000143a4        0x6 D:\Developpement_Robot\Robotic-System.git\trunk\Workspaces\MultiWorkSpaces_2021\0_lpc_chip_175x_6x\libs\libusbd_175x_6x_lib.a(hw_usbd_ip3503.o)
                0x000143a4                hwUSB_GetMemSize
 *fill*         0x000143aa        0x2 ff
 .text.hwUSB_Connect
                0x000143ac       0x1c D:\Developpement_Robot\Robotic-System.git\trunk\Workspaces\MultiWorkSpaces_2021\0_lpc_chip_175x_6x\libs\libusbd_175x_6x_lib.a(hw_usbd_ip3503.o)
                0x000143ac                hwUSB_Connect
 .text.hwUSB_Reset
                0x000143c8       0x30 D:\Developpement_Robot\Robotic-System.git\trunk\Workspaces\MultiWorkSpaces_2021\0_lpc_chip_175x_6x\libs\libusbd_175x_6x_lib.a(hw_usbd_ip3503.o)
                0x000143c8                hwUSB_Reset
 .text.hwUSB_WakeUp
                0x000143f8       0x20 D:\Developpement_Robot\Robotic-System.git\trunk\Workspaces\MultiWorkSpaces_2021\0_lpc_chip_175x_6x\libs\libusbd_175x_6x_lib.a(hw_usbd_ip3503.o)
                0x000143f8                hwUSB_WakeUp
 .text.hwUSB_WakeUpCfg
                0x00014418        0x2 D:\Developpement_Robot\Robotic-System.git\trunk\Workspaces\MultiWorkSpaces_2021\0_lpc_chip_175x_6x\libs\libusbd_175x_6x_lib.a(hw_usbd_ip3503.o)
                0x00014418                hwUSB_WakeUpCfg
 *fill*         0x0001441a        0x2 ff
 .text.hwUSB_SetAddress
                0x0001441c       0x30 D:\Developpement_Robot\Robotic-System.git\trunk\Workspaces\MultiWorkSpaces_2021\0_lpc_chip_175x_6x\libs\libusbd_175x_6x_lib.a(hw_usbd_ip3503.o)
                0x0001441c                hwUSB_SetAddress
 .text.hwUSB_Init
                0x0001444c       0x84 D:\Developpement_Robot\Robotic-System.git\trunk\Workspaces\MultiWorkSpaces_2021\0_lpc_chip_175x_6x\libs\libusbd_175x_6x_lib.a(hw_usbd_ip3503.o)
                0x0001444c                hwUSB_Init
 .text.hwUSB_Configure
                0x000144d0       0x34 D:\Developpement_Robot\Robotic-System.git\trunk\Workspaces\MultiWorkSpaces_2021\0_lpc_chip_175x_6x\libs\libusbd_175x_6x_lib.a(hw_usbd_ip3503.o)
                0x000144d0                hwUSB_Configure
 .text.hwUSB_ConfigEP
                0x00014504       0x32 D:\Developpement_Robot\Robotic-System.git\trunk\Workspaces\MultiWorkSpaces_2021\0_lpc_chip_175x_6x\libs\libusbd_175x_6x_lib.a(hw_usbd_ip3503.o)
                0x00014504                hwUSB_ConfigEP
 .text.hwUSB_DirCtrlEP
                0x00014536        0x2 D:\Developpement_Robot\Robotic-System.git\trunk\Workspaces\MultiWorkSpaces_2021\0_lpc_chip_175x_6x\libs\libusbd_175x_6x_lib.a(hw_usbd_ip3503.o)
                0x00014536                hwUSB_DirCtrlEP
 .text.hwUSB_EnableEP
                0x00014538       0x24 D:\Developpement_Robot\Robotic-System.git\trunk\Workspaces\MultiWorkSpaces_2021\0_lpc_chip_175x_6x\libs\libusbd_175x_6x_lib.a(hw_usbd_ip3503.o)
                0x00014538                hwUSB_EnableEP
 .text.hwUSB_DisableEP
                0x0001455c       0x28 D:\Developpement_Robot\Robotic-System.git\trunk\Workspaces\MultiWorkSpaces_2021\0_lpc_chip_175x_6x\libs\libusbd_175x_6x_lib.a(hw_usbd_ip3503.o)
                0x0001455c                hwUSB_DisableEP
 .text.hwUSB_ResetEP
                0x00014584       0x24 D:\Developpement_Robot\Robotic-System.git\trunk\Workspaces\MultiWorkSpaces_2021\0_lpc_chip_175x_6x\libs\libusbd_175x_6x_lib.a(hw_usbd_ip3503.o)
                0x00014584                hwUSB_ResetEP
 .text.hwUSB_SetStallEP
                0x000145a8       0x28 D:\Developpement_Robot\Robotic-System.git\trunk\Workspaces\MultiWorkSpaces_2021\0_lpc_chip_175x_6x\libs\libusbd_175x_6x_lib.a(hw_usbd_ip3503.o)
                0x000145a8                hwUSB_SetStallEP
 .text.hwUSB_ClrStallEP
                0x000145d0       0x24 D:\Developpement_Robot\Robotic-System.git\trunk\Workspaces\MultiWorkSpaces_2021\0_lpc_chip_175x_6x\libs\libusbd_175x_6x_lib.a(hw_usbd_ip3503.o)
                0x000145d0                hwUSB_ClrStallEP
 .text.hwUSB_EnableEvent
                0x000145f4       0xd8 D:\Developpement_Robot\Robotic-System.git\trunk\Workspaces\MultiWorkSpaces_2021\0_lpc_chip_175x_6x\libs\libusbd_175x_6x_lib.a(hw_usbd_ip3503.o)
                0x000145f4                hwUSB_EnableEvent
 .text.hwUSB_ReadEP
                0x000146cc       0x80 D:\Developpement_Robot\Robotic-System.git\trunk\Workspaces\MultiWorkSpaces_2021\0_lpc_chip_175x_6x\libs\libusbd_175x_6x_lib.a(hw_usbd_ip3503.o)
                0x000146cc                hwUSB_ReadEP
 .text.hwUSB_ForceFullSpeed
                0x0001474c        0x2 D:\Developpement_Robot\Robotic-System.git\trunk\Workspaces\MultiWorkSpaces_2021\0_lpc_chip_175x_6x\libs\libusbd_175x_6x_lib.a(hw_usbd_ip3503.o)
                0x0001474c                hwUSB_ForceFullSpeed
 .text.hwUSB_SetTestMode
                0x0001474e        0x4 D:\Developpement_Robot\Robotic-System.git\trunk\Workspaces\MultiWorkSpaces_2021\0_lpc_chip_175x_6x\libs\libusbd_175x_6x_lib.a(hw_usbd_ip3503.o)
                0x0001474e                hwUSB_SetTestMode
 .text.hwUSB_ReadReqEP
                0x00014752        0x4 D:\Developpement_Robot\Robotic-System.git\trunk\Workspaces\MultiWorkSpaces_2021\0_lpc_chip_175x_6x\libs\libusbd_175x_6x_lib.a(hw_usbd_ip3503.o)
                0x00014752                hwUSB_ReadReqEP
 .text.hwUSB_ReadSetupPkt
                0x00014756        0x4 D:\Developpement_Robot\Robotic-System.git\trunk\Workspaces\MultiWorkSpaces_2021\0_lpc_chip_175x_6x\libs\libusbd_175x_6x_lib.a(hw_usbd_ip3503.o)
                0x00014756                hwUSB_ReadSetupPkt
 *fill*         0x0001475a        0x2 ff
 .text.hwUSB_WriteEP
                0x0001475c       0x44 D:\Developpement_Robot\Robotic-System.git\trunk\Workspaces\MultiWorkSpaces_2021\0_lpc_chip_175x_6x\libs\libusbd_175x_6x_lib.a(hw_usbd_ip3503.o)
                0x0001475c                hwUSB_WriteEP
 .text.hwUSB_ISR
                0x000147a0      0x1a0 D:\Developpement_Robot\Robotic-System.git\trunk\Workspaces\MultiWorkSpaces_2021\0_lpc_chip_175x_6x\libs\libusbd_175x_6x_lib.a(hw_usbd_ip3503.o)
                0x000147a0                hwUSB_ISR
 .text.mwCDC_SetRequest
                0x00014940       0x7c D:\Developpement_Robot\Robotic-System.git\trunk\Workspaces\MultiWorkSpaces_2021\0_lpc_chip_175x_6x\libs\libusbd_175x_6x_lib.a(mw_usbd_cdcuser.o)
                0x00014940                mwCDC_SetRequest
 .text.mwCDC_ep0_hdlr
                0x000149bc       0xb0 D:\Developpement_Robot\Robotic-System.git\trunk\Workspaces\MultiWorkSpaces_2021\0_lpc_chip_175x_6x\libs\libusbd_175x_6x_lib.a(mw_usbd_cdcuser.o)
                0x000149bc                mwCDC_ep0_hdlr
 .text.mwCDC_GetRequest
                0x00014a6c       0x50 D:\Developpement_Robot\Robotic-System.git\trunk\Workspaces\MultiWorkSpaces_2021\0_lpc_chip_175x_6x\libs\libusbd_175x_6x_lib.a(mw_usbd_cdcuser.o)
                0x00014a6c                mwCDC_GetRequest
 .text.mwCDC_SendNotification
                0x00014abc       0x50 D:\Developpement_Robot\Robotic-System.git\trunk\Workspaces\MultiWorkSpaces_2021\0_lpc_chip_175x_6x\libs\libusbd_175x_6x_lib.a(mw_usbd_cdcuser.o)
                0x00014abc                mwCDC_SendNotification
 .text.mwCDC_GetMemSize
                0x00014b0c        0x4 D:\Developpement_Robot\Robotic-System.git\trunk\Workspaces\MultiWorkSpaces_2021\0_lpc_chip_175x_6x\libs\libusbd_175x_6x_lib.a(mw_usbd_cdcuser.o)
                0x00014b0c                mwCDC_GetMemSize
 .text.mwCDC_init
                0x00014b10      0x140 D:\Developpement_Robot\Robotic-System.git\trunk\Workspaces\MultiWorkSpaces_2021\0_lpc_chip_175x_6x\libs\libusbd_175x_6x_lib.a(mw_usbd_cdcuser.o)
                0x00014b10                mwCDC_init
 .text.USB_ReqGetConfiguration
                0x00014c50       0x20 D:\Developpement_Robot\Robotic-System.git\trunk\Workspaces\MultiWorkSpaces_2021\0_lpc_chip_175x_6x\libs\libusbd_175x_6x_lib.a(mw_usbd_core.o)
                0x00014c50                USB_ReqGetConfiguration
 .text.USBD_virt_to_phys
                0x00014c70        0x2 D:\Developpement_Robot\Robotic-System.git\trunk\Workspaces\MultiWorkSpaces_2021\0_lpc_chip_175x_6x\libs\libusbd_175x_6x_lib.a(mw_usbd_core.o)
                0x00014c70                USBD_virt_to_phys
 .text.USBD_cache_flush
                0x00014c72        0x2 D:\Developpement_Robot\Robotic-System.git\trunk\Workspaces\MultiWorkSpaces_2021\0_lpc_chip_175x_6x\libs\libusbd_175x_6x_lib.a(mw_usbd_core.o)
                0x00014c72                USBD_cache_flush
 .text.USB_ReqGetStatus
                0x00014c74       0x8c D:\Developpement_Robot\Robotic-System.git\trunk\Workspaces\MultiWorkSpaces_2021\0_lpc_chip_175x_6x\libs\libusbd_175x_6x_lib.a(mw_usbd_core.o)
                0x00014c74                USB_ReqGetStatus
 .text.USB_ReqGetDescriptor
                0x00014d00       0x84 D:\Developpement_Robot\Robotic-System.git\trunk\Workspaces\MultiWorkSpaces_2021\0_lpc_chip_175x_6x\libs\libusbd_175x_6x_lib.a(mw_usbd_core.o)
                0x00014d00                USB_ReqGetDescriptor
 .text.USB_ReqGetInterface
                0x00014d84       0x34 D:\Developpement_Robot\Robotic-System.git\trunk\Workspaces\MultiWorkSpaces_2021\0_lpc_chip_175x_6x\libs\libusbd_175x_6x_lib.a(mw_usbd_core.o)
                0x00014d84                USB_ReqGetInterface
 .text.USB_ReqSetClrFeature
                0x00014db8       0xb4 D:\Developpement_Robot\Robotic-System.git\trunk\Workspaces\MultiWorkSpaces_2021\0_lpc_chip_175x_6x\libs\libusbd_175x_6x_lib.a(mw_usbd_core.o)
                0x00014db8                USB_ReqSetClrFeature
 .text.USB_ReqSetConfiguration
                0x00014e6c      0x194 D:\Developpement_Robot\Robotic-System.git\trunk\Workspaces\MultiWorkSpaces_2021\0_lpc_chip_175x_6x\libs\libusbd_175x_6x_lib.a(mw_usbd_core.o)
                0x00014e6c                USB_ReqSetConfiguration
 .text.USB_ReqSetInterface
                0x00015000      0x144 D:\Developpement_Robot\Robotic-System.git\trunk\Workspaces\MultiWorkSpaces_2021\0_lpc_chip_175x_6x\libs\libusbd_175x_6x_lib.a(mw_usbd_core.o)
                0x00015000                USB_ReqSetInterface
 .text.mwUSB_SetupStage
                0x00015144        0xa D:\Developpement_Robot\Robotic-System.git\trunk\Workspaces\MultiWorkSpaces_2021\0_lpc_chip_175x_6x\libs\libusbd_175x_6x_lib.a(mw_usbd_core.o)
                0x00015144                mwUSB_SetupStage
 .text.mwUSB_DataInStage
                0x0001514e       0x2e D:\Developpement_Robot\Robotic-System.git\trunk\Workspaces\MultiWorkSpaces_2021\0_lpc_chip_175x_6x\libs\libusbd_175x_6x_lib.a(mw_usbd_core.o)
                0x0001514e                mwUSB_DataInStage
 .text.mwUSB_DataOutStage
                0x0001517c       0x24 D:\Developpement_Robot\Robotic-System.git\trunk\Workspaces\MultiWorkSpaces_2021\0_lpc_chip_175x_6x\libs\libusbd_175x_6x_lib.a(mw_usbd_core.o)
                0x0001517c                mwUSB_DataOutStage
 .text.mwUSB_StatusInStage
                0x000151a0        0xa D:\Developpement_Robot\Robotic-System.git\trunk\Workspaces\MultiWorkSpaces_2021\0_lpc_chip_175x_6x\libs\libusbd_175x_6x_lib.a(mw_usbd_core.o)
                0x000151a0                mwUSB_StatusInStage
 .text.mwUSB_StatusOutStage
                0x000151aa        0xa D:\Developpement_Robot\Robotic-System.git\trunk\Workspaces\MultiWorkSpaces_2021\0_lpc_chip_175x_6x\libs\libusbd_175x_6x_lib.a(mw_usbd_core.o)
                0x000151aa                mwUSB_StatusOutStage
 .text.mwUSB_StallEp0
                0x000151b4       0x12 D:\Developpement_Robot\Robotic-System.git\trunk\Workspaces\MultiWorkSpaces_2021\0_lpc_chip_175x_6x\libs\libusbd_175x_6x_lib.a(mw_usbd_core.o)
                0x000151b4                mwUSB_StallEp0
 *fill*         0x000151c6        0x2 ff
 .text.USB_ReqSetAddress
                0x000151c8       0x24 D:\Developpement_Robot\Robotic-System.git\trunk\Workspaces\MultiWorkSpaces_2021\0_lpc_chip_175x_6x\libs\libusbd_175x_6x_lib.a(mw_usbd_core.o)
                0x000151c8                USB_ReqSetAddress
 .text.USB_InvokeEp0Hdlrs
                0x000151ec       0x44 D:\Developpement_Robot\Robotic-System.git\trunk\Workspaces\MultiWorkSpaces_2021\0_lpc_chip_175x_6x\libs\libusbd_175x_6x_lib.a(mw_usbd_core.o)
                0x000151ec                USB_InvokeEp0Hdlrs
 .text.mwUSB_ResetCore
                0x00015230       0x26 D:\Developpement_Robot\Robotic-System.git\trunk\Workspaces\MultiWorkSpaces_2021\0_lpc_chip_175x_6x\libs\libusbd_175x_6x_lib.a(mw_usbd_core.o)
                0x00015230                mwUSB_ResetCore
 *fill*         0x00015256        0x2 ff
 .text.USB_EvtSetupHandler
                0x00015258      0x108 D:\Developpement_Robot\Robotic-System.git\trunk\Workspaces\MultiWorkSpaces_2021\0_lpc_chip_175x_6x\libs\libusbd_175x_6x_lib.a(mw_usbd_core.o)
                0x00015258                USB_EvtSetupHandler
 .text.USB_EvtOutHandler
                0x00015360       0x68 D:\Developpement_Robot\Robotic-System.git\trunk\Workspaces\MultiWorkSpaces_2021\0_lpc_chip_175x_6x\libs\libusbd_175x_6x_lib.a(mw_usbd_core.o)
                0x00015360                USB_EvtOutHandler
 .text.USB_EndPoint0
                0x000153c8       0x94 D:\Developpement_Robot\Robotic-System.git\trunk\Workspaces\MultiWorkSpaces_2021\0_lpc_chip_175x_6x\libs\libusbd_175x_6x_lib.a(mw_usbd_core.o)
                0x000153c8                USB_EndPoint0
 .text.mwUSB_InitCore
                0x0001545c       0xdc D:\Developpement_Robot\Robotic-System.git\trunk\Workspaces\MultiWorkSpaces_2021\0_lpc_chip_175x_6x\libs\libusbd_175x_6x_lib.a(mw_usbd_core.o)
                0x0001545c                mwUSB_InitCore
 .text.mwUSB_RegisterClassHandler
                0x00015538       0x28 D:\Developpement_Robot\Robotic-System.git\trunk\Workspaces\MultiWorkSpaces_2021\0_lpc_chip_175x_6x\libs\libusbd_175x_6x_lib.a(mw_usbd_core.o)
                0x00015538                mwUSB_RegisterClassHandler
 .text.mwUSB_RegisterEpHandler
                0x00015560       0x24 D:\Developpement_Robot\Robotic-System.git\trunk\Workspaces\MultiWorkSpaces_2021\0_lpc_chip_175x_6x\libs\libusbd_175x_6x_lib.a(mw_usbd_core.o)
                0x00015560                mwUSB_RegisterEpHandler
 .text          0x00015584      0x21c c:/nxp/mcuxpressoide_11.2.1_4149/ide/plugins/com.nxp.mcuxpresso.tools.win32_11.2.0.202008311134/tools/bin/../lib/gcc/arm-none-eabi/9.2.1/thumb/v7-m/nofp\libgcc.a(_arm_addsubsf3.o)
                0x00015584                __aeabi_frsub
                0x0001558c                __subsf3
                0x0001558c                __aeabi_fsub
                0x00015590                __aeabi_fadd
                0x00015590                __addsf3
                0x000156f0                __aeabi_ui2f
                0x000156f0                __floatunsisf
                0x000156f8                __aeabi_i2f
                0x000156f8                __floatsisf
                0x00015714                __aeabi_ul2f
                0x00015714                __floatundisf
                0x00015724                __aeabi_l2f
                0x00015724                __floatdisf
 .text          0x000157a0      0x2a0 c:/nxp/mcuxpressoide_11.2.1_4149/ide/plugins/com.nxp.mcuxpresso.tools.win32_11.2.0.202008311134/tools/bin/../lib/gcc/arm-none-eabi/9.2.1/thumb/v7-m/nofp\libgcc.a(_arm_muldivsf3.o)
                0x000157a0                __mulsf3
                0x000157a0                __aeabi_fmul
                0x00015908                __aeabi_fdiv
                0x00015908                __divsf3
 .text          0x00015a40       0xec c:/nxp/mcuxpressoide_11.2.1_4149/ide/plugins/com.nxp.mcuxpresso.tools.win32_11.2.0.202008311134/tools/bin/../lib/gcc/arm-none-eabi/9.2.1/thumb/v7-m/nofp\libgcc.a(_arm_cmpsf2.o)
                0x00015a40                __gesf2
                0x00015a40                __gtsf2
                0x00015a48                __lesf2
                0x00015a48                __ltsf2
                0x00015a50                __nesf2
                0x00015a50                __eqsf2
                0x00015a50                __cmpsf2
                0x00015ab0                __aeabi_cfrcmple
                0x00015ab8                __aeabi_cfcmpeq
                0x00015ab8                __aeabi_cfcmple
                0x00015ac8                __aeabi_fcmpeq
                0x00015adc                __aeabi_fcmplt
                0x00015af0                __aeabi_fcmple
                0x00015b04                __aeabi_fcmpge
                0x00015b18                __aeabi_fcmpgt
 .text          0x00015b2c       0x4c c:/nxp/mcuxpressoide_11.2.1_4149/ide/plugins/com.nxp.mcuxpresso.tools.win32_11.2.0.202008311134/tools/bin/../lib/gcc/arm-none-eabi/9.2.1/thumb/v7-m/nofp\libgcc.a(_arm_fixsfsi.o)
                0x00015b2c                __aeabi_f2iz
                0x00015b2c                __fixsfsi
 .text.memcpy   0x00015b78       0x1c c:/nxp/mcuxpressoide_11.2.1_4149/ide/plugins/com.nxp.mcuxpresso.tools.win32_11.2.0.202008311134/tools/bin/../lib/gcc/arm-none-eabi/9.2.1/../../../../arm-none-eabi/lib/thumb/v7-m/nofp\libc_nano.a(lib_a-memcpy-stub.o)
                0x00015b78                memcpy
 .text.memset   0x00015b94       0x10 c:/nxp/mcuxpressoide_11.2.1_4149/ide/plugins/com.nxp.mcuxpresso.tools.win32_11.2.0.202008311134/tools/bin/../lib/gcc/arm-none-eabi/9.2.1/../../../../arm-none-eabi/lib/thumb/v7-m/nofp\libc_nano.a(lib_a-memset.o)
                0x00015b94                memset
 .text.sprintf  0x00015ba4       0x40 c:/nxp/mcuxpressoide_11.2.1_4149/ide/plugins/com.nxp.mcuxpresso.tools.win32_11.2.0.202008311134/tools/bin/../lib/gcc/arm-none-eabi/9.2.1/../../../../arm-none-eabi/lib/thumb/v7-m/nofp\libc_nano.a(lib_a-sprintf.o)
                0x00015ba4                siprintf
                0x00015ba4                sprintf
 .text          0x00015be4       0x10 c:/nxp/mcuxpressoide_11.2.1_4149/ide/plugins/com.nxp.mcuxpresso.tools.win32_11.2.0.202008311134/tools/bin/../lib/gcc/arm-none-eabi/9.2.1/../../../../arm-none-eabi/lib/thumb/v7-m/nofp\libc_nano.a(lib_a-strlen.o)
                0x00015be4                strlen
 .text.__ssputs_r
                0x00015bf4       0xb6 c:/nxp/mcuxpressoide_11.2.1_4149/ide/plugins/com.nxp.mcuxpresso.tools.win32_11.2.0.202008311134/tools/bin/../lib/gcc/arm-none-eabi/9.2.1/../../../../arm-none-eabi/lib/thumb/v7-m/nofp\libc_nano.a(lib_a-nano-svfprintf.o)
                0x00015bf4                __ssputs_r
 *fill*         0x00015caa        0x2 ff
 .text._svfprintf_r
                0x00015cac      0x200 c:/nxp/mcuxpressoide_11.2.1_4149/ide/plugins/com.nxp.mcuxpresso.tools.win32_11.2.0.202008311134/tools/bin/../lib/gcc/arm-none-eabi/9.2.1/../../../../arm-none-eabi/lib/thumb/v7-m/nofp\libc_nano.a(lib_a-nano-svfprintf.o)
                0x00015cac                _svfiprintf_r
                0x00015cac                _svfprintf_r
 .text._printf_common
                0x00015eac       0xde c:/nxp/mcuxpressoide_11.2.1_4149/ide/plugins/com.nxp.mcuxpresso.tools.win32_11.2.0.202008311134/tools/bin/../lib/gcc/arm-none-eabi/9.2.1/../../../../arm-none-eabi/lib/thumb/v7-m/nofp\libc_nano.a(lib_a-nano-vfprintf_i.o)
                0x00015eac                _printf_common
 *fill*         0x00015f8a        0x2 ff
 .text._printf_i
                0x00015f8c      0x24c c:/nxp/mcuxpressoide_11.2.1_4149/ide/plugins/com.nxp.mcuxpresso.tools.win32_11.2.0.202008311134/tools/bin/../lib/gcc/arm-none-eabi/9.2.1/../../../../arm-none-eabi/lib/thumb/v7-m/nofp\libc_nano.a(lib_a-nano-vfprintf_i.o)
                0x00015f8c                _printf_i
 .text.memchr   0x000161d8       0x1c c:/nxp/mcuxpressoide_11.2.1_4149/ide/plugins/com.nxp.mcuxpresso.tools.win32_11.2.0.202008311134/tools/bin/../lib/gcc/arm-none-eabi/9.2.1/../../../../arm-none-eabi/lib/thumb/v7-m/nofp\libc_nano.a(lib_a-memchr-stub.o)
                0x000161d8                memchr
 .text.memmove  0x000161f4       0x34 c:/nxp/mcuxpressoide_11.2.1_4149/ide/plugins/com.nxp.mcuxpresso.tools.win32_11.2.0.202008311134/tools/bin/../lib/gcc/arm-none-eabi/9.2.1/../../../../arm-none-eabi/lib/thumb/v7-m/nofp\libc_nano.a(lib_a-memmove.o)
                0x000161f4                memmove
 .text._free_r  0x00016228       0x98 c:/nxp/mcuxpressoide_11.2.1_4149/ide/plugins/com.nxp.mcuxpresso.tools.win32_11.2.0.202008311134/tools/bin/../lib/gcc/arm-none-eabi/9.2.1/../../../../arm-none-eabi/lib/thumb/v7-m/nofp\libc_nano.a(lib_a-nano-freer.o)
                0x00016228                _free_r
 .text._malloc_r
                0x000162c0       0xb4 c:/nxp/mcuxpressoide_11.2.1_4149/ide/plugins/com.nxp.mcuxpresso.tools.win32_11.2.0.202008311134/tools/bin/../lib/gcc/arm-none-eabi/9.2.1/../../../../arm-none-eabi/lib/thumb/v7-m/nofp\libc_nano.a(lib_a-nano-mallocr.o)
                0x000162c0                _malloc_r
 .text._realloc_r
                0x00016374       0x4c c:/nxp/mcuxpressoide_11.2.1_4149/ide/plugins/com.nxp.mcuxpresso.tools.win32_11.2.0.202008311134/tools/bin/../lib/gcc/arm-none-eabi/9.2.1/../../../../arm-none-eabi/lib/thumb/v7-m/nofp\libc_nano.a(lib_a-nano-reallocr.o)
                0x00016374                _realloc_r
 .text._sbrk_r  0x000163c0       0x20 c:/nxp/mcuxpressoide_11.2.1_4149/ide/plugins/com.nxp.mcuxpresso.tools.win32_11.2.0.202008311134/tools/bin/../lib/gcc/arm-none-eabi/9.2.1/../../../../arm-none-eabi/lib/thumb/v7-m/nofp\libc_nano.a(lib_a-sbrkr.o)
                0x000163c0                _sbrk_r
 .text.__malloc_lock
                0x000163e0        0xc c:/nxp/mcuxpressoide_11.2.1_4149/ide/plugins/com.nxp.mcuxpresso.tools.win32_11.2.0.202008311134/tools/bin/../lib/gcc/arm-none-eabi/9.2.1/../../../../arm-none-eabi/lib/thumb/v7-m/nofp\libc_nano.a(lib_a-mlock.o)
                0x000163e0                __malloc_lock
 .text.__malloc_unlock
                0x000163ec        0xc c:/nxp/mcuxpressoide_11.2.1_4149/ide/plugins/com.nxp.mcuxpresso.tools.win32_11.2.0.202008311134/tools/bin/../lib/gcc/arm-none-eabi/9.2.1/../../../../arm-none-eabi/lib/thumb/v7-m/nofp\libc_nano.a(lib_a-mlock.o)
                0x000163ec                __malloc_unlock
 .text._malloc_usable_size_r
                0x000163f8       0x10 c:/nxp/mcuxpressoide_11.2.1_4149/ide/plugins/com.nxp.mcuxpresso.tools.win32_11.2.0.202008311134/tools/bin/../lib/gcc/arm-none-eabi/9.2.1/../../../../arm-none-eabi/lib/thumb/v7-m/nofp\libc_nano.a(lib_a-nano-msizer.o)
                0x000163f8                _malloc_usable_size_r
 .text.__retarget_lock_acquire_recursive
                0x00016408        0x2 c:/nxp/mcuxpressoide_11.2.1_4149/ide/plugins/com.nxp.mcuxpresso.tools.win32_11.2.0.202008311134/tools/bin/../lib/gcc/arm-none-eabi/9.2.1/../../../../arm-none-eabi/lib/thumb/v7-m/nofp\libc_nano.a(lib_a-lock.o)
                0x00016408                __retarget_lock_acquire_recursive
 .text.__retarget_lock_release_recursive
                0x0001640a        0x2 c:/nxp/mcuxpressoide_11.2.1_4149/ide/plugins/com.nxp.mcuxpresso.tools.win32_11.2.0.202008311134/tools/bin/../lib/gcc/arm-none-eabi/9.2.1/../../../../arm-none-eabi/lib/thumb/v7-m/nofp\libc_nano.a(lib_a-lock.o)
                0x0001640a                __retarget_lock_release_recursive
 .text.sqrtf    0x0001640c       0xa4 c:/nxp/mcuxpressoide_11.2.1_4149/ide/plugins/com.nxp.mcuxpresso.tools.win32_11.2.0.202008311134/tools/bin/../lib/gcc/arm-none-eabi/9.2.1/../../../../arm-none-eabi/lib/thumb/v7-m/nofp\libm.a(lib_a-wf_sqrt.o)
                0x0001640c                sqrtf
 .text.__ieee754_sqrtf
                0x000164b0       0xa8 c:/nxp/mcuxpressoide_11.2.1_4149/ide/plugins/com.nxp.mcuxpresso.tools.win32_11.2.0.202008311134/tools/bin/../lib/gcc/arm-none-eabi/9.2.1/../../../../arm-none-eabi/lib/thumb/v7-m/nofp\libm.a(lib_a-ef_sqrt.o)
                0x000164b0                __ieee754_sqrtf
 .text.matherr  0x00016558        0x4 c:/nxp/mcuxpressoide_11.2.1_4149/ide/plugins/com.nxp.mcuxpresso.tools.win32_11.2.0.202008311134/tools/bin/../lib/gcc/arm-none-eabi/9.2.1/../../../../arm-none-eabi/lib/thumb/v7-m/nofp\libm.a(lib_a-s_matherr.o)
                0x00016558                matherr
 .text._sbrk    0x0001655c       0x3c c:/nxp/mcuxpressoide_11.2.1_4149/ide/plugins/com.nxp.mcuxpresso.tools.win32_11.2.0.202008311134/tools/bin/../lib/gcc/arm-none-eabi/9.2.1/../../../../arm-none-eabi/lib/thumb/v7-m/nofp\libcr_newlib_none.a(_cr_sbrk.o)
                0x0001655c                _sbrk
 .text.__check_heap_overflow
                0x00016598       0x14 c:/nxp/mcuxpressoide_11.2.1_4149/ide/plugins/com.nxp.mcuxpresso.tools.win32_11.2.0.202008311134/tools/bin/../lib/gcc/arm-none-eabi/9.2.1/../../../../arm-none-eabi/lib/thumb/v7-m/nofp\libcr_newlib_none.a(_cr_check_heap.o)
                0x00016598                __check_heap_overflow
 .text          0x000165ac      0x378 c:/nxp/mcuxpressoide_11.2.1_4149/ide/plugins/com.nxp.mcuxpresso.tools.win32_11.2.0.202008311134/tools/bin/../lib/gcc/arm-none-eabi/9.2.1/thumb/v7-m/nofp\libgcc.a(_arm_addsubdf3.o)
                0x000165ac                __aeabi_drsub
                0x000165b4                __aeabi_dsub
                0x000165b4                __subdf3
                0x000165b8                __aeabi_dadd
                0x000165b8                __adddf3
                0x00016830                __floatunsidf
                0x00016830                __aeabi_ui2d
                0x00016850                __floatsidf
                0x00016850                __aeabi_i2d
                0x00016874                __aeabi_f2d
                0x00016874                __extendsfdf2
                0x000168b8                __floatundidf
                0x000168b8                __aeabi_ul2d
                0x000168c8                __floatdidf
                0x000168c8                __aeabi_l2d
 .text          0x00016924      0x424 c:/nxp/mcuxpressoide_11.2.1_4149/ide/plugins/com.nxp.mcuxpresso.tools.win32_11.2.0.202008311134/tools/bin/../lib/gcc/arm-none-eabi/9.2.1/thumb/v7-m/nofp\libgcc.a(_arm_muldivdf3.o)
                0x00016924                __aeabi_dmul
                0x00016924                __muldf3
                0x00016b78                __divdf3
                0x00016b78                __aeabi_ddiv
 .text          0x00016d48       0xa0 c:/nxp/mcuxpressoide_11.2.1_4149/ide/plugins/com.nxp.mcuxpresso.tools.win32_11.2.0.202008311134/tools/bin/../lib/gcc/arm-none-eabi/9.2.1/thumb/v7-m/nofp\libgcc.a(_arm_truncdfsf2.o)
                0x00016d48                __truncdfsf2
                0x00016d48                __aeabi_d2f
 .text          0x00016de8       0x2c c:/nxp/mcuxpressoide_11.2.1_4149/ide/plugins/com.nxp.mcuxpresso.tools.win32_11.2.0.202008311134/tools/bin/../lib/gcc/arm-none-eabi/9.2.1/thumb/v7-m/nofp\libgcc.a(_arm_unordsf2.o)
                0x00016de8                __unordsf2
                0x00016de8                __aeabi_fcmpun
 .text.__errno  0x00016e14        0xc c:/nxp/mcuxpressoide_11.2.1_4149/ide/plugins/com.nxp.mcuxpresso.tools.win32_11.2.0.202008311134/tools/bin/../lib/gcc/arm-none-eabi/9.2.1/../../../../arm-none-eabi/lib/thumb/v7-m/nofp\libc_nano.a(lib_a-errno.o)
                0x00016e14                __errno
 *(.rodata .rodata.* .constdata .constdata.*)
 .rodata.main.str1.1
                0x00016e20        0xf ./src/IA_2021_V0.o
 .rodata.Init_Carte_IA.str1.1
                0x00016e2f        0xd ./src/Init.o
 .rodata        0x00016e3c       0x15 ./src/test.o
 .rodata.vTaskStartScheduler.str1.1
                0x00016e51        0x5 ./freertos/src/tasks.o
 .rodata.prvCheckForValidListAndQueue.str1.1
                0x00016e56        0x5 ./freertos/src/timers.o
 .rodata.xTimerCreateTimerTask.str1.1
                0x00016e5b        0x8 ./freertos/src/timers.o
 .rodata._0_Deplacement_ASTAR.str1.1
                0x00016e63       0x2f ./Strategie/Deplacement/0_Deplacements.o
 .rodata._0_Deplacement_Tourne_Avance_ASTAR.str1.1
                0x00016e92        0xd ./Strategie/Deplacement/0_Deplacements.o
 .rodata.Astar_Find_Path.str1.1
                0x00016e9f       0x36 ./Pathfinding/Astar/Astar.o
 *fill*         0x00016ed5        0x3 ff
 .rodata.USB_DeviceDescriptor
                0x00016ed8       0x12 ./Communication/USB/src/cdc_desc.o
                0x00016ed8                USB_DeviceDescriptor
 *fill*         0x00016eea        0x2 ff
 .rodata.USB_StringDescriptor
                0x00016eec       0x38 ./Communication/USB/src/cdc_desc.o
                0x00016eec                USB_StringDescriptor
 .rodata.g_usbApi
                0x00016f24       0x20 ./Communication/USB/src/cdc_usb_main.o
 .rodata        0x00016f44       0x23 ./Communication/0_Communication.o
 .rodata        0x00016f67       0x26 ./Communication/1_Trame_Communication.o
 .rodata._2_Comm_Send_Destination_Robot.str1.1
                0x00016f8d       0x30 ./Communication/2_Echange_Datas.o
 .rodata._2_Comm_Send_PONG.str1.1
                0x00016fbd       0x35 ./Communication/2_Echange_Datas.o
 *fill*         0x00016ff2        0x2 ff
 .rodata._2_Communication_RX_Lectures_Messages.str1.4
                0x00016ff4       0x2b ./Communication/2_Echange_Datas_Reception.o
 .rodata._2_Communication_RX_Init.str1.1
                0x0001701f       0x11 ./Communication/2_Echange_Datas_Reception.o
 .rodata.MainOscPLL0conf_12
                0x00017030       0xf0 D:\Developpement_Robot\Robotic-System.git\trunk\Workspaces\MultiWorkSpaces_2021\0_lpc_chip_175x_6x\Release\lib0_lpc_chip_175x_6x.a(sysinit_17xx_40xx.o)
 .rodata.MainOscPLL0conf_16
                0x00017120       0xb0 D:\Developpement_Robot\Robotic-System.git\trunk\Workspaces\MultiWorkSpaces_2021\0_lpc_chip_175x_6x\Release\lib0_lpc_chip_175x_6x.a(sysinit_17xx_40xx.o)
 .rodata.RTCOscRateIn
                0x000171d0        0x4 D:\Developpement_Robot\Robotic-System.git\trunk\Workspaces\MultiWorkSpaces_2021\0_lpc_board_nxp_lpcxpresso_1769\Release\lib0_lpc_board_nxp_lpcxpresso_1769.a(board.o)
                0x000171d0                RTCOscRateIn
 .rodata.hw_api
                0x000171d4       0x5c D:\Developpement_Robot\Robotic-System.git\trunk\Workspaces\MultiWorkSpaces_2021\0_lpc_chip_175x_6x\libs\libusbd_175x_6x_lib.a(mw_usbd_rom_api.o)
                0x000171d4                hw_api
 .rodata.core_api
                0x00017230       0x20 D:\Developpement_Robot\Robotic-System.git\trunk\Workspaces\MultiWorkSpaces_2021\0_lpc_chip_175x_6x\libs\libusbd_175x_6x_lib.a(mw_usbd_rom_api.o)
                0x00017230                core_api
 .rodata.cdc_api
                0x00017250        0xc D:\Developpement_Robot\Robotic-System.git\trunk\Workspaces\MultiWorkSpaces_2021\0_lpc_chip_175x_6x\libs\libusbd_175x_6x_lib.a(mw_usbd_rom_api.o)
                0x00017250                cdc_api
 .rodata._svfprintf_r.str1.1
                0x0001725c       0x11 c:/nxp/mcuxpressoide_11.2.1_4149/ide/plugins/com.nxp.mcuxpresso.tools.win32_11.2.0.202008311134/tools/bin/../lib/gcc/arm-none-eabi/9.2.1/../../../../arm-none-eabi/lib/thumb/v7-m/nofp\libc_nano.a(lib_a-nano-svfprintf.o)
 .rodata._printf_i.str1.1
                0x0001726d       0x22 c:/nxp/mcuxpressoide_11.2.1_4149/ide/plugins/com.nxp.mcuxpresso.tools.win32_11.2.0.202008311134/tools/bin/../lib/gcc/arm-none-eabi/9.2.1/../../../../arm-none-eabi/lib/thumb/v7-m/nofp\libc_nano.a(lib_a-nano-vfprintf_i.o)
 *fill*         0x0001728f        0x1 ff
 .rodata.sqrtf.str1.4
                0x00017290        0x6 c:/nxp/mcuxpressoide_11.2.1_4149/ide/plugins/com.nxp.mcuxpresso.tools.win32_11.2.0.202008311134/tools/bin/../lib/gcc/arm-none-eabi/9.2.1/../../../../arm-none-eabi/lib/thumb/v7-m/nofp\libm.a(lib_a-wf_sqrt.o)
                0x00017298                . = ALIGN (0x4)
 *fill*         0x00017296        0x2 ff

.glue_7         0x00017298        0x0
 .glue_7        0x00017298        0x0 linker stubs

.glue_7t        0x00017298        0x0
 .glue_7t       0x00017298        0x0 linker stubs

.vfp11_veneer   0x00017298        0x0
 .vfp11_veneer  0x00017298        0x0 linker stubs

.v4_bx          0x00017298        0x0
 .v4_bx         0x00017298        0x0 linker stubs

.iplt           0x00017298        0x0
 .iplt          0x00017298        0x0 ./src/IA_2021_V0.o

.rel.dyn        0x00017298        0x0
 .rel.iplt      0x00017298        0x0 ./src/IA_2021_V0.o

.ARM.extab
 *(.ARM.extab* .gnu.linkonce.armextab.*)

.ARM.exidx      0x00017298        0x0
                0x00017298                __exidx_start = .
 *(.ARM.exidx* .gnu.linkonce.armexidx.*)
                0x00017298                __exidx_end = .
                0x00017298                _etext = .

.data_RAM2      0x2007c000        0x0 load address 0x00017298
 FILL mask 0xff
                [!provide]                PROVIDE (__start_data_RAM2 = .)
                [!provide]                PROVIDE (__start_data_RamAHB32 = .)
 *(.ramfunc.$RAM2)
 *(.ramfunc.$RamAHB32)
 *(.data.$RAM2)
 *(.data.$RamAHB32)
 *(.data.$RAM2.*)
 *(.data.$RamAHB32.*)
                0x2007c000                . = ALIGN (0x4)
                [!provide]                PROVIDE (__end_data_RAM2 = .)
                [!provide]                PROVIDE (__end_data_RamAHB32 = .)

.data_RAM3      0x2007c800        0x0 load address 0x00017298
 FILL mask 0xff
                [!provide]                PROVIDE (__start_data_RAM3 = .)
                [!provide]                PROVIDE (__start_data_RAM3 = .)
 *(.ramfunc.$RAM3)
 *(.ramfunc.$RAM3)
 *(.data.$RAM3)
 *(.data.$RAM3)
 *(.data.$RAM3.*)
 *(.data.$RAM3.*)
                0x2007c800                . = ALIGN (0x4)
                [!provide]                PROVIDE (__end_data_RAM3 = .)
                [!provide]                PROVIDE (__end_data_RAM3 = .)

.uninit_RESERVED
                0x10000000        0x0
                0x10000000                _start_uninit_RESERVED = .
 *(.bss.$RESERVED*)
                0x10000000                . = ALIGN (0x4)
                0x10000000                _end_uninit_RESERVED = .

.data           0x10000000       0xd0 load address 0x00017298
 FILL mask 0xff
                0x10000000                _data = .
                [!provide]                PROVIDE (__start_data_RAM = .)
                [!provide]                PROVIDE (__start_data_RamLoc32 = .)
 *(vtable)
 *(.ramfunc*)
 *(CodeQuickAccess)
 *(DataQuickAccess)
 *(RamFunction)
 *(.data*)
 .data.xHeapRegions
                0x10000000       0x10 ./src/IA_2021_V0.o
 .data.uxCriticalNesting
                0x10000010        0x4 ./freertos/src/port.o
 .data.USB_FsConfigDescriptor
                0x10000014       0x4c ./Communication/USB/src/cdc_desc.o
                0x10000014                USB_FsConfigDescriptor
 .data.g_pUsbApi
                0x10000060        0x4 ./Communication/USB/src/cdc_usb_main.o
                0x10000060                g_pUsbApi
 .data.OscRateIn
                0x10000064        0x4 D:\Developpement_Robot\Robotic-System.git\trunk\Workspaces\MultiWorkSpaces_2021\0_lpc_board_nxp_lpcxpresso_1769\Release\lib0_lpc_board_nxp_lpcxpresso_1769.a(board.o)
                0x10000064                OscRateIn
 .data._impure_ptr
                0x10000068        0x4 c:/nxp/mcuxpressoide_11.2.1_4149/ide/plugins/com.nxp.mcuxpresso.tools.win32_11.2.0.202008311134/tools/bin/../lib/gcc/arm-none-eabi/9.2.1/../../../../arm-none-eabi/lib/thumb/v7-m/nofp\libc_nano.a(lib_a-impure.o)
                0x10000068                _impure_ptr
 .data.impure_data
                0x1000006c       0x60 c:/nxp/mcuxpressoide_11.2.1_4149/ide/plugins/com.nxp.mcuxpresso.tools.win32_11.2.0.202008311134/tools/bin/../lib/gcc/arm-none-eabi/9.2.1/../../../../arm-none-eabi/lib/thumb/v7-m/nofp\libc_nano.a(lib_a-impure.o)
 .data.__fdlib_version
                0x100000cc        0x1 c:/nxp/mcuxpressoide_11.2.1_4149/ide/plugins/com.nxp.mcuxpresso.tools.win32_11.2.0.202008311134/tools/bin/../lib/gcc/arm-none-eabi/9.2.1/../../../../arm-none-eabi/lib/thumb/v7-m/nofp\libm.a(lib_a-s_lib_ver.o)
                0x100000cc                __fdlib_version
                0x100000d0                . = ALIGN (0x4)
 *fill*         0x100000cd        0x3 ff
                0x100000d0                _edata = .
                [!provide]                PROVIDE (__end_data_RAM = .)
                [!provide]                PROVIDE (__end_data_RamLoc32 = .)

.igot.plt       0x100000d0        0x0 load address 0x00017368
 .igot.plt      0x100000d0        0x0 ./src/IA_2021_V0.o

.bss_RAM2       0x2007c000        0x0
                [!provide]                PROVIDE (__start_bss_RAM2 = .)
                [!provide]                PROVIDE (__start_bss_RamAHB32 = .)
 *(.bss.$RAM2)
 *(.bss.$RamAHB32)
 *(.bss.$RAM2.*)
 *(.bss.$RamAHB32.*)
                0x2007c000                . = ALIGN ((. != 0x0)?0x4:0x1)
                [!provide]                PROVIDE (__end_bss_RAM2 = .)
                [!provide]                PROVIDE (__end_bss_RamAHB32 = .)

.bss_RAM3       0x2007c800     0x2440
                [!provide]                PROVIDE (__start_bss_RAM3 = .)
                [!provide]                PROVIDE (__start_bss_RAM3 = .)
 *(.bss.$RAM3)
 .bss.$RAM3     0x2007c800       0x10 ./Strategie/Deplacement/0_Deplacements.o
 .bss.$RAM3     0x2007c810       0xc0 ./Strategie/0_Infos.o
 .bss.$RAM3     0x2007c8d0      0x200 ./Communication/0_Communication.o
 .bss.$RAM3     0x2007cad0       0xdf ./Communication/1_Trame_Communication.o
 *fill*         0x2007cbaf        0x1 
 .bss.$RAM3     0x2007cbb0       0x46 ./Communication/2_Echange_Datas.o
 *fill*         0x2007cbf6        0x2 
 .bss.$RAM3     0x2007cbf8       0x46 ./Communication/2_Echange_Datas_Reception.o
 *(.bss.$RAM3)
 *(.bss.$RAM3.*)
 .bss.$RAM3.    0x2007cc3e     0x2000 ./src/IA_2021_V0.o
 *(.bss.$RAM3.*)
                0x2007ec40                . = ALIGN ((. != 0x0)?0x4:0x1)
 *fill*         0x2007ec3e        0x2 
                [!provide]                PROVIDE (__end_bss_RAM3 = .)
                [!provide]                PROVIDE (__end_bss_RAM3 = .)

.bss            0x100000d0     0x52e4
                0x100000d0                _bss = .
                [!provide]                PROVIDE (__start_bss_RAM = .)
                [!provide]                PROVIDE (__start_bss_RamLoc32 = .)
 *(.bss*)
 .bss.Nb_Ping_Envoyes
                0x100000d0        0x4 ./src/test.o
                0x100000d0                Nb_Ping_Envoyes
 .bss.pxEnd     0x100000d4        0x4 ./freertos/src/heap_5.o
 .bss.xBlockAllocatedBit
                0x100000d8        0x4 ./freertos/src/heap_5.o
 .bss.xFreeBytesRemaining
                0x100000dc        0x4 ./freertos/src/heap_5.o
 .bss.xMinimumEverFreeBytesRemaining
                0x100000e0        0x4 ./freertos/src/heap_5.o
 .bss.xNumberOfSuccessfulAllocations
                0x100000e4        0x4 ./freertos/src/heap_5.o
 .bss.xNumberOfSuccessfulFrees
                0x100000e8        0x4 ./freertos/src/heap_5.o
 .bss.xStart    0x100000ec        0x8 ./freertos/src/heap_5.o
 .bss.xQueueRegistry
                0x100000f4       0x50 ./freertos/src/queue.o
                0x100000f4                xQueueRegistry
 .bss.pxCurrentTCB
                0x10000144        0x4 ./freertos/src/tasks.o
                0x10000144                pxCurrentTCB
 .bss.pxDelayedTaskList
                0x10000148        0x4 ./freertos/src/tasks.o
 .bss.pxOverflowDelayedTaskList
                0x1000014c        0x4 ./freertos/src/tasks.o
 .bss.pxReadyTasksLists
                0x10000150       0x64 ./freertos/src/tasks.o
 .bss.uxCurrentNumberOfTasks
                0x100001b4        0x4 ./freertos/src/tasks.o
 .bss.uxDeletedTasksWaitingCleanUp
                0x100001b8        0x4 ./freertos/src/tasks.o
 .bss.uxSchedulerSuspended
                0x100001bc        0x4 ./freertos/src/tasks.o
 .bss.uxTaskNumber
                0x100001c0        0x4 ./freertos/src/tasks.o
 .bss.uxTopReadyPriority
                0x100001c4        0x4 ./freertos/src/tasks.o
 .bss.xDelayedTaskList1
                0x100001c8       0x14 ./freertos/src/tasks.o
 .bss.xDelayedTaskList2
                0x100001dc       0x14 ./freertos/src/tasks.o
 .bss.xIdleTaskHandle
                0x100001f0        0x4 ./freertos/src/tasks.o
 .bss.xNextTaskUnblockTime
                0x100001f4        0x4 ./freertos/src/tasks.o
 .bss.xNumOfOverflows
                0x100001f8        0x4 ./freertos/src/tasks.o
 .bss.xPendedTicks
                0x100001fc        0x4 ./freertos/src/tasks.o
 .bss.xPendingReadyList
                0x10000200       0x14 ./freertos/src/tasks.o
 .bss.xSchedulerRunning
                0x10000214        0x4 ./freertos/src/tasks.o
 .bss.xSuspendedTaskList
                0x10000218       0x14 ./freertos/src/tasks.o
 .bss.xTasksWaitingTermination
                0x1000022c       0x14 ./freertos/src/tasks.o
 .bss.xTickCount
                0x10000240        0x4 ./freertos/src/tasks.o
 .bss.xYieldPending
                0x10000244        0x4 ./freertos/src/tasks.o
 .bss.pxCurrentTimerList
                0x10000248        0x4 ./freertos/src/timers.o
 .bss.pxOverflowTimerList
                0x1000024c        0x4 ./freertos/src/timers.o
 .bss.xActiveTimerList1
                0x10000250       0x14 ./freertos/src/timers.o
 .bss.xActiveTimerList2
                0x10000264       0x14 ./freertos/src/timers.o
 .bss.xLastTime.9167
                0x10000278        0x4 ./freertos/src/timers.o
 .bss.xTimerQueue
                0x1000027c        0x4 ./freertos/src/timers.o
 .bss.xTimerTaskHandle
                0x10000280        0x4 ./freertos/src/timers.o
 .bss.Astar_Task_Handler
                0x10000284        0x4 ./Strategie/Deplacement/0_Deplacements.o
                0x10000284                Astar_Task_Handler
 .bss._0_Deplacement_EventGroup
                0x10000288        0x4 ./Strategie/Deplacement/0_Deplacements.o
                0x10000288                _0_Deplacement_EventGroup
 .bss.str.10237
                0x1000028c       0x46 ./Strategie/Deplacement/0_Deplacements.o
 .bss.Astar_Vector
                0x100002d2      0x34a ./Pathfinding/Astar/Astar.o
 .bss.Map       0x1000061c     0x4b10 ./Pathfinding/Astar/Astar.o
 .bss.g_hUsb    0x1000512c        0x4 ./Communication/USB/src/cdc_usb_main.o
                0x1000512c                g_hUsb
 .bss.g_vCOM    0x10005130       0x14 ./Communication/USB/src/cdc_vcom.o
                0x10005130                g_vCOM
 .bss.Message.11237
                0x10005144       0x4d ./Communication/0_Communication.o
 *fill*         0x10005191        0x3 
 .bss._1_xQueue_Message_TO_Send
                0x10005194        0x4 ./Communication/0_Communication.o
                0x10005194                _1_xQueue_Message_TO_Send
 .bss.already_flaged.11224
                0x10005198        0x1 ./Communication/0_Communication.o
 .bss.already_flaged.11230
                0x10005199        0x1 ./Communication/0_Communication.o
 .bss.g_rxBuff.11233
                0x1000519a       0x40 ./Communication/0_Communication.o
 .bss.g_txBuff.11238
                0x100051da       0x80 ./Communication/0_Communication.o
 *fill*         0x1000525a        0x2 
 .bss.rxring_RS485
                0x1000525c       0x14 ./Communication/0_Communication.o
                0x1000525c                rxring_RS485
 .bss.rxring_USB
                0x10005270       0x14 ./Communication/0_Communication.o
                0x10005270                rxring_USB
 .bss.txring    0x10005284       0x14 ./Communication/0_Communication.o
                0x10005284                txring
 .bss._0_Comm_EventGroup
                0x10005298        0x4 ./Communication/0_Event_Group.o
                0x10005298                _0_Comm_EventGroup
 .bss.Nb_Rx_Fifo_Full
                0x1000529c        0x4 ./Communication/1_Trame_Communication.o
 .bss.Nb_Erreurs_com
                0x100052a0        0x4 ./Communication/1_Trame_Communication.o
 .bss.Nb_Messages_adresses_corrects
                0x100052a4        0x4 ./Communication/1_Trame_Communication.o
 .bss.Nb_Messages_recus
                0x100052a8        0x4 ./Communication/1_Trame_Communication.o
 .bss._1_xQueue_Message_Receive
                0x100052ac        0x4 ./Communication/1_Trame_Communication.o
                0x100052ac                _1_xQueue_Message_Receive
 .bss.log_message
                0x100052b0       0x3e ./Communication/2_Echange_Datas.o
 .bss.str.9944  0x100052ee       0x46 ./Communication/2_Echange_Datas.o
 .bss.str.9956  0x10005334       0x46 ./Communication/2_Echange_Datas.o
 *fill*         0x1000537a        0x2 
 .bss.Nb_Messages_Interpretes
                0x1000537c        0x4 ./Communication/2_Echange_Datas_Reception.o
 .bss.Nb_PONG_recus
                0x10005380        0x4 ./Communication/2_Echange_Datas_Reception.o
                0x10005380                Nb_PONG_recus
 .bss.ticksPerMs
                0x10005384        0x4 D:\Developpement_Robot\Robotic-System.git\trunk\Workspaces\MultiWorkSpaces_2021\0_lpc_chip_175x_6x\Release\lib0_lpc_chip_175x_6x.a(stopwatch_17xx_40xx.o)
 .bss.ticksPerSecond
                0x10005388        0x4 D:\Developpement_Robot\Robotic-System.git\trunk\Workspaces\MultiWorkSpaces_2021\0_lpc_chip_175x_6x\Release\lib0_lpc_chip_175x_6x.a(stopwatch_17xx_40xx.o)
 .bss.ticksPerUs
                0x1000538c        0x4 D:\Developpement_Robot\Robotic-System.git\trunk\Workspaces\MultiWorkSpaces_2021\0_lpc_chip_175x_6x\Release\lib0_lpc_chip_175x_6x.a(stopwatch_17xx_40xx.o)
 .bss.ABsyncSts
                0x10005390        0x1 D:\Developpement_Robot\Robotic-System.git\trunk\Workspaces\MultiWorkSpaces_2021\0_lpc_chip_175x_6x\Release\lib0_lpc_chip_175x_6x.a(uart_17xx_40xx.o)
 *fill*         0x10005391        0x3 
 .bss.__malloc_free_list
                0x10005394        0x4 c:/nxp/mcuxpressoide_11.2.1_4149/ide/plugins/com.nxp.mcuxpresso.tools.win32_11.2.0.202008311134/tools/bin/../lib/gcc/arm-none-eabi/9.2.1/../../../../arm-none-eabi/lib/thumb/v7-m/nofp\libc_nano.a(lib_a-nano-mallocr.o)
                0x10005394                __malloc_free_list
 .bss.__malloc_sbrk_start
                0x10005398        0x4 c:/nxp/mcuxpressoide_11.2.1_4149/ide/plugins/com.nxp.mcuxpresso.tools.win32_11.2.0.202008311134/tools/bin/../lib/gcc/arm-none-eabi/9.2.1/../../../../arm-none-eabi/lib/thumb/v7-m/nofp\libc_nano.a(lib_a-nano-mallocr.o)
                0x10005398                __malloc_sbrk_start
 .bss.__end_of_heap
                0x1000539c        0x4 c:/nxp/mcuxpressoide_11.2.1_4149/ide/plugins/com.nxp.mcuxpresso.tools.win32_11.2.0.202008311134/tools/bin/../lib/gcc/arm-none-eabi/9.2.1/../../../../arm-none-eabi/lib/thumb/v7-m/nofp\libcr_newlib_none.a(_cr_sbrk.o)
                0x1000539c                __end_of_heap
 *(COMMON)
 COMMON         0x100053a0        0x4 D:\Developpement_Robot\Robotic-System.git\trunk\Workspaces\MultiWorkSpaces_2021\0_lpc_chip_175x_6x\Release\lib0_lpc_chip_175x_6x.a(chip_17xx_40xx.o)
                0x100053a0                SystemCoreClock
 COMMON         0x100053a4        0x4 c:/nxp/mcuxpressoide_11.2.1_4149/ide/plugins/com.nxp.mcuxpresso.tools.win32_11.2.0.202008311134/tools/bin/../lib/gcc/arm-none-eabi/9.2.1/../../../../arm-none-eabi/lib/thumb/v7-m/nofp\libc_nano.a(lib_a-reent.o)
                0x100053a4                errno
 COMMON         0x100053a8        0x9 c:/nxp/mcuxpressoide_11.2.1_4149/ide/plugins/com.nxp.mcuxpresso.tools.win32_11.2.0.202008311134/tools/bin/../lib/gcc/arm-none-eabi/9.2.1/../../../../arm-none-eabi/lib/thumb/v7-m/nofp\libc_nano.a(lib_a-lock.o)
                0x100053a8                __lock___atexit_recursive_mutex
                0x100053a9                __lock___arc4random_mutex
                0x100053aa                __lock___env_recursive_mutex
                0x100053ab                __lock___sinit_recursive_mutex
                0x100053ac                __lock___malloc_recursive_mutex
                0x100053ad                __lock___at_quick_exit_mutex
                0x100053ae                __lock___dd_hash_mutex
                0x100053af                __lock___tz_mutex
                0x100053b0                __lock___sfp_recursive_mutex
                0x100053b4                . = ALIGN (0x4)
 *fill*         0x100053b1        0x3 
                0x100053b4                _ebss = .
                [!provide]                PROVIDE (__end_bss_RAM = .)
                [!provide]                PROVIDE (__end_bss_RamLoc32 = .)
                [!provide]                PROVIDE (end = .)

.noinit_RAM2    0x2007c000        0x0
                [!provide]                PROVIDE (__start_noinit_RAM2 = .)
                [!provide]                PROVIDE (__start_noinit_RamAHB32 = .)
 *(.noinit.$RAM2)
 *(.noinit.$RamAHB32)
 *(.noinit.$RAM2.*)
 *(.noinit.$RamAHB32.*)
                0x2007c000                . = ALIGN (0x4)
                [!provide]                PROVIDE (__end_noinit_RAM2 = .)
                [!provide]                PROVIDE (__end_noinit_RamAHB32 = .)

.noinit_RAM3    0x2007ec40        0x0
                [!provide]                PROVIDE (__start_noinit_RAM3 = .)
                [!provide]                PROVIDE (__start_noinit_RAM3 = .)
 *(.noinit.$RAM3)
 *(.noinit.$RAM3)
 *(.noinit.$RAM3.*)
 *(.noinit.$RAM3.*)
                0x2007ec40                . = ALIGN (0x4)
                [!provide]                PROVIDE (__end_noinit_RAM3 = .)
                [!provide]                PROVIDE (__end_noinit_RAM3 = .)

.noinit         0x100053b4        0x0
                0x100053b4                _noinit = .
                [!provide]                PROVIDE (__start_noinit_RAM = .)
                [!provide]                PROVIDE (__start_noinit_RamLoc32 = .)
 *(.noinit*)
                0x100053b4                . = ALIGN (0x4)
                0x100053b4                _end_noinit = .
                [!provide]                PROVIDE (__end_noinit_RAM = .)
                [!provide]                PROVIDE (__end_noinit_RamLoc32 = .)
                0x100053b4                PROVIDE (_pvHeapStart = DEFINED (__user_heap_base)?__user_heap_base:.)
                0x10008000                PROVIDE (_vStackTop = DEFINED (__user_stack_top)?__user_stack_top:(__top_RamLoc32 - 0x0))
                [!provide]                PROVIDE (__valid_user_code_checksum = (0x0 - ((((((_vStackTop + (ResetISR + 0x1)) + (NMI_Handler + 0x1)) + (HardFault_Handler + 0x1)) + (DEFINED (MemManage_Handler)?MemManage_Handler:0x0 + 0x1)) + (DEFINED (BusFault_Handler)?BusFault_Handler:0x0 + 0x1)) + (DEFINED (UsageFault_Handler)?UsageFault_Handler:0x0 + 0x1))))
                0x00010000                _image_start = LOADADDR (.text)
                0x00017368                _image_end = (LOADADDR (.data) + SIZEOF (.data))
                0x00007368                _image_size = (_image_end - _image_start)