Archive member included to satisfy reference by file (symbol)

D:\Developpement_Robot\Robotic-System\trunk\Workspaces\MultiWorkSpaces_2021\0_lpc_chip_175x_6x\Release\lib0_lpc_chip_175x_6x.a(adc_17xx_40xx.o)
                              ./Level_0/Drivers/0_ADC/0_ADC.o (Chip_ADC_Init)
D:\Developpement_Robot\Robotic-System\trunk\Workspaces\MultiWorkSpaces_2021\0_lpc_chip_175x_6x\Release\lib0_lpc_chip_175x_6x.a(chip_17xx_40xx.o)
                              ./src/IA_2021_V0.o (SystemCoreClockUpdate)
D:\Developpement_Robot\Robotic-System\trunk\Workspaces\MultiWorkSpaces_2021\0_lpc_chip_175x_6x\Release\lib0_lpc_chip_175x_6x.a(clock_17xx_40xx.o)
                              D:\Developpement_Robot\Robotic-System\trunk\Workspaces\MultiWorkSpaces_2021\0_lpc_chip_175x_6x\Release\lib0_lpc_chip_175x_6x.a(chip_17xx_40xx.o) (Chip_Clock_EnablePLL)
D:\Developpement_Robot\Robotic-System\trunk\Workspaces\MultiWorkSpaces_2021\0_lpc_chip_175x_6x\Release\lib0_lpc_chip_175x_6x.a(ring_buffer.o)
                              ./Communication/0_Communication.o (RingBuffer_Init)
D:\Developpement_Robot\Robotic-System\trunk\Workspaces\MultiWorkSpaces_2021\0_lpc_chip_175x_6x\Release\lib0_lpc_chip_175x_6x.a(stopwatch_17xx_40xx.o)
                              ./Communication/USB/src/cdc_usb_main.o (StopWatch_Init)
D:\Developpement_Robot\Robotic-System\trunk\Workspaces\MultiWorkSpaces_2021\0_lpc_chip_175x_6x\Release\lib0_lpc_chip_175x_6x.a(sysinit_17xx_40xx.o)
                              ./src/IA_2021_V0.o (Chip_SetupXtalClocking)
D:\Developpement_Robot\Robotic-System\trunk\Workspaces\MultiWorkSpaces_2021\0_lpc_chip_175x_6x\Release\lib0_lpc_chip_175x_6x.a(timer_17xx_40xx.o)
                              ./src/IA_2021_V0.o (Chip_TIMER_Init)
D:\Developpement_Robot\Robotic-System\trunk\Workspaces\MultiWorkSpaces_2021\0_lpc_chip_175x_6x\Release\lib0_lpc_chip_175x_6x.a(uart_17xx_40xx.o)
                              ./Communication/0_Communication.o (Chip_UART_Init)
D:\Developpement_Robot\Robotic-System\trunk\Workspaces\MultiWorkSpaces_2021\0_lpc_board_nxp_lpcxpresso_1769\Release\lib0_lpc_board_nxp_lpcxpresso_1769.a(board.o)
                              ./src/IA_2021_V0.o (Set_Clock_in)
D:\Developpement_Robot\Robotic-System\trunk\Workspaces\MultiWorkSpaces_2021\0_lpc_chip_175x_6x\libs\libusbd_175x_6x_lib.a(mw_usbd_rom_api.o)
                              ./Communication/USB/src/cdc_usb_main.o (cdc_api)
D:\Developpement_Robot\Robotic-System\trunk\Workspaces\MultiWorkSpaces_2021\0_lpc_chip_175x_6x\libs\libusbd_175x_6x_lib.a(hw_usbd_ip3503.o)
                              D:\Developpement_Robot\Robotic-System\trunk\Workspaces\MultiWorkSpaces_2021\0_lpc_chip_175x_6x\libs\libusbd_175x_6x_lib.a(mw_usbd_rom_api.o) (hwUSB_GetMemSize)
D:\Developpement_Robot\Robotic-System\trunk\Workspaces\MultiWorkSpaces_2021\0_lpc_chip_175x_6x\libs\libusbd_175x_6x_lib.a(mw_usbd_cdcuser.o)
                              D:\Developpement_Robot\Robotic-System\trunk\Workspaces\MultiWorkSpaces_2021\0_lpc_chip_175x_6x\libs\libusbd_175x_6x_lib.a(mw_usbd_rom_api.o) (mwCDC_SendNotification)
D:\Developpement_Robot\Robotic-System\trunk\Workspaces\MultiWorkSpaces_2021\0_lpc_chip_175x_6x\libs\libusbd_175x_6x_lib.a(mw_usbd_core.o)
                              D:\Developpement_Robot\Robotic-System\trunk\Workspaces\MultiWorkSpaces_2021\0_lpc_chip_175x_6x\libs\libusbd_175x_6x_lib.a(mw_usbd_rom_api.o) (mwUSB_SetupStage)
D:\Developpement_Robot\Robotic-System\trunk\Workspaces\MultiWorkSpaces_2021\0_lpc_chip_175x_6x\libs\libusbd_175x_6x_lib.a(mw_usbd_dfuuser.o)
                              D:\Developpement_Robot\Robotic-System\trunk\Workspaces\MultiWorkSpaces_2021\0_lpc_chip_175x_6x\libs\libusbd_175x_6x_lib.a(mw_usbd_rom_api.o) (mwDFU_GetMemSize)
D:\Developpement_Robot\Robotic-System\trunk\Workspaces\MultiWorkSpaces_2021\0_lpc_chip_175x_6x\libs\libusbd_175x_6x_lib.a(mw_usbd_hiduser.o)
                              D:\Developpement_Robot\Robotic-System\trunk\Workspaces\MultiWorkSpaces_2021\0_lpc_chip_175x_6x\libs\libusbd_175x_6x_lib.a(mw_usbd_rom_api.o) (mwHID_GetMemSize)
D:\Developpement_Robot\Robotic-System\trunk\Workspaces\MultiWorkSpaces_2021\0_lpc_chip_175x_6x\libs\libusbd_175x_6x_lib.a(mw_usbd_mscuser.o)
                              D:\Developpement_Robot\Robotic-System\trunk\Workspaces\MultiWorkSpaces_2021\0_lpc_chip_175x_6x\libs\libusbd_175x_6x_lib.a(mw_usbd_rom_api.o) (mwMSC_GetMemSize)
c:/nxp/mcuxpressoide_11.2.1_4149/ide/plugins/com.nxp.mcuxpresso.tools.win32_11.2.0.202008311134/tools/bin/../lib/gcc/arm-none-eabi/9.2.1/thumb/v7-m/nofp\libgcc.a(_arm_mulsf3.o)
                              ./Strategie/Strategie_Level0/Deplacement/0_Deplacements.o (__aeabi_fmul)
c:/nxp/mcuxpressoide_11.2.1_4149/ide/plugins/com.nxp.mcuxpresso.tools.win32_11.2.0.202008311134/tools/bin/../lib/gcc/arm-none-eabi/9.2.1/thumb/v7-m/nofp\libgcc.a(_arm_addsubdf3.o)
                              ./freertos/src/tasks.o (__aeabi_f2d)
[...]
Memory Configuration

Name             Origin             Length             Attributes
MFlash512        0x00010000         0x00070000         xr
RamLoc32         0x10000000         0x00008000         xrw
Ram_USB          0x2007c000         0x00000800         xrw
RAM3             0x2007c800         0x00007800         xrw
*default*        0x00000000         0xffffffff

Linker script and memory map

LOAD ./src/IA_2021_V0.o
LOAD ./src/Init.o
LOAD ./src/cr_startup_lpc175x_6x.o
LOAD ./src/crp.o
LOAD ./src/sysinit.o
LOAD ./src/test.o
LOAD ./freertos/src/FreeRTOSCommonHooks.o
LOAD ./freertos/src/croutine.o
LOAD ./freertos/src/event_groups.o
LOAD ./freertos/src/heap_5.o
LOAD ./freertos/src/list.o
LOAD ./freertos/src/port.o
LOAD ./freertos/src/queue.o
LOAD ./freertos/src/stream_buffer.o
LOAD ./freertos/src/tasks.o
LOAD ./freertos/src/timers.o
LOAD ./freertos/FreeRTOS_Trace/trcHardwarePort.o
LOAD ./freertos/FreeRTOS_Trace/trcKernelPort.o
LOAD ./freertos/FreeRTOS_Trace/trcSnapshotRecorder.o
LOAD ./Strategie/Strategie_Level0/Deplacement/0_Deplacements.o
LOAD ./Strategie/Strategie_Level0/Deplacement/1_Obstacles.o
LOAD ./Strategie/Strategie_Level0/Actionneurs/0_Actionneurs.o
LOAD ./Strategie/Strategie_Level0/0_Infos.o
LOAD ./Strategie/Strategie_Level0/Strategie_Actions.o
LOAD ./Strategie/Strategie.o
LOAD ./Pathfinding/Astar/Astar.o
LOAD ./Level_0/Drivers/0_ADC/0_ADC.o
LOAD ./Communication/USB/src/cdc_desc.o
LOAD ./Communication/USB/src/cdc_usb_main.o
LOAD ./Communication/USB/src/cdc_vcom.o
LOAD ./Communication/RS485/0_RS485.o
LOAD ./Communication/0_Communication.o
LOAD ./Communication/0_Event_Group.o
LOAD ./Communication/1_Trame_Communication.o
LOAD ./Communication/2_Echange_Data_Strategie.o
LOAD ./Communication/2_Echange_Datas.o
LOAD ./Communication/2_Echange_Datas_Reception.o
LOAD D:\Developpement_Robot\Robotic-System\trunk\Workspaces\MultiWorkSpaces_2021\0_lpc_chip_175x_6x\Release\lib0_lpc_chip_175x_6x.a
LOAD D:\Developpement_Robot\Robotic-System\trunk\Workspaces\MultiWorkSpaces_2021\0_lpc_board_nxp_lpcxpresso_1769\Release\lib0_lpc_board_nxp_lpcxpresso_1769.a
LOAD D:\Developpement_Robot\Robotic-System\trunk\Workspaces\MultiWorkSpaces_2021\0_lpc_chip_175x_6x\libs\libusbd_175x_6x_lib.a
START GROUP
LOAD c:/nxp/mcuxpressoide_11.2.1_4149/ide/plugins/com.nxp.mcuxpresso.tools.win32_11.2.0.202008311134/tools/bin/../lib/gcc/arm-none-eabi/9.2.1/thumb/v7-m/nofp\libgcc.a
LOAD c:/nxp/mcuxpressoide_11.2.1_4149/ide/plugins/com.nxp.mcuxpresso.tools.win32_11.2.0.202008311134/tools/bin/../lib/gcc/arm-none-eabi/9.2.1/../../../../arm-none-eabi/lib/thumb/v7-m/nofp\libc_nano.a
LOAD c:/nxp/mcuxpressoide_11.2.1_4149/ide/plugins/com.nxp.mcuxpresso.tools.win32_11.2.0.202008311134/tools/bin/../lib/gcc/arm-none-eabi/9.2.1/../../../../arm-none-eabi/lib/thumb/v7-m/nofp\libm.a
LOAD c:/nxp/mcuxpressoide_11.2.1_4149/ide/plugins/com.nxp.mcuxpresso.tools.win32_11.2.0.202008311134/tools/bin/../lib/gcc/arm-none-eabi/9.2.1/../../../../arm-none-eabi/lib/thumb/v7-m/nofp\libcr_newlib_none.a
END GROUP
                0x00010000                __base_MFlash512 = 0x10000
                0x00010000                __base_Flash = 0x10000
                0x00080000                __top_MFlash512 = 0x80000
                0x00080000                __top_Flash = 0x80000
                0x10000000                __base_RamLoc32 = 0x10000000
                0x10000000                __base_RAM = 0x10000000
                0x10008000                __top_RamLoc32 = 0x10008000
                0x10008000                __top_RAM = 0x10008000
                0x2007c000                __base_Ram_USB = 0x2007c000
                0x2007c000                __base_RAM2 = 0x2007c000
                0x2007c800                __top_Ram_USB = 0x2007c800
                0x2007c800                __top_RAM2 = 0x2007c800
                0x2007c800                __base_RAM3 = 0x2007c800
                0x2007c800                __base_RAM3 = 0x2007c800
                0x20084000                __top_RAM3 = 0x20084000
                0x20084000                __top_RAM3 = 0x20084000

.text           0x00010000     0xe0d8
 FILL mask 0xff
                0x00010000                __vectors_start__ = ABSOLUTE (.)
 *(.isr_vector)
 .isr_vector    0x00010000       0xcc ./src/cr_startup_lpc175x_6x.o
                0x00010000                g_pfnVectors
                0x000100cc                . = ALIGN (0x4)
                0x000100cc                __section_table_start = .
                0x000100cc                __data_section_table = .
                0x000100cc        0x4 LONG 0x1e0d8 LOADADDR (.data)
                0x000100d0        0x4 LONG 0x10000000 ADDR (.data)
                0x000100d4        0x4 LONG 0x200 SIZEOF (.data)
                0x000100d8        0x4 LONG 0x1e0d8 LOADADDR (.data_RAM2)
                0x000100dc        0x4 LONG 0x2007c000 ADDR (.data_RAM2)
                0x000100e0        0x4 LONG 0x0 SIZEOF (.data_RAM2)
                0x000100e4        0x4 LONG 0x1e0d8 LOADADDR (.data_RAM3)
                0x000100e8        0x4 LONG 0x2007c800 ADDR (.data_RAM3)
                0x000100ec        0x4 LONG 0x0 SIZEOF (.data_RAM3)
                0x000100f0                __data_section_table_end = .
                0x000100f0                __bss_section_table = .
                0x000100f0        0x4 LONG 0x10000200 ADDR (.bss)
                0x000100f4        0x4 LONG 0x52c0 SIZEOF (.bss)
                0x000100f8        0x4 LONG 0x2007c000 ADDR (.bss_RAM2)
                0x000100fc        0x4 LONG 0x0 SIZEOF (.bss_RAM2)
                0x00010100        0x4 LONG 0x2007c800 ADDR (.bss_RAM3)
                0x00010104        0x4 LONG 0x4a4c SIZEOF (.bss_RAM3)
                0x00010108                __bss_section_table_end = .
                0x00010108                __section_table_end = .
 *(.after_vectors*)
 .after_vectors
                0x00010108       0x8c ./src/cr_startup_lpc175x_6x.o
                0x00010108                NMI_Handler
                0x0001010a                HardFault_Handler
                0x0001010c                MemManage_Handler
                0x0001010e                BusFault_Handler
                0x00010110                UsageFault_Handler
                0x00010112                DebugMon_Handler
                0x00010114                USBActivity_IRQHandler
                0x00010114                PWM1_IRQHandler
                0x00010114                I2C0_IRQHandler
                0x00010114                RIT_IRQHandler
                0x00010114                I2C1_IRQHandler
                0x00010114                EINT2_IRQHandler
                0x00010114                EINT3_IRQHandler
                0x00010114                CANActivity_IRQHandler
                0x00010114                TIMER3_IRQHandler
                0x00010114                UART0_IRQHandler
                0x00010114                DMA_IRQHandler
                0x00010114                UART3_IRQHandler
                0x00010114                IntDefaultHandler
                0x00010114                PLL0_IRQHandler
                0x00010114                CAN_IRQHandler
                0x00010114                PLL1_IRQHandler
                0x00010114                SSP0_IRQHandler
                0x00010114                I2S_IRQHandler
                0x00010114                I2C2_IRQHandler
                0x00010114                RTC_IRQHandler
                0x00010114                TIMER0_IRQHandler
                0x00010114                SPI_IRQHandler
                0x00010114                ETH_IRQHandler
                0x00010114                EINT1_IRQHandler
                0x00010114                TIMER1_IRQHandler
                0x00010114                ADC_IRQHandler
                0x00010114                SSP1_IRQHandler
                0x00010114                BOD_IRQHandler
                0x00010114                TIMER2_IRQHandler
                0x00010114                WDT_IRQHandler
                0x00010114                EINT0_IRQHandler
                0x00010114                QEI_IRQHandler
                0x00010114                MCPWM_IRQHandler
                0x00010116                data_init
                0x00010132                bss_init
                0x00010144                ResetISR
                0x0001018c                SVC_Handler
                0x0001018e                PendSV_Handler
                0x00010190                SysTick_Handler
                0x000002fc                . = 0x2fc
 *fill*         0x00010194      0x168 ff
                0x000102fc                PROVIDE (__CRP_WORD_START__ = .)
 *(.crp)
 .crp           0x000102fc        0x4 ./src/crp.o
                0x000102fc                CRP_WORD
                0x00010300                PROVIDE (__CRP_WORD_END__ = .)
                0x00000001                ASSERT (! ((__CRP_WORD_START__ == __CRP_WORD_END__)), Linker CRP Enabled, but no CRP_WORD provided within application)
 *(.text*)
 .text.vConfigureTimerForRunTimeStats
                0x00010300       0x22 ./src/IA_2021_V0.o
                0x00010300                vConfigureTimerForRunTimeStats
 *fill*         0x00010322        0x2 ff
 .text.prvSetupHardware
                0x00010324       0x30 ./src/IA_2021_V0.o
 .text.vTask_HartBeat
                0x00010354       0x64 ./src/IA_2021_V0.o
 .text.vTask_Stats
                0x000103b8      0x170 ./src/IA_2021_V0.o
 .text.main     0x00010528       0x58 ./src/IA_2021_V0.o
                0x00010528                main
 .text.Debug_Trace_Texte
                0x00010580        0x2 ./src/Init.o
                0x00010580                Debug_Trace_Texte
 *fill*         0x00010582        0x2 ff
 .text.Set_Debug_Pin_0_High
                0x00010584       0x10 ./src/Init.o
                0x00010584                Set_Debug_Pin_0_High
 .text.Set_Debug_Pin_0_Low
                0x00010594       0x10 ./src/Init.o
                0x00010594                Set_Debug_Pin_0_Low
 .text.Set_Debug_Pin_1_Low
                0x000105a4       0x10 ./src/Init.o
                0x000105a4                Set_Debug_Pin_1_Low
 .text.Init_Carte_IA
                0x000105b4       0x84 ./src/Init.o
                0x000105b4                Init_Carte_IA
 .text.Init_Send_Robot_ID
                0x00010638        0xe ./src/Init.o
                0x00010638                Init_Send_Robot_ID
 *fill*         0x00010646        0x2 ff
 .text.SystemInit
                0x00010648       0x18 ./src/sysinit.o
                0x00010648                SystemInit
 .text.TEST_init_parametres
                0x00010660       0x28 ./src/test.o
                0x00010660                TEST_init_parametres
 .text.TEST_Deplacement
                0x00010688      0x1a4 ./src/test.o
                0x00010688                TEST_Deplacement
 .text.vApplicationStackOverflowHook
                0x0001082c      0x12c ./freertos/src/FreeRTOSCommonHooks.o
                0x0001082c                vApplicationStackOverflowHook
 .text.prvTestWaitCondition
                0x00010958       0x1c ./freertos/src/event_groups.o
 .text.xEventGroupCreate
                0x00010974       0xb0 ./freertos/src/event_groups.o
                0x00010974                xEventGroupCreate
 .text.xEventGroupWaitBits
                0x00010a24      0x1a8 ./freertos/src/event_groups.o
                0x00010a24                xEventGroupWaitBits
 .text.xEventGroupClearBits
                0x00010bcc       0x58 ./freertos/src/event_groups.o
                0x00010bcc                xEventGroupClearBits
 .text.xEventGroupSetBits
                0x00010c24       0xa0 ./freertos/src/event_groups.o
                0x00010c24                xEventGroupSetBits
 .text.vEventGroupSetBitsCallback
                0x00010cc4        0x8 ./freertos/src/event_groups.o
                0x00010cc4                vEventGroupSetBitsCallback
 .text.xEventGroupSetBitsFromISR
                0x00010ccc       0x4c ./freertos/src/event_groups.o
                0x00010ccc                xEventGroupSetBitsFromISR
 .text.uxEventGroupGetNumber
                0x00010d18        0xa ./freertos/src/event_groups.o
                0x00010d18                uxEventGroupGetNumber
 .text.vEventGroupSetNumber
                0x00010d22        0x4 ./freertos/src/event_groups.o
                0x00010d22                vEventGroupSetNumber
 *fill*         0x00010d26        0x2 ff
 .text.prvInsertBlockIntoFreeList
                0x00010d28       0x54 ./freertos/src/heap_5.o
 .text.pvPortMalloc
                0x00010d7c       0xcc ./freertos/src/heap_5.o
                0x00010d7c                pvPortMalloc
 .text.vPortFree
                0x00010e48       0x64 ./freertos/src/heap_5.o
                0x00010e48                vPortFree
 .text.vPortDefineHeapRegions
                0x00010eac       0x84 ./freertos/src/heap_5.o
                0x00010eac                vPortDefineHeapRegions
 .text.vListInitialise
                0x00010f30       0x16 ./freertos/src/list.o
                0x00010f30                vListInitialise
 .text.vListInitialiseItem
                0x00010f46        0x6 ./freertos/src/list.o
                0x00010f46                vListInitialiseItem
 .text.vListInsertEnd
                0x00010f4c       0x16 ./freertos/src/list.o
                0x00010f4c                vListInsertEnd
 .text.vListInsert
                0x00010f62       0x32 ./freertos/src/list.o
                0x00010f62                vListInsert
 .text.uxListRemove
                0x00010f94       0x26 ./freertos/src/list.o
                0x00010f94                uxListRemove
 .text.prvTaskExitError
                0x00010fba       0x20 ./freertos/src/port.o
 *fill*         0x00010fda        0x2 ff
 .text.prvPortStartFirstTask
                0x00010fdc       0x20 ./freertos/src/port.o
 .text.pxPortInitialiseStack
                0x00010ffc       0x24 ./freertos/src/port.o
                0x00010ffc                pxPortInitialiseStack
 .text.vPortSVCHandler
                0x00011020       0x24 ./freertos/src/port.o
                0x00011020                vPortSVCHandler
 .text.vPortEnterCritical
                0x00011044       0x20 ./freertos/src/port.o
                0x00011044                vPortEnterCritical
 .text.vPortExitCritical
                0x00011064       0x14 ./freertos/src/port.o
                0x00011064                vPortExitCritical
 *fill*         0x00011078        0x8 ff
 .text.xPortPendSVHandler
                0x00011080       0x44 ./freertos/src/port.o
                0x00011080                xPortPendSVHandler
 .text.xPortSysTickHandler
                0x000110c4       0x2c ./freertos/src/port.o
                0x000110c4                xPortSysTickHandler
 .text.vPortSetupTimerInterrupt
                0x000110f0       0x24 ./freertos/src/port.o
                0x000110f0                vPortSetupTimerInterrupt
 .text.xPortStartScheduler
                0x00011114       0x38 ./freertos/src/port.o
                0x00011114                xPortStartScheduler
 .text.prvIsQueueFull
                0x0001114c       0x1e ./freertos/src/queue.o
 .text.prvIsQueueEmpty
                0x0001116a       0x1a ./freertos/src/queue.o
 .text.prvCopyDataToQueue
                0x00011184       0x76 ./freertos/src/queue.o
 .text.prvCopyDataFromQueue
                0x000111fa       0x24 ./freertos/src/queue.o
 .text.prvUnlockQueue
                0x0001121e       0x6e ./freertos/src/queue.o
 .text.xQueueGenericReset
                0x0001128c       0x70 ./freertos/src/queue.o
                0x0001128c                xQueueGenericReset
 .text.prvInitialiseNewQueue
                0x000112fc       0xcc ./freertos/src/queue.o
 .text.xQueueGenericCreate
                0x000113c8       0x5c ./freertos/src/queue.o
                0x000113c8                xQueueGenericCreate
 .text.xQueueGenericSend
                0x00011424      0x2a0 ./freertos/src/queue.o
                0x00011424                xQueueGenericSend
 .text.xQueueGenericSendFromISR
                0x000116c4      0x124 ./freertos/src/queue.o
                0x000116c4                xQueueGenericSendFromISR
 .text.xQueueReceive
                0x000117e8      0x2c8 ./freertos/src/queue.o
                0x000117e8                xQueueReceive
 .text.uxQueueGetQueueNumber
                0x00011ab0        0x4 ./freertos/src/queue.o
                0x00011ab0                uxQueueGetQueueNumber
 .text.vQueueSetQueueNumber
                0x00011ab4        0x4 ./freertos/src/queue.o
                0x00011ab4                vQueueSetQueueNumber
 .text.ucQueueGetQueueType
                0x00011ab8        0x6 ./freertos/src/queue.o
                0x00011ab8                ucQueueGetQueueType
 *fill*         0x00011abe        0x2 ff
 .text.vQueueAddToRegistry
                0x00011ac0       0x48 ./freertos/src/queue.o
                0x00011ac0                vQueueAddToRegistry
 .text.vQueueWaitForMessageRestricted
                0x00011b08       0x52 ./freertos/src/queue.o
                0x00011b08                vQueueWaitForMessageRestricted
 .text.prvTaskCheckFreeStackSpace
                0x00011b5a       0x14 ./freertos/src/tasks.o
 *fill*         0x00011b6e        0x2 ff
 .text.prvResetNextTaskUnblockTime
                0x00011b70       0x2c ./freertos/src/tasks.o
 .text.prvDeleteTCB
                0x00011b9c       0x12 ./freertos/src/tasks.o
 .text.prvInitialiseNewTask
                0x00011bae       0x9e ./freertos/src/tasks.o
 .text.prvInitialiseTaskLists
                0x00011c4c       0x68 ./freertos/src/tasks.o
 .text.prvAddNewTaskToReadyList
                0x00011cb4      0x148 ./freertos/src/tasks.o
 .text.prvCheckTasksWaitingTermination
                0x00011dfc       0x4c ./freertos/src/tasks.o
 .text.prvIdleTask
                0x00011e48       0x28 ./freertos/src/tasks.o
 .text.prvAddCurrentTaskToDelayedList
                0x00011e70       0x98 ./freertos/src/tasks.o
 .text.prvWriteNameToBuffer
                0x00011f08       0x22 ./freertos/src/tasks.o
 .text.xTaskCreate
                0x00011f2a       0x64 ./freertos/src/tasks.o
                0x00011f2a                xTaskCreate
 *fill*         0x00011f8e        0x2 ff
 .text.vTaskDelete
                0x00011f90      0x1f4 ./freertos/src/tasks.o
                0x00011f90                vTaskDelete
 .text.eTaskGetState
                0x00012184       0x7c ./freertos/src/tasks.o
                0x00012184                eTaskGetState
 .text.vTaskStartScheduler
                0x00012200       0x98 ./freertos/src/tasks.o
                0x00012200                vTaskStartScheduler
 .text.vTaskSuspendAll
                0x00012298       0x10 ./freertos/src/tasks.o
                0x00012298                vTaskSuspendAll
 .text.xTaskGetTickCount
                0x000122a8        0xc ./freertos/src/tasks.o
                0x000122a8                xTaskGetTickCount
 .text.xTaskIncrementTick
                0x000122b4      0x148 ./freertos/src/tasks.o
                0x000122b4                xTaskIncrementTick
 .text.xTaskResumeAll
                0x000123fc      0x104 ./freertos/src/tasks.o
                0x000123fc                xTaskResumeAll
 .text.vTaskDelayUntil
                0x00012500       0xb4 ./freertos/src/tasks.o
                0x00012500                vTaskDelayUntil
 .text.vTaskDelay
                0x000125b4       0x88 ./freertos/src/tasks.o
                0x000125b4                vTaskDelay
 .text.vTaskSwitchContext
                0x0001263c       0xf4 ./freertos/src/tasks.o
                0x0001263c                vTaskSwitchContext
 .text.vTaskPlaceOnEventList
                0x00012730       0x1c ./freertos/src/tasks.o
                0x00012730                vTaskPlaceOnEventList
 .text.vTaskPlaceOnUnorderedEventList
                0x0001274c       0x24 ./freertos/src/tasks.o
                0x0001274c                vTaskPlaceOnUnorderedEventList
 .text.vTaskPlaceOnEventListRestricted
                0x00012770       0x7c ./freertos/src/tasks.o
                0x00012770                vTaskPlaceOnEventListRestricted
 .text.xTaskRemoveFromEventList
                0x000127ec       0x98 ./freertos/src/tasks.o
                0x000127ec                xTaskRemoveFromEventList
 .text.vTaskRemoveFromUnorderedEventList
                0x00012884       0x7c ./freertos/src/tasks.o
                0x00012884                vTaskRemoveFromUnorderedEventList
 .text.vTaskInternalSetTimeOutState
                0x00012900       0x18 ./freertos/src/tasks.o
                0x00012900                vTaskInternalSetTimeOutState
 .text.xTaskCheckForTimeOut
                0x00012918       0x5c ./freertos/src/tasks.o
                0x00012918                xTaskCheckForTimeOut
 .text.vTaskMissedYield
                0x00012974        0xc ./freertos/src/tasks.o
                0x00012974                vTaskMissedYield
 .text.uxTaskGetTaskNumber
                0x00012980        0xa ./freertos/src/tasks.o
                0x00012980                uxTaskGetTaskNumber
 .text.vTaskSetTaskNumber
                0x0001298a        0x6 ./freertos/src/tasks.o
                0x0001298a                vTaskSetTaskNumber
 .text.vTaskGetInfo
                0x00012990       0x78 ./freertos/src/tasks.o
                0x00012990                vTaskGetInfo
 .text.prvListTasksWithinSingleList
                0x00012a08       0x5e ./freertos/src/tasks.o
 *fill*         0x00012a66        0x2 ff
 .text.uxTaskGetSystemState
                0x00012a68       0xb4 ./freertos/src/tasks.o
                0x00012a68                uxTaskGetSystemState
 .text.xTaskGetCurrentTaskHandle
                0x00012b1c        0xc ./freertos/src/tasks.o
                0x00012b1c                xTaskGetCurrentTaskHandle
 .text.xTaskGetSchedulerState
                0x00012b28       0x20 ./freertos/src/tasks.o
                0x00012b28                xTaskGetSchedulerState
 .text.xTaskPriorityDisinherit
                0x00012b48       0xe8 ./freertos/src/tasks.o
                0x00012b48                xTaskPriorityDisinherit
 .text.vTaskGetRunTimeStats
                0x00012c30       0xc0 ./freertos/src/tasks.o
                0x00012c30                vTaskGetRunTimeStats
 .text.uxTaskResetEventItemValue
                0x00012cf0       0x18 ./freertos/src/tasks.o
                0x00012cf0                uxTaskResetEventItemValue
 .text.prvGetNextExpireTime
                0x00012d08       0x20 ./freertos/src/timers.o
 .text.prvInsertTimerInActiveList
                0x00012d28       0x48 ./freertos/src/timers.o
 .text.prvCheckForValidListAndQueue
                0x00012d70       0x5c ./freertos/src/timers.o
 .text.xTimerCreateTimerTask
                0x00012dcc       0x3c ./freertos/src/timers.o
                0x00012dcc                xTimerCreateTimerTask
 .text.xTimerGenericCommand
                0x00012e08       0x58 ./freertos/src/timers.o
                0x00012e08                xTimerGenericCommand
 .text.prvSwitchTimerLists
                0x00012e60       0x68 ./freertos/src/timers.o
 .text.prvSampleTimeNow
                0x00012ec8       0x2c ./freertos/src/timers.o
 .text.prvProcessExpiredTimer
                0x00012ef4       0x58 ./freertos/src/timers.o
 .text.prvProcessTimerOrBlockTask
                0x00012f4c       0x74 ./freertos/src/timers.o
 .text.prvProcessReceivedCommands
                0x00012fc0       0xe4 ./freertos/src/timers.o
 .text.prvTimerTask
                0x000130a4       0x16 ./freertos/src/timers.o
 *fill*         0x000130ba        0x2 ff
 .text.xTimerPendFunctionCallFromISR
                0x000130bc       0x28 ./freertos/src/timers.o
                0x000130bc                xTimerPendFunctionCallFromISR
 .text.prvTraceGetQueueNumber
                0x000130e4        0x8 ./freertos/FreeRTOS_Trace/trcKernelPort.o
                0x000130e4                prvTraceGetQueueNumber
 .text.prvTraceGetQueueType
                0x000130ec        0x8 ./freertos/FreeRTOS_Trace/trcKernelPort.o
                0x000130ec                prvTraceGetQueueType
 .text.prvTraceGetTaskNumberLow16
                0x000130f4        0xa ./freertos/FreeRTOS_Trace/trcKernelPort.o
                0x000130f4                prvTraceGetTaskNumberLow16
 .text.prvTraceGetTaskNumberHigh16
                0x000130fe        0xa ./freertos/FreeRTOS_Trace/trcKernelPort.o
                0x000130fe                prvTraceGetTaskNumberHigh16
 .text.prvTraceSetTaskNumberLow16
                0x00013108       0x18 ./freertos/FreeRTOS_Trace/trcKernelPort.o
                0x00013108                prvTraceSetTaskNumberLow16
 .text.prvTraceSetTaskNumberHigh16
                0x00013120       0x18 ./freertos/FreeRTOS_Trace/trcKernelPort.o
                0x00013120                prvTraceSetTaskNumberHigh16
 .text.prvTraceGetQueueNumberLow16
                0x00013138        0xa ./freertos/FreeRTOS_Trace/trcKernelPort.o
                0x00013138                prvTraceGetQueueNumberLow16
 .text.prvTraceGetQueueNumberHigh16
                0x00013142        0xa ./freertos/FreeRTOS_Trace/trcKernelPort.o
                0x00013142                prvTraceGetQueueNumberHigh16
 .text.prvTraceSetQueueNumberLow16
                0x0001314c       0x18 ./freertos/FreeRTOS_Trace/trcKernelPort.o
                0x0001314c                prvTraceSetQueueNumberLow16
 .text.prvTraceSetQueueNumberHigh16
                0x00013164       0x18 ./freertos/FreeRTOS_Trace/trcKernelPort.o
                0x00013164                prvTraceSetQueueNumberHigh16
 .text.prvTraceGetEventGroupNumberLow16
                0x0001317c        0xa ./freertos/FreeRTOS_Trace/trcKernelPort.o
                0x0001317c                prvTraceGetEventGroupNumberLow16
 .text.prvTraceGetEventGroupNumberHigh16
                0x00013186        0xa ./freertos/FreeRTOS_Trace/trcKernelPort.o
                0x00013186                prvTraceGetEventGroupNumberHigh16
 .text.prvTraceSetEventGroupNumberLow16
                0x00013190       0x18 ./freertos/FreeRTOS_Trace/trcKernelPort.o
                0x00013190                prvTraceSetEventGroupNumberLow16
 .text.prvTraceSetEventGroupNumberHigh16
                0x000131a8       0x18 ./freertos/FreeRTOS_Trace/trcKernelPort.o
                0x000131a8                prvTraceSetEventGroupNumberHigh16
 .text.vTraceSetEventGroupName
                0x000131c0       0x14 ./freertos/FreeRTOS_Trace/trcKernelPort.o
                0x000131c0                vTraceSetEventGroupName
 .text.prvTraceGetCurrentTaskHandle
                0x000131d4        0x8 ./freertos/FreeRTOS_Trace/trcKernelPort.o
                0x000131d4                prvTraceGetCurrentTaskHandle
 .text.vTraceInitObjectPropertyTable
                0x000131dc       0xd0 ./freertos/FreeRTOS_Trace/trcKernelPort.o
                0x000131dc                vTraceInitObjectPropertyTable
 .text.vTraceInitObjectHandleStack
                0x000132ac       0x64 ./freertos/FreeRTOS_Trace/trcKernelPort.o
                0x000132ac                vTraceInitObjectHandleStack
 .text.pszTraceGetErrorNotEnoughHandles
                0x00013310       0x64 ./freertos/FreeRTOS_Trace/trcKernelPort.o
                0x00013310                pszTraceGetErrorNotEnoughHandles
 .text.prvTraceIsSchedulerSuspended
                0x00013374        0xe ./freertos/FreeRTOS_Trace/trcKernelPort.o
                0x00013374                prvTraceIsSchedulerSuspended
 .text.prvStrncpy
                0x00013382       0x1c ./freertos/FreeRTOS_Trace/trcSnapshotRecorder.o
 *fill*         0x0001339e        0x2 ff
 .text.vTraceStop
                0x000133a0       0x20 ./freertos/FreeRTOS_Trace/trcSnapshotRecorder.o
                0x000133a0                vTraceStop
 .text.prvTraceInitTraceData
                0x000133c0      0x164 ./freertos/FreeRTOS_Trace/trcSnapshotRecorder.o
 .text.prvTraceUpdateCounters
                0x00013524       0x24 ./freertos/FreeRTOS_Trace/trcSnapshotRecorder.o
 .text.prvTraceError
                0x00013548       0x44 ./freertos/FreeRTOS_Trace/trcSnapshotRecorder.o
                0x00013548                prvTraceError
 .text.prvTraceNextFreeEventBufferSlot
                0x0001358c       0x30 ./freertos/FreeRTOS_Trace/trcSnapshotRecorder.o
 .text.writeInt32
                0x000135bc       0x40 ./freertos/FreeRTOS_Trace/trcSnapshotRecorder.o
 .text.writeInt16
                0x000135fc       0x40 ./freertos/FreeRTOS_Trace/trcSnapshotRecorder.o
 .text.writeInt8
                0x0001363c       0x24 ./freertos/FreeRTOS_Trace/trcSnapshotRecorder.o
 .text.prvTraceGetChecksum
                0x00013660       0x4c ./freertos/FreeRTOS_Trace/trcSnapshotRecorder.o
 .text.prvTraceLookupSymbolTableEntry
                0x000136ac       0xa4 ./freertos/FreeRTOS_Trace/trcSnapshotRecorder.o
 .text.prvTraceCreateSymbolTableEntry
                0x00013750       0xac ./freertos/FreeRTOS_Trace/trcSnapshotRecorder.o
 .text.prvTraceOpenSymbol
                0x000137fc       0x78 ./freertos/FreeRTOS_Trace/trcSnapshotRecorder.o
 .text.xTraceRegisterString
                0x00013874       0x34 ./freertos/FreeRTOS_Trace/trcSnapshotRecorder.o
                0x00013874                xTraceRegisterString
 .text.prvTraceUserEventFormat
                0x000138a8      0x1d4 ./freertos/FreeRTOS_Trace/trcSnapshotRecorder.o
 .text.prvTraceGetParam
                0x00013a7c       0x48 ./freertos/FreeRTOS_Trace/trcSnapshotRecorder.o
 .text.uiIndexOfObject
                0x00013ac4       0x50 ./freertos/FreeRTOS_Trace/trcSnapshotRecorder.o
                0x00013ac4                uiIndexOfObject
 .text.prvMarkObjectAsUsed
                0x00013b14       0x20 ./freertos/FreeRTOS_Trace/trcSnapshotRecorder.o
                0x00013b14                prvMarkObjectAsUsed
 .text.prvTraceGetObjectState
                0x00013b34       0x54 ./freertos/FreeRTOS_Trace/trcSnapshotRecorder.o
 .text.prvTraceStoreObjectNameOnCloseEvent
                0x00013b88       0x64 ./freertos/FreeRTOS_Trace/trcSnapshotRecorder.o
                0x00013b88                prvTraceStoreObjectNameOnCloseEvent
 .text.prvTraceStoreObjectPropertiesOnCloseEvent
                0x00013bec       0xa4 ./freertos/FreeRTOS_Trace/trcSnapshotRecorder.o
                0x00013bec                prvTraceStoreObjectPropertiesOnCloseEvent
 .text.prvTraceSetPriorityProperty
                0x00013c90       0x54 ./freertos/FreeRTOS_Trace/trcSnapshotRecorder.o
                0x00013c90                prvTraceSetPriorityProperty
 .text.prvTraceGetPriorityProperty
                0x00013ce4       0x54 ./freertos/FreeRTOS_Trace/trcSnapshotRecorder.o
                0x00013ce4                prvTraceGetPriorityProperty
 .text.prvTraceSetObjectState
                0x00013d38       0x50 ./freertos/FreeRTOS_Trace/trcSnapshotRecorder.o
                0x00013d38                prvTraceSetObjectState
 .text.prvTraceSetTaskInstanceFinished
                0x00013d88       0x38 ./freertos/FreeRTOS_Trace/trcSnapshotRecorder.o
                0x00013d88                prvTraceSetTaskInstanceFinished
 .text.prvTraceGetObjectHandle
                0x00013dc0       0xd4 ./freertos/FreeRTOS_Trace/trcSnapshotRecorder.o
                0x00013dc0                prvTraceGetObjectHandle
 .text.prvTraceFreeObjectHandle
                0x00013e94       0x68 ./freertos/FreeRTOS_Trace/trcSnapshotRecorder.o
                0x00013e94                prvTraceFreeObjectHandle
 .text.prvTraceSetObjectName
                0x00013efc       0x7c ./freertos/FreeRTOS_Trace/trcSnapshotRecorder.o
                0x00013efc                prvTraceSetObjectName
 .text.prvTracePortGetTimeStamp
                0x00013f78       0x5c ./freertos/FreeRTOS_Trace/trcSnapshotRecorder.o
                0x00013f78                prvTracePortGetTimeStamp
 .text.prvTraceGetDTS
                0x00013fd4      0x104 ./freertos/FreeRTOS_Trace/trcSnapshotRecorder.o
 .text.vTraceStoreISRBegin
                0x000140d8       0xc4 ./freertos/FreeRTOS_Trace/trcSnapshotRecorder.o
                0x000140d8                vTraceStoreISRBegin
 .text.vTraceStoreISREnd
                0x0001419c       0xc0 ./freertos/FreeRTOS_Trace/trcSnapshotRecorder.o
                0x0001419c                vTraceStoreISREnd
 .text.vTracePrintF_Helper
                0x0001425c       0xe0 ./freertos/FreeRTOS_Trace/trcSnapshotRecorder.o
 .text.vTracePrintF
                0x0001433c       0x1c ./freertos/FreeRTOS_Trace/trcSnapshotRecorder.o
                0x0001433c                vTracePrintF
 .text.prvTraceStoreTaskReady
                0x00014358       0x88 ./freertos/FreeRTOS_Trace/trcSnapshotRecorder.o
                0x00014358                prvTraceStoreTaskReady
 .text.vTraceStoreMemMangEvent
                0x000143e0       0xb8 ./freertos/FreeRTOS_Trace/trcSnapshotRecorder.o
                0x000143e0                vTraceStoreMemMangEvent
 .text.prvTraceStoreKernelCall
                0x00014498       0xac ./freertos/FreeRTOS_Trace/trcSnapshotRecorder.o
                0x00014498                prvTraceStoreKernelCall
 .text.prvTraceStoreKernelCallWithParam
                0x00014544       0xc0 ./freertos/FreeRTOS_Trace/trcSnapshotRecorder.o
                0x00014544                prvTraceStoreKernelCallWithParam
 .text.prvTraceStoreKernelCallWithNumericParamOnly
                0x00014604       0x8c ./freertos/FreeRTOS_Trace/trcSnapshotRecorder.o
                0x00014604                prvTraceStoreKernelCallWithNumericParamOnly
 .text.prvTraceStoreTaskswitch
                0x00014690       0xa0 ./freertos/FreeRTOS_Trace/trcSnapshotRecorder.o
                0x00014690                prvTraceStoreTaskswitch
 .text.uiTraceStart
                0x00014730       0x94 ./freertos/FreeRTOS_Trace/trcSnapshotRecorder.o
                0x00014730                uiTraceStart
 .text.vTraceStart
                0x000147c4        0x8 ./freertos/FreeRTOS_Trace/trcSnapshotRecorder.o
                0x000147c4                vTraceStart
 .text.vTraceEnable
                0x000147cc       0x34 ./freertos/FreeRTOS_Trace/trcSnapshotRecorder.o
                0x000147cc                vTraceEnable
 .text._0_Deplacement_Init
                0x00014800       0x1c ./Strategie/Strategie_Level0/Deplacement/0_Deplacements.o
                0x00014800                _0_Deplacement_Init
 .text._0_Deplacement_Get_ptr_Current_Destination
                0x0001481c        0x8 ./Strategie/Strategie_Level0/Deplacement/0_Deplacements.o
                0x0001481c                _0_Deplacement_Get_ptr_Current_Destination
 .text._0_Deplacement_Wait_For_Arrival
                0x00014824       0x7c ./Strategie/Strategie_Level0/Deplacement/0_Deplacements.o
                0x00014824                _0_Deplacement_Wait_For_Arrival
 .text.Distance_To_Destination
                0x000148a0       0x4c ./Strategie/Strategie_Level0/Deplacement/0_Deplacements.o
                0x000148a0                Distance_To_Destination
 .text.Distance_Two_Points
                0x000148ec       0x1c ./Strategie/Strategie_Level0/Deplacement/0_Deplacements.o
                0x000148ec                Distance_Two_Points
 .text._0_Deplacement_Tourne_Avance
                0x00014908       0xbc ./Strategie/Strategie_Level0/Deplacement/0_Deplacements.o
                0x00014908                _0_Deplacement_Tourne_Avance
 .text._0_Deplacement_Tourne_Avance_ASTAR
                0x000149c4       0xcc ./Strategie/Strategie_Level0/Deplacement/0_Deplacements.o
                0x000149c4                _0_Deplacement_Tourne_Avance_ASTAR
 .text._0_Deplacement_ASTAR
                0x00014a90      0x280 ./Strategie/Strategie_Level0/Deplacement/0_Deplacements.o
                0x00014a90                _0_Deplacement_ASTAR
 .text._1_TEST_Obstacles_Opponent_Robots
                0x00014d10       0x5c ./Strategie/Strategie_Level0/Deplacement/1_Obstacles.o
                0x00014d10                _1_TEST_Obstacles_Opponent_Robots
 .text._1_Obstacles_Create_Terrain_Border
                0x00014d6c      0x13a ./Strategie/Strategie_Level0/Deplacement/1_Obstacles.o
                0x00014d6c                _1_Obstacles_Create_Terrain_Border
 *fill*         0x00014ea6        0x2 ff
 .text._0_Infos_Init
                0x00014ea8       0x14 ./Strategie/Strategie_Level0/0_Infos.o
                0x00014ea8                _0_Infos_Init
 .text._0_Update_Card_Datas
                0x00014ebc       0x38 ./Strategie/Strategie_Level0/0_Infos.o
                0x00014ebc                _0_Update_Card_Datas
 .text._0_Get_Robot_Position
                0x00014ef4       0x48 ./Strategie/Strategie_Level0/0_Infos.o
                0x00014ef4                _0_Get_Robot_Position
 .text._Strategie_Change_Action_State
                0x00014f3c       0x34 ./Strategie/Strategie_Level0/Strategie_Actions.o
                0x00014f3c                _Strategie_Change_Action_State
 .text._Strategie_Change_Action_Step
                0x00014f70       0x10 ./Strategie/Strategie_Level0/Strategie_Actions.o
                0x00014f70                _Strategie_Change_Action_Step
 .text._Strategie_Get_Robot_ID
                0x00014f80       0x10 ./Strategie/Strategie.o
                0x00014f80                _Strategie_Get_Robot_ID
 .text._Strategie_Get_Chosen_Strategie
                0x00014f90        0xc ./Strategie/Strategie.o
                0x00014f90                _Strategie_Get_Chosen_Strategie
 .text._Strategie_Get_Temps_Match
                0x00014f9c        0xc ./Strategie/Strategie.o
                0x00014f9c                _Strategie_Get_Temps_Match
 .text._Strategie_Get_Jack_Status
                0x00014fa8       0x10 ./Strategie/Strategie.o
                0x00014fa8                _Strategie_Get_Jack_Status
 .text._Strategie_Get_Color_Status
                0x00014fb8       0x10 ./Strategie/Strategie.o
                0x00014fb8                _Strategie_Get_Color_Status
 .text._Strategie_Get_Switch_Status
                0x00014fc8       0x10 ./Strategie/Strategie.o
                0x00014fc8                _Strategie_Get_Switch_Status
 .text._Strategie_Get_External_LED_RED_Status
                0x00014fd8       0x10 ./Strategie/Strategie.o
                0x00014fd8                _Strategie_Get_External_LED_RED_Status
 .text._Strategie_Get_External_LED_YELLOW_Status
                0x00014fe8       0x10 ./Strategie/Strategie.o
                0x00014fe8                _Strategie_Get_External_LED_YELLOW_Status
 .text._Strategie_Get_External_LED_GREEN_Status
                0x00014ff8       0x10 ./Strategie/Strategie.o
                0x00014ff8                _Strategie_Get_External_LED_GREEN_Status
 .text._Strategie_Init_Strategie_2021
                0x00015008      0x240 ./Strategie/Strategie.o
                0x00015008                _Strategie_Init_Strategie_2021
 .text.Astar_Set_Node_as_Blocked
                0x00015248       0x2a ./Pathfinding/Astar/Astar.o
 .text.Astar_Set_Node_as_Closed
                0x00015272       0x1e ./Pathfinding/Astar/Astar.o
 .text.Astar_Set_Node_as_Opened
                0x00015290       0x1e ./Pathfinding/Astar/Astar.o
 *fill*         0x000152ae        0x2 ff
 .text.Astar_Compute_H_cost
                0x000152b0       0x34 ./Pathfinding/Astar/Astar.o
 .text.Astar_Map_Init
                0x000152e4      0x174 ./Pathfinding/Astar/Astar.o
                0x000152e4                Astar_Map_Init
 .text.Astar_Get_Map
                0x00015458        0x8 ./Pathfinding/Astar/Astar.o
                0x00015458                Astar_Get_Map
 .text.Astar_Get_Vector_Map
                0x00015460        0x8 ./Pathfinding/Astar/Astar.o
                0x00015460                Astar_Get_Vector_Map
 .text.Astar_Find_Path
                0x00015468      0x248 ./Pathfinding/Astar/Astar.o
                0x00015468                Astar_Find_Path
 .text.Astar_Generate_Trajectory
                0x000156b0       0x6a ./Pathfinding/Astar/Astar.o
                0x000156b0                Astar_Generate_Trajectory
 .text.Astar_Find_Best_Node_To_Compute
                0x0001571a      0x126 ./Pathfinding/Astar/Astar.o
                0x0001571a                Astar_Find_Best_Node_To_Compute
 .text.Astar_Compute_Surronding_Nodes
                0x00015840      0x3da ./Pathfinding/Astar/Astar.o
                0x00015840                Astar_Compute_Surronding_Nodes
 .text.Astar_Compute_Node
                0x00015c1a      0x102 ./Pathfinding/Astar/Astar.o
                0x00015c1a                Astar_Compute_Node
 .text.Astar_Smoothing
                0x00015d1c       0xb8 ./Pathfinding/Astar/Astar.o
                0x00015d1c                Astar_Smoothing
 .text.Dijkstra_Intersect_Any_Segment
                0x00015dd4       0x42 ./Pathfinding/Astar/Astar.o
                0x00015dd4                Dijkstra_Intersect_Any_Segment
 .text.Dijkstra_Vector_Length
                0x00015e16       0x1c ./Pathfinding/Astar/Astar.o
                0x00015e16                Dijkstra_Vector_Length
 .text.Dijkstra_intersect_segment
                0x00015e32      0x38c ./Pathfinding/Astar/Astar.o
                0x00015e32                Dijkstra_intersect_segment
 *fill*         0x000161be        0x2 ff
 .text.Astar_Add_Rectangular_Obstacle
                0x000161c0      0x118 ./Pathfinding/Astar/Astar.o
                0x000161c0                Astar_Add_Rectangular_Obstacle
 .text.Astar_Add_Obstacle_Vector
                0x000162d8       0xd8 ./Pathfinding/Astar/Astar.o
                0x000162d8                Astar_Add_Obstacle_Vector
 .text._0_ADC_Init
                0x000163b0       0x34 ./Level_0/Drivers/0_ADC/0_ADC.o
                0x000163b0                _0_ADC_Init
 .text._0_RS485_Master_Mode
                0x000163e4       0x16 ./Communication/RS485/0_RS485.o
                0x000163e4                _0_RS485_Master_Mode
 .text._0_RS485_Slave_Mode
                0x000163fa       0x16 ./Communication/RS485/0_RS485.o
                0x000163fa                _0_RS485_Slave_Mode
 .text._0_RS485_Init
                0x00016410       0x60 ./Communication/RS485/0_RS485.o
                0x00016410                _0_RS485_Init
 .text._0_Communication_Init
                0x00016470       0x5c ./Communication/0_Communication.o
                0x00016470                _0_Communication_Init
 .text._0_Communication_Init_RS485
                0x000164cc       0xa0 ./Communication/0_Communication.o
                0x000164cc                _0_Communication_Init_RS485
 .text._0_Communication_Init_XBEE
                0x0001656c       0x9c ./Communication/0_Communication.o
                0x0001656c                _0_Communication_Init_XBEE
 .text.UART1_IRQHandler
                0x00016608       0xd8 ./Communication/0_Communication.o
                0x00016608                UART1_IRQHandler
 .text.UART2_IRQHandler
                0x000166e0       0x9c ./Communication/0_Communication.o
                0x000166e0                UART2_IRQHandler
 .text.USB_IRQHandler
                0x0001677c       0x2c ./Communication/0_Communication.o
                0x0001677c                USB_IRQHandler
 .text._0_Communication_Send_Data
                0x000167a8       0x90 ./Communication/0_Communication.o
                0x000167a8                _0_Communication_Send_Data
 .text._0_Communication_Send_RS485
                0x00016838       0x90 ./Communication/0_Communication.o
                0x00016838                _0_Communication_Send_RS485
 .text._0_Communication_Send_XBEE
                0x000168c8       0x82 ./Communication/0_Communication.o
                0x000168c8                _0_Communication_Send_XBEE
 .text.Chip_UART_SendByte
                0x0001694a        0x4 ./Communication/0_Communication.o
 .text.Chip_UART_ReadLineStatus
                0x0001694e        0x4 ./Communication/0_Communication.o
 *fill*         0x00016952        0x2 ff
 .text._0_Communication_Init_Event_Group
                0x00016954       0x1c ./Communication/0_Event_Group.o
                0x00016954                _0_Communication_Init_Event_Group
 .text._1_Communication_Init
                0x00016970       0x28 ./Communication/1_Trame_Communication.o
                0x00016970                _1_Communication_Init
 .text._1_Communication_Create_Queues_Semaphores
                0x00016998       0x14 ./Communication/1_Trame_Communication.o
                0x00016998                _1_Communication_Create_Queues_Semaphores
 .text._1_Communication_Wait_To_Send
                0x000169ac       0x28 ./Communication/1_Trame_Communication.o
                0x000169ac                _1_Communication_Wait_To_Send
 .text._1_Communication_Free_Send_Bit
                0x000169d4       0x14 ./Communication/1_Trame_Communication.o
                0x000169d4                _1_Communication_Free_Send_Bit
 .text._1_Communication_Wait_To_Receive
                0x000169e8       0x2c ./Communication/1_Trame_Communication.o
                0x000169e8                _1_Communication_Wait_To_Receive
 .text._1_Communication_Free_Receive_Bit
                0x00016a14       0x14 ./Communication/1_Trame_Communication.o
                0x00016a14                _1_Communication_Free_Receive_Bit
 .text._1_Communication_Create_Message
                0x00016a28       0x7c ./Communication/1_Trame_Communication.o
                0x00016a28                _1_Communication_Create_Message
 .text._1_Communication_Create_Trame
                0x00016aa4       0x3c ./Communication/1_Trame_Communication.o
                0x00016aa4                _1_Communication_Create_Trame
 .text._1_Communication_Create_Trame_From_Buffer
                0x00016ae0      0x294 ./Communication/1_Trame_Communication.o
                0x00016ae0                _1_Communication_Create_Trame_From_Buffer
 .text._1_Communication_Check_Rx_Adresse
                0x00016d74       0x1a ./Communication/1_Trame_Communication.o
                0x00016d74                _1_Communication_Check_Rx_Adresse
 *fill*         0x00016d8e        0x2 ff
 .text._1_Communication_Recomposition_Rx
                0x00016d90       0x88 ./Communication/1_Trame_Communication.o
                0x00016d90                _1_Communication_Recomposition_Rx
 .text._2_Comm_Strategie_Init
                0x00016e18       0x14 ./Communication/2_Echange_Data_Strategie.o
                0x00016e18                _2_Comm_Strategie_Init
 .text._2_Comm_Strategie_Send_Action_Creation
                0x00016e2c       0xe0 ./Communication/2_Echange_Data_Strategie.o
                0x00016e2c                _2_Comm_Strategie_Send_Action_Creation
 .text._2_Comm_Strategie_Send_Action_State_Update
                0x00016f0c       0xe0 ./Communication/2_Echange_Data_Strategie.o
                0x00016f0c                _2_Comm_Strategie_Send_Action_State_Update
 .text._2_Communication_Init
                0x00016fec       0x14 ./Communication/2_Echange_Datas.o
                0x00016fec                _2_Communication_Init
 .text._2_Comm_Send_Destination_Robot
                0x00017000       0xbc ./Communication/2_Echange_Datas.o
                0x00017000                _2_Comm_Send_Destination_Robot
 .text._2_Comm_Send_Demande_Info
                0x000170bc       0x34 ./Communication/2_Echange_Datas.o
                0x000170bc                _2_Comm_Send_Demande_Info
 .text._2_Comm_Send_PING
                0x000170f0       0x34 ./Communication/2_Echange_Datas.o
                0x000170f0                _2_Comm_Send_PING
 .text._2_Comm_Send_PONG
                0x00017124       0x84 ./Communication/2_Echange_Datas.o
                0x00017124                _2_Comm_Send_PONG
 .text._2_Comm_Send_Communication_Status
                0x000171a8       0x44 ./Communication/2_Echange_Datas.o
                0x000171a8                _2_Comm_Send_Communication_Status
 .text._2_Comm_Send_Log_Message
                0x000171ec      0x100 ./Communication/2_Echange_Datas.o
                0x000171ec                _2_Comm_Send_Log_Message
 .text._2_Communication_Boards_Status
                0x000172ec       0xa2 ./Communication/2_Echange_Datas.o
                0x000172ec                _2_Communication_Boards_Status
 *fill*         0x0001738e        0x2 ff
 .text._2_Comm_Robot_ID
                0x00017390       0x38 ./Communication/2_Echange_Datas.o
                0x00017390                _2_Comm_Robot_ID
 .text._2_Comm_Demande_Simulation
                0x000173c8       0x48 ./Communication/2_Echange_Datas.o
                0x000173c8                _2_Comm_Demande_Simulation
 .text._2_Comm_Demande_Motor_Power
                0x00017410       0x4c ./Communication/2_Echange_Datas.o
                0x00017410                _2_Comm_Demande_Motor_Power
 .text._2_Comm_Set_Robot_Position
                0x0001745c       0xb4 ./Communication/2_Echange_Datas.o
                0x0001745c                _2_Comm_Set_Robot_Position
 .text._2_Comm_Send_ASTAR_Contenu
                0x00017510       0xd8 ./Communication/2_Echange_Datas.o
                0x00017510                _2_Comm_Send_ASTAR_Contenu
 .text._2_Comm_Send_ASTAR_Vectors
                0x000175e8       0xf8 ./Communication/2_Echange_Datas.o
                0x000175e8                _2_Comm_Send_ASTAR_Vectors
 .text._2_Comm_Send_Robot_Speed
                0x000176e0       0xac ./Communication/2_Echange_Datas.o
                0x000176e0                _2_Comm_Send_Robot_Speed
 .text._2_Comm_Send_Info_Carte_IA
                0x0001778c       0xc4 ./Communication/2_Echange_Datas.o
                0x0001778c                _2_Comm_Send_Info_Carte_IA
 .text._2_Communication_RX_Init
                0x00017850        0x2 ./Communication/2_Echange_Datas_Reception.o
                0x00017850                _2_Communication_RX_Init
 *fill*         0x00017852        0x2 ff
 .text._2_Communication_Interprete_message
                0x00017854       0x58 ./Communication/2_Echange_Datas_Reception.o
                0x00017854                _2_Communication_Interprete_message
 .text._2_Communication_RX_Reponse_Infos
                0x000178ac       0x1a ./Communication/2_Echange_Datas_Reception.o
                0x000178ac                _2_Communication_RX_Reponse_Infos
 *fill*         0x000178c6        0x2 ff
 .text.Chip_ADC_Init
                0x000178c8       0x48 D:\Developpement_Robot\Robotic-System\trunk\Workspaces\MultiWorkSpaces_2021\0_lpc_chip_175x_6x\Release\lib0_lpc_chip_175x_6x.a(adc_17xx_40xx.o)
                0x000178c8                Chip_ADC_Init
 .text.SystemCoreClockUpdate
                0x00017910       0x10 D:\Developpement_Robot\Robotic-System\trunk\Workspaces\MultiWorkSpaces_2021\0_lpc_chip_175x_6x\Release\lib0_lpc_chip_175x_6x.a(chip_17xx_40xx.o)
                0x00017910                SystemCoreClockUpdate
 .text.Chip_Clock_EnablePLL
                0x00017920       0x24 D:\Developpement_Robot\Robotic-System\trunk\Workspaces\MultiWorkSpaces_2021\0_lpc_chip_175x_6x\Release\lib0_lpc_chip_175x_6x.a(clock_17xx_40xx.o)
                0x00017920                Chip_Clock_EnablePLL
 .text.Chip_Clock_DisablePLL
                0x00017944       0x26 D:\Developpement_Robot\Robotic-System\trunk\Workspaces\MultiWorkSpaces_2021\0_lpc_chip_175x_6x\Release\lib0_lpc_chip_175x_6x.a(clock_17xx_40xx.o)
                0x00017944                Chip_Clock_DisablePLL
 .text.Chip_Clock_SetupPLL
                0x0001796a       0x30 D:\Developpement_Robot\Robotic-System\trunk\Workspaces\MultiWorkSpaces_2021\0_lpc_chip_175x_6x\Release\lib0_lpc_chip_175x_6x.a(clock_17xx_40xx.o)
                0x0001796a                Chip_Clock_SetupPLL
 *fill*         0x0001799a        0x2 ff
 .text.Chip_Clock_EnablePeriphClock
                0x0001799c       0x18 D:\Developpement_Robot\Robotic-System\trunk\Workspaces\MultiWorkSpaces_2021\0_lpc_chip_175x_6x\Release\lib0_lpc_chip_175x_6x.a(clock_17xx_40xx.o)
                0x0001799c                Chip_Clock_EnablePeriphClock
 .text.Chip_Clock_GetCPUClockSource
                0x000179b4       0x10 D:\Developpement_Robot\Robotic-System\trunk\Workspaces\MultiWorkSpaces_2021\0_lpc_chip_175x_6x\Release\lib0_lpc_chip_175x_6x.a(clock_17xx_40xx.o)
                0x000179b4                Chip_Clock_GetCPUClockSource
 .text.Chip_Clock_SetCPUClockDiv
                0x000179c4        0xc D:\Developpement_Robot\Robotic-System\trunk\Workspaces\MultiWorkSpaces_2021\0_lpc_chip_175x_6x\Release\lib0_lpc_chip_175x_6x.a(clock_17xx_40xx.o)
                0x000179c4                Chip_Clock_SetCPUClockDiv
 .text.Chip_Clock_GetCPUClockDiv
                0x000179d0       0x10 D:\Developpement_Robot\Robotic-System\trunk\Workspaces\MultiWorkSpaces_2021\0_lpc_chip_175x_6x\Release\lib0_lpc_chip_175x_6x.a(clock_17xx_40xx.o)
                0x000179d0                Chip_Clock_GetCPUClockDiv
 .text.Chip_Clock_GetPCLKDiv
                0x000179e0       0x38 D:\Developpement_Robot\Robotic-System\trunk\Workspaces\MultiWorkSpaces_2021\0_lpc_chip_175x_6x\Release\lib0_lpc_chip_175x_6x.a(clock_17xx_40xx.o)
                0x000179e0                Chip_Clock_GetPCLKDiv
 .text.Chip_Clock_GetSYSCLKRate
                0x00017a18       0x38 D:\Developpement_Robot\Robotic-System\trunk\Workspaces\MultiWorkSpaces_2021\0_lpc_chip_175x_6x\Release\lib0_lpc_chip_175x_6x.a(clock_17xx_40xx.o)
                0x00017a18                Chip_Clock_GetSYSCLKRate
 .text.Chip_Clock_GetMainPLLOutClockRate
                0x00017a50       0x34 D:\Developpement_Robot\Robotic-System\trunk\Workspaces\MultiWorkSpaces_2021\0_lpc_chip_175x_6x\Release\lib0_lpc_chip_175x_6x.a(clock_17xx_40xx.o)
                0x00017a50                Chip_Clock_GetMainPLLOutClockRate
 .text.Chip_Clock_GetMainClockRate
                0x00017a84       0x20 D:\Developpement_Robot\Robotic-System\trunk\Workspaces\MultiWorkSpaces_2021\0_lpc_chip_175x_6x\Release\lib0_lpc_chip_175x_6x.a(clock_17xx_40xx.o)
                0x00017a84                Chip_Clock_GetMainClockRate
 .text.Chip_Clock_GetSystemClockRate
                0x00017aa4       0x12 D:\Developpement_Robot\Robotic-System\trunk\Workspaces\MultiWorkSpaces_2021\0_lpc_chip_175x_6x\Release\lib0_lpc_chip_175x_6x.a(clock_17xx_40xx.o)
                0x00017aa4                Chip_Clock_GetSystemClockRate
 .text.Chip_Clock_GetPeripheralClockRate
                0x00017ab6       0x16 D:\Developpement_Robot\Robotic-System\trunk\Workspaces\MultiWorkSpaces_2021\0_lpc_chip_175x_6x\Release\lib0_lpc_chip_175x_6x.a(clock_17xx_40xx.o)
                0x00017ab6                Chip_Clock_GetPeripheralClockRate
 .text.RingBuffer_Init
                0x00017acc       0x10 D:\Developpement_Robot\Robotic-System\trunk\Workspaces\MultiWorkSpaces_2021\0_lpc_chip_175x_6x\Release\lib0_lpc_chip_175x_6x.a(ring_buffer.o)
                0x00017acc                RingBuffer_Init
 .text.RingBuffer_Insert
                0x00017adc       0x30 D:\Developpement_Robot\Robotic-System\trunk\Workspaces\MultiWorkSpaces_2021\0_lpc_chip_175x_6x\Release\lib0_lpc_chip_175x_6x.a(ring_buffer.o)
                0x00017adc                RingBuffer_Insert
 .text.RingBuffer_InsertMult
                0x00017b0c       0x88 D:\Developpement_Robot\Robotic-System\trunk\Workspaces\MultiWorkSpaces_2021\0_lpc_chip_175x_6x\Release\lib0_lpc_chip_175x_6x.a(ring_buffer.o)
                0x00017b0c                RingBuffer_InsertMult
 .text.RingBuffer_Pop
                0x00017b94       0x30 D:\Developpement_Robot\Robotic-System\trunk\Workspaces\MultiWorkSpaces_2021\0_lpc_chip_175x_6x\Release\lib0_lpc_chip_175x_6x.a(ring_buffer.o)
                0x00017b94                RingBuffer_Pop
 .text.RingBuffer_PopMult
                0x00017bc4       0x7c D:\Developpement_Robot\Robotic-System\trunk\Workspaces\MultiWorkSpaces_2021\0_lpc_chip_175x_6x\Release\lib0_lpc_chip_175x_6x.a(ring_buffer.o)
                0x00017bc4                RingBuffer_PopMult
 .text.RingBuffer_Count
                0x00017c40        0x8 D:\Developpement_Robot\Robotic-System\trunk\Workspaces\MultiWorkSpaces_2021\0_lpc_chip_175x_6x\Release\lib0_lpc_chip_175x_6x.a(ring_buffer.o)
                0x00017c40                RingBuffer_Count
 .text.Chip_SetupIrcClocking
                0x00017c48       0x64 D:\Developpement_Robot\Robotic-System\trunk\Workspaces\MultiWorkSpaces_2021\0_lpc_chip_175x_6x\Release\lib0_lpc_chip_175x_6x.a(sysinit_17xx_40xx.o)
                0x00017c48                Chip_SetupIrcClocking
 .text.Chip_SetupXtalClocking
                0x00017cac       0xdc D:\Developpement_Robot\Robotic-System\trunk\Workspaces\MultiWorkSpaces_2021\0_lpc_chip_175x_6x\Release\lib0_lpc_chip_175x_6x.a(sysinit_17xx_40xx.o)
                0x00017cac                Chip_SetupXtalClocking
 .text.Chip_SystemInit
                0x00017d88        0x4 D:\Developpement_Robot\Robotic-System\trunk\Workspaces\MultiWorkSpaces_2021\0_lpc_chip_175x_6x\Release\lib0_lpc_chip_175x_6x.a(sysinit_17xx_40xx.o)
                0x00017d88                Chip_SystemInit
 .text.Chip_TIMER_Init
                0x00017d8c       0x2c D:\Developpement_Robot\Robotic-System\trunk\Workspaces\MultiWorkSpaces_2021\0_lpc_chip_175x_6x\Release\lib0_lpc_chip_175x_6x.a(timer_17xx_40xx.o)
                0x00017d8c                Chip_TIMER_Init
 .text.Chip_UART_GetClockIndex
                0x00017db8       0x28 D:\Developpement_Robot\Robotic-System\trunk\Workspaces\MultiWorkSpaces_2021\0_lpc_chip_175x_6x\Release\lib0_lpc_chip_175x_6x.a(uart_17xx_40xx.o)
 .text.Chip_UART_Init
                0x00017de0       0x38 D:\Developpement_Robot\Robotic-System\trunk\Workspaces\MultiWorkSpaces_2021\0_lpc_chip_175x_6x\Release\lib0_lpc_chip_175x_6x.a(uart_17xx_40xx.o)
                0x00017de0                Chip_UART_Init
 .text.Chip_UART_TXEnable
                0x00017e18        0x6 D:\Developpement_Robot\Robotic-System\trunk\Workspaces\MultiWorkSpaces_2021\0_lpc_chip_175x_6x\Release\lib0_lpc_chip_175x_6x.a(uart_17xx_40xx.o)
                0x00017e18                Chip_UART_TXEnable
 .text.Chip_UART_SetBaud
                0x00017e1e       0x34 D:\Developpement_Robot\Robotic-System\trunk\Workspaces\MultiWorkSpaces_2021\0_lpc_chip_175x_6x\Release\lib0_lpc_chip_175x_6x.a(uart_17xx_40xx.o)
                0x00017e1e                Chip_UART_SetBaud
 .text.Chip_UART_RXIntHandlerRB
                0x00017e52       0x22 D:\Developpement_Robot\Robotic-System\trunk\Workspaces\MultiWorkSpaces_2021\0_lpc_chip_175x_6x\Release\lib0_lpc_chip_175x_6x.a(uart_17xx_40xx.o)
                0x00017e52                Chip_UART_RXIntHandlerRB
 .text.Chip_UART_TXIntHandlerRB
                0x00017e74       0x24 D:\Developpement_Robot\Robotic-System\trunk\Workspaces\MultiWorkSpaces_2021\0_lpc_chip_175x_6x\Release\lib0_lpc_chip_175x_6x.a(uart_17xx_40xx.o)
                0x00017e74                Chip_UART_TXIntHandlerRB
 .text.Chip_UART_IRQRBHandler
                0x00017e98       0x68 D:\Developpement_Robot\Robotic-System\trunk\Workspaces\MultiWorkSpaces_2021\0_lpc_chip_175x_6x\Release\lib0_lpc_chip_175x_6x.a(uart_17xx_40xx.o)
                0x00017e98                Chip_UART_IRQRBHandler
 .text.Set_Clock_in
                0x00017f00        0xc D:\Developpement_Robot\Robotic-System\trunk\Workspaces\MultiWorkSpaces_2021\0_lpc_board_nxp_lpcxpresso_1769\Release\lib0_lpc_board_nxp_lpcxpresso_1769.a(board.o)
                0x00017f00                Set_Clock_in
 .text.Board_Init
                0x00017f0c       0x12 D:\Developpement_Robot\Robotic-System\trunk\Workspaces\MultiWorkSpaces_2021\0_lpc_board_nxp_lpcxpresso_1769\Release\lib0_lpc_board_nxp_lpcxpresso_1769.a(board.o)
                0x00017f0c                Board_Init
 .text.EPAdr    0x00017f1e       0x10 D:\Developpement_Robot\Robotic-System\trunk\Workspaces\MultiWorkSpaces_2021\0_lpc_chip_175x_6x\libs\libusbd_175x_6x_lib.a(hw_usbd_ip3503.o)
                0x00017f1e                EPAdr
 .text.hwWrCmd  0x00017f2e       0x10 D:\Developpement_Robot\Robotic-System\trunk\Workspaces\MultiWorkSpaces_2021\0_lpc_chip_175x_6x\libs\libusbd_175x_6x_lib.a(hw_usbd_ip3503.o)
                0x00017f2e                hwWrCmd
 .text.hwWrCmdDat
                0x00017f3e       0x16 D:\Developpement_Robot\Robotic-System\trunk\Workspaces\MultiWorkSpaces_2021\0_lpc_chip_175x_6x\libs\libusbd_175x_6x_lib.a(hw_usbd_ip3503.o)
                0x00017f3e                hwWrCmdDat
 .text.hwWrCmdEP
                0x00017f54       0x24 D:\Developpement_Robot\Robotic-System\trunk\Workspaces\MultiWorkSpaces_2021\0_lpc_chip_175x_6x\libs\libusbd_175x_6x_lib.a(hw_usbd_ip3503.o)
                0x00017f54                hwWrCmdEP
 .text.hwRdCmdDat
                0x00017f78       0x12 D:\Developpement_Robot\Robotic-System\trunk\Workspaces\MultiWorkSpaces_2021\0_lpc_chip_175x_6x\libs\libusbd_175x_6x_lib.a(hw_usbd_ip3503.o)
                0x00017f78                hwRdCmdDat
 .text.hwUSB_GetMemSize
                0x00017f8a        0x6 D:\Developpement_Robot\Robotic-System\trunk\Workspaces\MultiWorkSpaces_2021\0_lpc_chip_175x_6x\libs\libusbd_175x_6x_lib.a(hw_usbd_ip3503.o)
                0x00017f8a                hwUSB_GetMemSize
 .text.hwUSB_Connect
                0x00017f90       0x1c D:\Developpement_Robot\Robotic-System\trunk\Workspaces\MultiWorkSpaces_2021\0_lpc_chip_175x_6x\libs\libusbd_175x_6x_lib.a(hw_usbd_ip3503.o)
                0x00017f90                hwUSB_Connect
 .text.hwUSB_Reset
                0x00017fac       0x30 D:\Developpement_Robot\Robotic-System\trunk\Workspaces\MultiWorkSpaces_2021\0_lpc_chip_175x_6x\libs\libusbd_175x_6x_lib.a(hw_usbd_ip3503.o)
                0x00017fac                hwUSB_Reset
 .text.hwUSB_WakeUp
                0x00017fdc       0x20 D:\Developpement_Robot\Robotic-System\trunk\Workspaces\MultiWorkSpaces_2021\0_lpc_chip_175x_6x\libs\libusbd_175x_6x_lib.a(hw_usbd_ip3503.o)
                0x00017fdc                hwUSB_WakeUp
 .text.hwUSB_WakeUpCfg
                0x00017ffc        0x2 D:\Developpement_Robot\Robotic-System\trunk\Workspaces\MultiWorkSpaces_2021\0_lpc_chip_175x_6x\libs\libusbd_175x_6x_lib.a(hw_usbd_ip3503.o)
                0x00017ffc                hwUSB_WakeUpCfg
 *fill*         0x00017ffe        0x2 ff
 .text.hwUSB_SetAddress
                0x00018000       0x30 D:\Developpement_Robot\Robotic-System\trunk\Workspaces\MultiWorkSpaces_2021\0_lpc_chip_175x_6x\libs\libusbd_175x_6x_lib.a(hw_usbd_ip3503.o)
                0x00018000                hwUSB_SetAddress
 .text.hwUSB_Init
                0x00018030       0x84 D:\Developpement_Robot\Robotic-System\trunk\Workspaces\MultiWorkSpaces_2021\0_lpc_chip_175x_6x\libs\libusbd_175x_6x_lib.a(hw_usbd_ip3503.o)
                0x00018030                hwUSB_Init
 .text.hwUSB_Configure
                0x000180b4       0x34 D:\Developpement_Robot\Robotic-System\trunk\Workspaces\MultiWorkSpaces_2021\0_lpc_chip_175x_6x\libs\libusbd_175x_6x_lib.a(hw_usbd_ip3503.o)
                0x000180b4                hwUSB_Configure
 .text.hwUSB_ConfigEP
                0x000180e8       0x32 D:\Developpement_Robot\Robotic-System\trunk\Workspaces\MultiWorkSpaces_2021\0_lpc_chip_175x_6x\libs\libusbd_175x_6x_lib.a(hw_usbd_ip3503.o)
                0x000180e8                hwUSB_ConfigEP
 .text.hwUSB_DirCtrlEP
                0x0001811a        0x2 D:\Developpement_Robot\Robotic-System\trunk\Workspaces\MultiWorkSpaces_2021\0_lpc_chip_175x_6x\libs\libusbd_175x_6x_lib.a(hw_usbd_ip3503.o)
                0x0001811a                hwUSB_DirCtrlEP
 .text.hwUSB_EnableEP
                0x0001811c       0x24 D:\Developpement_Robot\Robotic-System\trunk\Workspaces\MultiWorkSpaces_2021\0_lpc_chip_175x_6x\libs\libusbd_175x_6x_lib.a(hw_usbd_ip3503.o)
                0x0001811c                hwUSB_EnableEP
 .text.hwUSB_DisableEP
                0x00018140       0x28 D:\Developpement_Robot\Robotic-System\trunk\Workspaces\MultiWorkSpaces_2021\0_lpc_chip_175x_6x\libs\libusbd_175x_6x_lib.a(hw_usbd_ip3503.o)
                0x00018140                hwUSB_DisableEP
 .text.hwUSB_ResetEP
                0x00018168       0x24 D:\Developpement_Robot\Robotic-System\trunk\Workspaces\MultiWorkSpaces_2021\0_lpc_chip_175x_6x\libs\libusbd_175x_6x_lib.a(hw_usbd_ip3503.o)
                0x00018168                hwUSB_ResetEP
 .text.hwUSB_SetStallEP
                0x0001818c       0x28 D:\Developpement_Robot\Robotic-System\trunk\Workspaces\MultiWorkSpaces_2021\0_lpc_chip_175x_6x\libs\libusbd_175x_6x_lib.a(hw_usbd_ip3503.o)
                0x0001818c                hwUSB_SetStallEP
 .text.hwUSB_ClrStallEP
                0x000181b4       0x24 D:\Developpement_Robot\Robotic-System\trunk\Workspaces\MultiWorkSpaces_2021\0_lpc_chip_175x_6x\libs\libusbd_175x_6x_lib.a(hw_usbd_ip3503.o)
                0x000181b4                hwUSB_ClrStallEP
 .text.hwUSB_EnableEvent
                0x000181d8       0xd8 D:\Developpement_Robot\Robotic-System\trunk\Workspaces\MultiWorkSpaces_2021\0_lpc_chip_175x_6x\libs\libusbd_175x_6x_lib.a(hw_usbd_ip3503.o)
                0x000181d8                hwUSB_EnableEvent
 .text.hwUSB_ReadEP
                0x000182b0       0x80 D:\Developpement_Robot\Robotic-System\trunk\Workspaces\MultiWorkSpaces_2021\0_lpc_chip_175x_6x\libs\libusbd_175x_6x_lib.a(hw_usbd_ip3503.o)
                0x000182b0                hwUSB_ReadEP
 .text.hwUSB_ForceFullSpeed
                0x00018330        0x2 D:\Developpement_Robot\Robotic-System\trunk\Workspaces\MultiWorkSpaces_2021\0_lpc_chip_175x_6x\libs\libusbd_175x_6x_lib.a(hw_usbd_ip3503.o)
                0x00018330                hwUSB_ForceFullSpeed
 .text.hwUSB_SetTestMode
                0x00018332        0x4 D:\Developpement_Robot\Robotic-System\trunk\Workspaces\MultiWorkSpaces_2021\0_lpc_chip_175x_6x\libs\libusbd_175x_6x_lib.a(hw_usbd_ip3503.o)
                0x00018332                hwUSB_SetTestMode
 .text.hwUSB_ReadReqEP
                0x00018336        0x4 D:\Developpement_Robot\Robotic-System\trunk\Workspaces\MultiWorkSpaces_2021\0_lpc_chip_175x_6x\libs\libusbd_175x_6x_lib.a(hw_usbd_ip3503.o)
                0x00018336                hwUSB_ReadReqEP
 .text.hwUSB_ReadSetupPkt
                0x0001833a        0x4 D:\Developpement_Robot\Robotic-System\trunk\Workspaces\MultiWorkSpaces_2021\0_lpc_chip_175x_6x\libs\libusbd_175x_6x_lib.a(hw_usbd_ip3503.o)
                0x0001833a                hwUSB_ReadSetupPkt
 *fill*         0x0001833e        0x2 ff
 .text.hwUSB_WriteEP
                0x00018340       0x44 D:\Developpement_Robot\Robotic-System\trunk\Workspaces\MultiWorkSpaces_2021\0_lpc_chip_175x_6x\libs\libusbd_175x_6x_lib.a(hw_usbd_ip3503.o)
                0x00018340                hwUSB_WriteEP
 .text.hwUSB_ISR
                0x00018384      0x1a0 D:\Developpement_Robot\Robotic-System\trunk\Workspaces\MultiWorkSpaces_2021\0_lpc_chip_175x_6x\libs\libusbd_175x_6x_lib.a(hw_usbd_ip3503.o)
                0x00018384                hwUSB_ISR
 .text.mwCDC_SetRequest
                0x00018524       0x7c D:\Developpement_Robot\Robotic-System\trunk\Workspaces\MultiWorkSpaces_2021\0_lpc_chip_175x_6x\libs\libusbd_175x_6x_lib.a(mw_usbd_cdcuser.o)
                0x00018524                mwCDC_SetRequest
 .text.mwCDC_ep0_hdlr
                0x000185a0       0xb0 D:\Developpement_Robot\Robotic-System\trunk\Workspaces\MultiWorkSpaces_2021\0_lpc_chip_175x_6x\libs\libusbd_175x_6x_lib.a(mw_usbd_cdcuser.o)
                0x000185a0                mwCDC_ep0_hdlr
 .text.mwCDC_GetRequest
                0x00018650       0x50 D:\Developpement_Robot\Robotic-System\trunk\Workspaces\MultiWorkSpaces_2021\0_lpc_chip_175x_6x\libs\libusbd_175x_6x_lib.a(mw_usbd_cdcuser.o)
                0x00018650                mwCDC_GetRequest
 .text.mwCDC_SendNotification
                0x000186a0       0x50 D:\Developpement_Robot\Robotic-System\trunk\Workspaces\MultiWorkSpaces_2021\0_lpc_chip_175x_6x\libs\libusbd_175x_6x_lib.a(mw_usbd_cdcuser.o)
                0x000186a0                mwCDC_SendNotification
 .text.mwCDC_GetMemSize
                0x000186f0        0x4 D:\Developpement_Robot\Robotic-System\trunk\Workspaces\MultiWorkSpaces_2021\0_lpc_chip_175x_6x\libs\libusbd_175x_6x_lib.a(mw_usbd_cdcuser.o)
                0x000186f0                mwCDC_GetMemSize
 .text.mwCDC_init
                0x000186f4      0x140 D:\Developpement_Robot\Robotic-System\trunk\Workspaces\MultiWorkSpaces_2021\0_lpc_chip_175x_6x\libs\libusbd_175x_6x_lib.a(mw_usbd_cdcuser.o)
                0x000186f4                mwCDC_init
 .text.USB_ReqGetConfiguration
                0x00018834       0x20 D:\Developpement_Robot\Robotic-System\trunk\Workspaces\MultiWorkSpaces_2021\0_lpc_chip_175x_6x\libs\libusbd_175x_6x_lib.a(mw_usbd_core.o)
                0x00018834                USB_ReqGetConfiguration
 .text.USBD_virt_to_phys
                0x00018854        0x2 D:\Developpement_Robot\Robotic-System\trunk\Workspaces\MultiWorkSpaces_2021\0_lpc_chip_175x_6x\libs\libusbd_175x_6x_lib.a(mw_usbd_core.o)
                0x00018854                USBD_virt_to_phys
 .text.USBD_cache_flush
                0x00018856        0x2 D:\Developpement_Robot\Robotic-System\trunk\Workspaces\MultiWorkSpaces_2021\0_lpc_chip_175x_6x\libs\libusbd_175x_6x_lib.a(mw_usbd_core.o)
                0x00018856                USBD_cache_flush
 .text.USB_ReqGetStatus
                0x00018858       0x8c D:\Developpement_Robot\Robotic-System\trunk\Workspaces\MultiWorkSpaces_2021\0_lpc_chip_175x_6x\libs\libusbd_175x_6x_lib.a(mw_usbd_core.o)
                0x00018858                USB_ReqGetStatus
 .text.USB_ReqGetDescriptor
                0x000188e4       0x84 D:\Developpement_Robot\Robotic-System\trunk\Workspaces\MultiWorkSpaces_2021\0_lpc_chip_175x_6x\libs\libusbd_175x_6x_lib.a(mw_usbd_core.o)
                0x000188e4                USB_ReqGetDescriptor
 .text.USB_ReqGetInterface
                0x00018968       0x34 D:\Developpement_Robot\Robotic-System\trunk\Workspaces\MultiWorkSpaces_2021\0_lpc_chip_175x_6x\libs\libusbd_175x_6x_lib.a(mw_usbd_core.o)
                0x00018968                USB_ReqGetInterface
 .text.USB_ReqSetClrFeature
                0x0001899c       0xb4 D:\Developpement_Robot\Robotic-System\trunk\Workspaces\MultiWorkSpaces_2021\0_lpc_chip_175x_6x\libs\libusbd_175x_6x_lib.a(mw_usbd_core.o)
                0x0001899c                USB_ReqSetClrFeature
 .text.USB_ReqSetConfiguration
                0x00018a50      0x194 D:\Developpement_Robot\Robotic-System\trunk\Workspaces\MultiWorkSpaces_2021\0_lpc_chip_175x_6x\libs\libusbd_175x_6x_lib.a(mw_usbd_core.o)
                0x00018a50                USB_ReqSetConfiguration
 .text.USB_ReqSetInterface
                0x00018be4      0x144 D:\Developpement_Robot\Robotic-System\trunk\Workspaces\MultiWorkSpaces_2021\0_lpc_chip_175x_6x\libs\libusbd_175x_6x_lib.a(mw_usbd_core.o)
                0x00018be4                USB_ReqSetInterface
 .text.mwUSB_SetupStage
                0x00018d28        0xa D:\Developpement_Robot\Robotic-System\trunk\Workspaces\MultiWorkSpaces_2021\0_lpc_chip_175x_6x\libs\libusbd_175x_6x_lib.a(mw_usbd_core.o)
                0x00018d28                mwUSB_SetupStage
 .text.mwUSB_DataInStage
                0x00018d32       0x2e D:\Developpement_Robot\Robotic-System\trunk\Workspaces\MultiWorkSpaces_2021\0_lpc_chip_175x_6x\libs\libusbd_175x_6x_lib.a(mw_usbd_core.o)
                0x00018d32                mwUSB_DataInStage
 .text.mwUSB_DataOutStage
                0x00018d60       0x24 D:\Developpement_Robot\Robotic-System\trunk\Workspaces\MultiWorkSpaces_2021\0_lpc_chip_175x_6x\libs\libusbd_175x_6x_lib.a(mw_usbd_core.o)
                0x00018d60                mwUSB_DataOutStage
 .text.mwUSB_StatusInStage
                0x00018d84        0xa D:\Developpement_Robot\Robotic-System\trunk\Workspaces\MultiWorkSpaces_2021\0_lpc_chip_175x_6x\libs\libusbd_175x_6x_lib.a(mw_usbd_core.o)
                0x00018d84                mwUSB_StatusInStage
 .text.mwUSB_StatusOutStage
                0x00018d8e        0xa D:\Developpement_Robot\Robotic-System\trunk\Workspaces\MultiWorkSpaces_2021\0_lpc_chip_175x_6x\libs\libusbd_175x_6x_lib.a(mw_usbd_core.o)
                0x00018d8e                mwUSB_StatusOutStage
 .text.mwUSB_StallEp0
                0x00018d98       0x12 D:\Developpement_Robot\Robotic-System\trunk\Workspaces\MultiWorkSpaces_2021\0_lpc_chip_175x_6x\libs\libusbd_175x_6x_lib.a(mw_usbd_core.o)
                0x00018d98                mwUSB_StallEp0
 *fill*         0x00018daa        0x2 ff
 .text.USB_ReqSetAddress
                0x00018dac       0x24 D:\Developpement_Robot\Robotic-System\trunk\Workspaces\MultiWorkSpaces_2021\0_lpc_chip_175x_6x\libs\libusbd_175x_6x_lib.a(mw_usbd_core.o)
                0x00018dac                USB_ReqSetAddress
 .text.USB_InvokeEp0Hdlrs
                0x00018dd0       0x44 D:\Developpement_Robot\Robotic-System\trunk\Workspaces\MultiWorkSpaces_2021\0_lpc_chip_175x_6x\libs\libusbd_175x_6x_lib.a(mw_usbd_core.o)
                0x00018dd0                USB_InvokeEp0Hdlrs
 .text.mwUSB_ResetCore
                0x00018e14       0x26 D:\Developpement_Robot\Robotic-System\trunk\Workspaces\MultiWorkSpaces_2021\0_lpc_chip_175x_6x\libs\libusbd_175x_6x_lib.a(mw_usbd_core.o)
                0x00018e14                mwUSB_ResetCore
 *fill*         0x00018e3a        0x2 ff
 .text.USB_EvtSetupHandler
                0x00018e3c      0x108 D:\Developpement_Robot\Robotic-System\trunk\Workspaces\MultiWorkSpaces_2021\0_lpc_chip_175x_6x\libs\libusbd_175x_6x_lib.a(mw_usbd_core.o)
                0x00018e3c                USB_EvtSetupHandler
 .text.USB_EvtOutHandler
                0x00018f44       0x68 D:\Developpement_Robot\Robotic-System\trunk\Workspaces\MultiWorkSpaces_2021\0_lpc_chip_175x_6x\libs\libusbd_175x_6x_lib.a(mw_usbd_core.o)
                0x00018f44                USB_EvtOutHandler
 .text.USB_EndPoint0
                0x00018fac       0x94 D:\Developpement_Robot\Robotic-System\trunk\Workspaces\MultiWorkSpaces_2021\0_lpc_chip_175x_6x\libs\libusbd_175x_6x_lib.a(mw_usbd_core.o)
                0x00018fac                USB_EndPoint0
 .text.mwUSB_InitCore
                0x00019040       0xdc D:\Developpement_Robot\Robotic-System\trunk\Workspaces\MultiWorkSpaces_2021\0_lpc_chip_175x_6x\libs\libusbd_175x_6x_lib.a(mw_usbd_core.o)
                0x00019040                mwUSB_InitCore
 .text.mwUSB_RegisterClassHandler
                0x0001911c       0x28 D:\Developpement_Robot\Robotic-System\trunk\Workspaces\MultiWorkSpaces_2021\0_lpc_chip_175x_6x\libs\libusbd_175x_6x_lib.a(mw_usbd_core.o)
                0x0001911c                mwUSB_RegisterClassHandler
 .text.mwUSB_RegisterEpHandler
                0x00019144       0x24 D:\Developpement_Robot\Robotic-System\trunk\Workspaces\MultiWorkSpaces_2021\0_lpc_chip_175x_6x\libs\libusbd_175x_6x_lib.a(mw_usbd_core.o)
                0x00019144                mwUSB_RegisterEpHandler
 .text          0x00019168      0x378 c:/nxp/mcuxpressoide_11.2.1_4149/ide/plugins/com.nxp.mcuxpresso.tools.win32_11.2.0.202008311134/tools/bin/../lib/gcc/arm-none-eabi/9.2.1/thumb/v7-m/nofp\libgcc.a(_arm_addsubdf3.o)
                0x00019168                __aeabi_drsub
                0x00019170                __aeabi_dsub
                0x00019170                __subdf3
                0x00019174                __aeabi_dadd
                0x00019174                __adddf3
                0x000193ec                __floatunsidf
                0x000193ec                __aeabi_ui2d
                0x0001940c                __floatsidf
                0x0001940c                __aeabi_i2d
                0x00019430                __aeabi_f2d
                0x00019430                __extendsfdf2
                0x00019474                __floatundidf
                0x00019474                __aeabi_ul2d
                0x00019484                __floatdidf
                0x00019484                __aeabi_l2d
 .text          0x000194e0       0x40 c:/nxp/mcuxpressoide_11.2.1_4149/ide/plugins/com.nxp.mcuxpresso.tools.win32_11.2.0.202008311134/tools/bin/../lib/gcc/arm-none-eabi/9.2.1/thumb/v7-m/nofp\libgcc.a(_arm_fixunsdfsi.o)
                0x000194e0                __aeabi_d2uiz
                0x000194e0                __fixunsdfsi
 .text          0x00019520      0x21c c:/nxp/mcuxpressoide_11.2.1_4149/ide/plugins/com.nxp.mcuxpresso.tools.win32_11.2.0.202008311134/tools/bin/../lib/gcc/arm-none-eabi/9.2.1/thumb/v7-m/nofp\libgcc.a(_arm_addsubsf3.o)
                0x00019520                __aeabi_frsub
                0x00019528                __subsf3
                0x00019528                __aeabi_fsub
                0x0001952c                __aeabi_fadd
                0x0001952c                __addsf3
                0x0001968c                __aeabi_ui2f
                0x0001968c                __floatunsisf
                0x00019694                __aeabi_i2f
                0x00019694                __floatsisf
                0x000196b0                __aeabi_ul2f
                0x000196b0                __floatundisf
                0x000196c0                __aeabi_l2f
                0x000196c0                __floatdisf
 .text          0x0001973c      0x2a0 c:/nxp/mcuxpressoide_11.2.1_4149/ide/plugins/com.nxp.mcuxpresso.tools.win32_11.2.0.202008311134/tools/bin/../lib/gcc/arm-none-eabi/9.2.1/thumb/v7-m/nofp\libgcc.a(_arm_muldivsf3.o)
                0x0001973c                __mulsf3
                0x0001973c                __aeabi_fmul
                0x000198a4                __aeabi_fdiv
                0x000198a4                __divsf3
 .text          0x000199dc       0xec c:/nxp/mcuxpressoide_11.2.1_4149/ide/plugins/com.nxp.mcuxpresso.tools.win32_11.2.0.202008311134/tools/bin/../lib/gcc/arm-none-eabi/9.2.1/thumb/v7-m/nofp\libgcc.a(_arm_cmpsf2.o)
                0x000199dc                __gesf2
                0x000199dc                __gtsf2
                0x000199e4                __lesf2
                0x000199e4                __ltsf2
                0x000199ec                __nesf2
                0x000199ec                __eqsf2
                0x000199ec                __cmpsf2
                0x00019a4c                __aeabi_cfrcmple
                0x00019a54                __aeabi_cfcmpeq
                0x00019a54                __aeabi_cfcmple
                0x00019a64                __aeabi_fcmpeq
                0x00019a78                __aeabi_fcmplt
                0x00019a8c                __aeabi_fcmple
                0x00019aa0                __aeabi_fcmpge
                0x00019ab4                __aeabi_fcmpgt
 .text          0x00019ac8       0x4c c:/nxp/mcuxpressoide_11.2.1_4149/ide/plugins/com.nxp.mcuxpresso.tools.win32_11.2.0.202008311134/tools/bin/../lib/gcc/arm-none-eabi/9.2.1/thumb/v7-m/nofp\libgcc.a(_arm_fixsfsi.o)
                0x00019ac8                __aeabi_f2iz
                0x00019ac8                __fixsfsi
 .text          0x00019b14       0x40 c:/nxp/mcuxpressoide_11.2.1_4149/ide/plugins/com.nxp.mcuxpresso.tools.win32_11.2.0.202008311134/tools/bin/../lib/gcc/arm-none-eabi/9.2.1/thumb/v7-m/nofp\libgcc.a(_arm_fixunssfsi.o)
                0x00019b14                __fixunssfsi
                0x00019b14                __aeabi_f2uiz
 .text.memcpy   0x00019b54       0x1c c:/nxp/mcuxpressoide_11.2.1_4149/ide/plugins/com.nxp.mcuxpresso.tools.win32_11.2.0.202008311134/tools/bin/../lib/gcc/arm-none-eabi/9.2.1/../../../../arm-none-eabi/lib/thumb/v7-m/nofp\libc_nano.a(lib_a-memcpy-stub.o)
                0x00019b54                memcpy
 .text.memset   0x00019b70       0x10 c:/nxp/mcuxpressoide_11.2.1_4149/ide/plugins/com.nxp.mcuxpresso.tools.win32_11.2.0.202008311134/tools/bin/../lib/gcc/arm-none-eabi/9.2.1/../../../../arm-none-eabi/lib/thumb/v7-m/nofp\libc_nano.a(lib_a-memset.o)
                0x00019b70                memset
 .text.__cvt    0x00019b80       0xbe c:/nxp/mcuxpressoide_11.2.1_4149/ide/plugins/com.nxp.mcuxpresso.tools.win32_11.2.0.202008311134/tools/bin/../lib/gcc/arm-none-eabi/9.2.1/../../../../arm-none-eabi/lib/thumb/v7-m/nofp\libc_nano.a(lib_a-nano-vfprintf_float.o)
                0x00019b80                __cvt
 .text.__exponent
                0x00019c3e       0x7c c:/nxp/mcuxpressoide_11.2.1_4149/ide/plugins/com.nxp.mcuxpresso.tools.win32_11.2.0.202008311134/tools/bin/../lib/gcc/arm-none-eabi/9.2.1/../../../../arm-none-eabi/lib/thumb/v7-m/nofp\libc_nano.a(lib_a-nano-vfprintf_float.o)
                0x00019c3e                __exponent
 *fill*         0x00019cba        0x2 ff
 .text._printf_float
                0x00019cbc      0x458 c:/nxp/mcuxpressoide_11.2.1_4149/ide/plugins/com.nxp.mcuxpresso.tools.win32_11.2.0.202008311134/tools/bin/../lib/gcc/arm-none-eabi/9.2.1/../../../../arm-none-eabi/lib/thumb/v7-m/nofp\libc_nano.a(lib_a-nano-vfprintf_float.o)
                0x00019cbc                _printf_float
 .text._printf_common
                0x0001a114       0xde c:/nxp/mcuxpressoide_11.2.1_4149/ide/plugins/com.nxp.mcuxpresso.tools.win32_11.2.0.202008311134/tools/bin/../lib/gcc/arm-none-eabi/9.2.1/../../../../arm-none-eabi/lib/thumb/v7-m/nofp\libc_nano.a(lib_a-nano-vfprintf_i.o)
                0x0001a114                _printf_common
 *fill*         0x0001a1f2        0x2 ff
 .text._printf_i
                0x0001a1f4      0x24c c:/nxp/mcuxpressoide_11.2.1_4149/ide/plugins/com.nxp.mcuxpresso.tools.win32_11.2.0.202008311134/tools/bin/../lib/gcc/arm-none-eabi/9.2.1/../../../../arm-none-eabi/lib/thumb/v7-m/nofp\libc_nano.a(lib_a-nano-vfprintf_i.o)
                0x0001a1f4                _printf_i
 .text.sprintf  0x0001a440       0x40 c:/nxp/mcuxpressoide_11.2.1_4149/ide/plugins/com.nxp.mcuxpresso.tools.win32_11.2.0.202008311134/tools/bin/../lib/gcc/arm-none-eabi/9.2.1/../../../../arm-none-eabi/lib/thumb/v7-m/nofp\libc_nano.a(lib_a-sprintf.o)
                0x0001a440                siprintf
                0x0001a440                sprintf
 .text.strcpy   0x0001a480       0x10 c:/nxp/mcuxpressoide_11.2.1_4149/ide/plugins/com.nxp.mcuxpresso.tools.win32_11.2.0.202008311134/tools/bin/../lib/gcc/arm-none-eabi/9.2.1/../../../../arm-none-eabi/lib/thumb/v7-m/nofp\libc_nano.a(lib_a-strcpy.o)
                0x0001a480                strcpy
 .text          0x0001a490       0x10 c:/nxp/mcuxpressoide_11.2.1_4149/ide/plugins/com.nxp.mcuxpresso.tools.win32_11.2.0.202008311134/tools/bin/../lib/gcc/arm-none-eabi/9.2.1/../../../../arm-none-eabi/lib/thumb/v7-m/nofp\libc_nano.a(lib_a-strlen.o)
                0x0001a490                strlen
 .text.strncmp  0x0001a4a0       0x24 c:/nxp/mcuxpressoide_11.2.1_4149/ide/plugins/com.nxp.mcuxpresso.tools.win32_11.2.0.202008311134/tools/bin/../lib/gcc/arm-none-eabi/9.2.1/../../../../arm-none-eabi/lib/thumb/v7-m/nofp\libc_nano.a(lib_a-strncmp.o)
                0x0001a4a0                strncmp
 .text.quorem   0x0001a4c4      0x11a c:/nxp/mcuxpressoide_11.2.1_4149/ide/plugins/com.nxp.mcuxpresso.tools.win32_11.2.0.202008311134/tools/bin/../lib/gcc/arm-none-eabi/9.2.1/../../../../arm-none-eabi/lib/thumb/v7-m/nofp\libc_nano.a(lib_a-dtoa.o)
 *fill*         0x0001a5de        0x2 ff
 .text._dtoa_r  0x0001a5e0      0xba4 c:/nxp/mcuxpressoide_11.2.1_4149/ide/plugins/com.nxp.mcuxpresso.tools.win32_11.2.0.202008311134/tools/bin/../lib/gcc/arm-none-eabi/9.2.1/../../../../arm-none-eabi/lib/thumb/v7-m/nofp\libc_nano.a(lib_a-dtoa.o)
                0x0001a5e0                _dtoa_r
 .text._localeconv_r
                0x0001b184        0x8 c:/nxp/mcuxpressoide_11.2.1_4149/ide/plugins/com.nxp.mcuxpresso.tools.win32_11.2.0.202008311134/tools/bin/../lib/gcc/arm-none-eabi/9.2.1/../../../../arm-none-eabi/lib/thumb/v7-m/nofp\libc_nano.a(lib_a-localeconv.o)
                0x0001b184                _localeconv_r
 .text.malloc   0x0001b18c       0x10 c:/nxp/mcuxpressoide_11.2.1_4149/ide/plugins/com.nxp.mcuxpresso.tools.win32_11.2.0.202008311134/tools/bin/../lib/gcc/arm-none-eabi/9.2.1/../../../../arm-none-eabi/lib/thumb/v7-m/nofp\libc_nano.a(lib_a-malloc.o)
                0x0001b18c                malloc
 .text.memchr   0x0001b19c       0x1c c:/nxp/mcuxpressoide_11.2.1_4149/ide/plugins/com.nxp.mcuxpresso.tools.win32_11.2.0.202008311134/tools/bin/../lib/gcc/arm-none-eabi/9.2.1/../../../../arm-none-eabi/lib/thumb/v7-m/nofp\libc_nano.a(lib_a-memchr-stub.o)
                0x0001b19c                memchr
 .text._Balloc  0x0001b1b8       0x68 c:/nxp/mcuxpressoide_11.2.1_4149/ide/plugins/com.nxp.mcuxpresso.tools.win32_11.2.0.202008311134/tools/bin/../lib/gcc/arm-none-eabi/9.2.1/../../../../arm-none-eabi/lib/thumb/v7-m/nofp\libc_nano.a(lib_a-mprec.o)
                0x0001b1b8                _Balloc
 .text._Bfree   0x0001b220       0x2e c:/nxp/mcuxpressoide_11.2.1_4149/ide/plugins/com.nxp.mcuxpresso.tools.win32_11.2.0.202008311134/tools/bin/../lib/gcc/arm-none-eabi/9.2.1/../../../../arm-none-eabi/lib/thumb/v7-m/nofp\libc_nano.a(lib_a-mprec.o)
                0x0001b220                _Bfree
 .text.__multadd
                0x0001b24e       0x7c c:/nxp/mcuxpressoide_11.2.1_4149/ide/plugins/com.nxp.mcuxpresso.tools.win32_11.2.0.202008311134/tools/bin/../lib/gcc/arm-none-eabi/9.2.1/../../../../arm-none-eabi/lib/thumb/v7-m/nofp\libc_nano.a(lib_a-mprec.o)
                0x0001b24e                __multadd
 .text.__hi0bits
                0x0001b2ca       0x40 c:/nxp/mcuxpressoide_11.2.1_4149/ide/plugins/com.nxp.mcuxpresso.tools.win32_11.2.0.202008311134/tools/bin/../lib/gcc/arm-none-eabi/9.2.1/../../../../arm-none-eabi/lib/thumb/v7-m/nofp\libc_nano.a(lib_a-mprec.o)
                0x0001b2ca                __hi0bits
 .text.__lo0bits
                0x0001b30a       0x5c c:/nxp/mcuxpressoide_11.2.1_4149/ide/plugins/com.nxp.mcuxpresso.tools.win32_11.2.0.202008311134/tools/bin/../lib/gcc/arm-none-eabi/9.2.1/../../../../arm-none-eabi/lib/thumb/v7-m/nofp\libc_nano.a(lib_a-mprec.o)
                0x0001b30a                __lo0bits
 .text.__i2b    0x0001b366       0x12 c:/nxp/mcuxpressoide_11.2.1_4149/ide/plugins/com.nxp.mcuxpresso.tools.win32_11.2.0.202008311134/tools/bin/../lib/gcc/arm-none-eabi/9.2.1/../../../../arm-none-eabi/lib/thumb/v7-m/nofp\libc_nano.a(lib_a-mprec.o)
                0x0001b366                __i2b
 .text.__multiply
                0x0001b378      0x136 c:/nxp/mcuxpressoide_11.2.1_4149/ide/plugins/com.nxp.mcuxpresso.tools.win32_11.2.0.202008311134/tools/bin/../lib/gcc/arm-none-eabi/9.2.1/../../../../arm-none-eabi/lib/thumb/v7-m/nofp\libc_nano.a(lib_a-mprec.o)
                0x0001b378                __multiply
 *fill*         0x0001b4ae        0x2 ff
 .text.__pow5mult
                0x0001b4b0       0x9c c:/nxp/mcuxpressoide_11.2.1_4149/ide/plugins/com.nxp.mcuxpresso.tools.win32_11.2.0.202008311134/tools/bin/../lib/gcc/arm-none-eabi/9.2.1/../../../../arm-none-eabi/lib/thumb/v7-m/nofp\libc_nano.a(lib_a-mprec.o)
                0x0001b4b0                __pow5mult
 .text.__lshift
                0x0001b54c       0xbe c:/nxp/mcuxpressoide_11.2.1_4149/ide/plugins/com.nxp.mcuxpresso.tools.win32_11.2.0.202008311134/tools/bin/../lib/gcc/arm-none-eabi/9.2.1/../../../../arm-none-eabi/lib/thumb/v7-m/nofp\libc_nano.a(lib_a-mprec.o)
                0x0001b54c                __lshift
 .text.__mcmp   0x0001b60a       0x36 c:/nxp/mcuxpressoide_11.2.1_4149/ide/plugins/com.nxp.mcuxpresso.tools.win32_11.2.0.202008311134/tools/bin/../lib/gcc/arm-none-eabi/9.2.1/../../../../arm-none-eabi/lib/thumb/v7-m/nofp\libc_nano.a(lib_a-mprec.o)
                0x0001b60a                __mcmp
 .text.__mdiff  0x0001b640       0xf8 c:/nxp/mcuxpressoide_11.2.1_4149/ide/plugins/com.nxp.mcuxpresso.tools.win32_11.2.0.202008311134/tools/bin/../lib/gcc/arm-none-eabi/9.2.1/../../../../arm-none-eabi/lib/thumb/v7-m/nofp\libc_nano.a(lib_a-mprec.o)
                0x0001b640                __mdiff
 .text.__d2b    0x0001b738       0x9e c:/nxp/mcuxpressoide_11.2.1_4149/ide/plugins/com.nxp.mcuxpresso.tools.win32_11.2.0.202008311134/tools/bin/../lib/gcc/arm-none-eabi/9.2.1/../../../../arm-none-eabi/lib/thumb/v7-m/nofp\libc_nano.a(lib_a-mprec.o)
                0x0001b738                __d2b
 .text._calloc_r
                0x0001b7d6       0x1c c:/nxp/mcuxpressoide_11.2.1_4149/ide/plugins/com.nxp.mcuxpresso.tools.win32_11.2.0.202008311134/tools/bin/../lib/gcc/arm-none-eabi/9.2.1/../../../../arm-none-eabi/lib/thumb/v7-m/nofp\libc_nano.a(lib_a-nano-callocr.o)
                0x0001b7d6                _calloc_r
 *fill*         0x0001b7f2        0x2 ff
 .text._free_r  0x0001b7f4       0x98 c:/nxp/mcuxpressoide_11.2.1_4149/ide/plugins/com.nxp.mcuxpresso.tools.win32_11.2.0.202008311134/tools/bin/../lib/gcc/arm-none-eabi/9.2.1/../../../../arm-none-eabi/lib/thumb/v7-m/nofp\libc_nano.a(lib_a-nano-freer.o)
                0x0001b7f4                _free_r
 .text._malloc_r
                0x0001b88c       0xb4 c:/nxp/mcuxpressoide_11.2.1_4149/ide/plugins/com.nxp.mcuxpresso.tools.win32_11.2.0.202008311134/tools/bin/../lib/gcc/arm-none-eabi/9.2.1/../../../../arm-none-eabi/lib/thumb/v7-m/nofp\libc_nano.a(lib_a-nano-mallocr.o)
                0x0001b88c                _malloc_r
 .text.__ssputs_r
                0x0001b940       0xb6 c:/nxp/mcuxpressoide_11.2.1_4149/ide/plugins/com.nxp.mcuxpresso.tools.win32_11.2.0.202008311134/tools/bin/../lib/gcc/arm-none-eabi/9.2.1/../../../../arm-none-eabi/lib/thumb/v7-m/nofp\libc_nano.a(lib_a-nano-svfprintf.o)
                0x0001b940                __ssputs_r
 *fill*         0x0001b9f6        0x2 ff
 .text._svfprintf_r
                0x0001b9f8      0x200 c:/nxp/mcuxpressoide_11.2.1_4149/ide/plugins/com.nxp.mcuxpresso.tools.win32_11.2.0.202008311134/tools/bin/../lib/gcc/arm-none-eabi/9.2.1/../../../../arm-none-eabi/lib/thumb/v7-m/nofp\libc_nano.a(lib_a-nano-svfprintf.o)
                0x0001b9f8                _svfiprintf_r
                0x0001b9f8                _svfprintf_r
 .text._sbrk_r  0x0001bbf8       0x20 c:/nxp/mcuxpressoide_11.2.1_4149/ide/plugins/com.nxp.mcuxpresso.tools.win32_11.2.0.202008311134/tools/bin/../lib/gcc/arm-none-eabi/9.2.1/../../../../arm-none-eabi/lib/thumb/v7-m/nofp\libc_nano.a(lib_a-sbrkr.o)
                0x0001bbf8                _sbrk_r
 .text.__ascii_mbtowc
                0x0001bc18       0x24 c:/nxp/mcuxpressoide_11.2.1_4149/ide/plugins/com.nxp.mcuxpresso.tools.win32_11.2.0.202008311134/tools/bin/../lib/gcc/arm-none-eabi/9.2.1/../../../../arm-none-eabi/lib/thumb/v7-m/nofp\libc_nano.a(lib_a-mbtowc_r.o)
                0x0001bc18                __ascii_mbtowc
 .text.memmove  0x0001bc3c       0x34 c:/nxp/mcuxpressoide_11.2.1_4149/ide/plugins/com.nxp.mcuxpresso.tools.win32_11.2.0.202008311134/tools/bin/../lib/gcc/arm-none-eabi/9.2.1/../../../../arm-none-eabi/lib/thumb/v7-m/nofp\libc_nano.a(lib_a-memmove.o)
                0x0001bc3c                memmove
 .text.__malloc_lock
                0x0001bc70        0xc c:/nxp/mcuxpressoide_11.2.1_4149/ide/plugins/com.nxp.mcuxpresso.tools.win32_11.2.0.202008311134/tools/bin/../lib/gcc/arm-none-eabi/9.2.1/../../../../arm-none-eabi/lib/thumb/v7-m/nofp\libc_nano.a(lib_a-mlock.o)
                0x0001bc70                __malloc_lock
 .text.__malloc_unlock
                0x0001bc7c        0xc c:/nxp/mcuxpressoide_11.2.1_4149/ide/plugins/com.nxp.mcuxpresso.tools.win32_11.2.0.202008311134/tools/bin/../lib/gcc/arm-none-eabi/9.2.1/../../../../arm-none-eabi/lib/thumb/v7-m/nofp\libc_nano.a(lib_a-mlock.o)
                0x0001bc7c                __malloc_unlock
 .text._realloc_r
                0x0001bc88       0x4c c:/nxp/mcuxpressoide_11.2.1_4149/ide/plugins/com.nxp.mcuxpresso.tools.win32_11.2.0.202008311134/tools/bin/../lib/gcc/arm-none-eabi/9.2.1/../../../../arm-none-eabi/lib/thumb/v7-m/nofp\libc_nano.a(lib_a-nano-reallocr.o)
                0x0001bc88                _realloc_r
 .text.__ascii_wctomb
                0x0001bcd4       0x1a c:/nxp/mcuxpressoide_11.2.1_4149/ide/plugins/com.nxp.mcuxpresso.tools.win32_11.2.0.202008311134/tools/bin/../lib/gcc/arm-none-eabi/9.2.1/../../../../arm-none-eabi/lib/thumb/v7-m/nofp\libc_nano.a(lib_a-wctomb_r.o)
                0x0001bcd4                __ascii_wctomb
 .text.__retarget_lock_acquire_recursive
                0x0001bcee        0x2 c:/nxp/mcuxpressoide_11.2.1_4149/ide/plugins/com.nxp.mcuxpresso.tools.win32_11.2.0.202008311134/tools/bin/../lib/gcc/arm-none-eabi/9.2.1/../../../../arm-none-eabi/lib/thumb/v7-m/nofp\libc_nano.a(lib_a-lock.o)
                0x0001bcee                __retarget_lock_acquire_recursive
 .text.__retarget_lock_release_recursive
                0x0001bcf0        0x2 c:/nxp/mcuxpressoide_11.2.1_4149/ide/plugins/com.nxp.mcuxpresso.tools.win32_11.2.0.202008311134/tools/bin/../lib/gcc/arm-none-eabi/9.2.1/../../../../arm-none-eabi/lib/thumb/v7-m/nofp\libc_nano.a(lib_a-lock.o)
                0x0001bcf0                __retarget_lock_release_recursive
 .text._malloc_usable_size_r
                0x0001bcf2       0x10 c:/nxp/mcuxpressoide_11.2.1_4149/ide/plugins/com.nxp.mcuxpresso.tools.win32_11.2.0.202008311134/tools/bin/../lib/gcc/arm-none-eabi/9.2.1/../../../../arm-none-eabi/lib/thumb/v7-m/nofp\libc_nano.a(lib_a-nano-msizer.o)
                0x0001bcf2                _malloc_usable_size_r
 *fill*         0x0001bd02        0x2 ff