Archive member included to satisfy reference by file (symbol)

D:\Developpement_Robot\Robotic-System\trunk\Workspaces\MultiWorkSpaces_2021\0_lpc_chip_175x_6x\Release\lib0_lpc_chip_175x_6x.a(adc_17xx_40xx.o)
                              ./Level_0/Drivers/0_ADC/0_ADC.o (Chip_ADC_Init)
D:\Developpement_Robot\Robotic-System\trunk\Workspaces\MultiWorkSpaces_2021\0_lpc_chip_175x_6x\Release\lib0_lpc_chip_175x_6x.a(chip_17xx_40xx.o)
                              ./src/IA_2021_V0.o (SystemCoreClockUpdate)
D:\Developpement_Robot\Robotic-System\trunk\Workspaces\MultiWorkSpaces_2021\0_lpc_chip_175x_6x\Release\lib0_lpc_chip_175x_6x.a(clock_17xx_40xx.o)
                              D:\Developpement_Robot\Robotic-System\trunk\Workspaces\MultiWorkSpaces_2021\0_lpc_chip_175x_6x\Release\lib0_lpc_chip_175x_6x.a(chip_17xx_40xx.o) (Chip_Clock_EnablePLL)
D:\Developpement_Robot\Robotic-System\trunk\Workspaces\MultiWorkSpaces_2021\0_lpc_chip_175x_6x\Release\lib0_lpc_chip_175x_6x.a(ring_buffer.o)
                              ./Communication/0_Communication.o (RingBuffer_Init)
D:\Developpement_Robot\Robotic-System\trunk\Workspaces\MultiWorkSpaces_2021\0_lpc_chip_175x_6x\Release\lib0_lpc_chip_175x_6x.a(stopwatch_17xx_40xx.o)
                              ./Communication/USB/src/cdc_usb_main.o (StopWatch_Init)
D:\Developpement_Robot\Robotic-System\trunk\Workspaces\MultiWorkSpaces_2021\0_lpc_chip_175x_6x\Release\lib0_lpc_chip_175x_6x.a(sysinit_17xx_40xx.o)
                              ./src/IA_2021_V0.o (Chip_SetupXtalClocking)
D:\Developpement_Robot\Robotic-System\trunk\Workspaces\MultiWorkSpaces_2021\0_lpc_chip_175x_6x\Release\lib0_lpc_chip_175x_6x.a(timer_17xx_40xx.o)
                              ./src/IA_2021_V0.o (Chip_TIMER_Init)
D:\Developpement_Robot\Robotic-System\trunk\Workspaces\MultiWorkSpaces_2021\0_lpc_chip_175x_6x\Release\lib0_lpc_chip_175x_6x.a(uart_17xx_40xx.o)
                              ./Communication/0_Communication.o (Chip_UART_Init)
D:\Developpement_Robot\Robotic-System\trunk\Workspaces\MultiWorkSpaces_2021\0_lpc_board_nxp_lpcxpresso_1769\Release\lib0_lpc_board_nxp_lpcxpresso_1769.a(board.o)
                              ./src/IA_2021_V0.o (Set_Clock_in)
D:\Developpement_Robot\Robotic-System\trunk\Workspaces\MultiWorkSpaces_2021\0_lpc_chip_175x_6x\libs\libusbd_175x_6x_lib.a(mw_usbd_rom_api.o)
                              ./Communication/USB/src/cdc_usb_main.o (cdc_api)
D:\Developpement_Robot\Robotic-System\trunk\Workspaces\MultiWorkSpaces_2021\0_lpc_chip_175x_6x\libs\libusbd_175x_6x_lib.a(hw_usbd_ip3503.o)
                              D:\Developpement_Robot\Robotic-System\trunk\Workspaces\MultiWorkSpaces_2021\0_lpc_chip_175x_6x\libs\libusbd_175x_6x_lib.a(mw_usbd_rom_api.o) (hwUSB_GetMemSize)
D:\Developpement_Robot\Robotic-System\trunk\Workspaces\MultiWorkSpaces_2021\0_lpc_chip_175x_6x\libs\libusbd_175x_6x_lib.a(mw_usbd_cdcuser.o)
                              D:\Developpement_Robot\Robotic-System\trunk\Workspaces\MultiWorkSpaces_2021\0_lpc_chip_175x_6x\libs\libusbd_175x_6x_lib.a(mw_usbd_rom_api.o) (mwCDC_SendNotification)
D:\Developpement_Robot\Robotic-System\trunk\Workspaces\MultiWorkSpaces_2021\0_lpc_chip_175x_6x\libs\libusbd_175x_6x_lib.a(mw_usbd_core.o)
                              D:\Developpement_Robot\Robotic-System\trunk\Workspaces\MultiWorkSpaces_2021\0_lpc_chip_175x_6x\libs\libusbd_175x_6x_lib.a(mw_usbd_rom_api.o) (mwUSB_SetupStage)
D:\Developpement_Robot\Robotic-System\trunk\Workspaces\MultiWorkSpaces_2021\0_lpc_chip_175x_6x\libs\libusbd_175x_6x_lib.a(mw_usbd_dfuuser.o)
                              D:\Developpement_Robot\Robotic-System\trunk\Workspaces\MultiWorkSpaces_2021\0_lpc_chip_175x_6x\libs\libusbd_175x_6x_lib.a(mw_usbd_rom_api.o) (mwDFU_GetMemSize)
D:\Developpement_Robot\Robotic-System\trunk\Workspaces\MultiWorkSpaces_2021\0_lpc_chip_175x_6x\libs\libusbd_175x_6x_lib.a(mw_usbd_hiduser.o)
                              D:\Developpement_Robot\Robotic-System\trunk\Workspaces\MultiWorkSpaces_2021\0_lpc_chip_175x_6x\libs\libusbd_175x_6x_lib.a(mw_usbd_rom_api.o) (mwHID_GetMemSize)
D:\Developpement_Robot\Robotic-System\trunk\Workspaces\MultiWorkSpaces_2021\0_lpc_chip_175x_6x\libs\libusbd_175x_6x_lib.a(mw_usbd_mscuser.o)
                              D:\Developpement_Robot\Robotic-System\trunk\Workspaces\MultiWorkSpaces_2021\0_lpc_chip_175x_6x\libs\libusbd_175x_6x_lib.a(mw_usbd_rom_api.o) (mwMSC_GetMemSize)
c:/nxp/mcuxpressoide_11.2.1_4149/ide/plugins/com.nxp.mcuxpresso.tools.win32_11.2.0.202008311134/tools/bin/../lib/gcc/arm-none-eabi/9.2.1/thumb/v7-m/nofp\libgcc.a(_arm_mulsf3.o)
                              ./Strategie/Strategie_Level0/Deplacement/0_Deplacements.o (__aeabi_fmul)
c:/nxp/mcuxpressoide_11.2.1_4149/ide/plugins/com.nxp.mcuxpresso.tools.win32_11.2.0.202008311134/tools/bin/../lib/gcc/arm-none-eabi/9.2.1/thumb/v7-m/nofp\libgcc.a(_arm_addsubdf3.o)
                              ./Communication/2_Echange_Datas.o (__aeabi_f2d)
[...]
Memory Configuration

Name             Origin             Length             Attributes
MFlash512        0x00010000         0x00070000         xr
RamLoc32         0x10000000         0x00008000         xrw
Ram_USB          0x2007c000         0x00000800         xrw
RAM3             0x2007c800         0x00007800         xrw
*default*        0x00000000         0xffffffff

Linker script and memory map

LOAD ./src/IA_2021_V0.o
LOAD ./src/Init.o
LOAD ./src/cr_startup_lpc175x_6x.o
LOAD ./src/crp.o
LOAD ./src/sysinit.o
LOAD ./src/test.o
LOAD ./freertos/src/FreeRTOSCommonHooks.o
LOAD ./freertos/src/croutine.o
LOAD ./freertos/src/event_groups.o
LOAD ./freertos/src/heap_5.o
LOAD ./freertos/src/list.o
LOAD ./freertos/src/port.o
LOAD ./freertos/src/queue.o
LOAD ./freertos/src/stream_buffer.o
LOAD ./freertos/src/tasks.o
LOAD ./freertos/src/timers.o
LOAD ./freertos/FreeRTOS_Trace/trcHardwarePort.o
LOAD ./freertos/FreeRTOS_Trace/trcKernelPort.o
LOAD ./freertos/FreeRTOS_Trace/trcSnapshotRecorder.o
LOAD ./Strategie/Strategie_Level0/Deplacement/0_Deplacements.o
LOAD ./Strategie/Strategie_Level0/Deplacement/1_Obstacles.o
LOAD ./Strategie/Strategie_Level0/Actionneurs/0_Actionneurs.o
LOAD ./Strategie/Strategie_Level0/0_Infos.o
LOAD ./Strategie/Strategie_Level0/Strategie_Actions.o
LOAD ./Strategie/Strategie.o
LOAD ./Pathfinding/Astar/Astar.o
LOAD ./Level_0/Drivers/0_ADC/0_ADC.o
LOAD ./Communication/USB/src/cdc_desc.o
LOAD ./Communication/USB/src/cdc_usb_main.o
LOAD ./Communication/USB/src/cdc_vcom.o
LOAD ./Communication/RS485/0_RS485.o
LOAD ./Communication/0_Communication.o
LOAD ./Communication/0_Event_Group.o
LOAD ./Communication/1_Trame_Communication.o
LOAD ./Communication/2_Echange_Data_Strategie.o
LOAD ./Communication/2_Echange_Datas.o
LOAD ./Communication/2_Echange_Datas_Reception.o
LOAD D:\Developpement_Robot\Robotic-System\trunk\Workspaces\MultiWorkSpaces_2021\0_lpc_chip_175x_6x\Release\lib0_lpc_chip_175x_6x.a
LOAD D:\Developpement_Robot\Robotic-System\trunk\Workspaces\MultiWorkSpaces_2021\0_lpc_board_nxp_lpcxpresso_1769\Release\lib0_lpc_board_nxp_lpcxpresso_1769.a
LOAD D:\Developpement_Robot\Robotic-System\trunk\Workspaces\MultiWorkSpaces_2021\0_lpc_chip_175x_6x\libs\libusbd_175x_6x_lib.a
START GROUP
LOAD c:/nxp/mcuxpressoide_11.2.1_4149/ide/plugins/com.nxp.mcuxpresso.tools.win32_11.2.0.202008311134/tools/bin/../lib/gcc/arm-none-eabi/9.2.1/thumb/v7-m/nofp\libgcc.a
LOAD c:/nxp/mcuxpressoide_11.2.1_4149/ide/plugins/com.nxp.mcuxpresso.tools.win32_11.2.0.202008311134/tools/bin/../lib/gcc/arm-none-eabi/9.2.1/../../../../arm-none-eabi/lib/thumb/v7-m/nofp\libc_nano.a
LOAD c:/nxp/mcuxpressoide_11.2.1_4149/ide/plugins/com.nxp.mcuxpresso.tools.win32_11.2.0.202008311134/tools/bin/../lib/gcc/arm-none-eabi/9.2.1/../../../../arm-none-eabi/lib/thumb/v7-m/nofp\libm.a
LOAD c:/nxp/mcuxpressoide_11.2.1_4149/ide/plugins/com.nxp.mcuxpresso.tools.win32_11.2.0.202008311134/tools/bin/../lib/gcc/arm-none-eabi/9.2.1/../../../../arm-none-eabi/lib/thumb/v7-m/nofp\libcr_newlib_none.a
END GROUP
                0x00010000                __base_MFlash512 = 0x10000
                0x00010000                __base_Flash = 0x10000
                0x00080000                __top_MFlash512 = 0x80000
                0x00080000                __top_Flash = 0x80000
                0x10000000                __base_RamLoc32 = 0x10000000
                0x10000000                __base_RAM = 0x10000000
                0x10008000                __top_RamLoc32 = 0x10008000
                0x10008000                __top_RAM = 0x10008000
                0x2007c000                __base_Ram_USB = 0x2007c000
                0x2007c000                __base_RAM2 = 0x2007c000
                0x2007c800                __top_Ram_USB = 0x2007c800
                0x2007c800                __top_RAM2 = 0x2007c800
                0x2007c800                __base_RAM3 = 0x2007c800
                0x2007c800                __base_RAM3 = 0x2007c800
                0x20084000                __top_RAM3 = 0x20084000
                0x20084000                __top_RAM3 = 0x20084000

.text           0x00010000     0x7cd0
 FILL mask 0xff
                0x00010000                __vectors_start__ = ABSOLUTE (.)
 *(.isr_vector)
 .isr_vector    0x00010000       0xcc ./src/cr_startup_lpc175x_6x.o
                0x00010000                g_pfnVectors
                0x000100cc                . = ALIGN (0x4)
                0x000100cc                __section_table_start = .
                0x000100cc                __data_section_table = .
                0x000100cc        0x4 LONG 0x17cd0 LOADADDR (.data)
                0x000100d0        0x4 LONG 0x10000000 ADDR (.data)
                0x000100d4        0x4 LONG 0x1ec SIZEOF (.data)
                0x000100d8        0x4 LONG 0x17cd0 LOADADDR (.data_RAM2)
                0x000100dc        0x4 LONG 0x2007c000 ADDR (.data_RAM2)
                0x000100e0        0x4 LONG 0x0 SIZEOF (.data_RAM2)
                0x000100e4        0x4 LONG 0x17cd0 LOADADDR (.data_RAM3)
                0x000100e8        0x4 LONG 0x2007c800 ADDR (.data_RAM3)
                0x000100ec        0x4 LONG 0x0 SIZEOF (.data_RAM3)
                0x000100f0                __data_section_table_end = .
                0x000100f0                __bss_section_table = .
                0x000100f0        0x4 LONG 0x100001ec ADDR (.bss)
                0x000100f4        0x4 LONG 0x5e0 SIZEOF (.bss)
                0x000100f8        0x4 LONG 0x2007c000 ADDR (.bss_RAM2)
                0x000100fc        0x4 LONG 0x0 SIZEOF (.bss_RAM2)
                0x00010100        0x4 LONG 0x2007c800 ADDR (.bss_RAM3)
                0x00010104        0x4 LONG 0x385c SIZEOF (.bss_RAM3)
                0x00010108                __bss_section_table_end = .
                0x00010108                __section_table_end = .
 *(.after_vectors*)
 .after_vectors
                0x00010108       0x8c ./src/cr_startup_lpc175x_6x.o
                0x00010108                NMI_Handler
                0x0001010a                HardFault_Handler
                0x0001010c                MemManage_Handler
                0x0001010e                BusFault_Handler
                0x00010110                UsageFault_Handler
                0x00010112                DebugMon_Handler
                0x00010114                USBActivity_IRQHandler
                0x00010114                PWM1_IRQHandler
                0x00010114                I2C0_IRQHandler
                0x00010114                RIT_IRQHandler
                0x00010114                I2C1_IRQHandler
                0x00010114                EINT2_IRQHandler
                0x00010114                EINT3_IRQHandler
                0x00010114                CANActivity_IRQHandler
                0x00010114                TIMER3_IRQHandler
                0x00010114                UART0_IRQHandler
                0x00010114                DMA_IRQHandler
                0x00010114                UART3_IRQHandler
                0x00010114                IntDefaultHandler
                0x00010114                PLL0_IRQHandler
                0x00010114                CAN_IRQHandler
                0x00010114                PLL1_IRQHandler
                0x00010114                SSP0_IRQHandler
                0x00010114                I2S_IRQHandler
                0x00010114                I2C2_IRQHandler
                0x00010114                RTC_IRQHandler
                0x00010114                TIMER0_IRQHandler
                0x00010114                SPI_IRQHandler
                0x00010114                ETH_IRQHandler
                0x00010114                EINT1_IRQHandler
                0x00010114                TIMER1_IRQHandler
                0x00010114                ADC_IRQHandler
                0x00010114                SSP1_IRQHandler
                0x00010114                BOD_IRQHandler
                0x00010114                TIMER2_IRQHandler
                0x00010114                WDT_IRQHandler
                0x00010114                EINT0_IRQHandler
                0x00010114                QEI_IRQHandler
                0x00010114                MCPWM_IRQHandler
                0x00010116                data_init
                0x00010132                bss_init
                0x00010144                ResetISR
                0x0001018c                SVC_Handler
                0x0001018e                PendSV_Handler
                0x00010190                SysTick_Handler
                0x000002fc                . = 0x2fc
 *fill*         0x00010194      0x168 ff
                0x000102fc                PROVIDE (__CRP_WORD_START__ = .)
 *(.crp)
 .crp           0x000102fc        0x4 ./src/crp.o
                0x000102fc                CRP_WORD
                0x00010300                PROVIDE (__CRP_WORD_END__ = .)
                0x00000001                ASSERT (! ((__CRP_WORD_START__ == __CRP_WORD_END__)), Linker CRP Enabled, but no CRP_WORD provided within application)
 *(.text*)
 .text.vConfigureTimerForRunTimeStats
                0x00010300       0x22 ./src/IA_2021_V0.o
                0x00010300                vConfigureTimerForRunTimeStats
 *fill*         0x00010322        0x2 ff
 .text.prvSetupHardware
                0x00010324       0x30 ./src/IA_2021_V0.o
 .text.vTask_HartBeat
                0x00010354       0x64 ./src/IA_2021_V0.o
 .text.main     0x000103b8       0x34 ./src/IA_2021_V0.o
                0x000103b8                main
 .text.Debug_Trace_Texte
                0x000103ec        0x2 ./src/Init.o
                0x000103ec                Debug_Trace_Texte
 *fill*         0x000103ee        0x2 ff
 .text.Set_Debug_Pin_0_Low
                0x000103f0       0x10 ./src/Init.o
                0x000103f0                Set_Debug_Pin_0_Low
 .text.Set_Debug_Pin_1_Low
                0x00010400       0x10 ./src/Init.o
                0x00010400                Set_Debug_Pin_1_Low
 .text.Init_Carte_IA
                0x00010410       0x84 ./src/Init.o
                0x00010410                Init_Carte_IA
 .text.Init_Send_Robot_ID
                0x00010494        0xe ./src/Init.o
                0x00010494                Init_Send_Robot_ID
 *fill*         0x000104a2        0x2 ff
 .text.SystemInit
                0x000104a4       0x18 ./src/sysinit.o
                0x000104a4                SystemInit
 .text.TEST_init_parametres
                0x000104bc        0xc ./src/test.o
                0x000104bc                TEST_init_parametres
 .text.vApplicationStackOverflowHook
                0x000104c8      0x12c ./freertos/src/FreeRTOSCommonHooks.o
                0x000104c8                vApplicationStackOverflowHook
 .text.prvTestWaitCondition
                0x000105f4       0x1c ./freertos/src/event_groups.o
 .text.xEventGroupCreate
                0x00010610       0x1a ./freertos/src/event_groups.o
                0x00010610                xEventGroupCreate
 *fill*         0x0001062a        0x2 ff
 .text.xEventGroupWaitBits
                0x0001062c       0xbc ./freertos/src/event_groups.o
                0x0001062c                xEventGroupWaitBits
 .text.xEventGroupSetBits
                0x000106e8       0x62 ./freertos/src/event_groups.o
                0x000106e8                xEventGroupSetBits
 .text.vEventGroupSetBitsCallback
                0x0001074a        0x8 ./freertos/src/event_groups.o
                0x0001074a                vEventGroupSetBitsCallback
 *fill*         0x00010752        0x2 ff
 .text.prvInsertBlockIntoFreeList
                0x00010754       0x54 ./freertos/src/heap_5.o
 .text.pvPortMalloc
                0x000107a8       0xc0 ./freertos/src/heap_5.o
                0x000107a8                pvPortMalloc
 .text.vPortFree
                0x00010868       0x58 ./freertos/src/heap_5.o
                0x00010868                vPortFree
 .text.vPortDefineHeapRegions
                0x000108c0       0x84 ./freertos/src/heap_5.o
                0x000108c0                vPortDefineHeapRegions
 .text.vListInitialise
                0x00010944       0x16 ./freertos/src/list.o
                0x00010944                vListInitialise
 .text.vListInitialiseItem
                0x0001095a        0x6 ./freertos/src/list.o
                0x0001095a                vListInitialiseItem
 .text.vListInsertEnd
                0x00010960       0x16 ./freertos/src/list.o
                0x00010960                vListInsertEnd
 .text.vListInsert
                0x00010976       0x32 ./freertos/src/list.o
                0x00010976                vListInsert
 .text.uxListRemove
                0x000109a8       0x26 ./freertos/src/list.o
                0x000109a8                uxListRemove
 .text.prvTaskExitError
                0x000109ce       0x20 ./freertos/src/port.o
 *fill*         0x000109ee        0x2 ff
 .text.prvPortStartFirstTask
                0x000109f0       0x20 ./freertos/src/port.o
 .text.pxPortInitialiseStack
                0x00010a10       0x24 ./freertos/src/port.o
                0x00010a10                pxPortInitialiseStack
 *fill*         0x00010a34        0xc ff
 .text.vPortSVCHandler
                0x00010a40       0x24 ./freertos/src/port.o
                0x00010a40                vPortSVCHandler
 .text.vPortEnterCritical
                0x00010a64       0x20 ./freertos/src/port.o
                0x00010a64                vPortEnterCritical
 .text.vPortExitCritical
                0x00010a84       0x14 ./freertos/src/port.o
                0x00010a84                vPortExitCritical
 *fill*         0x00010a98        0x8 ff
 .text.xPortPendSVHandler
                0x00010aa0       0x44 ./freertos/src/port.o
                0x00010aa0                xPortPendSVHandler
 .text.xPortSysTickHandler
                0x00010ae4       0x2c ./freertos/src/port.o
                0x00010ae4                xPortSysTickHandler
 .text.vPortSetupTimerInterrupt
                0x00010b10       0x24 ./freertos/src/port.o
                0x00010b10                vPortSetupTimerInterrupt
 .text.xPortStartScheduler
                0x00010b34       0x38 ./freertos/src/port.o
                0x00010b34                xPortStartScheduler
 .text.prvIsQueueFull
                0x00010b6c       0x1e ./freertos/src/queue.o
 .text.prvIsQueueEmpty
                0x00010b8a       0x1a ./freertos/src/queue.o
 .text.prvCopyDataToQueue
                0x00010ba4       0x76 ./freertos/src/queue.o
 .text.prvCopyDataFromQueue
                0x00010c1a       0x24 ./freertos/src/queue.o
 .text.prvUnlockQueue
                0x00010c3e       0x6e ./freertos/src/queue.o
 .text.xQueueGenericReset
                0x00010cac       0x70 ./freertos/src/queue.o
                0x00010cac                xQueueGenericReset
 .text.prvInitialiseNewQueue
                0x00010d1c       0x1c ./freertos/src/queue.o
 .text.xQueueGenericCreate
                0x00010d38       0x2e ./freertos/src/queue.o
                0x00010d38                xQueueGenericCreate
 *fill*         0x00010d66        0x2 ff
 .text.xQueueGenericSend
                0x00010d68      0x118 ./freertos/src/queue.o
                0x00010d68                xQueueGenericSend
 .text.xQueueGenericSendFromISR
                0x00010e80       0x72 ./freertos/src/queue.o
                0x00010e80                xQueueGenericSendFromISR
 *fill*         0x00010ef2        0x2 ff
 .text.xQueueReceive
                0x00010ef4      0x10c ./freertos/src/queue.o
                0x00010ef4                xQueueReceive
 .text.vQueueAddToRegistry
                0x00011000       0x28 ./freertos/src/queue.o
                0x00011000                vQueueAddToRegistry
 .text.vQueueWaitForMessageRestricted
                0x00011028       0x52 ./freertos/src/queue.o
                0x00011028                vQueueWaitForMessageRestricted
 *fill*         0x0001107a        0x2 ff
 .text.prvResetNextTaskUnblockTime
                0x0001107c       0x2c ./freertos/src/tasks.o
 .text.prvDeleteTCB
                0x000110a8       0x12 ./freertos/src/tasks.o
 .text.prvInitialiseNewTask
                0x000110ba       0x9c ./freertos/src/tasks.o
 *fill*         0x00011156        0x2 ff
 .text.prvInitialiseTaskLists
                0x00011158       0x68 ./freertos/src/tasks.o
 .text.prvAddNewTaskToReadyList
                0x000111c0       0xa8 ./freertos/src/tasks.o
 .text.prvCheckTasksWaitingTermination
                0x00011268       0x4c ./freertos/src/tasks.o
 .text.prvIdleTask
                0x000112b4       0x28 ./freertos/src/tasks.o
 .text.prvAddCurrentTaskToDelayedList
                0x000112dc       0x98 ./freertos/src/tasks.o
 .text.xTaskCreate
                0x00011374       0x64 ./freertos/src/tasks.o
                0x00011374                xTaskCreate
 .text.vTaskDelete
                0x000113d8       0xc4 ./freertos/src/tasks.o
                0x000113d8                vTaskDelete
 .text.vTaskStartScheduler
                0x0001149c       0x70 ./freertos/src/tasks.o
                0x0001149c                vTaskStartScheduler
 .text.vTaskSuspendAll
                0x0001150c       0x10 ./freertos/src/tasks.o
                0x0001150c                vTaskSuspendAll
 .text.xTaskGetTickCount
                0x0001151c        0xc ./freertos/src/tasks.o
                0x0001151c                xTaskGetTickCount
 .text.xTaskIncrementTick
                0x00011528      0x100 ./freertos/src/tasks.o
                0x00011528                xTaskIncrementTick
 .text.xTaskResumeAll
                0x00011628       0xe0 ./freertos/src/tasks.o
                0x00011628                xTaskResumeAll
 .text.vTaskDelayUntil
                0x00011708       0x60 ./freertos/src/tasks.o
                0x00011708                vTaskDelayUntil
 .text.vTaskDelay
                0x00011768       0x34 ./freertos/src/tasks.o
                0x00011768                vTaskDelay
 .text.vTaskSwitchContext
                0x0001179c       0xac ./freertos/src/tasks.o
                0x0001179c                vTaskSwitchContext
 .text.vTaskPlaceOnEventList
                0x00011848       0x1c ./freertos/src/tasks.o
                0x00011848                vTaskPlaceOnEventList
 .text.vTaskPlaceOnUnorderedEventList
                0x00011864       0x24 ./freertos/src/tasks.o
                0x00011864                vTaskPlaceOnUnorderedEventList
 .text.vTaskPlaceOnEventListRestricted
                0x00011888       0x24 ./freertos/src/tasks.o
                0x00011888                vTaskPlaceOnEventListRestricted
 .text.xTaskRemoveFromEventList
                0x000118ac       0x78 ./freertos/src/tasks.o
                0x000118ac                xTaskRemoveFromEventList
 .text.vTaskRemoveFromUnorderedEventList
                0x00011924       0x58 ./freertos/src/tasks.o
                0x00011924                vTaskRemoveFromUnorderedEventList
 .text.vTaskInternalSetTimeOutState
                0x0001197c       0x18 ./freertos/src/tasks.o
                0x0001197c                vTaskInternalSetTimeOutState
 .text.xTaskCheckForTimeOut
                0x00011994       0x5c ./freertos/src/tasks.o
                0x00011994                xTaskCheckForTimeOut
 .text.vTaskMissedYield
                0x000119f0        0xc ./freertos/src/tasks.o
                0x000119f0                vTaskMissedYield
 .text.xTaskGetCurrentTaskHandle
                0x000119fc        0xc ./freertos/src/tasks.o
                0x000119fc                xTaskGetCurrentTaskHandle
 .text.xTaskGetSchedulerState
                0x00011a08       0x20 ./freertos/src/tasks.o
                0x00011a08                xTaskGetSchedulerState
 .text.xTaskPriorityDisinherit
                0x00011a28       0x80 ./freertos/src/tasks.o
                0x00011a28                xTaskPriorityDisinherit
 .text.uxTaskResetEventItemValue
                0x00011aa8       0x18 ./freertos/src/tasks.o
                0x00011aa8                uxTaskResetEventItemValue
 .text.prvGetNextExpireTime
                0x00011ac0       0x20 ./freertos/src/timers.o
 .text.prvInsertTimerInActiveList
                0x00011ae0       0x48 ./freertos/src/timers.o
 .text.prvCheckForValidListAndQueue
                0x00011b28       0x5c ./freertos/src/timers.o
 .text.xTimerCreateTimerTask
                0x00011b84       0x3c ./freertos/src/timers.o
                0x00011b84                xTimerCreateTimerTask
 .text.xTimerGenericCommand
                0x00011bc0       0x58 ./freertos/src/timers.o
                0x00011bc0                xTimerGenericCommand
 .text.prvSwitchTimerLists
                0x00011c18       0x68 ./freertos/src/timers.o
 .text.prvSampleTimeNow
                0x00011c80       0x2c ./freertos/src/timers.o
 .text.prvProcessExpiredTimer
                0x00011cac       0x58 ./freertos/src/timers.o
 .text.prvProcessTimerOrBlockTask
                0x00011d04       0x74 ./freertos/src/timers.o
 .text.prvProcessReceivedCommands
                0x00011d78       0xe4 ./freertos/src/timers.o
 .text.prvTimerTask
                0x00011e5c       0x16 ./freertos/src/timers.o
 *fill*         0x00011e72        0x2 ff
 .text.xTimerPendFunctionCallFromISR
                0x00011e74       0x28 ./freertos/src/timers.o
                0x00011e74                xTimerPendFunctionCallFromISR
 .text._0_Deplacement_Init
                0x00011e9c       0x10 ./Strategie/Strategie_Level0/Deplacement/0_Deplacements.o
                0x00011e9c                _0_Deplacement_Init
 .text._0_Infos_Init
                0x00011eac       0x14 ./Strategie/Strategie_Level0/0_Infos.o
                0x00011eac                _0_Infos_Init
 .text._0_Update_Card_Datas
                0x00011ec0       0x38 ./Strategie/Strategie_Level0/0_Infos.o
                0x00011ec0                _0_Update_Card_Datas
 .text._Strategie_Change_Action_State
                0x00011ef8       0x34 ./Strategie/Strategie_Level0/Strategie_Actions.o
                0x00011ef8                _Strategie_Change_Action_State
 .text._Strategie_Change_Action_Step
                0x00011f2c       0x10 ./Strategie/Strategie_Level0/Strategie_Actions.o
                0x00011f2c                _Strategie_Change_Action_Step
 .text._Strategie_Get_Robot_ID
                0x00011f3c       0x10 ./Strategie/Strategie.o
                0x00011f3c                _Strategie_Get_Robot_ID
 .text._Strategie_Get_Chosen_Strategie
                0x00011f4c        0xc ./Strategie/Strategie.o
                0x00011f4c                _Strategie_Get_Chosen_Strategie
 .text._Strategie_Get_Temps_Match
                0x00011f58        0xc ./Strategie/Strategie.o
                0x00011f58                _Strategie_Get_Temps_Match
 .text._Strategie_Get_Jack_Status
                0x00011f64       0x10 ./Strategie/Strategie.o
                0x00011f64                _Strategie_Get_Jack_Status
 .text._Strategie_Get_Color_Status
                0x00011f74       0x10 ./Strategie/Strategie.o
                0x00011f74                _Strategie_Get_Color_Status
 .text._Strategie_Get_Switch_Status
                0x00011f84       0x10 ./Strategie/Strategie.o
                0x00011f84                _Strategie_Get_Switch_Status
 .text._Strategie_Get_External_LED_RED_Status
                0x00011f94       0x10 ./Strategie/Strategie.o
                0x00011f94                _Strategie_Get_External_LED_RED_Status
 .text._Strategie_Get_External_LED_YELLOW_Status
                0x00011fa4       0x10 ./Strategie/Strategie.o
                0x00011fa4                _Strategie_Get_External_LED_YELLOW_Status
 .text._Strategie_Get_External_LED_GREEN_Status
                0x00011fb4       0x10 ./Strategie/Strategie.o
                0x00011fb4                _Strategie_Get_External_LED_GREEN_Status
 .text._Strategie_Init_Strategie_2021
                0x00011fc4      0x240 ./Strategie/Strategie.o
                0x00011fc4                _Strategie_Init_Strategie_2021
 .text._0_ADC_Init
                0x00012204       0x34 ./Level_0/Drivers/0_ADC/0_ADC.o
                0x00012204                _0_ADC_Init
 .text._0_RS485_Master_Mode
                0x00012238       0x16 ./Communication/RS485/0_RS485.o
                0x00012238                _0_RS485_Master_Mode
 .text._0_RS485_Slave_Mode
                0x0001224e       0x16 ./Communication/RS485/0_RS485.o
                0x0001224e                _0_RS485_Slave_Mode
 .text._0_RS485_Init
                0x00012264       0x60 ./Communication/RS485/0_RS485.o
                0x00012264                _0_RS485_Init
 .text._0_Communication_Init
                0x000122c4       0x5c ./Communication/0_Communication.o
                0x000122c4                _0_Communication_Init
 .text._0_Communication_Init_RS485
                0x00012320       0xa0 ./Communication/0_Communication.o
                0x00012320                _0_Communication_Init_RS485
 .text._0_Communication_Init_XBEE
                0x000123c0       0x9c ./Communication/0_Communication.o
                0x000123c0                _0_Communication_Init_XBEE
 .text.UART1_IRQHandler
                0x0001245c       0xb4 ./Communication/0_Communication.o
                0x0001245c                UART1_IRQHandler
 .text.UART2_IRQHandler
                0x00012510       0xa4 ./Communication/0_Communication.o
                0x00012510                UART2_IRQHandler
 .text.USB_IRQHandler
                0x000125b4       0x1c ./Communication/0_Communication.o
                0x000125b4                USB_IRQHandler
 .text._0_Communication_Send_Data
                0x000125d0       0x90 ./Communication/0_Communication.o
                0x000125d0                _0_Communication_Send_Data
 .text._0_Communication_Send_RS485
                0x00012660       0x90 ./Communication/0_Communication.o
                0x00012660                _0_Communication_Send_RS485
 .text._0_Communication_Send_XBEE
                0x000126f0       0x82 ./Communication/0_Communication.o
                0x000126f0                _0_Communication_Send_XBEE
 .text.Chip_UART_SendByte
                0x00012772        0x4 ./Communication/0_Communication.o
 .text.Chip_UART_ReadLineStatus
                0x00012776        0x4 ./Communication/0_Communication.o
 *fill*         0x0001277a        0x2 ff
 .text._0_Communication_Init_Event_Group
                0x0001277c       0x10 ./Communication/0_Event_Group.o
                0x0001277c                _0_Communication_Init_Event_Group
 .text._1_Communication_Init
                0x0001278c       0x28 ./Communication/1_Trame_Communication.o
                0x0001278c                _1_Communication_Init
 .text._1_Communication_Create_Queues_Semaphores
                0x000127b4       0x14 ./Communication/1_Trame_Communication.o
                0x000127b4                _1_Communication_Create_Queues_Semaphores
 .text._1_Communication_Wait_To_Send
                0x000127c8       0x28 ./Communication/1_Trame_Communication.o
                0x000127c8                _1_Communication_Wait_To_Send
 .text._1_Communication_Free_Send_Bit
                0x000127f0       0x14 ./Communication/1_Trame_Communication.o
                0x000127f0                _1_Communication_Free_Send_Bit
 .text._1_Communication_Wait_To_Receive
                0x00012804       0x2c ./Communication/1_Trame_Communication.o
                0x00012804                _1_Communication_Wait_To_Receive
 .text._1_Communication_Free_Receive_Bit
                0x00012830       0x14 ./Communication/1_Trame_Communication.o
                0x00012830                _1_Communication_Free_Receive_Bit
 .text._1_Communication_Create_Message
                0x00012844       0x7c ./Communication/1_Trame_Communication.o
                0x00012844                _1_Communication_Create_Message
 .text._1_Communication_Create_Trame
                0x000128c0       0x3c ./Communication/1_Trame_Communication.o
                0x000128c0                _1_Communication_Create_Trame
 .text._1_Communication_Create_Trame_From_Buffer
                0x000128fc      0x294 ./Communication/1_Trame_Communication.o
                0x000128fc                _1_Communication_Create_Trame_From_Buffer
 .text._1_Communication_Check_Rx_Adresse
                0x00012b90       0x1a ./Communication/1_Trame_Communication.o
                0x00012b90                _1_Communication_Check_Rx_Adresse
 *fill*         0x00012baa        0x2 ff
 .text._1_Communication_Recomposition_Rx
                0x00012bac       0x68 ./Communication/1_Trame_Communication.o
                0x00012bac                _1_Communication_Recomposition_Rx
 .text._2_Comm_Strategie_Init
                0x00012c14       0x14 ./Communication/2_Echange_Data_Strategie.o
                0x00012c14                _2_Comm_Strategie_Init
 .text._2_Comm_Strategie_Send_Action_Creation
                0x00012c28       0xe0 ./Communication/2_Echange_Data_Strategie.o
                0x00012c28                _2_Comm_Strategie_Send_Action_Creation
 .text._2_Comm_Strategie_Send_Action_State_Update
                0x00012d08       0xe0 ./Communication/2_Echange_Data_Strategie.o
                0x00012d08                _2_Comm_Strategie_Send_Action_State_Update
 .text._2_Communication_Init
                0x00012de8       0x14 ./Communication/2_Echange_Datas.o
                0x00012de8                _2_Communication_Init
 .text._2_Comm_Send_Demande_Info
                0x00012dfc       0x34 ./Communication/2_Echange_Datas.o
                0x00012dfc                _2_Comm_Send_Demande_Info
 .text._2_Comm_Send_PING
                0x00012e30       0x34 ./Communication/2_Echange_Datas.o
                0x00012e30                _2_Comm_Send_PING
 .text._2_Comm_Send_PONG
                0x00012e64       0x84 ./Communication/2_Echange_Datas.o
                0x00012e64                _2_Comm_Send_PONG
 .text._2_Comm_Send_Communication_Status
                0x00012ee8       0x44 ./Communication/2_Echange_Datas.o
                0x00012ee8                _2_Comm_Send_Communication_Status
 .text._2_Comm_Send_Log_Message
                0x00012f2c      0x100 ./Communication/2_Echange_Datas.o
                0x00012f2c                _2_Comm_Send_Log_Message
 .text._2_Communication_Boards_Status
                0x0001302c       0xcc ./Communication/2_Echange_Datas.o
                0x0001302c                _2_Communication_Boards_Status
 .text._2_Comm_Robot_ID
                0x000130f8       0x38 ./Communication/2_Echange_Datas.o
                0x000130f8                _2_Comm_Robot_ID
 .text._2_Comm_Send_Info_Carte_IA
                0x00013130       0xc4 ./Communication/2_Echange_Datas.o
                0x00013130                _2_Comm_Send_Info_Carte_IA
 .text._2_Communication_RX_Init
                0x000131f4        0x2 ./Communication/2_Echange_Datas_Reception.o
                0x000131f4                _2_Communication_RX_Init
 *fill*         0x000131f6        0x2 ff
 .text._2_Communication_Interprete_message
                0x000131f8       0x58 ./Communication/2_Echange_Datas_Reception.o
                0x000131f8                _2_Communication_Interprete_message
 .text._2_Communication_RX_Reponse_Infos
                0x00013250       0x1a ./Communication/2_Echange_Datas_Reception.o
                0x00013250                _2_Communication_RX_Reponse_Infos
 *fill*         0x0001326a        0x2 ff
 .text.Chip_ADC_Init
                0x0001326c       0x48 D:\Developpement_Robot\Robotic-System\trunk\Workspaces\MultiWorkSpaces_2021\0_lpc_chip_175x_6x\Release\lib0_lpc_chip_175x_6x.a(adc_17xx_40xx.o)
                0x0001326c                Chip_ADC_Init
 .text.SystemCoreClockUpdate
                0x000132b4       0x10 D:\Developpement_Robot\Robotic-System\trunk\Workspaces\MultiWorkSpaces_2021\0_lpc_chip_175x_6x\Release\lib0_lpc_chip_175x_6x.a(chip_17xx_40xx.o)
                0x000132b4                SystemCoreClockUpdate
 .text.Chip_Clock_EnablePLL
                0x000132c4       0x24 D:\Developpement_Robot\Robotic-System\trunk\Workspaces\MultiWorkSpaces_2021\0_lpc_chip_175x_6x\Release\lib0_lpc_chip_175x_6x.a(clock_17xx_40xx.o)
                0x000132c4                Chip_Clock_EnablePLL
 .text.Chip_Clock_DisablePLL
                0x000132e8       0x26 D:\Developpement_Robot\Robotic-System\trunk\Workspaces\MultiWorkSpaces_2021\0_lpc_chip_175x_6x\Release\lib0_lpc_chip_175x_6x.a(clock_17xx_40xx.o)
                0x000132e8                Chip_Clock_DisablePLL
 .text.Chip_Clock_SetupPLL
                0x0001330e       0x30 D:\Developpement_Robot\Robotic-System\trunk\Workspaces\MultiWorkSpaces_2021\0_lpc_chip_175x_6x\Release\lib0_lpc_chip_175x_6x.a(clock_17xx_40xx.o)
                0x0001330e                Chip_Clock_SetupPLL
 *fill*         0x0001333e        0x2 ff
 .text.Chip_Clock_EnablePeriphClock
                0x00013340       0x18 D:\Developpement_Robot\Robotic-System\trunk\Workspaces\MultiWorkSpaces_2021\0_lpc_chip_175x_6x\Release\lib0_lpc_chip_175x_6x.a(clock_17xx_40xx.o)
                0x00013340                Chip_Clock_EnablePeriphClock
 .text.Chip_Clock_GetCPUClockSource
                0x00013358       0x10 D:\Developpement_Robot\Robotic-System\trunk\Workspaces\MultiWorkSpaces_2021\0_lpc_chip_175x_6x\Release\lib0_lpc_chip_175x_6x.a(clock_17xx_40xx.o)
                0x00013358                Chip_Clock_GetCPUClockSource
 .text.Chip_Clock_SetCPUClockDiv
                0x00013368        0xc D:\Developpement_Robot\Robotic-System\trunk\Workspaces\MultiWorkSpaces_2021\0_lpc_chip_175x_6x\Release\lib0_lpc_chip_175x_6x.a(clock_17xx_40xx.o)
                0x00013368                Chip_Clock_SetCPUClockDiv
 .text.Chip_Clock_GetCPUClockDiv
                0x00013374       0x10 D:\Developpement_Robot\Robotic-System\trunk\Workspaces\MultiWorkSpaces_2021\0_lpc_chip_175x_6x\Release\lib0_lpc_chip_175x_6x.a(clock_17xx_40xx.o)
                0x00013374                Chip_Clock_GetCPUClockDiv
 .text.Chip_Clock_GetPCLKDiv
                0x00013384       0x38 D:\Developpement_Robot\Robotic-System\trunk\Workspaces\MultiWorkSpaces_2021\0_lpc_chip_175x_6x\Release\lib0_lpc_chip_175x_6x.a(clock_17xx_40xx.o)
                0x00013384                Chip_Clock_GetPCLKDiv
 .text.Chip_Clock_GetSYSCLKRate
                0x000133bc       0x38 D:\Developpement_Robot\Robotic-System\trunk\Workspaces\MultiWorkSpaces_2021\0_lpc_chip_175x_6x\Release\lib0_lpc_chip_175x_6x.a(clock_17xx_40xx.o)
                0x000133bc                Chip_Clock_GetSYSCLKRate
 .text.Chip_Clock_GetMainPLLOutClockRate
                0x000133f4       0x34 D:\Developpement_Robot\Robotic-System\trunk\Workspaces\MultiWorkSpaces_2021\0_lpc_chip_175x_6x\Release\lib0_lpc_chip_175x_6x.a(clock_17xx_40xx.o)
                0x000133f4                Chip_Clock_GetMainPLLOutClockRate
 .text.Chip_Clock_GetMainClockRate
                0x00013428       0x20 D:\Developpement_Robot\Robotic-System\trunk\Workspaces\MultiWorkSpaces_2021\0_lpc_chip_175x_6x\Release\lib0_lpc_chip_175x_6x.a(clock_17xx_40xx.o)
                0x00013428                Chip_Clock_GetMainClockRate
 .text.Chip_Clock_GetSystemClockRate
                0x00013448       0x12 D:\Developpement_Robot\Robotic-System\trunk\Workspaces\MultiWorkSpaces_2021\0_lpc_chip_175x_6x\Release\lib0_lpc_chip_175x_6x.a(clock_17xx_40xx.o)
                0x00013448                Chip_Clock_GetSystemClockRate
 .text.Chip_Clock_GetPeripheralClockRate
                0x0001345a       0x16 D:\Developpement_Robot\Robotic-System\trunk\Workspaces\MultiWorkSpaces_2021\0_lpc_chip_175x_6x\Release\lib0_lpc_chip_175x_6x.a(clock_17xx_40xx.o)
                0x0001345a                Chip_Clock_GetPeripheralClockRate
 .text.RingBuffer_Init
                0x00013470       0x10 D:\Developpement_Robot\Robotic-System\trunk\Workspaces\MultiWorkSpaces_2021\0_lpc_chip_175x_6x\Release\lib0_lpc_chip_175x_6x.a(ring_buffer.o)
                0x00013470                RingBuffer_Init
 .text.RingBuffer_Insert
                0x00013480       0x30 D:\Developpement_Robot\Robotic-System\trunk\Workspaces\MultiWorkSpaces_2021\0_lpc_chip_175x_6x\Release\lib0_lpc_chip_175x_6x.a(ring_buffer.o)
                0x00013480                RingBuffer_Insert
 .text.RingBuffer_InsertMult
                0x000134b0       0x88 D:\Developpement_Robot\Robotic-System\trunk\Workspaces\MultiWorkSpaces_2021\0_lpc_chip_175x_6x\Release\lib0_lpc_chip_175x_6x.a(ring_buffer.o)
                0x000134b0                RingBuffer_InsertMult
 .text.RingBuffer_Pop
                0x00013538       0x30 D:\Developpement_Robot\Robotic-System\trunk\Workspaces\MultiWorkSpaces_2021\0_lpc_chip_175x_6x\Release\lib0_lpc_chip_175x_6x.a(ring_buffer.o)
                0x00013538                RingBuffer_Pop
 .text.RingBuffer_PopMult
                0x00013568       0x7c D:\Developpement_Robot\Robotic-System\trunk\Workspaces\MultiWorkSpaces_2021\0_lpc_chip_175x_6x\Release\lib0_lpc_chip_175x_6x.a(ring_buffer.o)
                0x00013568                RingBuffer_PopMult
 .text.RingBuffer_Count
                0x000135e4        0x8 D:\Developpement_Robot\Robotic-System\trunk\Workspaces\MultiWorkSpaces_2021\0_lpc_chip_175x_6x\Release\lib0_lpc_chip_175x_6x.a(ring_buffer.o)
                0x000135e4                RingBuffer_Count
 .text.Chip_SetupIrcClocking
                0x000135ec       0x64 D:\Developpement_Robot\Robotic-System\trunk\Workspaces\MultiWorkSpaces_2021\0_lpc_chip_175x_6x\Release\lib0_lpc_chip_175x_6x.a(sysinit_17xx_40xx.o)
                0x000135ec                Chip_SetupIrcClocking
 .text.Chip_SetupXtalClocking
                0x00013650       0xdc D:\Developpement_Robot\Robotic-System\trunk\Workspaces\MultiWorkSpaces_2021\0_lpc_chip_175x_6x\Release\lib0_lpc_chip_175x_6x.a(sysinit_17xx_40xx.o)
                0x00013650                Chip_SetupXtalClocking
 .text.Chip_SystemInit
                0x0001372c        0x4 D:\Developpement_Robot\Robotic-System\trunk\Workspaces\MultiWorkSpaces_2021\0_lpc_chip_175x_6x\Release\lib0_lpc_chip_175x_6x.a(sysinit_17xx_40xx.o)
                0x0001372c                Chip_SystemInit
 .text.Chip_TIMER_Init
                0x00013730       0x2c D:\Developpement_Robot\Robotic-System\trunk\Workspaces\MultiWorkSpaces_2021\0_lpc_chip_175x_6x\Release\lib0_lpc_chip_175x_6x.a(timer_17xx_40xx.o)
                0x00013730                Chip_TIMER_Init
 .text.Chip_UART_GetClockIndex
                0x0001375c       0x28 D:\Developpement_Robot\Robotic-System\trunk\Workspaces\MultiWorkSpaces_2021\0_lpc_chip_175x_6x\Release\lib0_lpc_chip_175x_6x.a(uart_17xx_40xx.o)
 .text.Chip_UART_Init
                0x00013784       0x38 D:\Developpement_Robot\Robotic-System\trunk\Workspaces\MultiWorkSpaces_2021\0_lpc_chip_175x_6x\Release\lib0_lpc_chip_175x_6x.a(uart_17xx_40xx.o)
                0x00013784                Chip_UART_Init
 .text.Chip_UART_TXEnable
                0x000137bc        0x6 D:\Developpement_Robot\Robotic-System\trunk\Workspaces\MultiWorkSpaces_2021\0_lpc_chip_175x_6x\Release\lib0_lpc_chip_175x_6x.a(uart_17xx_40xx.o)
                0x000137bc                Chip_UART_TXEnable
 .text.Chip_UART_SetBaud
                0x000137c2       0x34 D:\Developpement_Robot\Robotic-System\trunk\Workspaces\MultiWorkSpaces_2021\0_lpc_chip_175x_6x\Release\lib0_lpc_chip_175x_6x.a(uart_17xx_40xx.o)
                0x000137c2                Chip_UART_SetBaud
 .text.Chip_UART_RXIntHandlerRB
                0x000137f6       0x22 D:\Developpement_Robot\Robotic-System\trunk\Workspaces\MultiWorkSpaces_2021\0_lpc_chip_175x_6x\Release\lib0_lpc_chip_175x_6x.a(uart_17xx_40xx.o)
                0x000137f6                Chip_UART_RXIntHandlerRB
 .text.Chip_UART_TXIntHandlerRB
                0x00013818       0x24 D:\Developpement_Robot\Robotic-System\trunk\Workspaces\MultiWorkSpaces_2021\0_lpc_chip_175x_6x\Release\lib0_lpc_chip_175x_6x.a(uart_17xx_40xx.o)
                0x00013818                Chip_UART_TXIntHandlerRB
 .text.Chip_UART_IRQRBHandler
                0x0001383c       0x68 D:\Developpement_Robot\Robotic-System\trunk\Workspaces\MultiWorkSpaces_2021\0_lpc_chip_175x_6x\Release\lib0_lpc_chip_175x_6x.a(uart_17xx_40xx.o)
                0x0001383c                Chip_UART_IRQRBHandler
 .text.Set_Clock_in
                0x000138a4        0xc D:\Developpement_Robot\Robotic-System\trunk\Workspaces\MultiWorkSpaces_2021\0_lpc_board_nxp_lpcxpresso_1769\Release\lib0_lpc_board_nxp_lpcxpresso_1769.a(board.o)
                0x000138a4                Set_Clock_in
 .text.Board_Init
                0x000138b0       0x12 D:\Developpement_Robot\Robotic-System\trunk\Workspaces\MultiWorkSpaces_2021\0_lpc_board_nxp_lpcxpresso_1769\Release\lib0_lpc_board_nxp_lpcxpresso_1769.a(board.o)
                0x000138b0                Board_Init
 .text.EPAdr    0x000138c2       0x10 D:\Developpement_Robot\Robotic-System\trunk\Workspaces\MultiWorkSpaces_2021\0_lpc_chip_175x_6x\libs\libusbd_175x_6x_lib.a(hw_usbd_ip3503.o)
                0x000138c2                EPAdr
 .text.hwWrCmd  0x000138d2       0x10 D:\Developpement_Robot\Robotic-System\trunk\Workspaces\MultiWorkSpaces_2021\0_lpc_chip_175x_6x\libs\libusbd_175x_6x_lib.a(hw_usbd_ip3503.o)
                0x000138d2                hwWrCmd
 .text.hwWrCmdDat
                0x000138e2       0x16 D:\Developpement_Robot\Robotic-System\trunk\Workspaces\MultiWorkSpaces_2021\0_lpc_chip_175x_6x\libs\libusbd_175x_6x_lib.a(hw_usbd_ip3503.o)
                0x000138e2                hwWrCmdDat
 .text.hwWrCmdEP
                0x000138f8       0x24 D:\Developpement_Robot\Robotic-System\trunk\Workspaces\MultiWorkSpaces_2021\0_lpc_chip_175x_6x\libs\libusbd_175x_6x_lib.a(hw_usbd_ip3503.o)
                0x000138f8                hwWrCmdEP
 .text.hwRdCmdDat
                0x0001391c       0x12 D:\Developpement_Robot\Robotic-System\trunk\Workspaces\MultiWorkSpaces_2021\0_lpc_chip_175x_6x\libs\libusbd_175x_6x_lib.a(hw_usbd_ip3503.o)
                0x0001391c                hwRdCmdDat
 .text.hwUSB_GetMemSize
                0x0001392e        0x6 D:\Developpement_Robot\Robotic-System\trunk\Workspaces\MultiWorkSpaces_2021\0_lpc_chip_175x_6x\libs\libusbd_175x_6x_lib.a(hw_usbd_ip3503.o)
                0x0001392e                hwUSB_GetMemSize
 .text.hwUSB_Connect
                0x00013934       0x1c D:\Developpement_Robot\Robotic-System\trunk\Workspaces\MultiWorkSpaces_2021\0_lpc_chip_175x_6x\libs\libusbd_175x_6x_lib.a(hw_usbd_ip3503.o)
                0x00013934                hwUSB_Connect
 .text.hwUSB_Reset
                0x00013950       0x30 D:\Developpement_Robot\Robotic-System\trunk\Workspaces\MultiWorkSpaces_2021\0_lpc_chip_175x_6x\libs\libusbd_175x_6x_lib.a(hw_usbd_ip3503.o)
                0x00013950                hwUSB_Reset
 .text.hwUSB_WakeUp
                0x00013980       0x20 D:\Developpement_Robot\Robotic-System\trunk\Workspaces\MultiWorkSpaces_2021\0_lpc_chip_175x_6x\libs\libusbd_175x_6x_lib.a(hw_usbd_ip3503.o)
                0x00013980                hwUSB_WakeUp
 .text.hwUSB_WakeUpCfg
                0x000139a0        0x2 D:\Developpement_Robot\Robotic-System\trunk\Workspaces\MultiWorkSpaces_2021\0_lpc_chip_175x_6x\libs\libusbd_175x_6x_lib.a(hw_usbd_ip3503.o)
                0x000139a0                hwUSB_WakeUpCfg
 *fill*         0x000139a2        0x2 ff
 .text.hwUSB_SetAddress
                0x000139a4       0x30 D:\Developpement_Robot\Robotic-System\trunk\Workspaces\MultiWorkSpaces_2021\0_lpc_chip_175x_6x\libs\libusbd_175x_6x_lib.a(hw_usbd_ip3503.o)
                0x000139a4                hwUSB_SetAddress
 .text.hwUSB_Init
                0x000139d4       0x84 D:\Developpement_Robot\Robotic-System\trunk\Workspaces\MultiWorkSpaces_2021\0_lpc_chip_175x_6x\libs\libusbd_175x_6x_lib.a(hw_usbd_ip3503.o)
                0x000139d4                hwUSB_Init
 .text.hwUSB_Configure
                0x00013a58       0x34 D:\Developpement_Robot\Robotic-System\trunk\Workspaces\MultiWorkSpaces_2021\0_lpc_chip_175x_6x\libs\libusbd_175x_6x_lib.a(hw_usbd_ip3503.o)
                0x00013a58                hwUSB_Configure
 .text.hwUSB_ConfigEP
                0x00013a8c       0x32 D:\Developpement_Robot\Robotic-System\trunk\Workspaces\MultiWorkSpaces_2021\0_lpc_chip_175x_6x\libs\libusbd_175x_6x_lib.a(hw_usbd_ip3503.o)
                0x00013a8c                hwUSB_ConfigEP
 .text.hwUSB_DirCtrlEP
                0x00013abe        0x2 D:\Developpement_Robot\Robotic-System\trunk\Workspaces\MultiWorkSpaces_2021\0_lpc_chip_175x_6x\libs\libusbd_175x_6x_lib.a(hw_usbd_ip3503.o)
                0x00013abe                hwUSB_DirCtrlEP
 .text.hwUSB_EnableEP
                0x00013ac0       0x24 D:\Developpement_Robot\Robotic-System\trunk\Workspaces\MultiWorkSpaces_2021\0_lpc_chip_175x_6x\libs\libusbd_175x_6x_lib.a(hw_usbd_ip3503.o)
                0x00013ac0                hwUSB_EnableEP
 .text.hwUSB_DisableEP
                0x00013ae4       0x28 D:\Developpement_Robot\Robotic-System\trunk\Workspaces\MultiWorkSpaces_2021\0_lpc_chip_175x_6x\libs\libusbd_175x_6x_lib.a(hw_usbd_ip3503.o)
                0x00013ae4                hwUSB_DisableEP
 .text.hwUSB_ResetEP
                0x00013b0c       0x24 D:\Developpement_Robot\Robotic-System\trunk\Workspaces\MultiWorkSpaces_2021\0_lpc_chip_175x_6x\libs\libusbd_175x_6x_lib.a(hw_usbd_ip3503.o)
                0x00013b0c                hwUSB_ResetEP
 .text.hwUSB_SetStallEP
                0x00013b30       0x28 D:\Developpement_Robot\Robotic-System\trunk\Workspaces\MultiWorkSpaces_2021\0_lpc_chip_175x_6x\libs\libusbd_175x_6x_lib.a(hw_usbd_ip3503.o)
                0x00013b30                hwUSB_SetStallEP
 .text.hwUSB_ClrStallEP
                0x00013b58       0x24 D:\Developpement_Robot\Robotic-System\trunk\Workspaces\MultiWorkSpaces_2021\0_lpc_chip_175x_6x\libs\libusbd_175x_6x_lib.a(hw_usbd_ip3503.o)
                0x00013b58                hwUSB_ClrStallEP
 .text.hwUSB_EnableEvent
                0x00013b7c       0xd8 D:\Developpement_Robot\Robotic-System\trunk\Workspaces\MultiWorkSpaces_2021\0_lpc_chip_175x_6x\libs\libusbd_175x_6x_lib.a(hw_usbd_ip3503.o)
                0x00013b7c                hwUSB_EnableEvent
 .text.hwUSB_ReadEP
                0x00013c54       0x80 D:\Developpement_Robot\Robotic-System\trunk\Workspaces\MultiWorkSpaces_2021\0_lpc_chip_175x_6x\libs\libusbd_175x_6x_lib.a(hw_usbd_ip3503.o)
                0x00013c54                hwUSB_ReadEP
 .text.hwUSB_ForceFullSpeed
                0x00013cd4        0x2 D:\Developpement_Robot\Robotic-System\trunk\Workspaces\MultiWorkSpaces_2021\0_lpc_chip_175x_6x\libs\libusbd_175x_6x_lib.a(hw_usbd_ip3503.o)
                0x00013cd4                hwUSB_ForceFullSpeed
 .text.hwUSB_SetTestMode
                0x00013cd6        0x4 D:\Developpement_Robot\Robotic-System\trunk\Workspaces\MultiWorkSpaces_2021\0_lpc_chip_175x_6x\libs\libusbd_175x_6x_lib.a(hw_usbd_ip3503.o)
                0x00013cd6                hwUSB_SetTestMode
 .text.hwUSB_ReadReqEP
                0x00013cda        0x4 D:\Developpement_Robot\Robotic-System\trunk\Workspaces\MultiWorkSpaces_2021\0_lpc_chip_175x_6x\libs\libusbd_175x_6x_lib.a(hw_usbd_ip3503.o)
                0x00013cda                hwUSB_ReadReqEP
 .text.hwUSB_ReadSetupPkt
                0x00013cde        0x4 D:\Developpement_Robot\Robotic-System\trunk\Workspaces\MultiWorkSpaces_2021\0_lpc_chip_175x_6x\libs\libusbd_175x_6x_lib.a(hw_usbd_ip3503.o)
                0x00013cde                hwUSB_ReadSetupPkt
 *fill*         0x00013ce2        0x2 ff
 .text.hwUSB_WriteEP
                0x00013ce4       0x44 D:\Developpement_Robot\Robotic-System\trunk\Workspaces\MultiWorkSpaces_2021\0_lpc_chip_175x_6x\libs\libusbd_175x_6x_lib.a(hw_usbd_ip3503.o)
                0x00013ce4                hwUSB_WriteEP
 .text.hwUSB_ISR
                0x00013d28      0x1a0 D:\Developpement_Robot\Robotic-System\trunk\Workspaces\MultiWorkSpaces_2021\0_lpc_chip_175x_6x\libs\libusbd_175x_6x_lib.a(hw_usbd_ip3503.o)
                0x00013d28                hwUSB_ISR
 .text.mwCDC_SetRequest
                0x00013ec8       0x7c D:\Developpement_Robot\Robotic-System\trunk\Workspaces\MultiWorkSpaces_2021\0_lpc_chip_175x_6x\libs\libusbd_175x_6x_lib.a(mw_usbd_cdcuser.o)
                0x00013ec8                mwCDC_SetRequest
 .text.mwCDC_ep0_hdlr
                0x00013f44       0xb0 D:\Developpement_Robot\Robotic-System\trunk\Workspaces\MultiWorkSpaces_2021\0_lpc_chip_175x_6x\libs\libusbd_175x_6x_lib.a(mw_usbd_cdcuser.o)
                0x00013f44                mwCDC_ep0_hdlr
 .text.mwCDC_GetRequest
                0x00013ff4       0x50 D:\Developpement_Robot\Robotic-System\trunk\Workspaces\MultiWorkSpaces_2021\0_lpc_chip_175x_6x\libs\libusbd_175x_6x_lib.a(mw_usbd_cdcuser.o)
                0x00013ff4                mwCDC_GetRequest
 .text.mwCDC_SendNotification
                0x00014044       0x50 D:\Developpement_Robot\Robotic-System\trunk\Workspaces\MultiWorkSpaces_2021\0_lpc_chip_175x_6x\libs\libusbd_175x_6x_lib.a(mw_usbd_cdcuser.o)
                0x00014044                mwCDC_SendNotification
 .text.mwCDC_GetMemSize
                0x00014094        0x4 D:\Developpement_Robot\Robotic-System\trunk\Workspaces\MultiWorkSpaces_2021\0_lpc_chip_175x_6x\libs\libusbd_175x_6x_lib.a(mw_usbd_cdcuser.o)
                0x00014094                mwCDC_GetMemSize
 .text.mwCDC_init
                0x00014098      0x140 D:\Developpement_Robot\Robotic-System\trunk\Workspaces\MultiWorkSpaces_2021\0_lpc_chip_175x_6x\libs\libusbd_175x_6x_lib.a(mw_usbd_cdcuser.o)
                0x00014098                mwCDC_init
 .text.USB_ReqGetConfiguration
                0x000141d8       0x20 D:\Developpement_Robot\Robotic-System\trunk\Workspaces\MultiWorkSpaces_2021\0_lpc_chip_175x_6x\libs\libusbd_175x_6x_lib.a(mw_usbd_core.o)
                0x000141d8                USB_ReqGetConfiguration
 .text.USBD_virt_to_phys
                0x000141f8        0x2 D:\Developpement_Robot\Robotic-System\trunk\Workspaces\MultiWorkSpaces_2021\0_lpc_chip_175x_6x\libs\libusbd_175x_6x_lib.a(mw_usbd_core.o)
                0x000141f8                USBD_virt_to_phys
 .text.USBD_cache_flush
                0x000141fa        0x2 D:\Developpement_Robot\Robotic-System\trunk\Workspaces\MultiWorkSpaces_2021\0_lpc_chip_175x_6x\libs\libusbd_175x_6x_lib.a(mw_usbd_core.o)
                0x000141fa                USBD_cache_flush
 .text.USB_ReqGetStatus
                0x000141fc       0x8c D:\Developpement_Robot\Robotic-System\trunk\Workspaces\MultiWorkSpaces_2021\0_lpc_chip_175x_6x\libs\libusbd_175x_6x_lib.a(mw_usbd_core.o)
                0x000141fc                USB_ReqGetStatus
 .text.USB_ReqGetDescriptor
                0x00014288       0x84 D:\Developpement_Robot\Robotic-System\trunk\Workspaces\MultiWorkSpaces_2021\0_lpc_chip_175x_6x\libs\libusbd_175x_6x_lib.a(mw_usbd_core.o)
                0x00014288                USB_ReqGetDescriptor
 .text.USB_ReqGetInterface
                0x0001430c       0x34 D:\Developpement_Robot\Robotic-System\trunk\Workspaces\MultiWorkSpaces_2021\0_lpc_chip_175x_6x\libs\libusbd_175x_6x_lib.a(mw_usbd_core.o)
                0x0001430c                USB_ReqGetInterface
 .text.USB_ReqSetClrFeature
                0x00014340       0xb4 D:\Developpement_Robot\Robotic-System\trunk\Workspaces\MultiWorkSpaces_2021\0_lpc_chip_175x_6x\libs\libusbd_175x_6x_lib.a(mw_usbd_core.o)
                0x00014340                USB_ReqSetClrFeature
 .text.USB_ReqSetConfiguration
                0x000143f4      0x194 D:\Developpement_Robot\Robotic-System\trunk\Workspaces\MultiWorkSpaces_2021\0_lpc_chip_175x_6x\libs\libusbd_175x_6x_lib.a(mw_usbd_core.o)
                0x000143f4                USB_ReqSetConfiguration
 .text.USB_ReqSetInterface
                0x00014588      0x144 D:\Developpement_Robot\Robotic-System\trunk\Workspaces\MultiWorkSpaces_2021\0_lpc_chip_175x_6x\libs\libusbd_175x_6x_lib.a(mw_usbd_core.o)
                0x00014588                USB_ReqSetInterface
 .text.mwUSB_SetupStage
                0x000146cc        0xa D:\Developpement_Robot\Robotic-System\trunk\Workspaces\MultiWorkSpaces_2021\0_lpc_chip_175x_6x\libs\libusbd_175x_6x_lib.a(mw_usbd_core.o)
                0x000146cc                mwUSB_SetupStage
 .text.mwUSB_DataInStage
                0x000146d6       0x2e D:\Developpement_Robot\Robotic-System\trunk\Workspaces\MultiWorkSpaces_2021\0_lpc_chip_175x_6x\libs\libusbd_175x_6x_lib.a(mw_usbd_core.o)
                0x000146d6                mwUSB_DataInStage
 .text.mwUSB_DataOutStage
                0x00014704       0x24 D:\Developpement_Robot\Robotic-System\trunk\Workspaces\MultiWorkSpaces_2021\0_lpc_chip_175x_6x\libs\libusbd_175x_6x_lib.a(mw_usbd_core.o)
                0x00014704                mwUSB_DataOutStage
 .text.mwUSB_StatusInStage
                0x00014728        0xa D:\Developpement_Robot\Robotic-System\trunk\Workspaces\MultiWorkSpaces_2021\0_lpc_chip_175x_6x\libs\libusbd_175x_6x_lib.a(mw_usbd_core.o)
                0x00014728                mwUSB_StatusInStage
 .text.mwUSB_StatusOutStage
                0x00014732        0xa D:\Developpement_Robot\Robotic-System\trunk\Workspaces\MultiWorkSpaces_2021\0_lpc_chip_175x_6x\libs\libusbd_175x_6x_lib.a(mw_usbd_core.o)
                0x00014732                mwUSB_StatusOutStage
 .text.mwUSB_StallEp0
                0x0001473c       0x12 D:\Developpement_Robot\Robotic-System\trunk\Workspaces\MultiWorkSpaces_2021\0_lpc_chip_175x_6x\libs\libusbd_175x_6x_lib.a(mw_usbd_core.o)
                0x0001473c                mwUSB_StallEp0
 *fill*         0x0001474e        0x2 ff
 .text.USB_ReqSetAddress
                0x00014750       0x24 D:\Developpement_Robot\Robotic-System\trunk\Workspaces\MultiWorkSpaces_2021\0_lpc_chip_175x_6x\libs\libusbd_175x_6x_lib.a(mw_usbd_core.o)
                0x00014750                USB_ReqSetAddress
 .text.USB_InvokeEp0Hdlrs
                0x00014774       0x44 D:\Developpement_Robot\Robotic-System\trunk\Workspaces\MultiWorkSpaces_2021\0_lpc_chip_175x_6x\libs\libusbd_175x_6x_lib.a(mw_usbd_core.o)
                0x00014774                USB_InvokeEp0Hdlrs
 .text.mwUSB_ResetCore
                0x000147b8       0x26 D:\Developpement_Robot\Robotic-System\trunk\Workspaces\MultiWorkSpaces_2021\0_lpc_chip_175x_6x\libs\libusbd_175x_6x_lib.a(mw_usbd_core.o)
                0x000147b8                mwUSB_ResetCore
 *fill*         0x000147de        0x2 ff
 .text.USB_EvtSetupHandler
                0x000147e0      0x108 D:\Developpement_Robot\Robotic-System\trunk\Workspaces\MultiWorkSpaces_2021\0_lpc_chip_175x_6x\libs\libusbd_175x_6x_lib.a(mw_usbd_core.o)
                0x000147e0                USB_EvtSetupHandler
 .text.USB_EvtOutHandler
                0x000148e8       0x68 D:\Developpement_Robot\Robotic-System\trunk\Workspaces\MultiWorkSpaces_2021\0_lpc_chip_175x_6x\libs\libusbd_175x_6x_lib.a(mw_usbd_core.o)
                0x000148e8                USB_EvtOutHandler
 .text.USB_EndPoint0
                0x00014950       0x94 D:\Developpement_Robot\Robotic-System\trunk\Workspaces\MultiWorkSpaces_2021\0_lpc_chip_175x_6x\libs\libusbd_175x_6x_lib.a(mw_usbd_core.o)
                0x00014950                USB_EndPoint0
 .text.mwUSB_InitCore
                0x000149e4       0xdc D:\Developpement_Robot\Robotic-System\trunk\Workspaces\MultiWorkSpaces_2021\0_lpc_chip_175x_6x\libs\libusbd_175x_6x_lib.a(mw_usbd_core.o)
                0x000149e4                mwUSB_InitCore
 .text.mwUSB_RegisterClassHandler
                0x00014ac0       0x28 D:\Developpement_Robot\Robotic-System\trunk\Workspaces\MultiWorkSpaces_2021\0_lpc_chip_175x_6x\libs\libusbd_175x_6x_lib.a(mw_usbd_core.o)
                0x00014ac0                mwUSB_RegisterClassHandler
 .text.mwUSB_RegisterEpHandler
                0x00014ae8       0x24 D:\Developpement_Robot\Robotic-System\trunk\Workspaces\MultiWorkSpaces_2021\0_lpc_chip_175x_6x\libs\libusbd_175x_6x_lib.a(mw_usbd_core.o)
                0x00014ae8                mwUSB_RegisterEpHandler
 .text          0x00014b0c      0x378 c:/nxp/mcuxpressoide_11.2.1_4149/ide/plugins/com.nxp.mcuxpresso.tools.win32_11.2.0.202008311134/tools/bin/../lib/gcc/arm-none-eabi/9.2.1/thumb/v7-m/nofp\libgcc.a(_arm_addsubdf3.o)
                0x00014b0c                __aeabi_drsub
                0x00014b14                __aeabi_dsub
                0x00014b14                __subdf3
                0x00014b18                __aeabi_dadd
                0x00014b18                __adddf3
                0x00014d90                __floatunsidf
                0x00014d90                __aeabi_ui2d
                0x00014db0                __floatsidf
                0x00014db0                __aeabi_i2d
                0x00014dd4                __aeabi_f2d
                0x00014dd4                __extendsfdf2
                0x00014e18                __floatundidf
                0x00014e18                __aeabi_ul2d
                0x00014e28                __floatdidf
                0x00014e28                __aeabi_l2d
 .text.memcpy   0x00014e84       0x1c c:/nxp/mcuxpressoide_11.2.1_4149/ide/plugins/com.nxp.mcuxpresso.tools.win32_11.2.0.202008311134/tools/bin/../lib/gcc/arm-none-eabi/9.2.1/../../../../arm-none-eabi/lib/thumb/v7-m/nofp\libc_nano.a(lib_a-memcpy-stub.o)
                0x00014e84                memcpy
 .text.memset   0x00014ea0       0x10 c:/nxp/mcuxpressoide_11.2.1_4149/ide/plugins/com.nxp.mcuxpresso.tools.win32_11.2.0.202008311134/tools/bin/../lib/gcc/arm-none-eabi/9.2.1/../../../../arm-none-eabi/lib/thumb/v7-m/nofp\libc_nano.a(lib_a-memset.o)
                0x00014ea0                memset
 .text.__cvt    0x00014eb0       0xbe c:/nxp/mcuxpressoide_11.2.1_4149/ide/plugins/com.nxp.mcuxpresso.tools.win32_11.2.0.202008311134/tools/bin/../lib/gcc/arm-none-eabi/9.2.1/../../../../arm-none-eabi/lib/thumb/v7-m/nofp\libc_nano.a(lib_a-nano-vfprintf_float.o)
                0x00014eb0                __cvt
 .text.__exponent
                0x00014f6e       0x7c c:/nxp/mcuxpressoide_11.2.1_4149/ide/plugins/com.nxp.mcuxpresso.tools.win32_11.2.0.202008311134/tools/bin/../lib/gcc/arm-none-eabi/9.2.1/../../../../arm-none-eabi/lib/thumb/v7-m/nofp\libc_nano.a(lib_a-nano-vfprintf_float.o)
                0x00014f6e                __exponent
 *fill*         0x00014fea        0x2 ff
 .text._printf_float
                0x00014fec      0x458 c:/nxp/mcuxpressoide_11.2.1_4149/ide/plugins/com.nxp.mcuxpresso.tools.win32_11.2.0.202008311134/tools/bin/../lib/gcc/arm-none-eabi/9.2.1/../../../../arm-none-eabi/lib/thumb/v7-m/nofp\libc_nano.a(lib_a-nano-vfprintf_float.o)
                0x00014fec                _printf_float
 .text._printf_common
                0x00015444       0xde c:/nxp/mcuxpressoide_11.2.1_4149/ide/plugins/com.nxp.mcuxpresso.tools.win32_11.2.0.202008311134/tools/bin/../lib/gcc/arm-none-eabi/9.2.1/../../../../arm-none-eabi/lib/thumb/v7-m/nofp\libc_nano.a(lib_a-nano-vfprintf_i.o)
                0x00015444                _printf_common
 *fill*         0x00015522        0x2 ff
 .text._printf_i
                0x00015524      0x24c c:/nxp/mcuxpressoide_11.2.1_4149/ide/plugins/com.nxp.mcuxpresso.tools.win32_11.2.0.202008311134/tools/bin/../lib/gcc/arm-none-eabi/9.2.1/../../../../arm-none-eabi/lib/thumb/v7-m/nofp\libc_nano.a(lib_a-nano-vfprintf_i.o)
                0x00015524                _printf_i
 .text.sprintf  0x00015770       0x40 c:/nxp/mcuxpressoide_11.2.1_4149/ide/plugins/com.nxp.mcuxpresso.tools.win32_11.2.0.202008311134/tools/bin/../lib/gcc/arm-none-eabi/9.2.1/../../../../arm-none-eabi/lib/thumb/v7-m/nofp\libc_nano.a(lib_a-sprintf.o)
                0x00015770                siprintf
                0x00015770                sprintf
 .text          0x000157b0       0x10 c:/nxp/mcuxpressoide_11.2.1_4149/ide/plugins/com.nxp.mcuxpresso.tools.win32_11.2.0.202008311134/tools/bin/../lib/gcc/arm-none-eabi/9.2.1/../../../../arm-none-eabi/lib/thumb/v7-m/nofp\libc_nano.a(lib_a-strlen.o)
                0x000157b0                strlen
 .text.quorem   0x000157c0      0x11a c:/nxp/mcuxpressoide_11.2.1_4149/ide/plugins/com.nxp.mcuxpresso.tools.win32_11.2.0.202008311134/tools/bin/../lib/gcc/arm-none-eabi/9.2.1/../../../../arm-none-eabi/lib/thumb/v7-m/nofp\libc_nano.a(lib_a-dtoa.o)
 *fill*         0x000158da        0x6 ff
 .text._dtoa_r  0x000158e0      0xba4 c:/nxp/mcuxpressoide_11.2.1_4149/ide/plugins/com.nxp.mcuxpresso.tools.win32_11.2.0.202008311134/tools/bin/../lib/gcc/arm-none-eabi/9.2.1/../../../../arm-none-eabi/lib/thumb/v7-m/nofp\libc_nano.a(lib_a-dtoa.o)
                0x000158e0                _dtoa_r
 .text._localeconv_r
                0x00016484        0x8 c:/nxp/mcuxpressoide_11.2.1_4149/ide/plugins/com.nxp.mcuxpresso.tools.win32_11.2.0.202008311134/tools/bin/../lib/gcc/arm-none-eabi/9.2.1/../../../../arm-none-eabi/lib/thumb/v7-m/nofp\libc_nano.a(lib_a-localeconv.o)
                0x00016484                _localeconv_r
 .text.malloc   0x0001648c       0x10 c:/nxp/mcuxpressoide_11.2.1_4149/ide/plugins/com.nxp.mcuxpresso.tools.win32_11.2.0.202008311134/tools/bin/../lib/gcc/arm-none-eabi/9.2.1/../../../../arm-none-eabi/lib/thumb/v7-m/nofp\libc_nano.a(lib_a-malloc.o)
                0x0001648c                malloc
 .text.memchr   0x0001649c       0x1c c:/nxp/mcuxpressoide_11.2.1_4149/ide/plugins/com.nxp.mcuxpresso.tools.win32_11.2.0.202008311134/tools/bin/../lib/gcc/arm-none-eabi/9.2.1/../../../../arm-none-eabi/lib/thumb/v7-m/nofp\libc_nano.a(lib_a-memchr-stub.o)
                0x0001649c                memchr
 .text._Balloc  0x000164b8       0x68 c:/nxp/mcuxpressoide_11.2.1_4149/ide/plugins/com.nxp.mcuxpresso.tools.win32_11.2.0.202008311134/tools/bin/../lib/gcc/arm-none-eabi/9.2.1/../../../../arm-none-eabi/lib/thumb/v7-m/nofp\libc_nano.a(lib_a-mprec.o)
                0x000164b8                _Balloc
 .text._Bfree   0x00016520       0x2e c:/nxp/mcuxpressoide_11.2.1_4149/ide/plugins/com.nxp.mcuxpresso.tools.win32_11.2.0.202008311134/tools/bin/../lib/gcc/arm-none-eabi/9.2.1/../../../../arm-none-eabi/lib/thumb/v7-m/nofp\libc_nano.a(lib_a-mprec.o)
                0x00016520                _Bfree
 .text.__multadd
                0x0001654e       0x7c c:/nxp/mcuxpressoide_11.2.1_4149/ide/plugins/com.nxp.mcuxpresso.tools.win32_11.2.0.202008311134/tools/bin/../lib/gcc/arm-none-eabi/9.2.1/../../../../arm-none-eabi/lib/thumb/v7-m/nofp\libc_nano.a(lib_a-mprec.o)
                0x0001654e                __multadd
 .text.__hi0bits
                0x000165ca       0x40 c:/nxp/mcuxpressoide_11.2.1_4149/ide/plugins/com.nxp.mcuxpresso.tools.win32_11.2.0.202008311134/tools/bin/../lib/gcc/arm-none-eabi/9.2.1/../../../../arm-none-eabi/lib/thumb/v7-m/nofp\libc_nano.a(lib_a-mprec.o)
                0x000165ca                __hi0bits
 .text.__lo0bits
                0x0001660a       0x5c c:/nxp/mcuxpressoide_11.2.1_4149/ide/plugins/com.nxp.mcuxpresso.tools.win32_11.2.0.202008311134/tools/bin/../lib/gcc/arm-none-eabi/9.2.1/../../../../arm-none-eabi/lib/thumb/v7-m/nofp\libc_nano.a(lib_a-mprec.o)
                0x0001660a                __lo0bits
 .text.__i2b    0x00016666       0x12 c:/nxp/mcuxpressoide_11.2.1_4149/ide/plugins/com.nxp.mcuxpresso.tools.win32_11.2.0.202008311134/tools/bin/../lib/gcc/arm-none-eabi/9.2.1/../../../../arm-none-eabi/lib/thumb/v7-m/nofp\libc_nano.a(lib_a-mprec.o)
                0x00016666                __i2b
 .text.__multiply
                0x00016678      0x136 c:/nxp/mcuxpressoide_11.2.1_4149/ide/plugins/com.nxp.mcuxpresso.tools.win32_11.2.0.202008311134/tools/bin/../lib/gcc/arm-none-eabi/9.2.1/../../../../arm-none-eabi/lib/thumb/v7-m/nofp\libc_nano.a(lib_a-mprec.o)
                0x00016678                __multiply
 *fill*         0x000167ae        0x2 ff
 .text.__pow5mult
                0x000167b0       0x9c c:/nxp/mcuxpressoide_11.2.1_4149/ide/plugins/com.nxp.mcuxpresso.tools.win32_11.2.0.202008311134/tools/bin/../lib/gcc/arm-none-eabi/9.2.1/../../../../arm-none-eabi/lib/thumb/v7-m/nofp\libc_nano.a(lib_a-mprec.o)
                0x000167b0                __pow5mult
 .text.__lshift
                0x0001684c       0xbe c:/nxp/mcuxpressoide_11.2.1_4149/ide/plugins/com.nxp.mcuxpresso.tools.win32_11.2.0.202008311134/tools/bin/../lib/gcc/arm-none-eabi/9.2.1/../../../../arm-none-eabi/lib/thumb/v7-m/nofp\libc_nano.a(lib_a-mprec.o)
                0x0001684c                __lshift
 .text.__mcmp   0x0001690a       0x36 c:/nxp/mcuxpressoide_11.2.1_4149/ide/plugins/com.nxp.mcuxpresso.tools.win32_11.2.0.202008311134/tools/bin/../lib/gcc/arm-none-eabi/9.2.1/../../../../arm-none-eabi/lib/thumb/v7-m/nofp\libc_nano.a(lib_a-mprec.o)
                0x0001690a                __mcmp
 .text.__mdiff  0x00016940       0xf8 c:/nxp/mcuxpressoide_11.2.1_4149/ide/plugins/com.nxp.mcuxpresso.tools.win32_11.2.0.202008311134/tools/bin/../lib/gcc/arm-none-eabi/9.2.1/../../../../arm-none-eabi/lib/thumb/v7-m/nofp\libc_nano.a(lib_a-mprec.o)
                0x00016940                __mdiff
 .text.__d2b    0x00016a38       0x9e c:/nxp/mcuxpressoide_11.2.1_4149/ide/plugins/com.nxp.mcuxpresso.tools.win32_11.2.0.202008311134/tools/bin/../lib/gcc/arm-none-eabi/9.2.1/../../../../arm-none-eabi/lib/thumb/v7-m/nofp\libc_nano.a(lib_a-mprec.o)
                0x00016a38                __d2b
 .text._calloc_r
                0x00016ad6       0x1c c:/nxp/mcuxpressoide_11.2.1_4149/ide/plugins/com.nxp.mcuxpresso.tools.win32_11.2.0.202008311134/tools/bin/../lib/gcc/arm-none-eabi/9.2.1/../../../../arm-none-eabi/lib/thumb/v7-m/nofp\libc_nano.a(lib_a-nano-callocr.o)
                0x00016ad6                _calloc_r
 *fill*         0x00016af2        0x2 ff
 .text._free_r  0x00016af4       0x98 c:/nxp/mcuxpressoide_11.2.1_4149/ide/plugins/com.nxp.mcuxpresso.tools.win32_11.2.0.202008311134/tools/bin/../lib/gcc/arm-none-eabi/9.2.1/../../../../arm-none-eabi/lib/thumb/v7-m/nofp\libc_nano.a(lib_a-nano-freer.o)
                0x00016af4                _free_r
 .text._malloc_r
                0x00016b8c       0xb4 c:/nxp/mcuxpressoide_11.2.1_4149/ide/plugins/com.nxp.mcuxpresso.tools.win32_11.2.0.202008311134/tools/bin/../lib/gcc/arm-none-eabi/9.2.1/../../../../arm-none-eabi/lib/thumb/v7-m/nofp\libc_nano.a(lib_a-nano-mallocr.o)
                0x00016b8c                _malloc_r
 .text.__ssputs_r
                0x00016c40       0xb6 c:/nxp/mcuxpressoide_11.2.1_4149/ide/plugins/com.nxp.mcuxpresso.tools.win32_11.2.0.202008311134/tools/bin/../lib/gcc/arm-none-eabi/9.2.1/../../../../arm-none-eabi/lib/thumb/v7-m/nofp\libc_nano.a(lib_a-nano-svfprintf.o)
                0x00016c40                __ssputs_r
 *fill*         0x00016cf6        0x2 ff
 .text._svfprintf_r
                0x00016cf8      0x200 c:/nxp/mcuxpressoide_11.2.1_4149/ide/plugins/com.nxp.mcuxpresso.tools.win32_11.2.0.202008311134/tools/bin/../lib/gcc/arm-none-eabi/9.2.1/../../../../arm-none-eabi/lib/thumb/v7-m/nofp\libc_nano.a(lib_a-nano-svfprintf.o)
                0x00016cf8                _svfiprintf_r
                0x00016cf8                _svfprintf_r
 .text._sbrk_r  0x00016ef8       0x20 c:/nxp/mcuxpressoide_11.2.1_4149/ide/plugins/com.nxp.mcuxpresso.tools.win32_11.2.0.202008311134/tools/bin/../lib/gcc/arm-none-eabi/9.2.1/../../../../arm-none-eabi/lib/thumb/v7-m/nofp\libc_nano.a(lib_a-sbrkr.o)
                0x00016ef8                _sbrk_r
 .text.__ascii_mbtowc
                0x00016f18       0x24 c:/nxp/mcuxpressoide_11.2.1_4149/ide/plugins/com.nxp.mcuxpresso.tools.win32_11.2.0.202008311134/tools/bin/../lib/gcc/arm-none-eabi/9.2.1/../../../../arm-none-eabi/lib/thumb/v7-m/nofp\libc_nano.a(lib_a-mbtowc_r.o)
                0x00016f18                __ascii_mbtowc
 .text.memmove  0x00016f3c       0x34 c:/nxp/mcuxpressoide_11.2.1_4149/ide/plugins/com.nxp.mcuxpresso.tools.win32_11.2.0.202008311134/tools/bin/../lib/gcc/arm-none-eabi/9.2.1/../../../../arm-none-eabi/lib/thumb/v7-m/nofp\libc_nano.a(lib_a-memmove.o)
                0x00016f3c                memmove
 .text.__malloc_lock
                0x00016f70        0xc c:/nxp/mcuxpressoide_11.2.1_4149/ide/plugins/com.nxp.mcuxpresso.tools.win32_11.2.0.202008311134/tools/bin/../lib/gcc/arm-none-eabi/9.2.1/../../../../arm-none-eabi/lib/thumb/v7-m/nofp\libc_nano.a(lib_a-mlock.o)
                0x00016f70                __malloc_lock
 .text.__malloc_unlock
                0x00016f7c        0xc c:/nxp/mcuxpressoide_11.2.1_4149/ide/plugins/com.nxp.mcuxpresso.tools.win32_11.2.0.202008311134/tools/bin/../lib/gcc/arm-none-eabi/9.2.1/../../../../arm-none-eabi/lib/thumb/v7-m/nofp\libc_nano.a(lib_a-mlock.o)
                0x00016f7c                __malloc_unlock
 .text._realloc_r
                0x00016f88       0x4c c:/nxp/mcuxpressoide_11.2.1_4149/ide/plugins/com.nxp.mcuxpresso.tools.win32_11.2.0.202008311134/tools/bin/../lib/gcc/arm-none-eabi/9.2.1/../../../../arm-none-eabi/lib/thumb/v7-m/nofp\libc_nano.a(lib_a-nano-reallocr.o)
                0x00016f88                _realloc_r
 .text.__ascii_wctomb
                0x00016fd4       0x1a c:/nxp/mcuxpressoide_11.2.1_4149/ide/plugins/com.nxp.mcuxpresso.tools.win32_11.2.0.202008311134/tools/bin/../lib/gcc/arm-none-eabi/9.2.1/../../../../arm-none-eabi/lib/thumb/v7-m/nofp\libc_nano.a(lib_a-wctomb_r.o)
                0x00016fd4                __ascii_wctomb
 .text.__retarget_lock_acquire_recursive
                0x00016fee        0x2 c:/nxp/mcuxpressoide_11.2.1_4149/ide/plugins/com.nxp.mcuxpresso.tools.win32_11.2.0.202008311134/tools/bin/../lib/gcc/arm-none-eabi/9.2.1/../../../../arm-none-eabi/lib/thumb/v7-m/nofp\libc_nano.a(lib_a-lock.o)
                0x00016fee                __retarget_lock_acquire_recursive
 .text.__retarget_lock_release_recursive
                0x00016ff0        0x2 c:/nxp/mcuxpressoide_11.2.1_4149/ide/plugins/com.nxp.mcuxpresso.tools.win32_11.2.0.202008311134/tools/bin/../lib/gcc/arm-none-eabi/9.2.1/../../../../arm-none-eabi/lib/thumb/v7-m/nofp\libc_nano.a(lib_a-lock.o)
                0x00016ff0                __retarget_lock_release_recursive
 .text._malloc_usable_size_r
                0x00016ff2       0x10 c:/nxp/mcuxpressoide_11.2.1_4149/ide/plugins/com.nxp.mcuxpresso.tools.win32_11.2.0.202008311134/tools/bin/../lib/gcc/arm-none-eabi/9.2.1/../../../../arm-none-eabi/lib/thumb/v7-m/nofp\libc_nano.a(lib_a-nano-msizer.o)
                0x00016ff2                _malloc_usable_size_r
 *fill*         0x00017002        0x2 ff
 .text._sbrk    0x00017004       0x3c c:/nxp/mcuxpressoide_11.2.1_4149/ide/plugins/com.nxp.mcuxpresso.tools.win32_11.2.0.202008311134/tools/bin/../lib/gcc/arm-none-eabi/9.2.1/../../../../arm-none-eabi/lib/thumb/v7-m/nofp\libcr_newlib_none.a(_cr_sbrk.o)
                0x00017004                _sbrk
 .text.__check_heap_overflow
                0x00017040       0x14 c:/nxp/mcuxpressoide_11.2.1_4149/ide/plugins/com.nxp.mcuxpresso.tools.win32_11.2.0.202008311134/tools/bin/../lib/gcc/arm-none-eabi/9.2.1/../../../../arm-none-eabi/lib/thumb/v7-m/nofp\libcr_newlib_none.a(_cr_check_heap.o)
                0x00017040                __check_heap_overflow
 .text          0x00017054      0x424 c:/nxp/mcuxpressoide_11.2.1_4149/ide/plugins/com.nxp.mcuxpresso.tools.win32_11.2.0.202008311134/tools/bin/../lib/gcc/arm-none-eabi/9.2.1/thumb/v7-m/nofp\libgcc.a(_arm_muldivdf3.o)
                0x00017054                __aeabi_dmul
                0x00017054                __muldf3
                0x000172a8                __divdf3
                0x000172a8                __aeabi_ddiv
 .text          0x00017478      0x110 c:/nxp/mcuxpressoide_11.2.1_4149/ide/plugins/com.nxp.mcuxpresso.tools.win32_11.2.0.202008311134/tools/bin/../lib/gcc/arm-none-eabi/9.2.1/thumb/v7-m/nofp\libgcc.a(_arm_cmpdf2.o)
                0x00017478                __gtdf2
                0x00017478                __gedf2
                0x00017480                __ltdf2
                0x00017480                __ledf2
                0x00017488                __nedf2
                0x00017488                __eqdf2
                0x00017488                __cmpdf2
                0x00017504                __aeabi_cdrcmple
                0x00017514                __aeabi_cdcmpeq
                0x00017514                __aeabi_cdcmple
                0x00017524                __aeabi_dcmpeq
                0x00017538                __aeabi_dcmplt
                0x0001754c                __aeabi_dcmple
                0x00017560                __aeabi_dcmpge
                0x00017574                __aeabi_dcmpgt
 .text          0x00017588       0x2c c:/nxp/mcuxpressoide_11.2.1_4149/ide/plugins/com.nxp.mcuxpresso.tools.win32_11.2.0.202008311134/tools/bin/../lib/gcc/arm-none-eabi/9.2.1/thumb/v7-m/nofp\libgcc.a(_arm_unorddf2.o)
                0x00017588                __unorddf2
                0x00017588                __aeabi_dcmpun
 .text          0x000175b4       0x50 c:/nxp/mcuxpressoide_11.2.1_4149/ide/plugins/com.nxp.mcuxpresso.tools.win32_11.2.0.202008311134/tools/bin/../lib/gcc/arm-none-eabi/9.2.1/thumb/v7-m/nofp\libgcc.a(_arm_fixdfsi.o)
                0x000175b4                __aeabi_d2iz
                0x000175b4                __fixdfsi
 .text.__errno  0x00017604        0xc c:/nxp/mcuxpressoide_11.2.1_4149/ide/plugins/com.nxp.mcuxpresso.tools.win32_11.2.0.202008311134/tools/bin/../lib/gcc/arm-none-eabi/9.2.1/../../../../arm-none-eabi/lib/thumb/v7-m/nofp\libc_nano.a(lib_a-errno.o)
                0x00017604                __errno
 *(.rodata .rodata.* .constdata .constdata.*)
 .rodata        0x00017610        0xf ./src/IA_2021_V0.o
 *fill*         0x0001761f        0x1 ff
 .rodata        0x00017620        0xf ./src/Init.o
 *fill*         0x0001762f        0x1 ff
 .rodata        0x00017630       0x29 ./freertos/src/FreeRTOSCommonHooks.o
 *fill*         0x00017659        0x3 ff
 .rodata.vTaskStartScheduler.str1.4
                0x0001765c        0x5 ./freertos/src/tasks.o
 *fill*         0x00017661        0x3 ff
 .rodata.prvCheckForValidListAndQueue.str1.4
                0x00017664        0x5 ./freertos/src/timers.o
 *fill*         0x00017669        0x3 ff
 .rodata.xTimerCreateTimerTask.str1.4
                0x0001766c        0x8 ./freertos/src/timers.o
 .rodata        0x00017674       0x8b ./Strategie/Strategie.o
 *fill*         0x000176ff        0x1 ff
 .rodata.g_usbApi
                0x00017700       0x20 ./Communication/USB/src/cdc_usb_main.o
 .rodata        0x00017720       0x25 ./Communication/0_Communication.o
 *fill*         0x00017745        0x3 ff
 .rodata        0x00017748       0x11 ./Communication/1_Trame_Communication.o
 *fill*         0x00017759        0x3 ff
 .rodata        0x0001775c       0xbd ./Communication/2_Echange_Datas.o
 *fill*         0x00017819        0x3 ff
 .rodata        0x0001781c       0x2b ./Communication/2_Echange_Datas_Reception.o
 *fill*         0x00017847        0x1 ff
 .rodata.MainOscPLL0conf_12
                0x00017848       0xf0 D:\Developpement_Robot\Robotic-System\trunk\Workspaces\MultiWorkSpaces_2021\0_lpc_chip_175x_6x\Release\lib0_lpc_chip_175x_6x.a(sysinit_17xx_40xx.o)
 .rodata.MainOscPLL0conf_16
                0x00017938       0xb0 D:\Developpement_Robot\Robotic-System\trunk\Workspaces\MultiWorkSpaces_2021\0_lpc_chip_175x_6x\Release\lib0_lpc_chip_175x_6x.a(sysinit_17xx_40xx.o)
 .rodata.RTCOscRateIn
                0x000179e8        0x4 D:\Developpement_Robot\Robotic-System\trunk\Workspaces\MultiWorkSpaces_2021\0_lpc_board_nxp_lpcxpresso_1769\Release\lib0_lpc_board_nxp_lpcxpresso_1769.a(board.o)
                0x000179e8                RTCOscRateIn
 .rodata.hw_api
                0x000179ec       0x5c D:\Developpement_Robot\Robotic-System\trunk\Workspaces\MultiWorkSpaces_2021\0_lpc_chip_175x_6x\libs\libusbd_175x_6x_lib.a(mw_usbd_rom_api.o)
                0x000179ec                hw_api
 .rodata.core_api
                0x00017a48       0x20 D:\Developpement_Robot\Robotic-System\trunk\Workspaces\MultiWorkSpaces_2021\0_lpc_chip_175x_6x\libs\libusbd_175x_6x_lib.a(mw_usbd_rom_api.o)
                0x00017a48                core_api
 .rodata.cdc_api
                0x00017a68        0xc D:\Developpement_Robot\Robotic-System\trunk\Workspaces\MultiWorkSpaces_2021\0_lpc_chip_175x_6x\libs\libusbd_175x_6x_lib.a(mw_usbd_rom_api.o)
                0x00017a68                cdc_api
 .rodata._printf_float.str1.1
                0x00017a74       0x12 c:/nxp/mcuxpressoide_11.2.1_4149/ide/plugins/com.nxp.mcuxpresso.tools.win32_11.2.0.202008311134/tools/bin/../lib/gcc/arm-none-eabi/9.2.1/../../../../arm-none-eabi/lib/thumb/v7-m/nofp\libc_nano.a(lib_a-nano-vfprintf_float.o)
 .rodata._printf_i.str1.1
                0x00017a86       0x22 c:/nxp/mcuxpressoide_11.2.1_4149/ide/plugins/com.nxp.mcuxpresso.tools.win32_11.2.0.202008311134/tools/bin/../lib/gcc/arm-none-eabi/9.2.1/../../../../arm-none-eabi/lib/thumb/v7-m/nofp\libc_nano.a(lib_a-nano-vfprintf_i.o)
 .rodata._dtoa_r.str1.1
                0x00017aa8        0xd c:/nxp/mcuxpressoide_11.2.1_4149/ide/plugins/com.nxp.mcuxpresso.tools.win32_11.2.0.202008311134/tools/bin/../lib/gcc/arm-none-eabi/9.2.1/../../../../arm-none-eabi/lib/thumb/v7-m/nofp\libc_nano.a(lib_a-dtoa.o)
                                  0xf (size before relaxing)
 *fill*         0x00017ab5        0x3 ff
 .rodata.__mprec_bigtens
                0x00017ab8       0x28 c:/nxp/mcuxpressoide_11.2.1_4149/ide/plugins/com.nxp.mcuxpresso.tools.win32_11.2.0.202008311134/tools/bin/../lib/gcc/arm-none-eabi/9.2.1/../../../../arm-none-eabi/lib/thumb/v7-m/nofp\libc_nano.a(lib_a-mprec.o)
                0x00017ab8                __mprec_bigtens
 .rodata.__mprec_tens
                0x00017ae0       0xc8 c:/nxp/mcuxpressoide_11.2.1_4149/ide/plugins/com.nxp.mcuxpresso.tools.win32_11.2.0.202008311134/tools/bin/../lib/gcc/arm-none-eabi/9.2.1/../../../../arm-none-eabi/lib/thumb/v7-m/nofp\libc_nano.a(lib_a-mprec.o)
                0x00017ae0                __mprec_tens
 .rodata.p05.6127
                0x00017ba8        0xc c:/nxp/mcuxpressoide_11.2.1_4149/ide/plugins/com.nxp.mcuxpresso.tools.win32_11.2.0.202008311134/tools/bin/../lib/gcc/arm-none-eabi/9.2.1/../../../../arm-none-eabi/lib/thumb/v7-m/nofp\libc_nano.a(lib_a-mprec.o)
 .rodata._svfprintf_r.str1.1
                0x00017bb4       0x11 c:/nxp/mcuxpressoide_11.2.1_4149/ide/plugins/com.nxp.mcuxpresso.tools.win32_11.2.0.202008311134/tools/bin/../lib/gcc/arm-none-eabi/9.2.1/../../../../arm-none-eabi/lib/thumb/v7-m/nofp\libc_nano.a(lib_a-nano-svfprintf.o)
 .rodata._setlocale_r.str1.1
                0x00017bc5        0x8 c:/nxp/mcuxpressoide_11.2.1_4149/ide/plugins/com.nxp.mcuxpresso.tools.win32_11.2.0.202008311134/tools/bin/../lib/gcc/arm-none-eabi/9.2.1/../../../../arm-none-eabi/lib/thumb/v7-m/nofp\libc_nano.a(lib_a-locale.o)
                                  0x9 (size before relaxing)
 .rodata.str1.1
                0x00017bcd        0x2 c:/nxp/mcuxpressoide_11.2.1_4149/ide/plugins/com.nxp.mcuxpresso.tools.win32_11.2.0.202008311134/tools/bin/../lib/gcc/arm-none-eabi/9.2.1/../../../../arm-none-eabi/lib/thumb/v7-m/nofp\libc_nano.a(lib_a-locale.o)
 .rodata._ctype_
                0x00017bcf      0x101 c:/nxp/mcuxpressoide_11.2.1_4149/ide/plugins/com.nxp.mcuxpresso.tools.win32_11.2.0.202008311134/tools/bin/../lib/gcc/arm-none-eabi/9.2.1/../../../../arm-none-eabi/lib/thumb/v7-m/nofp\libc_nano.a(lib_a-ctype_.o)
                0x00017bcf                _ctype_
                0x00017cd0                . = ALIGN (0x4)

.glue_7         0x00017cd0        0x0
 .glue_7        0x00017cd0        0x0 linker stubs

.glue_7t        0x00017cd0        0x0
 .glue_7t       0x00017cd0        0x0 linker stubs

.vfp11_veneer   0x00017cd0        0x0
 .vfp11_veneer  0x00017cd0        0x0 linker stubs

.v4_bx          0x00017cd0        0x0
 .v4_bx         0x00017cd0        0x0 linker stubs

.iplt           0x00017cd0        0x0
 .iplt          0x00017cd0        0x0 ./src/IA_2021_V0.o

.rel.dyn        0x00017cd0        0x0
 .rel.iplt      0x00017cd0        0x0 ./src/IA_2021_V0.o

.ARM.extab
 *(.ARM.extab* .gnu.linkonce.armextab.*)

.ARM.exidx      0x00017cd0        0x0
                0x00017cd0                __exidx_start = .
 *(.ARM.exidx* .gnu.linkonce.armexidx.*)
                0x00017cd0                __exidx_end = .
                0x00017cd0                _etext = .

.data_RAM2      0x2007c000        0x0 load address 0x00017cd0
 FILL mask 0xff
                [!provide]                PROVIDE (__start_data_RAM2 = .)
                [!provide]                PROVIDE (__start_data_Ram_USB = .)
 *(.ramfunc.$RAM2)
 *(.ramfunc.$Ram_USB)
 *(.data.$RAM2)
 *(.data.$Ram_USB)
 *(.data.$RAM2.*)
 *(.data.$Ram_USB.*)
                0x2007c000                . = ALIGN (0x4)
                [!provide]                PROVIDE (__end_data_RAM2 = .)
                [!provide]                PROVIDE (__end_data_Ram_USB = .)

.data_RAM3      0x2007c800        0x0 load address 0x00017cd0
 FILL mask 0xff
                [!provide]                PROVIDE (__start_data_RAM3 = .)
                [!provide]                PROVIDE (__start_data_RAM3 = .)
 *(.ramfunc.$RAM3)
 *(.ramfunc.$RAM3)
 *(.data.$RAM3)
 *(.data.$RAM3)
 *(.data.$RAM3.*)
 *(.data.$RAM3.*)
                0x2007c800                . = ALIGN (0x4)
                [!provide]                PROVIDE (__end_data_RAM3 = .)
                [!provide]                PROVIDE (__end_data_RAM3 = .)

.uninit_RESERVED
                0x10000000        0x0
                0x10000000                _start_uninit_RESERVED = .
 *(.bss.$RESERVED*)
                0x10000000                . = ALIGN (0x4)
                0x10000000                _end_uninit_RESERVED = .

.data           0x10000000      0x1ec load address 0x00017cd0
 FILL mask 0xff
                0x10000000                _data = .
                [!provide]                PROVIDE (__start_data_RAM = .)
                [!provide]                PROVIDE (__start_data_RamLoc32 = .)
 *(vtable)
 *(.ramfunc*)
 *(CodeQuickAccess)
 *(DataQuickAccess)
 *(RamFunction)
 *(.data*)
 .data.xHeapRegions
                0x10000000       0x10 ./src/IA_2021_V0.o
 .data.uxCriticalNesting
                0x10000010        0x4 ./freertos/src/port.o
 .data.g_pUsbApi
                0x10000014        0x4 ./Communication/USB/src/cdc_usb_main.o
                0x10000014                g_pUsbApi
 .data.OscRateIn
                0x10000018        0x4 D:\Developpement_Robot\Robotic-System\trunk\Workspaces\MultiWorkSpaces_2021\0_lpc_board_nxp_lpcxpresso_1769\Release\lib0_lpc_board_nxp_lpcxpresso_1769.a(board.o)
                0x10000018                OscRateIn
 .data._impure_ptr
                0x1000001c        0x4 c:/nxp/mcuxpressoide_11.2.1_4149/ide/plugins/com.nxp.mcuxpresso.tools.win32_11.2.0.202008311134/tools/bin/../lib/gcc/arm-none-eabi/9.2.1/../../../../arm-none-eabi/lib/thumb/v7-m/nofp\libc_nano.a(lib_a-impure.o)
                0x1000001c                _impure_ptr
 .data.impure_data
                0x10000020       0x60 c:/nxp/mcuxpressoide_11.2.1_4149/ide/plugins/com.nxp.mcuxpresso.tools.win32_11.2.0.202008311134/tools/bin/../lib/gcc/arm-none-eabi/9.2.1/../../../../arm-none-eabi/lib/thumb/v7-m/nofp\libc_nano.a(lib_a-impure.o)
 .data.__global_locale
                0x10000080      0x16c c:/nxp/mcuxpressoide_11.2.1_4149/ide/plugins/com.nxp.mcuxpresso.tools.win32_11.2.0.202008311134/tools/bin/../lib/gcc/arm-none-eabi/9.2.1/../../../../arm-none-eabi/lib/thumb/v7-m/nofp\libc_nano.a(lib_a-locale.o)
                0x10000080                __global_locale
                0x100001ec                . = ALIGN (0x4)
                0x100001ec                _edata = .
                [!provide]                PROVIDE (__end_data_RAM = .)
                [!provide]                PROVIDE (__end_data_RamLoc32 = .)

.igot.plt       0x100001ec        0x0 load address 0x00017ebc
 .igot.plt      0x100001ec        0x0 ./src/IA_2021_V0.o

.bss_RAM2       0x2007c000        0x0
                [!provide]                PROVIDE (__start_bss_RAM2 = .)
                [!provide]                PROVIDE (__start_bss_Ram_USB = .)
 *(.bss.$RAM2)
 *(.bss.$Ram_USB)
 *(.bss.$RAM2.*)
 *(.bss.$Ram_USB.*)
                0x2007c000                . = ALIGN ((. != 0x0)?0x4:0x1)
                [!provide]                PROVIDE (__end_bss_RAM2 = .)
                [!provide]                PROVIDE (__end_bss_Ram_USB = .)

.bss_RAM3       0x2007c800     0x385c
                [!provide]                PROVIDE (__start_bss_RAM3 = .)
                [!provide]                PROVIDE (__start_bss_RAM3 = .)
 *(.bss.$RAM3)
 .bss.$RAM3     0x2007c800      0x19e ./freertos/src/FreeRTOSCommonHooks.o
 *fill*         0x2007c99e        0x2 
 .bss.$RAM3     0x2007c9a0       0xc8 ./Strategie/Strategie_Level0/0_Infos.o
 .bss.$RAM3     0x2007ca68      0x480 ./Communication/0_Communication.o
 .bss.$RAM3     0x2007cee8       0xe3 ./Communication/1_Trame_Communication.o
 *fill*         0x2007cfcb        0x1 
 .bss.$RAM3     0x2007cfcc       0x46 ./Communication/2_Echange_Data_Strategie.o
 *fill*         0x2007d012        0x2 
 .bss.$RAM3     0x2007d014       0x46 ./Communication/2_Echange_Datas.o
 *(.bss.$RAM3)
 *(.bss.$RAM3.*)
 *fill*         0x2007d05a        0x2 
 .bss.$RAM3.    0x2007d05c     0x3000 ./src/IA_2021_V0.o
 *(.bss.$RAM3.*)
                0x2008005c                . = ALIGN ((. != 0x0)?0x4:0x1)
                [!provide]                PROVIDE (__end_bss_RAM3 = .)
                [!provide]                PROVIDE (__end_bss_RAM3 = .)

.bss            0x100001ec      0x5e0
                0x100001ec                _bss = .
                [!provide]                PROVIDE (__start_bss_RAM = .)
                [!provide]                PROVIDE (__start_bss_RamLoc32 = .)
 *(.bss*)
 .bss.pxEnd     0x100001ec        0x4 ./freertos/src/heap_5.o
 .bss.xBlockAllocatedBit
                0x100001f0        0x4 ./freertos/src/heap_5.o
 .bss.xFreeBytesRemaining
                0x100001f4        0x4 ./freertos/src/heap_5.o
 .bss.xMinimumEverFreeBytesRemaining
                0x100001f8        0x4 ./freertos/src/heap_5.o
 .bss.xNumberOfSuccessfulAllocations
                0x100001fc        0x4 ./freertos/src/heap_5.o
 .bss.xNumberOfSuccessfulFrees
                0x10000200        0x4 ./freertos/src/heap_5.o
 .bss.xStart    0x10000204        0x8 ./freertos/src/heap_5.o
 .bss.xQueueRegistry
                0x1000020c       0x50 ./freertos/src/queue.o
                0x1000020c                xQueueRegistry
 .bss.pxCurrentTCB
                0x1000025c        0x4 ./freertos/src/tasks.o
                0x1000025c                pxCurrentTCB
 .bss.pxDelayedTaskList
                0x10000260        0x4 ./freertos/src/tasks.o
 .bss.pxOverflowDelayedTaskList
                0x10000264        0x4 ./freertos/src/tasks.o
 .bss.pxReadyTasksLists
                0x10000268       0x64 ./freertos/src/tasks.o
 .bss.uxCurrentNumberOfTasks
                0x100002cc        0x4 ./freertos/src/tasks.o
 .bss.uxDeletedTasksWaitingCleanUp
                0x100002d0        0x4 ./freertos/src/tasks.o
 .bss.uxSchedulerSuspended
                0x100002d4        0x4 ./freertos/src/tasks.o
 .bss.uxTaskNumber
                0x100002d8        0x4 ./freertos/src/tasks.o
 .bss.uxTopReadyPriority
                0x100002dc        0x4 ./freertos/src/tasks.o
 .bss.xDelayedTaskList1
                0x100002e0       0x14 ./freertos/src/tasks.o
 .bss.xDelayedTaskList2
                0x100002f4       0x14 ./freertos/src/tasks.o
 .bss.xIdleTaskHandle
                0x10000308        0x4 ./freertos/src/tasks.o
 .bss.xNextTaskUnblockTime
                0x1000030c        0x4 ./freertos/src/tasks.o
 .bss.xNumOfOverflows
                0x10000310        0x4 ./freertos/src/tasks.o
 .bss.xPendedTicks
                0x10000314        0x4 ./freertos/src/tasks.o
 .bss.xPendingReadyList
                0x10000318       0x14 ./freertos/src/tasks.o
 .bss.xSchedulerRunning
                0x1000032c        0x4 ./freertos/src/tasks.o
 .bss.xSuspendedTaskList
                0x10000330       0x14 ./freertos/src/tasks.o
 .bss.xTasksWaitingTermination
                0x10000344       0x14 ./freertos/src/tasks.o
 .bss.xTickCount
                0x10000358        0x4 ./freertos/src/tasks.o
 .bss.xYieldPending
                0x1000035c        0x4 ./freertos/src/tasks.o
 .bss.pxCurrentTimerList
                0x10000360        0x4 ./freertos/src/timers.o
 .bss.pxOverflowTimerList
                0x10000364        0x4 ./freertos/src/timers.o
 .bss.xActiveTimerList1
                0x10000368       0x14 ./freertos/src/timers.o
 .bss.xActiveTimerList2
                0x1000037c       0x14 ./freertos/src/timers.o
 .bss.xLastTime.9167
                0x10000390        0x4 ./freertos/src/timers.o
 .bss.xTimerQueue
                0x10000394        0x4 ./freertos/src/timers.o
 .bss.xTimerTaskHandle
                0x10000398        0x4 ./freertos/src/timers.o
 .bss._0_Deplacement_EventGroup
                0x1000039c        0x4 ./Strategie/Strategie_Level0/Deplacement/0_Deplacements.o
                0x1000039c                _0_Deplacement_EventGroup
 .bss.Actions_2021
                0x100003a0      0x244 ./Strategie/Strategie.o
                0x100003a0                Actions_2021
 .bss.Strategie_Choisie
                0x100005e4        0x1 ./Strategie/Strategie.o
                0x100005e4                Strategie_Choisie
 *fill*         0x100005e5        0x3 
 .bss.Temps_Match
                0x100005e8        0x4 ./Strategie/Strategie.o
                0x100005e8                Temps_Match
 .bss.ADCSetup  0x100005ec        0x8 ./Level_0/Drivers/0_ADC/0_ADC.o
 .bss.g_hUsb    0x100005f4        0x4 ./Communication/USB/src/cdc_usb_main.o
                0x100005f4                g_hUsb
 .bss.Message.11368
                0x100005f8       0x4d ./Communication/0_Communication.o
 *fill*         0x10000645        0x3 
 .bss._1_xQueue_Message_TO_Send
                0x10000648        0x4 ./Communication/0_Communication.o
                0x10000648                _1_xQueue_Message_TO_Send
 .bss.already_flaged.11293
                0x1000064c        0x1 ./Communication/0_Communication.o
 .bss.already_flaged.11298
                0x1000064d        0x1 ./Communication/0_Communication.o
 *fill*         0x1000064e        0x2 
 .bss.g_txBuff.11369
                0x10000650       0x80 ./Communication/0_Communication.o
 .bss.rxring_RS485
                0x100006d0       0x14 ./Communication/0_Communication.o
                0x100006d0                rxring_RS485
 .bss.rxring_XBEE
                0x100006e4       0x14 ./Communication/0_Communication.o
                0x100006e4                rxring_XBEE
 .bss.txring    0x100006f8       0x14 ./Communication/0_Communication.o
                0x100006f8                txring
 .bss._0_Comm_EventGroup
                0x1000070c        0x4 ./Communication/0_Event_Group.o
                0x1000070c                _0_Comm_EventGroup
 .bss.Nb_Erreurs_com
                0x10000710        0x4 ./Communication/1_Trame_Communication.o
                0x10000710                Nb_Erreurs_com
 .bss.Nb_Messages_recus
                0x10000714        0x4 ./Communication/1_Trame_Communication.o
                0x10000714                Nb_Messages_recus
 .bss.log_message
                0x10000718       0x3e ./Communication/2_Echange_Datas.o
 .bss.relese_sent
                0x10000756        0x1 ./Communication/2_Echange_Datas.o
                0x10000756                relese_sent
 *fill*         0x10000757        0x1 
 .bss.str       0x10000758       0x46 ./Communication/2_Echange_Datas.o
 *fill*         0x1000079e        0x2 
 .bss.Nb_Messages_Interpretes
                0x100007a0        0x4 ./Communication/2_Echange_Datas_Reception.o
 .bss.Nb_PONG_recus
                0x100007a4        0x4 ./Communication/2_Echange_Datas_Reception.o
                0x100007a4                Nb_PONG_recus
 .bss.ABsyncSts
                0x100007a8        0x1 D:\Developpement_Robot\Robotic-System\trunk\Workspaces\MultiWorkSpaces_2021\0_lpc_chip_175x_6x\Release\lib0_lpc_chip_175x_6x.a(uart_17xx_40xx.o)
 *fill*         0x100007a9        0x3 
 .bss.__malloc_free_list
                0x100007ac        0x4 c:/nxp/mcuxpressoide_11.2.1_4149/ide/plugins/com.nxp.mcuxpresso.tools.win32_11.2.0.202008311134/tools/bin/../lib/gcc/arm-none-eabi/9.2.1/../../../../arm-none-eabi/lib/thumb/v7-m/nofp\libc_nano.a(lib_a-nano-mallocr.o)
                0x100007ac                __malloc_free_list
 .bss.__malloc_sbrk_start
                0x100007b0        0x4 c:/nxp/mcuxpressoide_11.2.1_4149/ide/plugins/com.nxp.mcuxpresso.tools.win32_11.2.0.202008311134/tools/bin/../lib/gcc/arm-none-eabi/9.2.1/../../../../arm-none-eabi/lib/thumb/v7-m/nofp\libc_nano.a(lib_a-nano-mallocr.o)
                0x100007b0                __malloc_sbrk_start
 .bss.__end_of_heap
                0x100007b4        0x4 c:/nxp/mcuxpressoide_11.2.1_4149/ide/plugins/com.nxp.mcuxpresso.tools.win32_11.2.0.202008311134/tools/bin/../lib/gcc/arm-none-eabi/9.2.1/../../../../arm-none-eabi/lib/thumb/v7-m/nofp\libcr_newlib_none.a(_cr_sbrk.o)
                0x100007b4                __end_of_heap
 *(COMMON)
 COMMON         0x100007b8        0x4 D:\Developpement_Robot\Robotic-System\trunk\Workspaces\MultiWorkSpaces_2021\0_lpc_chip_175x_6x\Release\lib0_lpc_chip_175x_6x.a(chip_17xx_40xx.o)
                0x100007b8                SystemCoreClock