Archive member included to satisfy reference by file (symbol)

D:\Developpement_Robot\Robotic-System.git\trunk\Workspaces\MultiWorkSpaces_2021\0_lpc_chip_175x_6x\Release\lib0_lpc_chip_175x_6x.a(chip_17xx_40xx.o)
                              ./src/IA_2021_V0.o (SystemCoreClockUpdate)
D:\Developpement_Robot\Robotic-System.git\trunk\Workspaces\MultiWorkSpaces_2021\0_lpc_chip_175x_6x\Release\lib0_lpc_chip_175x_6x.a(clock_17xx_40xx.o)
                              D:\Developpement_Robot\Robotic-System.git\trunk\Workspaces\MultiWorkSpaces_2021\0_lpc_chip_175x_6x\Release\lib0_lpc_chip_175x_6x.a(chip_17xx_40xx.o) (Chip_Clock_EnablePLL)
D:\Developpement_Robot\Robotic-System.git\trunk\Workspaces\MultiWorkSpaces_2021\0_lpc_chip_175x_6x\Release\lib0_lpc_chip_175x_6x.a(ring_buffer.o)
                              ./Communication/0_Communication.o (RingBuffer_Init)
D:\Developpement_Robot\Robotic-System.git\trunk\Workspaces\MultiWorkSpaces_2021\0_lpc_chip_175x_6x\Release\lib0_lpc_chip_175x_6x.a(stopwatch_17xx_40xx.o)
                              ./Communication/USB/src/cdc_usb_main.o (StopWatch_Init)
D:\Developpement_Robot\Robotic-System.git\trunk\Workspaces\MultiWorkSpaces_2021\0_lpc_chip_175x_6x\Release\lib0_lpc_chip_175x_6x.a(sysinit_17xx_40xx.o)
                              ./src/IA_2021_V0.o (Chip_SetupXtalClocking)
D:\Developpement_Robot\Robotic-System.git\trunk\Workspaces\MultiWorkSpaces_2021\0_lpc_chip_175x_6x\Release\lib0_lpc_chip_175x_6x.a(timer_17xx_40xx.o)
                              ./src/IA_2021_V0.o (Chip_TIMER_Init)
D:\Developpement_Robot\Robotic-System.git\trunk\Workspaces\MultiWorkSpaces_2021\0_lpc_chip_175x_6x\Release\lib0_lpc_chip_175x_6x.a(uart_17xx_40xx.o)
                              ./Communication/0_Communication.o (Chip_UART_Init)
D:\Developpement_Robot\Robotic-System.git\trunk\Workspaces\MultiWorkSpaces_2021\0_lpc_board_nxp_lpcxpresso_1769\Release\lib0_lpc_board_nxp_lpcxpresso_1769.a(board.o)
                              ./src/IA_2021_V0.o (Set_Clock_in)
D:\Developpement_Robot\Robotic-System.git\trunk\Workspaces\MultiWorkSpaces_2021\0_lpc_chip_175x_6x\libs\libusbd_175x_6x_lib.a(mw_usbd_rom_api.o)
                              ./Communication/USB/src/cdc_usb_main.o (cdc_api)
D:\Developpement_Robot\Robotic-System.git\trunk\Workspaces\MultiWorkSpaces_2021\0_lpc_chip_175x_6x\libs\libusbd_175x_6x_lib.a(hw_usbd_ip3503.o)
                              D:\Developpement_Robot\Robotic-System.git\trunk\Workspaces\MultiWorkSpaces_2021\0_lpc_chip_175x_6x\libs\libusbd_175x_6x_lib.a(mw_usbd_rom_api.o) (hwUSB_GetMemSize)
D:\Developpement_Robot\Robotic-System.git\trunk\Workspaces\MultiWorkSpaces_2021\0_lpc_chip_175x_6x\libs\libusbd_175x_6x_lib.a(mw_usbd_cdcuser.o)
                              D:\Developpement_Robot\Robotic-System.git\trunk\Workspaces\MultiWorkSpaces_2021\0_lpc_chip_175x_6x\libs\libusbd_175x_6x_lib.a(mw_usbd_rom_api.o) (mwCDC_SendNotification)
D:\Developpement_Robot\Robotic-System.git\trunk\Workspaces\MultiWorkSpaces_2021\0_lpc_chip_175x_6x\libs\libusbd_175x_6x_lib.a(mw_usbd_core.o)
                              D:\Developpement_Robot\Robotic-System.git\trunk\Workspaces\MultiWorkSpaces_2021\0_lpc_chip_175x_6x\libs\libusbd_175x_6x_lib.a(mw_usbd_rom_api.o) (mwUSB_SetupStage)
D:\Developpement_Robot\Robotic-System.git\trunk\Workspaces\MultiWorkSpaces_2021\0_lpc_chip_175x_6x\libs\libusbd_175x_6x_lib.a(mw_usbd_dfuuser.o)
                              D:\Developpement_Robot\Robotic-System.git\trunk\Workspaces\MultiWorkSpaces_2021\0_lpc_chip_175x_6x\libs\libusbd_175x_6x_lib.a(mw_usbd_rom_api.o) (mwDFU_GetMemSize)
D:\Developpement_Robot\Robotic-System.git\trunk\Workspaces\MultiWorkSpaces_2021\0_lpc_chip_175x_6x\libs\libusbd_175x_6x_lib.a(mw_usbd_hiduser.o)
                              D:\Developpement_Robot\Robotic-System.git\trunk\Workspaces\MultiWorkSpaces_2021\0_lpc_chip_175x_6x\libs\libusbd_175x_6x_lib.a(mw_usbd_rom_api.o) (mwHID_GetMemSize)
D:\Developpement_Robot\Robotic-System.git\trunk\Workspaces\MultiWorkSpaces_2021\0_lpc_chip_175x_6x\libs\libusbd_175x_6x_lib.a(mw_usbd_mscuser.o)
                              D:\Developpement_Robot\Robotic-System.git\trunk\Workspaces\MultiWorkSpaces_2021\0_lpc_chip_175x_6x\libs\libusbd_175x_6x_lib.a(mw_usbd_rom_api.o) (mwMSC_GetMemSize)
c:/nxp/mcuxpressoide_11.2.1_4149/ide/plugins/com.nxp.mcuxpresso.tools.win32_11.2.0.202008311134/tools/bin/../lib/gcc/arm-none-eabi/9.2.1/thumb/v7-m/nofp\libgcc.a(_arm_mulsf3.o)
                              ./Strategie/Deplacement/0_Deplacements.o (__aeabi_fmul)
c:/nxp/mcuxpressoide_11.2.1_4149/ide/plugins/com.nxp.mcuxpresso.tools.win32_11.2.0.202008311134/tools/bin/../lib/gcc/arm-none-eabi/9.2.1/thumb/v7-m/nofp\libgcc.a(_arm_addsubsf3.o)
                              ./Strategie/Deplacement/0_Deplacements.o (__aeabi_fsub)
[...]
Memory Configuration

Name             Origin             Length             Attributes
MFlash512        0x00010000         0x00070000         xr
RamLoc32         0x10000000         0x00008000         xrw
Ram_USB          0x2007c000         0x00000800         xrw
RAM3             0x2007c800         0x00007800         xrw
*default*        0x00000000         0xffffffff

Linker script and memory map

LOAD ./src/IA_2021_V0.o
LOAD ./src/Init.o
LOAD ./src/cr_startup_lpc175x_6x.o
LOAD ./src/crp.o
LOAD ./src/sysinit.o
LOAD ./src/test.o
LOAD ./freertos/src/FreeRTOSCommonHooks.o
LOAD ./freertos/src/croutine.o
LOAD ./freertos/src/event_groups.o
LOAD ./freertos/src/heap_5.o
LOAD ./freertos/src/list.o
LOAD ./freertos/src/port.o
LOAD ./freertos/src/queue.o
LOAD ./freertos/src/stream_buffer.o
LOAD ./freertos/src/tasks.o
LOAD ./freertos/src/timers.o
LOAD ./freertos/FreeRTOS_Trace/trcHardwarePort.o
LOAD ./freertos/FreeRTOS_Trace/trcKernelPort.o
LOAD ./freertos/FreeRTOS_Trace/trcSnapshotRecorder.o
LOAD ./Strategie/Deplacement/0_Deplacements.o
LOAD ./Strategie/Deplacement/1_Obstacles.o
LOAD ./Strategie/Actionneurs/0_Actionneurs.o
LOAD ./Strategie/0_Infos.o
LOAD ./Pathfinding/Astar/Astar.o
LOAD ./Communication/USB/src/cdc_desc.o
LOAD ./Communication/USB/src/cdc_usb_main.o
LOAD ./Communication/USB/src/cdc_vcom.o
LOAD ./Communication/RS485/0_RS485.o
LOAD ./Communication/0_Communication.o
LOAD ./Communication/0_Event_Group.o
LOAD ./Communication/1_Trame_Communication.o
LOAD ./Communication/2_Echange_Datas.o
LOAD ./Communication/2_Echange_Datas_Reception.o
LOAD D:\Developpement_Robot\Robotic-System.git\trunk\Workspaces\MultiWorkSpaces_2021\0_lpc_chip_175x_6x\Release\lib0_lpc_chip_175x_6x.a
LOAD D:\Developpement_Robot\Robotic-System.git\trunk\Workspaces\MultiWorkSpaces_2021\0_lpc_board_nxp_lpcxpresso_1769\Release\lib0_lpc_board_nxp_lpcxpresso_1769.a
LOAD D:\Developpement_Robot\Robotic-System.git\trunk\Workspaces\MultiWorkSpaces_2021\0_lpc_chip_175x_6x\libs\libusbd_175x_6x_lib.a
START GROUP
LOAD c:/nxp/mcuxpressoide_11.2.1_4149/ide/plugins/com.nxp.mcuxpresso.tools.win32_11.2.0.202008311134/tools/bin/../lib/gcc/arm-none-eabi/9.2.1/thumb/v7-m/nofp\libgcc.a
LOAD c:/nxp/mcuxpressoide_11.2.1_4149/ide/plugins/com.nxp.mcuxpresso.tools.win32_11.2.0.202008311134/tools/bin/../lib/gcc/arm-none-eabi/9.2.1/../../../../arm-none-eabi/lib/thumb/v7-m/nofp\libc_nano.a
LOAD c:/nxp/mcuxpressoide_11.2.1_4149/ide/plugins/com.nxp.mcuxpresso.tools.win32_11.2.0.202008311134/tools/bin/../lib/gcc/arm-none-eabi/9.2.1/../../../../arm-none-eabi/lib/thumb/v7-m/nofp\libm.a
LOAD c:/nxp/mcuxpressoide_11.2.1_4149/ide/plugins/com.nxp.mcuxpresso.tools.win32_11.2.0.202008311134/tools/bin/../lib/gcc/arm-none-eabi/9.2.1/../../../../arm-none-eabi/lib/thumb/v7-m/nofp\libcr_newlib_none.a
END GROUP
                0x00010000                __base_MFlash512 = 0x10000
                0x00010000                __base_Flash = 0x10000
                0x00080000                __top_MFlash512 = 0x80000
                0x00080000                __top_Flash = 0x80000
                0x10000000                __base_RamLoc32 = 0x10000000
                0x10000000                __base_RAM = 0x10000000
                0x10008000                __top_RamLoc32 = 0x10008000
                0x10008000                __top_RAM = 0x10008000
                0x2007c000                __base_Ram_USB = 0x2007c000
                0x2007c000                __base_RAM2 = 0x2007c000
                0x2007c800                __top_Ram_USB = 0x2007c800
                0x2007c800                __top_RAM2 = 0x2007c800
                0x2007c800                __base_RAM3 = 0x2007c800
                0x2007c800                __base_RAM3 = 0x2007c800
                0x20084000                __top_RAM3 = 0x20084000
                0x20084000                __top_RAM3 = 0x20084000

.text           0x00010000     0x4be0
 FILL mask 0xff
                0x00010000                __vectors_start__ = ABSOLUTE (.)
 *(.isr_vector)
 .isr_vector    0x00010000       0xcc ./src/cr_startup_lpc175x_6x.o
                0x00010000                g_pfnVectors
                0x000100cc                . = ALIGN (0x4)
                0x000100cc                __section_table_start = .
                0x000100cc                __data_section_table = .
                0x000100cc        0x4 LONG 0x14be0 LOADADDR (.data)
                0x000100d0        0x4 LONG 0x10000000 ADDR (.data)
                0x000100d4        0x4 LONG 0x80 SIZEOF (.data)
                0x000100d8        0x4 LONG 0x14be0 LOADADDR (.data_RAM2)
                0x000100dc        0x4 LONG 0x2007c000 ADDR (.data_RAM2)
                0x000100e0        0x4 LONG 0x0 SIZEOF (.data_RAM2)
                0x000100e4        0x4 LONG 0x14be0 LOADADDR (.data_RAM3)
                0x000100e8        0x4 LONG 0x2007c800 ADDR (.data_RAM3)
                0x000100ec        0x4 LONG 0x0 SIZEOF (.data_RAM3)
                0x000100f0                __data_section_table_end = .
                0x000100f0                __bss_section_table = .
                0x000100f0        0x4 LONG 0x10000080 ADDR (.bss)
                0x000100f4        0x4 LONG 0x384 SIZEOF (.bss)
                0x000100f8        0x4 LONG 0x2007c000 ADDR (.bss_RAM2)
                0x000100fc        0x4 LONG 0x0 SIZEOF (.bss_RAM2)
                0x00010100        0x4 LONG 0x2007c800 ADDR (.bss_RAM3)
                0x00010104        0x4 LONG 0x23b0 SIZEOF (.bss_RAM3)
                0x00010108                __bss_section_table_end = .
                0x00010108                __section_table_end = .
 *(.after_vectors*)
 .after_vectors
                0x00010108       0x7c ./src/cr_startup_lpc175x_6x.o
                0x00010108                NMI_Handler
                0x0001010a                HardFault_Handler
                0x0001010c                MemManage_Handler
                0x0001010e                BusFault_Handler
                0x00010110                UsageFault_Handler
                0x00010112                DebugMon_Handler
                0x00010114                PWM1_IRQHandler
                0x00010114                USBActivity_IRQHandler
                0x00010114                UART3_IRQHandler
                0x00010114                RIT_IRQHandler
                0x00010114                I2C1_IRQHandler
                0x00010114                EINT2_IRQHandler
                0x00010114                EINT3_IRQHandler
                0x00010114                CANActivity_IRQHandler
                0x00010114                TIMER3_IRQHandler
                0x00010114                UART0_IRQHandler
                0x00010114                DMA_IRQHandler
                0x00010114                I2C0_IRQHandler
                0x00010114                IntDefaultHandler
                0x00010114                PLL0_IRQHandler
                0x00010114                CAN_IRQHandler
                0x00010114                PLL1_IRQHandler
                0x00010114                SSP0_IRQHandler
                0x00010114                I2S_IRQHandler
                0x00010114                I2C2_IRQHandler
                0x00010114                RTC_IRQHandler
                0x00010114                TIMER0_IRQHandler
                0x00010114                SPI_IRQHandler
                0x00010114                ETH_IRQHandler
                0x00010114                EINT1_IRQHandler
                0x00010114                TIMER1_IRQHandler
                0x00010114                UART2_IRQHandler
                0x00010114                ADC_IRQHandler
                0x00010114                SSP1_IRQHandler
                0x00010114                BOD_IRQHandler
                0x00010114                TIMER2_IRQHandler
                0x00010114                WDT_IRQHandler
                0x00010114                EINT0_IRQHandler
                0x00010114                QEI_IRQHandler
                0x00010114                MCPWM_IRQHandler
                0x00010116                data_init
                0x00010128                bss_init
                0x00010138                ResetISR
                0x0001017c                SVC_Handler
                0x0001017e                PendSV_Handler
                0x00010180                SysTick_Handler
                0x000002fc                . = 0x2fc
 *fill*         0x00010184      0x178 ff
                0x000102fc                PROVIDE (__CRP_WORD_START__ = .)
 *(.crp)
 .crp           0x000102fc        0x4 ./src/crp.o
                0x000102fc                CRP_WORD
                0x00010300                PROVIDE (__CRP_WORD_END__ = .)
                0x00000001                ASSERT (! ((__CRP_WORD_START__ == __CRP_WORD_END__)), Linker CRP Enabled, but no CRP_WORD provided within application)
 *(.text*)
 .text.vTask_HartBeat
                0x00010300       0x5c ./src/IA_2021_V0.o
 .text.vConfigureTimerForRunTimeStats
                0x0001035c       0x22 ./src/IA_2021_V0.o
                0x0001035c                vConfigureTimerForRunTimeStats
 *fill*         0x0001037e        0x2 ff
 .text.startup.main
                0x00010380       0x58 ./src/IA_2021_V0.o
                0x00010380                main
 .text.Debug_Trace_Texte
                0x000103d8        0x2 ./src/Init.o
                0x000103d8                Debug_Trace_Texte
 *fill*         0x000103da        0x2 ff
 .text.Set_Debug_Pin_0_High
                0x000103dc       0x10 ./src/Init.o
                0x000103dc                Set_Debug_Pin_0_High
 .text.Set_Debug_Pin_0_Low
                0x000103ec       0x10 ./src/Init.o
                0x000103ec                Set_Debug_Pin_0_Low
 .text.Set_Debug_Pin_1_Low
                0x000103fc       0x10 ./src/Init.o
                0x000103fc                Set_Debug_Pin_1_Low
 .text.Init_Send_Robot_ID
                0x0001040c       0x14 ./src/Init.o
                0x0001040c                Init_Send_Robot_ID
 .text.Init_Carte_IA
                0x00010420       0x4c ./src/Init.o
                0x00010420                Init_Carte_IA
 .text.SystemInit
                0x0001046c       0x14 ./src/sysinit.o
                0x0001046c                SystemInit
 .text.TEST_init_parametres
                0x00010480       0x28 ./src/test.o
                0x00010480                TEST_init_parametres
 .text.TEST_envoi_Ping
                0x000104a8       0x7c ./src/test.o
                0x000104a8                TEST_envoi_Ping
 .text.vApplicationStackOverflowHook
                0x00010524       0x12 ./freertos/src/FreeRTOSCommonHooks.o
                0x00010524                vApplicationStackOverflowHook
 .text.xEventGroupCreate
                0x00010536       0x1a ./freertos/src/event_groups.o
                0x00010536                xEventGroupCreate
 .text.xEventGroupWaitBits
                0x00010550       0xb8 ./freertos/src/event_groups.o
                0x00010550                xEventGroupWaitBits
 .text.xEventGroupSetBits
                0x00010608       0x5c ./freertos/src/event_groups.o
                0x00010608                xEventGroupSetBits
 .text.vEventGroupSetBitsCallback
                0x00010664        0x4 ./freertos/src/event_groups.o
                0x00010664                vEventGroupSetBitsCallback
 .text.prvInsertBlockIntoFreeList
                0x00010668       0x48 ./freertos/src/heap_5.o
 .text.pvPortMalloc
                0x000106b0       0xb4 ./freertos/src/heap_5.o
                0x000106b0                pvPortMalloc
 .text.vPortFree
                0x00010764       0x58 ./freertos/src/heap_5.o
                0x00010764                vPortFree
 .text.vPortDefineHeapRegions
                0x000107bc       0x88 ./freertos/src/heap_5.o
                0x000107bc                vPortDefineHeapRegions
 .text.vListInitialise
                0x00010844       0x16 ./freertos/src/list.o
                0x00010844                vListInitialise
 .text.vListInitialiseItem
                0x0001085a        0x6 ./freertos/src/list.o
                0x0001085a                vListInitialiseItem
 .text.vListInsertEnd
                0x00010860       0x18 ./freertos/src/list.o
                0x00010860                vListInsertEnd
 .text.vListInsert
                0x00010878       0x2e ./freertos/src/list.o
                0x00010878                vListInsert
 .text.uxListRemove
                0x000108a6       0x20 ./freertos/src/list.o
                0x000108a6                uxListRemove
 .text.prvTaskExitError
                0x000108c6       0x20 ./freertos/src/port.o
 *fill*         0x000108e6        0x2 ff
 .text.prvPortStartFirstTask
                0x000108e8       0x20 ./freertos/src/port.o
 .text.pxPortInitialiseStack
                0x00010908       0x24 ./freertos/src/port.o
                0x00010908                pxPortInitialiseStack
 *fill*         0x0001092c        0x4 ff
 .text.vPortSVCHandler
                0x00010930       0x24 ./freertos/src/port.o
                0x00010930                vPortSVCHandler
 .text.vPortEnterCritical
                0x00010954       0x20 ./freertos/src/port.o
                0x00010954                vPortEnterCritical
 .text.vPortExitCritical
                0x00010974       0x14 ./freertos/src/port.o
                0x00010974                vPortExitCritical
 *fill*         0x00010988        0x8 ff
 .text.xPortPendSVHandler
                0x00010990       0x44 ./freertos/src/port.o
                0x00010990                xPortPendSVHandler
 .text.xPortSysTickHandler
                0x000109d4       0x2c ./freertos/src/port.o
                0x000109d4                xPortSysTickHandler
 .text.vPortSetupTimerInterrupt
                0x00010a00       0x24 ./freertos/src/port.o
                0x00010a00                vPortSetupTimerInterrupt
 .text.xPortStartScheduler
                0x00010a24       0x38 ./freertos/src/port.o
                0x00010a24                xPortStartScheduler
 .text.prvIsQueueEmpty
                0x00010a5c       0x16 ./freertos/src/queue.o
 .text.prvCopyDataToQueue
                0x00010a72       0x6a ./freertos/src/queue.o
 .text.prvCopyDataFromQueue
                0x00010adc       0x28 ./freertos/src/queue.o
 .text.prvUnlockQueue
                0x00010b04       0x70 ./freertos/src/queue.o
 .text.xQueueGenericReset
                0x00010b74       0x6c ./freertos/src/queue.o
                0x00010b74                xQueueGenericReset
 .text.xQueueGenericCreate
                0x00010be0       0x2e ./freertos/src/queue.o
                0x00010be0                xQueueGenericCreate
 *fill*         0x00010c0e        0x2 ff
 .text.xQueueGenericSend
                0x00010c10      0x104 ./freertos/src/queue.o
                0x00010c10                xQueueGenericSend
 .text.xQueueGenericSendFromISR
                0x00010d14       0x6a ./freertos/src/queue.o
                0x00010d14                xQueueGenericSendFromISR
 *fill*         0x00010d7e        0x2 ff
 .text.xQueueReceive
                0x00010d80       0xf0 ./freertos/src/queue.o
                0x00010d80                xQueueReceive
 .text.vQueueAddToRegistry
                0x00010e70       0x24 ./freertos/src/queue.o
                0x00010e70                vQueueAddToRegistry
 .text.vQueueWaitForMessageRestricted
                0x00010e94       0x46 ./freertos/src/queue.o
                0x00010e94                vQueueWaitForMessageRestricted
 *fill*         0x00010eda        0x2 ff
 .text.prvResetNextTaskUnblockTime
                0x00010edc       0x24 ./freertos/src/tasks.o
 .text.prvAddCurrentTaskToDelayedList
                0x00010f00       0x8c ./freertos/src/tasks.o
 .text.prvIdleTask
                0x00010f8c       0x6c ./freertos/src/tasks.o
 .text.xTaskCreate
                0x00010ff8      0x1d8 ./freertos/src/tasks.o
                0x00010ff8                xTaskCreate
 .text.vTaskDelete
                0x000111d0       0xbc ./freertos/src/tasks.o
                0x000111d0                vTaskDelete
 .text.vTaskStartScheduler
                0x0001128c       0x6c ./freertos/src/tasks.o
                0x0001128c                vTaskStartScheduler
 .text.vTaskSuspendAll
                0x000112f8       0x10 ./freertos/src/tasks.o
                0x000112f8                vTaskSuspendAll
 .text.xTaskGetTickCount
                0x00011308        0xc ./freertos/src/tasks.o
                0x00011308                xTaskGetTickCount
 .text.xTaskIncrementTick
                0x00011314      0x10c ./freertos/src/tasks.o
                0x00011314                xTaskIncrementTick
 .text.xTaskResumeAll
                0x00011420       0xd8 ./freertos/src/tasks.o
                0x00011420                xTaskResumeAll
 .text.vTaskDelayUntil
                0x000114f8       0x4c ./freertos/src/tasks.o
                0x000114f8                vTaskDelayUntil
 .text.vTaskDelay
                0x00011544       0x30 ./freertos/src/tasks.o
                0x00011544                vTaskDelay
 .text.vTaskSwitchContext
                0x00011574       0x90 ./freertos/src/tasks.o
                0x00011574                vTaskSwitchContext
 .text.vTaskPlaceOnEventList
                0x00011604       0x20 ./freertos/src/tasks.o
                0x00011604                vTaskPlaceOnEventList
 .text.vTaskPlaceOnUnorderedEventList
                0x00011624       0x28 ./freertos/src/tasks.o
                0x00011624                vTaskPlaceOnUnorderedEventList
 .text.vTaskPlaceOnEventListRestricted
                0x0001164c       0x2c ./freertos/src/tasks.o
                0x0001164c                vTaskPlaceOnEventListRestricted
 .text.xTaskRemoveFromEventList
                0x00011678       0x70 ./freertos/src/tasks.o
                0x00011678                xTaskRemoveFromEventList
 .text.vTaskRemoveFromUnorderedEventList
                0x000116e8       0x58 ./freertos/src/tasks.o
                0x000116e8                vTaskRemoveFromUnorderedEventList
 .text.vTaskInternalSetTimeOutState
                0x00011740       0x18 ./freertos/src/tasks.o
                0x00011740                vTaskInternalSetTimeOutState
 .text.xTaskCheckForTimeOut
                0x00011758       0x50 ./freertos/src/tasks.o
                0x00011758                xTaskCheckForTimeOut
 .text.vTaskMissedYield
                0x000117a8        0xc ./freertos/src/tasks.o
                0x000117a8                vTaskMissedYield
 .text.xTaskGetCurrentTaskHandle
                0x000117b4        0xc ./freertos/src/tasks.o
                0x000117b4                xTaskGetCurrentTaskHandle
 .text.xTaskGetSchedulerState
                0x000117c0       0x20 ./freertos/src/tasks.o
                0x000117c0                xTaskGetSchedulerState
 .text.xTaskPriorityDisinherit
                0x000117e0       0x70 ./freertos/src/tasks.o
                0x000117e0                xTaskPriorityDisinherit
 .text.uxTaskResetEventItemValue
                0x00011850       0x18 ./freertos/src/tasks.o
                0x00011850                uxTaskResetEventItemValue
 .text.prvCheckForValidListAndQueue
                0x00011868       0x58 ./freertos/src/timers.o
 .text.prvInsertTimerInActiveList
                0x000118c0       0x3c ./freertos/src/timers.o
 .text.xTimerCreateTimerTask
                0x000118fc       0x38 ./freertos/src/timers.o
                0x000118fc                xTimerCreateTimerTask
 .text.xTimerGenericCommand
                0x00011934       0x44 ./freertos/src/timers.o
                0x00011934                xTimerGenericCommand
 .text.prvSwitchTimerLists
                0x00011978       0x6c ./freertos/src/timers.o
 .text.prvTimerTask
                0x000119e4      0x1b8 ./freertos/src/timers.o
 .text.xTimerPendFunctionCallFromISR
                0x00011b9c       0x28 ./freertos/src/timers.o
                0x00011b9c                xTimerPendFunctionCallFromISR
 .text._0_Deplacement_Init
                0x00011bc4       0x10 ./Strategie/Deplacement/0_Deplacements.o
                0x00011bc4                _0_Deplacement_Init
 .text._0_Infos_Init
                0x00011bd4       0x10 ./Strategie/0_Infos.o
                0x00011bd4                _0_Infos_Init
 .text._0_Update_Card_Datas
                0x00011be4       0x20 ./Strategie/0_Infos.o
                0x00011be4                _0_Update_Card_Datas
 .text._0_RS485_Master_Mode
                0x00011c04       0x16 ./Communication/RS485/0_RS485.o
                0x00011c04                _0_RS485_Master_Mode
 .text._0_RS485_Slave_Mode
                0x00011c1a       0x16 ./Communication/RS485/0_RS485.o
                0x00011c1a                _0_RS485_Slave_Mode
 .text._0_RS485_Init
                0x00011c30       0x54 ./Communication/RS485/0_RS485.o
                0x00011c30                _0_RS485_Init
 .text._0_Communication_Send_RS485
                0x00011c84       0x90 ./Communication/0_Communication.o
                0x00011c84                _0_Communication_Send_RS485
 .text.Chip_UART_SendByte
                0x00011d14        0x4 ./Communication/0_Communication.o
 .text.Chip_UART_ReadLineStatus
                0x00011d18        0x4 ./Communication/0_Communication.o
 .text._0_Communication_Init_RS485
                0x00011d1c       0xa0 ./Communication/0_Communication.o
                0x00011d1c                _0_Communication_Init_RS485
 .text._0_Communication_Init
                0x00011dbc       0x58 ./Communication/0_Communication.o
                0x00011dbc                _0_Communication_Init
 .text.UART1_IRQHandler
                0x00011e14       0x9c ./Communication/0_Communication.o
                0x00011e14                UART1_IRQHandler
 .text.USB_IRQHandler
                0x00011eb0       0x18 ./Communication/0_Communication.o
                0x00011eb0                USB_IRQHandler
 .text._0_Communication_Send_Data
                0x00011ec8       0x64 ./Communication/0_Communication.o
                0x00011ec8                _0_Communication_Send_Data
 .text._0_Communication_Init_Event_Group
                0x00011f2c       0x10 ./Communication/0_Event_Group.o
                0x00011f2c                _0_Communication_Init_Event_Group
 .text._1_Communication_Create_Trame_From_Buffer
                0x00011f3c      0x2d4 ./Communication/1_Trame_Communication.o
                0x00011f3c                _1_Communication_Create_Trame_From_Buffer
 .text._1_Communication_Check_Rx_Adresse
                0x00012210       0x24 ./Communication/1_Trame_Communication.o
                0x00012210                _1_Communication_Check_Rx_Adresse
 .text._1_Communication_Recomposition_Rx
                0x00012234       0x64 ./Communication/1_Trame_Communication.o
                0x00012234                _1_Communication_Recomposition_Rx
 .text._1_Communication_Create_Queues_Semaphores
                0x00012298       0x30 ./Communication/1_Trame_Communication.o
                0x00012298                _1_Communication_Create_Queues_Semaphores
 .text._1_Communication_Init
                0x000122c8       0x30 ./Communication/1_Trame_Communication.o
                0x000122c8                _1_Communication_Init
 .text._1_Communication_Wait_To_Send
                0x000122f8       0x20 ./Communication/1_Trame_Communication.o
                0x000122f8                _1_Communication_Wait_To_Send
 .text._1_Communication_Free_Send_Bit
                0x00012318       0x10 ./Communication/1_Trame_Communication.o
                0x00012318                _1_Communication_Free_Send_Bit
 .text._1_Communication_Wait_To_Receive
                0x00012328       0x20 ./Communication/1_Trame_Communication.o
                0x00012328                _1_Communication_Wait_To_Receive
 .text._1_Communication_Free_Receive_Bit
                0x00012348       0x10 ./Communication/1_Trame_Communication.o
                0x00012348                _1_Communication_Free_Receive_Bit
 .text._1_Communication_Create_Trame
                0x00012358       0xa0 ./Communication/1_Trame_Communication.o
                0x00012358                _1_Communication_Create_Trame
 .text._2_Communication_Init
                0x000123f8       0x10 ./Communication/2_Echange_Datas.o
                0x000123f8                _2_Communication_Init
 .text._2_Comm_Send_Demande_Info
                0x00012408       0x34 ./Communication/2_Echange_Datas.o
                0x00012408                _2_Comm_Send_Demande_Info
 .text._2_Comm_Send_Log_Message
                0x0001243c      0x10c ./Communication/2_Echange_Datas.o
                0x0001243c                _2_Comm_Send_Log_Message
 .text._2_Comm_Send_PONG
                0x00012548       0x98 ./Communication/2_Echange_Datas.o
                0x00012548                _2_Comm_Send_PONG
 .text._2_Comm_Robot_ID
                0x000125e0       0x34 ./Communication/2_Echange_Datas.o
                0x000125e0                _2_Comm_Robot_ID
 .text._2_Communication_RX_Lectures_Messages
                0x00012614       0x9c ./Communication/2_Echange_Datas_Reception.o
                0x00012614                _2_Communication_RX_Lectures_Messages
 .text._2_Communication_RX_Init
                0x000126b0       0x2c ./Communication/2_Echange_Datas_Reception.o
                0x000126b0                _2_Communication_RX_Init
 .text.SystemCoreClockUpdate
                0x000126dc       0x10 D:\Developpement_Robot\Robotic-System.git\trunk\Workspaces\MultiWorkSpaces_2021\0_lpc_chip_175x_6x\Release\lib0_lpc_chip_175x_6x.a(chip_17xx_40xx.o)
                0x000126dc                SystemCoreClockUpdate
 .text.Chip_Clock_EnablePLL
                0x000126ec       0x24 D:\Developpement_Robot\Robotic-System.git\trunk\Workspaces\MultiWorkSpaces_2021\0_lpc_chip_175x_6x\Release\lib0_lpc_chip_175x_6x.a(clock_17xx_40xx.o)
                0x000126ec                Chip_Clock_EnablePLL
 .text.Chip_Clock_DisablePLL
                0x00012710       0x26 D:\Developpement_Robot\Robotic-System.git\trunk\Workspaces\MultiWorkSpaces_2021\0_lpc_chip_175x_6x\Release\lib0_lpc_chip_175x_6x.a(clock_17xx_40xx.o)
                0x00012710                Chip_Clock_DisablePLL
 .text.Chip_Clock_SetupPLL
                0x00012736       0x30 D:\Developpement_Robot\Robotic-System.git\trunk\Workspaces\MultiWorkSpaces_2021\0_lpc_chip_175x_6x\Release\lib0_lpc_chip_175x_6x.a(clock_17xx_40xx.o)
                0x00012736                Chip_Clock_SetupPLL
 *fill*         0x00012766        0x2 ff
 .text.Chip_Clock_EnablePeriphClock
                0x00012768       0x18 D:\Developpement_Robot\Robotic-System.git\trunk\Workspaces\MultiWorkSpaces_2021\0_lpc_chip_175x_6x\Release\lib0_lpc_chip_175x_6x.a(clock_17xx_40xx.o)
                0x00012768                Chip_Clock_EnablePeriphClock
 .text.Chip_Clock_GetCPUClockSource
                0x00012780       0x10 D:\Developpement_Robot\Robotic-System.git\trunk\Workspaces\MultiWorkSpaces_2021\0_lpc_chip_175x_6x\Release\lib0_lpc_chip_175x_6x.a(clock_17xx_40xx.o)
                0x00012780                Chip_Clock_GetCPUClockSource
 .text.Chip_Clock_SetCPUClockDiv
                0x00012790        0xc D:\Developpement_Robot\Robotic-System.git\trunk\Workspaces\MultiWorkSpaces_2021\0_lpc_chip_175x_6x\Release\lib0_lpc_chip_175x_6x.a(clock_17xx_40xx.o)
                0x00012790                Chip_Clock_SetCPUClockDiv
 .text.Chip_Clock_GetCPUClockDiv
                0x0001279c       0x10 D:\Developpement_Robot\Robotic-System.git\trunk\Workspaces\MultiWorkSpaces_2021\0_lpc_chip_175x_6x\Release\lib0_lpc_chip_175x_6x.a(clock_17xx_40xx.o)
                0x0001279c                Chip_Clock_GetCPUClockDiv
 .text.Chip_Clock_GetPCLKDiv
                0x000127ac       0x38 D:\Developpement_Robot\Robotic-System.git\trunk\Workspaces\MultiWorkSpaces_2021\0_lpc_chip_175x_6x\Release\lib0_lpc_chip_175x_6x.a(clock_17xx_40xx.o)
                0x000127ac                Chip_Clock_GetPCLKDiv
 .text.Chip_Clock_GetSYSCLKRate
                0x000127e4       0x38 D:\Developpement_Robot\Robotic-System.git\trunk\Workspaces\MultiWorkSpaces_2021\0_lpc_chip_175x_6x\Release\lib0_lpc_chip_175x_6x.a(clock_17xx_40xx.o)
                0x000127e4                Chip_Clock_GetSYSCLKRate
 .text.Chip_Clock_GetMainPLLOutClockRate
                0x0001281c       0x34 D:\Developpement_Robot\Robotic-System.git\trunk\Workspaces\MultiWorkSpaces_2021\0_lpc_chip_175x_6x\Release\lib0_lpc_chip_175x_6x.a(clock_17xx_40xx.o)
                0x0001281c                Chip_Clock_GetMainPLLOutClockRate
 .text.Chip_Clock_GetMainClockRate
                0x00012850       0x20 D:\Developpement_Robot\Robotic-System.git\trunk\Workspaces\MultiWorkSpaces_2021\0_lpc_chip_175x_6x\Release\lib0_lpc_chip_175x_6x.a(clock_17xx_40xx.o)
                0x00012850                Chip_Clock_GetMainClockRate
 .text.Chip_Clock_GetSystemClockRate
                0x00012870       0x12 D:\Developpement_Robot\Robotic-System.git\trunk\Workspaces\MultiWorkSpaces_2021\0_lpc_chip_175x_6x\Release\lib0_lpc_chip_175x_6x.a(clock_17xx_40xx.o)
                0x00012870                Chip_Clock_GetSystemClockRate
 .text.Chip_Clock_GetPeripheralClockRate
                0x00012882       0x16 D:\Developpement_Robot\Robotic-System.git\trunk\Workspaces\MultiWorkSpaces_2021\0_lpc_chip_175x_6x\Release\lib0_lpc_chip_175x_6x.a(clock_17xx_40xx.o)
                0x00012882                Chip_Clock_GetPeripheralClockRate
 .text.RingBuffer_Init
                0x00012898       0x10 D:\Developpement_Robot\Robotic-System.git\trunk\Workspaces\MultiWorkSpaces_2021\0_lpc_chip_175x_6x\Release\lib0_lpc_chip_175x_6x.a(ring_buffer.o)
                0x00012898                RingBuffer_Init
 .text.RingBuffer_Insert
                0x000128a8       0x30 D:\Developpement_Robot\Robotic-System.git\trunk\Workspaces\MultiWorkSpaces_2021\0_lpc_chip_175x_6x\Release\lib0_lpc_chip_175x_6x.a(ring_buffer.o)
                0x000128a8                RingBuffer_Insert
 .text.RingBuffer_InsertMult
                0x000128d8       0x8c D:\Developpement_Robot\Robotic-System.git\trunk\Workspaces\MultiWorkSpaces_2021\0_lpc_chip_175x_6x\Release\lib0_lpc_chip_175x_6x.a(ring_buffer.o)
                0x000128d8                RingBuffer_InsertMult
 .text.RingBuffer_Pop
                0x00012964       0x30 D:\Developpement_Robot\Robotic-System.git\trunk\Workspaces\MultiWorkSpaces_2021\0_lpc_chip_175x_6x\Release\lib0_lpc_chip_175x_6x.a(ring_buffer.o)
                0x00012964                RingBuffer_Pop
 .text.RingBuffer_PopMult
                0x00012994       0x7e D:\Developpement_Robot\Robotic-System.git\trunk\Workspaces\MultiWorkSpaces_2021\0_lpc_chip_175x_6x\Release\lib0_lpc_chip_175x_6x.a(ring_buffer.o)
                0x00012994                RingBuffer_PopMult
 .text.RingBuffer_Count
                0x00012a12        0x8 D:\Developpement_Robot\Robotic-System.git\trunk\Workspaces\MultiWorkSpaces_2021\0_lpc_chip_175x_6x\Release\lib0_lpc_chip_175x_6x.a(ring_buffer.o)
                0x00012a12                RingBuffer_Count
 *fill*         0x00012a1a        0x2 ff
 .text.Chip_SetupIrcClocking
                0x00012a1c       0x64 D:\Developpement_Robot\Robotic-System.git\trunk\Workspaces\MultiWorkSpaces_2021\0_lpc_chip_175x_6x\Release\lib0_lpc_chip_175x_6x.a(sysinit_17xx_40xx.o)
                0x00012a1c                Chip_SetupIrcClocking
 .text.Chip_SetupXtalClocking
                0x00012a80       0xdc D:\Developpement_Robot\Robotic-System.git\trunk\Workspaces\MultiWorkSpaces_2021\0_lpc_chip_175x_6x\Release\lib0_lpc_chip_175x_6x.a(sysinit_17xx_40xx.o)
                0x00012a80                Chip_SetupXtalClocking
 .text.Chip_SystemInit
                0x00012b5c        0x4 D:\Developpement_Robot\Robotic-System.git\trunk\Workspaces\MultiWorkSpaces_2021\0_lpc_chip_175x_6x\Release\lib0_lpc_chip_175x_6x.a(sysinit_17xx_40xx.o)
                0x00012b5c                Chip_SystemInit
 .text.Chip_TIMER_Init
                0x00012b60       0x2c D:\Developpement_Robot\Robotic-System.git\trunk\Workspaces\MultiWorkSpaces_2021\0_lpc_chip_175x_6x\Release\lib0_lpc_chip_175x_6x.a(timer_17xx_40xx.o)
                0x00012b60                Chip_TIMER_Init
 .text.Chip_UART_Init
                0x00012b8c       0x58 D:\Developpement_Robot\Robotic-System.git\trunk\Workspaces\MultiWorkSpaces_2021\0_lpc_chip_175x_6x\Release\lib0_lpc_chip_175x_6x.a(uart_17xx_40xx.o)
                0x00012b8c                Chip_UART_Init
 .text.Chip_UART_TXEnable
                0x00012be4        0x6 D:\Developpement_Robot\Robotic-System.git\trunk\Workspaces\MultiWorkSpaces_2021\0_lpc_chip_175x_6x\Release\lib0_lpc_chip_175x_6x.a(uart_17xx_40xx.o)
                0x00012be4                Chip_UART_TXEnable
 *fill*         0x00012bea        0x2 ff
 .text.Chip_UART_SetBaud
                0x00012bec       0x58 D:\Developpement_Robot\Robotic-System.git\trunk\Workspaces\MultiWorkSpaces_2021\0_lpc_chip_175x_6x\Release\lib0_lpc_chip_175x_6x.a(uart_17xx_40xx.o)
                0x00012bec                Chip_UART_SetBaud
 .text.Chip_UART_RXIntHandlerRB
                0x00012c44       0x22 D:\Developpement_Robot\Robotic-System.git\trunk\Workspaces\MultiWorkSpaces_2021\0_lpc_chip_175x_6x\Release\lib0_lpc_chip_175x_6x.a(uart_17xx_40xx.o)
                0x00012c44                Chip_UART_RXIntHandlerRB
 .text.Chip_UART_TXIntHandlerRB
                0x00012c66       0x24 D:\Developpement_Robot\Robotic-System.git\trunk\Workspaces\MultiWorkSpaces_2021\0_lpc_chip_175x_6x\Release\lib0_lpc_chip_175x_6x.a(uart_17xx_40xx.o)
                0x00012c66                Chip_UART_TXIntHandlerRB
 *fill*         0x00012c8a        0x2 ff
 .text.Chip_UART_IRQRBHandler
                0x00012c8c       0x68 D:\Developpement_Robot\Robotic-System.git\trunk\Workspaces\MultiWorkSpaces_2021\0_lpc_chip_175x_6x\Release\lib0_lpc_chip_175x_6x.a(uart_17xx_40xx.o)
                0x00012c8c                Chip_UART_IRQRBHandler
 .text.Set_Clock_in
                0x00012cf4        0xc D:\Developpement_Robot\Robotic-System.git\trunk\Workspaces\MultiWorkSpaces_2021\0_lpc_board_nxp_lpcxpresso_1769\Release\lib0_lpc_board_nxp_lpcxpresso_1769.a(board.o)
                0x00012cf4                Set_Clock_in
 .text.Board_Init
                0x00012d00       0x12 D:\Developpement_Robot\Robotic-System.git\trunk\Workspaces\MultiWorkSpaces_2021\0_lpc_board_nxp_lpcxpresso_1769\Release\lib0_lpc_board_nxp_lpcxpresso_1769.a(board.o)
                0x00012d00                Board_Init
 .text.EPAdr    0x00012d12       0x10 D:\Developpement_Robot\Robotic-System.git\trunk\Workspaces\MultiWorkSpaces_2021\0_lpc_chip_175x_6x\libs\libusbd_175x_6x_lib.a(hw_usbd_ip3503.o)
                0x00012d12                EPAdr
 .text.hwWrCmd  0x00012d22       0x10 D:\Developpement_Robot\Robotic-System.git\trunk\Workspaces\MultiWorkSpaces_2021\0_lpc_chip_175x_6x\libs\libusbd_175x_6x_lib.a(hw_usbd_ip3503.o)
                0x00012d22                hwWrCmd
 .text.hwWrCmdDat
                0x00012d32       0x16 D:\Developpement_Robot\Robotic-System.git\trunk\Workspaces\MultiWorkSpaces_2021\0_lpc_chip_175x_6x\libs\libusbd_175x_6x_lib.a(hw_usbd_ip3503.o)
                0x00012d32                hwWrCmdDat
 .text.hwWrCmdEP
                0x00012d48       0x24 D:\Developpement_Robot\Robotic-System.git\trunk\Workspaces\MultiWorkSpaces_2021\0_lpc_chip_175x_6x\libs\libusbd_175x_6x_lib.a(hw_usbd_ip3503.o)
                0x00012d48                hwWrCmdEP
 .text.hwRdCmdDat
                0x00012d6c       0x12 D:\Developpement_Robot\Robotic-System.git\trunk\Workspaces\MultiWorkSpaces_2021\0_lpc_chip_175x_6x\libs\libusbd_175x_6x_lib.a(hw_usbd_ip3503.o)
                0x00012d6c                hwRdCmdDat
 .text.hwUSB_GetMemSize
                0x00012d7e        0x6 D:\Developpement_Robot\Robotic-System.git\trunk\Workspaces\MultiWorkSpaces_2021\0_lpc_chip_175x_6x\libs\libusbd_175x_6x_lib.a(hw_usbd_ip3503.o)
                0x00012d7e                hwUSB_GetMemSize
 .text.hwUSB_Connect
                0x00012d84       0x1c D:\Developpement_Robot\Robotic-System.git\trunk\Workspaces\MultiWorkSpaces_2021\0_lpc_chip_175x_6x\libs\libusbd_175x_6x_lib.a(hw_usbd_ip3503.o)
                0x00012d84                hwUSB_Connect
 .text.hwUSB_Reset
                0x00012da0       0x30 D:\Developpement_Robot\Robotic-System.git\trunk\Workspaces\MultiWorkSpaces_2021\0_lpc_chip_175x_6x\libs\libusbd_175x_6x_lib.a(hw_usbd_ip3503.o)
                0x00012da0                hwUSB_Reset
 .text.hwUSB_WakeUp
                0x00012dd0       0x20 D:\Developpement_Robot\Robotic-System.git\trunk\Workspaces\MultiWorkSpaces_2021\0_lpc_chip_175x_6x\libs\libusbd_175x_6x_lib.a(hw_usbd_ip3503.o)
                0x00012dd0                hwUSB_WakeUp
 .text.hwUSB_WakeUpCfg
                0x00012df0        0x2 D:\Developpement_Robot\Robotic-System.git\trunk\Workspaces\MultiWorkSpaces_2021\0_lpc_chip_175x_6x\libs\libusbd_175x_6x_lib.a(hw_usbd_ip3503.o)
                0x00012df0                hwUSB_WakeUpCfg
 *fill*         0x00012df2        0x2 ff
 .text.hwUSB_SetAddress
                0x00012df4       0x30 D:\Developpement_Robot\Robotic-System.git\trunk\Workspaces\MultiWorkSpaces_2021\0_lpc_chip_175x_6x\libs\libusbd_175x_6x_lib.a(hw_usbd_ip3503.o)
                0x00012df4                hwUSB_SetAddress
 .text.hwUSB_Init
                0x00012e24       0x84 D:\Developpement_Robot\Robotic-System.git\trunk\Workspaces\MultiWorkSpaces_2021\0_lpc_chip_175x_6x\libs\libusbd_175x_6x_lib.a(hw_usbd_ip3503.o)
                0x00012e24                hwUSB_Init
 .text.hwUSB_Configure
                0x00012ea8       0x34 D:\Developpement_Robot\Robotic-System.git\trunk\Workspaces\MultiWorkSpaces_2021\0_lpc_chip_175x_6x\libs\libusbd_175x_6x_lib.a(hw_usbd_ip3503.o)
                0x00012ea8                hwUSB_Configure
 .text.hwUSB_ConfigEP
                0x00012edc       0x32 D:\Developpement_Robot\Robotic-System.git\trunk\Workspaces\MultiWorkSpaces_2021\0_lpc_chip_175x_6x\libs\libusbd_175x_6x_lib.a(hw_usbd_ip3503.o)
                0x00012edc                hwUSB_ConfigEP
 .text.hwUSB_DirCtrlEP
                0x00012f0e        0x2 D:\Developpement_Robot\Robotic-System.git\trunk\Workspaces\MultiWorkSpaces_2021\0_lpc_chip_175x_6x\libs\libusbd_175x_6x_lib.a(hw_usbd_ip3503.o)
                0x00012f0e                hwUSB_DirCtrlEP
 .text.hwUSB_EnableEP
                0x00012f10       0x24 D:\Developpement_Robot\Robotic-System.git\trunk\Workspaces\MultiWorkSpaces_2021\0_lpc_chip_175x_6x\libs\libusbd_175x_6x_lib.a(hw_usbd_ip3503.o)
                0x00012f10                hwUSB_EnableEP
 .text.hwUSB_DisableEP
                0x00012f34       0x28 D:\Developpement_Robot\Robotic-System.git\trunk\Workspaces\MultiWorkSpaces_2021\0_lpc_chip_175x_6x\libs\libusbd_175x_6x_lib.a(hw_usbd_ip3503.o)
                0x00012f34                hwUSB_DisableEP
 .text.hwUSB_ResetEP
                0x00012f5c       0x24 D:\Developpement_Robot\Robotic-System.git\trunk\Workspaces\MultiWorkSpaces_2021\0_lpc_chip_175x_6x\libs\libusbd_175x_6x_lib.a(hw_usbd_ip3503.o)
                0x00012f5c                hwUSB_ResetEP
 .text.hwUSB_SetStallEP
                0x00012f80       0x28 D:\Developpement_Robot\Robotic-System.git\trunk\Workspaces\MultiWorkSpaces_2021\0_lpc_chip_175x_6x\libs\libusbd_175x_6x_lib.a(hw_usbd_ip3503.o)
                0x00012f80                hwUSB_SetStallEP
 .text.hwUSB_ClrStallEP
                0x00012fa8       0x24 D:\Developpement_Robot\Robotic-System.git\trunk\Workspaces\MultiWorkSpaces_2021\0_lpc_chip_175x_6x\libs\libusbd_175x_6x_lib.a(hw_usbd_ip3503.o)
                0x00012fa8                hwUSB_ClrStallEP
 .text.hwUSB_EnableEvent
                0x00012fcc       0xd8 D:\Developpement_Robot\Robotic-System.git\trunk\Workspaces\MultiWorkSpaces_2021\0_lpc_chip_175x_6x\libs\libusbd_175x_6x_lib.a(hw_usbd_ip3503.o)
                0x00012fcc                hwUSB_EnableEvent
 .text.hwUSB_ReadEP
                0x000130a4       0x80 D:\Developpement_Robot\Robotic-System.git\trunk\Workspaces\MultiWorkSpaces_2021\0_lpc_chip_175x_6x\libs\libusbd_175x_6x_lib.a(hw_usbd_ip3503.o)
                0x000130a4                hwUSB_ReadEP
 .text.hwUSB_ForceFullSpeed
                0x00013124        0x2 D:\Developpement_Robot\Robotic-System.git\trunk\Workspaces\MultiWorkSpaces_2021\0_lpc_chip_175x_6x\libs\libusbd_175x_6x_lib.a(hw_usbd_ip3503.o)
                0x00013124                hwUSB_ForceFullSpeed
 .text.hwUSB_SetTestMode
                0x00013126        0x4 D:\Developpement_Robot\Robotic-System.git\trunk\Workspaces\MultiWorkSpaces_2021\0_lpc_chip_175x_6x\libs\libusbd_175x_6x_lib.a(hw_usbd_ip3503.o)
                0x00013126                hwUSB_SetTestMode
 .text.hwUSB_ReadReqEP
                0x0001312a        0x4 D:\Developpement_Robot\Robotic-System.git\trunk\Workspaces\MultiWorkSpaces_2021\0_lpc_chip_175x_6x\libs\libusbd_175x_6x_lib.a(hw_usbd_ip3503.o)
                0x0001312a                hwUSB_ReadReqEP
 .text.hwUSB_ReadSetupPkt
                0x0001312e        0x4 D:\Developpement_Robot\Robotic-System.git\trunk\Workspaces\MultiWorkSpaces_2021\0_lpc_chip_175x_6x\libs\libusbd_175x_6x_lib.a(hw_usbd_ip3503.o)
                0x0001312e                hwUSB_ReadSetupPkt
 *fill*         0x00013132        0x2 ff
 .text.hwUSB_WriteEP
                0x00013134       0x44 D:\Developpement_Robot\Robotic-System.git\trunk\Workspaces\MultiWorkSpaces_2021\0_lpc_chip_175x_6x\libs\libusbd_175x_6x_lib.a(hw_usbd_ip3503.o)
                0x00013134                hwUSB_WriteEP
 .text.hwUSB_ISR
                0x00013178      0x1a0 D:\Developpement_Robot\Robotic-System.git\trunk\Workspaces\MultiWorkSpaces_2021\0_lpc_chip_175x_6x\libs\libusbd_175x_6x_lib.a(hw_usbd_ip3503.o)
                0x00013178                hwUSB_ISR
 .text.mwCDC_SetRequest
                0x00013318       0x7c D:\Developpement_Robot\Robotic-System.git\trunk\Workspaces\MultiWorkSpaces_2021\0_lpc_chip_175x_6x\libs\libusbd_175x_6x_lib.a(mw_usbd_cdcuser.o)
                0x00013318                mwCDC_SetRequest
 .text.mwCDC_ep0_hdlr
                0x00013394       0xb0 D:\Developpement_Robot\Robotic-System.git\trunk\Workspaces\MultiWorkSpaces_2021\0_lpc_chip_175x_6x\libs\libusbd_175x_6x_lib.a(mw_usbd_cdcuser.o)
                0x00013394                mwCDC_ep0_hdlr
 .text.mwCDC_GetRequest
                0x00013444       0x50 D:\Developpement_Robot\Robotic-System.git\trunk\Workspaces\MultiWorkSpaces_2021\0_lpc_chip_175x_6x\libs\libusbd_175x_6x_lib.a(mw_usbd_cdcuser.o)
                0x00013444                mwCDC_GetRequest
 .text.mwCDC_SendNotification
                0x00013494       0x50 D:\Developpement_Robot\Robotic-System.git\trunk\Workspaces\MultiWorkSpaces_2021\0_lpc_chip_175x_6x\libs\libusbd_175x_6x_lib.a(mw_usbd_cdcuser.o)
                0x00013494                mwCDC_SendNotification
 .text.mwCDC_GetMemSize
                0x000134e4        0x4 D:\Developpement_Robot\Robotic-System.git\trunk\Workspaces\MultiWorkSpaces_2021\0_lpc_chip_175x_6x\libs\libusbd_175x_6x_lib.a(mw_usbd_cdcuser.o)
                0x000134e4                mwCDC_GetMemSize
 .text.mwCDC_init
                0x000134e8      0x140 D:\Developpement_Robot\Robotic-System.git\trunk\Workspaces\MultiWorkSpaces_2021\0_lpc_chip_175x_6x\libs\libusbd_175x_6x_lib.a(mw_usbd_cdcuser.o)
                0x000134e8                mwCDC_init
 .text.USB_ReqGetConfiguration
                0x00013628       0x20 D:\Developpement_Robot\Robotic-System.git\trunk\Workspaces\MultiWorkSpaces_2021\0_lpc_chip_175x_6x\libs\libusbd_175x_6x_lib.a(mw_usbd_core.o)
                0x00013628                USB_ReqGetConfiguration
 .text.USBD_virt_to_phys
                0x00013648        0x2 D:\Developpement_Robot\Robotic-System.git\trunk\Workspaces\MultiWorkSpaces_2021\0_lpc_chip_175x_6x\libs\libusbd_175x_6x_lib.a(mw_usbd_core.o)
                0x00013648                USBD_virt_to_phys
 .text.USBD_cache_flush
                0x0001364a        0x2 D:\Developpement_Robot\Robotic-System.git\trunk\Workspaces\MultiWorkSpaces_2021\0_lpc_chip_175x_6x\libs\libusbd_175x_6x_lib.a(mw_usbd_core.o)
                0x0001364a                USBD_cache_flush
 .text.USB_ReqGetStatus
                0x0001364c       0x8c D:\Developpement_Robot\Robotic-System.git\trunk\Workspaces\MultiWorkSpaces_2021\0_lpc_chip_175x_6x\libs\libusbd_175x_6x_lib.a(mw_usbd_core.o)
                0x0001364c                USB_ReqGetStatus
 .text.USB_ReqGetDescriptor
                0x000136d8       0x84 D:\Developpement_Robot\Robotic-System.git\trunk\Workspaces\MultiWorkSpaces_2021\0_lpc_chip_175x_6x\libs\libusbd_175x_6x_lib.a(mw_usbd_core.o)
                0x000136d8                USB_ReqGetDescriptor
 .text.USB_ReqGetInterface
                0x0001375c       0x34 D:\Developpement_Robot\Robotic-System.git\trunk\Workspaces\MultiWorkSpaces_2021\0_lpc_chip_175x_6x\libs\libusbd_175x_6x_lib.a(mw_usbd_core.o)
                0x0001375c                USB_ReqGetInterface
 .text.USB_ReqSetClrFeature
                0x00013790       0xb4 D:\Developpement_Robot\Robotic-System.git\trunk\Workspaces\MultiWorkSpaces_2021\0_lpc_chip_175x_6x\libs\libusbd_175x_6x_lib.a(mw_usbd_core.o)
                0x00013790                USB_ReqSetClrFeature
 .text.USB_ReqSetConfiguration
                0x00013844      0x194 D:\Developpement_Robot\Robotic-System.git\trunk\Workspaces\MultiWorkSpaces_2021\0_lpc_chip_175x_6x\libs\libusbd_175x_6x_lib.a(mw_usbd_core.o)
                0x00013844                USB_ReqSetConfiguration
 .text.USB_ReqSetInterface
                0x000139d8      0x144 D:\Developpement_Robot\Robotic-System.git\trunk\Workspaces\MultiWorkSpaces_2021\0_lpc_chip_175x_6x\libs\libusbd_175x_6x_lib.a(mw_usbd_core.o)
                0x000139d8                USB_ReqSetInterface
 .text.mwUSB_SetupStage
                0x00013b1c        0xa D:\Developpement_Robot\Robotic-System.git\trunk\Workspaces\MultiWorkSpaces_2021\0_lpc_chip_175x_6x\libs\libusbd_175x_6x_lib.a(mw_usbd_core.o)
                0x00013b1c                mwUSB_SetupStage
 .text.mwUSB_DataInStage
                0x00013b26       0x2e D:\Developpement_Robot\Robotic-System.git\trunk\Workspaces\MultiWorkSpaces_2021\0_lpc_chip_175x_6x\libs\libusbd_175x_6x_lib.a(mw_usbd_core.o)
                0x00013b26                mwUSB_DataInStage
 .text.mwUSB_DataOutStage
                0x00013b54       0x24 D:\Developpement_Robot\Robotic-System.git\trunk\Workspaces\MultiWorkSpaces_2021\0_lpc_chip_175x_6x\libs\libusbd_175x_6x_lib.a(mw_usbd_core.o)
                0x00013b54                mwUSB_DataOutStage
 .text.mwUSB_StatusInStage
                0x00013b78        0xa D:\Developpement_Robot\Robotic-System.git\trunk\Workspaces\MultiWorkSpaces_2021\0_lpc_chip_175x_6x\libs\libusbd_175x_6x_lib.a(mw_usbd_core.o)
                0x00013b78                mwUSB_StatusInStage
 .text.mwUSB_StatusOutStage
                0x00013b82        0xa D:\Developpement_Robot\Robotic-System.git\trunk\Workspaces\MultiWorkSpaces_2021\0_lpc_chip_175x_6x\libs\libusbd_175x_6x_lib.a(mw_usbd_core.o)
                0x00013b82                mwUSB_StatusOutStage
 .text.mwUSB_StallEp0
                0x00013b8c       0x12 D:\Developpement_Robot\Robotic-System.git\trunk\Workspaces\MultiWorkSpaces_2021\0_lpc_chip_175x_6x\libs\libusbd_175x_6x_lib.a(mw_usbd_core.o)
                0x00013b8c                mwUSB_StallEp0
 *fill*         0x00013b9e        0x2 ff
 .text.USB_ReqSetAddress
                0x00013ba0       0x24 D:\Developpement_Robot\Robotic-System.git\trunk\Workspaces\MultiWorkSpaces_2021\0_lpc_chip_175x_6x\libs\libusbd_175x_6x_lib.a(mw_usbd_core.o)
                0x00013ba0                USB_ReqSetAddress
 .text.USB_InvokeEp0Hdlrs
                0x00013bc4       0x44 D:\Developpement_Robot\Robotic-System.git\trunk\Workspaces\MultiWorkSpaces_2021\0_lpc_chip_175x_6x\libs\libusbd_175x_6x_lib.a(mw_usbd_core.o)
                0x00013bc4                USB_InvokeEp0Hdlrs
 .text.mwUSB_ResetCore
                0x00013c08       0x26 D:\Developpement_Robot\Robotic-System.git\trunk\Workspaces\MultiWorkSpaces_2021\0_lpc_chip_175x_6x\libs\libusbd_175x_6x_lib.a(mw_usbd_core.o)
                0x00013c08                mwUSB_ResetCore
 *fill*         0x00013c2e        0x2 ff
 .text.USB_EvtSetupHandler
                0x00013c30      0x108 D:\Developpement_Robot\Robotic-System.git\trunk\Workspaces\MultiWorkSpaces_2021\0_lpc_chip_175x_6x\libs\libusbd_175x_6x_lib.a(mw_usbd_core.o)
                0x00013c30                USB_EvtSetupHandler
 .text.USB_EvtOutHandler
                0x00013d38       0x68 D:\Developpement_Robot\Robotic-System.git\trunk\Workspaces\MultiWorkSpaces_2021\0_lpc_chip_175x_6x\libs\libusbd_175x_6x_lib.a(mw_usbd_core.o)
                0x00013d38                USB_EvtOutHandler
 .text.USB_EndPoint0
                0x00013da0       0x94 D:\Developpement_Robot\Robotic-System.git\trunk\Workspaces\MultiWorkSpaces_2021\0_lpc_chip_175x_6x\libs\libusbd_175x_6x_lib.a(mw_usbd_core.o)
                0x00013da0                USB_EndPoint0
 .text.mwUSB_InitCore
                0x00013e34       0xdc D:\Developpement_Robot\Robotic-System.git\trunk\Workspaces\MultiWorkSpaces_2021\0_lpc_chip_175x_6x\libs\libusbd_175x_6x_lib.a(mw_usbd_core.o)
                0x00013e34                mwUSB_InitCore
 .text.mwUSB_RegisterClassHandler
                0x00013f10       0x28 D:\Developpement_Robot\Robotic-System.git\trunk\Workspaces\MultiWorkSpaces_2021\0_lpc_chip_175x_6x\libs\libusbd_175x_6x_lib.a(mw_usbd_core.o)
                0x00013f10                mwUSB_RegisterClassHandler
 .text.mwUSB_RegisterEpHandler
                0x00013f38       0x24 D:\Developpement_Robot\Robotic-System.git\trunk\Workspaces\MultiWorkSpaces_2021\0_lpc_chip_175x_6x\libs\libusbd_175x_6x_lib.a(mw_usbd_core.o)
                0x00013f38                mwUSB_RegisterEpHandler
 .text.memcpy   0x00013f5c       0x1c c:/nxp/mcuxpressoide_11.2.1_4149/ide/plugins/com.nxp.mcuxpresso.tools.win32_11.2.0.202008311134/tools/bin/../lib/gcc/arm-none-eabi/9.2.1/../../../../arm-none-eabi/lib/thumb/v7-m/nofp\libc_nano.a(lib_a-memcpy-stub.o)
                0x00013f5c                memcpy
 .text.memset   0x00013f78       0x10 c:/nxp/mcuxpressoide_11.2.1_4149/ide/plugins/com.nxp.mcuxpresso.tools.win32_11.2.0.202008311134/tools/bin/../lib/gcc/arm-none-eabi/9.2.1/../../../../arm-none-eabi/lib/thumb/v7-m/nofp\libc_nano.a(lib_a-memset.o)
                0x00013f78                memset
 .text.sprintf  0x00013f88       0x40 c:/nxp/mcuxpressoide_11.2.1_4149/ide/plugins/com.nxp.mcuxpresso.tools.win32_11.2.0.202008311134/tools/bin/../lib/gcc/arm-none-eabi/9.2.1/../../../../arm-none-eabi/lib/thumb/v7-m/nofp\libc_nano.a(lib_a-sprintf.o)
                0x00013f88                siprintf
                0x00013f88                sprintf
 .text          0x00013fc8       0x10 c:/nxp/mcuxpressoide_11.2.1_4149/ide/plugins/com.nxp.mcuxpresso.tools.win32_11.2.0.202008311134/tools/bin/../lib/gcc/arm-none-eabi/9.2.1/../../../../arm-none-eabi/lib/thumb/v7-m/nofp\libc_nano.a(lib_a-strlen.o)
                0x00013fc8                strlen
 .text.__ssputs_r
                0x00013fd8       0xb6 c:/nxp/mcuxpressoide_11.2.1_4149/ide/plugins/com.nxp.mcuxpresso.tools.win32_11.2.0.202008311134/tools/bin/../lib/gcc/arm-none-eabi/9.2.1/../../../../arm-none-eabi/lib/thumb/v7-m/nofp\libc_nano.a(lib_a-nano-svfprintf.o)
                0x00013fd8                __ssputs_r
 *fill*         0x0001408e        0x2 ff
 .text._svfprintf_r
                0x00014090      0x200 c:/nxp/mcuxpressoide_11.2.1_4149/ide/plugins/com.nxp.mcuxpresso.tools.win32_11.2.0.202008311134/tools/bin/../lib/gcc/arm-none-eabi/9.2.1/../../../../arm-none-eabi/lib/thumb/v7-m/nofp\libc_nano.a(lib_a-nano-svfprintf.o)
                0x00014090                _svfiprintf_r
                0x00014090                _svfprintf_r
 .text._printf_common
                0x00014290       0xde c:/nxp/mcuxpressoide_11.2.1_4149/ide/plugins/com.nxp.mcuxpresso.tools.win32_11.2.0.202008311134/tools/bin/../lib/gcc/arm-none-eabi/9.2.1/../../../../arm-none-eabi/lib/thumb/v7-m/nofp\libc_nano.a(lib_a-nano-vfprintf_i.o)
                0x00014290                _printf_common
 *fill*         0x0001436e        0x2 ff
 .text._printf_i
                0x00014370      0x24c c:/nxp/mcuxpressoide_11.2.1_4149/ide/plugins/com.nxp.mcuxpresso.tools.win32_11.2.0.202008311134/tools/bin/../lib/gcc/arm-none-eabi/9.2.1/../../../../arm-none-eabi/lib/thumb/v7-m/nofp\libc_nano.a(lib_a-nano-vfprintf_i.o)
                0x00014370                _printf_i
 .text.memchr   0x000145bc       0x1c c:/nxp/mcuxpressoide_11.2.1_4149/ide/plugins/com.nxp.mcuxpresso.tools.win32_11.2.0.202008311134/tools/bin/../lib/gcc/arm-none-eabi/9.2.1/../../../../arm-none-eabi/lib/thumb/v7-m/nofp\libc_nano.a(lib_a-memchr-stub.o)
                0x000145bc                memchr
 .text.memmove  0x000145d8       0x34 c:/nxp/mcuxpressoide_11.2.1_4149/ide/plugins/com.nxp.mcuxpresso.tools.win32_11.2.0.202008311134/tools/bin/../lib/gcc/arm-none-eabi/9.2.1/../../../../arm-none-eabi/lib/thumb/v7-m/nofp\libc_nano.a(lib_a-memmove.o)
                0x000145d8                memmove
 .text._free_r  0x0001460c       0x98 c:/nxp/mcuxpressoide_11.2.1_4149/ide/plugins/com.nxp.mcuxpresso.tools.win32_11.2.0.202008311134/tools/bin/../lib/gcc/arm-none-eabi/9.2.1/../../../../arm-none-eabi/lib/thumb/v7-m/nofp\libc_nano.a(lib_a-nano-freer.o)
                0x0001460c                _free_r
 .text._malloc_r
                0x000146a4       0xb4 c:/nxp/mcuxpressoide_11.2.1_4149/ide/plugins/com.nxp.mcuxpresso.tools.win32_11.2.0.202008311134/tools/bin/../lib/gcc/arm-none-eabi/9.2.1/../../../../arm-none-eabi/lib/thumb/v7-m/nofp\libc_nano.a(lib_a-nano-mallocr.o)
                0x000146a4                _malloc_r
 .text._realloc_r
                0x00014758       0x4c c:/nxp/mcuxpressoide_11.2.1_4149/ide/plugins/com.nxp.mcuxpresso.tools.win32_11.2.0.202008311134/tools/bin/../lib/gcc/arm-none-eabi/9.2.1/../../../../arm-none-eabi/lib/thumb/v7-m/nofp\libc_nano.a(lib_a-nano-reallocr.o)
                0x00014758                _realloc_r
 .text._sbrk_r  0x000147a4       0x20 c:/nxp/mcuxpressoide_11.2.1_4149/ide/plugins/com.nxp.mcuxpresso.tools.win32_11.2.0.202008311134/tools/bin/../lib/gcc/arm-none-eabi/9.2.1/../../../../arm-none-eabi/lib/thumb/v7-m/nofp\libc_nano.a(lib_a-sbrkr.o)
                0x000147a4                _sbrk_r
 .text.__malloc_lock
                0x000147c4        0xc c:/nxp/mcuxpressoide_11.2.1_4149/ide/plugins/com.nxp.mcuxpresso.tools.win32_11.2.0.202008311134/tools/bin/../lib/gcc/arm-none-eabi/9.2.1/../../../../arm-none-eabi/lib/thumb/v7-m/nofp\libc_nano.a(lib_a-mlock.o)
                0x000147c4                __malloc_lock
 .text.__malloc_unlock
                0x000147d0        0xc c:/nxp/mcuxpressoide_11.2.1_4149/ide/plugins/com.nxp.mcuxpresso.tools.win32_11.2.0.202008311134/tools/bin/../lib/gcc/arm-none-eabi/9.2.1/../../../../arm-none-eabi/lib/thumb/v7-m/nofp\libc_nano.a(lib_a-mlock.o)
                0x000147d0                __malloc_unlock
 .text._malloc_usable_size_r
                0x000147dc       0x10 c:/nxp/mcuxpressoide_11.2.1_4149/ide/plugins/com.nxp.mcuxpresso.tools.win32_11.2.0.202008311134/tools/bin/../lib/gcc/arm-none-eabi/9.2.1/../../../../arm-none-eabi/lib/thumb/v7-m/nofp\libc_nano.a(lib_a-nano-msizer.o)
                0x000147dc                _malloc_usable_size_r
 .text.__retarget_lock_acquire_recursive
                0x000147ec        0x2 c:/nxp/mcuxpressoide_11.2.1_4149/ide/plugins/com.nxp.mcuxpresso.tools.win32_11.2.0.202008311134/tools/bin/../lib/gcc/arm-none-eabi/9.2.1/../../../../arm-none-eabi/lib/thumb/v7-m/nofp\libc_nano.a(lib_a-lock.o)
                0x000147ec                __retarget_lock_acquire_recursive
 .text.__retarget_lock_release_recursive
                0x000147ee        0x2 c:/nxp/mcuxpressoide_11.2.1_4149/ide/plugins/com.nxp.mcuxpresso.tools.win32_11.2.0.202008311134/tools/bin/../lib/gcc/arm-none-eabi/9.2.1/../../../../arm-none-eabi/lib/thumb/v7-m/nofp\libc_nano.a(lib_a-lock.o)
                0x000147ee                __retarget_lock_release_recursive
 .text._sbrk    0x000147f0       0x3c c:/nxp/mcuxpressoide_11.2.1_4149/ide/plugins/com.nxp.mcuxpresso.tools.win32_11.2.0.202008311134/tools/bin/../lib/gcc/arm-none-eabi/9.2.1/../../../../arm-none-eabi/lib/thumb/v7-m/nofp\libcr_newlib_none.a(_cr_sbrk.o)
                0x000147f0                _sbrk
 .text.__check_heap_overflow
                0x0001482c       0x14 c:/nxp/mcuxpressoide_11.2.1_4149/ide/plugins/com.nxp.mcuxpresso.tools.win32_11.2.0.202008311134/tools/bin/../lib/gcc/arm-none-eabi/9.2.1/../../../../arm-none-eabi/lib/thumb/v7-m/nofp\libcr_newlib_none.a(_cr_check_heap.o)
                0x0001482c                __check_heap_overflow
 .text.__errno  0x00014840        0xc c:/nxp/mcuxpressoide_11.2.1_4149/ide/plugins/com.nxp.mcuxpresso.tools.win32_11.2.0.202008311134/tools/bin/../lib/gcc/arm-none-eabi/9.2.1/../../../../arm-none-eabi/lib/thumb/v7-m/nofp\libc_nano.a(lib_a-errno.o)
                0x00014840                __errno
 *(.rodata .rodata.* .constdata .constdata.*)
 .rodata.main.str1.1
                0x0001484c        0xf ./src/IA_2021_V0.o
 *fill*         0x0001485b        0x1 ff
 .rodata        0x0001485c        0x5 ./src/test.o
 .rodata.vTaskStartScheduler.str1.1
                0x00014861        0x5 ./freertos/src/tasks.o
 .rodata.prvCheckForValidListAndQueue.str1.1
                0x00014866        0x5 ./freertos/src/timers.o
 .rodata.xTimerCreateTimerTask.str1.1
                0x0001486b        0x8 ./freertos/src/timers.o
 *fill*         0x00014873        0x1 ff
 .rodata.g_usbApi
                0x00014874       0x20 ./Communication/USB/src/cdc_usb_main.o
 .rodata        0x00014894       0x23 ./Communication/0_Communication.o
 .rodata        0x000148b7       0x26 ./Communication/1_Trame_Communication.o
 .rodata._2_Comm_Send_PONG.str1.1
                0x000148dd       0x65 ./Communication/2_Echange_Datas.o
 *fill*         0x00014942        0x2 ff
 .rodata._2_Communication_RX_Lectures_Messages.str1.4
                0x00014944       0x2b ./Communication/2_Echange_Datas_Reception.o
 .rodata._2_Communication_RX_Init.str1.1
                0x0001496f       0x11 ./Communication/2_Echange_Datas_Reception.o
 .rodata.MainOscPLL0conf_12
                0x00014980       0xf0 D:\Developpement_Robot\Robotic-System.git\trunk\Workspaces\MultiWorkSpaces_2021\0_lpc_chip_175x_6x\Release\lib0_lpc_chip_175x_6x.a(sysinit_17xx_40xx.o)
 .rodata.MainOscPLL0conf_16
                0x00014a70       0xb0 D:\Developpement_Robot\Robotic-System.git\trunk\Workspaces\MultiWorkSpaces_2021\0_lpc_chip_175x_6x\Release\lib0_lpc_chip_175x_6x.a(sysinit_17xx_40xx.o)
 .rodata.RTCOscRateIn
                0x00014b20        0x4 D:\Developpement_Robot\Robotic-System.git\trunk\Workspaces\MultiWorkSpaces_2021\0_lpc_board_nxp_lpcxpresso_1769\Release\lib0_lpc_board_nxp_lpcxpresso_1769.a(board.o)
                0x00014b20                RTCOscRateIn
 .rodata.hw_api
                0x00014b24       0x5c D:\Developpement_Robot\Robotic-System.git\trunk\Workspaces\MultiWorkSpaces_2021\0_lpc_chip_175x_6x\libs\libusbd_175x_6x_lib.a(mw_usbd_rom_api.o)
                0x00014b24                hw_api
 .rodata.core_api
                0x00014b80       0x20 D:\Developpement_Robot\Robotic-System.git\trunk\Workspaces\MultiWorkSpaces_2021\0_lpc_chip_175x_6x\libs\libusbd_175x_6x_lib.a(mw_usbd_rom_api.o)
                0x00014b80                core_api
 .rodata.cdc_api
                0x00014ba0        0xc D:\Developpement_Robot\Robotic-System.git\trunk\Workspaces\MultiWorkSpaces_2021\0_lpc_chip_175x_6x\libs\libusbd_175x_6x_lib.a(mw_usbd_rom_api.o)
                0x00014ba0                cdc_api
 .rodata._svfprintf_r.str1.1
                0x00014bac       0x11 c:/nxp/mcuxpressoide_11.2.1_4149/ide/plugins/com.nxp.mcuxpresso.tools.win32_11.2.0.202008311134/tools/bin/../lib/gcc/arm-none-eabi/9.2.1/../../../../arm-none-eabi/lib/thumb/v7-m/nofp\libc_nano.a(lib_a-nano-svfprintf.o)
 .rodata._printf_i.str1.1
                0x00014bbd       0x22 c:/nxp/mcuxpressoide_11.2.1_4149/ide/plugins/com.nxp.mcuxpresso.tools.win32_11.2.0.202008311134/tools/bin/../lib/gcc/arm-none-eabi/9.2.1/../../../../arm-none-eabi/lib/thumb/v7-m/nofp\libc_nano.a(lib_a-nano-vfprintf_i.o)
                0x00014be0                . = ALIGN (0x4)
 *fill*         0x00014bdf        0x1 ff

.glue_7         0x00014be0        0x0
 .glue_7        0x00014be0        0x0 linker stubs

.glue_7t        0x00014be0        0x0
 .glue_7t       0x00014be0        0x0 linker stubs

.vfp11_veneer   0x00014be0        0x0
 .vfp11_veneer  0x00014be0        0x0 linker stubs

.v4_bx          0x00014be0        0x0
 .v4_bx         0x00014be0        0x0 linker stubs

.iplt           0x00014be0        0x0
 .iplt          0x00014be0        0x0 ./src/IA_2021_V0.o

.rel.dyn        0x00014be0        0x0
 .rel.iplt      0x00014be0        0x0 ./src/IA_2021_V0.o

.ARM.extab
 *(.ARM.extab* .gnu.linkonce.armextab.*)

.ARM.exidx      0x00014be0        0x0
                0x00014be0                __exidx_start = .
 *(.ARM.exidx* .gnu.linkonce.armexidx.*)
                0x00014be0                __exidx_end = .
                0x00014be0                _etext = .

.data_RAM2      0x2007c000        0x0 load address 0x00014be0
 FILL mask 0xff
                [!provide]                PROVIDE (__start_data_RAM2 = .)
                [!provide]                PROVIDE (__start_data_Ram_USB = .)
 *(.ramfunc.$RAM2)
 *(.ramfunc.$Ram_USB)
 *(.data.$RAM2)
 *(.data.$Ram_USB)
 *(.data.$RAM2.*)
 *(.data.$Ram_USB.*)
                0x2007c000                . = ALIGN (0x4)
                [!provide]                PROVIDE (__end_data_RAM2 = .)
                [!provide]                PROVIDE (__end_data_Ram_USB = .)

.data_RAM3      0x2007c800        0x0 load address 0x00014be0
 FILL mask 0xff
                [!provide]                PROVIDE (__start_data_RAM3 = .)
                [!provide]                PROVIDE (__start_data_RAM3 = .)
 *(.ramfunc.$RAM3)
 *(.ramfunc.$RAM3)
 *(.data.$RAM3)
 *(.data.$RAM3)
 *(.data.$RAM3.*)
 *(.data.$RAM3.*)
                0x2007c800                . = ALIGN (0x4)
                [!provide]                PROVIDE (__end_data_RAM3 = .)
                [!provide]                PROVIDE (__end_data_RAM3 = .)

.uninit_RESERVED
                0x10000000        0x0
                0x10000000                _start_uninit_RESERVED = .
 *(.bss.$RESERVED*)
                0x10000000                . = ALIGN (0x4)
                0x10000000                _end_uninit_RESERVED = .

.data           0x10000000       0x80 load address 0x00014be0
 FILL mask 0xff
                0x10000000                _data = .
                [!provide]                PROVIDE (__start_data_RAM = .)
                [!provide]                PROVIDE (__start_data_RamLoc32 = .)
 *(vtable)
 *(.ramfunc*)
 *(CodeQuickAccess)
 *(DataQuickAccess)
 *(RamFunction)
 *(.data*)
 .data.xHeapRegions
                0x10000000       0x10 ./src/IA_2021_V0.o
 .data.uxCriticalNesting
                0x10000010        0x4 ./freertos/src/port.o
 .data.g_pUsbApi
                0x10000014        0x4 ./Communication/USB/src/cdc_usb_main.o
                0x10000014                g_pUsbApi
 .data.OscRateIn
                0x10000018        0x4 D:\Developpement_Robot\Robotic-System.git\trunk\Workspaces\MultiWorkSpaces_2021\0_lpc_board_nxp_lpcxpresso_1769\Release\lib0_lpc_board_nxp_lpcxpresso_1769.a(board.o)
                0x10000018                OscRateIn
 .data._impure_ptr
                0x1000001c        0x4 c:/nxp/mcuxpressoide_11.2.1_4149/ide/plugins/com.nxp.mcuxpresso.tools.win32_11.2.0.202008311134/tools/bin/../lib/gcc/arm-none-eabi/9.2.1/../../../../arm-none-eabi/lib/thumb/v7-m/nofp\libc_nano.a(lib_a-impure.o)
                0x1000001c                _impure_ptr
 .data.impure_data
                0x10000020       0x60 c:/nxp/mcuxpressoide_11.2.1_4149/ide/plugins/com.nxp.mcuxpresso.tools.win32_11.2.0.202008311134/tools/bin/../lib/gcc/arm-none-eabi/9.2.1/../../../../arm-none-eabi/lib/thumb/v7-m/nofp\libc_nano.a(lib_a-impure.o)
                0x10000080                . = ALIGN (0x4)
                0x10000080                _edata = .
                [!provide]                PROVIDE (__end_data_RAM = .)
                [!provide]                PROVIDE (__end_data_RamLoc32 = .)

.igot.plt       0x10000080        0x0 load address 0x00014c60
 .igot.plt      0x10000080        0x0 ./src/IA_2021_V0.o

.bss_RAM2       0x2007c000        0x0
                [!provide]                PROVIDE (__start_bss_RAM2 = .)
                [!provide]                PROVIDE (__start_bss_Ram_USB = .)
 *(.bss.$RAM2)
 *(.bss.$Ram_USB)
 *(.bss.$RAM2.*)
 *(.bss.$Ram_USB.*)
                0x2007c000                . = ALIGN ((. != 0x0)?0x4:0x1)
                [!provide]                PROVIDE (__end_bss_RAM2 = .)
                [!provide]                PROVIDE (__end_bss_Ram_USB = .)

.bss_RAM3       0x2007c800     0x23b0
                [!provide]                PROVIDE (__start_bss_RAM3 = .)
                [!provide]                PROVIDE (__start_bss_RAM3 = .)
 *(.bss.$RAM3)
 .bss.$RAM3     0x2007c800       0xc0 ./Strategie/0_Infos.o
 .bss.$RAM3     0x2007c8c0      0x180 ./Communication/0_Communication.o
 .bss.$RAM3     0x2007ca40       0xdf ./Communication/1_Trame_Communication.o
 *fill*         0x2007cb1f        0x1 
 .bss.$RAM3     0x2007cb20       0x46 ./Communication/2_Echange_Datas.o
 *fill*         0x2007cb66        0x2 
 .bss.$RAM3     0x2007cb68       0x46 ./Communication/2_Echange_Datas_Reception.o
 *(.bss.$RAM3)
 *(.bss.$RAM3.*)
 .bss.$RAM3.    0x2007cbae     0x2000 ./src/IA_2021_V0.o
 *(.bss.$RAM3.*)
                0x2007ebb0                . = ALIGN ((. != 0x0)?0x4:0x1)
 *fill*         0x2007ebae        0x2 
                [!provide]                PROVIDE (__end_bss_RAM3 = .)
                [!provide]                PROVIDE (__end_bss_RAM3 = .)

.bss            0x10000080      0x384
                0x10000080                _bss = .
                [!provide]                PROVIDE (__start_bss_RAM = .)
                [!provide]                PROVIDE (__start_bss_RamLoc32 = .)
 *(.bss*)
 .bss.Nb_Ping_Envoyes
                0x10000080        0x4 ./src/test.o
                0x10000080                Nb_Ping_Envoyes
 .bss.pxEnd     0x10000084        0x4 ./freertos/src/heap_5.o
 .bss.xBlockAllocatedBit
                0x10000088        0x4 ./freertos/src/heap_5.o
 .bss.xFreeBytesRemaining
                0x1000008c        0x4 ./freertos/src/heap_5.o
 .bss.xMinimumEverFreeBytesRemaining
                0x10000090        0x4 ./freertos/src/heap_5.o
 .bss.xNumberOfSuccessfulAllocations
                0x10000094        0x4 ./freertos/src/heap_5.o
 .bss.xNumberOfSuccessfulFrees
                0x10000098        0x4 ./freertos/src/heap_5.o
 .bss.xStart    0x1000009c        0x8 ./freertos/src/heap_5.o
 .bss.xQueueRegistry
                0x100000a4       0x50 ./freertos/src/queue.o
                0x100000a4                xQueueRegistry
 .bss.pxCurrentTCB
                0x100000f4        0x4 ./freertos/src/tasks.o
                0x100000f4                pxCurrentTCB
 .bss.pxDelayedTaskList
                0x100000f8        0x4 ./freertos/src/tasks.o
 .bss.pxOverflowDelayedTaskList
                0x100000fc        0x4 ./freertos/src/tasks.o
 .bss.pxReadyTasksLists
                0x10000100       0x64 ./freertos/src/tasks.o
 .bss.uxCurrentNumberOfTasks
                0x10000164        0x4 ./freertos/src/tasks.o
 .bss.uxDeletedTasksWaitingCleanUp
                0x10000168        0x4 ./freertos/src/tasks.o
 .bss.uxSchedulerSuspended
                0x1000016c        0x4 ./freertos/src/tasks.o
 .bss.uxTaskNumber
                0x10000170        0x4 ./freertos/src/tasks.o
 .bss.uxTopReadyPriority
                0x10000174        0x4 ./freertos/src/tasks.o
 .bss.xDelayedTaskList1
                0x10000178       0x14 ./freertos/src/tasks.o
 .bss.xDelayedTaskList2
                0x1000018c       0x14 ./freertos/src/tasks.o
 .bss.xIdleTaskHandle
                0x100001a0        0x4 ./freertos/src/tasks.o
 .bss.xNextTaskUnblockTime
                0x100001a4        0x4 ./freertos/src/tasks.o
 .bss.xNumOfOverflows
                0x100001a8        0x4 ./freertos/src/tasks.o
 .bss.xPendedTicks
                0x100001ac        0x4 ./freertos/src/tasks.o
 .bss.xPendingReadyList
                0x100001b0       0x14 ./freertos/src/tasks.o
 .bss.xSchedulerRunning
                0x100001c4        0x4 ./freertos/src/tasks.o
 .bss.xSuspendedTaskList
                0x100001c8       0x14 ./freertos/src/tasks.o
 .bss.xTasksWaitingTermination
                0x100001dc       0x14 ./freertos/src/tasks.o
 .bss.xTickCount
                0x100001f0        0x4 ./freertos/src/tasks.o
 .bss.xYieldPending
                0x100001f4        0x4 ./freertos/src/tasks.o
 .bss.pxCurrentTimerList
                0x100001f8        0x4 ./freertos/src/timers.o
 .bss.pxOverflowTimerList
                0x100001fc        0x4 ./freertos/src/timers.o
 .bss.xActiveTimerList1
                0x10000200       0x14 ./freertos/src/timers.o
 .bss.xActiveTimerList2
                0x10000214       0x14 ./freertos/src/timers.o
 .bss.xLastTime.9167
                0x10000228        0x4 ./freertos/src/timers.o
 .bss.xTimerQueue
                0x1000022c        0x4 ./freertos/src/timers.o
 .bss.xTimerTaskHandle
                0x10000230        0x4 ./freertos/src/timers.o
 .bss._0_Deplacement_EventGroup
                0x10000234        0x4 ./Strategie/Deplacement/0_Deplacements.o
                0x10000234                _0_Deplacement_EventGroup
 .bss.g_hUsb    0x10000238        0x4 ./Communication/USB/src/cdc_usb_main.o
                0x10000238                g_hUsb
 .bss.Message.11243
                0x1000023c       0x4d ./Communication/0_Communication.o
 *fill*         0x10000289        0x3 
 .bss._1_xQueue_Message_TO_Send
                0x1000028c        0x4 ./Communication/0_Communication.o
                0x1000028c                _1_xQueue_Message_TO_Send
 .bss.already_flaged.11232
                0x10000290        0x1 ./Communication/0_Communication.o
 .bss.g_txBuff.11244
                0x10000291       0x80 ./Communication/0_Communication.o
 *fill*         0x10000311        0x3 
 .bss.rxring_RS485
                0x10000314       0x14 ./Communication/0_Communication.o
                0x10000314                rxring_RS485
 .bss.txring    0x10000328       0x14 ./Communication/0_Communication.o
                0x10000328                txring
 .bss._0_Comm_EventGroup
                0x1000033c        0x4 ./Communication/0_Event_Group.o
                0x1000033c                _0_Comm_EventGroup
 .bss.Nb_Rx_Fifo_Full
                0x10000340        0x4 ./Communication/1_Trame_Communication.o
 .bss.Nb_Erreurs_com
                0x10000344        0x4 ./Communication/1_Trame_Communication.o
                0x10000344                Nb_Erreurs_com
 .bss.Nb_Messages_adresses_corrects
                0x10000348        0x4 ./Communication/1_Trame_Communication.o
 .bss.Nb_Messages_recus
                0x1000034c        0x4 ./Communication/1_Trame_Communication.o
 .bss._1_xQueue_Message_Receive
                0x10000350        0x4 ./Communication/1_Trame_Communication.o
                0x10000350                _1_xQueue_Message_Receive
 .bss.log_message
                0x10000354       0x3e ./Communication/2_Echange_Datas.o
 .bss.str.9973  0x10000392       0x46 ./Communication/2_Echange_Datas.o
 .bss.Nb_Messages_Interpretes
                0x100003d8        0x4 ./Communication/2_Echange_Datas_Reception.o
 .bss.Nb_PONG_recus
                0x100003dc        0x4 ./Communication/2_Echange_Datas_Reception.o
                0x100003dc                Nb_PONG_recus
 .bss.ABsyncSts
                0x100003e0        0x1 D:\Developpement_Robot\Robotic-System.git\trunk\Workspaces\MultiWorkSpaces_2021\0_lpc_chip_175x_6x\Release\lib0_lpc_chip_175x_6x.a(uart_17xx_40xx.o)
 *fill*         0x100003e1        0x3 
 .bss.__malloc_free_list
                0x100003e4        0x4 c:/nxp/mcuxpressoide_11.2.1_4149/ide/plugins/com.nxp.mcuxpresso.tools.win32_11.2.0.202008311134/tools/bin/../lib/gcc/arm-none-eabi/9.2.1/../../../../arm-none-eabi/lib/thumb/v7-m/nofp\libc_nano.a(lib_a-nano-mallocr.o)
                0x100003e4                __malloc_free_list
 .bss.__malloc_sbrk_start
                0x100003e8        0x4 c:/nxp/mcuxpressoide_11.2.1_4149/ide/plugins/com.nxp.mcuxpresso.tools.win32_11.2.0.202008311134/tools/bin/../lib/gcc/arm-none-eabi/9.2.1/../../../../arm-none-eabi/lib/thumb/v7-m/nofp\libc_nano.a(lib_a-nano-mallocr.o)
                0x100003e8                __malloc_sbrk_start
 .bss.__end_of_heap
                0x100003ec        0x4 c:/nxp/mcuxpressoide_11.2.1_4149/ide/plugins/com.nxp.mcuxpresso.tools.win32_11.2.0.202008311134/tools/bin/../lib/gcc/arm-none-eabi/9.2.1/../../../../arm-none-eabi/lib/thumb/v7-m/nofp\libcr_newlib_none.a(_cr_sbrk.o)
                0x100003ec                __end_of_heap
 *(COMMON)
 COMMON         0x100003f0        0x4 D:\Developpement_Robot\Robotic-System.git\trunk\Workspaces\MultiWorkSpaces_2021\0_lpc_chip_175x_6x\Release\lib0_lpc_chip_175x_6x.a(chip_17xx_40xx.o)
                0x100003f0                SystemCoreClock
 COMMON         0x100003f4        0x4 c:/nxp/mcuxpressoide_11.2.1_4149/ide/plugins/com.nxp.mcuxpresso.tools.win32_11.2.0.202008311134/tools/bin/../lib/gcc/arm-none-eabi/9.2.1/../../../../arm-none-eabi/lib/thumb/v7-m/nofp\libc_nano.a(lib_a-reent.o)
                0x100003f4                errno
 COMMON         0x100003f8        0x9 c:/nxp/mcuxpressoide_11.2.1_4149/ide/plugins/com.nxp.mcuxpresso.tools.win32_11.2.0.202008311134/tools/bin/../lib/gcc/arm-none-eabi/9.2.1/../../../../arm-none-eabi/lib/thumb/v7-m/nofp\libc_nano.a(lib_a-lock.o)
                0x100003f8                __lock___atexit_recursive_mutex
                0x100003f9                __lock___arc4random_mutex
                0x100003fa                __lock___env_recursive_mutex
                0x100003fb                __lock___sinit_recursive_mutex
                0x100003fc                __lock___malloc_recursive_mutex
                0x100003fd                __lock___at_quick_exit_mutex
                0x100003fe                __lock___dd_hash_mutex
                0x100003ff                __lock___tz_mutex
                0x10000400                __lock___sfp_recursive_mutex
                0x10000404                . = ALIGN (0x4)
 *fill*         0x10000401        0x3 
                0x10000404                _ebss = .
                [!provide]                PROVIDE (__end_bss_RAM = .)
                [!provide]                PROVIDE (__end_bss_RamLoc32 = .)
                [!provide]                PROVIDE (end = .)

.noinit_RAM2    0x2007c000        0x0
                [!provide]                PROVIDE (__start_noinit_RAM2 = .)
                [!provide]                PROVIDE (__start_noinit_Ram_USB = .)
 *(.noinit.$RAM2)
 *(.noinit.$Ram_USB)
 *(.noinit.$RAM2.*)
 *(.noinit.$Ram_USB.*)
                0x2007c000                . = ALIGN (0x4)
                [!provide]                PROVIDE (__end_noinit_RAM2 = .)
                [!provide]                PROVIDE (__end_noinit_Ram_USB = .)

.noinit_RAM3    0x2007ebb0        0x0
                [!provide]                PROVIDE (__start_noinit_RAM3 = .)
                [!provide]                PROVIDE (__start_noinit_RAM3 = .)
 *(.noinit.$RAM3)
 *(.noinit.$RAM3)
 *(.noinit.$RAM3.*)
 *(.noinit.$RAM3.*)
                0x2007ebb0                . = ALIGN (0x4)
                [!provide]                PROVIDE (__end_noinit_RAM3 = .)
                [!provide]                PROVIDE (__end_noinit_RAM3 = .)

.noinit         0x10000404        0x0
                0x10000404                _noinit = .
                [!provide]                PROVIDE (__start_noinit_RAM = .)
                [!provide]                PROVIDE (__start_noinit_RamLoc32 = .)
 *(.noinit*)
                0x10000404                . = ALIGN (0x4)
                0x10000404                _end_noinit = .
                [!provide]                PROVIDE (__end_noinit_RAM = .)
                [!provide]                PROVIDE (__end_noinit_RamLoc32 = .)
                0x10000404                PROVIDE (_pvHeapStart = DEFINED (__user_heap_base)?__user_heap_base:.)
                0x10008000                PROVIDE (_vStackTop = DEFINED (__user_stack_top)?__user_stack_top:(__top_RamLoc32 - 0x0))
                [!provide]                PROVIDE (__valid_user_code_checksum = (0x0 - ((((((_vStackTop + (ResetISR + 0x1)) + (NMI_Handler + 0x1)) + (HardFault_Handler + 0x1)) + (DEFINED (MemManage_Handler)?MemManage_Handler:0x0 + 0x1)) + (DEFINED (BusFault_Handler)?BusFault_Handler:0x0 + 0x1)) + (DEFINED (UsageFault_Handler)?UsageFault_Handler:0x0 + 0x1))))
                0x00010000                _image_start = LOADADDR (.text)
                0x00014c60                _image_end = (LOADADDR (.data) + SIZEOF (.data))
                0x00004c60                _image_size = (_image_end - _image_start)
OUTPUT(IA_2021_V0.axf elf32-littlearm)

.debug_info     0x00000000    0x2bec0
 .debug_info    0x00000000     0x28f2 ./src/IA_2021_V0.o
 .debug_info    0x000028f2     0x1294 ./src/Init.o
 .debug_info    0x00003b86      0x2f5 ./src/cr_startup_lpc175x_6x.o
 .debug_info    0x00003e7b       0x3c ./src/crp.o
 .debug_info    0x00003eb7      0x9d6 ./src/sysinit.o
 .debug_info    0x0000488d     0x107b ./src/test.o
 .debug_info    0x00005908      0xb10 ./freertos/src/FreeRTOSCommonHooks.o
 .debug_info    0x00006418     0x136c ./freertos/src/event_groups.o
 .debug_info    0x00007784      0xefd ./freertos/src/heap_5.o
 .debug_info    0x00008681      0xbeb ./freertos/src/list.o
 .debug_info    0x0000926c      0xd09 ./freertos/src/port.o
 .debug_info    0x00009f75     0x2551 ./freertos/src/queue.o
 .debug_info    0x0000c4c6     0x303c ./freertos/src/tasks.o
 .debug_info    0x0000f502     0x1d60 ./freertos/src/timers.o
 .debug_info    0x00011262     0x1682 ./Strategie/Deplacement/0_Deplacements.o
 .debug_info    0x000128e4      0xddd ./Strategie/0_Infos.o
 .debug_info    0x000136c1     0x2627 ./Communication/USB/src/cdc_usb_main.o
 .debug_info    0x00015ce8     0x101e ./Communication/RS485/0_RS485.o
 .debug_info    0x00016d06     0x31f7 ./Communication/0_Communication.o
 .debug_info    0x00019efd      0xaa4 ./Communication/0_Event_Group.o
 .debug_info    0x0001a9a1     0x1951 ./Communication/1_Trame_Communication.o
 .debug_info    0x0001c2f2     0x196d ./Communication/2_Echange_Datas.o
 .debug_info    0x0001dc5f     0x11b9 ./Communication/2_Echange_Datas_Reception.o
 .debug_info    0x0001ee18      0x642 D:\Developpement_Robot\Robotic-System.git\trunk\Workspaces\MultiWorkSpaces_2021\0_lpc_chip_175x_6x\Release\lib0_lpc_chip_175x_6x.a(chip_17xx_40xx.o)
 .debug_info    0x0001f45a      0xeb0 D:\Developpement_Robot\Robotic-System.git\trunk\Workspaces\MultiWorkSpaces_2021\0_lpc_chip_175x_6x\Release\lib0_lpc_chip_175x_6x.a(clock_17xx_40xx.o)
 .debug_info    0x0002030a      0x63f D:\Developpement_Robot\Robotic-System.git\trunk\Workspaces\MultiWorkSpaces_2021\0_lpc_chip_175x_6x\Release\lib0_lpc_chip_175x_6x.a(ring_buffer.o)
 .debug_info    0x00020949      0x89e D:\Developpement_Robot\Robotic-System.git\trunk\Workspaces\MultiWorkSpaces_2021\0_lpc_chip_175x_6x\Release\lib0_lpc_chip_175x_6x.a(sysinit_17xx_40xx.o)
 .debug_info    0x000211e7      0x501 D:\Developpement_Robot\Robotic-System.git\trunk\Workspaces\MultiWorkSpaces_2021\0_lpc_chip_175x_6x\Release\lib0_lpc_chip_175x_6x.a(timer_17xx_40xx.o)
 .debug_info    0x000216e8     0x179c D:\Developpement_Robot\Robotic-System.git\trunk\Workspaces\MultiWorkSpaces_2021\0_lpc_chip_175x_6x\Release\lib0_lpc_chip_175x_6x.a(uart_17xx_40xx.o)
 .debug_info    0x00022e84     0x2769 D:\Developpement_Robot\Robotic-System.git\trunk\Workspaces\MultiWorkSpaces_2021\0_lpc_board_nxp_lpcxpresso_1769\Release\lib0_lpc_board_nxp_lpcxpresso_1769.a(board.o)
 .debug_info    0x000255ed     0x14f8 D:\Developpement_Robot\Robotic-System.git\trunk\Workspaces\MultiWorkSpaces_2021\0_lpc_chip_175x_6x\libs\libusbd_175x_6x_lib.a(mw_usbd_rom_api.o)
 .debug_info    0x00026ae5     0x1f77 D:\Developpement_Robot\Robotic-System.git\trunk\Workspaces\MultiWorkSpaces_2021\0_lpc_chip_175x_6x\libs\libusbd_175x_6x_lib.a(hw_usbd_ip3503.o)
 .debug_info    0x00028a5c     0x14e4 D:\Developpement_Robot\Robotic-System.git\trunk\Workspaces\MultiWorkSpaces_2021\0_lpc_chip_175x_6x\libs\libusbd_175x_6x_lib.a(mw_usbd_cdcuser.o)
 .debug_info    0x00029f40     0x1f80 D:\Developpement_Robot\Robotic-System.git\trunk\Workspaces\MultiWorkSpaces_2021\0_lpc_chip_175x_6x\libs\libusbd_175x_6x_lib.a(mw_usbd_core.o)

.debug_abbrev   0x00000000     0x6a7b
 .debug_abbrev  0x00000000      0x3af ./src/IA_2021_V0.o
 .debug_abbrev  0x000003af      0x2dc ./src/Init.o
 .debug_abbrev  0x0000068b      0x166 ./src/cr_startup_lpc175x_6x.o
 .debug_abbrev  0x000007f1       0x35 ./src/crp.o
 .debug_abbrev  0x00000826      0x1cc ./src/sysinit.o
 .debug_abbrev  0x000009f2      0x301 ./src/test.o
 .debug_abbrev  0x00000cf3      0x285 ./freertos/src/FreeRTOSCommonHooks.o
 .debug_abbrev  0x00000f78      0x394 ./freertos/src/event_groups.o
 .debug_abbrev  0x0000130c      0x2f1 ./freertos/src/heap_5.o
 .debug_abbrev  0x000015fd      0x20b ./freertos/src/list.o
 .debug_abbrev  0x00001808      0x351 ./freertos/src/port.o
 .debug_abbrev  0x00001b59      0x43e ./freertos/src/queue.o
 .debug_abbrev  0x00001f97      0x4ee ./freertos/src/tasks.o
 .debug_abbrev  0x00002485      0x3fe ./freertos/src/timers.o
 .debug_abbrev  0x00002883      0x427 ./Strategie/Deplacement/0_Deplacements.o
 .debug_abbrev  0x00002caa      0x2a1 ./Strategie/0_Infos.o
 .debug_abbrev  0x00002f4b      0x3c5 ./Communication/USB/src/cdc_usb_main.o
 .debug_abbrev  0x00003310      0x2bf ./Communication/RS485/0_RS485.o
 .debug_abbrev  0x000035cf      0x537 ./Communication/0_Communication.o
 .debug_abbrev  0x00003b06      0x1e3 ./Communication/0_Event_Group.o
 .debug_abbrev  0x00003ce9      0x402 ./Communication/1_Trame_Communication.o
 .debug_abbrev  0x000040eb      0x3e3 ./Communication/2_Echange_Datas.o
 .debug_abbrev  0x000044ce      0x322 ./Communication/2_Echange_Datas_Reception.o
 .debug_abbrev  0x000047f0      0x1e7 D:\Developpement_Robot\Robotic-System.git\trunk\Workspaces\MultiWorkSpaces_2021\0_lpc_chip_175x_6x\Release\lib0_lpc_chip_175x_6x.a(chip_17xx_40xx.o)
 .debug_abbrev  0x000049d7      0x426 D:\Developpement_Robot\Robotic-System.git\trunk\Workspaces\MultiWorkSpaces_2021\0_lpc_chip_175x_6x\Release\lib0_lpc_chip_175x_6x.a(clock_17xx_40xx.o)
 .debug_abbrev  0x00004dfd      0x221 D:\Developpement_Robot\Robotic-System.git\trunk\Workspaces\MultiWorkSpaces_2021\0_lpc_chip_175x_6x\Release\lib0_lpc_chip_175x_6x.a(ring_buffer.o)
 .debug_abbrev  0x0000501e      0x294 D:\Developpement_Robot\Robotic-System.git\trunk\Workspaces\MultiWorkSpaces_2021\0_lpc_chip_175x_6x\Release\lib0_lpc_chip_175x_6x.a(sysinit_17xx_40xx.o)
 .debug_abbrev  0x000052b2      0x1f9 D:\Developpement_Robot\Robotic-System.git\trunk\Workspaces\MultiWorkSpaces_2021\0_lpc_chip_175x_6x\Release\lib0_lpc_chip_175x_6x.a(timer_17xx_40xx.o)
 .debug_abbrev  0x000054ab      0x4c9 D:\Developpement_Robot\Robotic-System.git\trunk\Workspaces\MultiWorkSpaces_2021\0_lpc_chip_175x_6x\Release\lib0_lpc_chip_175x_6x.a(uart_17xx_40xx.o)
 .debug_abbrev  0x00005974      0x521 D:\Developpement_Robot\Robotic-System.git\trunk\Workspaces\MultiWorkSpaces_2021\0_lpc_board_nxp_lpcxpresso_1769\Release\lib0_lpc_board_nxp_lpcxpresso_1769.a(board.o)
 .debug_abbrev  0x00005e95      0x143 D:\Developpement_Robot\Robotic-System.git\trunk\Workspaces\MultiWorkSpaces_2021\0_lpc_chip_175x_6x\libs\libusbd_175x_6x_lib.a(mw_usbd_rom_api.o)
 .debug_abbrev  0x00005fd8      0x3b8 D:\Developpement_Robot\Robotic-System.git\trunk\Workspaces\MultiWorkSpaces_2021\0_lpc_chip_175x_6x\libs\libusbd_175x_6x_lib.a(hw_usbd_ip3503.o)
 .debug_abbrev  0x00006390      0x2f5 D:\Developpement_Robot\Robotic-System.git\trunk\Workspaces\MultiWorkSpaces_2021\0_lpc_chip_175x_6x\libs\libusbd_175x_6x_lib.a(mw_usbd_cdcuser.o)
 .debug_abbrev  0x00006685      0x3f6 D:\Developpement_Robot\Robotic-System.git\trunk\Workspaces\MultiWorkSpaces_2021\0_lpc_chip_175x_6x\libs\libusbd_175x_6x_lib.a(mw_usbd_core.o)

.debug_loc      0x00000000     0xdc03
 .debug_loc     0x00000000      0x62f ./src/IA_2021_V0.o
 .debug_loc     0x0000062f      0x4f6 ./src/Init.o
 .debug_loc     0x00000b25      0x16a ./src/cr_startup_lpc175x_6x.o
 .debug_loc     0x00000c8f      0x162 ./src/test.o
 .debug_loc     0x00000df1       0x22 ./freertos/src/FreeRTOSCommonHooks.o
 .debug_loc     0x00000e13      0x924 ./freertos/src/event_groups.o
 .debug_loc     0x00001737      0x4ef ./freertos/src/heap_5.o
 .debug_loc     0x00001c26       0xaf ./freertos/src/list.o
 .debug_loc     0x00001cd5       0xbe ./freertos/src/port.o
 .debug_loc     0x00001d93     0x156a ./freertos/src/queue.o
 .debug_loc     0x000032fd     0x1c91 ./freertos/src/tasks.o
 .debug_loc     0x00004f8e      0xcf0 ./freertos/src/timers.o
 .debug_loc     0x00005c7e      0x40d ./Strategie/Deplacement/0_Deplacements.o
 .debug_loc     0x0000608b      0x1c2 ./Strategie/0_Infos.o
 .debug_loc     0x0000624d      0x127 ./Communication/USB/src/cdc_usb_main.o
 .debug_loc     0x00006374      0x3cd ./Communication/RS485/0_RS485.o
 .debug_loc     0x00006741      0x487 ./Communication/0_Communication.o
 .debug_loc     0x00006bc8      0x6ea ./Communication/1_Trame_Communication.o
 .debug_loc     0x000072b2      0x46a ./Communication/2_Echange_Datas.o
 .debug_loc     0x0000771c       0x8a ./Communication/2_Echange_Datas_Reception.o
 .debug_loc     0x000077a6      0x688 D:\Developpement_Robot\Robotic-System.git\trunk\Workspaces\MultiWorkSpaces_2021\0_lpc_chip_175x_6x\Release\lib0_lpc_chip_175x_6x.a(clock_17xx_40xx.o)
 .debug_loc     0x00007e2e      0x5ca D:\Developpement_Robot\Robotic-System.git\trunk\Workspaces\MultiWorkSpaces_2021\0_lpc_chip_175x_6x\Release\lib0_lpc_chip_175x_6x.a(ring_buffer.o)
 .debug_loc     0x000083f8      0x110 D:\Developpement_Robot\Robotic-System.git\trunk\Workspaces\MultiWorkSpaces_2021\0_lpc_chip_175x_6x\Release\lib0_lpc_chip_175x_6x.a(sysinit_17xx_40xx.o)
 .debug_loc     0x00008508      0x245 D:\Developpement_Robot\Robotic-System.git\trunk\Workspaces\MultiWorkSpaces_2021\0_lpc_chip_175x_6x\Release\lib0_lpc_chip_175x_6x.a(timer_17xx_40xx.o)
 .debug_loc     0x0000874d     0x1046 D:\Developpement_Robot\Robotic-System.git\trunk\Workspaces\MultiWorkSpaces_2021\0_lpc_chip_175x_6x\Release\lib0_lpc_chip_175x_6x.a(uart_17xx_40xx.o)
 .debug_loc     0x00009793     0x1b9f D:\Developpement_Robot\Robotic-System.git\trunk\Workspaces\MultiWorkSpaces_2021\0_lpc_board_nxp_lpcxpresso_1769\Release\lib0_lpc_board_nxp_lpcxpresso_1769.a(board.o)
 .debug_loc     0x0000b332      0xf0b D:\Developpement_Robot\Robotic-System.git\trunk\Workspaces\MultiWorkSpaces_2021\0_lpc_chip_175x_6x\libs\libusbd_175x_6x_lib.a(hw_usbd_ip3503.o)
 .debug_loc     0x0000c23d      0xb98 D:\Developpement_Robot\Robotic-System.git\trunk\Workspaces\MultiWorkSpaces_2021\0_lpc_chip_175x_6x\libs\libusbd_175x_6x_lib.a(mw_usbd_cdcuser.o)
 .debug_loc     0x0000cdd5      0xe2e D:\Developpement_Robot\Robotic-System.git\trunk\Workspaces\MultiWorkSpaces_2021\0_lpc_chip_175x_6x\libs\libusbd_175x_6x_lib.a(mw_usbd_core.o)

.debug_aranges  0x00000000      0xe08
 .debug_aranges
                0x00000000       0x30 ./src/IA_2021_V0.o
 .debug_aranges
                0x00000030       0x50 ./src/Init.o
 .debug_aranges
                0x00000080       0x80 ./src/cr_startup_lpc175x_6x.o
 .debug_aranges
                0x00000100       0x18 ./src/crp.o
 .debug_aranges
                0x00000118       0x20 ./src/sysinit.o
 .debug_aranges
                0x00000138       0x30 ./src/test.o
 .debug_aranges
                0x00000168       0x40 ./freertos/src/FreeRTOSCommonHooks.o
 .debug_aranges
                0x000001a8       0x60 ./freertos/src/event_groups.o
 .debug_aranges
                0x00000208       0x50 ./freertos/src/heap_5.o
 .debug_aranges
                0x00000258       0x40 ./freertos/src/list.o
 .debug_aranges
                0x00000298       0x70 ./freertos/src/port.o
 .debug_aranges
                0x00000308       0xe0 ./freertos/src/queue.o
 .debug_aranges
                0x000003e8      0x190 ./freertos/src/tasks.o
 .debug_aranges
                0x00000578       0xa8 ./freertos/src/timers.o
 .debug_aranges
                0x00000620       0x58 ./Strategie/Deplacement/0_Deplacements.o
 .debug_aranges
                0x00000678       0x40 ./Strategie/0_Infos.o
 .debug_aranges
                0x000006b8       0x28 ./Communication/USB/src/cdc_usb_main.o
 .debug_aranges
                0x000006e0       0x30 ./Communication/RS485/0_RS485.o
 .debug_aranges
                0x00000710       0x68 ./Communication/0_Communication.o
 .debug_aranges
                0x00000778       0x20 ./Communication/0_Event_Group.o
 .debug_aranges
                0x00000798       0x70 ./Communication/1_Trame_Communication.o
 .debug_aranges
                0x00000808       0x68 ./Communication/2_Echange_Datas.o
 .debug_aranges
                0x00000870       0x30 ./Communication/2_Echange_Datas_Reception.o
 .debug_aranges
                0x000008a0       0x28 D:\Developpement_Robot\Robotic-System.git\trunk\Workspaces\MultiWorkSpaces_2021\0_lpc_chip_175x_6x\Release\lib0_lpc_chip_175x_6x.a(chip_17xx_40xx.o)
 .debug_aranges
                0x000008c8       0xc8 D:\Developpement_Robot\Robotic-System.git\trunk\Workspaces\MultiWorkSpaces_2021\0_lpc_chip_175x_6x\Release\lib0_lpc_chip_175x_6x.a(clock_17xx_40xx.o)
 .debug_aranges
                0x00000990       0x50 D:\Developpement_Robot\Robotic-System.git\trunk\Workspaces\MultiWorkSpaces_2021\0_lpc_chip_175x_6x\Release\lib0_lpc_chip_175x_6x.a(ring_buffer.o)
 .debug_aranges
                0x000009e0       0x30 D:\Developpement_Robot\Robotic-System.git\trunk\Workspaces\MultiWorkSpaces_2021\0_lpc_chip_175x_6x\Release\lib0_lpc_chip_175x_6x.a(sysinit_17xx_40xx.o)
 .debug_aranges
                0x00000a10       0x38 D:\Developpement_Robot\Robotic-System.git\trunk\Workspaces\MultiWorkSpaces_2021\0_lpc_chip_175x_6x\Release\lib0_lpc_chip_175x_6x.a(timer_17xx_40xx.o)
 .debug_aranges
                0x00000a48       0xa8 D:\Developpement_Robot\Robotic-System.git\trunk\Workspaces\MultiWorkSpaces_2021\0_lpc_chip_175x_6x\Release\lib0_lpc_chip_175x_6x.a(uart_17xx_40xx.o)
 .debug_aranges
                0x00000af0       0xc8 D:\Developpement_Robot\Robotic-System.git\trunk\Workspaces\MultiWorkSpaces_2021\0_lpc_board_nxp_lpcxpresso_1769\Release\lib0_lpc_board_nxp_lpcxpresso_1769.a(board.o)
 .debug_aranges
                0x00000bb8       0x18 D:\Developpement_Robot\Robotic-System.git\trunk\Workspaces\MultiWorkSpaces_2021\0_lpc_chip_175x_6x\libs\libusbd_175x_6x_lib.a(mw_usbd_rom_api.o)
 .debug_aranges
                0x00000bd0      0x118 D:\Developpement_Robot\Robotic-System.git\trunk\Workspaces\MultiWorkSpaces_2021\0_lpc_chip_175x_6x\libs\libusbd_175x_6x_lib.a(hw_usbd_ip3503.o)
 .debug_aranges
                0x00000ce8       0x48 D:\Developpement_Robot\Robotic-System.git\trunk\Workspaces\MultiWorkSpaces_2021\0_lpc_chip_175x_6x\libs\libusbd_175x_6x_lib.a(mw_usbd_cdcuser.o)
 .debug_aranges
                0x00000d30       0xd8 D:\Developpement_Robot\Robotic-System.git\trunk\Workspaces\MultiWorkSpaces_2021\0_lpc_chip_175x_6x\libs\libusbd_175x_6x_lib.a(mw_usbd_core.o)

.debug_ranges   0x00000000     0x1a08
 .debug_ranges  0x00000000      0x108 ./src/IA_2021_V0.o
 .debug_ranges  0x00000108      0x100 ./src/Init.o
 .debug_ranges  0x00000208       0x70 ./src/cr_startup_lpc175x_6x.o
 .debug_ranges  0x00000278       0x10 ./src/sysinit.o
 .debug_ranges  0x00000288       0x58 ./src/test.o
 .debug_ranges  0x000002e0       0x30 ./freertos/src/FreeRTOSCommonHooks.o
 .debug_ranges  0x00000310       0x98 ./freertos/src/event_groups.o
 .debug_ranges  0x000003a8       0x40 ./freertos/src/heap_5.o
 .debug_ranges  0x000003e8       0x30 ./freertos/src/list.o
 .debug_ranges  0x00000418       0x78 ./freertos/src/port.o
 .debug_ranges  0x00000490      0x270 ./freertos/src/queue.o
 .debug_ranges  0x00000700      0x348 ./freertos/src/tasks.o
 .debug_ranges  0x00000a48      0x108 ./freertos/src/timers.o
 .debug_ranges  0x00000b50       0x80 ./Strategie/Deplacement/0_Deplacements.o
 .debug_ranges  0x00000bd0       0x30 ./Strategie/0_Infos.o
 .debug_ranges  0x00000c00       0x30 ./Communication/USB/src/cdc_usb_main.o
 .debug_ranges  0x00000c30       0x88 ./Communication/RS485/0_RS485.o
 .debug_ranges  0x00000cb8      0x128 ./Communication/0_Communication.o
 .debug_ranges  0x00000de0       0x10 ./Communication/0_Event_Group.o
 .debug_ranges  0x00000df0       0x80 ./Communication/1_Trame_Communication.o
 .debug_ranges  0x00000e70       0xc0 ./Communication/2_Echange_Datas.o
 .debug_ranges  0x00000f30       0x38 ./Communication/2_Echange_Datas_Reception.o