Archive member included to satisfy reference by file (symbol)

D:\Developpement_Robot\Robotic-System\trunk\Workspaces\MultiWorkSpaces_2021\0_lpc_chip_175x_6x\Release\lib0_lpc_chip_175x_6x.a(adc_17xx_40xx.o)
                              ./Level_0/Drivers/0_ADC/0_ADC.o (Chip_ADC_Init)
D:\Developpement_Robot\Robotic-System\trunk\Workspaces\MultiWorkSpaces_2021\0_lpc_chip_175x_6x\Release\lib0_lpc_chip_175x_6x.a(chip_17xx_40xx.o)
                              ./src/IA_2021_V0.o (SystemCoreClockUpdate)
D:\Developpement_Robot\Robotic-System\trunk\Workspaces\MultiWorkSpaces_2021\0_lpc_chip_175x_6x\Release\lib0_lpc_chip_175x_6x.a(clock_17xx_40xx.o)
                              D:\Developpement_Robot\Robotic-System\trunk\Workspaces\MultiWorkSpaces_2021\0_lpc_chip_175x_6x\Release\lib0_lpc_chip_175x_6x.a(chip_17xx_40xx.o) (Chip_Clock_EnablePLL)
D:\Developpement_Robot\Robotic-System\trunk\Workspaces\MultiWorkSpaces_2021\0_lpc_chip_175x_6x\Release\lib0_lpc_chip_175x_6x.a(ring_buffer.o)
                              ./Communication/0_Communication.o (RingBuffer_Init)
D:\Developpement_Robot\Robotic-System\trunk\Workspaces\MultiWorkSpaces_2021\0_lpc_chip_175x_6x\Release\lib0_lpc_chip_175x_6x.a(stopwatch_17xx_40xx.o)
                              ./Communication/USB/src/cdc_usb_main.o (StopWatch_Init)
D:\Developpement_Robot\Robotic-System\trunk\Workspaces\MultiWorkSpaces_2021\0_lpc_chip_175x_6x\Release\lib0_lpc_chip_175x_6x.a(sysinit_17xx_40xx.o)
                              ./src/IA_2021_V0.o (Chip_SetupXtalClocking)
D:\Developpement_Robot\Robotic-System\trunk\Workspaces\MultiWorkSpaces_2021\0_lpc_chip_175x_6x\Release\lib0_lpc_chip_175x_6x.a(timer_17xx_40xx.o)
                              ./src/IA_2021_V0.o (Chip_TIMER_Init)
D:\Developpement_Robot\Robotic-System\trunk\Workspaces\MultiWorkSpaces_2021\0_lpc_chip_175x_6x\Release\lib0_lpc_chip_175x_6x.a(uart_17xx_40xx.o)
                              ./Communication/0_Communication.o (Chip_UART_Init)
D:\Developpement_Robot\Robotic-System\trunk\Workspaces\MultiWorkSpaces_2021\0_lpc_board_nxp_lpcxpresso_1769\Release\lib0_lpc_board_nxp_lpcxpresso_1769.a(board.o)
                              ./src/IA_2021_V0.o (Set_Clock_in)
D:\Developpement_Robot\Robotic-System\trunk\Workspaces\MultiWorkSpaces_2021\0_lpc_chip_175x_6x\libs\libusbd_175x_6x_lib.a(mw_usbd_rom_api.o)
                              ./Communication/USB/src/cdc_usb_main.o (cdc_api)
D:\Developpement_Robot\Robotic-System\trunk\Workspaces\MultiWorkSpaces_2021\0_lpc_chip_175x_6x\libs\libusbd_175x_6x_lib.a(hw_usbd_ip3503.o)
                              D:\Developpement_Robot\Robotic-System\trunk\Workspaces\MultiWorkSpaces_2021\0_lpc_chip_175x_6x\libs\libusbd_175x_6x_lib.a(mw_usbd_rom_api.o) (hwUSB_GetMemSize)
D:\Developpement_Robot\Robotic-System\trunk\Workspaces\MultiWorkSpaces_2021\0_lpc_chip_175x_6x\libs\libusbd_175x_6x_lib.a(mw_usbd_cdcuser.o)
                              D:\Developpement_Robot\Robotic-System\trunk\Workspaces\MultiWorkSpaces_2021\0_lpc_chip_175x_6x\libs\libusbd_175x_6x_lib.a(mw_usbd_rom_api.o) (mwCDC_SendNotification)
D:\Developpement_Robot\Robotic-System\trunk\Workspaces\MultiWorkSpaces_2021\0_lpc_chip_175x_6x\libs\libusbd_175x_6x_lib.a(mw_usbd_core.o)
                              D:\Developpement_Robot\Robotic-System\trunk\Workspaces\MultiWorkSpaces_2021\0_lpc_chip_175x_6x\libs\libusbd_175x_6x_lib.a(mw_usbd_rom_api.o) (mwUSB_SetupStage)
D:\Developpement_Robot\Robotic-System\trunk\Workspaces\MultiWorkSpaces_2021\0_lpc_chip_175x_6x\libs\libusbd_175x_6x_lib.a(mw_usbd_dfuuser.o)
                              D:\Developpement_Robot\Robotic-System\trunk\Workspaces\MultiWorkSpaces_2021\0_lpc_chip_175x_6x\libs\libusbd_175x_6x_lib.a(mw_usbd_rom_api.o) (mwDFU_GetMemSize)
D:\Developpement_Robot\Robotic-System\trunk\Workspaces\MultiWorkSpaces_2021\0_lpc_chip_175x_6x\libs\libusbd_175x_6x_lib.a(mw_usbd_hiduser.o)
                              D:\Developpement_Robot\Robotic-System\trunk\Workspaces\MultiWorkSpaces_2021\0_lpc_chip_175x_6x\libs\libusbd_175x_6x_lib.a(mw_usbd_rom_api.o) (mwHID_GetMemSize)
D:\Developpement_Robot\Robotic-System\trunk\Workspaces\MultiWorkSpaces_2021\0_lpc_chip_175x_6x\libs\libusbd_175x_6x_lib.a(mw_usbd_mscuser.o)
                              D:\Developpement_Robot\Robotic-System\trunk\Workspaces\MultiWorkSpaces_2021\0_lpc_chip_175x_6x\libs\libusbd_175x_6x_lib.a(mw_usbd_rom_api.o) (mwMSC_GetMemSize)
c:/nxp/mcuxpressoide_11.2.1_4149/ide/plugins/com.nxp.mcuxpresso.tools.win32_11.2.0.202008311134/tools/bin/../lib/gcc/arm-none-eabi/9.2.1/thumb/v7-m/nofp\libgcc.a(_arm_mulsf3.o)
                              ./Strategie/Strategie_Level0/Deplacement/0_Deplacements.o (__aeabi_fmul)
c:/nxp/mcuxpressoide_11.2.1_4149/ide/plugins/com.nxp.mcuxpresso.tools.win32_11.2.0.202008311134/tools/bin/../lib/gcc/arm-none-eabi/9.2.1/thumb/v7-m/nofp\libgcc.a(_arm_addsubdf3.o)
                              ./Communication/2_Echange_Datas.o (__aeabi_f2d)
[...]
Memory Configuration

Name             Origin             Length             Attributes
MFlash512        0x00010000         0x00070000         xr
RamLoc32         0x10000000         0x00008000         xrw
Ram_USB          0x2007c000         0x00000800         xrw
RAM3             0x2007c800         0x00007800         xrw
*default*        0x00000000         0xffffffff

Linker script and memory map

LOAD ./src/IA_2021_V0.o
LOAD ./src/Init.o
LOAD ./src/cr_startup_lpc175x_6x.o
LOAD ./src/crp.o
LOAD ./src/sysinit.o
LOAD ./src/test.o
LOAD ./freertos/src/FreeRTOSCommonHooks.o
LOAD ./freertos/src/croutine.o
LOAD ./freertos/src/event_groups.o
LOAD ./freertos/src/heap_5.o
LOAD ./freertos/src/list.o
LOAD ./freertos/src/port.o
LOAD ./freertos/src/queue.o
LOAD ./freertos/src/stream_buffer.o
LOAD ./freertos/src/tasks.o
LOAD ./freertos/src/timers.o
LOAD ./freertos/FreeRTOS_Trace/trcHardwarePort.o
LOAD ./freertos/FreeRTOS_Trace/trcKernelPort.o
LOAD ./freertos/FreeRTOS_Trace/trcSnapshotRecorder.o
LOAD ./Strategie/Strategie_Level0/Deplacement/0_Deplacements.o
LOAD ./Strategie/Strategie_Level0/Deplacement/1_Obstacles.o
LOAD ./Strategie/Strategie_Level0/Actionneurs/0_Actionneurs.o
LOAD ./Strategie/Strategie_Level0/0_Infos.o
LOAD ./Strategie/Strategie_Level0/Strategie_Actions.o
LOAD ./Strategie/Strategie.o
LOAD ./Pathfinding/Astar/Astar.o
LOAD ./Level_0/Drivers/0_ADC/0_ADC.o
LOAD ./Communication/USB/src/cdc_desc.o
LOAD ./Communication/USB/src/cdc_usb_main.o
LOAD ./Communication/USB/src/cdc_vcom.o
LOAD ./Communication/RS485/0_RS485.o
LOAD ./Communication/0_Communication.o
LOAD ./Communication/0_Event_Group.o
LOAD ./Communication/1_Trame_Communication.o
LOAD ./Communication/2_Echange_Data_Strategie.o
LOAD ./Communication/2_Echange_Datas.o
LOAD ./Communication/2_Echange_Datas_Reception.o
LOAD D:\Developpement_Robot\Robotic-System\trunk\Workspaces\MultiWorkSpaces_2021\0_lpc_chip_175x_6x\Release\lib0_lpc_chip_175x_6x.a
LOAD D:\Developpement_Robot\Robotic-System\trunk\Workspaces\MultiWorkSpaces_2021\0_lpc_board_nxp_lpcxpresso_1769\Release\lib0_lpc_board_nxp_lpcxpresso_1769.a
LOAD D:\Developpement_Robot\Robotic-System\trunk\Workspaces\MultiWorkSpaces_2021\0_lpc_chip_175x_6x\libs\libusbd_175x_6x_lib.a
START GROUP
LOAD c:/nxp/mcuxpressoide_11.2.1_4149/ide/plugins/com.nxp.mcuxpresso.tools.win32_11.2.0.202008311134/tools/bin/../lib/gcc/arm-none-eabi/9.2.1/thumb/v7-m/nofp\libgcc.a
LOAD c:/nxp/mcuxpressoide_11.2.1_4149/ide/plugins/com.nxp.mcuxpresso.tools.win32_11.2.0.202008311134/tools/bin/../lib/gcc/arm-none-eabi/9.2.1/../../../../arm-none-eabi/lib/thumb/v7-m/nofp\libc_nano.a
LOAD c:/nxp/mcuxpressoide_11.2.1_4149/ide/plugins/com.nxp.mcuxpresso.tools.win32_11.2.0.202008311134/tools/bin/../lib/gcc/arm-none-eabi/9.2.1/../../../../arm-none-eabi/lib/thumb/v7-m/nofp\libm.a
LOAD c:/nxp/mcuxpressoide_11.2.1_4149/ide/plugins/com.nxp.mcuxpresso.tools.win32_11.2.0.202008311134/tools/bin/../lib/gcc/arm-none-eabi/9.2.1/../../../../arm-none-eabi/lib/thumb/v7-m/nofp\libcr_newlib_none.a
END GROUP
                0x00010000                __base_MFlash512 = 0x10000
                0x00010000                __base_Flash = 0x10000
                0x00080000                __top_MFlash512 = 0x80000
                0x00080000                __top_Flash = 0x80000
                0x10000000                __base_RamLoc32 = 0x10000000
                0x10000000                __base_RAM = 0x10000000
                0x10008000                __top_RamLoc32 = 0x10008000
                0x10008000                __top_RAM = 0x10008000
                0x2007c000                __base_Ram_USB = 0x2007c000
                0x2007c000                __base_RAM2 = 0x2007c000
                0x2007c800                __top_Ram_USB = 0x2007c800
                0x2007c800                __top_RAM2 = 0x2007c800
                0x2007c800                __base_RAM3 = 0x2007c800
                0x2007c800                __base_RAM3 = 0x2007c800
                0x20084000                __top_RAM3 = 0x20084000
                0x20084000                __top_RAM3 = 0x20084000

.text           0x00010000     0xa150
 FILL mask 0xff
                0x00010000                __vectors_start__ = ABSOLUTE (.)
 *(.isr_vector)
 .isr_vector    0x00010000       0xcc ./src/cr_startup_lpc175x_6x.o
                0x00010000                g_pfnVectors
                0x000100cc                . = ALIGN (0x4)
                0x000100cc                __section_table_start = .
                0x000100cc                __data_section_table = .
                0x000100cc        0x4 LONG 0x1a150 LOADADDR (.data)
                0x000100d0        0x4 LONG 0x10000000 ADDR (.data)
                0x000100d4        0x4 LONG 0x1ec SIZEOF (.data)
                0x000100d8        0x4 LONG 0x1a150 LOADADDR (.data_RAM2)
                0x000100dc        0x4 LONG 0x2007c000 ADDR (.data_RAM2)
                0x000100e0        0x4 LONG 0x0 SIZEOF (.data_RAM2)
                0x000100e4        0x4 LONG 0x1a150 LOADADDR (.data_RAM3)
                0x000100e8        0x4 LONG 0x2007c800 ADDR (.data_RAM3)
                0x000100ec        0x4 LONG 0x0 SIZEOF (.data_RAM3)
                0x000100f0                __data_section_table_end = .
                0x000100f0                __bss_section_table = .
                0x000100f0        0x4 LONG 0x100001ec ADDR (.bss)
                0x000100f4        0x4 LONG 0x52d0 SIZEOF (.bss)
                0x000100f8        0x4 LONG 0x2007c000 ADDR (.bss_RAM2)
                0x000100fc        0x4 LONG 0x0 SIZEOF (.bss_RAM2)
                0x00010100        0x4 LONG 0x2007c800 ADDR (.bss_RAM3)
                0x00010104        0x4 LONG 0x4450 SIZEOF (.bss_RAM3)
                0x00010108                __bss_section_table_end = .
                0x00010108                __section_table_end = .
 *(.after_vectors*)
 .after_vectors
                0x00010108       0x8c ./src/cr_startup_lpc175x_6x.o
                0x00010108                NMI_Handler
                0x0001010a                HardFault_Handler
                0x0001010c                MemManage_Handler
                0x0001010e                BusFault_Handler
                0x00010110                UsageFault_Handler
                0x00010112                DebugMon_Handler
                0x00010114                USBActivity_IRQHandler
                0x00010114                PWM1_IRQHandler
                0x00010114                I2C0_IRQHandler
                0x00010114                RIT_IRQHandler
                0x00010114                I2C1_IRQHandler
                0x00010114                EINT2_IRQHandler
                0x00010114                EINT3_IRQHandler
                0x00010114                CANActivity_IRQHandler
                0x00010114                TIMER3_IRQHandler
                0x00010114                UART0_IRQHandler
                0x00010114                DMA_IRQHandler
                0x00010114                UART3_IRQHandler
                0x00010114                IntDefaultHandler
                0x00010114                PLL0_IRQHandler
                0x00010114                CAN_IRQHandler
                0x00010114                PLL1_IRQHandler
                0x00010114                SSP0_IRQHandler
                0x00010114                I2S_IRQHandler
                0x00010114                I2C2_IRQHandler
                0x00010114                RTC_IRQHandler
                0x00010114                TIMER0_IRQHandler
                0x00010114                SPI_IRQHandler
                0x00010114                ETH_IRQHandler
                0x00010114                EINT1_IRQHandler
                0x00010114                TIMER1_IRQHandler
                0x00010114                ADC_IRQHandler
                0x00010114                SSP1_IRQHandler
                0x00010114                BOD_IRQHandler
                0x00010114                TIMER2_IRQHandler
                0x00010114                WDT_IRQHandler
                0x00010114                EINT0_IRQHandler
                0x00010114                QEI_IRQHandler
                0x00010114                MCPWM_IRQHandler
                0x00010116                data_init
                0x00010132                bss_init
                0x00010144                ResetISR
                0x0001018c                SVC_Handler
                0x0001018e                PendSV_Handler
                0x00010190                SysTick_Handler
                0x000002fc                . = 0x2fc
 *fill*         0x00010194      0x168 ff
                0x000102fc                PROVIDE (__CRP_WORD_START__ = .)
 *(.crp)
 .crp           0x000102fc        0x4 ./src/crp.o
                0x000102fc                CRP_WORD
                0x00010300                PROVIDE (__CRP_WORD_END__ = .)
                0x00000001                ASSERT (! ((__CRP_WORD_START__ == __CRP_WORD_END__)), Linker CRP Enabled, but no CRP_WORD provided within application)
 *(.text*)
 .text.vConfigureTimerForRunTimeStats
                0x00010300       0x22 ./src/IA_2021_V0.o
                0x00010300                vConfigureTimerForRunTimeStats
 *fill*         0x00010322        0x2 ff
 .text.prvSetupHardware
                0x00010324       0x30 ./src/IA_2021_V0.o
 .text.vTask_HartBeat
                0x00010354       0x64 ./src/IA_2021_V0.o
 .text.main     0x000103b8       0x34 ./src/IA_2021_V0.o
                0x000103b8                main
 .text.Set_Debug_Pin_0_Low
                0x000103ec       0x10 ./src/Init.o
                0x000103ec                Set_Debug_Pin_0_Low
 .text.Set_Debug_Pin_1_Low
                0x000103fc       0x10 ./src/Init.o
                0x000103fc                Set_Debug_Pin_1_Low
 .text.Init_Carte_IA
                0x0001040c       0x9c ./src/Init.o
                0x0001040c                Init_Carte_IA
 .text.Init_Send_Robot_ID
                0x000104a8        0xe ./src/Init.o
                0x000104a8                Init_Send_Robot_ID
 *fill*         0x000104b6        0x2 ff
 .text.SystemInit
                0x000104b8       0x18 ./src/sysinit.o
                0x000104b8                SystemInit
 .text.TEST_init_parametres
                0x000104d0       0x4c ./src/test.o
                0x000104d0                TEST_init_parametres
 .text.TEST_Deplacement
                0x0001051c      0x1c4 ./src/test.o
                0x0001051c                TEST_Deplacement
 .text.TEST_Deplacement2
                0x000106e0      0x1c4 ./src/test.o
                0x000106e0                TEST_Deplacement2
 .text.vApplicationStackOverflowHook
                0x000108a4      0x118 ./freertos/src/FreeRTOSCommonHooks.o
                0x000108a4                vApplicationStackOverflowHook
 .text.prvTestWaitCondition
                0x000109bc       0x1c ./freertos/src/event_groups.o
 .text.xEventGroupCreate
                0x000109d8       0x1a ./freertos/src/event_groups.o
                0x000109d8                xEventGroupCreate
 *fill*         0x000109f2        0x2 ff
 .text.xEventGroupWaitBits
                0x000109f4       0xbc ./freertos/src/event_groups.o
                0x000109f4                xEventGroupWaitBits
 .text.xEventGroupClearBits
                0x00010ab0       0x1a ./freertos/src/event_groups.o
                0x00010ab0                xEventGroupClearBits
 .text.xEventGroupSetBits
                0x00010aca       0x62 ./freertos/src/event_groups.o
                0x00010aca                xEventGroupSetBits
 .text.vEventGroupSetBitsCallback
                0x00010b2c        0x8 ./freertos/src/event_groups.o
                0x00010b2c                vEventGroupSetBitsCallback
 .text.prvInsertBlockIntoFreeList
                0x00010b34       0x54 ./freertos/src/heap_5.o
 .text.pvPortMalloc
                0x00010b88       0xc0 ./freertos/src/heap_5.o
                0x00010b88                pvPortMalloc
 .text.vPortFree
                0x00010c48       0x58 ./freertos/src/heap_5.o
                0x00010c48                vPortFree
 .text.vPortDefineHeapRegions
                0x00010ca0       0x84 ./freertos/src/heap_5.o
                0x00010ca0                vPortDefineHeapRegions
 .text.vListInitialise
                0x00010d24       0x16 ./freertos/src/list.o
                0x00010d24                vListInitialise
 .text.vListInitialiseItem
                0x00010d3a        0x6 ./freertos/src/list.o
                0x00010d3a                vListInitialiseItem
 .text.vListInsertEnd
                0x00010d40       0x16 ./freertos/src/list.o
                0x00010d40                vListInsertEnd
 .text.vListInsert
                0x00010d56       0x32 ./freertos/src/list.o
                0x00010d56                vListInsert
 .text.uxListRemove
                0x00010d88       0x26 ./freertos/src/list.o
                0x00010d88                uxListRemove
 .text.prvTaskExitError
                0x00010dae       0x20 ./freertos/src/port.o
 *fill*         0x00010dce        0x2 ff
 .text.prvPortStartFirstTask
                0x00010dd0       0x20 ./freertos/src/port.o
 .text.pxPortInitialiseStack
                0x00010df0       0x24 ./freertos/src/port.o
                0x00010df0                pxPortInitialiseStack
 *fill*         0x00010e14        0xc ff
 .text.vPortSVCHandler
                0x00010e20       0x24 ./freertos/src/port.o
                0x00010e20                vPortSVCHandler
 .text.vPortEnterCritical
                0x00010e44       0x20 ./freertos/src/port.o
                0x00010e44                vPortEnterCritical
 .text.vPortExitCritical
                0x00010e64       0x14 ./freertos/src/port.o
                0x00010e64                vPortExitCritical
 *fill*         0x00010e78        0x8 ff
 .text.xPortPendSVHandler
                0x00010e80       0x44 ./freertos/src/port.o
                0x00010e80                xPortPendSVHandler
 .text.xPortSysTickHandler
                0x00010ec4       0x2c ./freertos/src/port.o
                0x00010ec4                xPortSysTickHandler
 .text.vPortSetupTimerInterrupt
                0x00010ef0       0x24 ./freertos/src/port.o
                0x00010ef0                vPortSetupTimerInterrupt
 .text.xPortStartScheduler
                0x00010f14       0x38 ./freertos/src/port.o
                0x00010f14                xPortStartScheduler
 .text.prvGetDisinheritPriorityAfterTimeout
                0x00010f4c       0x10 ./freertos/src/queue.o
 .text.prvIsQueueFull
                0x00010f5c       0x1e ./freertos/src/queue.o
 .text.prvIsQueueEmpty
                0x00010f7a       0x1a ./freertos/src/queue.o
 .text.prvCopyDataToQueue
                0x00010f94       0x76 ./freertos/src/queue.o
 .text.prvCopyDataFromQueue
                0x0001100a       0x24 ./freertos/src/queue.o
 .text.prvUnlockQueue
                0x0001102e       0x6e ./freertos/src/queue.o
 .text.xQueueGenericReset
                0x0001109c       0x70 ./freertos/src/queue.o
                0x0001109c                xQueueGenericReset
 .text.prvInitialiseNewQueue
                0x0001110c       0x1c ./freertos/src/queue.o
 .text.xQueueGenericCreate
                0x00011128       0x2e ./freertos/src/queue.o
                0x00011128                xQueueGenericCreate
 *fill*         0x00011156        0x2 ff
 .text.xQueueGenericSend
                0x00011158      0x118 ./freertos/src/queue.o
                0x00011158                xQueueGenericSend
 .text.prvInitialiseMutex
                0x00011270       0x18 ./freertos/src/queue.o
 .text.xQueueCreateMutex
                0x00011288       0x16 ./freertos/src/queue.o
                0x00011288                xQueueCreateMutex
 .text.xQueueGenericSendFromISR
                0x0001129e       0x72 ./freertos/src/queue.o
                0x0001129e                xQueueGenericSendFromISR
 .text.xQueueReceive
                0x00011310      0x10c ./freertos/src/queue.o
                0x00011310                xQueueReceive
 .text.xQueueSemaphoreTake
                0x0001141c      0x144 ./freertos/src/queue.o
                0x0001141c                xQueueSemaphoreTake
 .text.vQueueAddToRegistry
                0x00011560       0x28 ./freertos/src/queue.o
                0x00011560                vQueueAddToRegistry
 .text.vQueueWaitForMessageRestricted
                0x00011588       0x52 ./freertos/src/queue.o
                0x00011588                vQueueWaitForMessageRestricted
 *fill*         0x000115da        0x2 ff
 .text.prvResetNextTaskUnblockTime
                0x000115dc       0x2c ./freertos/src/tasks.o
 .text.prvDeleteTCB
                0x00011608       0x12 ./freertos/src/tasks.o
 .text.prvInitialiseNewTask
                0x0001161a       0x9c ./freertos/src/tasks.o
 *fill*         0x000116b6        0x2 ff
 .text.prvInitialiseTaskLists
                0x000116b8       0x68 ./freertos/src/tasks.o
 .text.prvAddNewTaskToReadyList
                0x00011720       0xa8 ./freertos/src/tasks.o
 .text.prvCheckTasksWaitingTermination
                0x000117c8       0x4c ./freertos/src/tasks.o
 .text.prvIdleTask
                0x00011814       0x28 ./freertos/src/tasks.o
 .text.prvAddCurrentTaskToDelayedList
                0x0001183c       0x98 ./freertos/src/tasks.o
 .text.xTaskCreate
                0x000118d4       0x64 ./freertos/src/tasks.o
                0x000118d4                xTaskCreate
 .text.vTaskDelete
                0x00011938       0xc4 ./freertos/src/tasks.o
                0x00011938                vTaskDelete
 .text.eTaskGetState
                0x000119fc       0x7c ./freertos/src/tasks.o
                0x000119fc                eTaskGetState
 .text.vTaskStartScheduler
                0x00011a78       0x70 ./freertos/src/tasks.o
                0x00011a78                vTaskStartScheduler
 .text.vTaskSuspendAll
                0x00011ae8       0x10 ./freertos/src/tasks.o
                0x00011ae8                vTaskSuspendAll
 .text.xTaskGetTickCount
                0x00011af8        0xc ./freertos/src/tasks.o
                0x00011af8                xTaskGetTickCount
 .text.xTaskIncrementTick
                0x00011b04      0x100 ./freertos/src/tasks.o
                0x00011b04                xTaskIncrementTick
 .text.xTaskResumeAll
                0x00011c04       0xe0 ./freertos/src/tasks.o
                0x00011c04                xTaskResumeAll
 .text.vTaskDelayUntil
                0x00011ce4       0x60 ./freertos/src/tasks.o
                0x00011ce4                vTaskDelayUntil
 .text.vTaskDelay
                0x00011d44       0x34 ./freertos/src/tasks.o
                0x00011d44                vTaskDelay
 .text.vTaskSwitchContext
                0x00011d78       0xac ./freertos/src/tasks.o
                0x00011d78                vTaskSwitchContext
 .text.vTaskPlaceOnEventList
                0x00011e24       0x1c ./freertos/src/tasks.o
                0x00011e24                vTaskPlaceOnEventList
 .text.vTaskPlaceOnUnorderedEventList
                0x00011e40       0x24 ./freertos/src/tasks.o
                0x00011e40                vTaskPlaceOnUnorderedEventList
 .text.vTaskPlaceOnEventListRestricted
                0x00011e64       0x24 ./freertos/src/tasks.o
                0x00011e64                vTaskPlaceOnEventListRestricted
 .text.xTaskRemoveFromEventList
                0x00011e88       0x78 ./freertos/src/tasks.o
                0x00011e88                xTaskRemoveFromEventList
 .text.vTaskRemoveFromUnorderedEventList
                0x00011f00       0x58 ./freertos/src/tasks.o
                0x00011f00                vTaskRemoveFromUnorderedEventList
 .text.vTaskInternalSetTimeOutState
                0x00011f58       0x18 ./freertos/src/tasks.o
                0x00011f58                vTaskInternalSetTimeOutState
 .text.xTaskCheckForTimeOut
                0x00011f70       0x5c ./freertos/src/tasks.o
                0x00011f70                xTaskCheckForTimeOut
 .text.vTaskMissedYield
                0x00011fcc        0xc ./freertos/src/tasks.o
                0x00011fcc                vTaskMissedYield
 .text.xTaskGetCurrentTaskHandle
                0x00011fd8        0xc ./freertos/src/tasks.o
                0x00011fd8                xTaskGetCurrentTaskHandle
 .text.xTaskGetSchedulerState
                0x00011fe4       0x20 ./freertos/src/tasks.o
                0x00011fe4                xTaskGetSchedulerState
 .text.xTaskPriorityInherit
                0x00012004       0xac ./freertos/src/tasks.o
                0x00012004                xTaskPriorityInherit
 .text.xTaskPriorityDisinherit
                0x000120b0       0x80 ./freertos/src/tasks.o
                0x000120b0                xTaskPriorityDisinherit
 .text.vTaskPriorityDisinheritAfterTimeout
                0x00012130       0x84 ./freertos/src/tasks.o
                0x00012130                vTaskPriorityDisinheritAfterTimeout
 .text.uxTaskResetEventItemValue
                0x000121b4       0x18 ./freertos/src/tasks.o
                0x000121b4                uxTaskResetEventItemValue
 .text.pvTaskIncrementMutexHeldCount
                0x000121cc       0x1c ./freertos/src/tasks.o
                0x000121cc                pvTaskIncrementMutexHeldCount
 .text.prvGetNextExpireTime
                0x000121e8       0x20 ./freertos/src/timers.o
 .text.prvInsertTimerInActiveList
                0x00012208       0x48 ./freertos/src/timers.o
 .text.prvCheckForValidListAndQueue
                0x00012250       0x5c ./freertos/src/timers.o
 .text.xTimerCreateTimerTask
                0x000122ac       0x3c ./freertos/src/timers.o
                0x000122ac                xTimerCreateTimerTask
 .text.xTimerGenericCommand
                0x000122e8       0x58 ./freertos/src/timers.o
                0x000122e8                xTimerGenericCommand
 .text.prvSwitchTimerLists
                0x00012340       0x68 ./freertos/src/timers.o
 .text.prvSampleTimeNow
                0x000123a8       0x2c ./freertos/src/timers.o
 .text.prvProcessExpiredTimer
                0x000123d4       0x58 ./freertos/src/timers.o
 .text.prvProcessTimerOrBlockTask
                0x0001242c       0x74 ./freertos/src/timers.o
 .text.prvProcessReceivedCommands
                0x000124a0       0xe4 ./freertos/src/timers.o
 .text.prvTimerTask
                0x00012584       0x16 ./freertos/src/timers.o
 *fill*         0x0001259a        0x2 ff
 .text.xTimerPendFunctionCallFromISR
                0x0001259c       0x28 ./freertos/src/timers.o
                0x0001259c                xTimerPendFunctionCallFromISR
 .text._0_Deplacement_Init
                0x000125c4       0x10 ./Strategie/Strategie_Level0/Deplacement/0_Deplacements.o
                0x000125c4                _0_Deplacement_Init
 .text._0_Deplacement_Get_ptr_Current_Destination
                0x000125d4        0x8 ./Strategie/Strategie_Level0/Deplacement/0_Deplacements.o
                0x000125d4                _0_Deplacement_Get_ptr_Current_Destination
 .text._0_Deplacement_Wait_For_Arrival
                0x000125dc       0xa0 ./Strategie/Strategie_Level0/Deplacement/0_Deplacements.o
                0x000125dc                _0_Deplacement_Wait_For_Arrival
 .text.Distance_To_Destination
                0x0001267c       0x4c ./Strategie/Strategie_Level0/Deplacement/0_Deplacements.o
                0x0001267c                Distance_To_Destination
 .text._0_Deplacement_Clear_Flags
                0x000126c8       0x14 ./Strategie/Strategie_Level0/Deplacement/0_Deplacements.o
                0x000126c8                _0_Deplacement_Clear_Flags
 .text._0_Deplacement_Check_Bloquage
                0x000126dc       0x44 ./Strategie/Strategie_Level0/Deplacement/0_Deplacements.o
                0x000126dc                _0_Deplacement_Check_Bloquage
 .text._0_Deplacement_Tourne_Avance
                0x00012720       0xca ./Strategie/Strategie_Level0/Deplacement/0_Deplacements.o
                0x00012720                _0_Deplacement_Tourne_Avance
 *fill*         0x000127ea        0x2 ff
 .text._0_Deplacement_Tourne_Avance_ASTAR
                0x000127ec       0xe4 ./Strategie/Strategie_Level0/Deplacement/0_Deplacements.o
                0x000127ec                _0_Deplacement_Tourne_Avance_ASTAR
 .text._0_Deplacement_STOP
                0x000128d0       0x68 ./Strategie/Strategie_Level0/Deplacement/0_Deplacements.o
                0x000128d0                _0_Deplacement_STOP
 .text._0_Deplacement_ASTAR
                0x00012938      0x214 ./Strategie/Strategie_Level0/Deplacement/0_Deplacements.o
                0x00012938                _0_Deplacement_ASTAR
 .text._1_TEST_Obstacle_Second_Robot
                0x00012b4c       0x4c ./Strategie/Strategie_Level0/Deplacement/1_Obstacles.o
                0x00012b4c                _1_TEST_Obstacle_Second_Robot
 .text._1_Obstacles_Create_Terrain_Border
                0x00012b98      0x13a ./Strategie/Strategie_Level0/Deplacement/1_Obstacles.o
                0x00012b98                _1_Obstacles_Create_Terrain_Border
 *fill*         0x00012cd2        0x2 ff
 .text._0_Infos_Init
                0x00012cd4       0x30 ./Strategie/Strategie_Level0/0_Infos.o
                0x00012cd4                _0_Infos_Init
 .text._0_Update_Card_Datas
                0x00012d04       0x54 ./Strategie/Strategie_Level0/0_Infos.o
                0x00012d04                _0_Update_Card_Datas
 .text._0_Get_Robot_Position
                0x00012d58       0x6c ./Strategie/Strategie_Level0/0_Infos.o
                0x00012d58                _0_Get_Robot_Position
 .text._0_Set_Position_SecondRobot
                0x00012dc4       0x30 ./Strategie/Strategie_Level0/0_Infos.o
                0x00012dc4                _0_Set_Position_SecondRobot
 .text._0_Get_Position_SecondRobot
                0x00012df4       0x14 ./Strategie/Strategie_Level0/0_Infos.o
                0x00012df4                _0_Get_Position_SecondRobot
 .text._Strategie_Change_Action_State
                0x00012e08       0x38 ./Strategie/Strategie_Level0/Strategie_Actions.o
                0x00012e08                _Strategie_Change_Action_State
 .text._Strategie_Change_Action_Step
                0x00012e40       0x10 ./Strategie/Strategie_Level0/Strategie_Actions.o
                0x00012e40                _Strategie_Change_Action_Step
 .text.Task_MatchTime
                0x00012e50       0x40 ./Strategie/Strategie.o
                0x00012e50                Task_MatchTime
 .text._Strategie_Get_Robot_ID
                0x00012e90       0x10 ./Strategie/Strategie.o
                0x00012e90                _Strategie_Get_Robot_ID
 .text._Strategie_Get_Input_Strategie_Selector
                0x00012ea0       0x28 ./Strategie/Strategie.o
                0x00012ea0                _Strategie_Get_Input_Strategie_Selector
 .text._Strategie_Get_Choosen_Strategie
                0x00012ec8        0xc ./Strategie/Strategie.o
                0x00012ec8                _Strategie_Get_Choosen_Strategie
 .text._Strategie_Get_Temps_Match
                0x00012ed4        0xc ./Strategie/Strategie.o
                0x00012ed4                _Strategie_Get_Temps_Match
 .text._Strategie_Get_Jack_Status
                0x00012ee0       0x10 ./Strategie/Strategie.o
                0x00012ee0                _Strategie_Get_Jack_Status
 .text._Strategie_Get_Color_Status
                0x00012ef0       0x10 ./Strategie/Strategie.o
                0x00012ef0                _Strategie_Get_Color_Status
 .text._Strategie_Get_Switch_Status
                0x00012f00       0x10 ./Strategie/Strategie.o
                0x00012f00                _Strategie_Get_Switch_Status
 .text._Strategie_Get_User_BP_Status
                0x00012f10       0x10 ./Strategie/Strategie.o
                0x00012f10                _Strategie_Get_User_BP_Status
 .text._Strategie_Get_External_LED_RED_Status
                0x00012f20       0x10 ./Strategie/Strategie.o
                0x00012f20                _Strategie_Get_External_LED_RED_Status
 .text._Strategie_Set_External_LED_RED_Status
                0x00012f30       0x20 ./Strategie/Strategie.o
                0x00012f30                _Strategie_Set_External_LED_RED_Status
 .text._Strategie_Get_External_LED_YELLOW_Status
                0x00012f50       0x10 ./Strategie/Strategie.o
                0x00012f50                _Strategie_Get_External_LED_YELLOW_Status
 .text._Strategie_Get_External_LED_GREEN_Status
                0x00012f60       0x10 ./Strategie/Strategie.o
                0x00012f60                _Strategie_Get_External_LED_GREEN_Status
 .text._Strategie_Get_Action_By_ID
                0x00012f70       0x10 ./Strategie/Strategie.o
                0x00012f70                _Strategie_Get_Action_By_ID
 .text._Strategie_Init_Strategie_2021
                0x00012f80      0x244 ./Strategie/Strategie.o
                0x00012f80                _Strategie_Init_Strategie_2021
 .text.Astar_Set_Node_as_Blocked
                0x000131c4       0x2a ./Pathfinding/Astar/Astar.o
 .text.Astar_Set_Node_as_Closed
                0x000131ee       0x1e ./Pathfinding/Astar/Astar.o
 .text.Astar_Set_Node_as_Opened
                0x0001320c       0x1e ./Pathfinding/Astar/Astar.o
 *fill*         0x0001322a        0x2 ff
 .text.Astar_Compute_H_cost
                0x0001322c       0x34 ./Pathfinding/Astar/Astar.o
 .text.Astar_Map_Init
                0x00013260      0x174 ./Pathfinding/Astar/Astar.o
                0x00013260                Astar_Map_Init
 .text.Astar_Get_Map
                0x000133d4        0x8 ./Pathfinding/Astar/Astar.o
                0x000133d4                Astar_Get_Map
 .text.Astar_Get_Vector_Map
                0x000133dc        0x8 ./Pathfinding/Astar/Astar.o
                0x000133dc                Astar_Get_Vector_Map
 .text.Astar_Find_Path
                0x000133e4      0x248 ./Pathfinding/Astar/Astar.o
                0x000133e4                Astar_Find_Path
 .text.Astar_Generate_Trajectory
                0x0001362c       0x6a ./Pathfinding/Astar/Astar.o
                0x0001362c                Astar_Generate_Trajectory
 .text.Astar_Find_Best_Node_To_Compute
                0x00013696      0x126 ./Pathfinding/Astar/Astar.o
                0x00013696                Astar_Find_Best_Node_To_Compute
 .text.Astar_Compute_Surronding_Nodes
                0x000137bc      0x3da ./Pathfinding/Astar/Astar.o
                0x000137bc                Astar_Compute_Surronding_Nodes
 .text.Astar_Compute_Node
                0x00013b96      0x102 ./Pathfinding/Astar/Astar.o
                0x00013b96                Astar_Compute_Node
 .text.Astar_Smoothing
                0x00013c98       0xb8 ./Pathfinding/Astar/Astar.o
                0x00013c98                Astar_Smoothing
 .text.Dijkstra_Intersect_Any_Segment
                0x00013d50       0x42 ./Pathfinding/Astar/Astar.o
                0x00013d50                Dijkstra_Intersect_Any_Segment
 .text.Dijkstra_Vector_Length
                0x00013d92       0x1c ./Pathfinding/Astar/Astar.o
                0x00013d92                Dijkstra_Vector_Length
 .text.Dijkstra_intersect_segment
                0x00013dae      0x38c ./Pathfinding/Astar/Astar.o
                0x00013dae                Dijkstra_intersect_segment
 *fill*         0x0001413a        0x2 ff
 .text.Astar_Add_Rectangular_Obstacle
                0x0001413c      0x124 ./Pathfinding/Astar/Astar.o
                0x0001413c                Astar_Add_Rectangular_Obstacle
 .text.Astar_Add_Obstacle_Vector
                0x00014260       0xd8 ./Pathfinding/Astar/Astar.o
                0x00014260                Astar_Add_Obstacle_Vector
 .text._0_ADC_Init
                0x00014338       0x48 ./Level_0/Drivers/0_ADC/0_ADC.o
                0x00014338                _0_ADC_Init
 .text._0_ADC_Read_Channel
                0x00014380       0x94 ./Level_0/Drivers/0_ADC/0_ADC.o
                0x00014380                _0_ADC_Read_Channel
 .text._0_RS485_Master_Mode
                0x00014414       0x16 ./Communication/RS485/0_RS485.o
                0x00014414                _0_RS485_Master_Mode
 .text._0_RS485_Slave_Mode
                0x0001442a       0x16 ./Communication/RS485/0_RS485.o
                0x0001442a                _0_RS485_Slave_Mode
 .text._0_RS485_Init
                0x00014440       0x60 ./Communication/RS485/0_RS485.o
                0x00014440                _0_RS485_Init
 .text._0_Communication_Init
                0x000144a0       0x5c ./Communication/0_Communication.o
                0x000144a0                _0_Communication_Init
 .text._0_Communication_Init_RS485
                0x000144fc       0xa0 ./Communication/0_Communication.o
                0x000144fc                _0_Communication_Init_RS485
 .text._0_Communication_Init_XBEE
                0x0001459c       0x9c ./Communication/0_Communication.o
                0x0001459c                _0_Communication_Init_XBEE
 .text.UART1_IRQHandler
                0x00014638       0xb4 ./Communication/0_Communication.o
                0x00014638                UART1_IRQHandler
 .text.UART2_IRQHandler
                0x000146ec       0xa4 ./Communication/0_Communication.o
                0x000146ec                UART2_IRQHandler
 .text.USB_IRQHandler
                0x00014790        0x2 ./Communication/0_Communication.o
                0x00014790                USB_IRQHandler
 *fill*         0x00014792        0x2 ff
 .text._0_Communication_Send_Data
                0x00014794       0x90 ./Communication/0_Communication.o
                0x00014794                _0_Communication_Send_Data
 .text._0_Communication_Send_RS485
                0x00014824       0x90 ./Communication/0_Communication.o
                0x00014824                _0_Communication_Send_RS485
 .text._0_Communication_Send_XBEE
                0x000148b4       0x82 ./Communication/0_Communication.o
                0x000148b4                _0_Communication_Send_XBEE
 .text.Chip_UART_SendByte
                0x00014936        0x4 ./Communication/0_Communication.o
 .text.Chip_UART_ReadLineStatus
                0x0001493a        0x4 ./Communication/0_Communication.o
 *fill*         0x0001493e        0x2 ff
 .text._0_Communication_Init_Event_Group
                0x00014940       0x34 ./Communication/0_Event_Group.o
                0x00014940                _0_Communication_Init_Event_Group
 .text._1_Communication_Init
                0x00014974       0x28 ./Communication/1_Trame_Communication.o
                0x00014974                _1_Communication_Init
 .text._1_Communication_Create_Queues_Semaphores
                0x0001499c       0x14 ./Communication/1_Trame_Communication.o
                0x0001499c                _1_Communication_Create_Queues_Semaphores
 .text._1_Communication_Wait_To_Send
                0x000149b0       0x28 ./Communication/1_Trame_Communication.o
                0x000149b0                _1_Communication_Wait_To_Send
 .text._1_Communication_Free_Send_Bit
                0x000149d8       0x14 ./Communication/1_Trame_Communication.o
                0x000149d8                _1_Communication_Free_Send_Bit
 .text._1_Communication_Wait_To_Receive
                0x000149ec       0x2c ./Communication/1_Trame_Communication.o
                0x000149ec                _1_Communication_Wait_To_Receive
 .text._1_Communication_Free_Receive_Bit
                0x00014a18       0x14 ./Communication/1_Trame_Communication.o
                0x00014a18                _1_Communication_Free_Receive_Bit
 .text._1_Communication_Create_Message
                0x00014a2c       0x74 ./Communication/1_Trame_Communication.o
                0x00014a2c                _1_Communication_Create_Message
 .text._1_Communication_Create_Trame
                0x00014aa0       0xdc ./Communication/1_Trame_Communication.o
                0x00014aa0                _1_Communication_Create_Trame
 .text._1_Communication_WAIT_ACK
                0x00014b7c       0x58 ./Communication/1_Trame_Communication.o
                0x00014b7c                _1_Communication_WAIT_ACK
 .text._1_Communication_CLEAR_ACK
                0x00014bd4       0x24 ./Communication/1_Trame_Communication.o
                0x00014bd4                _1_Communication_CLEAR_ACK
 .text._1_Communication_Create_Trame_From_Buffer
                0x00014bf8      0x28c ./Communication/1_Trame_Communication.o
                0x00014bf8                _1_Communication_Create_Trame_From_Buffer
 .text._1_Communication_Check_Rx_Adresse
                0x00014e84       0x1a ./Communication/1_Trame_Communication.o
                0x00014e84                _1_Communication_Check_Rx_Adresse
 *fill*         0x00014e9e        0x2 ff
 .text._1_Communication_Recomposition_Rx
                0x00014ea0       0x68 ./Communication/1_Trame_Communication.o
                0x00014ea0                _1_Communication_Recomposition_Rx
 .text._2_Comm_Strategie_Init
                0x00014f08       0x14 ./Communication/2_Echange_Data_Strategie.o
                0x00014f08                _2_Comm_Strategie_Init
 .text._2_Comm_Strategie_Send_Action_Creation
                0x00014f1c      0x100 ./Communication/2_Echange_Data_Strategie.o
                0x00014f1c                _2_Comm_Strategie_Send_Action_Creation
 .text._2_Comm_Strategie_Send_Action_State_Update
                0x0001501c       0xfc ./Communication/2_Echange_Data_Strategie.o
                0x0001501c                _2_Comm_Strategie_Send_Action_State_Update
 .text._2_Comm_Strategie_RX_Action_Update
                0x00015118       0x60 ./Communication/2_Echange_Data_Strategie.o
                0x00015118                _2_Comm_Strategie_RX_Action_Update
 .text._2_Communication_Init
                0x00015178       0x14 ./Communication/2_Echange_Datas.o
                0x00015178                _2_Communication_Init
 .text._2_Comm_Send_Destination_Robot
                0x0001518c      0x144 ./Communication/2_Echange_Datas.o
                0x0001518c                _2_Comm_Send_Destination_Robot
 .text._2_Comm_Send_Demande_Info
                0x000152d0       0x30 ./Communication/2_Echange_Datas.o
                0x000152d0                _2_Comm_Send_Demande_Info
 .text._2_Comm_Send_PING
                0x00015300       0x58 ./Communication/2_Echange_Datas.o
                0x00015300                _2_Comm_Send_PING
 .text._2_Comm_Send_PONG
                0x00015358       0x88 ./Communication/2_Echange_Datas.o
                0x00015358                _2_Comm_Send_PONG
 .text._2_Comm_Send_Communication_Status
                0x000153e0       0x44 ./Communication/2_Echange_Datas.o
                0x000153e0                _2_Comm_Send_Communication_Status
 .text._2_Comm_Send_Log_Message
                0x00015424      0x10c ./Communication/2_Echange_Datas.o
                0x00015424                _2_Comm_Send_Log_Message
 .text._2_Communication_Boards_Status
                0x00015530       0x94 ./Communication/2_Echange_Datas.o
                0x00015530                _2_Communication_Boards_Status
 .text._2_Comm_Check_Presence_Cartes
                0x000155c4       0x4c ./Communication/2_Echange_Datas.o
                0x000155c4                _2_Comm_Check_Presence_Cartes
 .text._2_Comm_Robot_ID
                0x00015610       0x44 ./Communication/2_Echange_Datas.o
                0x00015610                _2_Comm_Robot_ID
 .text._2_Comm_Demande_Simulation
                0x00015654       0x6c ./Communication/2_Echange_Datas.o
                0x00015654                _2_Comm_Demande_Simulation
 .text._2_Comm_Demande_Motor_Power
                0x000156c0       0x54 ./Communication/2_Echange_Datas.o
                0x000156c0                _2_Comm_Demande_Motor_Power
 .text._2_Comm_Set_Robot_Position
                0x00015714       0xc4 ./Communication/2_Echange_Datas.o
                0x00015714                _2_Comm_Set_Robot_Position
 .text._2_Comm_Send_ASTAR_Contenu
                0x000157d8        0x2 ./Communication/2_Echange_Datas.o
                0x000157d8                _2_Comm_Send_ASTAR_Contenu
 *fill*         0x000157da        0x2 ff
 .text._2_Comm_Send_ASTAR_Vectors
                0x000157dc      0x120 ./Communication/2_Echange_Datas.o
                0x000157dc                _2_Comm_Send_ASTAR_Vectors
 .text._2_Comm_Send_Robot_Speed
                0x000158fc      0x128 ./Communication/2_Echange_Datas.o
                0x000158fc                _2_Comm_Send_Robot_Speed
 .text._2_Comm_Send_Info_Carte_IA
                0x00015a24      0x110 ./Communication/2_Echange_Datas.o
                0x00015a24                _2_Comm_Send_Info_Carte_IA
 .text._2_Communication_RX_Init
                0x00015b34        0x2 ./Communication/2_Echange_Datas_Reception.o
                0x00015b34                _2_Communication_RX_Init
 *fill*         0x00015b36        0x2 ff
 .text._2_Communication_Interprete_message
                0x00015b38       0x68 ./Communication/2_Echange_Datas_Reception.o
                0x00015b38                _2_Communication_Interprete_message
 .text._2_Communication_RX_ACK
                0x00015ba0       0x3c ./Communication/2_Echange_Datas_Reception.o
                0x00015ba0                _2_Communication_RX_ACK
 .text._2_Communication_RX_Reponse_Infos
                0x00015bdc       0x1a ./Communication/2_Echange_Datas_Reception.o
                0x00015bdc                _2_Communication_RX_Reponse_Infos
 *fill*         0x00015bf6        0x2 ff
 .text._2_Comm_RX_PONG
                0x00015bf8       0x28 ./Communication/2_Echange_Datas_Reception.o
                0x00015bf8                _2_Comm_RX_PONG
 .text._2_Comm_RX_Position_Second_Robot
                0x00015c20       0x44 ./Communication/2_Echange_Datas_Reception.o
                0x00015c20                _2_Comm_RX_Position_Second_Robot
 .text.setStartMode
                0x00015c64        0xe D:\Developpement_Robot\Robotic-System\trunk\Workspaces\MultiWorkSpaces_2021\0_lpc_chip_175x_6x\Release\lib0_lpc_chip_175x_6x.a(adc_17xx_40xx.o)
                0x00015c64                setStartMode
 *fill*         0x00015c72        0x2 ff
 .text.Chip_ADC_Init
                0x00015c74       0x48 D:\Developpement_Robot\Robotic-System\trunk\Workspaces\MultiWorkSpaces_2021\0_lpc_chip_175x_6x\Release\lib0_lpc_chip_175x_6x.a(adc_17xx_40xx.o)
                0x00015c74                Chip_ADC_Init
 .text.Chip_ADC_ReadValue
                0x00015cbc       0x16 D:\Developpement_Robot\Robotic-System\trunk\Workspaces\MultiWorkSpaces_2021\0_lpc_chip_175x_6x\Release\lib0_lpc_chip_175x_6x.a(adc_17xx_40xx.o)
                0x00015cbc                Chip_ADC_ReadValue
 .text.Chip_ADC_ReadStatus
                0x00015cd2       0x2c D:\Developpement_Robot\Robotic-System\trunk\Workspaces\MultiWorkSpaces_2021\0_lpc_chip_175x_6x\Release\lib0_lpc_chip_175x_6x.a(adc_17xx_40xx.o)
                0x00015cd2                Chip_ADC_ReadStatus
 .text.Chip_ADC_SetStartMode
                0x00015cfe       0x18 D:\Developpement_Robot\Robotic-System\trunk\Workspaces\MultiWorkSpaces_2021\0_lpc_chip_175x_6x\Release\lib0_lpc_chip_175x_6x.a(adc_17xx_40xx.o)
                0x00015cfe                Chip_ADC_SetStartMode
 .text.Chip_ADC_EnableChannel
                0x00015d16       0x20 D:\Developpement_Robot\Robotic-System\trunk\Workspaces\MultiWorkSpaces_2021\0_lpc_chip_175x_6x\Release\lib0_lpc_chip_175x_6x.a(adc_17xx_40xx.o)
                0x00015d16                Chip_ADC_EnableChannel
 .text.Chip_ADC_SetBurstCmd
                0x00015d36       0x1a D:\Developpement_Robot\Robotic-System\trunk\Workspaces\MultiWorkSpaces_2021\0_lpc_chip_175x_6x\Release\lib0_lpc_chip_175x_6x.a(adc_17xx_40xx.o)
                0x00015d36                Chip_ADC_SetBurstCmd
 .text.SystemCoreClockUpdate
                0x00015d50       0x10 D:\Developpement_Robot\Robotic-System\trunk\Workspaces\MultiWorkSpaces_2021\0_lpc_chip_175x_6x\Release\lib0_lpc_chip_175x_6x.a(chip_17xx_40xx.o)
                0x00015d50                SystemCoreClockUpdate
 .text.Chip_Clock_EnablePLL
                0x00015d60       0x24 D:\Developpement_Robot\Robotic-System\trunk\Workspaces\MultiWorkSpaces_2021\0_lpc_chip_175x_6x\Release\lib0_lpc_chip_175x_6x.a(clock_17xx_40xx.o)
                0x00015d60                Chip_Clock_EnablePLL
 .text.Chip_Clock_DisablePLL
                0x00015d84       0x26 D:\Developpement_Robot\Robotic-System\trunk\Workspaces\MultiWorkSpaces_2021\0_lpc_chip_175x_6x\Release\lib0_lpc_chip_175x_6x.a(clock_17xx_40xx.o)
                0x00015d84                Chip_Clock_DisablePLL
 .text.Chip_Clock_SetupPLL
                0x00015daa       0x30 D:\Developpement_Robot\Robotic-System\trunk\Workspaces\MultiWorkSpaces_2021\0_lpc_chip_175x_6x\Release\lib0_lpc_chip_175x_6x.a(clock_17xx_40xx.o)
                0x00015daa                Chip_Clock_SetupPLL
 *fill*         0x00015dda        0x2 ff
 .text.Chip_Clock_EnablePeriphClock
                0x00015ddc       0x18 D:\Developpement_Robot\Robotic-System\trunk\Workspaces\MultiWorkSpaces_2021\0_lpc_chip_175x_6x\Release\lib0_lpc_chip_175x_6x.a(clock_17xx_40xx.o)
                0x00015ddc                Chip_Clock_EnablePeriphClock
 .text.Chip_Clock_GetCPUClockSource
                0x00015df4       0x10 D:\Developpement_Robot\Robotic-System\trunk\Workspaces\MultiWorkSpaces_2021\0_lpc_chip_175x_6x\Release\lib0_lpc_chip_175x_6x.a(clock_17xx_40xx.o)
                0x00015df4                Chip_Clock_GetCPUClockSource
 .text.Chip_Clock_SetCPUClockDiv
                0x00015e04        0xc D:\Developpement_Robot\Robotic-System\trunk\Workspaces\MultiWorkSpaces_2021\0_lpc_chip_175x_6x\Release\lib0_lpc_chip_175x_6x.a(clock_17xx_40xx.o)
                0x00015e04                Chip_Clock_SetCPUClockDiv
 .text.Chip_Clock_GetCPUClockDiv
                0x00015e10       0x10 D:\Developpement_Robot\Robotic-System\trunk\Workspaces\MultiWorkSpaces_2021\0_lpc_chip_175x_6x\Release\lib0_lpc_chip_175x_6x.a(clock_17xx_40xx.o)
                0x00015e10                Chip_Clock_GetCPUClockDiv
 .text.Chip_Clock_SetPCLKDiv
                0x00015e20       0x2a D:\Developpement_Robot\Robotic-System\trunk\Workspaces\MultiWorkSpaces_2021\0_lpc_chip_175x_6x\Release\lib0_lpc_chip_175x_6x.a(clock_17xx_40xx.o)
                0x00015e20                Chip_Clock_SetPCLKDiv
 *fill*         0x00015e4a        0x2 ff
 .text.Chip_Clock_GetPCLKDiv
                0x00015e4c       0x38 D:\Developpement_Robot\Robotic-System\trunk\Workspaces\MultiWorkSpaces_2021\0_lpc_chip_175x_6x\Release\lib0_lpc_chip_175x_6x.a(clock_17xx_40xx.o)
                0x00015e4c                Chip_Clock_GetPCLKDiv
 .text.Chip_Clock_GetSYSCLKRate
                0x00015e84       0x38 D:\Developpement_Robot\Robotic-System\trunk\Workspaces\MultiWorkSpaces_2021\0_lpc_chip_175x_6x\Release\lib0_lpc_chip_175x_6x.a(clock_17xx_40xx.o)
                0x00015e84                Chip_Clock_GetSYSCLKRate
 .text.Chip_Clock_GetMainPLLOutClockRate
                0x00015ebc       0x34 D:\Developpement_Robot\Robotic-System\trunk\Workspaces\MultiWorkSpaces_2021\0_lpc_chip_175x_6x\Release\lib0_lpc_chip_175x_6x.a(clock_17xx_40xx.o)
                0x00015ebc                Chip_Clock_GetMainPLLOutClockRate
 .text.Chip_Clock_GetMainClockRate
                0x00015ef0       0x20 D:\Developpement_Robot\Robotic-System\trunk\Workspaces\MultiWorkSpaces_2021\0_lpc_chip_175x_6x\Release\lib0_lpc_chip_175x_6x.a(clock_17xx_40xx.o)
                0x00015ef0                Chip_Clock_GetMainClockRate
 .text.Chip_Clock_GetSystemClockRate
                0x00015f10       0x12 D:\Developpement_Robot\Robotic-System\trunk\Workspaces\MultiWorkSpaces_2021\0_lpc_chip_175x_6x\Release\lib0_lpc_chip_175x_6x.a(clock_17xx_40xx.o)
                0x00015f10                Chip_Clock_GetSystemClockRate
 .text.Chip_Clock_GetPeripheralClockRate
                0x00015f22       0x16 D:\Developpement_Robot\Robotic-System\trunk\Workspaces\MultiWorkSpaces_2021\0_lpc_chip_175x_6x\Release\lib0_lpc_chip_175x_6x.a(clock_17xx_40xx.o)
                0x00015f22                Chip_Clock_GetPeripheralClockRate
 .text.RingBuffer_Init
                0x00015f38       0x10 D:\Developpement_Robot\Robotic-System\trunk\Workspaces\MultiWorkSpaces_2021\0_lpc_chip_175x_6x\Release\lib0_lpc_chip_175x_6x.a(ring_buffer.o)
                0x00015f38                RingBuffer_Init
 .text.RingBuffer_Insert
                0x00015f48       0x30 D:\Developpement_Robot\Robotic-System\trunk\Workspaces\MultiWorkSpaces_2021\0_lpc_chip_175x_6x\Release\lib0_lpc_chip_175x_6x.a(ring_buffer.o)
                0x00015f48                RingBuffer_Insert
 .text.RingBuffer_InsertMult
                0x00015f78       0x88 D:\Developpement_Robot\Robotic-System\trunk\Workspaces\MultiWorkSpaces_2021\0_lpc_chip_175x_6x\Release\lib0_lpc_chip_175x_6x.a(ring_buffer.o)
                0x00015f78                RingBuffer_InsertMult
 .text.RingBuffer_Pop
                0x00016000       0x30 D:\Developpement_Robot\Robotic-System\trunk\Workspaces\MultiWorkSpaces_2021\0_lpc_chip_175x_6x\Release\lib0_lpc_chip_175x_6x.a(ring_buffer.o)
                0x00016000                RingBuffer_Pop
 .text.RingBuffer_PopMult
                0x00016030       0x7c D:\Developpement_Robot\Robotic-System\trunk\Workspaces\MultiWorkSpaces_2021\0_lpc_chip_175x_6x\Release\lib0_lpc_chip_175x_6x.a(ring_buffer.o)
                0x00016030                RingBuffer_PopMult
 .text.RingBuffer_Count
                0x000160ac        0x8 D:\Developpement_Robot\Robotic-System\trunk\Workspaces\MultiWorkSpaces_2021\0_lpc_chip_175x_6x\Release\lib0_lpc_chip_175x_6x.a(ring_buffer.o)
                0x000160ac                RingBuffer_Count
 .text.Chip_SetupIrcClocking
                0x000160b4       0x64 D:\Developpement_Robot\Robotic-System\trunk\Workspaces\MultiWorkSpaces_2021\0_lpc_chip_175x_6x\Release\lib0_lpc_chip_175x_6x.a(sysinit_17xx_40xx.o)
                0x000160b4                Chip_SetupIrcClocking
 .text.Chip_SetupXtalClocking
                0x00016118       0xdc D:\Developpement_Robot\Robotic-System\trunk\Workspaces\MultiWorkSpaces_2021\0_lpc_chip_175x_6x\Release\lib0_lpc_chip_175x_6x.a(sysinit_17xx_40xx.o)
                0x00016118                Chip_SetupXtalClocking
 .text.Chip_SystemInit
                0x000161f4        0x4 D:\Developpement_Robot\Robotic-System\trunk\Workspaces\MultiWorkSpaces_2021\0_lpc_chip_175x_6x\Release\lib0_lpc_chip_175x_6x.a(sysinit_17xx_40xx.o)
                0x000161f4                Chip_SystemInit
 .text.Chip_TIMER_Init
                0x000161f8       0x2c D:\Developpement_Robot\Robotic-System\trunk\Workspaces\MultiWorkSpaces_2021\0_lpc_chip_175x_6x\Release\lib0_lpc_chip_175x_6x.a(timer_17xx_40xx.o)
                0x000161f8                Chip_TIMER_Init
 .text.Chip_UART_GetClockIndex
                0x00016224       0x28 D:\Developpement_Robot\Robotic-System\trunk\Workspaces\MultiWorkSpaces_2021\0_lpc_chip_175x_6x\Release\lib0_lpc_chip_175x_6x.a(uart_17xx_40xx.o)
 .text.Chip_UART_Init
                0x0001624c       0x44 D:\Developpement_Robot\Robotic-System\trunk\Workspaces\MultiWorkSpaces_2021\0_lpc_chip_175x_6x\Release\lib0_lpc_chip_175x_6x.a(uart_17xx_40xx.o)
                0x0001624c                Chip_UART_Init
 .text.Chip_UART_TXEnable
                0x00016290        0x6 D:\Developpement_Robot\Robotic-System\trunk\Workspaces\MultiWorkSpaces_2021\0_lpc_chip_175x_6x\Release\lib0_lpc_chip_175x_6x.a(uart_17xx_40xx.o)
                0x00016290                Chip_UART_TXEnable
 .text.Chip_UART_SetBaud
                0x00016296       0x34 D:\Developpement_Robot\Robotic-System\trunk\Workspaces\MultiWorkSpaces_2021\0_lpc_chip_175x_6x\Release\lib0_lpc_chip_175x_6x.a(uart_17xx_40xx.o)
                0x00016296                Chip_UART_SetBaud
 .text.Chip_UART_RXIntHandlerRB
                0x000162ca       0x22 D:\Developpement_Robot\Robotic-System\trunk\Workspaces\MultiWorkSpaces_2021\0_lpc_chip_175x_6x\Release\lib0_lpc_chip_175x_6x.a(uart_17xx_40xx.o)
                0x000162ca                Chip_UART_RXIntHandlerRB
 .text.Chip_UART_TXIntHandlerRB
                0x000162ec       0x24 D:\Developpement_Robot\Robotic-System\trunk\Workspaces\MultiWorkSpaces_2021\0_lpc_chip_175x_6x\Release\lib0_lpc_chip_175x_6x.a(uart_17xx_40xx.o)
                0x000162ec                Chip_UART_TXIntHandlerRB
 .text.Chip_UART_IRQRBHandler
                0x00016310       0x68 D:\Developpement_Robot\Robotic-System\trunk\Workspaces\MultiWorkSpaces_2021\0_lpc_chip_175x_6x\Release\lib0_lpc_chip_175x_6x.a(uart_17xx_40xx.o)
                0x00016310                Chip_UART_IRQRBHandler
 .text.Set_Clock_in
                0x00016378        0xc D:\Developpement_Robot\Robotic-System\trunk\Workspaces\MultiWorkSpaces_2021\0_lpc_board_nxp_lpcxpresso_1769\Release\lib0_lpc_board_nxp_lpcxpresso_1769.a(board.o)
                0x00016378                Set_Clock_in
 .text.Board_Init
                0x00016384       0x12 D:\Developpement_Robot\Robotic-System\trunk\Workspaces\MultiWorkSpaces_2021\0_lpc_board_nxp_lpcxpresso_1769\Release\lib0_lpc_board_nxp_lpcxpresso_1769.a(board.o)
                0x00016384                Board_Init
 *fill*         0x00016396        0x2 ff
 .text          0x00016398      0x378 c:/nxp/mcuxpressoide_11.2.1_4149/ide/plugins/com.nxp.mcuxpresso.tools.win32_11.2.0.202008311134/tools/bin/../lib/gcc/arm-none-eabi/9.2.1/thumb/v7-m/nofp\libgcc.a(_arm_addsubdf3.o)
                0x00016398                __aeabi_drsub
                0x000163a0                __aeabi_dsub
                0x000163a0                __subdf3
                0x000163a4                __aeabi_dadd
                0x000163a4                __adddf3
                0x0001661c                __floatunsidf
                0x0001661c                __aeabi_ui2d
                0x0001663c                __floatsidf
                0x0001663c                __aeabi_i2d
                0x00016660                __aeabi_f2d
                0x00016660                __extendsfdf2
                0x000166a4                __floatundidf
                0x000166a4                __aeabi_ul2d
                0x000166b4                __floatdidf
                0x000166b4                __aeabi_l2d
 .text          0x00016710      0x21c c:/nxp/mcuxpressoide_11.2.1_4149/ide/plugins/com.nxp.mcuxpresso.tools.win32_11.2.0.202008311134/tools/bin/../lib/gcc/arm-none-eabi/9.2.1/thumb/v7-m/nofp\libgcc.a(_arm_addsubsf3.o)
                0x00016710                __aeabi_frsub
                0x00016718                __subsf3
                0x00016718                __aeabi_fsub
                0x0001671c                __aeabi_fadd
                0x0001671c                __addsf3
                0x0001687c                __aeabi_ui2f
                0x0001687c                __floatunsisf
                0x00016884                __aeabi_i2f
                0x00016884                __floatsisf
                0x000168a0                __aeabi_ul2f
                0x000168a0                __floatundisf
                0x000168b0                __aeabi_l2f
                0x000168b0                __floatdisf
 .text          0x0001692c      0x2a0 c:/nxp/mcuxpressoide_11.2.1_4149/ide/plugins/com.nxp.mcuxpresso.tools.win32_11.2.0.202008311134/tools/bin/../lib/gcc/arm-none-eabi/9.2.1/thumb/v7-m/nofp\libgcc.a(_arm_muldivsf3.o)
                0x0001692c                __mulsf3
                0x0001692c                __aeabi_fmul
                0x00016a94                __aeabi_fdiv
                0x00016a94                __divsf3
 .text          0x00016bcc       0xec c:/nxp/mcuxpressoide_11.2.1_4149/ide/plugins/com.nxp.mcuxpresso.tools.win32_11.2.0.202008311134/tools/bin/../lib/gcc/arm-none-eabi/9.2.1/thumb/v7-m/nofp\libgcc.a(_arm_cmpsf2.o)
                0x00016bcc                __gesf2
                0x00016bcc                __gtsf2
                0x00016bd4                __lesf2
                0x00016bd4                __ltsf2
                0x00016bdc                __nesf2
                0x00016bdc                __eqsf2
                0x00016bdc                __cmpsf2
                0x00016c3c                __aeabi_cfrcmple
                0x00016c44                __aeabi_cfcmpeq
                0x00016c44                __aeabi_cfcmple
                0x00016c54                __aeabi_fcmpeq
                0x00016c68                __aeabi_fcmplt
                0x00016c7c                __aeabi_fcmple
                0x00016c90                __aeabi_fcmpge
                0x00016ca4                __aeabi_fcmpgt
 .text          0x00016cb8       0x4c c:/nxp/mcuxpressoide_11.2.1_4149/ide/plugins/com.nxp.mcuxpresso.tools.win32_11.2.0.202008311134/tools/bin/../lib/gcc/arm-none-eabi/9.2.1/thumb/v7-m/nofp\libgcc.a(_arm_fixsfsi.o)
                0x00016cb8                __aeabi_f2iz
                0x00016cb8                __fixsfsi
 .text          0x00016d04       0x40 c:/nxp/mcuxpressoide_11.2.1_4149/ide/plugins/com.nxp.mcuxpresso.tools.win32_11.2.0.202008311134/tools/bin/../lib/gcc/arm-none-eabi/9.2.1/thumb/v7-m/nofp\libgcc.a(_arm_fixunssfsi.o)
                0x00016d04                __fixunssfsi
                0x00016d04                __aeabi_f2uiz
 .text.memcpy   0x00016d44       0x1c c:/nxp/mcuxpressoide_11.2.1_4149/ide/plugins/com.nxp.mcuxpresso.tools.win32_11.2.0.202008311134/tools/bin/../lib/gcc/arm-none-eabi/9.2.1/../../../../arm-none-eabi/lib/thumb/v7-m/nofp\libc_nano.a(lib_a-memcpy-stub.o)
                0x00016d44                memcpy
 .text.memset   0x00016d60       0x10 c:/nxp/mcuxpressoide_11.2.1_4149/ide/plugins/com.nxp.mcuxpresso.tools.win32_11.2.0.202008311134/tools/bin/../lib/gcc/arm-none-eabi/9.2.1/../../../../arm-none-eabi/lib/thumb/v7-m/nofp\libc_nano.a(lib_a-memset.o)
                0x00016d60                memset
 .text.__cvt    0x00016d70       0xbe c:/nxp/mcuxpressoide_11.2.1_4149/ide/plugins/com.nxp.mcuxpresso.tools.win32_11.2.0.202008311134/tools/bin/../lib/gcc/arm-none-eabi/9.2.1/../../../../arm-none-eabi/lib/thumb/v7-m/nofp\libc_nano.a(lib_a-nano-vfprintf_float.o)
                0x00016d70                __cvt
 .text.__exponent
                0x00016e2e       0x7c c:/nxp/mcuxpressoide_11.2.1_4149/ide/plugins/com.nxp.mcuxpresso.tools.win32_11.2.0.202008311134/tools/bin/../lib/gcc/arm-none-eabi/9.2.1/../../../../arm-none-eabi/lib/thumb/v7-m/nofp\libc_nano.a(lib_a-nano-vfprintf_float.o)
                0x00016e2e                __exponent
 *fill*         0x00016eaa        0x2 ff
 .text._printf_float
                0x00016eac      0x458 c:/nxp/mcuxpressoide_11.2.1_4149/ide/plugins/com.nxp.mcuxpresso.tools.win32_11.2.0.202008311134/tools/bin/../lib/gcc/arm-none-eabi/9.2.1/../../../../arm-none-eabi/lib/thumb/v7-m/nofp\libc_nano.a(lib_a-nano-vfprintf_float.o)
                0x00016eac                _printf_float
 .text._printf_common
                0x00017304       0xde c:/nxp/mcuxpressoide_11.2.1_4149/ide/plugins/com.nxp.mcuxpresso.tools.win32_11.2.0.202008311134/tools/bin/../lib/gcc/arm-none-eabi/9.2.1/../../../../arm-none-eabi/lib/thumb/v7-m/nofp\libc_nano.a(lib_a-nano-vfprintf_i.o)
                0x00017304                _printf_common
 *fill*         0x000173e2        0x2 ff
 .text._printf_i
                0x000173e4      0x24c c:/nxp/mcuxpressoide_11.2.1_4149/ide/plugins/com.nxp.mcuxpresso.tools.win32_11.2.0.202008311134/tools/bin/../lib/gcc/arm-none-eabi/9.2.1/../../../../arm-none-eabi/lib/thumb/v7-m/nofp\libc_nano.a(lib_a-nano-vfprintf_i.o)
                0x000173e4                _printf_i
 .text.sprintf  0x00017630       0x40 c:/nxp/mcuxpressoide_11.2.1_4149/ide/plugins/com.nxp.mcuxpresso.tools.win32_11.2.0.202008311134/tools/bin/../lib/gcc/arm-none-eabi/9.2.1/../../../../arm-none-eabi/lib/thumb/v7-m/nofp\libc_nano.a(lib_a-sprintf.o)
                0x00017630                siprintf
                0x00017630                sprintf
 .text          0x00017670       0x10 c:/nxp/mcuxpressoide_11.2.1_4149/ide/plugins/com.nxp.mcuxpresso.tools.win32_11.2.0.202008311134/tools/bin/../lib/gcc/arm-none-eabi/9.2.1/../../../../arm-none-eabi/lib/thumb/v7-m/nofp\libc_nano.a(lib_a-strlen.o)
                0x00017670                strlen
 .text.quorem   0x00017680      0x11a c:/nxp/mcuxpressoide_11.2.1_4149/ide/plugins/com.nxp.mcuxpresso.tools.win32_11.2.0.202008311134/tools/bin/../lib/gcc/arm-none-eabi/9.2.1/../../../../arm-none-eabi/lib/thumb/v7-m/nofp\libc_nano.a(lib_a-dtoa.o)
 *fill*         0x0001779a        0x6 ff
 .text._dtoa_r  0x000177a0      0xba4 c:/nxp/mcuxpressoide_11.2.1_4149/ide/plugins/com.nxp.mcuxpresso.tools.win32_11.2.0.202008311134/tools/bin/../lib/gcc/arm-none-eabi/9.2.1/../../../../arm-none-eabi/lib/thumb/v7-m/nofp\libc_nano.a(lib_a-dtoa.o)
                0x000177a0                _dtoa_r
 .text._localeconv_r
                0x00018344        0x8 c:/nxp/mcuxpressoide_11.2.1_4149/ide/plugins/com.nxp.mcuxpresso.tools.win32_11.2.0.202008311134/tools/bin/../lib/gcc/arm-none-eabi/9.2.1/../../../../arm-none-eabi/lib/thumb/v7-m/nofp\libc_nano.a(lib_a-localeconv.o)
                0x00018344                _localeconv_r
 .text.malloc   0x0001834c       0x10 c:/nxp/mcuxpressoide_11.2.1_4149/ide/plugins/com.nxp.mcuxpresso.tools.win32_11.2.0.202008311134/tools/bin/../lib/gcc/arm-none-eabi/9.2.1/../../../../arm-none-eabi/lib/thumb/v7-m/nofp\libc_nano.a(lib_a-malloc.o)
                0x0001834c                malloc
 .text.memchr   0x0001835c       0x1c c:/nxp/mcuxpressoide_11.2.1_4149/ide/plugins/com.nxp.mcuxpresso.tools.win32_11.2.0.202008311134/tools/bin/../lib/gcc/arm-none-eabi/9.2.1/../../../../arm-none-eabi/lib/thumb/v7-m/nofp\libc_nano.a(lib_a-memchr-stub.o)
                0x0001835c                memchr
 .text._Balloc  0x00018378       0x68 c:/nxp/mcuxpressoide_11.2.1_4149/ide/plugins/com.nxp.mcuxpresso.tools.win32_11.2.0.202008311134/tools/bin/../lib/gcc/arm-none-eabi/9.2.1/../../../../arm-none-eabi/lib/thumb/v7-m/nofp\libc_nano.a(lib_a-mprec.o)
                0x00018378                _Balloc
 .text._Bfree   0x000183e0       0x2e c:/nxp/mcuxpressoide_11.2.1_4149/ide/plugins/com.nxp.mcuxpresso.tools.win32_11.2.0.202008311134/tools/bin/../lib/gcc/arm-none-eabi/9.2.1/../../../../arm-none-eabi/lib/thumb/v7-m/nofp\libc_nano.a(lib_a-mprec.o)
                0x000183e0                _Bfree
 .text.__multadd
                0x0001840e       0x7c c:/nxp/mcuxpressoide_11.2.1_4149/ide/plugins/com.nxp.mcuxpresso.tools.win32_11.2.0.202008311134/tools/bin/../lib/gcc/arm-none-eabi/9.2.1/../../../../arm-none-eabi/lib/thumb/v7-m/nofp\libc_nano.a(lib_a-mprec.o)
                0x0001840e                __multadd
 .text.__hi0bits
                0x0001848a       0x40 c:/nxp/mcuxpressoide_11.2.1_4149/ide/plugins/com.nxp.mcuxpresso.tools.win32_11.2.0.202008311134/tools/bin/../lib/gcc/arm-none-eabi/9.2.1/../../../../arm-none-eabi/lib/thumb/v7-m/nofp\libc_nano.a(lib_a-mprec.o)
                0x0001848a                __hi0bits
 .text.__lo0bits
                0x000184ca       0x5c c:/nxp/mcuxpressoide_11.2.1_4149/ide/plugins/com.nxp.mcuxpresso.tools.win32_11.2.0.202008311134/tools/bin/../lib/gcc/arm-none-eabi/9.2.1/../../../../arm-none-eabi/lib/thumb/v7-m/nofp\libc_nano.a(lib_a-mprec.o)
                0x000184ca                __lo0bits
 .text.__i2b    0x00018526       0x12 c:/nxp/mcuxpressoide_11.2.1_4149/ide/plugins/com.nxp.mcuxpresso.tools.win32_11.2.0.202008311134/tools/bin/../lib/gcc/arm-none-eabi/9.2.1/../../../../arm-none-eabi/lib/thumb/v7-m/nofp\libc_nano.a(lib_a-mprec.o)
                0x00018526                __i2b
 .text.__multiply
                0x00018538      0x136 c:/nxp/mcuxpressoide_11.2.1_4149/ide/plugins/com.nxp.mcuxpresso.tools.win32_11.2.0.202008311134/tools/bin/../lib/gcc/arm-none-eabi/9.2.1/../../../../arm-none-eabi/lib/thumb/v7-m/nofp\libc_nano.a(lib_a-mprec.o)
                0x00018538                __multiply
 *fill*         0x0001866e        0x2 ff
 .text.__pow5mult
                0x00018670       0x9c c:/nxp/mcuxpressoide_11.2.1_4149/ide/plugins/com.nxp.mcuxpresso.tools.win32_11.2.0.202008311134/tools/bin/../lib/gcc/arm-none-eabi/9.2.1/../../../../arm-none-eabi/lib/thumb/v7-m/nofp\libc_nano.a(lib_a-mprec.o)
                0x00018670                __pow5mult
 .text.__lshift
                0x0001870c       0xbe c:/nxp/mcuxpressoide_11.2.1_4149/ide/plugins/com.nxp.mcuxpresso.tools.win32_11.2.0.202008311134/tools/bin/../lib/gcc/arm-none-eabi/9.2.1/../../../../arm-none-eabi/lib/thumb/v7-m/nofp\libc_nano.a(lib_a-mprec.o)
                0x0001870c                __lshift
 .text.__mcmp   0x000187ca       0x36 c:/nxp/mcuxpressoide_11.2.1_4149/ide/plugins/com.nxp.mcuxpresso.tools.win32_11.2.0.202008311134/tools/bin/../lib/gcc/arm-none-eabi/9.2.1/../../../../arm-none-eabi/lib/thumb/v7-m/nofp\libc_nano.a(lib_a-mprec.o)
                0x000187ca                __mcmp
 .text.__mdiff  0x00018800       0xf8 c:/nxp/mcuxpressoide_11.2.1_4149/ide/plugins/com.nxp.mcuxpresso.tools.win32_11.2.0.202008311134/tools/bin/../lib/gcc/arm-none-eabi/9.2.1/../../../../arm-none-eabi/lib/thumb/v7-m/nofp\libc_nano.a(lib_a-mprec.o)
                0x00018800                __mdiff
 .text.__d2b    0x000188f8       0x9e c:/nxp/mcuxpressoide_11.2.1_4149/ide/plugins/com.nxp.mcuxpresso.tools.win32_11.2.0.202008311134/tools/bin/../lib/gcc/arm-none-eabi/9.2.1/../../../../arm-none-eabi/lib/thumb/v7-m/nofp\libc_nano.a(lib_a-mprec.o)
                0x000188f8                __d2b
 .text._calloc_r
                0x00018996       0x1c c:/nxp/mcuxpressoide_11.2.1_4149/ide/plugins/com.nxp.mcuxpresso.tools.win32_11.2.0.202008311134/tools/bin/../lib/gcc/arm-none-eabi/9.2.1/../../../../arm-none-eabi/lib/thumb/v7-m/nofp\libc_nano.a(lib_a-nano-callocr.o)
                0x00018996                _calloc_r
 *fill*         0x000189b2        0x2 ff
 .text._free_r  0x000189b4       0x98 c:/nxp/mcuxpressoide_11.2.1_4149/ide/plugins/com.nxp.mcuxpresso.tools.win32_11.2.0.202008311134/tools/bin/../lib/gcc/arm-none-eabi/9.2.1/../../../../arm-none-eabi/lib/thumb/v7-m/nofp\libc_nano.a(lib_a-nano-freer.o)
                0x000189b4                _free_r
 .text._malloc_r
                0x00018a4c       0xb4 c:/nxp/mcuxpressoide_11.2.1_4149/ide/plugins/com.nxp.mcuxpresso.tools.win32_11.2.0.202008311134/tools/bin/../lib/gcc/arm-none-eabi/9.2.1/../../../../arm-none-eabi/lib/thumb/v7-m/nofp\libc_nano.a(lib_a-nano-mallocr.o)
                0x00018a4c                _malloc_r
 .text.__ssputs_r
                0x00018b00       0xb6 c:/nxp/mcuxpressoide_11.2.1_4149/ide/plugins/com.nxp.mcuxpresso.tools.win32_11.2.0.202008311134/tools/bin/../lib/gcc/arm-none-eabi/9.2.1/../../../../arm-none-eabi/lib/thumb/v7-m/nofp\libc_nano.a(lib_a-nano-svfprintf.o)
                0x00018b00                __ssputs_r
 *fill*         0x00018bb6        0x2 ff
 .text._svfprintf_r
                0x00018bb8      0x200 c:/nxp/mcuxpressoide_11.2.1_4149/ide/plugins/com.nxp.mcuxpresso.tools.win32_11.2.0.202008311134/tools/bin/../lib/gcc/arm-none-eabi/9.2.1/../../../../arm-none-eabi/lib/thumb/v7-m/nofp\libc_nano.a(lib_a-nano-svfprintf.o)
                0x00018bb8                _svfiprintf_r
                0x00018bb8                _svfprintf_r
 .text._sbrk_r  0x00018db8       0x20 c:/nxp/mcuxpressoide_11.2.1_4149/ide/plugins/com.nxp.mcuxpresso.tools.win32_11.2.0.202008311134/tools/bin/../lib/gcc/arm-none-eabi/9.2.1/../../../../arm-none-eabi/lib/thumb/v7-m/nofp\libc_nano.a(lib_a-sbrkr.o)
                0x00018db8                _sbrk_r
 .text.__ascii_mbtowc
                0x00018dd8       0x24 c:/nxp/mcuxpressoide_11.2.1_4149/ide/plugins/com.nxp.mcuxpresso.tools.win32_11.2.0.202008311134/tools/bin/../lib/gcc/arm-none-eabi/9.2.1/../../../../arm-none-eabi/lib/thumb/v7-m/nofp\libc_nano.a(lib_a-mbtowc_r.o)
                0x00018dd8                __ascii_mbtowc
 .text.memmove  0x00018dfc       0x34 c:/nxp/mcuxpressoide_11.2.1_4149/ide/plugins/com.nxp.mcuxpresso.tools.win32_11.2.0.202008311134/tools/bin/../lib/gcc/arm-none-eabi/9.2.1/../../../../arm-none-eabi/lib/thumb/v7-m/nofp\libc_nano.a(lib_a-memmove.o)
                0x00018dfc                memmove
 .text.__malloc_lock
                0x00018e30        0xc c:/nxp/mcuxpressoide_11.2.1_4149/ide/plugins/com.nxp.mcuxpresso.tools.win32_11.2.0.202008311134/tools/bin/../lib/gcc/arm-none-eabi/9.2.1/../../../../arm-none-eabi/lib/thumb/v7-m/nofp\libc_nano.a(lib_a-mlock.o)
                0x00018e30                __malloc_lock
 .text.__malloc_unlock
                0x00018e3c        0xc c:/nxp/mcuxpressoide_11.2.1_4149/ide/plugins/com.nxp.mcuxpresso.tools.win32_11.2.0.202008311134/tools/bin/../lib/gcc/arm-none-eabi/9.2.1/../../../../arm-none-eabi/lib/thumb/v7-m/nofp\libc_nano.a(lib_a-mlock.o)
                0x00018e3c                __malloc_unlock
 .text._realloc_r
                0x00018e48       0x4c c:/nxp/mcuxpressoide_11.2.1_4149/ide/plugins/com.nxp.mcuxpresso.tools.win32_11.2.0.202008311134/tools/bin/../lib/gcc/arm-none-eabi/9.2.1/../../../../arm-none-eabi/lib/thumb/v7-m/nofp\libc_nano.a(lib_a-nano-reallocr.o)
                0x00018e48                _realloc_r
 .text.__ascii_wctomb
                0x00018e94       0x1a c:/nxp/mcuxpressoide_11.2.1_4149/ide/plugins/com.nxp.mcuxpresso.tools.win32_11.2.0.202008311134/tools/bin/../lib/gcc/arm-none-eabi/9.2.1/../../../../arm-none-eabi/lib/thumb/v7-m/nofp\libc_nano.a(lib_a-wctomb_r.o)
                0x00018e94                __ascii_wctomb
 .text.__retarget_lock_acquire_recursive
                0x00018eae        0x2 c:/nxp/mcuxpressoide_11.2.1_4149/ide/plugins/com.nxp.mcuxpresso.tools.win32_11.2.0.202008311134/tools/bin/../lib/gcc/arm-none-eabi/9.2.1/../../../../arm-none-eabi/lib/thumb/v7-m/nofp\libc_nano.a(lib_a-lock.o)
                0x00018eae                __retarget_lock_acquire_recursive
 .text.__retarget_lock_release_recursive
                0x00018eb0        0x2 c:/nxp/mcuxpressoide_11.2.1_4149/ide/plugins/com.nxp.mcuxpresso.tools.win32_11.2.0.202008311134/tools/bin/../lib/gcc/arm-none-eabi/9.2.1/../../../../arm-none-eabi/lib/thumb/v7-m/nofp\libc_nano.a(lib_a-lock.o)
                0x00018eb0                __retarget_lock_release_recursive
 .text._malloc_usable_size_r
                0x00018eb2       0x10 c:/nxp/mcuxpressoide_11.2.1_4149/ide/plugins/com.nxp.mcuxpresso.tools.win32_11.2.0.202008311134/tools/bin/../lib/gcc/arm-none-eabi/9.2.1/../../../../arm-none-eabi/lib/thumb/v7-m/nofp\libc_nano.a(lib_a-nano-msizer.o)
                0x00018eb2                _malloc_usable_size_r
 *fill*         0x00018ec2        0x2 ff
 .text.sqrtf    0x00018ec4       0xa4 c:/nxp/mcuxpressoide_11.2.1_4149/ide/plugins/com.nxp.mcuxpresso.tools.win32_11.2.0.202008311134/tools/bin/../lib/gcc/arm-none-eabi/9.2.1/../../../../arm-none-eabi/lib/thumb/v7-m/nofp\libm.a(lib_a-wf_sqrt.o)
                0x00018ec4                sqrtf
 .text.__ieee754_sqrtf
                0x00018f68       0xa8 c:/nxp/mcuxpressoide_11.2.1_4149/ide/plugins/com.nxp.mcuxpresso.tools.win32_11.2.0.202008311134/tools/bin/../lib/gcc/arm-none-eabi/9.2.1/../../../../arm-none-eabi/lib/thumb/v7-m/nofp\libm.a(lib_a-ef_sqrt.o)
                0x00018f68                __ieee754_sqrtf
 .text.matherr  0x00019010        0x4 c:/nxp/mcuxpressoide_11.2.1_4149/ide/plugins/com.nxp.mcuxpresso.tools.win32_11.2.0.202008311134/tools/bin/../lib/gcc/arm-none-eabi/9.2.1/../../../../arm-none-eabi/lib/thumb/v7-m/nofp\libm.a(lib_a-s_matherr.o)
                0x00019010                matherr
 .text._sbrk    0x00019014       0x3c c:/nxp/mcuxpressoide_11.2.1_4149/ide/plugins/com.nxp.mcuxpresso.tools.win32_11.2.0.202008311134/tools/bin/../lib/gcc/arm-none-eabi/9.2.1/../../../../arm-none-eabi/lib/thumb/v7-m/nofp\libcr_newlib_none.a(_cr_sbrk.o)
                0x00019014                _sbrk
 .text.__check_heap_overflow
                0x00019050       0x14 c:/nxp/mcuxpressoide_11.2.1_4149/ide/plugins/com.nxp.mcuxpresso.tools.win32_11.2.0.202008311134/tools/bin/../lib/gcc/arm-none-eabi/9.2.1/../../../../arm-none-eabi/lib/thumb/v7-m/nofp\libcr_newlib_none.a(_cr_check_heap.o)
                0x00019050                __check_heap_overflow
 .text          0x00019064      0x424 c:/nxp/mcuxpressoide_11.2.1_4149/ide/plugins/com.nxp.mcuxpresso.tools.win32_11.2.0.202008311134/tools/bin/../lib/gcc/arm-none-eabi/9.2.1/thumb/v7-m/nofp\libgcc.a(_arm_muldivdf3.o)
                0x00019064                __aeabi_dmul
                0x00019064                __muldf3
                0x000192b8                __divdf3
                0x000192b8                __aeabi_ddiv
 .text          0x00019488      0x110 c:/nxp/mcuxpressoide_11.2.1_4149/ide/plugins/com.nxp.mcuxpresso.tools.win32_11.2.0.202008311134/tools/bin/../lib/gcc/arm-none-eabi/9.2.1/thumb/v7-m/nofp\libgcc.a(_arm_cmpdf2.o)
                0x00019488                __gtdf2
                0x00019488                __gedf2
                0x00019490                __ltdf2
                0x00019490                __ledf2
                0x00019498                __nedf2
                0x00019498                __eqdf2
                0x00019498                __cmpdf2
                0x00019514                __aeabi_cdrcmple
                0x00019524                __aeabi_cdcmpeq
                0x00019524                __aeabi_cdcmple
                0x00019534                __aeabi_dcmpeq
                0x00019548                __aeabi_dcmplt
                0x0001955c                __aeabi_dcmple
                0x00019570                __aeabi_dcmpge
                0x00019584                __aeabi_dcmpgt
 .text          0x00019598       0x2c c:/nxp/mcuxpressoide_11.2.1_4149/ide/plugins/com.nxp.mcuxpresso.tools.win32_11.2.0.202008311134/tools/bin/../lib/gcc/arm-none-eabi/9.2.1/thumb/v7-m/nofp\libgcc.a(_arm_unorddf2.o)
                0x00019598                __unorddf2
                0x00019598                __aeabi_dcmpun
 .text          0x000195c4       0x50 c:/nxp/mcuxpressoide_11.2.1_4149/ide/plugins/com.nxp.mcuxpresso.tools.win32_11.2.0.202008311134/tools/bin/../lib/gcc/arm-none-eabi/9.2.1/thumb/v7-m/nofp\libgcc.a(_arm_fixdfsi.o)
                0x000195c4                __aeabi_d2iz
                0x000195c4                __fixdfsi
 .text          0x00019614       0xa0 c:/nxp/mcuxpressoide_11.2.1_4149/ide/plugins/com.nxp.mcuxpresso.tools.win32_11.2.0.202008311134/tools/bin/../lib/gcc/arm-none-eabi/9.2.1/thumb/v7-m/nofp\libgcc.a(_arm_truncdfsf2.o)
                0x00019614                __truncdfsf2
                0x00019614                __aeabi_d2f
 .text          0x000196b4       0x2c c:/nxp/mcuxpressoide_11.2.1_4149/ide/plugins/com.nxp.mcuxpresso.tools.win32_11.2.0.202008311134/tools/bin/../lib/gcc/arm-none-eabi/9.2.1/thumb/v7-m/nofp\libgcc.a(_arm_unordsf2.o)
                0x000196b4                __unordsf2
                0x000196b4                __aeabi_fcmpun
 .text.__errno  0x000196e0        0xc c:/nxp/mcuxpressoide_11.2.1_4149/ide/plugins/com.nxp.mcuxpresso.tools.win32_11.2.0.202008311134/tools/bin/../lib/gcc/arm-none-eabi/9.2.1/../../../../arm-none-eabi/lib/thumb/v7-m/nofp\libc_nano.a(lib_a-errno.o)
                0x000196e0                __errno
 *(.rodata .rodata.* .constdata .constdata.*)
 .rodata        0x000196ec        0xf ./src/IA_2021_V0.o
 *fill*         0x000196fb        0x1 ff
 .rodata        0x000196fc       0x1f ./src/Init.o
 *fill*         0x0001971b        0x1 ff
 .rodata        0x0001971c       0xb6 ./src/test.o
 *fill*         0x000197d2        0x2 ff
 .rodata        0x000197d4       0x29 ./freertos/src/FreeRTOSCommonHooks.o
 *fill*         0x000197fd        0x3 ff
 .rodata.vTaskStartScheduler.str1.4
                0x00019800        0x5 ./freertos/src/tasks.o
 *fill*         0x00019805        0x3 ff
 .rodata.prvCheckForValidListAndQueue.str1.4
                0x00019808        0x5 ./freertos/src/timers.o
 *fill*         0x0001980d        0x3 ff
 .rodata.xTimerCreateTimerTask.str1.4
                0x00019810        0x8 ./freertos/src/timers.o
 .rodata        0x00019818      0x22a ./Strategie/Strategie_Level0/Deplacement/0_Deplacements.o
 *fill*         0x00019a42        0x2 ff
 .rodata        0x00019a44       0x9b ./Strategie/Strategie.o
 *fill*         0x00019adf        0x1 ff
 .rodata        0x00019ae0       0x5f ./Pathfinding/Astar/Astar.o
 *fill*         0x00019b3f        0x1 ff
 .rodata        0x00019b40       0x25 ./Communication/0_Communication.o
 *fill*         0x00019b65        0x3 ff
 .rodata        0x00019b68       0x30 ./Communication/1_Trame_Communication.o
 .rodata        0x00019b98        0xd ./Communication/2_Echange_Data_Strategie.o
 *fill*         0x00019ba5        0x3 ff
 .rodata        0x00019ba8      0x19f ./Communication/2_Echange_Datas.o
 *fill*         0x00019d47        0x1 ff
 .rodata.MainOscPLL0conf_12
                0x00019d48       0xf0 D:\Developpement_Robot\Robotic-System\trunk\Workspaces\MultiWorkSpaces_2021\0_lpc_chip_175x_6x\Release\lib0_lpc_chip_175x_6x.a(sysinit_17xx_40xx.o)
 .rodata.MainOscPLL0conf_16
                0x00019e38       0xb0 D:\Developpement_Robot\Robotic-System\trunk\Workspaces\MultiWorkSpaces_2021\0_lpc_chip_175x_6x\Release\lib0_lpc_chip_175x_6x.a(sysinit_17xx_40xx.o)
 .rodata.RTCOscRateIn
                0x00019ee8        0x4 D:\Developpement_Robot\Robotic-System\trunk\Workspaces\MultiWorkSpaces_2021\0_lpc_board_nxp_lpcxpresso_1769\Release\lib0_lpc_board_nxp_lpcxpresso_1769.a(board.o)
                0x00019ee8                RTCOscRateIn
 .rodata._printf_float.str1.1
                0x00019eec       0x12 c:/nxp/mcuxpressoide_11.2.1_4149/ide/plugins/com.nxp.mcuxpresso.tools.win32_11.2.0.202008311134/tools/bin/../lib/gcc/arm-none-eabi/9.2.1/../../../../arm-none-eabi/lib/thumb/v7-m/nofp\libc_nano.a(lib_a-nano-vfprintf_float.o)
 .rodata._printf_i.str1.1
                0x00019efe       0x22 c:/nxp/mcuxpressoide_11.2.1_4149/ide/plugins/com.nxp.mcuxpresso.tools.win32_11.2.0.202008311134/tools/bin/../lib/gcc/arm-none-eabi/9.2.1/../../../../arm-none-eabi/lib/thumb/v7-m/nofp\libc_nano.a(lib_a-nano-vfprintf_i.o)
 .rodata._dtoa_r.str1.1
                0x00019f20        0xd c:/nxp/mcuxpressoide_11.2.1_4149/ide/plugins/com.nxp.mcuxpresso.tools.win32_11.2.0.202008311134/tools/bin/../lib/gcc/arm-none-eabi/9.2.1/../../../../arm-none-eabi/lib/thumb/v7-m/nofp\libc_nano.a(lib_a-dtoa.o)
                                  0xf (size before relaxing)
 *fill*         0x00019f2d        0x3 ff
 .rodata.__mprec_bigtens
                0x00019f30       0x28 c:/nxp/mcuxpressoide_11.2.1_4149/ide/plugins/com.nxp.mcuxpresso.tools.win32_11.2.0.202008311134/tools/bin/../lib/gcc/arm-none-eabi/9.2.1/../../../../arm-none-eabi/lib/thumb/v7-m/nofp\libc_nano.a(lib_a-mprec.o)
                0x00019f30                __mprec_bigtens
 .rodata.__mprec_tens
                0x00019f58       0xc8 c:/nxp/mcuxpressoide_11.2.1_4149/ide/plugins/com.nxp.mcuxpresso.tools.win32_11.2.0.202008311134/tools/bin/../lib/gcc/arm-none-eabi/9.2.1/../../../../arm-none-eabi/lib/thumb/v7-m/nofp\libc_nano.a(lib_a-mprec.o)
                0x00019f58                __mprec_tens
 .rodata.p05.6127
                0x0001a020        0xc c:/nxp/mcuxpressoide_11.2.1_4149/ide/plugins/com.nxp.mcuxpresso.tools.win32_11.2.0.202008311134/tools/bin/../lib/gcc/arm-none-eabi/9.2.1/../../../../arm-none-eabi/lib/thumb/v7-m/nofp\libc_nano.a(lib_a-mprec.o)
 .rodata._svfprintf_r.str1.1
                0x0001a02c       0x11 c:/nxp/mcuxpressoide_11.2.1_4149/ide/plugins/com.nxp.mcuxpresso.tools.win32_11.2.0.202008311134/tools/bin/../lib/gcc/arm-none-eabi/9.2.1/../../../../arm-none-eabi/lib/thumb/v7-m/nofp\libc_nano.a(lib_a-nano-svfprintf.o)
 .rodata._setlocale_r.str1.1
                0x0001a03d        0x8 c:/nxp/mcuxpressoide_11.2.1_4149/ide/plugins/com.nxp.mcuxpresso.tools.win32_11.2.0.202008311134/tools/bin/../lib/gcc/arm-none-eabi/9.2.1/../../../../arm-none-eabi/lib/thumb/v7-m/nofp\libc_nano.a(lib_a-locale.o)
                                  0x9 (size before relaxing)
 .rodata.str1.1
                0x0001a045        0x2 c:/nxp/mcuxpressoide_11.2.1_4149/ide/plugins/com.nxp.mcuxpresso.tools.win32_11.2.0.202008311134/tools/bin/../lib/gcc/arm-none-eabi/9.2.1/../../../../arm-none-eabi/lib/thumb/v7-m/nofp\libc_nano.a(lib_a-locale.o)
 .rodata._ctype_
                0x0001a047      0x101 c:/nxp/mcuxpressoide_11.2.1_4149/ide/plugins/com.nxp.mcuxpresso.tools.win32_11.2.0.202008311134/tools/bin/../lib/gcc/arm-none-eabi/9.2.1/../../../../arm-none-eabi/lib/thumb/v7-m/nofp\libc_nano.a(lib_a-ctype_.o)
                0x0001a047                _ctype_
 .rodata.sqrtf.str1.4
                0x0001a148        0x6 c:/nxp/mcuxpressoide_11.2.1_4149/ide/plugins/com.nxp.mcuxpresso.tools.win32_11.2.0.202008311134/tools/bin/../lib/gcc/arm-none-eabi/9.2.1/../../../../arm-none-eabi/lib/thumb/v7-m/nofp\libm.a(lib_a-wf_sqrt.o)
                0x0001a150                . = ALIGN (0x4)
 *fill*         0x0001a14e        0x2 ff

.glue_7         0x0001a150        0x0
 .glue_7        0x0001a150        0x0 linker stubs

.glue_7t        0x0001a150        0x0
 .glue_7t       0x0001a150        0x0 linker stubs

.vfp11_veneer   0x0001a150        0x0
 .vfp11_veneer  0x0001a150        0x0 linker stubs

.v4_bx          0x0001a150        0x0
 .v4_bx         0x0001a150        0x0 linker stubs

.iplt           0x0001a150        0x0
 .iplt          0x0001a150        0x0 ./src/IA_2021_V0.o

.rel.dyn        0x0001a150        0x0
 .rel.iplt      0x0001a150        0x0 ./src/IA_2021_V0.o

.ARM.extab
 *(.ARM.extab* .gnu.linkonce.armextab.*)

.ARM.exidx      0x0001a150        0x0
                0x0001a150                __exidx_start = .
 *(.ARM.exidx* .gnu.linkonce.armexidx.*)
                0x0001a150                __exidx_end = .
                0x0001a150                _etext = .

.data_RAM2      0x2007c000        0x0 load address 0x0001a150
 FILL mask 0xff
                [!provide]                PROVIDE (__start_data_RAM2 = .)
                [!provide]                PROVIDE (__start_data_Ram_USB = .)
 *(.ramfunc.$RAM2)
 *(.ramfunc.$Ram_USB)
 *(.data.$RAM2)
 *(.data.$Ram_USB)
 *(.data.$RAM2.*)
 *(.data.$Ram_USB.*)
                0x2007c000                . = ALIGN (0x4)
                [!provide]                PROVIDE (__end_data_RAM2 = .)
                [!provide]                PROVIDE (__end_data_Ram_USB = .)

.data_RAM3      0x2007c800        0x0 load address 0x0001a150
 FILL mask 0xff
                [!provide]                PROVIDE (__start_data_RAM3 = .)
                [!provide]                PROVIDE (__start_data_RAM3 = .)
 *(.ramfunc.$RAM3)
 *(.ramfunc.$RAM3)
 *(.data.$RAM3)
 *(.data.$RAM3)
 *(.data.$RAM3.*)
 *(.data.$RAM3.*)
                0x2007c800                . = ALIGN (0x4)
                [!provide]                PROVIDE (__end_data_RAM3 = .)
                [!provide]                PROVIDE (__end_data_RAM3 = .)

.uninit_RESERVED
                0x10000000        0x0
                0x10000000                _start_uninit_RESERVED = .
 *(.bss.$RESERVED*)
                0x10000000                . = ALIGN (0x4)
                0x10000000                _end_uninit_RESERVED = .

.data           0x10000000      0x1ec load address 0x0001a150
 FILL mask 0xff
                0x10000000                _data = .
                [!provide]                PROVIDE (__start_data_RAM = .)
                [!provide]                PROVIDE (__start_data_RamLoc32 = .)
 *(vtable)
 *(.ramfunc*)
 *(CodeQuickAccess)
 *(DataQuickAccess)
 *(RamFunction)
 *(.data*)
 .data.xHeapRegions
                0x10000000       0x10 ./src/IA_2021_V0.o
 .data.uxCriticalNesting
                0x10000010        0x4 ./freertos/src/port.o
 .data.OscRateIn
                0x10000014        0x4 D:\Developpement_Robot\Robotic-System\trunk\Workspaces\MultiWorkSpaces_2021\0_lpc_board_nxp_lpcxpresso_1769\Release\lib0_lpc_board_nxp_lpcxpresso_1769.a(board.o)
                0x10000014                OscRateIn
 .data._impure_ptr
                0x10000018        0x4 c:/nxp/mcuxpressoide_11.2.1_4149/ide/plugins/com.nxp.mcuxpresso.tools.win32_11.2.0.202008311134/tools/bin/../lib/gcc/arm-none-eabi/9.2.1/../../../../arm-none-eabi/lib/thumb/v7-m/nofp\libc_nano.a(lib_a-impure.o)
                0x10000018                _impure_ptr
 .data.impure_data
                0x1000001c       0x60 c:/nxp/mcuxpressoide_11.2.1_4149/ide/plugins/com.nxp.mcuxpresso.tools.win32_11.2.0.202008311134/tools/bin/../lib/gcc/arm-none-eabi/9.2.1/../../../../arm-none-eabi/lib/thumb/v7-m/nofp\libc_nano.a(lib_a-impure.o)
 .data.__global_locale
                0x1000007c      0x16c c:/nxp/mcuxpressoide_11.2.1_4149/ide/plugins/com.nxp.mcuxpresso.tools.win32_11.2.0.202008311134/tools/bin/../lib/gcc/arm-none-eabi/9.2.1/../../../../arm-none-eabi/lib/thumb/v7-m/nofp\libc_nano.a(lib_a-locale.o)
                0x1000007c                __global_locale
 .data.__fdlib_version
                0x100001e8        0x1 c:/nxp/mcuxpressoide_11.2.1_4149/ide/plugins/com.nxp.mcuxpresso.tools.win32_11.2.0.202008311134/tools/bin/../lib/gcc/arm-none-eabi/9.2.1/../../../../arm-none-eabi/lib/thumb/v7-m/nofp\libm.a(lib_a-s_lib_ver.o)
                0x100001e8                __fdlib_version
                0x100001ec                . = ALIGN (0x4)
 *fill*         0x100001e9        0x3 ff
                0x100001ec                _edata = .
                [!provide]                PROVIDE (__end_data_RAM = .)
                [!provide]                PROVIDE (__end_data_RamLoc32 = .)

.igot.plt       0x100001ec        0x0 load address 0x0001a33c
 .igot.plt      0x100001ec        0x0 ./src/IA_2021_V0.o

.bss_RAM2       0x2007c000        0x0
                [!provide]                PROVIDE (__start_bss_RAM2 = .)
                [!provide]                PROVIDE (__start_bss_Ram_USB = .)
 *(.bss.$RAM2)
 *(.bss.$Ram_USB)
 *(.bss.$RAM2.*)
 *(.bss.$Ram_USB.*)
                0x2007c000                . = ALIGN ((. != 0x0)?0x4:0x1)
                [!provide]                PROVIDE (__end_bss_RAM2 = .)
                [!provide]                PROVIDE (__end_bss_Ram_USB = .)

.bss_RAM3       0x2007c800     0x4450
                [!provide]                PROVIDE (__start_bss_RAM3 = .)
                [!provide]                PROVIDE (__start_bss_RAM3 = .)
 *(.bss.$RAM3)
 .bss.$RAM3     0x2007c800      0x19e ./freertos/src/FreeRTOSCommonHooks.o
 *fill*         0x2007c99e        0x2 
 .bss.$RAM3     0x2007c9a0       0x18 ./Strategie/Strategie_Level0/Deplacement/0_Deplacements.o
 .bss.$RAM3     0x2007c9b8       0xd8 ./Strategie/Strategie_Level0/0_Infos.o
 .bss.$RAM3     0x2007ca90      0x41c ./Pathfinding/Astar/Astar.o
 .bss.$RAM3     0x2007ceac      0x480 ./Communication/0_Communication.o
 .bss.$RAM3     0x2007d32c       0x93 ./Communication/1_Trame_Communication.o
 *fill*         0x2007d3bf        0x1 
 .bss.$RAM3     0x2007d3c0       0x46 ./Communication/2_Echange_Data_Strategie.o
 *fill*         0x2007d406        0x2 
 .bss.$RAM3     0x2007d408       0x46 ./Communication/2_Echange_Datas.o
 *(.bss.$RAM3)
 *(.bss.$RAM3.*)
 *fill*         0x2007d44e        0x2 
 .bss.$RAM3.    0x2007d450     0x3800 ./src/IA_2021_V0.o
 *(.bss.$RAM3.*)
                0x20080c50                . = ALIGN ((. != 0x0)?0x4:0x1)
                [!provide]                PROVIDE (__end_bss_RAM3 = .)
                [!provide]                PROVIDE (__end_bss_RAM3 = .)

.bss            0x100001ec     0x52d0
                0x100001ec                _bss = .
                [!provide]                PROVIDE (__start_bss_RAM = .)
                [!provide]                PROVIDE (__start_bss_RamLoc32 = .)
 *(.bss*)
 .bss.str.10602
                0x100001ec       0x46 ./src/test.o
 *fill*         0x10000232        0x2 
 .bss.str.10607
                0x10000234       0x46 ./src/test.o
 *fill*         0x1000027a        0x2 
 .bss.pxEnd     0x1000027c        0x4 ./freertos/src/heap_5.o
 .bss.xBlockAllocatedBit
                0x10000280        0x4 ./freertos/src/heap_5.o
 .bss.xFreeBytesRemaining
                0x10000284        0x4 ./freertos/src/heap_5.o
 .bss.xMinimumEverFreeBytesRemaining
                0x10000288        0x4 ./freertos/src/heap_5.o
 .bss.xNumberOfSuccessfulAllocations
                0x1000028c        0x4 ./freertos/src/heap_5.o
 .bss.xNumberOfSuccessfulFrees
                0x10000290        0x4 ./freertos/src/heap_5.o
 .bss.xStart    0x10000294        0x8 ./freertos/src/heap_5.o
 .bss.xQueueRegistry
                0x1000029c       0x50 ./freertos/src/queue.o
                0x1000029c                xQueueRegistry
 .bss.pxCurrentTCB
                0x100002ec        0x4 ./freertos/src/tasks.o
                0x100002ec                pxCurrentTCB
 .bss.pxDelayedTaskList
                0x100002f0        0x4 ./freertos/src/tasks.o
 .bss.pxOverflowDelayedTaskList
                0x100002f4        0x4 ./freertos/src/tasks.o
 .bss.pxReadyTasksLists
                0x100002f8       0x64 ./freertos/src/tasks.o
 .bss.uxCurrentNumberOfTasks
                0x1000035c        0x4 ./freertos/src/tasks.o
 .bss.uxDeletedTasksWaitingCleanUp
                0x10000360        0x4 ./freertos/src/tasks.o
 .bss.uxSchedulerSuspended
                0x10000364        0x4 ./freertos/src/tasks.o
 .bss.uxTaskNumber
                0x10000368        0x4 ./freertos/src/tasks.o
 .bss.uxTopReadyPriority
                0x1000036c        0x4 ./freertos/src/tasks.o
 .bss.xDelayedTaskList1
                0x10000370       0x14 ./freertos/src/tasks.o
 .bss.xDelayedTaskList2
                0x10000384       0x14 ./freertos/src/tasks.o
 .bss.xIdleTaskHandle
                0x10000398        0x4 ./freertos/src/tasks.o
 .bss.xNextTaskUnblockTime
                0x1000039c        0x4 ./freertos/src/tasks.o
 .bss.xNumOfOverflows
                0x100003a0        0x4 ./freertos/src/tasks.o
 .bss.xPendedTicks
                0x100003a4        0x4 ./freertos/src/tasks.o
 .bss.xPendingReadyList
                0x100003a8       0x14 ./freertos/src/tasks.o
 .bss.xSchedulerRunning
                0x100003bc        0x4 ./freertos/src/tasks.o
 .bss.xSuspendedTaskList
                0x100003c0       0x14 ./freertos/src/tasks.o
 .bss.xTasksWaitingTermination
                0x100003d4       0x14 ./freertos/src/tasks.o
 .bss.xTickCount
                0x100003e8        0x4 ./freertos/src/tasks.o
 .bss.xYieldPending
                0x100003ec        0x4 ./freertos/src/tasks.o
 .bss.pxCurrentTimerList
                0x100003f0        0x4 ./freertos/src/timers.o
 .bss.pxOverflowTimerList
                0x100003f4        0x4 ./freertos/src/timers.o
 .bss.xActiveTimerList1
                0x100003f8       0x14 ./freertos/src/timers.o
 .bss.xActiveTimerList2
                0x1000040c       0x14 ./freertos/src/timers.o
 .bss.xLastTime.9167
                0x10000420        0x4 ./freertos/src/timers.o
 .bss.xTimerQueue
                0x10000424        0x4 ./freertos/src/timers.o
 .bss.xTimerTaskHandle
                0x10000428        0x4 ./freertos/src/timers.o
 .bss.Astar_Task_Handler
                0x1000042c        0x4 ./Strategie/Strategie_Level0/Deplacement/0_Deplacements.o
                0x1000042c                Astar_Task_Handler
 .bss._0_Deplacement_EventGroup
                0x10000430        0x4 ./Strategie/Strategie_Level0/Deplacement/0_Deplacements.o
                0x10000430                _0_Deplacement_EventGroup
 .bss.xMutex_Protection
                0x10000434        0x4 ./Strategie/Strategie_Level0/0_Infos.o
                0x10000434                xMutex_Protection
 .bss.Actions_2021
                0x10000438      0x244 ./Strategie/Strategie.o
                0x10000438                Actions_2021
 .bss.Strategie_Choisie
                0x1000067c        0x1 ./Strategie/Strategie.o
                0x1000067c                Strategie_Choisie
 *fill*         0x1000067d        0x3 
 .bss.Temps_Match
                0x10000680        0x4 ./Strategie/Strategie.o
                0x10000680                Temps_Match
 .bss.str.10471
                0x10000684       0x46 ./Strategie/Strategie.o
 .bss.Already_Blocked.10233
                0x100006ca        0x1 ./Pathfinding/Astar/Astar.o
 *fill*         0x100006cb        0x1 
 .bss.Map       0x100006cc     0x4b12 ./Pathfinding/Astar/Astar.o
 *fill*         0x100051de        0x2 
 .bss.ADCSetup  0x100051e0        0x8 ./Level_0/Drivers/0_ADC/0_ADC.o
 .bss.Burst_Mode_Flag
                0x100051e8        0x1 ./Level_0/Drivers/0_ADC/0_ADC.o
 *fill*         0x100051e9        0x3 
 .bss.Message.11429
                0x100051ec       0x4d ./Communication/0_Communication.o
 *fill*         0x10005239        0x3 
 .bss._1_xQueue_Message_TO_Send
                0x1000523c        0x4 ./Communication/0_Communication.o
                0x1000523c                _1_xQueue_Message_TO_Send
 .bss.already_flaged.11339
                0x10005240        0x1 ./Communication/0_Communication.o
 .bss.already_flaged.11344
                0x10005241        0x1 ./Communication/0_Communication.o
 *fill*         0x10005242        0x2 
 .bss.g_txBuff.11430
                0x10005244       0x80 ./Communication/0_Communication.o
 .bss.rxring_RS485