Archive member included to satisfy reference by file (symbol)

C:\Robot\Robotic-System.git\trunk\Workspaces\MultiWorkSpaces_2021\0_lpc_chip_175x_6x\Release\lib0_lpc_chip_175x_6x.a(adc_17xx_40xx.o)
                              ./Level_0/Drivers/0_ADC/0_ADC.o (Chip_ADC_Init)
C:\Robot\Robotic-System.git\trunk\Workspaces\MultiWorkSpaces_2021\0_lpc_chip_175x_6x\Release\lib0_lpc_chip_175x_6x.a(chip_17xx_40xx.o)
                              ./src/IA_2021_V0.o (SystemCoreClockUpdate)
C:\Robot\Robotic-System.git\trunk\Workspaces\MultiWorkSpaces_2021\0_lpc_chip_175x_6x\Release\lib0_lpc_chip_175x_6x.a(clock_17xx_40xx.o)
                              C:\Robot\Robotic-System.git\trunk\Workspaces\MultiWorkSpaces_2021\0_lpc_chip_175x_6x\Release\lib0_lpc_chip_175x_6x.a(chip_17xx_40xx.o) (Chip_Clock_EnablePLL)
C:\Robot\Robotic-System.git\trunk\Workspaces\MultiWorkSpaces_2021\0_lpc_chip_175x_6x\Release\lib0_lpc_chip_175x_6x.a(ring_buffer.o)
                              ./Communication/0_Communication.o (RingBuffer_Init)
C:\Robot\Robotic-System.git\trunk\Workspaces\MultiWorkSpaces_2021\0_lpc_chip_175x_6x\Release\lib0_lpc_chip_175x_6x.a(stopwatch_17xx_40xx.o)
                              ./Communication/USB/src/cdc_usb_main.o (StopWatch_Init)
C:\Robot\Robotic-System.git\trunk\Workspaces\MultiWorkSpaces_2021\0_lpc_chip_175x_6x\Release\lib0_lpc_chip_175x_6x.a(sysinit_17xx_40xx.o)
                              ./src/IA_2021_V0.o (Chip_SetupXtalClocking)
C:\Robot\Robotic-System.git\trunk\Workspaces\MultiWorkSpaces_2021\0_lpc_chip_175x_6x\Release\lib0_lpc_chip_175x_6x.a(timer_17xx_40xx.o)
                              ./src/IA_2021_V0.o (Chip_TIMER_Init)
C:\Robot\Robotic-System.git\trunk\Workspaces\MultiWorkSpaces_2021\0_lpc_chip_175x_6x\Release\lib0_lpc_chip_175x_6x.a(uart_17xx_40xx.o)
                              ./Communication/0_Communication.o (Chip_UART_Init)
C:\Robot\Robotic-System.git\trunk\Workspaces\MultiWorkSpaces_2021\0_lpc_board_nxp_lpcxpresso_1769\Release\lib0_lpc_board_nxp_lpcxpresso_1769.a(board.o)
                              ./src/IA_2021_V0.o (Set_Clock_in)
C:\Robot\Robotic-System.git\trunk\Workspaces\MultiWorkSpaces_2021\0_lpc_chip_175x_6x\libs\libusbd_175x_6x_lib.a(mw_usbd_rom_api.o)
                              ./Communication/USB/src/cdc_usb_main.o (cdc_api)
C:\Robot\Robotic-System.git\trunk\Workspaces\MultiWorkSpaces_2021\0_lpc_chip_175x_6x\libs\libusbd_175x_6x_lib.a(hw_usbd_ip3503.o)
                              C:\Robot\Robotic-System.git\trunk\Workspaces\MultiWorkSpaces_2021\0_lpc_chip_175x_6x\libs\libusbd_175x_6x_lib.a(mw_usbd_rom_api.o) (hwUSB_GetMemSize)
C:\Robot\Robotic-System.git\trunk\Workspaces\MultiWorkSpaces_2021\0_lpc_chip_175x_6x\libs\libusbd_175x_6x_lib.a(mw_usbd_cdcuser.o)
                              C:\Robot\Robotic-System.git\trunk\Workspaces\MultiWorkSpaces_2021\0_lpc_chip_175x_6x\libs\libusbd_175x_6x_lib.a(mw_usbd_rom_api.o) (mwCDC_SendNotification)
C:\Robot\Robotic-System.git\trunk\Workspaces\MultiWorkSpaces_2021\0_lpc_chip_175x_6x\libs\libusbd_175x_6x_lib.a(mw_usbd_core.o)
                              C:\Robot\Robotic-System.git\trunk\Workspaces\MultiWorkSpaces_2021\0_lpc_chip_175x_6x\libs\libusbd_175x_6x_lib.a(mw_usbd_rom_api.o) (mwUSB_SetupStage)
C:\Robot\Robotic-System.git\trunk\Workspaces\MultiWorkSpaces_2021\0_lpc_chip_175x_6x\libs\libusbd_175x_6x_lib.a(mw_usbd_dfuuser.o)
                              C:\Robot\Robotic-System.git\trunk\Workspaces\MultiWorkSpaces_2021\0_lpc_chip_175x_6x\libs\libusbd_175x_6x_lib.a(mw_usbd_rom_api.o) (mwDFU_GetMemSize)
C:\Robot\Robotic-System.git\trunk\Workspaces\MultiWorkSpaces_2021\0_lpc_chip_175x_6x\libs\libusbd_175x_6x_lib.a(mw_usbd_hiduser.o)
                              C:\Robot\Robotic-System.git\trunk\Workspaces\MultiWorkSpaces_2021\0_lpc_chip_175x_6x\libs\libusbd_175x_6x_lib.a(mw_usbd_rom_api.o) (mwHID_GetMemSize)
C:\Robot\Robotic-System.git\trunk\Workspaces\MultiWorkSpaces_2021\0_lpc_chip_175x_6x\libs\libusbd_175x_6x_lib.a(mw_usbd_mscuser.o)
                              C:\Robot\Robotic-System.git\trunk\Workspaces\MultiWorkSpaces_2021\0_lpc_chip_175x_6x\libs\libusbd_175x_6x_lib.a(mw_usbd_rom_api.o) (mwMSC_GetMemSize)
c:/nxp/mcuxpressoide_11.2.1_4149/ide/plugins/com.nxp.mcuxpresso.tools.win32_11.2.0.202008311134/tools/bin/../lib/gcc/arm-none-eabi/9.2.1/thumb/v7-m/nofp\libgcc.a(_arm_mulsf3.o)
                              ./Strategie/Strategie_Level0/Deplacement/0_Deplacements.o (__aeabi_fmul)
c:/nxp/mcuxpressoide_11.2.1_4149/ide/plugins/com.nxp.mcuxpresso.tools.win32_11.2.0.202008311134/tools/bin/../lib/gcc/arm-none-eabi/9.2.1/thumb/v7-m/nofp\libgcc.a(_arm_addsubdf3.o)
                              ./Communication/2_Echange_Datas.o (__aeabi_f2d)
c:/nxp/mcuxpressoide_11.2.1_4149/ide/plugins/com.nxp.mcuxpresso.tools.win32_11.2.0.202008311134/tools/bin/../lib/gcc/arm-none-eabi/9.2.1/thumb/v7-m/nofp\libgcc.a(_arm_addsubsf3.o)
[...]
Memory Configuration

Name             Origin             Length             Attributes
MFlash512        0x00010000         0x00070000         xr
RamLoc32         0x10000000         0x00008000         xrw
Ram_USB          0x2007c000         0x00000800         xrw
RAM3             0x2007c800         0x00007800         xrw
*default*        0x00000000         0xffffffff

Linker script and memory map

LOAD ./src/IA_2021_V0.o
LOAD ./src/Init.o
LOAD ./src/cr_startup_lpc175x_6x.o
LOAD ./src/crp.o
LOAD ./src/sysinit.o
LOAD ./src/test.o
LOAD ./freertos/src/FreeRTOSCommonHooks.o
LOAD ./freertos/src/croutine.o
LOAD ./freertos/src/event_groups.o
LOAD ./freertos/src/heap_5.o
LOAD ./freertos/src/list.o
LOAD ./freertos/src/port.o
LOAD ./freertos/src/queue.o
LOAD ./freertos/src/stream_buffer.o
LOAD ./freertos/src/tasks.o
LOAD ./freertos/src/timers.o
LOAD ./freertos/FreeRTOS_Trace/trcHardwarePort.o
LOAD ./freertos/FreeRTOS_Trace/trcKernelPort.o
LOAD ./freertos/FreeRTOS_Trace/trcSnapshotRecorder.o
LOAD ./Strategie/Strategie_Level0/Deplacement/0_Deplacements.o
LOAD ./Strategie/Strategie_Level0/Deplacement/1_Obstacles.o
LOAD ./Strategie/Strategie_Level0/Actionneurs/0_Actionneurs.o
LOAD ./Strategie/Strategie_Level0/0_Infos.o
LOAD ./Strategie/Strategie_Level0/Strategie_Actions.o
LOAD ./Strategie/Strategie.o
LOAD ./Pathfinding/Astar/Astar.o
LOAD ./Level_0/Drivers/0_ADC/0_ADC.o
LOAD ./Communication/USB/src/cdc_desc.o
LOAD ./Communication/USB/src/cdc_usb_main.o
LOAD ./Communication/USB/src/cdc_vcom.o
LOAD ./Communication/RS485/0_RS485.o
LOAD ./Communication/0_Communication.o
LOAD ./Communication/0_Event_Group.o
LOAD ./Communication/1_Trame_Communication.o
LOAD ./Communication/2_Echange_Data_Strategie.o
LOAD ./Communication/2_Echange_Datas.o
LOAD ./Communication/2_Echange_Datas_Reception.o
LOAD C:\Robot\Robotic-System.git\trunk\Workspaces\MultiWorkSpaces_2021\0_lpc_chip_175x_6x\Release\lib0_lpc_chip_175x_6x.a
LOAD C:\Robot\Robotic-System.git\trunk\Workspaces\MultiWorkSpaces_2021\0_lpc_board_nxp_lpcxpresso_1769\Release\lib0_lpc_board_nxp_lpcxpresso_1769.a
LOAD C:\Robot\Robotic-System.git\trunk\Workspaces\MultiWorkSpaces_2021\0_lpc_chip_175x_6x\libs\libusbd_175x_6x_lib.a
START GROUP
LOAD c:/nxp/mcuxpressoide_11.2.1_4149/ide/plugins/com.nxp.mcuxpresso.tools.win32_11.2.0.202008311134/tools/bin/../lib/gcc/arm-none-eabi/9.2.1/thumb/v7-m/nofp\libgcc.a
LOAD c:/nxp/mcuxpressoide_11.2.1_4149/ide/plugins/com.nxp.mcuxpresso.tools.win32_11.2.0.202008311134/tools/bin/../lib/gcc/arm-none-eabi/9.2.1/../../../../arm-none-eabi/lib/thumb/v7-m/nofp\libc_nano.a
LOAD c:/nxp/mcuxpressoide_11.2.1_4149/ide/plugins/com.nxp.mcuxpresso.tools.win32_11.2.0.202008311134/tools/bin/../lib/gcc/arm-none-eabi/9.2.1/../../../../arm-none-eabi/lib/thumb/v7-m/nofp\libm.a
LOAD c:/nxp/mcuxpressoide_11.2.1_4149/ide/plugins/com.nxp.mcuxpresso.tools.win32_11.2.0.202008311134/tools/bin/../lib/gcc/arm-none-eabi/9.2.1/../../../../arm-none-eabi/lib/thumb/v7-m/nofp\libcr_newlib_none.a
END GROUP
                0x00010000                __base_MFlash512 = 0x10000
                0x00010000                __base_Flash = 0x10000
                0x00080000                __top_MFlash512 = 0x80000
                0x00080000                __top_Flash = 0x80000
                0x10000000                __base_RamLoc32 = 0x10000000
                0x10000000                __base_RAM = 0x10000000
                0x10008000                __top_RamLoc32 = 0x10008000
                0x10008000                __top_RAM = 0x10008000
                0x2007c000                __base_Ram_USB = 0x2007c000
                0x2007c000                __base_RAM2 = 0x2007c000
                0x2007c800                __top_Ram_USB = 0x2007c800
                0x2007c800                __top_RAM2 = 0x2007c800
                0x2007c800                __base_RAM3 = 0x2007c800
                0x2007c800                __base_RAM3 = 0x2007c800
                0x20084000                __top_RAM3 = 0x20084000
                0x20084000                __top_RAM3 = 0x20084000

.text           0x00010000     0x6bc0
 FILL mask 0xff
                0x00010000                __vectors_start__ = ABSOLUTE (.)
 *(.isr_vector)
 .isr_vector    0x00010000       0xcc ./src/cr_startup_lpc175x_6x.o
                0x00010000                g_pfnVectors
                0x000100cc                . = ALIGN (0x4)
                0x000100cc                __section_table_start = .
                0x000100cc                __data_section_table = .
                0x000100cc        0x4 LONG 0x16bc0 LOADADDR (.data)
                0x000100d0        0x4 LONG 0x10000000 ADDR (.data)
                0x000100d4        0x4 LONG 0x1e8 SIZEOF (.data)
                0x000100d8        0x4 LONG 0x16bc0 LOADADDR (.data_RAM2)
                0x000100dc        0x4 LONG 0x2007c000 ADDR (.data_RAM2)
                0x000100e0        0x4 LONG 0x0 SIZEOF (.data_RAM2)
                0x000100e4        0x4 LONG 0x16bc0 LOADADDR (.data_RAM3)
                0x000100e8        0x4 LONG 0x2007c800 ADDR (.data_RAM3)
                0x000100ec        0x4 LONG 0x0 SIZEOF (.data_RAM3)
                0x000100f0                __data_section_table_end = .
                0x000100f0                __bss_section_table = .
                0x000100f0        0x4 LONG 0x100001e8 ADDR (.bss)
                0x000100f4        0x4 LONG 0x604 SIZEOF (.bss)
                0x000100f8        0x4 LONG 0x2007c000 ADDR (.bss_RAM2)
                0x000100fc        0x4 LONG 0x0 SIZEOF (.bss_RAM2)
                0x00010100        0x4 LONG 0x2007c800 ADDR (.bss_RAM3)
                0x00010104        0x4 LONG 0x385c SIZEOF (.bss_RAM3)
                0x00010108                __bss_section_table_end = .
                0x00010108                __section_table_end = .
 *(.after_vectors*)
 .after_vectors
                0x00010108       0x8c ./src/cr_startup_lpc175x_6x.o
                0x00010108                NMI_Handler
                0x0001010a                HardFault_Handler
                0x0001010c                MemManage_Handler
                0x0001010e                BusFault_Handler
                0x00010110                UsageFault_Handler
                0x00010112                DebugMon_Handler
                0x00010114                USBActivity_IRQHandler
                0x00010114                PWM1_IRQHandler
                0x00010114                I2C0_IRQHandler
                0x00010114                RIT_IRQHandler
                0x00010114                I2C1_IRQHandler
                0x00010114                EINT2_IRQHandler
                0x00010114                EINT3_IRQHandler
                0x00010114                CANActivity_IRQHandler
                0x00010114                TIMER3_IRQHandler
                0x00010114                UART0_IRQHandler
                0x00010114                DMA_IRQHandler
                0x00010114                UART3_IRQHandler
                0x00010114                IntDefaultHandler
                0x00010114                PLL0_IRQHandler
                0x00010114                CAN_IRQHandler
                0x00010114                PLL1_IRQHandler
                0x00010114                SSP0_IRQHandler
                0x00010114                I2S_IRQHandler
                0x00010114                I2C2_IRQHandler
                0x00010114                RTC_IRQHandler
                0x00010114                TIMER0_IRQHandler
                0x00010114                SPI_IRQHandler
                0x00010114                ETH_IRQHandler
                0x00010114                EINT1_IRQHandler
                0x00010114                TIMER1_IRQHandler
                0x00010114                ADC_IRQHandler
                0x00010114                SSP1_IRQHandler
                0x00010114                BOD_IRQHandler
                0x00010114                TIMER2_IRQHandler
                0x00010114                WDT_IRQHandler
                0x00010114                EINT0_IRQHandler
                0x00010114                QEI_IRQHandler
                0x00010114                MCPWM_IRQHandler
                0x00010116                data_init
                0x00010132                bss_init
                0x00010144                ResetISR
                0x0001018c                SVC_Handler
                0x0001018e                PendSV_Handler
                0x00010190                SysTick_Handler
                0x000002fc                . = 0x2fc
 *fill*         0x00010194      0x168 ff
                0x000102fc                PROVIDE (__CRP_WORD_START__ = .)
 *(.crp)
 .crp           0x000102fc        0x4 ./src/crp.o
                0x000102fc                CRP_WORD
                0x00010300                PROVIDE (__CRP_WORD_END__ = .)
                0x00000001                ASSERT (! ((__CRP_WORD_START__ == __CRP_WORD_END__)), Linker CRP Enabled, but no CRP_WORD provided within application)
 *(.text*)
 .text.vConfigureTimerForRunTimeStats
                0x00010300       0x22 ./src/IA_2021_V0.o
                0x00010300                vConfigureTimerForRunTimeStats
 *fill*         0x00010322        0x2 ff
 .text.prvSetupHardware
                0x00010324       0x30 ./src/IA_2021_V0.o
 .text.vTask_HartBeat
                0x00010354       0x64 ./src/IA_2021_V0.o
 .text.main     0x000103b8       0x34 ./src/IA_2021_V0.o
                0x000103b8                main
 .text.Debug_Trace_Texte
                0x000103ec        0x2 ./src/Init.o
                0x000103ec                Debug_Trace_Texte
 *fill*         0x000103ee        0x2 ff
 .text.Set_Debug_Pin_0_Low
                0x000103f0       0x10 ./src/Init.o
                0x000103f0                Set_Debug_Pin_0_Low
 .text.Set_Debug_Pin_1_Low
                0x00010400       0x10 ./src/Init.o
                0x00010400                Set_Debug_Pin_1_Low
 .text.Init_Carte_IA
                0x00010410       0x84 ./src/Init.o
                0x00010410                Init_Carte_IA
 .text.Init_Send_Robot_ID
                0x00010494        0xe ./src/Init.o
                0x00010494                Init_Send_Robot_ID
 *fill*         0x000104a2        0x2 ff
 .text.SystemInit
                0x000104a4       0x18 ./src/sysinit.o
                0x000104a4                SystemInit
 .text.TEST_init_parametres
                0x000104bc        0xc ./src/test.o
                0x000104bc                TEST_init_parametres
 .text.vApplicationStackOverflowHook
                0x000104c8      0x12c ./freertos/src/FreeRTOSCommonHooks.o
                0x000104c8                vApplicationStackOverflowHook
 .text.prvTestWaitCondition
                0x000105f4       0x1c ./freertos/src/event_groups.o
 .text.xEventGroupCreate
                0x00010610       0x1a ./freertos/src/event_groups.o
                0x00010610                xEventGroupCreate
 *fill*         0x0001062a        0x2 ff
 .text.xEventGroupWaitBits
                0x0001062c       0xbc ./freertos/src/event_groups.o
                0x0001062c                xEventGroupWaitBits
 .text.xEventGroupClearBits
                0x000106e8       0x1a ./freertos/src/event_groups.o
                0x000106e8                xEventGroupClearBits
 .text.xEventGroupSetBits
                0x00010702       0x62 ./freertos/src/event_groups.o
                0x00010702                xEventGroupSetBits
 .text.vEventGroupSetBitsCallback
                0x00010764        0x8 ./freertos/src/event_groups.o
                0x00010764                vEventGroupSetBitsCallback
 .text.prvInsertBlockIntoFreeList
                0x0001076c       0x54 ./freertos/src/heap_5.o
 .text.pvPortMalloc
                0x000107c0       0xc0 ./freertos/src/heap_5.o
                0x000107c0                pvPortMalloc
 .text.vPortFree
                0x00010880       0x58 ./freertos/src/heap_5.o
                0x00010880                vPortFree
 .text.vPortDefineHeapRegions
                0x000108d8       0x84 ./freertos/src/heap_5.o
                0x000108d8                vPortDefineHeapRegions
 .text.vListInitialise
                0x0001095c       0x16 ./freertos/src/list.o
                0x0001095c                vListInitialise
 .text.vListInitialiseItem
                0x00010972        0x6 ./freertos/src/list.o
                0x00010972                vListInitialiseItem
 .text.vListInsertEnd
                0x00010978       0x16 ./freertos/src/list.o
                0x00010978                vListInsertEnd
 .text.vListInsert
                0x0001098e       0x32 ./freertos/src/list.o
                0x0001098e                vListInsert
 .text.uxListRemove
                0x000109c0       0x26 ./freertos/src/list.o
                0x000109c0                uxListRemove
 .text.prvTaskExitError
                0x000109e6       0x20 ./freertos/src/port.o
 *fill*         0x00010a06        0x2 ff
 .text.prvPortStartFirstTask
                0x00010a08       0x20 ./freertos/src/port.o
 .text.pxPortInitialiseStack
                0x00010a28       0x24 ./freertos/src/port.o
                0x00010a28                pxPortInitialiseStack
 *fill*         0x00010a4c        0x4 ff
 .text.vPortSVCHandler
                0x00010a50       0x24 ./freertos/src/port.o
                0x00010a50                vPortSVCHandler
 .text.vPortEnterCritical
                0x00010a74       0x20 ./freertos/src/port.o
                0x00010a74                vPortEnterCritical
 .text.vPortExitCritical
                0x00010a94       0x14 ./freertos/src/port.o
                0x00010a94                vPortExitCritical
 *fill*         0x00010aa8        0x8 ff
 .text.xPortPendSVHandler
                0x00010ab0       0x44 ./freertos/src/port.o
                0x00010ab0                xPortPendSVHandler
 .text.xPortSysTickHandler
                0x00010af4       0x2c ./freertos/src/port.o
                0x00010af4                xPortSysTickHandler
 .text.vPortSetupTimerInterrupt
                0x00010b20       0x24 ./freertos/src/port.o
                0x00010b20                vPortSetupTimerInterrupt
 .text.xPortStartScheduler
                0x00010b44       0x38 ./freertos/src/port.o
                0x00010b44                xPortStartScheduler
 .text.prvIsQueueFull
                0x00010b7c       0x1e ./freertos/src/queue.o
 .text.prvIsQueueEmpty
                0x00010b9a       0x1a ./freertos/src/queue.o
 .text.prvCopyDataToQueue
                0x00010bb4       0x76 ./freertos/src/queue.o
 .text.prvCopyDataFromQueue
                0x00010c2a       0x24 ./freertos/src/queue.o
 .text.prvUnlockQueue
                0x00010c4e       0x6e ./freertos/src/queue.o
 .text.xQueueGenericReset
                0x00010cbc       0x70 ./freertos/src/queue.o
                0x00010cbc                xQueueGenericReset
 .text.prvInitialiseNewQueue
                0x00010d2c       0x1c ./freertos/src/queue.o
 .text.xQueueGenericCreate
                0x00010d48       0x2e ./freertos/src/queue.o
                0x00010d48                xQueueGenericCreate
 *fill*         0x00010d76        0x2 ff
 .text.xQueueGenericSend
                0x00010d78      0x118 ./freertos/src/queue.o
                0x00010d78                xQueueGenericSend
 .text.xQueueGenericSendFromISR
                0x00010e90       0x72 ./freertos/src/queue.o
                0x00010e90                xQueueGenericSendFromISR
 *fill*         0x00010f02        0x2 ff
 .text.xQueueReceive
                0x00010f04      0x10c ./freertos/src/queue.o
                0x00010f04                xQueueReceive
 .text.vQueueAddToRegistry
                0x00011010       0x28 ./freertos/src/queue.o
                0x00011010                vQueueAddToRegistry
 .text.vQueueWaitForMessageRestricted
                0x00011038       0x52 ./freertos/src/queue.o
                0x00011038                vQueueWaitForMessageRestricted
 *fill*         0x0001108a        0x2 ff
 .text.prvResetNextTaskUnblockTime
                0x0001108c       0x2c ./freertos/src/tasks.o
 .text.prvDeleteTCB
                0x000110b8       0x12 ./freertos/src/tasks.o
 .text.prvInitialiseNewTask
                0x000110ca       0x9c ./freertos/src/tasks.o
 *fill*         0x00011166        0x2 ff
 .text.prvInitialiseTaskLists
                0x00011168       0x68 ./freertos/src/tasks.o
 .text.prvAddNewTaskToReadyList
                0x000111d0       0xa8 ./freertos/src/tasks.o
 .text.prvCheckTasksWaitingTermination
                0x00011278       0x4c ./freertos/src/tasks.o
 .text.prvIdleTask
                0x000112c4       0x28 ./freertos/src/tasks.o
 .text.prvAddCurrentTaskToDelayedList
                0x000112ec       0x98 ./freertos/src/tasks.o
 .text.xTaskCreate
                0x00011384       0x64 ./freertos/src/tasks.o
                0x00011384                xTaskCreate
 .text.vTaskDelete
                0x000113e8       0xc4 ./freertos/src/tasks.o
                0x000113e8                vTaskDelete
 .text.vTaskStartScheduler
                0x000114ac       0x70 ./freertos/src/tasks.o
                0x000114ac                vTaskStartScheduler
 .text.vTaskSuspendAll
                0x0001151c       0x10 ./freertos/src/tasks.o
                0x0001151c                vTaskSuspendAll
 .text.xTaskGetTickCount
                0x0001152c        0xc ./freertos/src/tasks.o
                0x0001152c                xTaskGetTickCount
 .text.xTaskIncrementTick
                0x00011538      0x100 ./freertos/src/tasks.o
                0x00011538                xTaskIncrementTick
 .text.xTaskResumeAll
                0x00011638       0xe0 ./freertos/src/tasks.o
                0x00011638                xTaskResumeAll
 .text.vTaskDelayUntil
                0x00011718       0x60 ./freertos/src/tasks.o
                0x00011718                vTaskDelayUntil
 .text.vTaskDelay
                0x00011778       0x34 ./freertos/src/tasks.o
                0x00011778                vTaskDelay
 .text.vTaskSwitchContext
                0x000117ac       0xac ./freertos/src/tasks.o
                0x000117ac                vTaskSwitchContext
 .text.vTaskPlaceOnEventList
                0x00011858       0x1c ./freertos/src/tasks.o
                0x00011858                vTaskPlaceOnEventList
 .text.vTaskPlaceOnUnorderedEventList
                0x00011874       0x24 ./freertos/src/tasks.o
                0x00011874                vTaskPlaceOnUnorderedEventList
 .text.vTaskPlaceOnEventListRestricted
                0x00011898       0x24 ./freertos/src/tasks.o
                0x00011898                vTaskPlaceOnEventListRestricted
 .text.xTaskRemoveFromEventList
                0x000118bc       0x78 ./freertos/src/tasks.o
                0x000118bc                xTaskRemoveFromEventList
 .text.vTaskRemoveFromUnorderedEventList
                0x00011934       0x58 ./freertos/src/tasks.o
                0x00011934                vTaskRemoveFromUnorderedEventList
 .text.vTaskInternalSetTimeOutState
                0x0001198c       0x18 ./freertos/src/tasks.o
                0x0001198c                vTaskInternalSetTimeOutState
 .text.xTaskCheckForTimeOut
                0x000119a4       0x5c ./freertos/src/tasks.o
                0x000119a4                xTaskCheckForTimeOut
 .text.vTaskMissedYield
                0x00011a00        0xc ./freertos/src/tasks.o
                0x00011a00                vTaskMissedYield
 .text.xTaskGetCurrentTaskHandle
                0x00011a0c        0xc ./freertos/src/tasks.o
                0x00011a0c                xTaskGetCurrentTaskHandle
 .text.xTaskGetSchedulerState
                0x00011a18       0x20 ./freertos/src/tasks.o
                0x00011a18                xTaskGetSchedulerState
 .text.xTaskPriorityDisinherit
                0x00011a38       0x80 ./freertos/src/tasks.o
                0x00011a38                xTaskPriorityDisinherit
 .text.uxTaskResetEventItemValue
                0x00011ab8       0x18 ./freertos/src/tasks.o
                0x00011ab8                uxTaskResetEventItemValue
 .text.prvGetNextExpireTime
                0x00011ad0       0x20 ./freertos/src/timers.o
 .text.prvInsertTimerInActiveList
                0x00011af0       0x48 ./freertos/src/timers.o
 .text.prvCheckForValidListAndQueue
                0x00011b38       0x5c ./freertos/src/timers.o
 .text.xTimerCreateTimerTask
                0x00011b94       0x3c ./freertos/src/timers.o
                0x00011b94                xTimerCreateTimerTask
 .text.xTimerGenericCommand
                0x00011bd0       0x58 ./freertos/src/timers.o
                0x00011bd0                xTimerGenericCommand
 .text.prvSwitchTimerLists
                0x00011c28       0x68 ./freertos/src/timers.o
 .text.prvSampleTimeNow
                0x00011c90       0x2c ./freertos/src/timers.o
 .text.prvProcessExpiredTimer
                0x00011cbc       0x58 ./freertos/src/timers.o
 .text.prvProcessTimerOrBlockTask
                0x00011d14       0x74 ./freertos/src/timers.o
 .text.prvProcessReceivedCommands
                0x00011d88       0xe4 ./freertos/src/timers.o
 .text.prvTimerTask
                0x00011e6c       0x16 ./freertos/src/timers.o
 *fill*         0x00011e82        0x2 ff
 .text.xTimerPendFunctionCallFromISR
                0x00011e84       0x28 ./freertos/src/timers.o
                0x00011e84                xTimerPendFunctionCallFromISR
 .text._0_Deplacement_Init
                0x00011eac       0x10 ./Strategie/Strategie_Level0/Deplacement/0_Deplacements.o
                0x00011eac                _0_Deplacement_Init
 .text._0_Infos_Init
                0x00011ebc       0x14 ./Strategie/Strategie_Level0/0_Infos.o
                0x00011ebc                _0_Infos_Init
 .text._0_Update_Card_Datas
                0x00011ed0       0x38 ./Strategie/Strategie_Level0/0_Infos.o
                0x00011ed0                _0_Update_Card_Datas
 .text._Strategie_Change_Action_State
                0x00011f08       0x34 ./Strategie/Strategie_Level0/Strategie_Actions.o
                0x00011f08                _Strategie_Change_Action_State
 .text._Strategie_Change_Action_Step
                0x00011f3c       0x10 ./Strategie/Strategie_Level0/Strategie_Actions.o
                0x00011f3c                _Strategie_Change_Action_Step
 .text._Strategie_Get_Robot_ID
                0x00011f4c       0x10 ./Strategie/Strategie.o
                0x00011f4c                _Strategie_Get_Robot_ID
 .text._Strategie_Get_Chosen_Strategie
                0x00011f5c        0xc ./Strategie/Strategie.o
                0x00011f5c                _Strategie_Get_Chosen_Strategie
 .text._Strategie_Get_Temps_Match
                0x00011f68        0xc ./Strategie/Strategie.o
                0x00011f68                _Strategie_Get_Temps_Match
 .text._Strategie_Get_Jack_Status
                0x00011f74       0x10 ./Strategie/Strategie.o
                0x00011f74                _Strategie_Get_Jack_Status
 .text._Strategie_Get_Color_Status
                0x00011f84       0x10 ./Strategie/Strategie.o
                0x00011f84                _Strategie_Get_Color_Status
 .text._Strategie_Get_Switch_Status
                0x00011f94       0x10 ./Strategie/Strategie.o
                0x00011f94                _Strategie_Get_Switch_Status
 .text._Strategie_Get_External_LED_RED_Status
                0x00011fa4       0x10 ./Strategie/Strategie.o
                0x00011fa4                _Strategie_Get_External_LED_RED_Status
 .text._Strategie_Get_External_LED_YELLOW_Status
                0x00011fb4       0x10 ./Strategie/Strategie.o
                0x00011fb4                _Strategie_Get_External_LED_YELLOW_Status
 .text._Strategie_Get_External_LED_GREEN_Status
                0x00011fc4       0x10 ./Strategie/Strategie.o
                0x00011fc4                _Strategie_Get_External_LED_GREEN_Status
 .text._Strategie_Init_Strategie_2021
                0x00011fd4      0x240 ./Strategie/Strategie.o
                0x00011fd4                _Strategie_Init_Strategie_2021
 .text._0_ADC_Init
                0x00012214       0x34 ./Level_0/Drivers/0_ADC/0_ADC.o
                0x00012214                _0_ADC_Init
 .text._0_RS485_Master_Mode
                0x00012248       0x16 ./Communication/RS485/0_RS485.o
                0x00012248                _0_RS485_Master_Mode
 .text._0_RS485_Slave_Mode
                0x0001225e       0x16 ./Communication/RS485/0_RS485.o
                0x0001225e                _0_RS485_Slave_Mode
 .text._0_RS485_Init
                0x00012274       0x60 ./Communication/RS485/0_RS485.o
                0x00012274                _0_RS485_Init
 .text._0_Communication_Init
                0x000122d4       0x5c ./Communication/0_Communication.o
                0x000122d4                _0_Communication_Init
 .text._0_Communication_Init_RS485
                0x00012330       0xa0 ./Communication/0_Communication.o
                0x00012330                _0_Communication_Init_RS485
 .text._0_Communication_Init_XBEE
                0x000123d0       0x9c ./Communication/0_Communication.o
                0x000123d0                _0_Communication_Init_XBEE
 .text.UART1_IRQHandler
                0x0001246c       0xb4 ./Communication/0_Communication.o
                0x0001246c                UART1_IRQHandler
 .text.UART2_IRQHandler
                0x00012520       0xa4 ./Communication/0_Communication.o
                0x00012520                UART2_IRQHandler
 .text.USB_IRQHandler
                0x000125c4        0x2 ./Communication/0_Communication.o
                0x000125c4                USB_IRQHandler
 *fill*         0x000125c6        0x2 ff
 .text._0_Communication_Send_Data
                0x000125c8       0x90 ./Communication/0_Communication.o
                0x000125c8                _0_Communication_Send_Data
 .text._0_Communication_Send_RS485
                0x00012658       0x90 ./Communication/0_Communication.o
                0x00012658                _0_Communication_Send_RS485
 .text._0_Communication_Send_XBEE
                0x000126e8       0x82 ./Communication/0_Communication.o
                0x000126e8                _0_Communication_Send_XBEE
 .text.Chip_UART_SendByte
                0x0001276a        0x4 ./Communication/0_Communication.o
 .text.Chip_UART_ReadLineStatus
                0x0001276e        0x4 ./Communication/0_Communication.o
 *fill*         0x00012772        0x2 ff
 .text._0_Communication_Init_Event_Group
                0x00012774       0x34 ./Communication/0_Event_Group.o
                0x00012774                _0_Communication_Init_Event_Group
 .text._1_Communication_Init
                0x000127a8       0x28 ./Communication/1_Trame_Communication.o
                0x000127a8                _1_Communication_Init
 .text._1_Communication_Create_Queues_Semaphores
                0x000127d0       0x14 ./Communication/1_Trame_Communication.o
                0x000127d0                _1_Communication_Create_Queues_Semaphores
 .text._1_Communication_Wait_To_Send
                0x000127e4       0x28 ./Communication/1_Trame_Communication.o
                0x000127e4                _1_Communication_Wait_To_Send
 .text._1_Communication_Free_Send_Bit
                0x0001280c       0x14 ./Communication/1_Trame_Communication.o
                0x0001280c                _1_Communication_Free_Send_Bit
 .text._1_Communication_Wait_To_Receive
                0x00012820       0x2c ./Communication/1_Trame_Communication.o
                0x00012820                _1_Communication_Wait_To_Receive
 .text._1_Communication_Free_Receive_Bit
                0x0001284c       0x14 ./Communication/1_Trame_Communication.o
                0x0001284c                _1_Communication_Free_Receive_Bit
 .text._1_Communication_Create_Message
                0x00012860       0x7c ./Communication/1_Trame_Communication.o
                0x00012860                _1_Communication_Create_Message
 .text._1_Communication_Create_Trame
                0x000128dc       0x98 ./Communication/1_Trame_Communication.o
                0x000128dc                _1_Communication_Create_Trame
 .text._1_Communication_WAIT_ACK
                0x00012974       0x58 ./Communication/1_Trame_Communication.o
                0x00012974                _1_Communication_WAIT_ACK
 .text._1_Communication_CLEAR_ACK
                0x000129cc       0x24 ./Communication/1_Trame_Communication.o
                0x000129cc                _1_Communication_CLEAR_ACK
 .text._1_Communication_Create_Trame_From_Buffer
                0x000129f0      0x294 ./Communication/1_Trame_Communication.o
                0x000129f0                _1_Communication_Create_Trame_From_Buffer
 .text._1_Communication_Check_Rx_Adresse
                0x00012c84       0x1a ./Communication/1_Trame_Communication.o
                0x00012c84                _1_Communication_Check_Rx_Adresse
 *fill*         0x00012c9e        0x2 ff
 .text._1_Communication_Recomposition_Rx
                0x00012ca0       0x68 ./Communication/1_Trame_Communication.o
                0x00012ca0                _1_Communication_Recomposition_Rx
 .text._2_Comm_Strategie_Init
                0x00012d08       0x14 ./Communication/2_Echange_Data_Strategie.o
                0x00012d08                _2_Comm_Strategie_Init
 .text._2_Comm_Strategie_Send_Action_Creation
                0x00012d1c       0xe8 ./Communication/2_Echange_Data_Strategie.o
                0x00012d1c                _2_Comm_Strategie_Send_Action_Creation
 .text._2_Comm_Strategie_Send_Action_State_Update
                0x00012e04       0xe4 ./Communication/2_Echange_Data_Strategie.o
                0x00012e04                _2_Comm_Strategie_Send_Action_State_Update
 .text._2_Communication_Init
                0x00012ee8       0x14 ./Communication/2_Echange_Datas.o
                0x00012ee8                _2_Communication_Init
 .text._2_Comm_Send_Demande_Info
                0x00012efc       0x3c ./Communication/2_Echange_Datas.o
                0x00012efc                _2_Comm_Send_Demande_Info
 .text._2_Comm_Send_PING
                0x00012f38       0x58 ./Communication/2_Echange_Datas.o
                0x00012f38                _2_Comm_Send_PING
 .text._2_Comm_Send_PONG
                0x00012f90       0x88 ./Communication/2_Echange_Datas.o
                0x00012f90                _2_Comm_Send_PONG
 .text._2_Comm_Send_Communication_Status
                0x00013018       0x44 ./Communication/2_Echange_Datas.o
                0x00013018                _2_Comm_Send_Communication_Status
 .text._2_Comm_Send_Log_Message
                0x0001305c      0x110 ./Communication/2_Echange_Datas.o
                0x0001305c                _2_Comm_Send_Log_Message
 .text._2_Communication_Boards_Status
                0x0001316c       0x8c ./Communication/2_Echange_Datas.o
                0x0001316c                _2_Communication_Boards_Status
 .text._2_Comm_Check_Presence_Cartes
                0x000131f8       0x2a ./Communication/2_Echange_Datas.o
                0x000131f8                _2_Comm_Check_Presence_Cartes
 *fill*         0x00013222        0x2 ff
 .text._2_Comm_Robot_ID
                0x00013224       0x44 ./Communication/2_Echange_Datas.o
                0x00013224                _2_Comm_Robot_ID
 .text._2_Comm_Send_Info_Carte_IA
                0x00013268       0xdc ./Communication/2_Echange_Datas.o
                0x00013268                _2_Comm_Send_Info_Carte_IA
 .text._2_Communication_RX_Init
                0x00013344        0x2 ./Communication/2_Echange_Datas_Reception.o
                0x00013344                _2_Communication_RX_Init
 *fill*         0x00013346        0x2 ff
 .text._2_Communication_Interprete_message
                0x00013348       0x6c ./Communication/2_Echange_Datas_Reception.o
                0x00013348                _2_Communication_Interprete_message
 .text._2_Communication_RX_ACK
                0x000133b4       0x3c ./Communication/2_Echange_Datas_Reception.o
                0x000133b4                _2_Communication_RX_ACK
 .text._2_Communication_RX_Reponse_Infos
                0x000133f0       0x1a ./Communication/2_Echange_Datas_Reception.o
                0x000133f0                _2_Communication_RX_Reponse_Infos
 *fill*         0x0001340a        0x2 ff
 .text._2_Comm_RX_PONG
                0x0001340c       0x28 ./Communication/2_Echange_Datas_Reception.o
                0x0001340c                _2_Comm_RX_PONG
 .text.Chip_ADC_Init
                0x00013434       0x48 C:\Robot\Robotic-System.git\trunk\Workspaces\MultiWorkSpaces_2021\0_lpc_chip_175x_6x\Release\lib0_lpc_chip_175x_6x.a(adc_17xx_40xx.o)
                0x00013434                Chip_ADC_Init
 .text.SystemCoreClockUpdate
                0x0001347c       0x10 C:\Robot\Robotic-System.git\trunk\Workspaces\MultiWorkSpaces_2021\0_lpc_chip_175x_6x\Release\lib0_lpc_chip_175x_6x.a(chip_17xx_40xx.o)
                0x0001347c                SystemCoreClockUpdate
 .text.Chip_Clock_EnablePLL
                0x0001348c       0x24 C:\Robot\Robotic-System.git\trunk\Workspaces\MultiWorkSpaces_2021\0_lpc_chip_175x_6x\Release\lib0_lpc_chip_175x_6x.a(clock_17xx_40xx.o)
                0x0001348c                Chip_Clock_EnablePLL
 .text.Chip_Clock_DisablePLL
                0x000134b0       0x26 C:\Robot\Robotic-System.git\trunk\Workspaces\MultiWorkSpaces_2021\0_lpc_chip_175x_6x\Release\lib0_lpc_chip_175x_6x.a(clock_17xx_40xx.o)
                0x000134b0                Chip_Clock_DisablePLL
 .text.Chip_Clock_SetupPLL
                0x000134d6       0x30 C:\Robot\Robotic-System.git\trunk\Workspaces\MultiWorkSpaces_2021\0_lpc_chip_175x_6x\Release\lib0_lpc_chip_175x_6x.a(clock_17xx_40xx.o)
                0x000134d6                Chip_Clock_SetupPLL
 *fill*         0x00013506        0x2 ff
 .text.Chip_Clock_EnablePeriphClock
                0x00013508       0x18 C:\Robot\Robotic-System.git\trunk\Workspaces\MultiWorkSpaces_2021\0_lpc_chip_175x_6x\Release\lib0_lpc_chip_175x_6x.a(clock_17xx_40xx.o)
                0x00013508                Chip_Clock_EnablePeriphClock
 .text.Chip_Clock_GetCPUClockSource
                0x00013520       0x10 C:\Robot\Robotic-System.git\trunk\Workspaces\MultiWorkSpaces_2021\0_lpc_chip_175x_6x\Release\lib0_lpc_chip_175x_6x.a(clock_17xx_40xx.o)
                0x00013520                Chip_Clock_GetCPUClockSource
 .text.Chip_Clock_SetCPUClockDiv
                0x00013530        0xc C:\Robot\Robotic-System.git\trunk\Workspaces\MultiWorkSpaces_2021\0_lpc_chip_175x_6x\Release\lib0_lpc_chip_175x_6x.a(clock_17xx_40xx.o)
                0x00013530                Chip_Clock_SetCPUClockDiv
 .text.Chip_Clock_GetCPUClockDiv
                0x0001353c       0x10 C:\Robot\Robotic-System.git\trunk\Workspaces\MultiWorkSpaces_2021\0_lpc_chip_175x_6x\Release\lib0_lpc_chip_175x_6x.a(clock_17xx_40xx.o)
                0x0001353c                Chip_Clock_GetCPUClockDiv
 .text.Chip_Clock_GetPCLKDiv
                0x0001354c       0x38 C:\Robot\Robotic-System.git\trunk\Workspaces\MultiWorkSpaces_2021\0_lpc_chip_175x_6x\Release\lib0_lpc_chip_175x_6x.a(clock_17xx_40xx.o)
                0x0001354c                Chip_Clock_GetPCLKDiv
 .text.Chip_Clock_GetSYSCLKRate
                0x00013584       0x38 C:\Robot\Robotic-System.git\trunk\Workspaces\MultiWorkSpaces_2021\0_lpc_chip_175x_6x\Release\lib0_lpc_chip_175x_6x.a(clock_17xx_40xx.o)
                0x00013584                Chip_Clock_GetSYSCLKRate
 .text.Chip_Clock_GetMainPLLOutClockRate
                0x000135bc       0x34 C:\Robot\Robotic-System.git\trunk\Workspaces\MultiWorkSpaces_2021\0_lpc_chip_175x_6x\Release\lib0_lpc_chip_175x_6x.a(clock_17xx_40xx.o)
                0x000135bc                Chip_Clock_GetMainPLLOutClockRate
 .text.Chip_Clock_GetMainClockRate
                0x000135f0       0x20 C:\Robot\Robotic-System.git\trunk\Workspaces\MultiWorkSpaces_2021\0_lpc_chip_175x_6x\Release\lib0_lpc_chip_175x_6x.a(clock_17xx_40xx.o)
                0x000135f0                Chip_Clock_GetMainClockRate
 .text.Chip_Clock_GetSystemClockRate
                0x00013610       0x12 C:\Robot\Robotic-System.git\trunk\Workspaces\MultiWorkSpaces_2021\0_lpc_chip_175x_6x\Release\lib0_lpc_chip_175x_6x.a(clock_17xx_40xx.o)
                0x00013610                Chip_Clock_GetSystemClockRate
 .text.Chip_Clock_GetPeripheralClockRate
                0x00013622       0x16 C:\Robot\Robotic-System.git\trunk\Workspaces\MultiWorkSpaces_2021\0_lpc_chip_175x_6x\Release\lib0_lpc_chip_175x_6x.a(clock_17xx_40xx.o)
                0x00013622                Chip_Clock_GetPeripheralClockRate
 .text.RingBuffer_Init
                0x00013638       0x10 C:\Robot\Robotic-System.git\trunk\Workspaces\MultiWorkSpaces_2021\0_lpc_chip_175x_6x\Release\lib0_lpc_chip_175x_6x.a(ring_buffer.o)
                0x00013638                RingBuffer_Init
 .text.RingBuffer_Insert
                0x00013648       0x30 C:\Robot\Robotic-System.git\trunk\Workspaces\MultiWorkSpaces_2021\0_lpc_chip_175x_6x\Release\lib0_lpc_chip_175x_6x.a(ring_buffer.o)
                0x00013648                RingBuffer_Insert
 .text.RingBuffer_InsertMult
                0x00013678       0x88 C:\Robot\Robotic-System.git\trunk\Workspaces\MultiWorkSpaces_2021\0_lpc_chip_175x_6x\Release\lib0_lpc_chip_175x_6x.a(ring_buffer.o)
                0x00013678                RingBuffer_InsertMult
 .text.RingBuffer_Pop
                0x00013700       0x30 C:\Robot\Robotic-System.git\trunk\Workspaces\MultiWorkSpaces_2021\0_lpc_chip_175x_6x\Release\lib0_lpc_chip_175x_6x.a(ring_buffer.o)
                0x00013700                RingBuffer_Pop
 .text.RingBuffer_PopMult
                0x00013730       0x7c C:\Robot\Robotic-System.git\trunk\Workspaces\MultiWorkSpaces_2021\0_lpc_chip_175x_6x\Release\lib0_lpc_chip_175x_6x.a(ring_buffer.o)
                0x00013730                RingBuffer_PopMult
 .text.RingBuffer_Count
                0x000137ac        0x8 C:\Robot\Robotic-System.git\trunk\Workspaces\MultiWorkSpaces_2021\0_lpc_chip_175x_6x\Release\lib0_lpc_chip_175x_6x.a(ring_buffer.o)
                0x000137ac                RingBuffer_Count
 .text.Chip_SetupIrcClocking
                0x000137b4       0x64 C:\Robot\Robotic-System.git\trunk\Workspaces\MultiWorkSpaces_2021\0_lpc_chip_175x_6x\Release\lib0_lpc_chip_175x_6x.a(sysinit_17xx_40xx.o)
                0x000137b4                Chip_SetupIrcClocking
 .text.Chip_SetupXtalClocking
                0x00013818       0xdc C:\Robot\Robotic-System.git\trunk\Workspaces\MultiWorkSpaces_2021\0_lpc_chip_175x_6x\Release\lib0_lpc_chip_175x_6x.a(sysinit_17xx_40xx.o)
                0x00013818                Chip_SetupXtalClocking
 .text.Chip_SystemInit
                0x000138f4        0x4 C:\Robot\Robotic-System.git\trunk\Workspaces\MultiWorkSpaces_2021\0_lpc_chip_175x_6x\Release\lib0_lpc_chip_175x_6x.a(sysinit_17xx_40xx.o)
                0x000138f4                Chip_SystemInit
 .text.Chip_TIMER_Init
                0x000138f8       0x2c C:\Robot\Robotic-System.git\trunk\Workspaces\MultiWorkSpaces_2021\0_lpc_chip_175x_6x\Release\lib0_lpc_chip_175x_6x.a(timer_17xx_40xx.o)
                0x000138f8                Chip_TIMER_Init
 .text.Chip_UART_GetClockIndex
                0x00013924       0x28 C:\Robot\Robotic-System.git\trunk\Workspaces\MultiWorkSpaces_2021\0_lpc_chip_175x_6x\Release\lib0_lpc_chip_175x_6x.a(uart_17xx_40xx.o)
 .text.Chip_UART_Init
                0x0001394c       0x38 C:\Robot\Robotic-System.git\trunk\Workspaces\MultiWorkSpaces_2021\0_lpc_chip_175x_6x\Release\lib0_lpc_chip_175x_6x.a(uart_17xx_40xx.o)
                0x0001394c                Chip_UART_Init
 .text.Chip_UART_TXEnable
                0x00013984        0x6 C:\Robot\Robotic-System.git\trunk\Workspaces\MultiWorkSpaces_2021\0_lpc_chip_175x_6x\Release\lib0_lpc_chip_175x_6x.a(uart_17xx_40xx.o)
                0x00013984                Chip_UART_TXEnable
 .text.Chip_UART_SetBaud
                0x0001398a       0x34 C:\Robot\Robotic-System.git\trunk\Workspaces\MultiWorkSpaces_2021\0_lpc_chip_175x_6x\Release\lib0_lpc_chip_175x_6x.a(uart_17xx_40xx.o)
                0x0001398a                Chip_UART_SetBaud
 .text.Chip_UART_RXIntHandlerRB
                0x000139be       0x22 C:\Robot\Robotic-System.git\trunk\Workspaces\MultiWorkSpaces_2021\0_lpc_chip_175x_6x\Release\lib0_lpc_chip_175x_6x.a(uart_17xx_40xx.o)
                0x000139be                Chip_UART_RXIntHandlerRB
 .text.Chip_UART_TXIntHandlerRB
                0x000139e0       0x24 C:\Robot\Robotic-System.git\trunk\Workspaces\MultiWorkSpaces_2021\0_lpc_chip_175x_6x\Release\lib0_lpc_chip_175x_6x.a(uart_17xx_40xx.o)
                0x000139e0                Chip_UART_TXIntHandlerRB
 .text.Chip_UART_IRQRBHandler
                0x00013a04       0x68 C:\Robot\Robotic-System.git\trunk\Workspaces\MultiWorkSpaces_2021\0_lpc_chip_175x_6x\Release\lib0_lpc_chip_175x_6x.a(uart_17xx_40xx.o)
                0x00013a04                Chip_UART_IRQRBHandler
 .text.Set_Clock_in
                0x00013a6c        0xc C:\Robot\Robotic-System.git\trunk\Workspaces\MultiWorkSpaces_2021\0_lpc_board_nxp_lpcxpresso_1769\Release\lib0_lpc_board_nxp_lpcxpresso_1769.a(board.o)
                0x00013a6c                Set_Clock_in
 .text.Board_Init
                0x00013a78       0x12 C:\Robot\Robotic-System.git\trunk\Workspaces\MultiWorkSpaces_2021\0_lpc_board_nxp_lpcxpresso_1769\Release\lib0_lpc_board_nxp_lpcxpresso_1769.a(board.o)
                0x00013a78                Board_Init
 *fill*         0x00013a8a        0x2 ff
 .text          0x00013a8c      0x378 c:/nxp/mcuxpressoide_11.2.1_4149/ide/plugins/com.nxp.mcuxpresso.tools.win32_11.2.0.202008311134/tools/bin/../lib/gcc/arm-none-eabi/9.2.1/thumb/v7-m/nofp\libgcc.a(_arm_addsubdf3.o)
                0x00013a8c                __aeabi_drsub
                0x00013a94                __aeabi_dsub
                0x00013a94                __subdf3
                0x00013a98                __aeabi_dadd
                0x00013a98                __adddf3
                0x00013d10                __floatunsidf
                0x00013d10                __aeabi_ui2d
                0x00013d30                __floatsidf
                0x00013d30                __aeabi_i2d
                0x00013d54                __aeabi_f2d
                0x00013d54                __extendsfdf2
                0x00013d98                __floatundidf
                0x00013d98                __aeabi_ul2d
                0x00013da8                __floatdidf
                0x00013da8                __aeabi_l2d
 .text.memcpy   0x00013e04       0x1c c:/nxp/mcuxpressoide_11.2.1_4149/ide/plugins/com.nxp.mcuxpresso.tools.win32_11.2.0.202008311134/tools/bin/../lib/gcc/arm-none-eabi/9.2.1/../../../../arm-none-eabi/lib/thumb/v7-m/nofp\libc_nano.a(lib_a-memcpy-stub.o)
                0x00013e04                memcpy
 .text.memset   0x00013e20       0x10 c:/nxp/mcuxpressoide_11.2.1_4149/ide/plugins/com.nxp.mcuxpresso.tools.win32_11.2.0.202008311134/tools/bin/../lib/gcc/arm-none-eabi/9.2.1/../../../../arm-none-eabi/lib/thumb/v7-m/nofp\libc_nano.a(lib_a-memset.o)
                0x00013e20                memset
 .text.__cvt    0x00013e30       0xbe c:/nxp/mcuxpressoide_11.2.1_4149/ide/plugins/com.nxp.mcuxpresso.tools.win32_11.2.0.202008311134/tools/bin/../lib/gcc/arm-none-eabi/9.2.1/../../../../arm-none-eabi/lib/thumb/v7-m/nofp\libc_nano.a(lib_a-nano-vfprintf_float.o)
                0x00013e30                __cvt
 .text.__exponent
                0x00013eee       0x7c c:/nxp/mcuxpressoide_11.2.1_4149/ide/plugins/com.nxp.mcuxpresso.tools.win32_11.2.0.202008311134/tools/bin/../lib/gcc/arm-none-eabi/9.2.1/../../../../arm-none-eabi/lib/thumb/v7-m/nofp\libc_nano.a(lib_a-nano-vfprintf_float.o)
                0x00013eee                __exponent
 *fill*         0x00013f6a        0x2 ff
 .text._printf_float
                0x00013f6c      0x458 c:/nxp/mcuxpressoide_11.2.1_4149/ide/plugins/com.nxp.mcuxpresso.tools.win32_11.2.0.202008311134/tools/bin/../lib/gcc/arm-none-eabi/9.2.1/../../../../arm-none-eabi/lib/thumb/v7-m/nofp\libc_nano.a(lib_a-nano-vfprintf_float.o)
                0x00013f6c                _printf_float
 .text._printf_common
                0x000143c4       0xde c:/nxp/mcuxpressoide_11.2.1_4149/ide/plugins/com.nxp.mcuxpresso.tools.win32_11.2.0.202008311134/tools/bin/../lib/gcc/arm-none-eabi/9.2.1/../../../../arm-none-eabi/lib/thumb/v7-m/nofp\libc_nano.a(lib_a-nano-vfprintf_i.o)
                0x000143c4                _printf_common
 *fill*         0x000144a2        0x2 ff
 .text._printf_i
                0x000144a4      0x24c c:/nxp/mcuxpressoide_11.2.1_4149/ide/plugins/com.nxp.mcuxpresso.tools.win32_11.2.0.202008311134/tools/bin/../lib/gcc/arm-none-eabi/9.2.1/../../../../arm-none-eabi/lib/thumb/v7-m/nofp\libc_nano.a(lib_a-nano-vfprintf_i.o)
                0x000144a4                _printf_i
 .text.sprintf  0x000146f0       0x40 c:/nxp/mcuxpressoide_11.2.1_4149/ide/plugins/com.nxp.mcuxpresso.tools.win32_11.2.0.202008311134/tools/bin/../lib/gcc/arm-none-eabi/9.2.1/../../../../arm-none-eabi/lib/thumb/v7-m/nofp\libc_nano.a(lib_a-sprintf.o)
                0x000146f0                siprintf
                0x000146f0                sprintf
 .text          0x00014730       0x10 c:/nxp/mcuxpressoide_11.2.1_4149/ide/plugins/com.nxp.mcuxpresso.tools.win32_11.2.0.202008311134/tools/bin/../lib/gcc/arm-none-eabi/9.2.1/../../../../arm-none-eabi/lib/thumb/v7-m/nofp\libc_nano.a(lib_a-strlen.o)
                0x00014730                strlen
 .text.quorem   0x00014740      0x11a c:/nxp/mcuxpressoide_11.2.1_4149/ide/plugins/com.nxp.mcuxpresso.tools.win32_11.2.0.202008311134/tools/bin/../lib/gcc/arm-none-eabi/9.2.1/../../../../arm-none-eabi/lib/thumb/v7-m/nofp\libc_nano.a(lib_a-dtoa.o)
 *fill*         0x0001485a        0x6 ff
 .text._dtoa_r  0x00014860      0xba4 c:/nxp/mcuxpressoide_11.2.1_4149/ide/plugins/com.nxp.mcuxpresso.tools.win32_11.2.0.202008311134/tools/bin/../lib/gcc/arm-none-eabi/9.2.1/../../../../arm-none-eabi/lib/thumb/v7-m/nofp\libc_nano.a(lib_a-dtoa.o)
                0x00014860                _dtoa_r
 .text._localeconv_r
                0x00015404        0x8 c:/nxp/mcuxpressoide_11.2.1_4149/ide/plugins/com.nxp.mcuxpresso.tools.win32_11.2.0.202008311134/tools/bin/../lib/gcc/arm-none-eabi/9.2.1/../../../../arm-none-eabi/lib/thumb/v7-m/nofp\libc_nano.a(lib_a-localeconv.o)
                0x00015404                _localeconv_r
 .text.malloc   0x0001540c       0x10 c:/nxp/mcuxpressoide_11.2.1_4149/ide/plugins/com.nxp.mcuxpresso.tools.win32_11.2.0.202008311134/tools/bin/../lib/gcc/arm-none-eabi/9.2.1/../../../../arm-none-eabi/lib/thumb/v7-m/nofp\libc_nano.a(lib_a-malloc.o)
                0x0001540c                malloc
 .text.memchr   0x0001541c       0x1c c:/nxp/mcuxpressoide_11.2.1_4149/ide/plugins/com.nxp.mcuxpresso.tools.win32_11.2.0.202008311134/tools/bin/../lib/gcc/arm-none-eabi/9.2.1/../../../../arm-none-eabi/lib/thumb/v7-m/nofp\libc_nano.a(lib_a-memchr-stub.o)
                0x0001541c                memchr
 .text._Balloc  0x00015438       0x68 c:/nxp/mcuxpressoide_11.2.1_4149/ide/plugins/com.nxp.mcuxpresso.tools.win32_11.2.0.202008311134/tools/bin/../lib/gcc/arm-none-eabi/9.2.1/../../../../arm-none-eabi/lib/thumb/v7-m/nofp\libc_nano.a(lib_a-mprec.o)
                0x00015438                _Balloc
 .text._Bfree   0x000154a0       0x2e c:/nxp/mcuxpressoide_11.2.1_4149/ide/plugins/com.nxp.mcuxpresso.tools.win32_11.2.0.202008311134/tools/bin/../lib/gcc/arm-none-eabi/9.2.1/../../../../arm-none-eabi/lib/thumb/v7-m/nofp\libc_nano.a(lib_a-mprec.o)
                0x000154a0                _Bfree
 .text.__multadd
                0x000154ce       0x7c c:/nxp/mcuxpressoide_11.2.1_4149/ide/plugins/com.nxp.mcuxpresso.tools.win32_11.2.0.202008311134/tools/bin/../lib/gcc/arm-none-eabi/9.2.1/../../../../arm-none-eabi/lib/thumb/v7-m/nofp\libc_nano.a(lib_a-mprec.o)
                0x000154ce                __multadd
 .text.__hi0bits
                0x0001554a       0x40 c:/nxp/mcuxpressoide_11.2.1_4149/ide/plugins/com.nxp.mcuxpresso.tools.win32_11.2.0.202008311134/tools/bin/../lib/gcc/arm-none-eabi/9.2.1/../../../../arm-none-eabi/lib/thumb/v7-m/nofp\libc_nano.a(lib_a-mprec.o)
                0x0001554a                __hi0bits
 .text.__lo0bits
                0x0001558a       0x5c c:/nxp/mcuxpressoide_11.2.1_4149/ide/plugins/com.nxp.mcuxpresso.tools.win32_11.2.0.202008311134/tools/bin/../lib/gcc/arm-none-eabi/9.2.1/../../../../arm-none-eabi/lib/thumb/v7-m/nofp\libc_nano.a(lib_a-mprec.o)
                0x0001558a                __lo0bits
 .text.__i2b    0x000155e6       0x12 c:/nxp/mcuxpressoide_11.2.1_4149/ide/plugins/com.nxp.mcuxpresso.tools.win32_11.2.0.202008311134/tools/bin/../lib/gcc/arm-none-eabi/9.2.1/../../../../arm-none-eabi/lib/thumb/v7-m/nofp\libc_nano.a(lib_a-mprec.o)
                0x000155e6                __i2b
 .text.__multiply
                0x000155f8      0x136 c:/nxp/mcuxpressoide_11.2.1_4149/ide/plugins/com.nxp.mcuxpresso.tools.win32_11.2.0.202008311134/tools/bin/../lib/gcc/arm-none-eabi/9.2.1/../../../../arm-none-eabi/lib/thumb/v7-m/nofp\libc_nano.a(lib_a-mprec.o)
                0x000155f8                __multiply
 *fill*         0x0001572e        0x2 ff
 .text.__pow5mult
                0x00015730       0x9c c:/nxp/mcuxpressoide_11.2.1_4149/ide/plugins/com.nxp.mcuxpresso.tools.win32_11.2.0.202008311134/tools/bin/../lib/gcc/arm-none-eabi/9.2.1/../../../../arm-none-eabi/lib/thumb/v7-m/nofp\libc_nano.a(lib_a-mprec.o)
                0x00015730                __pow5mult
 .text.__lshift
                0x000157cc       0xbe c:/nxp/mcuxpressoide_11.2.1_4149/ide/plugins/com.nxp.mcuxpresso.tools.win32_11.2.0.202008311134/tools/bin/../lib/gcc/arm-none-eabi/9.2.1/../../../../arm-none-eabi/lib/thumb/v7-m/nofp\libc_nano.a(lib_a-mprec.o)
                0x000157cc                __lshift
 .text.__mcmp   0x0001588a       0x36 c:/nxp/mcuxpressoide_11.2.1_4149/ide/plugins/com.nxp.mcuxpresso.tools.win32_11.2.0.202008311134/tools/bin/../lib/gcc/arm-none-eabi/9.2.1/../../../../arm-none-eabi/lib/thumb/v7-m/nofp\libc_nano.a(lib_a-mprec.o)
                0x0001588a                __mcmp
 .text.__mdiff  0x000158c0       0xf8 c:/nxp/mcuxpressoide_11.2.1_4149/ide/plugins/com.nxp.mcuxpresso.tools.win32_11.2.0.202008311134/tools/bin/../lib/gcc/arm-none-eabi/9.2.1/../../../../arm-none-eabi/lib/thumb/v7-m/nofp\libc_nano.a(lib_a-mprec.o)
                0x000158c0                __mdiff
 .text.__d2b    0x000159b8       0x9e c:/nxp/mcuxpressoide_11.2.1_4149/ide/plugins/com.nxp.mcuxpresso.tools.win32_11.2.0.202008311134/tools/bin/../lib/gcc/arm-none-eabi/9.2.1/../../../../arm-none-eabi/lib/thumb/v7-m/nofp\libc_nano.a(lib_a-mprec.o)
                0x000159b8                __d2b
 .text._calloc_r
                0x00015a56       0x1c c:/nxp/mcuxpressoide_11.2.1_4149/ide/plugins/com.nxp.mcuxpresso.tools.win32_11.2.0.202008311134/tools/bin/../lib/gcc/arm-none-eabi/9.2.1/../../../../arm-none-eabi/lib/thumb/v7-m/nofp\libc_nano.a(lib_a-nano-callocr.o)
                0x00015a56                _calloc_r
 *fill*         0x00015a72        0x2 ff
 .text._free_r  0x00015a74       0x98 c:/nxp/mcuxpressoide_11.2.1_4149/ide/plugins/com.nxp.mcuxpresso.tools.win32_11.2.0.202008311134/tools/bin/../lib/gcc/arm-none-eabi/9.2.1/../../../../arm-none-eabi/lib/thumb/v7-m/nofp\libc_nano.a(lib_a-nano-freer.o)
                0x00015a74                _free_r
 .text._malloc_r
                0x00015b0c       0xb4 c:/nxp/mcuxpressoide_11.2.1_4149/ide/plugins/com.nxp.mcuxpresso.tools.win32_11.2.0.202008311134/tools/bin/../lib/gcc/arm-none-eabi/9.2.1/../../../../arm-none-eabi/lib/thumb/v7-m/nofp\libc_nano.a(lib_a-nano-mallocr.o)
                0x00015b0c                _malloc_r
 .text.__ssputs_r
                0x00015bc0       0xb6 c:/nxp/mcuxpressoide_11.2.1_4149/ide/plugins/com.nxp.mcuxpresso.tools.win32_11.2.0.202008311134/tools/bin/../lib/gcc/arm-none-eabi/9.2.1/../../../../arm-none-eabi/lib/thumb/v7-m/nofp\libc_nano.a(lib_a-nano-svfprintf.o)
                0x00015bc0                __ssputs_r
 *fill*         0x00015c76        0x2 ff
 .text._svfprintf_r
                0x00015c78      0x200 c:/nxp/mcuxpressoide_11.2.1_4149/ide/plugins/com.nxp.mcuxpresso.tools.win32_11.2.0.202008311134/tools/bin/../lib/gcc/arm-none-eabi/9.2.1/../../../../arm-none-eabi/lib/thumb/v7-m/nofp\libc_nano.a(lib_a-nano-svfprintf.o)
                0x00015c78                _svfiprintf_r
                0x00015c78                _svfprintf_r
 .text._sbrk_r  0x00015e78       0x20 c:/nxp/mcuxpressoide_11.2.1_4149/ide/plugins/com.nxp.mcuxpresso.tools.win32_11.2.0.202008311134/tools/bin/../lib/gcc/arm-none-eabi/9.2.1/../../../../arm-none-eabi/lib/thumb/v7-m/nofp\libc_nano.a(lib_a-sbrkr.o)
                0x00015e78                _sbrk_r
 .text.__ascii_mbtowc
                0x00015e98       0x24 c:/nxp/mcuxpressoide_11.2.1_4149/ide/plugins/com.nxp.mcuxpresso.tools.win32_11.2.0.202008311134/tools/bin/../lib/gcc/arm-none-eabi/9.2.1/../../../../arm-none-eabi/lib/thumb/v7-m/nofp\libc_nano.a(lib_a-mbtowc_r.o)
                0x00015e98                __ascii_mbtowc
 .text.memmove  0x00015ebc       0x34 c:/nxp/mcuxpressoide_11.2.1_4149/ide/plugins/com.nxp.mcuxpresso.tools.win32_11.2.0.202008311134/tools/bin/../lib/gcc/arm-none-eabi/9.2.1/../../../../arm-none-eabi/lib/thumb/v7-m/nofp\libc_nano.a(lib_a-memmove.o)
                0x00015ebc                memmove
 .text.__malloc_lock
                0x00015ef0        0xc c:/nxp/mcuxpressoide_11.2.1_4149/ide/plugins/com.nxp.mcuxpresso.tools.win32_11.2.0.202008311134/tools/bin/../lib/gcc/arm-none-eabi/9.2.1/../../../../arm-none-eabi/lib/thumb/v7-m/nofp\libc_nano.a(lib_a-mlock.o)
                0x00015ef0                __malloc_lock
 .text.__malloc_unlock
                0x00015efc        0xc c:/nxp/mcuxpressoide_11.2.1_4149/ide/plugins/com.nxp.mcuxpresso.tools.win32_11.2.0.202008311134/tools/bin/../lib/gcc/arm-none-eabi/9.2.1/../../../../arm-none-eabi/lib/thumb/v7-m/nofp\libc_nano.a(lib_a-mlock.o)
                0x00015efc                __malloc_unlock
 .text._realloc_r
                0x00015f08       0x4c c:/nxp/mcuxpressoide_11.2.1_4149/ide/plugins/com.nxp.mcuxpresso.tools.win32_11.2.0.202008311134/tools/bin/../lib/gcc/arm-none-eabi/9.2.1/../../../../arm-none-eabi/lib/thumb/v7-m/nofp\libc_nano.a(lib_a-nano-reallocr.o)
                0x00015f08                _realloc_r
 .text.__ascii_wctomb
                0x00015f54       0x1a c:/nxp/mcuxpressoide_11.2.1_4149/ide/plugins/com.nxp.mcuxpresso.tools.win32_11.2.0.202008311134/tools/bin/../lib/gcc/arm-none-eabi/9.2.1/../../../../arm-none-eabi/lib/thumb/v7-m/nofp\libc_nano.a(lib_a-wctomb_r.o)
                0x00015f54                __ascii_wctomb
 .text.__retarget_lock_acquire_recursive
                0x00015f6e        0x2 c:/nxp/mcuxpressoide_11.2.1_4149/ide/plugins/com.nxp.mcuxpresso.tools.win32_11.2.0.202008311134/tools/bin/../lib/gcc/arm-none-eabi/9.2.1/../../../../arm-none-eabi/lib/thumb/v7-m/nofp\libc_nano.a(lib_a-lock.o)
                0x00015f6e                __retarget_lock_acquire_recursive
 .text.__retarget_lock_release_recursive
                0x00015f70        0x2 c:/nxp/mcuxpressoide_11.2.1_4149/ide/plugins/com.nxp.mcuxpresso.tools.win32_11.2.0.202008311134/tools/bin/../lib/gcc/arm-none-eabi/9.2.1/../../../../arm-none-eabi/lib/thumb/v7-m/nofp\libc_nano.a(lib_a-lock.o)
                0x00015f70                __retarget_lock_release_recursive
 .text._malloc_usable_size_r
                0x00015f72       0x10 c:/nxp/mcuxpressoide_11.2.1_4149/ide/plugins/com.nxp.mcuxpresso.tools.win32_11.2.0.202008311134/tools/bin/../lib/gcc/arm-none-eabi/9.2.1/../../../../arm-none-eabi/lib/thumb/v7-m/nofp\libc_nano.a(lib_a-nano-msizer.o)
                0x00015f72                _malloc_usable_size_r
 *fill*         0x00015f82        0x2 ff
 .text._sbrk    0x00015f84       0x3c c:/nxp/mcuxpressoide_11.2.1_4149/ide/plugins/com.nxp.mcuxpresso.tools.win32_11.2.0.202008311134/tools/bin/../lib/gcc/arm-none-eabi/9.2.1/../../../../arm-none-eabi/lib/thumb/v7-m/nofp\libcr_newlib_none.a(_cr_sbrk.o)
                0x00015f84                _sbrk
 .text.__check_heap_overflow
                0x00015fc0       0x14 c:/nxp/mcuxpressoide_11.2.1_4149/ide/plugins/com.nxp.mcuxpresso.tools.win32_11.2.0.202008311134/tools/bin/../lib/gcc/arm-none-eabi/9.2.1/../../../../arm-none-eabi/lib/thumb/v7-m/nofp\libcr_newlib_none.a(_cr_check_heap.o)
                0x00015fc0                __check_heap_overflow
 .text          0x00015fd4      0x424 c:/nxp/mcuxpressoide_11.2.1_4149/ide/plugins/com.nxp.mcuxpresso.tools.win32_11.2.0.202008311134/tools/bin/../lib/gcc/arm-none-eabi/9.2.1/thumb/v7-m/nofp\libgcc.a(_arm_muldivdf3.o)
                0x00015fd4                __aeabi_dmul
                0x00015fd4                __muldf3
                0x00016228                __divdf3
                0x00016228                __aeabi_ddiv
 .text          0x000163f8      0x110 c:/nxp/mcuxpressoide_11.2.1_4149/ide/plugins/com.nxp.mcuxpresso.tools.win32_11.2.0.202008311134/tools/bin/../lib/gcc/arm-none-eabi/9.2.1/thumb/v7-m/nofp\libgcc.a(_arm_cmpdf2.o)
                0x000163f8                __gtdf2
                0x000163f8                __gedf2
                0x00016400                __ltdf2
                0x00016400                __ledf2
                0x00016408                __nedf2
                0x00016408                __eqdf2
                0x00016408                __cmpdf2
                0x00016484                __aeabi_cdrcmple
                0x00016494                __aeabi_cdcmpeq
                0x00016494                __aeabi_cdcmple
                0x000164a4                __aeabi_dcmpeq
                0x000164b8                __aeabi_dcmplt
                0x000164cc                __aeabi_dcmple
                0x000164e0                __aeabi_dcmpge
                0x000164f4                __aeabi_dcmpgt
 .text          0x00016508       0x2c c:/nxp/mcuxpressoide_11.2.1_4149/ide/plugins/com.nxp.mcuxpresso.tools.win32_11.2.0.202008311134/tools/bin/../lib/gcc/arm-none-eabi/9.2.1/thumb/v7-m/nofp\libgcc.a(_arm_unorddf2.o)
                0x00016508                __unorddf2
                0x00016508                __aeabi_dcmpun
 .text          0x00016534       0x50 c:/nxp/mcuxpressoide_11.2.1_4149/ide/plugins/com.nxp.mcuxpresso.tools.win32_11.2.0.202008311134/tools/bin/../lib/gcc/arm-none-eabi/9.2.1/thumb/v7-m/nofp\libgcc.a(_arm_fixdfsi.o)
                0x00016534                __aeabi_d2iz
                0x00016534                __fixdfsi
 .text.__errno  0x00016584        0xc c:/nxp/mcuxpressoide_11.2.1_4149/ide/plugins/com.nxp.mcuxpresso.tools.win32_11.2.0.202008311134/tools/bin/../lib/gcc/arm-none-eabi/9.2.1/../../../../arm-none-eabi/lib/thumb/v7-m/nofp\libc_nano.a(lib_a-errno.o)
                0x00016584                __errno
 *(.rodata .rodata.* .constdata .constdata.*)
 .rodata        0x00016590        0xf ./src/IA_2021_V0.o
 *fill*         0x0001659f        0x1 ff
 .rodata        0x000165a0        0xf ./src/Init.o
 *fill*         0x000165af        0x1 ff
 .rodata        0x000165b0       0x29 ./freertos/src/FreeRTOSCommonHooks.o
 *fill*         0x000165d9        0x3 ff
 .rodata.vTaskStartScheduler.str1.4
                0x000165dc        0x5 ./freertos/src/tasks.o
 *fill*         0x000165e1        0x3 ff
 .rodata.prvCheckForValidListAndQueue.str1.4
                0x000165e4        0x5 ./freertos/src/timers.o
 *fill*         0x000165e9        0x3 ff
 .rodata.xTimerCreateTimerTask.str1.4
                0x000165ec        0x8 ./freertos/src/timers.o
 .rodata        0x000165f4       0x8b ./Strategie/Strategie.o
 *fill*         0x0001667f        0x1 ff
 .rodata        0x00016680       0x25 ./Communication/0_Communication.o
 *fill*         0x000166a5        0x3 ff
 .rodata        0x000166a8       0x27 ./Communication/1_Trame_Communication.o
 *fill*         0x000166cf        0x1 ff
 .rodata        0x000166d0       0xbd ./Communication/2_Echange_Datas.o
 *fill*         0x0001678d        0x3 ff
 .rodata        0x00016790       0x2b ./Communication/2_Echange_Datas_Reception.o
 *fill*         0x000167bb        0x1 ff
 .rodata.MainOscPLL0conf_12
                0x000167bc       0xf0 C:\Robot\Robotic-System.git\trunk\Workspaces\MultiWorkSpaces_2021\0_lpc_chip_175x_6x\Release\lib0_lpc_chip_175x_6x.a(sysinit_17xx_40xx.o)
 .rodata.MainOscPLL0conf_16
                0x000168ac       0xb0 C:\Robot\Robotic-System.git\trunk\Workspaces\MultiWorkSpaces_2021\0_lpc_chip_175x_6x\Release\lib0_lpc_chip_175x_6x.a(sysinit_17xx_40xx.o)
 .rodata.RTCOscRateIn
                0x0001695c        0x4 C:\Robot\Robotic-System.git\trunk\Workspaces\MultiWorkSpaces_2021\0_lpc_board_nxp_lpcxpresso_1769\Release\lib0_lpc_board_nxp_lpcxpresso_1769.a(board.o)
                0x0001695c                RTCOscRateIn
 .rodata._printf_float.str1.1
                0x00016960       0x12 c:/nxp/mcuxpressoide_11.2.1_4149/ide/plugins/com.nxp.mcuxpresso.tools.win32_11.2.0.202008311134/tools/bin/../lib/gcc/arm-none-eabi/9.2.1/../../../../arm-none-eabi/lib/thumb/v7-m/nofp\libc_nano.a(lib_a-nano-vfprintf_float.o)
 .rodata._printf_i.str1.1
                0x00016972       0x22 c:/nxp/mcuxpressoide_11.2.1_4149/ide/plugins/com.nxp.mcuxpresso.tools.win32_11.2.0.202008311134/tools/bin/../lib/gcc/arm-none-eabi/9.2.1/../../../../arm-none-eabi/lib/thumb/v7-m/nofp\libc_nano.a(lib_a-nano-vfprintf_i.o)
 .rodata._dtoa_r.str1.1
                0x00016994        0xd c:/nxp/mcuxpressoide_11.2.1_4149/ide/plugins/com.nxp.mcuxpresso.tools.win32_11.2.0.202008311134/tools/bin/../lib/gcc/arm-none-eabi/9.2.1/../../../../arm-none-eabi/lib/thumb/v7-m/nofp\libc_nano.a(lib_a-dtoa.o)
                                  0xf (size before relaxing)
 *fill*         0x000169a1        0x7 ff
 .rodata.__mprec_bigtens
                0x000169a8       0x28 c:/nxp/mcuxpressoide_11.2.1_4149/ide/plugins/com.nxp.mcuxpresso.tools.win32_11.2.0.202008311134/tools/bin/../lib/gcc/arm-none-eabi/9.2.1/../../../../arm-none-eabi/lib/thumb/v7-m/nofp\libc_nano.a(lib_a-mprec.o)
                0x000169a8                __mprec_bigtens
 .rodata.__mprec_tens
                0x000169d0       0xc8 c:/nxp/mcuxpressoide_11.2.1_4149/ide/plugins/com.nxp.mcuxpresso.tools.win32_11.2.0.202008311134/tools/bin/../lib/gcc/arm-none-eabi/9.2.1/../../../../arm-none-eabi/lib/thumb/v7-m/nofp\libc_nano.a(lib_a-mprec.o)
                0x000169d0                __mprec_tens
 .rodata.p05.6127
                0x00016a98        0xc c:/nxp/mcuxpressoide_11.2.1_4149/ide/plugins/com.nxp.mcuxpresso.tools.win32_11.2.0.202008311134/tools/bin/../lib/gcc/arm-none-eabi/9.2.1/../../../../arm-none-eabi/lib/thumb/v7-m/nofp\libc_nano.a(lib_a-mprec.o)
 .rodata._svfprintf_r.str1.1
                0x00016aa4       0x11 c:/nxp/mcuxpressoide_11.2.1_4149/ide/plugins/com.nxp.mcuxpresso.tools.win32_11.2.0.202008311134/tools/bin/../lib/gcc/arm-none-eabi/9.2.1/../../../../arm-none-eabi/lib/thumb/v7-m/nofp\libc_nano.a(lib_a-nano-svfprintf.o)
 .rodata._setlocale_r.str1.1
                0x00016ab5        0x8 c:/nxp/mcuxpressoide_11.2.1_4149/ide/plugins/com.nxp.mcuxpresso.tools.win32_11.2.0.202008311134/tools/bin/../lib/gcc/arm-none-eabi/9.2.1/../../../../arm-none-eabi/lib/thumb/v7-m/nofp\libc_nano.a(lib_a-locale.o)
                                  0x9 (size before relaxing)
 .rodata.str1.1
                0x00016abd        0x2 c:/nxp/mcuxpressoide_11.2.1_4149/ide/plugins/com.nxp.mcuxpresso.tools.win32_11.2.0.202008311134/tools/bin/../lib/gcc/arm-none-eabi/9.2.1/../../../../arm-none-eabi/lib/thumb/v7-m/nofp\libc_nano.a(lib_a-locale.o)
 .rodata._ctype_
                0x00016abf      0x101 c:/nxp/mcuxpressoide_11.2.1_4149/ide/plugins/com.nxp.mcuxpresso.tools.win32_11.2.0.202008311134/tools/bin/../lib/gcc/arm-none-eabi/9.2.1/../../../../arm-none-eabi/lib/thumb/v7-m/nofp\libc_nano.a(lib_a-ctype_.o)
                0x00016abf                _ctype_
                0x00016bc0                . = ALIGN (0x4)

.glue_7         0x00016bc0        0x0
 .glue_7        0x00016bc0        0x0 linker stubs

.glue_7t        0x00016bc0        0x0
 .glue_7t       0x00016bc0        0x0 linker stubs

.vfp11_veneer   0x00016bc0        0x0
 .vfp11_veneer  0x00016bc0        0x0 linker stubs

.v4_bx          0x00016bc0        0x0
 .v4_bx         0x00016bc0        0x0 linker stubs

.iplt           0x00016bc0        0x0
 .iplt          0x00016bc0        0x0 ./src/IA_2021_V0.o

.rel.dyn        0x00016bc0        0x0
 .rel.iplt      0x00016bc0        0x0 ./src/IA_2021_V0.o

.ARM.extab
 *(.ARM.extab* .gnu.linkonce.armextab.*)

.ARM.exidx      0x00016bc0        0x0
                0x00016bc0                __exidx_start = .
 *(.ARM.exidx* .gnu.linkonce.armexidx.*)
                0x00016bc0                __exidx_end = .
                0x00016bc0                _etext = .

.data_RAM2      0x2007c000        0x0 load address 0x00016bc0
 FILL mask 0xff
                [!provide]                PROVIDE (__start_data_RAM2 = .)
                [!provide]                PROVIDE (__start_data_Ram_USB = .)
 *(.ramfunc.$RAM2)
 *(.ramfunc.$Ram_USB)
 *(.data.$RAM2)
 *(.data.$Ram_USB)
 *(.data.$RAM2.*)
 *(.data.$Ram_USB.*)
                0x2007c000                . = ALIGN (0x4)
                [!provide]                PROVIDE (__end_data_RAM2 = .)
                [!provide]                PROVIDE (__end_data_Ram_USB = .)

.data_RAM3      0x2007c800        0x0 load address 0x00016bc0
 FILL mask 0xff
                [!provide]                PROVIDE (__start_data_RAM3 = .)
                [!provide]                PROVIDE (__start_data_RAM3 = .)
 *(.ramfunc.$RAM3)
 *(.ramfunc.$RAM3)
 *(.data.$RAM3)
 *(.data.$RAM3)
 *(.data.$RAM3.*)
 *(.data.$RAM3.*)
                0x2007c800                . = ALIGN (0x4)
                [!provide]                PROVIDE (__end_data_RAM3 = .)
                [!provide]                PROVIDE (__end_data_RAM3 = .)

.uninit_RESERVED
                0x10000000        0x0
                0x10000000                _start_uninit_RESERVED = .
 *(.bss.$RESERVED*)
                0x10000000                . = ALIGN (0x4)
                0x10000000                _end_uninit_RESERVED = .

.data           0x10000000      0x1e8 load address 0x00016bc0
 FILL mask 0xff
                0x10000000                _data = .
                [!provide]                PROVIDE (__start_data_RAM = .)
                [!provide]                PROVIDE (__start_data_RamLoc32 = .)
 *(vtable)
 *(.ramfunc*)
 *(CodeQuickAccess)
 *(DataQuickAccess)
 *(RamFunction)
 *(.data*)
 .data.xHeapRegions
                0x10000000       0x10 ./src/IA_2021_V0.o
 .data.uxCriticalNesting
                0x10000010        0x4 ./freertos/src/port.o
 .data.OscRateIn
                0x10000014        0x4 C:\Robot\Robotic-System.git\trunk\Workspaces\MultiWorkSpaces_2021\0_lpc_board_nxp_lpcxpresso_1769\Release\lib0_lpc_board_nxp_lpcxpresso_1769.a(board.o)
                0x10000014                OscRateIn
 .data._impure_ptr
                0x10000018        0x4 c:/nxp/mcuxpressoide_11.2.1_4149/ide/plugins/com.nxp.mcuxpresso.tools.win32_11.2.0.202008311134/tools/bin/../lib/gcc/arm-none-eabi/9.2.1/../../../../arm-none-eabi/lib/thumb/v7-m/nofp\libc_nano.a(lib_a-impure.o)
                0x10000018                _impure_ptr
 .data.impure_data
                0x1000001c       0x60 c:/nxp/mcuxpressoide_11.2.1_4149/ide/plugins/com.nxp.mcuxpresso.tools.win32_11.2.0.202008311134/tools/bin/../lib/gcc/arm-none-eabi/9.2.1/../../../../arm-none-eabi/lib/thumb/v7-m/nofp\libc_nano.a(lib_a-impure.o)
 .data.__global_locale
                0x1000007c      0x16c c:/nxp/mcuxpressoide_11.2.1_4149/ide/plugins/com.nxp.mcuxpresso.tools.win32_11.2.0.202008311134/tools/bin/../lib/gcc/arm-none-eabi/9.2.1/../../../../arm-none-eabi/lib/thumb/v7-m/nofp\libc_nano.a(lib_a-locale.o)
                0x1000007c                __global_locale
                0x100001e8                . = ALIGN (0x4)
                0x100001e8                _edata = .
                [!provide]                PROVIDE (__end_data_RAM = .)
                [!provide]                PROVIDE (__end_data_RamLoc32 = .)

.igot.plt       0x100001e8        0x0 load address 0x00016da8
 .igot.plt      0x100001e8        0x0 ./src/IA_2021_V0.o

.bss_RAM2       0x2007c000        0x0
                [!provide]                PROVIDE (__start_bss_RAM2 = .)
                [!provide]                PROVIDE (__start_bss_Ram_USB = .)
 *(.bss.$RAM2)
 *(.bss.$Ram_USB)
 *(.bss.$RAM2.*)
 *(.bss.$Ram_USB.*)
                0x2007c000                . = ALIGN ((. != 0x0)?0x4:0x1)
                [!provide]                PROVIDE (__end_bss_RAM2 = .)
                [!provide]                PROVIDE (__end_bss_Ram_USB = .)

.bss_RAM3       0x2007c800     0x385c
                [!provide]                PROVIDE (__start_bss_RAM3 = .)
                [!provide]                PROVIDE (__start_bss_RAM3 = .)
 *(.bss.$RAM3)
 .bss.$RAM3     0x2007c800      0x19e ./freertos/src/FreeRTOSCommonHooks.o
 *fill*         0x2007c99e        0x2 
 .bss.$RAM3     0x2007c9a0       0xc8 ./Strategie/Strategie_Level0/0_Infos.o
 .bss.$RAM3     0x2007ca68      0x480 ./Communication/0_Communication.o
 .bss.$RAM3     0x2007cee8       0xe3 ./Communication/1_Trame_Communication.o
 *fill*         0x2007cfcb        0x1 
 .bss.$RAM3     0x2007cfcc       0x46 ./Communication/2_Echange_Data_Strategie.o
 *fill*         0x2007d012        0x2 
 .bss.$RAM3     0x2007d014       0x46 ./Communication/2_Echange_Datas.o
 *(.bss.$RAM3)
 *(.bss.$RAM3.*)
 *fill*         0x2007d05a        0x2 
 .bss.$RAM3.    0x2007d05c     0x3000 ./src/IA_2021_V0.o
 *(.bss.$RAM3.*)
                0x2008005c                . = ALIGN ((. != 0x0)?0x4:0x1)
                [!provide]                PROVIDE (__end_bss_RAM3 = .)
                [!provide]                PROVIDE (__end_bss_RAM3 = .)

.bss            0x100001e8      0x604
                0x100001e8                _bss = .
                [!provide]                PROVIDE (__start_bss_RAM = .)
                [!provide]                PROVIDE (__start_bss_RamLoc32 = .)
 *(.bss*)
 .bss.pxEnd     0x100001e8        0x4 ./freertos/src/heap_5.o
 .bss.xBlockAllocatedBit
                0x100001ec        0x4 ./freertos/src/heap_5.o
 .bss.xFreeBytesRemaining
                0x100001f0        0x4 ./freertos/src/heap_5.o
 .bss.xMinimumEverFreeBytesRemaining
                0x100001f4        0x4 ./freertos/src/heap_5.o
 .bss.xNumberOfSuccessfulAllocations
                0x100001f8        0x4 ./freertos/src/heap_5.o
 .bss.xNumberOfSuccessfulFrees
                0x100001fc        0x4 ./freertos/src/heap_5.o
 .bss.xStart    0x10000200        0x8 ./freertos/src/heap_5.o
 .bss.xQueueRegistry
                0x10000208       0x50 ./freertos/src/queue.o
                0x10000208                xQueueRegistry
 .bss.pxCurrentTCB
                0x10000258        0x4 ./freertos/src/tasks.o
                0x10000258                pxCurrentTCB
 .bss.pxDelayedTaskList
                0x1000025c        0x4 ./freertos/src/tasks.o
 .bss.pxOverflowDelayedTaskList
                0x10000260        0x4 ./freertos/src/tasks.o
 .bss.pxReadyTasksLists
                0x10000264       0x64 ./freertos/src/tasks.o
 .bss.uxCurrentNumberOfTasks
                0x100002c8        0x4 ./freertos/src/tasks.o
 .bss.uxDeletedTasksWaitingCleanUp
                0x100002cc        0x4 ./freertos/src/tasks.o
 .bss.uxSchedulerSuspended
                0x100002d0        0x4 ./freertos/src/tasks.o
 .bss.uxTaskNumber
                0x100002d4        0x4 ./freertos/src/tasks.o
 .bss.uxTopReadyPriority
                0x100002d8        0x4 ./freertos/src/tasks.o
 .bss.xDelayedTaskList1
                0x100002dc       0x14 ./freertos/src/tasks.o
 .bss.xDelayedTaskList2
                0x100002f0       0x14 ./freertos/src/tasks.o
 .bss.xIdleTaskHandle
                0x10000304        0x4 ./freertos/src/tasks.o
 .bss.xNextTaskUnblockTime
                0x10000308        0x4 ./freertos/src/tasks.o
 .bss.xNumOfOverflows
                0x1000030c        0x4 ./freertos/src/tasks.o
 .bss.xPendedTicks
                0x10000310        0x4 ./freertos/src/tasks.o
 .bss.xPendingReadyList
                0x10000314       0x14 ./freertos/src/tasks.o
 .bss.xSchedulerRunning
                0x10000328        0x4 ./freertos/src/tasks.o
 .bss.xSuspendedTaskList
                0x1000032c       0x14 ./freertos/src/tasks.o
 .bss.xTasksWaitingTermination
                0x10000340       0x14 ./freertos/src/tasks.o
 .bss.xTickCount
                0x10000354        0x4 ./freertos/src/tasks.o
 .bss.xYieldPending
                0x10000358        0x4 ./freertos/src/tasks.o
 .bss.pxCurrentTimerList
                0x1000035c        0x4 ./freertos/src/timers.o
 .bss.pxOverflowTimerList
                0x10000360        0x4 ./freertos/src/timers.o
 .bss.xActiveTimerList1
                0x10000364       0x14 ./freertos/src/timers.o
 .bss.xActiveTimerList2
                0x10000378       0x14 ./freertos/src/timers.o
 .bss.xLastTime.9167
                0x1000038c        0x4 ./freertos/src/timers.o
 .bss.xTimerQueue
                0x10000390        0x4 ./freertos/src/timers.o
 .bss.xTimerTaskHandle
                0x10000394        0x4 ./freertos/src/timers.o
 .bss._0_Deplacement_EventGroup
                0x10000398        0x4 ./Strategie/Strategie_Level0/Deplacement/0_Deplacements.o
                0x10000398                _0_Deplacement_EventGroup
 .bss.Actions_2021
                0x1000039c      0x244 ./Strategie/Strategie.o
                0x1000039c                Actions_2021
 .bss.Strategie_Choisie
                0x100005e0        0x1 ./Strategie/Strategie.o
                0x100005e0                Strategie_Choisie
 *fill*         0x100005e1        0x3 
 .bss.Temps_Match
                0x100005e4        0x4 ./Strategie/Strategie.o
                0x100005e4                Temps_Match
 .bss.ADCSetup  0x100005e8        0x8 ./Level_0/Drivers/0_ADC/0_ADC.o
 .bss.Message.11374
                0x100005f0       0x4d ./Communication/0_Communication.o
 *fill*         0x1000063d        0x3 
 .bss._1_xQueue_Message_TO_Send
                0x10000640        0x4 ./Communication/0_Communication.o
                0x10000640                _1_xQueue_Message_TO_Send
 .bss.already_flaged.11302
                0x10000644        0x1 ./Communication/0_Communication.o
 .bss.already_flaged.11307
                0x10000645        0x1 ./Communication/0_Communication.o
 *fill*         0x10000646        0x2 
 .bss.g_txBuff.11375
                0x10000648       0x80 ./Communication/0_Communication.o
 .bss.rxring_RS485
                0x100006c8       0x14 ./Communication/0_Communication.o
                0x100006c8                rxring_RS485
 .bss.rxring_XBEE
                0x100006dc       0x14 ./Communication/0_Communication.o
                0x100006dc                rxring_XBEE
 .bss.txring    0x100006f0       0x14 ./Communication/0_Communication.o
                0x100006f0                txring
 .bss._0_ACK_Adresses
                0x10000704        0x4 ./Communication/0_Event_Group.o
                0x10000704                _0_ACK_Adresses
 .bss._0_ACK_Type_EventGroup
                0x10000708        0x4 ./Communication/0_Event_Group.o
                0x10000708                _0_ACK_Type_EventGroup
 .bss._0_Comm_EventGroup
                0x1000070c        0x4 ./Communication/0_Event_Group.o
                0x1000070c                _0_Comm_EventGroup
 .bss._0_Status_EventGroup
                0x10000710        0x4 ./Communication/0_Event_Group.o
                0x10000710                _0_Status_EventGroup
 .bss.Nb_Erreurs_com
                0x10000714        0x4 ./Communication/1_Trame_Communication.o
                0x10000714                Nb_Erreurs_com
 .bss.Nb_Messages_recus
                0x10000718        0x4 ./Communication/1_Trame_Communication.o
                0x10000718                Nb_Messages_recus
 .bss.str.10382
                0x1000071c       0x19 ./Communication/1_Trame_Communication.o
 *fill*         0x10000735        0x3 
 .bss.log_message
                0x10000738       0x3e ./Communication/2_Echange_Datas.o
 .bss.relese_sent
                0x10000776        0x1 ./Communication/2_Echange_Datas.o
                0x10000776                relese_sent
 *fill*         0x10000777        0x1 
 .bss.str       0x10000778       0x46 ./Communication/2_Echange_Datas.o
 *fill*         0x100007be        0x2 
 .bss.Nb_Messages_Interpretes
                0x100007c0        0x4 ./Communication/2_Echange_Datas_Reception.o
 .bss.Nb_PONG_recus
                0x100007c4        0x4 ./Communication/2_Echange_Datas_Reception.o
                0x100007c4                Nb_PONG_recus
 .bss.ABsyncSts
                0x100007c8        0x1 C:\Robot\Robotic-System.git\trunk\Workspaces\MultiWorkSpaces_2021\0_lpc_chip_175x_6x\Release\lib0_lpc_chip_175x_6x.a(uart_17xx_40xx.o)
 *fill*         0x100007c9        0x3 
 .bss.__malloc_free_list
                0x100007cc        0x4 c:/nxp/mcuxpressoide_11.2.1_4149/ide/plugins/com.nxp.mcuxpresso.tools.win32_11.2.0.202008311134/tools/bin/../lib/gcc/arm-none-eabi/9.2.1/../../../../arm-none-eabi/lib/thumb/v7-m/nofp\libc_nano.a(lib_a-nano-mallocr.o)
                0x100007cc                __malloc_free_list
 .bss.__malloc_sbrk_start
                0x100007d0        0x4 c:/nxp/mcuxpressoide_11.2.1_4149/ide/plugins/com.nxp.mcuxpresso.tools.win32_11.2.0.202008311134/tools/bin/../lib/gcc/arm-none-eabi/9.2.1/../../../../arm-none-eabi/lib/thumb/v7-m/nofp\libc_nano.a(lib_a-nano-mallocr.o)
                0x100007d0                __malloc_sbrk_start
 .bss.__end_of_heap
                0x100007d4        0x4 c:/nxp/mcuxpressoide_11.2.1_4149/ide/plugins/com.nxp.mcuxpresso.tools.win32_11.2.0.202008311134/tools/bin/../lib/gcc/arm-none-eabi/9.2.1/../../../../arm-none-eabi/lib/thumb/v7-m/nofp\libcr_newlib_none.a(_cr_sbrk.o)
                0x100007d4                __end_of_heap
 *(COMMON)
 COMMON         0x100007d8        0x4 C:\Robot\Robotic-System.git\trunk\Workspaces\MultiWorkSpaces_2021\0_lpc_chip_175x_6x\Release\lib0_lpc_chip_175x_6x.a(chip_17xx_40xx.o)
                0x100007d8                SystemCoreClock
 COMMON         0x100007dc        0x4 c:/nxp/mcuxpressoide_11.2.1_4149/ide/plugins/com.nxp.mcuxpresso.tools.win32_11.2.0.202008311134/tools/bin/../lib/gcc/arm-none-eabi/9.2.1/../../../../arm-none-eabi/lib/thumb/v7-m/nofp\libc_nano.a(lib_a-reent.o)
                0x100007dc                errno
 COMMON         0x100007e0        0x9 c:/nxp/mcuxpressoide_11.2.1_4149/ide/plugins/com.nxp.mcuxpresso.tools.win32_11.2.0.202008311134/tools/bin/../lib/gcc/arm-none-eabi/9.2.1/../../../../arm-none-eabi/lib/thumb/v7-m/nofp\libc_nano.a(lib_a-lock.o)
                0x100007e0                __lock___atexit_recursive_mutex
                0x100007e1                __lock___arc4random_mutex
                0x100007e2                __lock___env_recursive_mutex
                0x100007e3                __lock___sinit_recursive_mutex
                0x100007e4                __lock___malloc_recursive_mutex
                0x100007e5                __lock___at_quick_exit_mutex
                0x100007e6                __lock___dd_hash_mutex
                0x100007e7                __lock___tz_mutex
                0x100007e8                __lock___sfp_recursive_mutex
                0x100007ec                . = ALIGN (0x4)
 *fill*         0x100007e9        0x3 
                0x100007ec                _ebss = .
                [!provide]                PROVIDE (__end_bss_RAM = .)
                [!provide]                PROVIDE (__end_bss_RamLoc32 = .)
                [!provide]                PROVIDE (end = .)

.noinit_RAM2    0x2007c000        0x0
                [!provide]                PROVIDE (__start_noinit_RAM2 = .)
                [!provide]                PROVIDE (__start_noinit_Ram_USB = .)
 *(.noinit.$RAM2)
 *(.noinit.$Ram_USB)
 *(.noinit.$RAM2.*)
 *(.noinit.$Ram_USB.*)
                0x2007c000                . = ALIGN (0x4)
                [!provide]                PROVIDE (__end_noinit_RAM2 = .)
                [!provide]                PROVIDE (__end_noinit_Ram_USB = .)

.noinit_RAM3    0x2008005c        0x0
                [!provide]                PROVIDE (__start_noinit_RAM3 = .)
                [!provide]                PROVIDE (__start_noinit_RAM3 = .)
 *(.noinit.$RAM3)
 *(.noinit.$RAM3)
 *(.noinit.$RAM3.*)
 *(.noinit.$RAM3.*)
                0x2008005c                . = ALIGN (0x4)
                [!provide]                PROVIDE (__end_noinit_RAM3 = .)
                [!provide]                PROVIDE (__end_noinit_RAM3 = .)

.noinit         0x100007ec        0x0
                0x100007ec                _noinit = .
                [!provide]                PROVIDE (__start_noinit_RAM = .)
                [!provide]                PROVIDE (__start_noinit_RamLoc32 = .)
 *(.noinit*)
                0x100007ec                . = ALIGN (0x4)
                0x100007ec                _end_noinit = .
                [!provide]                PROVIDE (__end_noinit_RAM = .)
                [!provide]                PROVIDE (__end_noinit_RamLoc32 = .)
                0x100007ec                PROVIDE (_pvHeapStart = DEFINED (__user_heap_base)?__user_heap_base:.)
                0x10008000                PROVIDE (_vStackTop = DEFINED (__user_stack_top)?__user_stack_top:(__top_RamLoc32 - 0x0))
                [!provide]                PROVIDE (__valid_user_code_checksum = (0x0 - ((((((_vStackTop + (ResetISR + 0x1)) + (NMI_Handler + 0x1)) + (HardFault_Handler + 0x1)) + (DEFINED (MemManage_Handler)?MemManage_Handler:0x0 + 0x1)) + (DEFINED (BusFault_Handler)?BusFault_Handler:0x0 + 0x1)) + (DEFINED (UsageFault_Handler)?UsageFault_Handler:0x0 + 0x1))))
                0x00010000                _image_start = LOADADDR (.text)
                0x00016da8                _image_end = (LOADADDR (.data) + SIZEOF (.data))
                0x00006da8                _image_size = (_image_end - _image_start)
OUTPUT(IA_2021_V0.axf elf32-littlearm)

.debug_info     0x00000000    0x2a487
 .debug_info    0x00000000     0x28f8 ./src/IA_2021_V0.o
 .debug_info    0x000028f8     0x151a ./src/Init.o
 .debug_info    0x00003e12      0x2e9 ./src/cr_startup_lpc175x_6x.o
 .debug_info    0x000040fb       0x3c ./src/crp.o
 .debug_info    0x00004137      0x9d6 ./src/sysinit.o
 .debug_info    0x00004b0d     0x1357 ./src/test.o
 .debug_info    0x00005e64     0x149b ./freertos/src/FreeRTOSCommonHooks.o
 .debug_info    0x000072ff     0x133d ./freertos/src/event_groups.o
 .debug_info    0x0000863c      0xebb ./freertos/src/heap_5.o
 .debug_info    0x000094f7      0xbeb ./freertos/src/list.o
 .debug_info    0x0000a0e2      0xd07 ./freertos/src/port.o
 .debug_info    0x0000ade9     0x2528 ./freertos/src/queue.o
 .debug_info    0x0000d311     0x2e5a ./freertos/src/tasks.o
 .debug_info    0x0001016b     0x1c75 ./freertos/src/timers.o
 .debug_info    0x00011de0     0x1744 ./Strategie/Strategie_Level0/Deplacement/0_Deplacements.o
 .debug_info    0x00013524      0xdf5 ./Strategie/Strategie_Level0/0_Infos.o
 .debug_info    0x00014319      0xdc3 ./Strategie/Strategie_Level0/Strategie_Actions.o
 .debug_info    0x000150dc     0x1577 ./Strategie/Strategie.o
 .debug_info    0x00016653     0x1038 ./Level_0/Drivers/0_ADC/0_ADC.o
 .debug_info    0x0001768b     0x101c ./Communication/RS485/0_RS485.o
 .debug_info    0x000186a7     0x39a4 ./Communication/0_Communication.o
 .debug_info    0x0001c04b      0xb0d ./Communication/0_Event_Group.o
 .debug_info    0x0001cb58     0x1b7c ./Communication/1_Trame_Communication.o
 .debug_info    0x0001e6d4     0x11c0 ./Communication/2_Echange_Data_Strategie.o
 .debug_info    0x0001f894     0x2767 ./Communication/2_Echange_Datas.o
 .debug_info    0x00021ffb     0x1213 ./Communication/2_Echange_Datas_Reception.o
 .debug_info    0x0002320e      0xb52 C:\Robot\Robotic-System.git\trunk\Workspaces\MultiWorkSpaces_2021\0_lpc_chip_175x_6x\Release\lib0_lpc_chip_175x_6x.a(adc_17xx_40xx.o)
 .debug_info    0x00023d60      0x642 C:\Robot\Robotic-System.git\trunk\Workspaces\MultiWorkSpaces_2021\0_lpc_chip_175x_6x\Release\lib0_lpc_chip_175x_6x.a(chip_17xx_40xx.o)
 .debug_info    0x000243a2      0xe8f C:\Robot\Robotic-System.git\trunk\Workspaces\MultiWorkSpaces_2021\0_lpc_chip_175x_6x\Release\lib0_lpc_chip_175x_6x.a(clock_17xx_40xx.o)
 .debug_info    0x00025231      0x63f C:\Robot\Robotic-System.git\trunk\Workspaces\MultiWorkSpaces_2021\0_lpc_chip_175x_6x\Release\lib0_lpc_chip_175x_6x.a(ring_buffer.o)
 .debug_info    0x00025870      0x89e C:\Robot\Robotic-System.git\trunk\Workspaces\MultiWorkSpaces_2021\0_lpc_chip_175x_6x\Release\lib0_lpc_chip_175x_6x.a(sysinit_17xx_40xx.o)
 .debug_info    0x0002610e      0x501 C:\Robot\Robotic-System.git\trunk\Workspaces\MultiWorkSpaces_2021\0_lpc_chip_175x_6x\Release\lib0_lpc_chip_175x_6x.a(timer_17xx_40xx.o)
 .debug_info    0x0002660f     0x170f C:\Robot\Robotic-System.git\trunk\Workspaces\MultiWorkSpaces_2021\0_lpc_chip_175x_6x\Release\lib0_lpc_chip_175x_6x.a(uart_17xx_40xx.o)
 .debug_info    0x00027d1e     0x2769 C:\Robot\Robotic-System.git\trunk\Workspaces\MultiWorkSpaces_2021\0_lpc_board_nxp_lpcxpresso_1769\Release\lib0_lpc_board_nxp_lpcxpresso_1769.a(board.o)

.debug_abbrev   0x00000000     0x6698
 .debug_abbrev  0x00000000      0x38d ./src/IA_2021_V0.o
 .debug_abbrev  0x0000038d      0x2b1 ./src/Init.o
 .debug_abbrev  0x0000063e      0x134 ./src/cr_startup_lpc175x_6x.o
 .debug_abbrev  0x00000772       0x35 ./src/crp.o
 .debug_abbrev  0x000007a7      0x1c9 ./src/sysinit.o
 .debug_abbrev  0x00000970      0x330 ./src/test.o
 .debug_abbrev  0x00000ca0      0x3e3 ./freertos/src/FreeRTOSCommonHooks.o
 .debug_abbrev  0x00001083      0x344 ./freertos/src/event_groups.o
 .debug_abbrev  0x000013c7      0x2ee ./freertos/src/heap_5.o
 .debug_abbrev  0x000016b5      0x20b ./freertos/src/list.o
 .debug_abbrev  0x000018c0      0x334 ./freertos/src/port.o
 .debug_abbrev  0x00001bf4      0x3cf ./freertos/src/queue.o
 .debug_abbrev  0x00001fc3      0x3d6 ./freertos/src/tasks.o
 .debug_abbrev  0x00002399      0x347 ./freertos/src/timers.o
 .debug_abbrev  0x000026e0      0x35a ./Strategie/Strategie_Level0/Deplacement/0_Deplacements.o
 .debug_abbrev  0x00002a3a      0x2a1 ./Strategie/Strategie_Level0/0_Infos.o
 .debug_abbrev  0x00002cdb      0x280 ./Strategie/Strategie_Level0/Strategie_Actions.o
 .debug_abbrev  0x00002f5b      0x352 ./Strategie/Strategie.o
 .debug_abbrev  0x000032ad      0x2ff ./Level_0/Drivers/0_ADC/0_ADC.o
 .debug_abbrev  0x000035ac      0x2b0 ./Communication/RS485/0_RS485.o
 .debug_abbrev  0x0000385c      0x528 ./Communication/0_Communication.o
 .debug_abbrev  0x00003d84      0x1e3 ./Communication/0_Event_Group.o
 .debug_abbrev  0x00003f67      0x3fc ./Communication/1_Trame_Communication.o
 .debug_abbrev  0x00004363      0x2a4 ./Communication/2_Echange_Data_Strategie.o
 .debug_abbrev  0x00004607      0x426 ./Communication/2_Echange_Datas.o
 .debug_abbrev  0x00004a2d      0x2b1 ./Communication/2_Echange_Datas_Reception.o
 .debug_abbrev  0x00004cde      0x302 C:\Robot\Robotic-System.git\trunk\Workspaces\MultiWorkSpaces_2021\0_lpc_chip_175x_6x\Release\lib0_lpc_chip_175x_6x.a(adc_17xx_40xx.o)
 .debug_abbrev  0x00004fe0      0x1e7 C:\Robot\Robotic-System.git\trunk\Workspaces\MultiWorkSpaces_2021\0_lpc_chip_175x_6x\Release\lib0_lpc_chip_175x_6x.a(chip_17xx_40xx.o)
 .debug_abbrev  0x000051c7      0x41d C:\Robot\Robotic-System.git\trunk\Workspaces\MultiWorkSpaces_2021\0_lpc_chip_175x_6x\Release\lib0_lpc_chip_175x_6x.a(clock_17xx_40xx.o)
 .debug_abbrev  0x000055e4      0x221 C:\Robot\Robotic-System.git\trunk\Workspaces\MultiWorkSpaces_2021\0_lpc_chip_175x_6x\Release\lib0_lpc_chip_175x_6x.a(ring_buffer.o)
 .debug_abbrev  0x00005805      0x294 C:\Robot\Robotic-System.git\trunk\Workspaces\MultiWorkSpaces_2021\0_lpc_chip_175x_6x\Release\lib0_lpc_chip_175x_6x.a(sysinit_17xx_40xx.o)
 .debug_abbrev  0x00005a99      0x1f9 C:\Robot\Robotic-System.git\trunk\Workspaces\MultiWorkSpaces_2021\0_lpc_chip_175x_6x\Release\lib0_lpc_chip_175x_6x.a(timer_17xx_40xx.o)
 .debug_abbrev  0x00005c92      0x4e5 C:\Robot\Robotic-System.git\trunk\Workspaces\MultiWorkSpaces_2021\0_lpc_chip_175x_6x\Release\lib0_lpc_chip_175x_6x.a(uart_17xx_40xx.o)
 .debug_abbrev  0x00006177      0x521 C:\Robot\Robotic-System.git\trunk\Workspaces\MultiWorkSpaces_2021\0_lpc_board_nxp_lpcxpresso_1769\Release\lib0_lpc_board_nxp_lpcxpresso_1769.a(board.o)

.debug_loc      0x00000000     0xc6da
 .debug_loc     0x00000000      0x612 ./src/IA_2021_V0.o
 .debug_loc     0x00000612      0x7aa ./src/Init.o
 .debug_loc     0x00000dbc      0x245 ./src/cr_startup_lpc175x_6x.o
 .debug_loc     0x00001001      0x11e ./src/test.o
 .debug_loc     0x0000111f      0x17b ./freertos/src/FreeRTOSCommonHooks.o
 .debug_loc     0x0000129a      0x889 ./freertos/src/event_groups.o
 .debug_loc     0x00001b23      0x4be ./freertos/src/heap_5.o
 .debug_loc     0x00001fe1       0xad ./freertos/src/list.o
 .debug_loc     0x0000208e       0xbe ./freertos/src/port.o
 .debug_loc     0x0000214c     0x1521 ./freertos/src/queue.o
 .debug_loc     0x0000366d     0x1d45 ./freertos/src/tasks.o
 .debug_loc     0x000053b2      0xdc9 ./freertos/src/timers.o
 .debug_loc     0x0000617b      0x383 ./Strategie/Strategie_Level0/Deplacement/0_Deplacements.o
 .debug_loc     0x000064fe       0xb9 ./Strategie/Strategie_Level0/0_Infos.o
 .debug_loc     0x000065b7      0x166 ./Strategie/Strategie_Level0/Strategie_Actions.o
 .debug_loc     0x0000671d      0x347 ./Strategie/Strategie.o
 .debug_loc     0x00006a64      0x111 ./Level_0/Drivers/0_ADC/0_ADC.o
 .debug_loc     0x00006b75      0x405 ./Communication/RS485/0_RS485.o
 .debug_loc     0x00006f7a      0x8b2 ./Communication/0_Communication.o
 .debug_loc     0x0000782c      0x774 ./Communication/1_Trame_Communication.o
 .debug_loc     0x00007fa0      0x10a ./Communication/2_Echange_Data_Strategie.o
 .debug_loc     0x000080aa      0x815 ./Communication/2_Echange_Datas.o
 .debug_loc     0x000088bf       0xbe ./Communication/2_Echange_Datas_Reception.o
 .debug_loc     0x0000897d      0x581 C:\Robot\Robotic-System.git\trunk\Workspaces\MultiWorkSpaces_2021\0_lpc_chip_175x_6x\Release\lib0_lpc_chip_175x_6x.a(adc_17xx_40xx.o)
 .debug_loc     0x00008efe      0x57c C:\Robot\Robotic-System.git\trunk\Workspaces\MultiWorkSpaces_2021\0_lpc_chip_175x_6x\Release\lib0_lpc_chip_175x_6x.a(clock_17xx_40xx.o)
 .debug_loc     0x0000947a      0x592 C:\Robot\Robotic-System.git\trunk\Workspaces\MultiWorkSpaces_2021\0_lpc_chip_175x_6x\Release\lib0_lpc_chip_175x_6x.a(ring_buffer.o)
 .debug_loc     0x00009a0c      0x110 C:\Robot\Robotic-System.git\trunk\Workspaces\MultiWorkSpaces_2021\0_lpc_chip_175x_6x\Release\lib0_lpc_chip_175x_6x.a(sysinit_17xx_40xx.o)
 .debug_loc     0x00009b1c      0x25b C:\Robot\Robotic-System.git\trunk\Workspaces\MultiWorkSpaces_2021\0_lpc_chip_175x_6x\Release\lib0_lpc_chip_175x_6x.a(timer_17xx_40xx.o)
 .debug_loc     0x00009d77      0xdc4 C:\Robot\Robotic-System.git\trunk\Workspaces\MultiWorkSpaces_2021\0_lpc_chip_175x_6x\Release\lib0_lpc_chip_175x_6x.a(uart_17xx_40xx.o)
 .debug_loc     0x0000ab3b     0x1b9f C:\Robot\Robotic-System.git\trunk\Workspaces\MultiWorkSpaces_2021\0_lpc_board_nxp_lpcxpresso_1769\Release\lib0_lpc_board_nxp_lpcxpresso_1769.a(board.o)

.debug_aranges  0x00000000      0xe40
 .debug_aranges
                0x00000000       0x38 ./src/IA_2021_V0.o
 .debug_aranges
                0x00000038       0x50 ./src/Init.o
 .debug_aranges
                0x00000088       0x80 ./src/cr_startup_lpc175x_6x.o
 .debug_aranges
                0x00000108       0x18 ./src/crp.o
 .debug_aranges
                0x00000120       0x20 ./src/sysinit.o
 .debug_aranges
                0x00000140       0x38 ./src/test.o
 .debug_aranges
                0x00000178       0x40 ./freertos/src/FreeRTOSCommonHooks.o
 .debug_aranges
                0x000001b8       0x68 ./freertos/src/event_groups.o
 .debug_aranges
                0x00000220       0x50 ./freertos/src/heap_5.o
 .debug_aranges
                0x00000270       0x40 ./freertos/src/list.o
 .debug_aranges
                0x000002b0       0x70 ./freertos/src/port.o
 .debug_aranges
                0x00000320      0x100 ./freertos/src/queue.o
 .debug_aranges
                0x00000420      0x1d0 ./freertos/src/tasks.o
 .debug_aranges
                0x000005f0       0xd8 ./freertos/src/timers.o
 .debug_aranges
                0x000006c8       0x58 ./Strategie/Strategie_Level0/Deplacement/0_Deplacements.o
 .debug_aranges
                0x00000720       0x40 ./Strategie/Strategie_Level0/0_Infos.o
 .debug_aranges
                0x00000760       0x28 ./Strategie/Strategie_Level0/Strategie_Actions.o
 .debug_aranges
                0x00000788       0x88 ./Strategie/Strategie.o
 .debug_aranges
                0x00000810       0x28 ./Level_0/Drivers/0_ADC/0_ADC.o
 .debug_aranges
                0x00000838       0x30 ./Communication/RS485/0_RS485.o
 .debug_aranges
                0x00000868       0x80 ./Communication/0_Communication.o
 .debug_aranges