Archive member included to satisfy reference by file (symbol)

D:\Developpement_Robot\Robotic-System\trunk\Workspaces\MultiWorkSpaces_2021\0_lpc_chip_175x_6x\Release\lib0_lpc_chip_175x_6x.a(chip_17xx_40xx.o)
                              ./src/IA_2021_V0.o (SystemCoreClockUpdate)
D:\Developpement_Robot\Robotic-System\trunk\Workspaces\MultiWorkSpaces_2021\0_lpc_chip_175x_6x\Release\lib0_lpc_chip_175x_6x.a(clock_17xx_40xx.o)
                              D:\Developpement_Robot\Robotic-System\trunk\Workspaces\MultiWorkSpaces_2021\0_lpc_chip_175x_6x\Release\lib0_lpc_chip_175x_6x.a(chip_17xx_40xx.o) (Chip_Clock_EnablePLL)
D:\Developpement_Robot\Robotic-System\trunk\Workspaces\MultiWorkSpaces_2021\0_lpc_chip_175x_6x\Release\lib0_lpc_chip_175x_6x.a(ring_buffer.o)
                              ./Communication/0_Communication.o (RingBuffer_Init)
D:\Developpement_Robot\Robotic-System\trunk\Workspaces\MultiWorkSpaces_2021\0_lpc_chip_175x_6x\Release\lib0_lpc_chip_175x_6x.a(stopwatch_17xx_40xx.o)
                              ./Communication/USB/src/cdc_usb_main.o (StopWatch_Init)
D:\Developpement_Robot\Robotic-System\trunk\Workspaces\MultiWorkSpaces_2021\0_lpc_chip_175x_6x\Release\lib0_lpc_chip_175x_6x.a(sysinit_17xx_40xx.o)
                              ./src/IA_2021_V0.o (Chip_SetupXtalClocking)
D:\Developpement_Robot\Robotic-System\trunk\Workspaces\MultiWorkSpaces_2021\0_lpc_chip_175x_6x\Release\lib0_lpc_chip_175x_6x.a(timer_17xx_40xx.o)
                              ./src/IA_2021_V0.o (Chip_TIMER_Init)
D:\Developpement_Robot\Robotic-System\trunk\Workspaces\MultiWorkSpaces_2021\0_lpc_chip_175x_6x\Release\lib0_lpc_chip_175x_6x.a(uart_17xx_40xx.o)
                              ./Communication/0_Communication.o (Chip_UART_Init)
D:\Developpement_Robot\Robotic-System\trunk\Workspaces\MultiWorkSpaces_2021\0_lpc_board_nxp_lpcxpresso_1769\Release\lib0_lpc_board_nxp_lpcxpresso_1769.a(board.o)
                              ./src/IA_2021_V0.o (Set_Clock_in)
D:\Developpement_Robot\Robotic-System\trunk\Workspaces\MultiWorkSpaces_2021\0_lpc_chip_175x_6x\libs\libusbd_175x_6x_lib.a(mw_usbd_rom_api.o)
                              ./Communication/USB/src/cdc_usb_main.o (cdc_api)
D:\Developpement_Robot\Robotic-System\trunk\Workspaces\MultiWorkSpaces_2021\0_lpc_chip_175x_6x\libs\libusbd_175x_6x_lib.a(hw_usbd_ip3503.o)
                              D:\Developpement_Robot\Robotic-System\trunk\Workspaces\MultiWorkSpaces_2021\0_lpc_chip_175x_6x\libs\libusbd_175x_6x_lib.a(mw_usbd_rom_api.o) (hwUSB_GetMemSize)
D:\Developpement_Robot\Robotic-System\trunk\Workspaces\MultiWorkSpaces_2021\0_lpc_chip_175x_6x\libs\libusbd_175x_6x_lib.a(mw_usbd_cdcuser.o)
                              D:\Developpement_Robot\Robotic-System\trunk\Workspaces\MultiWorkSpaces_2021\0_lpc_chip_175x_6x\libs\libusbd_175x_6x_lib.a(mw_usbd_rom_api.o) (mwCDC_SendNotification)
D:\Developpement_Robot\Robotic-System\trunk\Workspaces\MultiWorkSpaces_2021\0_lpc_chip_175x_6x\libs\libusbd_175x_6x_lib.a(mw_usbd_core.o)
                              D:\Developpement_Robot\Robotic-System\trunk\Workspaces\MultiWorkSpaces_2021\0_lpc_chip_175x_6x\libs\libusbd_175x_6x_lib.a(mw_usbd_rom_api.o) (mwUSB_SetupStage)
D:\Developpement_Robot\Robotic-System\trunk\Workspaces\MultiWorkSpaces_2021\0_lpc_chip_175x_6x\libs\libusbd_175x_6x_lib.a(mw_usbd_dfuuser.o)
                              D:\Developpement_Robot\Robotic-System\trunk\Workspaces\MultiWorkSpaces_2021\0_lpc_chip_175x_6x\libs\libusbd_175x_6x_lib.a(mw_usbd_rom_api.o) (mwDFU_GetMemSize)
D:\Developpement_Robot\Robotic-System\trunk\Workspaces\MultiWorkSpaces_2021\0_lpc_chip_175x_6x\libs\libusbd_175x_6x_lib.a(mw_usbd_hiduser.o)
                              D:\Developpement_Robot\Robotic-System\trunk\Workspaces\MultiWorkSpaces_2021\0_lpc_chip_175x_6x\libs\libusbd_175x_6x_lib.a(mw_usbd_rom_api.o) (mwHID_GetMemSize)
D:\Developpement_Robot\Robotic-System\trunk\Workspaces\MultiWorkSpaces_2021\0_lpc_chip_175x_6x\libs\libusbd_175x_6x_lib.a(mw_usbd_mscuser.o)
                              D:\Developpement_Robot\Robotic-System\trunk\Workspaces\MultiWorkSpaces_2021\0_lpc_chip_175x_6x\libs\libusbd_175x_6x_lib.a(mw_usbd_rom_api.o) (mwMSC_GetMemSize)
c:/nxp/mcuxpressoide_11.2.1_4149/ide/plugins/com.nxp.mcuxpresso.tools.win32_11.2.0.202008311134/tools/bin/../lib/gcc/arm-none-eabi/9.2.1/thumb/v7-m/nofp\libgcc.a(_arm_mulsf3.o)
                              ./Strategie/Deplacement/0_Deplacements.o (__aeabi_fmul)
c:/nxp/mcuxpressoide_11.2.1_4149/ide/plugins/com.nxp.mcuxpresso.tools.win32_11.2.0.202008311134/tools/bin/../lib/gcc/arm-none-eabi/9.2.1/thumb/v7-m/nofp\libgcc.a(_arm_addsubdf3.o)
                              ./Communication/2_Echange_Datas.o (__aeabi_f2d)
c:/nxp/mcuxpressoide_11.2.1_4149/ide/plugins/com.nxp.mcuxpresso.tools.win32_11.2.0.202008311134/tools/bin/../lib/gcc/arm-none-eabi/9.2.1/thumb/v7-m/nofp\libgcc.a(_arm_addsubsf3.o)
[...]
Memory Configuration

Name             Origin             Length             Attributes
MFlash512        0x00010000         0x00070000         xr
RamLoc32         0x10000000         0x00008000         xrw
Ram_USB          0x2007c000         0x00000800         xrw
RAM3             0x2007c800         0x00007800         xrw
*default*        0x00000000         0xffffffff

Linker script and memory map

LOAD ./src/IA_2021_V0.o
LOAD ./src/Init.o
LOAD ./src/cr_startup_lpc175x_6x.o
LOAD ./src/crp.o
LOAD ./src/sysinit.o
LOAD ./src/test.o
LOAD ./freertos/src/FreeRTOSCommonHooks.o
LOAD ./freertos/src/croutine.o
LOAD ./freertos/src/event_groups.o
LOAD ./freertos/src/heap_5.o
LOAD ./freertos/src/list.o
LOAD ./freertos/src/port.o
LOAD ./freertos/src/queue.o
LOAD ./freertos/src/stream_buffer.o
LOAD ./freertos/src/tasks.o
LOAD ./freertos/src/timers.o
LOAD ./freertos/FreeRTOS_Trace/trcHardwarePort.o
LOAD ./freertos/FreeRTOS_Trace/trcKernelPort.o
LOAD ./freertos/FreeRTOS_Trace/trcSnapshotRecorder.o
LOAD ./Strategie/Deplacement/0_Deplacements.o
LOAD ./Strategie/Deplacement/1_Obstacles.o
LOAD ./Strategie/Actionneurs/0_Actionneurs.o
LOAD ./Strategie/0_Infos.o
LOAD ./Pathfinding/Astar/Astar.o
LOAD ./Communication/USB/src/cdc_desc.o
LOAD ./Communication/USB/src/cdc_usb_main.o
LOAD ./Communication/USB/src/cdc_vcom.o
LOAD ./Communication/RS485/0_RS485.o
LOAD ./Communication/0_Communication.o
LOAD ./Communication/0_Event_Group.o
LOAD ./Communication/1_Trame_Communication.o
LOAD ./Communication/2_Echange_Datas.o
LOAD ./Communication/2_Echange_Datas_Reception.o
LOAD D:\Developpement_Robot\Robotic-System\trunk\Workspaces\MultiWorkSpaces_2021\0_lpc_chip_175x_6x\Release\lib0_lpc_chip_175x_6x.a
LOAD D:\Developpement_Robot\Robotic-System\trunk\Workspaces\MultiWorkSpaces_2021\0_lpc_board_nxp_lpcxpresso_1769\Release\lib0_lpc_board_nxp_lpcxpresso_1769.a
LOAD D:\Developpement_Robot\Robotic-System\trunk\Workspaces\MultiWorkSpaces_2021\0_lpc_chip_175x_6x\libs\libusbd_175x_6x_lib.a
START GROUP
LOAD c:/nxp/mcuxpressoide_11.2.1_4149/ide/plugins/com.nxp.mcuxpresso.tools.win32_11.2.0.202008311134/tools/bin/../lib/gcc/arm-none-eabi/9.2.1/thumb/v7-m/nofp\libgcc.a
LOAD c:/nxp/mcuxpressoide_11.2.1_4149/ide/plugins/com.nxp.mcuxpresso.tools.win32_11.2.0.202008311134/tools/bin/../lib/gcc/arm-none-eabi/9.2.1/../../../../arm-none-eabi/lib/thumb/v7-m/nofp\libc_nano.a
LOAD c:/nxp/mcuxpressoide_11.2.1_4149/ide/plugins/com.nxp.mcuxpresso.tools.win32_11.2.0.202008311134/tools/bin/../lib/gcc/arm-none-eabi/9.2.1/../../../../arm-none-eabi/lib/thumb/v7-m/nofp\libm.a
LOAD c:/nxp/mcuxpressoide_11.2.1_4149/ide/plugins/com.nxp.mcuxpresso.tools.win32_11.2.0.202008311134/tools/bin/../lib/gcc/arm-none-eabi/9.2.1/../../../../arm-none-eabi/lib/thumb/v7-m/nofp\libcr_newlib_none.a
END GROUP
                0x00010000                __base_MFlash512 = 0x10000
                0x00010000                __base_Flash = 0x10000
                0x00080000                __top_MFlash512 = 0x80000
                0x00080000                __top_Flash = 0x80000
                0x10000000                __base_RamLoc32 = 0x10000000
                0x10000000                __base_RAM = 0x10000000
                0x10008000                __top_RamLoc32 = 0x10008000
                0x10008000                __top_RAM = 0x10008000
                0x2007c000                __base_Ram_USB = 0x2007c000
                0x2007c000                __base_RAM2 = 0x2007c000
                0x2007c800                __top_Ram_USB = 0x2007c800
                0x2007c800                __top_RAM2 = 0x2007c800
                0x2007c800                __base_RAM3 = 0x2007c800
                0x2007c800                __base_RAM3 = 0x2007c800
                0x20084000                __top_RAM3 = 0x20084000
                0x20084000                __top_RAM3 = 0x20084000

.text           0x00010000     0x7f40
 FILL mask 0xff
                0x00010000                __vectors_start__ = ABSOLUTE (.)
 *(.isr_vector)
 .isr_vector    0x00010000       0xcc ./src/cr_startup_lpc175x_6x.o
                0x00010000                g_pfnVectors
                0x000100cc                . = ALIGN (0x4)
                0x000100cc                __section_table_start = .
                0x000100cc                __data_section_table = .
                0x000100cc        0x4 LONG 0x17f40 LOADADDR (.data)
                0x000100d0        0x4 LONG 0x10000000 ADDR (.data)
                0x000100d4        0x4 LONG 0x1f0 SIZEOF (.data)
                0x000100d8        0x4 LONG 0x17f40 LOADADDR (.data_RAM2)
                0x000100dc        0x4 LONG 0x2007c000 ADDR (.data_RAM2)
                0x000100e0        0x4 LONG 0x0 SIZEOF (.data_RAM2)
                0x000100e4        0x4 LONG 0x17f40 LOADADDR (.data_RAM3)
                0x000100e8        0x4 LONG 0x2007c800 ADDR (.data_RAM3)
                0x000100ec        0x4 LONG 0x0 SIZEOF (.data_RAM3)
                0x000100f0                __data_section_table_end = .
                0x000100f0                __bss_section_table = .
                0x000100f0        0x4 LONG 0x100001f0 ADDR (.bss)
                0x000100f4        0x4 LONG 0x408 SIZEOF (.bss)
                0x000100f8        0x4 LONG 0x2007c000 ADDR (.bss_RAM2)
                0x000100fc        0x4 LONG 0x0 SIZEOF (.bss_RAM2)
                0x00010100        0x4 LONG 0x2007c800 ADDR (.bss_RAM3)
                0x00010104        0x4 LONG 0x3554 SIZEOF (.bss_RAM3)
                0x00010108                __bss_section_table_end = .
                0x00010108                __section_table_end = .
 *(.after_vectors*)
 .after_vectors
                0x00010108       0x7c ./src/cr_startup_lpc175x_6x.o
                0x00010108                NMI_Handler
                0x0001010a                HardFault_Handler
                0x0001010c                MemManage_Handler
                0x0001010e                BusFault_Handler
                0x00010110                UsageFault_Handler
                0x00010112                DebugMon_Handler
                0x00010114                PWM1_IRQHandler
                0x00010114                USBActivity_IRQHandler
                0x00010114                UART3_IRQHandler
                0x00010114                RIT_IRQHandler
                0x00010114                I2C1_IRQHandler
                0x00010114                EINT2_IRQHandler
                0x00010114                EINT3_IRQHandler
                0x00010114                CANActivity_IRQHandler
                0x00010114                TIMER3_IRQHandler
                0x00010114                UART0_IRQHandler
                0x00010114                DMA_IRQHandler
                0x00010114                I2C0_IRQHandler
                0x00010114                IntDefaultHandler
                0x00010114                PLL0_IRQHandler
                0x00010114                CAN_IRQHandler
                0x00010114                PLL1_IRQHandler
                0x00010114                SSP0_IRQHandler
                0x00010114                I2S_IRQHandler
                0x00010114                I2C2_IRQHandler
                0x00010114                RTC_IRQHandler
                0x00010114                TIMER0_IRQHandler
                0x00010114                SPI_IRQHandler
                0x00010114                ETH_IRQHandler
                0x00010114                EINT1_IRQHandler
                0x00010114                TIMER1_IRQHandler
                0x00010114                UART2_IRQHandler
                0x00010114                ADC_IRQHandler
                0x00010114                SSP1_IRQHandler
                0x00010114                BOD_IRQHandler
                0x00010114                TIMER2_IRQHandler
                0x00010114                WDT_IRQHandler
                0x00010114                EINT0_IRQHandler
                0x00010114                QEI_IRQHandler
                0x00010114                MCPWM_IRQHandler
                0x00010116                data_init
                0x00010128                bss_init
                0x00010138                ResetISR
                0x0001017c                SVC_Handler
                0x0001017e                PendSV_Handler
                0x00010180                SysTick_Handler
                0x000002fc                . = 0x2fc
 *fill*         0x00010184      0x178 ff
                0x000102fc                PROVIDE (__CRP_WORD_START__ = .)
 *(.crp)
 .crp           0x000102fc        0x4 ./src/crp.o
                0x000102fc                CRP_WORD
                0x00010300                PROVIDE (__CRP_WORD_END__ = .)
                0x00000001                ASSERT (! ((__CRP_WORD_START__ == __CRP_WORD_END__)), Linker CRP Enabled, but no CRP_WORD provided within application)
 *(.text*)
 .text.vConfigureTimerForRunTimeStats
                0x00010300       0x22 ./src/IA_2021_V0.o
                0x00010300                vConfigureTimerForRunTimeStats
 *fill*         0x00010322        0x2 ff
 .text.prvSetupHardware
                0x00010324       0x30 ./src/IA_2021_V0.o
 .text.vTask_HartBeat
                0x00010354       0x5c ./src/IA_2021_V0.o
 .text.startup.main
                0x000103b0       0x34 ./src/IA_2021_V0.o
                0x000103b0                main
 .text.Debug_Trace_Texte
                0x000103e4        0x2 ./src/Init.o
                0x000103e4                Debug_Trace_Texte
 *fill*         0x000103e6        0x2 ff
 .text.Set_Debug_Pin_0_High
                0x000103e8       0x10 ./src/Init.o
                0x000103e8                Set_Debug_Pin_0_High
 .text.Set_Debug_Pin_0_Low
                0x000103f8       0x10 ./src/Init.o
                0x000103f8                Set_Debug_Pin_0_Low
 .text.Set_Debug_Pin_1_Low
                0x00010408       0x10 ./src/Init.o
                0x00010408                Set_Debug_Pin_1_Low
 .text.Init_Carte_IA
                0x00010418       0x60 ./src/Init.o
                0x00010418                Init_Carte_IA
 .text.Init_Send_Robot_ID
                0x00010478       0x14 ./src/Init.o
                0x00010478                Init_Send_Robot_ID
 .text.SystemInit
                0x0001048c       0x14 ./src/sysinit.o
                0x0001048c                SystemInit
 .text.TEST_init_parametres
                0x000104a0       0x28 ./src/test.o
                0x000104a0                TEST_init_parametres
 .text.TEST_Deplacement
                0x000104c8      0x1c4 ./src/test.o
                0x000104c8                TEST_Deplacement
 .text.vApplicationStackOverflowHook
                0x0001068c      0x114 ./freertos/src/FreeRTOSCommonHooks.o
                0x0001068c                vApplicationStackOverflowHook
 .text.xEventGroupCreate
                0x000107a0       0x1a ./freertos/src/event_groups.o
                0x000107a0                xEventGroupCreate
 *fill*         0x000107ba        0x2 ff
 .text.xEventGroupWaitBits
                0x000107bc       0xb8 ./freertos/src/event_groups.o
                0x000107bc                xEventGroupWaitBits
 .text.xEventGroupClearBits
                0x00010874       0x1a ./freertos/src/event_groups.o
                0x00010874                xEventGroupClearBits
 .text.xEventGroupSetBits
                0x0001088e       0x5c ./freertos/src/event_groups.o
                0x0001088e                xEventGroupSetBits
 .text.vEventGroupSetBitsCallback
                0x000108ea        0x4 ./freertos/src/event_groups.o
                0x000108ea                vEventGroupSetBitsCallback
 *fill*         0x000108ee        0x2 ff
 .text.prvInsertBlockIntoFreeList
                0x000108f0       0x48 ./freertos/src/heap_5.o
 .text.pvPortMalloc
                0x00010938       0xb4 ./freertos/src/heap_5.o
                0x00010938                pvPortMalloc
 .text.vPortFree
                0x000109ec       0x58 ./freertos/src/heap_5.o
                0x000109ec                vPortFree
 .text.vPortDefineHeapRegions
                0x00010a44       0x88 ./freertos/src/heap_5.o
                0x00010a44                vPortDefineHeapRegions
 .text.vListInitialise
                0x00010acc       0x16 ./freertos/src/list.o
                0x00010acc                vListInitialise
 .text.vListInitialiseItem
                0x00010ae2        0x6 ./freertos/src/list.o
                0x00010ae2                vListInitialiseItem
 .text.vListInsertEnd
                0x00010ae8       0x18 ./freertos/src/list.o
                0x00010ae8                vListInsertEnd
 .text.vListInsert
                0x00010b00       0x2e ./freertos/src/list.o
                0x00010b00                vListInsert
 .text.uxListRemove
                0x00010b2e       0x20 ./freertos/src/list.o
                0x00010b2e                uxListRemove
 .text.prvTaskExitError
                0x00010b4e       0x20 ./freertos/src/port.o
 *fill*         0x00010b6e        0x2 ff
 .text.prvPortStartFirstTask
                0x00010b70       0x20 ./freertos/src/port.o
 .text.pxPortInitialiseStack
                0x00010b90       0x24 ./freertos/src/port.o
                0x00010b90                pxPortInitialiseStack
 *fill*         0x00010bb4        0xc ff
 .text.vPortSVCHandler
                0x00010bc0       0x24 ./freertos/src/port.o
                0x00010bc0                vPortSVCHandler
 .text.vPortEnterCritical
                0x00010be4       0x20 ./freertos/src/port.o
                0x00010be4                vPortEnterCritical
 .text.vPortExitCritical
                0x00010c04       0x14 ./freertos/src/port.o
                0x00010c04                vPortExitCritical
 *fill*         0x00010c18        0x8 ff
 .text.xPortPendSVHandler
                0x00010c20       0x44 ./freertos/src/port.o
                0x00010c20                xPortPendSVHandler
 .text.xPortSysTickHandler
                0x00010c64       0x2c ./freertos/src/port.o
                0x00010c64                xPortSysTickHandler
 .text.vPortSetupTimerInterrupt
                0x00010c90       0x24 ./freertos/src/port.o
                0x00010c90                vPortSetupTimerInterrupt
 .text.xPortStartScheduler
                0x00010cb4       0x38 ./freertos/src/port.o
                0x00010cb4                xPortStartScheduler
 .text.prvIsQueueEmpty
                0x00010cec       0x16 ./freertos/src/queue.o
 .text.prvCopyDataToQueue
                0x00010d02       0x6a ./freertos/src/queue.o
 .text.prvCopyDataFromQueue
                0x00010d6c       0x28 ./freertos/src/queue.o
 .text.prvUnlockQueue
                0x00010d94       0x70 ./freertos/src/queue.o
 .text.xQueueGenericReset
                0x00010e04       0x6c ./freertos/src/queue.o
                0x00010e04                xQueueGenericReset
 .text.xQueueGenericCreate
                0x00010e70       0x2e ./freertos/src/queue.o
                0x00010e70                xQueueGenericCreate
 *fill*         0x00010e9e        0x2 ff
 .text.xQueueGenericSend
                0x00010ea0      0x104 ./freertos/src/queue.o
                0x00010ea0                xQueueGenericSend
 .text.xQueueGenericSendFromISR
                0x00010fa4       0x6a ./freertos/src/queue.o
                0x00010fa4                xQueueGenericSendFromISR
 *fill*         0x0001100e        0x2 ff
 .text.xQueueReceive
                0x00011010       0xf0 ./freertos/src/queue.o
                0x00011010                xQueueReceive
 .text.vQueueAddToRegistry
                0x00011100       0x24 ./freertos/src/queue.o
                0x00011100                vQueueAddToRegistry
 .text.vQueueWaitForMessageRestricted
                0x00011124       0x46 ./freertos/src/queue.o
                0x00011124                vQueueWaitForMessageRestricted
 *fill*         0x0001116a        0x2 ff
 .text.prvResetNextTaskUnblockTime
                0x0001116c       0x24 ./freertos/src/tasks.o
 .text.prvAddCurrentTaskToDelayedList
                0x00011190       0x8c ./freertos/src/tasks.o
 .text.prvIdleTask
                0x0001121c       0x6c ./freertos/src/tasks.o
 .text.xTaskCreate
                0x00011288      0x1d8 ./freertos/src/tasks.o
                0x00011288                xTaskCreate
 .text.vTaskStartScheduler
                0x00011460       0x6c ./freertos/src/tasks.o
                0x00011460                vTaskStartScheduler
 .text.vTaskSuspendAll
                0x000114cc       0x10 ./freertos/src/tasks.o
                0x000114cc                vTaskSuspendAll
 .text.xTaskGetTickCount
                0x000114dc        0xc ./freertos/src/tasks.o
                0x000114dc                xTaskGetTickCount
 .text.xTaskIncrementTick
                0x000114e8      0x10c ./freertos/src/tasks.o
                0x000114e8                xTaskIncrementTick
 .text.xTaskResumeAll
                0x000115f4       0xd8 ./freertos/src/tasks.o
                0x000115f4                xTaskResumeAll
 .text.vTaskDelayUntil
                0x000116cc       0x4c ./freertos/src/tasks.o
                0x000116cc                vTaskDelayUntil
 .text.vTaskDelay
                0x00011718       0x30 ./freertos/src/tasks.o
                0x00011718                vTaskDelay
 .text.vTaskSwitchContext
                0x00011748       0x90 ./freertos/src/tasks.o
                0x00011748                vTaskSwitchContext
 .text.vTaskPlaceOnEventList
                0x000117d8       0x20 ./freertos/src/tasks.o
                0x000117d8                vTaskPlaceOnEventList
 .text.vTaskPlaceOnUnorderedEventList
                0x000117f8       0x28 ./freertos/src/tasks.o
                0x000117f8                vTaskPlaceOnUnorderedEventList
 .text.vTaskPlaceOnEventListRestricted
                0x00011820       0x2c ./freertos/src/tasks.o
                0x00011820                vTaskPlaceOnEventListRestricted
 .text.xTaskRemoveFromEventList
                0x0001184c       0x70 ./freertos/src/tasks.o
                0x0001184c                xTaskRemoveFromEventList
 .text.vTaskRemoveFromUnorderedEventList
                0x000118bc       0x58 ./freertos/src/tasks.o
                0x000118bc                vTaskRemoveFromUnorderedEventList
 .text.vTaskInternalSetTimeOutState
                0x00011914       0x18 ./freertos/src/tasks.o
                0x00011914                vTaskInternalSetTimeOutState
 .text.xTaskCheckForTimeOut
                0x0001192c       0x50 ./freertos/src/tasks.o
                0x0001192c                xTaskCheckForTimeOut
 .text.vTaskMissedYield
                0x0001197c        0xc ./freertos/src/tasks.o
                0x0001197c                vTaskMissedYield
 .text.xTaskGetSchedulerState
                0x00011988       0x20 ./freertos/src/tasks.o
                0x00011988                xTaskGetSchedulerState
 .text.xTaskPriorityDisinherit
                0x000119a8       0x70 ./freertos/src/tasks.o
                0x000119a8                xTaskPriorityDisinherit
 .text.uxTaskResetEventItemValue
                0x00011a18       0x18 ./freertos/src/tasks.o
                0x00011a18                uxTaskResetEventItemValue
 .text.prvCheckForValidListAndQueue
                0x00011a30       0x58 ./freertos/src/timers.o
 .text.prvInsertTimerInActiveList
                0x00011a88       0x3c ./freertos/src/timers.o
 .text.xTimerCreateTimerTask
                0x00011ac4       0x38 ./freertos/src/timers.o
                0x00011ac4                xTimerCreateTimerTask
 .text.xTimerGenericCommand
                0x00011afc       0x44 ./freertos/src/timers.o
                0x00011afc                xTimerGenericCommand
 .text.prvSwitchTimerLists
                0x00011b40       0x6c ./freertos/src/timers.o
 .text.prvTimerTask
                0x00011bac      0x1b8 ./freertos/src/timers.o
 .text.xTimerPendFunctionCallFromISR
                0x00011d64       0x28 ./freertos/src/timers.o
                0x00011d64                xTimerPendFunctionCallFromISR
 .text._0_Deplacement_Init
                0x00011d8c       0x10 ./Strategie/Deplacement/0_Deplacements.o
                0x00011d8c                _0_Deplacement_Init
 .text._0_Deplacement_Wait_For_Arrival
                0x00011d9c       0x80 ./Strategie/Deplacement/0_Deplacements.o
                0x00011d9c                _0_Deplacement_Wait_For_Arrival
 .text.Distance_To_Destination
                0x00011e1c       0x48 ./Strategie/Deplacement/0_Deplacements.o
                0x00011e1c                Distance_To_Destination
 .text._0_Deplacement_Tourne_Avance
                0x00011e64       0xc0 ./Strategie/Deplacement/0_Deplacements.o
                0x00011e64                _0_Deplacement_Tourne_Avance
 .text._0_Actionneurs_Move_1_Servo
                0x00011f24       0x88 ./Strategie/Actionneurs/0_Actionneurs.o
                0x00011f24                _0_Actionneurs_Move_1_Servo
 .text._0_Infos_Init
                0x00011fac       0x10 ./Strategie/0_Infos.o
                0x00011fac                _0_Infos_Init
 .text._0_Update_Card_Datas
                0x00011fbc       0x20 ./Strategie/0_Infos.o
                0x00011fbc                _0_Update_Card_Datas
 .text._0_Get_Robot_Position
                0x00011fdc       0x4c ./Strategie/0_Infos.o
                0x00011fdc                _0_Get_Robot_Position
 .text._0_Get_Servo_Position
                0x00012028       0x40 ./Strategie/0_Infos.o
                0x00012028                _0_Get_Servo_Position
 .text._0_RS485_Master_Mode
                0x00012068       0x16 ./Communication/RS485/0_RS485.o
                0x00012068                _0_RS485_Master_Mode
 .text._0_RS485_Slave_Mode
                0x0001207e       0x16 ./Communication/RS485/0_RS485.o
                0x0001207e                _0_RS485_Slave_Mode
 .text._0_RS485_Init
                0x00012094       0x54 ./Communication/RS485/0_RS485.o
                0x00012094                _0_RS485_Init
 .text._0_Communication_Init
                0x000120e8       0x58 ./Communication/0_Communication.o
                0x000120e8                _0_Communication_Init
 .text._0_Communication_Init_RS485
                0x00012140       0xa0 ./Communication/0_Communication.o
                0x00012140                _0_Communication_Init_RS485
 .text.UART1_IRQHandler
                0x000121e0       0x9c ./Communication/0_Communication.o
                0x000121e0                UART1_IRQHandler
 .text.USB_IRQHandler
                0x0001227c       0x18 ./Communication/0_Communication.o
                0x0001227c                USB_IRQHandler
 .text._0_Communication_Send_Data
                0x00012294       0x60 ./Communication/0_Communication.o
                0x00012294                _0_Communication_Send_Data
 .text._0_Communication_Send_RS485
                0x000122f4       0x98 ./Communication/0_Communication.o
                0x000122f4                _0_Communication_Send_RS485
 .text.Chip_UART_SendByte
                0x0001238c        0x4 ./Communication/0_Communication.o
 .text.Chip_UART_ReadLineStatus
                0x00012390        0x4 ./Communication/0_Communication.o
 .text._0_Communication_Init_Event_Group
                0x00012394       0x10 ./Communication/0_Event_Group.o
                0x00012394                _0_Communication_Init_Event_Group
 .text._1_Communication_Init
                0x000123a4       0x28 ./Communication/1_Trame_Communication.o
                0x000123a4                _1_Communication_Init
 .text._1_Communication_Create_Queues_Semaphores
                0x000123cc       0x10 ./Communication/1_Trame_Communication.o
                0x000123cc                _1_Communication_Create_Queues_Semaphores
 .text._1_Communication_Wait_To_Send
                0x000123dc       0x20 ./Communication/1_Trame_Communication.o
                0x000123dc                _1_Communication_Wait_To_Send
 .text._1_Communication_Free_Send_Bit
                0x000123fc       0x10 ./Communication/1_Trame_Communication.o
                0x000123fc                _1_Communication_Free_Send_Bit
 .text._1_Communication_Wait_To_Receive
                0x0001240c       0x20 ./Communication/1_Trame_Communication.o
                0x0001240c                _1_Communication_Wait_To_Receive
 .text._1_Communication_Free_Receive_Bit
                0x0001242c       0x10 ./Communication/1_Trame_Communication.o
                0x0001242c                _1_Communication_Free_Receive_Bit
 .text._1_Communication_Create_Message
                0x0001243c       0x78 ./Communication/1_Trame_Communication.o
                0x0001243c                _1_Communication_Create_Message
 .text._1_Communication_Create_Trame
                0x000124b4       0x38 ./Communication/1_Trame_Communication.o
                0x000124b4                _1_Communication_Create_Trame
 .text._1_Communication_Create_Trame_From_Buffer
                0x000124ec      0x29c ./Communication/1_Trame_Communication.o
                0x000124ec                _1_Communication_Create_Trame_From_Buffer
 .text._1_Communication_Check_Rx_Adresse
                0x00012788       0x18 ./Communication/1_Trame_Communication.o
                0x00012788                _1_Communication_Check_Rx_Adresse
 .text._1_Communication_Recomposition_Rx
                0x000127a0       0x54 ./Communication/1_Trame_Communication.o
                0x000127a0                _1_Communication_Recomposition_Rx
 .text._2_Communication_Init
                0x000127f4       0x10 ./Communication/2_Echange_Datas.o
                0x000127f4                _2_Communication_Init
 .text._2_Comm_Send_Demande_Info
                0x00012804       0x34 ./Communication/2_Echange_Datas.o
                0x00012804                _2_Comm_Send_Demande_Info
 .text._2_Comm_Send_PING
                0x00012838       0x34 ./Communication/2_Echange_Datas.o
                0x00012838                _2_Comm_Send_PING
 .text._2_Comm_Send_Log_Message
                0x0001286c      0x10c ./Communication/2_Echange_Datas.o
                0x0001286c                _2_Comm_Send_Log_Message
 .text._2_Comm_Send_Destination_Robot
                0x00012978       0xb4 ./Communication/2_Echange_Datas.o
                0x00012978                _2_Comm_Send_Destination_Robot
 .text._2_Comm_Send_Communication_Status
                0x00012a2c       0x40 ./Communication/2_Echange_Datas.o
                0x00012a2c                _2_Comm_Send_Communication_Status
 .text._2_Comm_Send_PONG
                0x00012a6c       0x80 ./Communication/2_Echange_Datas.o
                0x00012a6c                _2_Comm_Send_PONG
 .text._2_Communication_Boards_Status
                0x00012aec       0x76 ./Communication/2_Echange_Datas.o
                0x00012aec                _2_Communication_Boards_Status
 *fill*         0x00012b62        0x2 ff
 .text._2_Comm_Send_Servos_Destinations
                0x00012b64       0x3c ./Communication/2_Echange_Datas.o
                0x00012b64                _2_Comm_Send_Servos_Destinations
 .text._2_Comm_Robot_ID
                0x00012ba0       0x34 ./Communication/2_Echange_Datas.o
                0x00012ba0                _2_Comm_Robot_ID
 .text._2_Comm_Demande_Simulation
                0x00012bd4       0x40 ./Communication/2_Echange_Datas.o
                0x00012bd4                _2_Comm_Demande_Simulation
 .text._2_Comm_Demande_Motor_Power
                0x00012c14       0x44 ./Communication/2_Echange_Datas.o
                0x00012c14                _2_Comm_Demande_Motor_Power
 .text._2_Comm_Set_Robot_Position
                0x00012c58       0xa4 ./Communication/2_Echange_Datas.o
                0x00012c58                _2_Comm_Set_Robot_Position
 .text._2_Communication_RX_Init
                0x00012cfc        0x2 ./Communication/2_Echange_Datas_Reception.o
                0x00012cfc                _2_Communication_RX_Init
 *fill*         0x00012cfe        0x2 ff
 .text._2_Communication_Interprete_message
                0x00012d00       0x58 ./Communication/2_Echange_Datas_Reception.o
                0x00012d00                _2_Communication_Interprete_message
 .text._2_Communication_RX_Reponse_Infos
                0x00012d58       0x1a ./Communication/2_Echange_Datas_Reception.o
                0x00012d58                _2_Communication_RX_Reponse_Infos
 *fill*         0x00012d72        0x2 ff
 .text.SystemCoreClockUpdate
                0x00012d74       0x10 D:\Developpement_Robot\Robotic-System\trunk\Workspaces\MultiWorkSpaces_2021\0_lpc_chip_175x_6x\Release\lib0_lpc_chip_175x_6x.a(chip_17xx_40xx.o)
                0x00012d74                SystemCoreClockUpdate
 .text.Chip_Clock_EnablePLL
                0x00012d84       0x24 D:\Developpement_Robot\Robotic-System\trunk\Workspaces\MultiWorkSpaces_2021\0_lpc_chip_175x_6x\Release\lib0_lpc_chip_175x_6x.a(clock_17xx_40xx.o)
                0x00012d84                Chip_Clock_EnablePLL
 .text.Chip_Clock_DisablePLL
                0x00012da8       0x26 D:\Developpement_Robot\Robotic-System\trunk\Workspaces\MultiWorkSpaces_2021\0_lpc_chip_175x_6x\Release\lib0_lpc_chip_175x_6x.a(clock_17xx_40xx.o)
                0x00012da8                Chip_Clock_DisablePLL
 .text.Chip_Clock_SetupPLL
                0x00012dce       0x30 D:\Developpement_Robot\Robotic-System\trunk\Workspaces\MultiWorkSpaces_2021\0_lpc_chip_175x_6x\Release\lib0_lpc_chip_175x_6x.a(clock_17xx_40xx.o)
                0x00012dce                Chip_Clock_SetupPLL
 *fill*         0x00012dfe        0x2 ff
 .text.Chip_Clock_EnablePeriphClock
                0x00012e00       0x18 D:\Developpement_Robot\Robotic-System\trunk\Workspaces\MultiWorkSpaces_2021\0_lpc_chip_175x_6x\Release\lib0_lpc_chip_175x_6x.a(clock_17xx_40xx.o)
                0x00012e00                Chip_Clock_EnablePeriphClock
 .text.Chip_Clock_GetCPUClockSource
                0x00012e18       0x10 D:\Developpement_Robot\Robotic-System\trunk\Workspaces\MultiWorkSpaces_2021\0_lpc_chip_175x_6x\Release\lib0_lpc_chip_175x_6x.a(clock_17xx_40xx.o)
                0x00012e18                Chip_Clock_GetCPUClockSource
 .text.Chip_Clock_SetCPUClockDiv
                0x00012e28        0xc D:\Developpement_Robot\Robotic-System\trunk\Workspaces\MultiWorkSpaces_2021\0_lpc_chip_175x_6x\Release\lib0_lpc_chip_175x_6x.a(clock_17xx_40xx.o)
                0x00012e28                Chip_Clock_SetCPUClockDiv
 .text.Chip_Clock_GetCPUClockDiv
                0x00012e34       0x10 D:\Developpement_Robot\Robotic-System\trunk\Workspaces\MultiWorkSpaces_2021\0_lpc_chip_175x_6x\Release\lib0_lpc_chip_175x_6x.a(clock_17xx_40xx.o)
                0x00012e34                Chip_Clock_GetCPUClockDiv
 .text.Chip_Clock_GetPCLKDiv
                0x00012e44       0x38 D:\Developpement_Robot\Robotic-System\trunk\Workspaces\MultiWorkSpaces_2021\0_lpc_chip_175x_6x\Release\lib0_lpc_chip_175x_6x.a(clock_17xx_40xx.o)
                0x00012e44                Chip_Clock_GetPCLKDiv
 .text.Chip_Clock_GetSYSCLKRate
                0x00012e7c       0x38 D:\Developpement_Robot\Robotic-System\trunk\Workspaces\MultiWorkSpaces_2021\0_lpc_chip_175x_6x\Release\lib0_lpc_chip_175x_6x.a(clock_17xx_40xx.o)
                0x00012e7c                Chip_Clock_GetSYSCLKRate
 .text.Chip_Clock_GetMainPLLOutClockRate
                0x00012eb4       0x34 D:\Developpement_Robot\Robotic-System\trunk\Workspaces\MultiWorkSpaces_2021\0_lpc_chip_175x_6x\Release\lib0_lpc_chip_175x_6x.a(clock_17xx_40xx.o)
                0x00012eb4                Chip_Clock_GetMainPLLOutClockRate
 .text.Chip_Clock_GetMainClockRate
                0x00012ee8       0x20 D:\Developpement_Robot\Robotic-System\trunk\Workspaces\MultiWorkSpaces_2021\0_lpc_chip_175x_6x\Release\lib0_lpc_chip_175x_6x.a(clock_17xx_40xx.o)
                0x00012ee8                Chip_Clock_GetMainClockRate
 .text.Chip_Clock_GetSystemClockRate
                0x00012f08       0x12 D:\Developpement_Robot\Robotic-System\trunk\Workspaces\MultiWorkSpaces_2021\0_lpc_chip_175x_6x\Release\lib0_lpc_chip_175x_6x.a(clock_17xx_40xx.o)
                0x00012f08                Chip_Clock_GetSystemClockRate
 .text.Chip_Clock_GetPeripheralClockRate
                0x00012f1a       0x16 D:\Developpement_Robot\Robotic-System\trunk\Workspaces\MultiWorkSpaces_2021\0_lpc_chip_175x_6x\Release\lib0_lpc_chip_175x_6x.a(clock_17xx_40xx.o)
                0x00012f1a                Chip_Clock_GetPeripheralClockRate
 .text.RingBuffer_Init
                0x00012f30       0x10 D:\Developpement_Robot\Robotic-System\trunk\Workspaces\MultiWorkSpaces_2021\0_lpc_chip_175x_6x\Release\lib0_lpc_chip_175x_6x.a(ring_buffer.o)
                0x00012f30                RingBuffer_Init
 .text.RingBuffer_Insert
                0x00012f40       0x30 D:\Developpement_Robot\Robotic-System\trunk\Workspaces\MultiWorkSpaces_2021\0_lpc_chip_175x_6x\Release\lib0_lpc_chip_175x_6x.a(ring_buffer.o)
                0x00012f40                RingBuffer_Insert
 .text.RingBuffer_InsertMult
                0x00012f70       0x88 D:\Developpement_Robot\Robotic-System\trunk\Workspaces\MultiWorkSpaces_2021\0_lpc_chip_175x_6x\Release\lib0_lpc_chip_175x_6x.a(ring_buffer.o)
                0x00012f70                RingBuffer_InsertMult
 .text.RingBuffer_Pop
                0x00012ff8       0x30 D:\Developpement_Robot\Robotic-System\trunk\Workspaces\MultiWorkSpaces_2021\0_lpc_chip_175x_6x\Release\lib0_lpc_chip_175x_6x.a(ring_buffer.o)
                0x00012ff8                RingBuffer_Pop
 .text.RingBuffer_PopMult
                0x00013028       0x7c D:\Developpement_Robot\Robotic-System\trunk\Workspaces\MultiWorkSpaces_2021\0_lpc_chip_175x_6x\Release\lib0_lpc_chip_175x_6x.a(ring_buffer.o)
                0x00013028                RingBuffer_PopMult
 .text.RingBuffer_Count
                0x000130a4        0x8 D:\Developpement_Robot\Robotic-System\trunk\Workspaces\MultiWorkSpaces_2021\0_lpc_chip_175x_6x\Release\lib0_lpc_chip_175x_6x.a(ring_buffer.o)
                0x000130a4                RingBuffer_Count
 .text.Chip_SetupIrcClocking
                0x000130ac       0x64 D:\Developpement_Robot\Robotic-System\trunk\Workspaces\MultiWorkSpaces_2021\0_lpc_chip_175x_6x\Release\lib0_lpc_chip_175x_6x.a(sysinit_17xx_40xx.o)
                0x000130ac                Chip_SetupIrcClocking
 .text.Chip_SetupXtalClocking
                0x00013110       0xdc D:\Developpement_Robot\Robotic-System\trunk\Workspaces\MultiWorkSpaces_2021\0_lpc_chip_175x_6x\Release\lib0_lpc_chip_175x_6x.a(sysinit_17xx_40xx.o)
                0x00013110                Chip_SetupXtalClocking
 .text.Chip_SystemInit
                0x000131ec        0x4 D:\Developpement_Robot\Robotic-System\trunk\Workspaces\MultiWorkSpaces_2021\0_lpc_chip_175x_6x\Release\lib0_lpc_chip_175x_6x.a(sysinit_17xx_40xx.o)
                0x000131ec                Chip_SystemInit
 .text.Chip_TIMER_Init
                0x000131f0       0x2c D:\Developpement_Robot\Robotic-System\trunk\Workspaces\MultiWorkSpaces_2021\0_lpc_chip_175x_6x\Release\lib0_lpc_chip_175x_6x.a(timer_17xx_40xx.o)
                0x000131f0                Chip_TIMER_Init
 .text.Chip_UART_GetClockIndex
                0x0001321c       0x28 D:\Developpement_Robot\Robotic-System\trunk\Workspaces\MultiWorkSpaces_2021\0_lpc_chip_175x_6x\Release\lib0_lpc_chip_175x_6x.a(uart_17xx_40xx.o)
 .text.Chip_UART_Init
                0x00013244       0x38 D:\Developpement_Robot\Robotic-System\trunk\Workspaces\MultiWorkSpaces_2021\0_lpc_chip_175x_6x\Release\lib0_lpc_chip_175x_6x.a(uart_17xx_40xx.o)
                0x00013244                Chip_UART_Init
 .text.Chip_UART_TXEnable
                0x0001327c        0x6 D:\Developpement_Robot\Robotic-System\trunk\Workspaces\MultiWorkSpaces_2021\0_lpc_chip_175x_6x\Release\lib0_lpc_chip_175x_6x.a(uart_17xx_40xx.o)
                0x0001327c                Chip_UART_TXEnable
 .text.Chip_UART_SetBaud
                0x00013282       0x34 D:\Developpement_Robot\Robotic-System\trunk\Workspaces\MultiWorkSpaces_2021\0_lpc_chip_175x_6x\Release\lib0_lpc_chip_175x_6x.a(uart_17xx_40xx.o)
                0x00013282                Chip_UART_SetBaud
 .text.Chip_UART_RXIntHandlerRB
                0x000132b6       0x22 D:\Developpement_Robot\Robotic-System\trunk\Workspaces\MultiWorkSpaces_2021\0_lpc_chip_175x_6x\Release\lib0_lpc_chip_175x_6x.a(uart_17xx_40xx.o)
                0x000132b6                Chip_UART_RXIntHandlerRB
 .text.Chip_UART_TXIntHandlerRB
                0x000132d8       0x24 D:\Developpement_Robot\Robotic-System\trunk\Workspaces\MultiWorkSpaces_2021\0_lpc_chip_175x_6x\Release\lib0_lpc_chip_175x_6x.a(uart_17xx_40xx.o)
                0x000132d8                Chip_UART_TXIntHandlerRB
 .text.Chip_UART_IRQRBHandler
                0x000132fc       0x68 D:\Developpement_Robot\Robotic-System\trunk\Workspaces\MultiWorkSpaces_2021\0_lpc_chip_175x_6x\Release\lib0_lpc_chip_175x_6x.a(uart_17xx_40xx.o)
                0x000132fc                Chip_UART_IRQRBHandler
 .text.Set_Clock_in
                0x00013364        0xc D:\Developpement_Robot\Robotic-System\trunk\Workspaces\MultiWorkSpaces_2021\0_lpc_board_nxp_lpcxpresso_1769\Release\lib0_lpc_board_nxp_lpcxpresso_1769.a(board.o)
                0x00013364                Set_Clock_in
 .text.Board_Init
                0x00013370       0x12 D:\Developpement_Robot\Robotic-System\trunk\Workspaces\MultiWorkSpaces_2021\0_lpc_board_nxp_lpcxpresso_1769\Release\lib0_lpc_board_nxp_lpcxpresso_1769.a(board.o)
                0x00013370                Board_Init
 .text.EPAdr    0x00013382       0x10 D:\Developpement_Robot\Robotic-System\trunk\Workspaces\MultiWorkSpaces_2021\0_lpc_chip_175x_6x\libs\libusbd_175x_6x_lib.a(hw_usbd_ip3503.o)
                0x00013382                EPAdr
 .text.hwWrCmd  0x00013392       0x10 D:\Developpement_Robot\Robotic-System\trunk\Workspaces\MultiWorkSpaces_2021\0_lpc_chip_175x_6x\libs\libusbd_175x_6x_lib.a(hw_usbd_ip3503.o)
                0x00013392                hwWrCmd
 .text.hwWrCmdDat
                0x000133a2       0x16 D:\Developpement_Robot\Robotic-System\trunk\Workspaces\MultiWorkSpaces_2021\0_lpc_chip_175x_6x\libs\libusbd_175x_6x_lib.a(hw_usbd_ip3503.o)
                0x000133a2                hwWrCmdDat
 .text.hwWrCmdEP
                0x000133b8       0x24 D:\Developpement_Robot\Robotic-System\trunk\Workspaces\MultiWorkSpaces_2021\0_lpc_chip_175x_6x\libs\libusbd_175x_6x_lib.a(hw_usbd_ip3503.o)
                0x000133b8                hwWrCmdEP
 .text.hwRdCmdDat
                0x000133dc       0x12 D:\Developpement_Robot\Robotic-System\trunk\Workspaces\MultiWorkSpaces_2021\0_lpc_chip_175x_6x\libs\libusbd_175x_6x_lib.a(hw_usbd_ip3503.o)
                0x000133dc                hwRdCmdDat
 .text.hwUSB_GetMemSize
                0x000133ee        0x6 D:\Developpement_Robot\Robotic-System\trunk\Workspaces\MultiWorkSpaces_2021\0_lpc_chip_175x_6x\libs\libusbd_175x_6x_lib.a(hw_usbd_ip3503.o)
                0x000133ee                hwUSB_GetMemSize
 .text.hwUSB_Connect
                0x000133f4       0x1c D:\Developpement_Robot\Robotic-System\trunk\Workspaces\MultiWorkSpaces_2021\0_lpc_chip_175x_6x\libs\libusbd_175x_6x_lib.a(hw_usbd_ip3503.o)
                0x000133f4                hwUSB_Connect
 .text.hwUSB_Reset
                0x00013410       0x30 D:\Developpement_Robot\Robotic-System\trunk\Workspaces\MultiWorkSpaces_2021\0_lpc_chip_175x_6x\libs\libusbd_175x_6x_lib.a(hw_usbd_ip3503.o)
                0x00013410                hwUSB_Reset
 .text.hwUSB_WakeUp
                0x00013440       0x20 D:\Developpement_Robot\Robotic-System\trunk\Workspaces\MultiWorkSpaces_2021\0_lpc_chip_175x_6x\libs\libusbd_175x_6x_lib.a(hw_usbd_ip3503.o)
                0x00013440                hwUSB_WakeUp
 .text.hwUSB_WakeUpCfg
                0x00013460        0x2 D:\Developpement_Robot\Robotic-System\trunk\Workspaces\MultiWorkSpaces_2021\0_lpc_chip_175x_6x\libs\libusbd_175x_6x_lib.a(hw_usbd_ip3503.o)
                0x00013460                hwUSB_WakeUpCfg
 *fill*         0x00013462        0x2 ff
 .text.hwUSB_SetAddress
                0x00013464       0x30 D:\Developpement_Robot\Robotic-System\trunk\Workspaces\MultiWorkSpaces_2021\0_lpc_chip_175x_6x\libs\libusbd_175x_6x_lib.a(hw_usbd_ip3503.o)
                0x00013464                hwUSB_SetAddress
 .text.hwUSB_Init
                0x00013494       0x84 D:\Developpement_Robot\Robotic-System\trunk\Workspaces\MultiWorkSpaces_2021\0_lpc_chip_175x_6x\libs\libusbd_175x_6x_lib.a(hw_usbd_ip3503.o)
                0x00013494                hwUSB_Init
 .text.hwUSB_Configure
                0x00013518       0x34 D:\Developpement_Robot\Robotic-System\trunk\Workspaces\MultiWorkSpaces_2021\0_lpc_chip_175x_6x\libs\libusbd_175x_6x_lib.a(hw_usbd_ip3503.o)
                0x00013518                hwUSB_Configure
 .text.hwUSB_ConfigEP
                0x0001354c       0x32 D:\Developpement_Robot\Robotic-System\trunk\Workspaces\MultiWorkSpaces_2021\0_lpc_chip_175x_6x\libs\libusbd_175x_6x_lib.a(hw_usbd_ip3503.o)
                0x0001354c                hwUSB_ConfigEP
 .text.hwUSB_DirCtrlEP
                0x0001357e        0x2 D:\Developpement_Robot\Robotic-System\trunk\Workspaces\MultiWorkSpaces_2021\0_lpc_chip_175x_6x\libs\libusbd_175x_6x_lib.a(hw_usbd_ip3503.o)
                0x0001357e                hwUSB_DirCtrlEP
 .text.hwUSB_EnableEP
                0x00013580       0x24 D:\Developpement_Robot\Robotic-System\trunk\Workspaces\MultiWorkSpaces_2021\0_lpc_chip_175x_6x\libs\libusbd_175x_6x_lib.a(hw_usbd_ip3503.o)
                0x00013580                hwUSB_EnableEP
 .text.hwUSB_DisableEP
                0x000135a4       0x28 D:\Developpement_Robot\Robotic-System\trunk\Workspaces\MultiWorkSpaces_2021\0_lpc_chip_175x_6x\libs\libusbd_175x_6x_lib.a(hw_usbd_ip3503.o)
                0x000135a4                hwUSB_DisableEP
 .text.hwUSB_ResetEP
                0x000135cc       0x24 D:\Developpement_Robot\Robotic-System\trunk\Workspaces\MultiWorkSpaces_2021\0_lpc_chip_175x_6x\libs\libusbd_175x_6x_lib.a(hw_usbd_ip3503.o)
                0x000135cc                hwUSB_ResetEP
 .text.hwUSB_SetStallEP
                0x000135f0       0x28 D:\Developpement_Robot\Robotic-System\trunk\Workspaces\MultiWorkSpaces_2021\0_lpc_chip_175x_6x\libs\libusbd_175x_6x_lib.a(hw_usbd_ip3503.o)
                0x000135f0                hwUSB_SetStallEP
 .text.hwUSB_ClrStallEP
                0x00013618       0x24 D:\Developpement_Robot\Robotic-System\trunk\Workspaces\MultiWorkSpaces_2021\0_lpc_chip_175x_6x\libs\libusbd_175x_6x_lib.a(hw_usbd_ip3503.o)
                0x00013618                hwUSB_ClrStallEP
 .text.hwUSB_EnableEvent
                0x0001363c       0xd8 D:\Developpement_Robot\Robotic-System\trunk\Workspaces\MultiWorkSpaces_2021\0_lpc_chip_175x_6x\libs\libusbd_175x_6x_lib.a(hw_usbd_ip3503.o)
                0x0001363c                hwUSB_EnableEvent
 .text.hwUSB_ReadEP
                0x00013714       0x80 D:\Developpement_Robot\Robotic-System\trunk\Workspaces\MultiWorkSpaces_2021\0_lpc_chip_175x_6x\libs\libusbd_175x_6x_lib.a(hw_usbd_ip3503.o)
                0x00013714                hwUSB_ReadEP
 .text.hwUSB_ForceFullSpeed
                0x00013794        0x2 D:\Developpement_Robot\Robotic-System\trunk\Workspaces\MultiWorkSpaces_2021\0_lpc_chip_175x_6x\libs\libusbd_175x_6x_lib.a(hw_usbd_ip3503.o)
                0x00013794                hwUSB_ForceFullSpeed
 .text.hwUSB_SetTestMode
                0x00013796        0x4 D:\Developpement_Robot\Robotic-System\trunk\Workspaces\MultiWorkSpaces_2021\0_lpc_chip_175x_6x\libs\libusbd_175x_6x_lib.a(hw_usbd_ip3503.o)
                0x00013796                hwUSB_SetTestMode
 .text.hwUSB_ReadReqEP
                0x0001379a        0x4 D:\Developpement_Robot\Robotic-System\trunk\Workspaces\MultiWorkSpaces_2021\0_lpc_chip_175x_6x\libs\libusbd_175x_6x_lib.a(hw_usbd_ip3503.o)
                0x0001379a                hwUSB_ReadReqEP
 .text.hwUSB_ReadSetupPkt
                0x0001379e        0x4 D:\Developpement_Robot\Robotic-System\trunk\Workspaces\MultiWorkSpaces_2021\0_lpc_chip_175x_6x\libs\libusbd_175x_6x_lib.a(hw_usbd_ip3503.o)
                0x0001379e                hwUSB_ReadSetupPkt
 *fill*         0x000137a2        0x2 ff
 .text.hwUSB_WriteEP
                0x000137a4       0x44 D:\Developpement_Robot\Robotic-System\trunk\Workspaces\MultiWorkSpaces_2021\0_lpc_chip_175x_6x\libs\libusbd_175x_6x_lib.a(hw_usbd_ip3503.o)
                0x000137a4                hwUSB_WriteEP
 .text.hwUSB_ISR
                0x000137e8      0x1a0 D:\Developpement_Robot\Robotic-System\trunk\Workspaces\MultiWorkSpaces_2021\0_lpc_chip_175x_6x\libs\libusbd_175x_6x_lib.a(hw_usbd_ip3503.o)
                0x000137e8                hwUSB_ISR
 .text.mwCDC_SetRequest
                0x00013988       0x7c D:\Developpement_Robot\Robotic-System\trunk\Workspaces\MultiWorkSpaces_2021\0_lpc_chip_175x_6x\libs\libusbd_175x_6x_lib.a(mw_usbd_cdcuser.o)
                0x00013988                mwCDC_SetRequest
 .text.mwCDC_ep0_hdlr
                0x00013a04       0xb0 D:\Developpement_Robot\Robotic-System\trunk\Workspaces\MultiWorkSpaces_2021\0_lpc_chip_175x_6x\libs\libusbd_175x_6x_lib.a(mw_usbd_cdcuser.o)
                0x00013a04                mwCDC_ep0_hdlr
 .text.mwCDC_GetRequest
                0x00013ab4       0x50 D:\Developpement_Robot\Robotic-System\trunk\Workspaces\MultiWorkSpaces_2021\0_lpc_chip_175x_6x\libs\libusbd_175x_6x_lib.a(mw_usbd_cdcuser.o)
                0x00013ab4                mwCDC_GetRequest
 .text.mwCDC_SendNotification
                0x00013b04       0x50 D:\Developpement_Robot\Robotic-System\trunk\Workspaces\MultiWorkSpaces_2021\0_lpc_chip_175x_6x\libs\libusbd_175x_6x_lib.a(mw_usbd_cdcuser.o)
                0x00013b04                mwCDC_SendNotification
 .text.mwCDC_GetMemSize
                0x00013b54        0x4 D:\Developpement_Robot\Robotic-System\trunk\Workspaces\MultiWorkSpaces_2021\0_lpc_chip_175x_6x\libs\libusbd_175x_6x_lib.a(mw_usbd_cdcuser.o)
                0x00013b54                mwCDC_GetMemSize
 .text.mwCDC_init
                0x00013b58      0x140 D:\Developpement_Robot\Robotic-System\trunk\Workspaces\MultiWorkSpaces_2021\0_lpc_chip_175x_6x\libs\libusbd_175x_6x_lib.a(mw_usbd_cdcuser.o)
                0x00013b58                mwCDC_init
 .text.USB_ReqGetConfiguration
                0x00013c98       0x20 D:\Developpement_Robot\Robotic-System\trunk\Workspaces\MultiWorkSpaces_2021\0_lpc_chip_175x_6x\libs\libusbd_175x_6x_lib.a(mw_usbd_core.o)
                0x00013c98                USB_ReqGetConfiguration
 .text.USBD_virt_to_phys
                0x00013cb8        0x2 D:\Developpement_Robot\Robotic-System\trunk\Workspaces\MultiWorkSpaces_2021\0_lpc_chip_175x_6x\libs\libusbd_175x_6x_lib.a(mw_usbd_core.o)
                0x00013cb8                USBD_virt_to_phys
 .text.USBD_cache_flush
                0x00013cba        0x2 D:\Developpement_Robot\Robotic-System\trunk\Workspaces\MultiWorkSpaces_2021\0_lpc_chip_175x_6x\libs\libusbd_175x_6x_lib.a(mw_usbd_core.o)
                0x00013cba                USBD_cache_flush
 .text.USB_ReqGetStatus
                0x00013cbc       0x8c D:\Developpement_Robot\Robotic-System\trunk\Workspaces\MultiWorkSpaces_2021\0_lpc_chip_175x_6x\libs\libusbd_175x_6x_lib.a(mw_usbd_core.o)
                0x00013cbc                USB_ReqGetStatus
 .text.USB_ReqGetDescriptor
                0x00013d48       0x84 D:\Developpement_Robot\Robotic-System\trunk\Workspaces\MultiWorkSpaces_2021\0_lpc_chip_175x_6x\libs\libusbd_175x_6x_lib.a(mw_usbd_core.o)
                0x00013d48                USB_ReqGetDescriptor
 .text.USB_ReqGetInterface
                0x00013dcc       0x34 D:\Developpement_Robot\Robotic-System\trunk\Workspaces\MultiWorkSpaces_2021\0_lpc_chip_175x_6x\libs\libusbd_175x_6x_lib.a(mw_usbd_core.o)
                0x00013dcc                USB_ReqGetInterface
 .text.USB_ReqSetClrFeature
                0x00013e00       0xb4 D:\Developpement_Robot\Robotic-System\trunk\Workspaces\MultiWorkSpaces_2021\0_lpc_chip_175x_6x\libs\libusbd_175x_6x_lib.a(mw_usbd_core.o)
                0x00013e00                USB_ReqSetClrFeature
 .text.USB_ReqSetConfiguration
                0x00013eb4      0x194 D:\Developpement_Robot\Robotic-System\trunk\Workspaces\MultiWorkSpaces_2021\0_lpc_chip_175x_6x\libs\libusbd_175x_6x_lib.a(mw_usbd_core.o)
                0x00013eb4                USB_ReqSetConfiguration
 .text.USB_ReqSetInterface
                0x00014048      0x144 D:\Developpement_Robot\Robotic-System\trunk\Workspaces\MultiWorkSpaces_2021\0_lpc_chip_175x_6x\libs\libusbd_175x_6x_lib.a(mw_usbd_core.o)
                0x00014048                USB_ReqSetInterface
 .text.mwUSB_SetupStage
                0x0001418c        0xa D:\Developpement_Robot\Robotic-System\trunk\Workspaces\MultiWorkSpaces_2021\0_lpc_chip_175x_6x\libs\libusbd_175x_6x_lib.a(mw_usbd_core.o)
                0x0001418c                mwUSB_SetupStage
 .text.mwUSB_DataInStage
                0x00014196       0x2e D:\Developpement_Robot\Robotic-System\trunk\Workspaces\MultiWorkSpaces_2021\0_lpc_chip_175x_6x\libs\libusbd_175x_6x_lib.a(mw_usbd_core.o)
                0x00014196                mwUSB_DataInStage
 .text.mwUSB_DataOutStage
                0x000141c4       0x24 D:\Developpement_Robot\Robotic-System\trunk\Workspaces\MultiWorkSpaces_2021\0_lpc_chip_175x_6x\libs\libusbd_175x_6x_lib.a(mw_usbd_core.o)
                0x000141c4                mwUSB_DataOutStage
 .text.mwUSB_StatusInStage
                0x000141e8        0xa D:\Developpement_Robot\Robotic-System\trunk\Workspaces\MultiWorkSpaces_2021\0_lpc_chip_175x_6x\libs\libusbd_175x_6x_lib.a(mw_usbd_core.o)
                0x000141e8                mwUSB_StatusInStage
 .text.mwUSB_StatusOutStage
                0x000141f2        0xa D:\Developpement_Robot\Robotic-System\trunk\Workspaces\MultiWorkSpaces_2021\0_lpc_chip_175x_6x\libs\libusbd_175x_6x_lib.a(mw_usbd_core.o)
                0x000141f2                mwUSB_StatusOutStage
 .text.mwUSB_StallEp0
                0x000141fc       0x12 D:\Developpement_Robot\Robotic-System\trunk\Workspaces\MultiWorkSpaces_2021\0_lpc_chip_175x_6x\libs\libusbd_175x_6x_lib.a(mw_usbd_core.o)
                0x000141fc                mwUSB_StallEp0
 *fill*         0x0001420e        0x2 ff
 .text.USB_ReqSetAddress
                0x00014210       0x24 D:\Developpement_Robot\Robotic-System\trunk\Workspaces\MultiWorkSpaces_2021\0_lpc_chip_175x_6x\libs\libusbd_175x_6x_lib.a(mw_usbd_core.o)
                0x00014210                USB_ReqSetAddress
 .text.USB_InvokeEp0Hdlrs
                0x00014234       0x44 D:\Developpement_Robot\Robotic-System\trunk\Workspaces\MultiWorkSpaces_2021\0_lpc_chip_175x_6x\libs\libusbd_175x_6x_lib.a(mw_usbd_core.o)
                0x00014234                USB_InvokeEp0Hdlrs
 .text.mwUSB_ResetCore
                0x00014278       0x26 D:\Developpement_Robot\Robotic-System\trunk\Workspaces\MultiWorkSpaces_2021\0_lpc_chip_175x_6x\libs\libusbd_175x_6x_lib.a(mw_usbd_core.o)
                0x00014278                mwUSB_ResetCore
 *fill*         0x0001429e        0x2 ff
 .text.USB_EvtSetupHandler
                0x000142a0      0x108 D:\Developpement_Robot\Robotic-System\trunk\Workspaces\MultiWorkSpaces_2021\0_lpc_chip_175x_6x\libs\libusbd_175x_6x_lib.a(mw_usbd_core.o)
                0x000142a0                USB_EvtSetupHandler
 .text.USB_EvtOutHandler
                0x000143a8       0x68 D:\Developpement_Robot\Robotic-System\trunk\Workspaces\MultiWorkSpaces_2021\0_lpc_chip_175x_6x\libs\libusbd_175x_6x_lib.a(mw_usbd_core.o)
                0x000143a8                USB_EvtOutHandler
 .text.USB_EndPoint0
                0x00014410       0x94 D:\Developpement_Robot\Robotic-System\trunk\Workspaces\MultiWorkSpaces_2021\0_lpc_chip_175x_6x\libs\libusbd_175x_6x_lib.a(mw_usbd_core.o)
                0x00014410                USB_EndPoint0
 .text.mwUSB_InitCore
                0x000144a4       0xdc D:\Developpement_Robot\Robotic-System\trunk\Workspaces\MultiWorkSpaces_2021\0_lpc_chip_175x_6x\libs\libusbd_175x_6x_lib.a(mw_usbd_core.o)
                0x000144a4                mwUSB_InitCore
 .text.mwUSB_RegisterClassHandler
                0x00014580       0x28 D:\Developpement_Robot\Robotic-System\trunk\Workspaces\MultiWorkSpaces_2021\0_lpc_chip_175x_6x\libs\libusbd_175x_6x_lib.a(mw_usbd_core.o)
                0x00014580                mwUSB_RegisterClassHandler
 .text.mwUSB_RegisterEpHandler
                0x000145a8       0x24 D:\Developpement_Robot\Robotic-System\trunk\Workspaces\MultiWorkSpaces_2021\0_lpc_chip_175x_6x\libs\libusbd_175x_6x_lib.a(mw_usbd_core.o)
                0x000145a8                mwUSB_RegisterEpHandler
 .text          0x000145cc      0x378 c:/nxp/mcuxpressoide_11.2.1_4149/ide/plugins/com.nxp.mcuxpresso.tools.win32_11.2.0.202008311134/tools/bin/../lib/gcc/arm-none-eabi/9.2.1/thumb/v7-m/nofp\libgcc.a(_arm_addsubdf3.o)
                0x000145cc                __aeabi_drsub
                0x000145d4                __aeabi_dsub
                0x000145d4                __subdf3
                0x000145d8                __aeabi_dadd
                0x000145d8                __adddf3
                0x00014850                __floatunsidf
                0x00014850                __aeabi_ui2d
                0x00014870                __floatsidf
                0x00014870                __aeabi_i2d
                0x00014894                __aeabi_f2d
                0x00014894                __extendsfdf2
                0x000148d8                __floatundidf
                0x000148d8                __aeabi_ul2d
                0x000148e8                __floatdidf
                0x000148e8                __aeabi_l2d
 .text          0x00014944      0x21c c:/nxp/mcuxpressoide_11.2.1_4149/ide/plugins/com.nxp.mcuxpresso.tools.win32_11.2.0.202008311134/tools/bin/../lib/gcc/arm-none-eabi/9.2.1/thumb/v7-m/nofp\libgcc.a(_arm_addsubsf3.o)
                0x00014944                __aeabi_frsub
                0x0001494c                __subsf3
                0x0001494c                __aeabi_fsub
                0x00014950                __aeabi_fadd
                0x00014950                __addsf3
                0x00014ab0                __aeabi_ui2f
                0x00014ab0                __floatunsisf
                0x00014ab8                __aeabi_i2f
                0x00014ab8                __floatsisf
                0x00014ad4                __aeabi_ul2f
                0x00014ad4                __floatundisf
                0x00014ae4                __aeabi_l2f
                0x00014ae4                __floatdisf
 .text          0x00014b60      0x2a0 c:/nxp/mcuxpressoide_11.2.1_4149/ide/plugins/com.nxp.mcuxpresso.tools.win32_11.2.0.202008311134/tools/bin/../lib/gcc/arm-none-eabi/9.2.1/thumb/v7-m/nofp\libgcc.a(_arm_muldivsf3.o)
                0x00014b60                __mulsf3
                0x00014b60                __aeabi_fmul
                0x00014cc8                __aeabi_fdiv
                0x00014cc8                __divsf3
 .text          0x00014e00       0xec c:/nxp/mcuxpressoide_11.2.1_4149/ide/plugins/com.nxp.mcuxpresso.tools.win32_11.2.0.202008311134/tools/bin/../lib/gcc/arm-none-eabi/9.2.1/thumb/v7-m/nofp\libgcc.a(_arm_cmpsf2.o)
                0x00014e00                __gesf2
                0x00014e00                __gtsf2
                0x00014e08                __lesf2
                0x00014e08                __ltsf2
                0x00014e10                __nesf2
                0x00014e10                __eqsf2
                0x00014e10                __cmpsf2
                0x00014e70                __aeabi_cfrcmple
                0x00014e78                __aeabi_cfcmpeq
                0x00014e78                __aeabi_cfcmple
                0x00014e88                __aeabi_fcmpeq
                0x00014e9c                __aeabi_fcmplt
                0x00014eb0                __aeabi_fcmple
                0x00014ec4                __aeabi_fcmpge
                0x00014ed8                __aeabi_fcmpgt
 .text          0x00014eec       0x4c c:/nxp/mcuxpressoide_11.2.1_4149/ide/plugins/com.nxp.mcuxpresso.tools.win32_11.2.0.202008311134/tools/bin/../lib/gcc/arm-none-eabi/9.2.1/thumb/v7-m/nofp\libgcc.a(_arm_fixsfsi.o)
                0x00014eec                __aeabi_f2iz
                0x00014eec                __fixsfsi
 .text          0x00014f38       0x40 c:/nxp/mcuxpressoide_11.2.1_4149/ide/plugins/com.nxp.mcuxpresso.tools.win32_11.2.0.202008311134/tools/bin/../lib/gcc/arm-none-eabi/9.2.1/thumb/v7-m/nofp\libgcc.a(_arm_fixunssfsi.o)
                0x00014f38                __fixunssfsi
                0x00014f38                __aeabi_f2uiz
 .text.memcpy   0x00014f78       0x1c c:/nxp/mcuxpressoide_11.2.1_4149/ide/plugins/com.nxp.mcuxpresso.tools.win32_11.2.0.202008311134/tools/bin/../lib/gcc/arm-none-eabi/9.2.1/../../../../arm-none-eabi/lib/thumb/v7-m/nofp\libc_nano.a(lib_a-memcpy-stub.o)
                0x00014f78                memcpy
 .text.memset   0x00014f94       0x10 c:/nxp/mcuxpressoide_11.2.1_4149/ide/plugins/com.nxp.mcuxpresso.tools.win32_11.2.0.202008311134/tools/bin/../lib/gcc/arm-none-eabi/9.2.1/../../../../arm-none-eabi/lib/thumb/v7-m/nofp\libc_nano.a(lib_a-memset.o)
                0x00014f94                memset
 .text.__cvt    0x00014fa4       0xbe c:/nxp/mcuxpressoide_11.2.1_4149/ide/plugins/com.nxp.mcuxpresso.tools.win32_11.2.0.202008311134/tools/bin/../lib/gcc/arm-none-eabi/9.2.1/../../../../arm-none-eabi/lib/thumb/v7-m/nofp\libc_nano.a(lib_a-nano-vfprintf_float.o)
                0x00014fa4                __cvt
 .text.__exponent
                0x00015062       0x7c c:/nxp/mcuxpressoide_11.2.1_4149/ide/plugins/com.nxp.mcuxpresso.tools.win32_11.2.0.202008311134/tools/bin/../lib/gcc/arm-none-eabi/9.2.1/../../../../arm-none-eabi/lib/thumb/v7-m/nofp\libc_nano.a(lib_a-nano-vfprintf_float.o)
                0x00015062                __exponent
 *fill*         0x000150de        0x2 ff
 .text._printf_float
                0x000150e0      0x458 c:/nxp/mcuxpressoide_11.2.1_4149/ide/plugins/com.nxp.mcuxpresso.tools.win32_11.2.0.202008311134/tools/bin/../lib/gcc/arm-none-eabi/9.2.1/../../../../arm-none-eabi/lib/thumb/v7-m/nofp\libc_nano.a(lib_a-nano-vfprintf_float.o)
                0x000150e0                _printf_float
 .text._printf_common
                0x00015538       0xde c:/nxp/mcuxpressoide_11.2.1_4149/ide/plugins/com.nxp.mcuxpresso.tools.win32_11.2.0.202008311134/tools/bin/../lib/gcc/arm-none-eabi/9.2.1/../../../../arm-none-eabi/lib/thumb/v7-m/nofp\libc_nano.a(lib_a-nano-vfprintf_i.o)
                0x00015538                _printf_common
 *fill*         0x00015616        0x2 ff
 .text._printf_i
                0x00015618      0x24c c:/nxp/mcuxpressoide_11.2.1_4149/ide/plugins/com.nxp.mcuxpresso.tools.win32_11.2.0.202008311134/tools/bin/../lib/gcc/arm-none-eabi/9.2.1/../../../../arm-none-eabi/lib/thumb/v7-m/nofp\libc_nano.a(lib_a-nano-vfprintf_i.o)
                0x00015618                _printf_i
 .text.sprintf  0x00015864       0x40 c:/nxp/mcuxpressoide_11.2.1_4149/ide/plugins/com.nxp.mcuxpresso.tools.win32_11.2.0.202008311134/tools/bin/../lib/gcc/arm-none-eabi/9.2.1/../../../../arm-none-eabi/lib/thumb/v7-m/nofp\libc_nano.a(lib_a-sprintf.o)
                0x00015864                siprintf
                0x00015864                sprintf
 .text          0x000158a4       0x10 c:/nxp/mcuxpressoide_11.2.1_4149/ide/plugins/com.nxp.mcuxpresso.tools.win32_11.2.0.202008311134/tools/bin/../lib/gcc/arm-none-eabi/9.2.1/../../../../arm-none-eabi/lib/thumb/v7-m/nofp\libc_nano.a(lib_a-strlen.o)
                0x000158a4                strlen
 .text.quorem   0x000158b4      0x11a c:/nxp/mcuxpressoide_11.2.1_4149/ide/plugins/com.nxp.mcuxpresso.tools.win32_11.2.0.202008311134/tools/bin/../lib/gcc/arm-none-eabi/9.2.1/../../../../arm-none-eabi/lib/thumb/v7-m/nofp\libc_nano.a(lib_a-dtoa.o)
 *fill*         0x000159ce        0x2 ff
 .text._dtoa_r  0x000159d0      0xba4 c:/nxp/mcuxpressoide_11.2.1_4149/ide/plugins/com.nxp.mcuxpresso.tools.win32_11.2.0.202008311134/tools/bin/../lib/gcc/arm-none-eabi/9.2.1/../../../../arm-none-eabi/lib/thumb/v7-m/nofp\libc_nano.a(lib_a-dtoa.o)
                0x000159d0                _dtoa_r
 .text._localeconv_r
                0x00016574        0x8 c:/nxp/mcuxpressoide_11.2.1_4149/ide/plugins/com.nxp.mcuxpresso.tools.win32_11.2.0.202008311134/tools/bin/../lib/gcc/arm-none-eabi/9.2.1/../../../../arm-none-eabi/lib/thumb/v7-m/nofp\libc_nano.a(lib_a-localeconv.o)
                0x00016574                _localeconv_r
 .text.malloc   0x0001657c       0x10 c:/nxp/mcuxpressoide_11.2.1_4149/ide/plugins/com.nxp.mcuxpresso.tools.win32_11.2.0.202008311134/tools/bin/../lib/gcc/arm-none-eabi/9.2.1/../../../../arm-none-eabi/lib/thumb/v7-m/nofp\libc_nano.a(lib_a-malloc.o)
                0x0001657c                malloc
 .text.memchr   0x0001658c       0x1c c:/nxp/mcuxpressoide_11.2.1_4149/ide/plugins/com.nxp.mcuxpresso.tools.win32_11.2.0.202008311134/tools/bin/../lib/gcc/arm-none-eabi/9.2.1/../../../../arm-none-eabi/lib/thumb/v7-m/nofp\libc_nano.a(lib_a-memchr-stub.o)
                0x0001658c                memchr
 .text._Balloc  0x000165a8       0x68 c:/nxp/mcuxpressoide_11.2.1_4149/ide/plugins/com.nxp.mcuxpresso.tools.win32_11.2.0.202008311134/tools/bin/../lib/gcc/arm-none-eabi/9.2.1/../../../../arm-none-eabi/lib/thumb/v7-m/nofp\libc_nano.a(lib_a-mprec.o)
                0x000165a8                _Balloc
 .text._Bfree   0x00016610       0x2e c:/nxp/mcuxpressoide_11.2.1_4149/ide/plugins/com.nxp.mcuxpresso.tools.win32_11.2.0.202008311134/tools/bin/../lib/gcc/arm-none-eabi/9.2.1/../../../../arm-none-eabi/lib/thumb/v7-m/nofp\libc_nano.a(lib_a-mprec.o)
                0x00016610                _Bfree
 .text.__multadd
                0x0001663e       0x7c c:/nxp/mcuxpressoide_11.2.1_4149/ide/plugins/com.nxp.mcuxpresso.tools.win32_11.2.0.202008311134/tools/bin/../lib/gcc/arm-none-eabi/9.2.1/../../../../arm-none-eabi/lib/thumb/v7-m/nofp\libc_nano.a(lib_a-mprec.o)
                0x0001663e                __multadd
 .text.__hi0bits
                0x000166ba       0x40 c:/nxp/mcuxpressoide_11.2.1_4149/ide/plugins/com.nxp.mcuxpresso.tools.win32_11.2.0.202008311134/tools/bin/../lib/gcc/arm-none-eabi/9.2.1/../../../../arm-none-eabi/lib/thumb/v7-m/nofp\libc_nano.a(lib_a-mprec.o)
                0x000166ba                __hi0bits
 .text.__lo0bits
                0x000166fa       0x5c c:/nxp/mcuxpressoide_11.2.1_4149/ide/plugins/com.nxp.mcuxpresso.tools.win32_11.2.0.202008311134/tools/bin/../lib/gcc/arm-none-eabi/9.2.1/../../../../arm-none-eabi/lib/thumb/v7-m/nofp\libc_nano.a(lib_a-mprec.o)
                0x000166fa                __lo0bits
 .text.__i2b    0x00016756       0x12 c:/nxp/mcuxpressoide_11.2.1_4149/ide/plugins/com.nxp.mcuxpresso.tools.win32_11.2.0.202008311134/tools/bin/../lib/gcc/arm-none-eabi/9.2.1/../../../../arm-none-eabi/lib/thumb/v7-m/nofp\libc_nano.a(lib_a-mprec.o)
                0x00016756                __i2b
 .text.__multiply
                0x00016768      0x136 c:/nxp/mcuxpressoide_11.2.1_4149/ide/plugins/com.nxp.mcuxpresso.tools.win32_11.2.0.202008311134/tools/bin/../lib/gcc/arm-none-eabi/9.2.1/../../../../arm-none-eabi/lib/thumb/v7-m/nofp\libc_nano.a(lib_a-mprec.o)
                0x00016768                __multiply
 *fill*         0x0001689e        0x2 ff
 .text.__pow5mult
                0x000168a0       0x9c c:/nxp/mcuxpressoide_11.2.1_4149/ide/plugins/com.nxp.mcuxpresso.tools.win32_11.2.0.202008311134/tools/bin/../lib/gcc/arm-none-eabi/9.2.1/../../../../arm-none-eabi/lib/thumb/v7-m/nofp\libc_nano.a(lib_a-mprec.o)
                0x000168a0                __pow5mult
 .text.__lshift
                0x0001693c       0xbe c:/nxp/mcuxpressoide_11.2.1_4149/ide/plugins/com.nxp.mcuxpresso.tools.win32_11.2.0.202008311134/tools/bin/../lib/gcc/arm-none-eabi/9.2.1/../../../../arm-none-eabi/lib/thumb/v7-m/nofp\libc_nano.a(lib_a-mprec.o)
                0x0001693c                __lshift
 .text.__mcmp   0x000169fa       0x36 c:/nxp/mcuxpressoide_11.2.1_4149/ide/plugins/com.nxp.mcuxpresso.tools.win32_11.2.0.202008311134/tools/bin/../lib/gcc/arm-none-eabi/9.2.1/../../../../arm-none-eabi/lib/thumb/v7-m/nofp\libc_nano.a(lib_a-mprec.o)
                0x000169fa                __mcmp
 .text.__mdiff  0x00016a30       0xf8 c:/nxp/mcuxpressoide_11.2.1_4149/ide/plugins/com.nxp.mcuxpresso.tools.win32_11.2.0.202008311134/tools/bin/../lib/gcc/arm-none-eabi/9.2.1/../../../../arm-none-eabi/lib/thumb/v7-m/nofp\libc_nano.a(lib_a-mprec.o)
                0x00016a30                __mdiff
 .text.__d2b    0x00016b28       0x9e c:/nxp/mcuxpressoide_11.2.1_4149/ide/plugins/com.nxp.mcuxpresso.tools.win32_11.2.0.202008311134/tools/bin/../lib/gcc/arm-none-eabi/9.2.1/../../../../arm-none-eabi/lib/thumb/v7-m/nofp\libc_nano.a(lib_a-mprec.o)
                0x00016b28                __d2b
 .text._calloc_r
                0x00016bc6       0x1c c:/nxp/mcuxpressoide_11.2.1_4149/ide/plugins/com.nxp.mcuxpresso.tools.win32_11.2.0.202008311134/tools/bin/../lib/gcc/arm-none-eabi/9.2.1/../../../../arm-none-eabi/lib/thumb/v7-m/nofp\libc_nano.a(lib_a-nano-callocr.o)
                0x00016bc6                _calloc_r
 *fill*         0x00016be2        0x2 ff
 .text._free_r  0x00016be4       0x98 c:/nxp/mcuxpressoide_11.2.1_4149/ide/plugins/com.nxp.mcuxpresso.tools.win32_11.2.0.202008311134/tools/bin/../lib/gcc/arm-none-eabi/9.2.1/../../../../arm-none-eabi/lib/thumb/v7-m/nofp\libc_nano.a(lib_a-nano-freer.o)
                0x00016be4                _free_r
 .text._malloc_r
                0x00016c7c       0xb4 c:/nxp/mcuxpressoide_11.2.1_4149/ide/plugins/com.nxp.mcuxpresso.tools.win32_11.2.0.202008311134/tools/bin/../lib/gcc/arm-none-eabi/9.2.1/../../../../arm-none-eabi/lib/thumb/v7-m/nofp\libc_nano.a(lib_a-nano-mallocr.o)
                0x00016c7c                _malloc_r
 .text.__ssputs_r
                0x00016d30       0xb6 c:/nxp/mcuxpressoide_11.2.1_4149/ide/plugins/com.nxp.mcuxpresso.tools.win32_11.2.0.202008311134/tools/bin/../lib/gcc/arm-none-eabi/9.2.1/../../../../arm-none-eabi/lib/thumb/v7-m/nofp\libc_nano.a(lib_a-nano-svfprintf.o)
                0x00016d30                __ssputs_r
 *fill*         0x00016de6        0x2 ff
 .text._svfprintf_r
                0x00016de8      0x200 c:/nxp/mcuxpressoide_11.2.1_4149/ide/plugins/com.nxp.mcuxpresso.tools.win32_11.2.0.202008311134/tools/bin/../lib/gcc/arm-none-eabi/9.2.1/../../../../arm-none-eabi/lib/thumb/v7-m/nofp\libc_nano.a(lib_a-nano-svfprintf.o)
                0x00016de8                _svfiprintf_r
                0x00016de8                _svfprintf_r
 .text._sbrk_r  0x00016fe8       0x20 c:/nxp/mcuxpressoide_11.2.1_4149/ide/plugins/com.nxp.mcuxpresso.tools.win32_11.2.0.202008311134/tools/bin/../lib/gcc/arm-none-eabi/9.2.1/../../../../arm-none-eabi/lib/thumb/v7-m/nofp\libc_nano.a(lib_a-sbrkr.o)
                0x00016fe8                _sbrk_r
 .text.__ascii_mbtowc
                0x00017008       0x24 c:/nxp/mcuxpressoide_11.2.1_4149/ide/plugins/com.nxp.mcuxpresso.tools.win32_11.2.0.202008311134/tools/bin/../lib/gcc/arm-none-eabi/9.2.1/../../../../arm-none-eabi/lib/thumb/v7-m/nofp\libc_nano.a(lib_a-mbtowc_r.o)
                0x00017008                __ascii_mbtowc
 .text.memmove  0x0001702c       0x34 c:/nxp/mcuxpressoide_11.2.1_4149/ide/plugins/com.nxp.mcuxpresso.tools.win32_11.2.0.202008311134/tools/bin/../lib/gcc/arm-none-eabi/9.2.1/../../../../arm-none-eabi/lib/thumb/v7-m/nofp\libc_nano.a(lib_a-memmove.o)
                0x0001702c                memmove
 .text.__malloc_lock
                0x00017060        0xc c:/nxp/mcuxpressoide_11.2.1_4149/ide/plugins/com.nxp.mcuxpresso.tools.win32_11.2.0.202008311134/tools/bin/../lib/gcc/arm-none-eabi/9.2.1/../../../../arm-none-eabi/lib/thumb/v7-m/nofp\libc_nano.a(lib_a-mlock.o)
                0x00017060                __malloc_lock
 .text.__malloc_unlock
                0x0001706c        0xc c:/nxp/mcuxpressoide_11.2.1_4149/ide/plugins/com.nxp.mcuxpresso.tools.win32_11.2.0.202008311134/tools/bin/../lib/gcc/arm-none-eabi/9.2.1/../../../../arm-none-eabi/lib/thumb/v7-m/nofp\libc_nano.a(lib_a-mlock.o)
                0x0001706c                __malloc_unlock
 .text._realloc_r
                0x00017078       0x4c c:/nxp/mcuxpressoide_11.2.1_4149/ide/plugins/com.nxp.mcuxpresso.tools.win32_11.2.0.202008311134/tools/bin/../lib/gcc/arm-none-eabi/9.2.1/../../../../arm-none-eabi/lib/thumb/v7-m/nofp\libc_nano.a(lib_a-nano-reallocr.o)
                0x00017078                _realloc_r
 .text.__ascii_wctomb
                0x000170c4       0x1a c:/nxp/mcuxpressoide_11.2.1_4149/ide/plugins/com.nxp.mcuxpresso.tools.win32_11.2.0.202008311134/tools/bin/../lib/gcc/arm-none-eabi/9.2.1/../../../../arm-none-eabi/lib/thumb/v7-m/nofp\libc_nano.a(lib_a-wctomb_r.o)
                0x000170c4                __ascii_wctomb
 .text.__retarget_lock_acquire_recursive
                0x000170de        0x2 c:/nxp/mcuxpressoide_11.2.1_4149/ide/plugins/com.nxp.mcuxpresso.tools.win32_11.2.0.202008311134/tools/bin/../lib/gcc/arm-none-eabi/9.2.1/../../../../arm-none-eabi/lib/thumb/v7-m/nofp\libc_nano.a(lib_a-lock.o)
                0x000170de                __retarget_lock_acquire_recursive
 .text.__retarget_lock_release_recursive
                0x000170e0        0x2 c:/nxp/mcuxpressoide_11.2.1_4149/ide/plugins/com.nxp.mcuxpresso.tools.win32_11.2.0.202008311134/tools/bin/../lib/gcc/arm-none-eabi/9.2.1/../../../../arm-none-eabi/lib/thumb/v7-m/nofp\libc_nano.a(lib_a-lock.o)
                0x000170e0                __retarget_lock_release_recursive
 .text._malloc_usable_size_r
                0x000170e2       0x10 c:/nxp/mcuxpressoide_11.2.1_4149/ide/plugins/com.nxp.mcuxpresso.tools.win32_11.2.0.202008311134/tools/bin/../lib/gcc/arm-none-eabi/9.2.1/../../../../arm-none-eabi/lib/thumb/v7-m/nofp\libc_nano.a(lib_a-nano-msizer.o)
                0x000170e2                _malloc_usable_size_r
 *fill*         0x000170f2        0x2 ff
 .text.sqrtf    0x000170f4       0xa4 c:/nxp/mcuxpressoide_11.2.1_4149/ide/plugins/com.nxp.mcuxpresso.tools.win32_11.2.0.202008311134/tools/bin/../lib/gcc/arm-none-eabi/9.2.1/../../../../arm-none-eabi/lib/thumb/v7-m/nofp\libm.a(lib_a-wf_sqrt.o)
                0x000170f4                sqrtf
 .text.__ieee754_sqrtf
                0x00017198       0xa8 c:/nxp/mcuxpressoide_11.2.1_4149/ide/plugins/com.nxp.mcuxpresso.tools.win32_11.2.0.202008311134/tools/bin/../lib/gcc/arm-none-eabi/9.2.1/../../../../arm-none-eabi/lib/thumb/v7-m/nofp\libm.a(lib_a-ef_sqrt.o)
                0x00017198                __ieee754_sqrtf
 .text.matherr  0x00017240        0x4 c:/nxp/mcuxpressoide_11.2.1_4149/ide/plugins/com.nxp.mcuxpresso.tools.win32_11.2.0.202008311134/tools/bin/../lib/gcc/arm-none-eabi/9.2.1/../../../../arm-none-eabi/lib/thumb/v7-m/nofp\libm.a(lib_a-s_matherr.o)
                0x00017240                matherr
 .text._sbrk    0x00017244       0x3c c:/nxp/mcuxpressoide_11.2.1_4149/ide/plugins/com.nxp.mcuxpresso.tools.win32_11.2.0.202008311134/tools/bin/../lib/gcc/arm-none-eabi/9.2.1/../../../../arm-none-eabi/lib/thumb/v7-m/nofp\libcr_newlib_none.a(_cr_sbrk.o)
                0x00017244                _sbrk
 .text.__check_heap_overflow
                0x00017280       0x14 c:/nxp/mcuxpressoide_11.2.1_4149/ide/plugins/com.nxp.mcuxpresso.tools.win32_11.2.0.202008311134/tools/bin/../lib/gcc/arm-none-eabi/9.2.1/../../../../arm-none-eabi/lib/thumb/v7-m/nofp\libcr_newlib_none.a(_cr_check_heap.o)
                0x00017280                __check_heap_overflow
 .text          0x00017294      0x424 c:/nxp/mcuxpressoide_11.2.1_4149/ide/plugins/com.nxp.mcuxpresso.tools.win32_11.2.0.202008311134/tools/bin/../lib/gcc/arm-none-eabi/9.2.1/thumb/v7-m/nofp\libgcc.a(_arm_muldivdf3.o)
                0x00017294                __aeabi_dmul
                0x00017294                __muldf3
                0x000174e8                __divdf3
                0x000174e8                __aeabi_ddiv
 .text          0x000176b8      0x110 c:/nxp/mcuxpressoide_11.2.1_4149/ide/plugins/com.nxp.mcuxpresso.tools.win32_11.2.0.202008311134/tools/bin/../lib/gcc/arm-none-eabi/9.2.1/thumb/v7-m/nofp\libgcc.a(_arm_cmpdf2.o)
                0x000176b8                __gtdf2
                0x000176b8                __gedf2
                0x000176c0                __ltdf2
                0x000176c0                __ledf2
                0x000176c8                __nedf2
                0x000176c8                __eqdf2
                0x000176c8                __cmpdf2
                0x00017744                __aeabi_cdrcmple
                0x00017754                __aeabi_cdcmpeq
                0x00017754                __aeabi_cdcmple
                0x00017764                __aeabi_dcmpeq
                0x00017778                __aeabi_dcmplt
                0x0001778c                __aeabi_dcmple
                0x000177a0                __aeabi_dcmpge
                0x000177b4                __aeabi_dcmpgt
 .text          0x000177c8       0x2c c:/nxp/mcuxpressoide_11.2.1_4149/ide/plugins/com.nxp.mcuxpresso.tools.win32_11.2.0.202008311134/tools/bin/../lib/gcc/arm-none-eabi/9.2.1/thumb/v7-m/nofp\libgcc.a(_arm_unorddf2.o)
                0x000177c8                __unorddf2
                0x000177c8                __aeabi_dcmpun
 .text          0x000177f4       0x50 c:/nxp/mcuxpressoide_11.2.1_4149/ide/plugins/com.nxp.mcuxpresso.tools.win32_11.2.0.202008311134/tools/bin/../lib/gcc/arm-none-eabi/9.2.1/thumb/v7-m/nofp\libgcc.a(_arm_fixdfsi.o)
                0x000177f4                __aeabi_d2iz
                0x000177f4                __fixdfsi
 .text          0x00017844       0xa0 c:/nxp/mcuxpressoide_11.2.1_4149/ide/plugins/com.nxp.mcuxpresso.tools.win32_11.2.0.202008311134/tools/bin/../lib/gcc/arm-none-eabi/9.2.1/thumb/v7-m/nofp\libgcc.a(_arm_truncdfsf2.o)
                0x00017844                __truncdfsf2
                0x00017844                __aeabi_d2f
 .text          0x000178e4       0x2c c:/nxp/mcuxpressoide_11.2.1_4149/ide/plugins/com.nxp.mcuxpresso.tools.win32_11.2.0.202008311134/tools/bin/../lib/gcc/arm-none-eabi/9.2.1/thumb/v7-m/nofp\libgcc.a(_arm_unordsf2.o)
                0x000178e4                __unordsf2
                0x000178e4                __aeabi_fcmpun
 .text.__errno  0x00017910        0xc c:/nxp/mcuxpressoide_11.2.1_4149/ide/plugins/com.nxp.mcuxpresso.tools.win32_11.2.0.202008311134/tools/bin/../lib/gcc/arm-none-eabi/9.2.1/../../../../arm-none-eabi/lib/thumb/v7-m/nofp\libc_nano.a(lib_a-errno.o)
                0x00017910                __errno
 *(.rodata .rodata.* .constdata .constdata.*)
 .rodata        0x0001791c        0xf ./src/IA_2021_V0.o
 .rodata        0x0001792b        0xd ./src/Init.o
 .rodata        0x00017938        0xd ./src/test.o
 .rodata.vApplicationStackOverflowHook.str1.1
                0x00017945       0x29 ./freertos/src/FreeRTOSCommonHooks.o
 .rodata.vTaskStartScheduler.str1.1
                0x0001796e        0x5 ./freertos/src/tasks.o
 .rodata.prvCheckForValidListAndQueue.str1.1
                0x00017973        0x5 ./freertos/src/timers.o
 .rodata.xTimerCreateTimerTask.str1.1
                0x00017978        0x8 ./freertos/src/timers.o
 .rodata.g_usbApi
                0x00017980       0x20 ./Communication/USB/src/cdc_usb_main.o
 .rodata        0x000179a0       0x23 ./Communication/0_Communication.o
 .rodata        0x000179c3       0x11 ./Communication/1_Trame_Communication.o
 .rodata._2_Comm_Send_Destination_Robot.str1.1
                0x000179d4       0x32 ./Communication/2_Echange_Datas.o
 .rodata._2_Comm_Send_Communication_Status.str1.1
                0x00017a06       0x1e ./Communication/2_Echange_Datas.o
 .rodata._2_Comm_Send_PONG.str1.1
                0x00017a24       0x35 ./Communication/2_Echange_Datas.o
 .rodata._2_Comm_Set_Robot_Position.str1.1
                0x00017a59       0x2d ./Communication/2_Echange_Datas.o
 .rodata        0x00017a86       0x28 ./Communication/2_Echange_Datas_Reception.o
 *fill*         0x00017aae        0x2 ff
 .rodata.MainOscPLL0conf_12
                0x00017ab0       0xf0 D:\Developpement_Robot\Robotic-System\trunk\Workspaces\MultiWorkSpaces_2021\0_lpc_chip_175x_6x\Release\lib0_lpc_chip_175x_6x.a(sysinit_17xx_40xx.o)
 .rodata.MainOscPLL0conf_16
                0x00017ba0       0xb0 D:\Developpement_Robot\Robotic-System\trunk\Workspaces\MultiWorkSpaces_2021\0_lpc_chip_175x_6x\Release\lib0_lpc_chip_175x_6x.a(sysinit_17xx_40xx.o)
 .rodata.RTCOscRateIn
                0x00017c50        0x4 D:\Developpement_Robot\Robotic-System\trunk\Workspaces\MultiWorkSpaces_2021\0_lpc_board_nxp_lpcxpresso_1769\Release\lib0_lpc_board_nxp_lpcxpresso_1769.a(board.o)
                0x00017c50                RTCOscRateIn
 .rodata.hw_api
                0x00017c54       0x5c D:\Developpement_Robot\Robotic-System\trunk\Workspaces\MultiWorkSpaces_2021\0_lpc_chip_175x_6x\libs\libusbd_175x_6x_lib.a(mw_usbd_rom_api.o)
                0x00017c54                hw_api
 .rodata.core_api
                0x00017cb0       0x20 D:\Developpement_Robot\Robotic-System\trunk\Workspaces\MultiWorkSpaces_2021\0_lpc_chip_175x_6x\libs\libusbd_175x_6x_lib.a(mw_usbd_rom_api.o)
                0x00017cb0                core_api
 .rodata.cdc_api
                0x00017cd0        0xc D:\Developpement_Robot\Robotic-System\trunk\Workspaces\MultiWorkSpaces_2021\0_lpc_chip_175x_6x\libs\libusbd_175x_6x_lib.a(mw_usbd_rom_api.o)
                0x00017cd0                cdc_api
 .rodata._printf_float.str1.1
                0x00017cdc       0x10 c:/nxp/mcuxpressoide_11.2.1_4149/ide/plugins/com.nxp.mcuxpresso.tools.win32_11.2.0.202008311134/tools/bin/../lib/gcc/arm-none-eabi/9.2.1/../../../../arm-none-eabi/lib/thumb/v7-m/nofp\libc_nano.a(lib_a-nano-vfprintf_float.o)
                                 0x12 (size before relaxing)
 .rodata._printf_i.str1.1
                0x00017cec       0x22 c:/nxp/mcuxpressoide_11.2.1_4149/ide/plugins/com.nxp.mcuxpresso.tools.win32_11.2.0.202008311134/tools/bin/../lib/gcc/arm-none-eabi/9.2.1/../../../../arm-none-eabi/lib/thumb/v7-m/nofp\libc_nano.a(lib_a-nano-vfprintf_i.o)
 .rodata._dtoa_r.str1.1
                0x00017d0e        0xd c:/nxp/mcuxpressoide_11.2.1_4149/ide/plugins/com.nxp.mcuxpresso.tools.win32_11.2.0.202008311134/tools/bin/../lib/gcc/arm-none-eabi/9.2.1/../../../../arm-none-eabi/lib/thumb/v7-m/nofp\libc_nano.a(lib_a-dtoa.o)
                                  0xf (size before relaxing)
 *fill*         0x00017d1b        0x5 ff
 .rodata.__mprec_bigtens
                0x00017d20       0x28 c:/nxp/mcuxpressoide_11.2.1_4149/ide/plugins/com.nxp.mcuxpresso.tools.win32_11.2.0.202008311134/tools/bin/../lib/gcc/arm-none-eabi/9.2.1/../../../../arm-none-eabi/lib/thumb/v7-m/nofp\libc_nano.a(lib_a-mprec.o)
                0x00017d20                __mprec_bigtens
 .rodata.__mprec_tens
                0x00017d48       0xc8 c:/nxp/mcuxpressoide_11.2.1_4149/ide/plugins/com.nxp.mcuxpresso.tools.win32_11.2.0.202008311134/tools/bin/../lib/gcc/arm-none-eabi/9.2.1/../../../../arm-none-eabi/lib/thumb/v7-m/nofp\libc_nano.a(lib_a-mprec.o)
                0x00017d48                __mprec_tens
 .rodata.p05.6127
                0x00017e10        0xc c:/nxp/mcuxpressoide_11.2.1_4149/ide/plugins/com.nxp.mcuxpresso.tools.win32_11.2.0.202008311134/tools/bin/../lib/gcc/arm-none-eabi/9.2.1/../../../../arm-none-eabi/lib/thumb/v7-m/nofp\libc_nano.a(lib_a-mprec.o)
 .rodata._svfprintf_r.str1.1
                0x00017e1c       0x11 c:/nxp/mcuxpressoide_11.2.1_4149/ide/plugins/com.nxp.mcuxpresso.tools.win32_11.2.0.202008311134/tools/bin/../lib/gcc/arm-none-eabi/9.2.1/../../../../arm-none-eabi/lib/thumb/v7-m/nofp\libc_nano.a(lib_a-nano-svfprintf.o)
 .rodata._setlocale_r.str1.1
                0x00017e2d        0x8 c:/nxp/mcuxpressoide_11.2.1_4149/ide/plugins/com.nxp.mcuxpresso.tools.win32_11.2.0.202008311134/tools/bin/../lib/gcc/arm-none-eabi/9.2.1/../../../../arm-none-eabi/lib/thumb/v7-m/nofp\libc_nano.a(lib_a-locale.o)
                                  0x9 (size before relaxing)
 .rodata.str1.1
                0x00017e35        0x2 c:/nxp/mcuxpressoide_11.2.1_4149/ide/plugins/com.nxp.mcuxpresso.tools.win32_11.2.0.202008311134/tools/bin/../lib/gcc/arm-none-eabi/9.2.1/../../../../arm-none-eabi/lib/thumb/v7-m/nofp\libc_nano.a(lib_a-locale.o)
 .rodata._ctype_
                0x00017e37      0x101 c:/nxp/mcuxpressoide_11.2.1_4149/ide/plugins/com.nxp.mcuxpresso.tools.win32_11.2.0.202008311134/tools/bin/../lib/gcc/arm-none-eabi/9.2.1/../../../../arm-none-eabi/lib/thumb/v7-m/nofp\libc_nano.a(lib_a-ctype_.o)
                0x00017e37                _ctype_
 .rodata.sqrtf.str1.4
                0x00017f38        0x6 c:/nxp/mcuxpressoide_11.2.1_4149/ide/plugins/com.nxp.mcuxpresso.tools.win32_11.2.0.202008311134/tools/bin/../lib/gcc/arm-none-eabi/9.2.1/../../../../arm-none-eabi/lib/thumb/v7-m/nofp\libm.a(lib_a-wf_sqrt.o)
                0x00017f40                . = ALIGN (0x4)
 *fill*         0x00017f3e        0x2 ff

.glue_7         0x00017f40        0x0
 .glue_7        0x00017f40        0x0 linker stubs

.glue_7t        0x00017f40        0x0
 .glue_7t       0x00017f40        0x0 linker stubs

.vfp11_veneer   0x00017f40        0x0
 .vfp11_veneer  0x00017f40        0x0 linker stubs

.v4_bx          0x00017f40        0x0
 .v4_bx         0x00017f40        0x0 linker stubs

.iplt           0x00017f40        0x0
 .iplt          0x00017f40        0x0 ./src/IA_2021_V0.o

.rel.dyn        0x00017f40        0x0
 .rel.iplt      0x00017f40        0x0 ./src/IA_2021_V0.o

.ARM.extab
 *(.ARM.extab* .gnu.linkonce.armextab.*)

.ARM.exidx      0x00017f40        0x0
                0x00017f40                __exidx_start = .
 *(.ARM.exidx* .gnu.linkonce.armexidx.*)
                0x00017f40                __exidx_end = .
                0x00017f40                _etext = .

.data_RAM2      0x2007c000        0x0 load address 0x00017f40
 FILL mask 0xff
                [!provide]                PROVIDE (__start_data_RAM2 = .)
                [!provide]                PROVIDE (__start_data_Ram_USB = .)
 *(.ramfunc.$RAM2)
 *(.ramfunc.$Ram_USB)
 *(.data.$RAM2)
 *(.data.$Ram_USB)
 *(.data.$RAM2.*)
 *(.data.$Ram_USB.*)
                0x2007c000                . = ALIGN (0x4)
                [!provide]                PROVIDE (__end_data_RAM2 = .)
                [!provide]                PROVIDE (__end_data_Ram_USB = .)

.data_RAM3      0x2007c800        0x0 load address 0x00017f40
 FILL mask 0xff
                [!provide]                PROVIDE (__start_data_RAM3 = .)
                [!provide]                PROVIDE (__start_data_RAM3 = .)
 *(.ramfunc.$RAM3)
 *(.ramfunc.$RAM3)
 *(.data.$RAM3)
 *(.data.$RAM3)
 *(.data.$RAM3.*)
 *(.data.$RAM3.*)
                0x2007c800                . = ALIGN (0x4)
                [!provide]                PROVIDE (__end_data_RAM3 = .)
                [!provide]                PROVIDE (__end_data_RAM3 = .)

.uninit_RESERVED
                0x10000000        0x0
                0x10000000                _start_uninit_RESERVED = .
 *(.bss.$RESERVED*)
                0x10000000                . = ALIGN (0x4)
                0x10000000                _end_uninit_RESERVED = .

.data           0x10000000      0x1f0 load address 0x00017f40
 FILL mask 0xff
                0x10000000                _data = .
                [!provide]                PROVIDE (__start_data_RAM = .)
                [!provide]                PROVIDE (__start_data_RamLoc32 = .)
 *(vtable)
 *(.ramfunc*)
 *(CodeQuickAccess)
 *(DataQuickAccess)
 *(RamFunction)
 *(.data*)
 .data.xHeapRegions
                0x10000000       0x10 ./src/IA_2021_V0.o
 .data.uxCriticalNesting
                0x10000010        0x4 ./freertos/src/port.o
 .data.g_pUsbApi
                0x10000014        0x4 ./Communication/USB/src/cdc_usb_main.o
                0x10000014                g_pUsbApi
 .data.OscRateIn
                0x10000018        0x4 D:\Developpement_Robot\Robotic-System\trunk\Workspaces\MultiWorkSpaces_2021\0_lpc_board_nxp_lpcxpresso_1769\Release\lib0_lpc_board_nxp_lpcxpresso_1769.a(board.o)
                0x10000018                OscRateIn
 .data._impure_ptr
                0x1000001c        0x4 c:/nxp/mcuxpressoide_11.2.1_4149/ide/plugins/com.nxp.mcuxpresso.tools.win32_11.2.0.202008311134/tools/bin/../lib/gcc/arm-none-eabi/9.2.1/../../../../arm-none-eabi/lib/thumb/v7-m/nofp\libc_nano.a(lib_a-impure.o)
                0x1000001c                _impure_ptr
 .data.impure_data
                0x10000020       0x60 c:/nxp/mcuxpressoide_11.2.1_4149/ide/plugins/com.nxp.mcuxpresso.tools.win32_11.2.0.202008311134/tools/bin/../lib/gcc/arm-none-eabi/9.2.1/../../../../arm-none-eabi/lib/thumb/v7-m/nofp\libc_nano.a(lib_a-impure.o)
 .data.__global_locale
                0x10000080      0x16c c:/nxp/mcuxpressoide_11.2.1_4149/ide/plugins/com.nxp.mcuxpresso.tools.win32_11.2.0.202008311134/tools/bin/../lib/gcc/arm-none-eabi/9.2.1/../../../../arm-none-eabi/lib/thumb/v7-m/nofp\libc_nano.a(lib_a-locale.o)
                0x10000080                __global_locale
 .data.__fdlib_version
                0x100001ec        0x1 c:/nxp/mcuxpressoide_11.2.1_4149/ide/plugins/com.nxp.mcuxpresso.tools.win32_11.2.0.202008311134/tools/bin/../lib/gcc/arm-none-eabi/9.2.1/../../../../arm-none-eabi/lib/thumb/v7-m/nofp\libm.a(lib_a-s_lib_ver.o)
                0x100001ec                __fdlib_version
                0x100001f0                . = ALIGN (0x4)
 *fill*         0x100001ed        0x3 ff
                0x100001f0                _edata = .
                [!provide]                PROVIDE (__end_data_RAM = .)
                [!provide]                PROVIDE (__end_data_RamLoc32 = .)

.igot.plt       0x100001f0        0x0 load address 0x00018130
 .igot.plt      0x100001f0        0x0 ./src/IA_2021_V0.o

.bss_RAM2       0x2007c000        0x0
                [!provide]                PROVIDE (__start_bss_RAM2 = .)
                [!provide]                PROVIDE (__start_bss_Ram_USB = .)
 *(.bss.$RAM2)
 *(.bss.$Ram_USB)
 *(.bss.$RAM2.*)
 *(.bss.$Ram_USB.*)
                0x2007c000                . = ALIGN ((. != 0x0)?0x4:0x1)
                [!provide]                PROVIDE (__end_bss_RAM2 = .)
                [!provide]                PROVIDE (__end_bss_Ram_USB = .)

.bss_RAM3       0x2007c800     0x3554
                [!provide]                PROVIDE (__start_bss_RAM3 = .)
                [!provide]                PROVIDE (__start_bss_RAM3 = .)
 *(.bss.$RAM3)
 .bss.$RAM3     0x2007c800      0x197 ./freertos/src/FreeRTOSCommonHooks.o
 *fill*         0x2007c997        0x1 
 .bss.$RAM3     0x2007c998       0x56 ./Strategie/Deplacement/0_Deplacements.o
 .bss.$RAM3     0x2007c9ee       0xc0 ./Strategie/0_Infos.o
 .bss.$RAM3     0x2007caae      0x180 ./Communication/0_Communication.o
 .bss.$RAM3     0x2007cc2e       0xdf ./Communication/1_Trame_Communication.o
 *fill*         0x2007cd0d        0x1 
 .bss.$RAM3     0x2007cd0e       0x46 ./Communication/2_Echange_Datas.o
 *(.bss.$RAM3)
 *(.bss.$RAM3.*)
 .bss.$RAM3.    0x2007cd54     0x3000 ./src/IA_2021_V0.o
 *(.bss.$RAM3.*)
                0x2007fd54                . = ALIGN ((. != 0x0)?0x4:0x1)
                [!provide]                PROVIDE (__end_bss_RAM3 = .)
                [!provide]                PROVIDE (__end_bss_RAM3 = .)

.bss            0x100001f0      0x408
                0x100001f0                _bss = .
                [!provide]                PROVIDE (__start_bss_RAM = .)
                [!provide]                PROVIDE (__start_bss_RamLoc32 = .)
 *(.bss*)
 .bss.pxEnd     0x100001f0        0x4 ./freertos/src/heap_5.o
 .bss.xBlockAllocatedBit
                0x100001f4        0x4 ./freertos/src/heap_5.o
 .bss.xFreeBytesRemaining
                0x100001f8        0x4 ./freertos/src/heap_5.o
 .bss.xMinimumEverFreeBytesRemaining
                0x100001fc        0x4 ./freertos/src/heap_5.o
 .bss.xNumberOfSuccessfulAllocations
                0x10000200        0x4 ./freertos/src/heap_5.o
 .bss.xNumberOfSuccessfulFrees
                0x10000204        0x4 ./freertos/src/heap_5.o
 .bss.xStart    0x10000208        0x8 ./freertos/src/heap_5.o
 .bss.xQueueRegistry
                0x10000210       0x50 ./freertos/src/queue.o
                0x10000210                xQueueRegistry
 .bss.pxCurrentTCB
                0x10000260        0x4 ./freertos/src/tasks.o
                0x10000260                pxCurrentTCB
 .bss.pxDelayedTaskList
                0x10000264        0x4 ./freertos/src/tasks.o
 .bss.pxOverflowDelayedTaskList
                0x10000268        0x4 ./freertos/src/tasks.o
 .bss.pxReadyTasksLists
                0x1000026c       0x64 ./freertos/src/tasks.o
 .bss.uxCurrentNumberOfTasks
                0x100002d0        0x4 ./freertos/src/tasks.o
 .bss.uxDeletedTasksWaitingCleanUp
                0x100002d4        0x4 ./freertos/src/tasks.o
 .bss.uxSchedulerSuspended
                0x100002d8        0x4 ./freertos/src/tasks.o
 .bss.uxTaskNumber
                0x100002dc        0x4 ./freertos/src/tasks.o
 .bss.uxTopReadyPriority
                0x100002e0        0x4 ./freertos/src/tasks.o
 .bss.xDelayedTaskList1
                0x100002e4       0x14 ./freertos/src/tasks.o
 .bss.xDelayedTaskList2
                0x100002f8       0x14 ./freertos/src/tasks.o
 .bss.xIdleTaskHandle
                0x1000030c        0x4 ./freertos/src/tasks.o
 .bss.xNextTaskUnblockTime
                0x10000310        0x4 ./freertos/src/tasks.o
 .bss.xNumOfOverflows
                0x10000314        0x4 ./freertos/src/tasks.o
 .bss.xPendedTicks
                0x10000318        0x4 ./freertos/src/tasks.o
 .bss.xPendingReadyList
                0x1000031c       0x14 ./freertos/src/tasks.o
 .bss.xSchedulerRunning
                0x10000330        0x4 ./freertos/src/tasks.o
 .bss.xSuspendedTaskList
                0x10000334       0x14 ./freertos/src/tasks.o
 .bss.xTasksWaitingTermination
                0x10000348       0x14 ./freertos/src/tasks.o
 .bss.xTickCount
                0x1000035c        0x4 ./freertos/src/tasks.o
 .bss.xYieldPending
                0x10000360        0x4 ./freertos/src/tasks.o
 .bss.pxCurrentTimerList
                0x10000364        0x4 ./freertos/src/timers.o
 .bss.pxOverflowTimerList
                0x10000368        0x4 ./freertos/src/timers.o
 .bss.xActiveTimerList1
                0x1000036c       0x14 ./freertos/src/timers.o
 .bss.xActiveTimerList2
                0x10000380       0x14 ./freertos/src/timers.o
 .bss.xLastTime.9167
                0x10000394        0x4 ./freertos/src/timers.o
 .bss.xTimerQueue
                0x10000398        0x4 ./freertos/src/timers.o
 .bss.xTimerTaskHandle
                0x1000039c        0x4 ./freertos/src/timers.o
 .bss._0_Deplacement_EventGroup
                0x100003a0        0x4 ./Strategie/Deplacement/0_Deplacements.o
                0x100003a0                _0_Deplacement_EventGroup
 .bss.g_hUsb    0x100003a4        0x4 ./Communication/USB/src/cdc_usb_main.o
                0x100003a4                g_hUsb
 .bss.Message.11293
                0x100003a8       0x4d ./Communication/0_Communication.o
 *fill*         0x100003f5        0x3 
 .bss._1_xQueue_Message_TO_Send
                0x100003f8        0x4 ./Communication/0_Communication.o
                0x100003f8                _1_xQueue_Message_TO_Send
 .bss.already_flaged.11239
                0x100003fc        0x1 ./Communication/0_Communication.o
 .bss.g_txBuff.11294
                0x100003fd       0x80 ./Communication/0_Communication.o
 *fill*         0x1000047d        0x3 
 .bss.rxring_RS485
                0x10000480       0x14 ./Communication/0_Communication.o
                0x10000480                rxring_RS485
 .bss.txring    0x10000494       0x14 ./Communication/0_Communication.o
                0x10000494                txring
 .bss._0_Comm_EventGroup
                0x100004a8        0x4 ./Communication/0_Event_Group.o
                0x100004a8                _0_Comm_EventGroup
 .bss.Nb_Erreurs_com
                0x100004ac        0x4 ./Communication/1_Trame_Communication.o
                0x100004ac                Nb_Erreurs_com
 .bss.Nb_Messages_recus
                0x100004b0        0x4 ./Communication/1_Trame_Communication.o
                0x100004b0                Nb_Messages_recus
 .bss.dir.9982  0x100004b4        0x4 ./Communication/2_Echange_Datas.o
 .bss.log_message
                0x100004b8       0x3e ./Communication/2_Echange_Datas.o
 .bss.relese_sent
                0x100004f6        0x1 ./Communication/2_Echange_Datas.o
                0x100004f6                relese_sent
 .bss.str       0x100004f7       0x46 ./Communication/2_Echange_Datas.o
 .bss.str.10065
                0x1000053d       0x46 ./Communication/2_Echange_Datas.o
 .bss.str.9981  0x10000583       0x46 ./Communication/2_Echange_Datas.o
 *fill*         0x100005c9        0x3 
 .bss.Nb_Messages_Interpretes
                0x100005cc        0x4 ./Communication/2_Echange_Datas_Reception.o
 .bss.Nb_PONG_recus
                0x100005d0        0x4 ./Communication/2_Echange_Datas_Reception.o
                0x100005d0                Nb_PONG_recus
 .bss.ABsyncSts