Archive member included to satisfy reference by file (symbol)

D:\Developpement_Robot\Robotic-System.git\trunk\Workspaces\MultiWorkSpaces_2021\0_lpc_chip_175x_6x\Release\lib0_lpc_chip_175x_6x.a(chip_17xx_40xx.o)
                              ./src/IA_2021_V0.o (SystemCoreClockUpdate)
D:\Developpement_Robot\Robotic-System.git\trunk\Workspaces\MultiWorkSpaces_2021\0_lpc_chip_175x_6x\Release\lib0_lpc_chip_175x_6x.a(clock_17xx_40xx.o)
                              D:\Developpement_Robot\Robotic-System.git\trunk\Workspaces\MultiWorkSpaces_2021\0_lpc_chip_175x_6x\Release\lib0_lpc_chip_175x_6x.a(chip_17xx_40xx.o) (Chip_Clock_EnablePLL)
D:\Developpement_Robot\Robotic-System.git\trunk\Workspaces\MultiWorkSpaces_2021\0_lpc_chip_175x_6x\Release\lib0_lpc_chip_175x_6x.a(ring_buffer.o)
                              ./Communication/0_Communication.o (RingBuffer_Init)
D:\Developpement_Robot\Robotic-System.git\trunk\Workspaces\MultiWorkSpaces_2021\0_lpc_chip_175x_6x\Release\lib0_lpc_chip_175x_6x.a(stopwatch_17xx_40xx.o)
                              ./Communication/USB/src/cdc_usb_main.o (StopWatch_Init)
D:\Developpement_Robot\Robotic-System.git\trunk\Workspaces\MultiWorkSpaces_2021\0_lpc_chip_175x_6x\Release\lib0_lpc_chip_175x_6x.a(sysinit_17xx_40xx.o)
                              ./src/IA_2021_V0.o (Chip_SetupXtalClocking)
D:\Developpement_Robot\Robotic-System.git\trunk\Workspaces\MultiWorkSpaces_2021\0_lpc_chip_175x_6x\Release\lib0_lpc_chip_175x_6x.a(timer_17xx_40xx.o)
                              ./src/IA_2021_V0.o (Chip_TIMER_Init)
D:\Developpement_Robot\Robotic-System.git\trunk\Workspaces\MultiWorkSpaces_2021\0_lpc_chip_175x_6x\Release\lib0_lpc_chip_175x_6x.a(uart_17xx_40xx.o)
                              ./Communication/0_Communication.o (Chip_UART_Init)
D:\Developpement_Robot\Robotic-System.git\trunk\Workspaces\MultiWorkSpaces_2021\0_lpc_board_nxp_lpcxpresso_1769\Release\lib0_lpc_board_nxp_lpcxpresso_1769.a(board.o)
                              ./src/IA_2021_V0.o (Set_Clock_in)
D:\Developpement_Robot\Robotic-System.git\trunk\Workspaces\MultiWorkSpaces_2021\0_lpc_chip_175x_6x\libs\libusbd_175x_6x_lib.a(mw_usbd_rom_api.o)
                              ./Communication/USB/src/cdc_usb_main.o (cdc_api)
D:\Developpement_Robot\Robotic-System.git\trunk\Workspaces\MultiWorkSpaces_2021\0_lpc_chip_175x_6x\libs\libusbd_175x_6x_lib.a(hw_usbd_ip3503.o)
                              D:\Developpement_Robot\Robotic-System.git\trunk\Workspaces\MultiWorkSpaces_2021\0_lpc_chip_175x_6x\libs\libusbd_175x_6x_lib.a(mw_usbd_rom_api.o) (hwUSB_GetMemSize)
D:\Developpement_Robot\Robotic-System.git\trunk\Workspaces\MultiWorkSpaces_2021\0_lpc_chip_175x_6x\libs\libusbd_175x_6x_lib.a(mw_usbd_cdcuser.o)
                              D:\Developpement_Robot\Robotic-System.git\trunk\Workspaces\MultiWorkSpaces_2021\0_lpc_chip_175x_6x\libs\libusbd_175x_6x_lib.a(mw_usbd_rom_api.o) (mwCDC_SendNotification)
D:\Developpement_Robot\Robotic-System.git\trunk\Workspaces\MultiWorkSpaces_2021\0_lpc_chip_175x_6x\libs\libusbd_175x_6x_lib.a(mw_usbd_core.o)
                              D:\Developpement_Robot\Robotic-System.git\trunk\Workspaces\MultiWorkSpaces_2021\0_lpc_chip_175x_6x\libs\libusbd_175x_6x_lib.a(mw_usbd_rom_api.o) (mwUSB_SetupStage)
D:\Developpement_Robot\Robotic-System.git\trunk\Workspaces\MultiWorkSpaces_2021\0_lpc_chip_175x_6x\libs\libusbd_175x_6x_lib.a(mw_usbd_dfuuser.o)
                              D:\Developpement_Robot\Robotic-System.git\trunk\Workspaces\MultiWorkSpaces_2021\0_lpc_chip_175x_6x\libs\libusbd_175x_6x_lib.a(mw_usbd_rom_api.o) (mwDFU_GetMemSize)
D:\Developpement_Robot\Robotic-System.git\trunk\Workspaces\MultiWorkSpaces_2021\0_lpc_chip_175x_6x\libs\libusbd_175x_6x_lib.a(mw_usbd_hiduser.o)
                              D:\Developpement_Robot\Robotic-System.git\trunk\Workspaces\MultiWorkSpaces_2021\0_lpc_chip_175x_6x\libs\libusbd_175x_6x_lib.a(mw_usbd_rom_api.o) (mwHID_GetMemSize)
D:\Developpement_Robot\Robotic-System.git\trunk\Workspaces\MultiWorkSpaces_2021\0_lpc_chip_175x_6x\libs\libusbd_175x_6x_lib.a(mw_usbd_mscuser.o)
                              D:\Developpement_Robot\Robotic-System.git\trunk\Workspaces\MultiWorkSpaces_2021\0_lpc_chip_175x_6x\libs\libusbd_175x_6x_lib.a(mw_usbd_rom_api.o) (mwMSC_GetMemSize)
d:/mcuxpressoide_11.1.1_3241/ide/plugins/com.nxp.mcuxpresso.tools.win32_11.1.0.202001081728/tools/bin/../lib/gcc/arm-none-eabi/8.3.1/thumb/v7-m/nofp\libgcc.a(_arm_addsubsf3.o)
                              ./Strategie/Deplacement/0_Deplacements.o (__aeabi_fsub)
d:/mcuxpressoide_11.1.1_3241/ide/plugins/com.nxp.mcuxpresso.tools.win32_11.1.0.202001081728/tools/bin/../lib/gcc/arm-none-eabi/8.3.1/thumb/v7-m/nofp\libgcc.a(_arm_muldivsf3.o)
                              ./Strategie/Deplacement/0_Deplacements.o (__aeabi_fmul)
[...]
Memory Configuration

Name             Origin             Length             Attributes
MFlash512        0x00000000         0x00080000         xr
RamLoc32         0x10000000         0x00008000         xrw
RamAHB32         0x2007c000         0x00000800         xrw
RAM3             0x2007c800         0x00007800         xrw
*default*        0x00000000         0xffffffff

Linker script and memory map

LOAD ./src/IA_2021_V0.o
LOAD ./src/Init.o
LOAD ./src/cr_startup_lpc175x_6x.o
LOAD ./src/crp.o
LOAD ./src/sysinit.o
LOAD ./src/test.o
LOAD ./freertos/src/FreeRTOSCommonHooks.o
LOAD ./freertos/src/croutine.o
LOAD ./freertos/src/event_groups.o
LOAD ./freertos/src/heap_5.o
LOAD ./freertos/src/list.o
LOAD ./freertos/src/port.o
LOAD ./freertos/src/queue.o
LOAD ./freertos/src/stream_buffer.o
LOAD ./freertos/src/tasks.o
LOAD ./freertos/src/timers.o
LOAD ./freertos/FreeRTOS_Trace/trcHardwarePort.o
LOAD ./freertos/FreeRTOS_Trace/trcKernelPort.o
LOAD ./freertos/FreeRTOS_Trace/trcSnapshotRecorder.o
LOAD ./Strategie/Deplacement/0_Deplacements.o
LOAD ./Strategie/Deplacement/1_Obstacles.o
LOAD ./Strategie/0_Infos.o
LOAD ./Pathfinding/Astar/Astar.o
LOAD ./Communication/USB/src/cdc_desc.o
LOAD ./Communication/USB/src/cdc_usb_main.o
LOAD ./Communication/USB/src/cdc_vcom.o
LOAD ./Communication/RS485/0_RS485.o
LOAD ./Communication/0_Communication.o
LOAD ./Communication/0_Event_Group.o
LOAD ./Communication/1_Trame_Communication.o
LOAD ./Communication/2_Echange_Datas.o
LOAD ./Communication/2_Echange_Datas_Reception.o
LOAD D:\Developpement_Robot\Robotic-System.git\trunk\Workspaces\MultiWorkSpaces_2021\0_lpc_chip_175x_6x\Release\lib0_lpc_chip_175x_6x.a
LOAD D:\Developpement_Robot\Robotic-System.git\trunk\Workspaces\MultiWorkSpaces_2021\0_lpc_board_nxp_lpcxpresso_1769\Release\lib0_lpc_board_nxp_lpcxpresso_1769.a
LOAD D:\Developpement_Robot\Robotic-System.git\trunk\Workspaces\MultiWorkSpaces_2021\0_lpc_chip_175x_6x\libs\libusbd_175x_6x_lib.a
START GROUP
LOAD d:/mcuxpressoide_11.1.1_3241/ide/plugins/com.nxp.mcuxpresso.tools.win32_11.1.0.202001081728/tools/bin/../lib/gcc/arm-none-eabi/8.3.1/thumb/v7-m/nofp\libgcc.a
LOAD d:/mcuxpressoide_11.1.1_3241/ide/plugins/com.nxp.mcuxpresso.tools.win32_11.1.0.202001081728/tools/bin/../lib/gcc/arm-none-eabi/8.3.1/../../../../arm-none-eabi/lib/thumb/v7-m/nofp\libc_nano.a
LOAD d:/mcuxpressoide_11.1.1_3241/ide/plugins/com.nxp.mcuxpresso.tools.win32_11.1.0.202001081728/tools/bin/../lib/gcc/arm-none-eabi/8.3.1/../../../../arm-none-eabi/lib/thumb/v7-m/nofp\libm.a
LOAD d:/mcuxpressoide_11.1.1_3241/ide/plugins/com.nxp.mcuxpresso.tools.win32_11.1.0.202001081728/tools/bin/../lib/gcc/arm-none-eabi/8.3.1/../../../../arm-none-eabi/lib/thumb/v7-m/nofp\libcr_newlib_none.a
END GROUP
                0x00000000                __base_MFlash512 = 0x0
                0x00000000                __base_Flash = 0x0
                0x00080000                __top_MFlash512 = 0x80000
                0x00080000                __top_Flash = 0x80000
                0x10000000                __base_RamLoc32 = 0x10000000
                0x10000000                __base_RAM = 0x10000000
                0x10008000                __top_RamLoc32 = 0x10008000
                0x10008000                __top_RAM = 0x10008000
                0x2007c000                __base_RamAHB32 = 0x2007c000
                0x2007c000                __base_RAM2 = 0x2007c000
                0x2007c800                __top_RamAHB32 = 0x2007c800
                0x2007c800                __top_RAM2 = 0x2007c800
                0x2007c800                __base_RAM3 = 0x2007c800
                0x2007c800                __base_RAM3 = 0x2007c800
                0x20084000                __top_RAM3 = 0x20084000
                0x20084000                __top_RAM3 = 0x20084000

.text           0x00000000     0x64cc
 FILL mask 0xff
                0x00000000                __vectors_start__ = ABSOLUTE (.)
 *(.isr_vector)
 .isr_vector    0x00000000       0xcc ./src/cr_startup_lpc175x_6x.o
                0x00000000                g_pfnVectors
                0x000000cc                . = ALIGN (0x4)
                0x000000cc                __section_table_start = .
                0x000000cc                __data_section_table = .
                0x000000cc        0x4 LONG 0x64cc LOADADDR (.data)
                0x000000d0        0x4 LONG 0x10000000 ADDR (.data)
                0x000000d4        0x4 LONG 0x84 SIZEOF (.data)
                0x000000d8        0x4 LONG 0x64cc LOADADDR (.data_RAM2)
                0x000000dc        0x4 LONG 0x2007c000 ADDR (.data_RAM2)
                0x000000e0        0x4 LONG 0x0 SIZEOF (.data_RAM2)
                0x000000e4        0x4 LONG 0x64cc LOADADDR (.data_RAM3)
                0x000000e8        0x4 LONG 0x2007c800 ADDR (.data_RAM3)
                0x000000ec        0x4 LONG 0x0 SIZEOF (.data_RAM3)
                0x000000f0                __data_section_table_end = .
                0x000000f0                __bss_section_table = .
                0x000000f0        0x4 LONG 0x10000084 ADDR (.bss)
                0x000000f4        0x4 LONG 0x5270 SIZEOF (.bss)
                0x000000f8        0x4 LONG 0x2007c000 ADDR (.bss_RAM2)
                0x000000fc        0x4 LONG 0x0 SIZEOF (.bss_RAM2)
                0x00000100        0x4 LONG 0x2007c800 ADDR (.bss_RAM3)
                0x00000104        0x4 LONG 0x23c0 SIZEOF (.bss_RAM3)
                0x00000108                __bss_section_table_end = .
                0x00000108                __section_table_end = .
 *(.after_vectors*)
 .after_vectors
                0x00000108       0x7c ./src/cr_startup_lpc175x_6x.o
                0x00000108                NMI_Handler
                0x0000010a                HardFault_Handler
                0x0000010c                MemManage_Handler
                0x0000010e                BusFault_Handler
                0x00000110                UsageFault_Handler
                0x00000112                DebugMon_Handler
                0x00000114                PWM1_IRQHandler
                0x00000114                USBActivity_IRQHandler
                0x00000114                UART3_IRQHandler
                0x00000114                RIT_IRQHandler
                0x00000114                I2C1_IRQHandler
                0x00000114                EINT2_IRQHandler
                0x00000114                EINT3_IRQHandler
                0x00000114                CANActivity_IRQHandler
                0x00000114                TIMER3_IRQHandler
                0x00000114                UART0_IRQHandler
                0x00000114                DMA_IRQHandler
                0x00000114                I2C0_IRQHandler
                0x00000114                IntDefaultHandler
                0x00000114                PLL0_IRQHandler
                0x00000114                CAN_IRQHandler
                0x00000114                PLL1_IRQHandler
                0x00000114                SSP0_IRQHandler
                0x00000114                I2S_IRQHandler
                0x00000114                I2C2_IRQHandler
                0x00000114                RTC_IRQHandler
                0x00000114                TIMER0_IRQHandler
                0x00000114                SPI_IRQHandler
                0x00000114                ETH_IRQHandler
                0x00000114                EINT1_IRQHandler
                0x00000114                TIMER1_IRQHandler
                0x00000114                UART2_IRQHandler
                0x00000114                ADC_IRQHandler
                0x00000114                SSP1_IRQHandler
                0x00000114                BOD_IRQHandler
                0x00000114                TIMER2_IRQHandler
                0x00000114                WDT_IRQHandler
                0x00000114                EINT0_IRQHandler
                0x00000114                QEI_IRQHandler
                0x00000114                MCPWM_IRQHandler
                0x00000116                data_init
                0x00000128                bss_init
                0x00000138                ResetISR
                0x0000017c                SVC_Handler
                0x0000017e                PendSV_Handler
                0x00000180                SysTick_Handler
                0x000002fc                . = 0x2fc
 *fill*         0x00000184      0x178 ff
                0x000002fc                PROVIDE (__CRP_WORD_START__ = .)
 *(.crp)
 .crp           0x000002fc        0x4 ./src/crp.o
                0x000002fc                CRP_WORD
                0x00000300                PROVIDE (__CRP_WORD_END__ = .)
                0x00000001                ASSERT (! ((__CRP_WORD_START__ == __CRP_WORD_END__)), Linker CRP Enabled, but no CRP_WORD provided within application)
 *(.text*)
 .text.vTask_HartBeat
                0x00000300       0x5c ./src/IA_2021_V0.o
 .text.vConfigureTimerForRunTimeStats
                0x0000035c       0x22 ./src/IA_2021_V0.o
                0x0000035c                vConfigureTimerForRunTimeStats
 *fill*         0x0000037e        0x2 ff
 .text.startup.main
                0x00000380       0x58 ./src/IA_2021_V0.o
                0x00000380                main
 .text.Debug_Trace_Texte
                0x000003d8        0x2 ./src/Init.o
                0x000003d8                Debug_Trace_Texte
 *fill*         0x000003da        0x2 ff
 .text.Set_Debug_Pin_0_High
                0x000003dc       0x10 ./src/Init.o
                0x000003dc                Set_Debug_Pin_0_High
 .text.Set_Debug_Pin_0_Low
                0x000003ec       0x10 ./src/Init.o
                0x000003ec                Set_Debug_Pin_0_Low
 .text.Set_Debug_Pin_1_Low
                0x000003fc       0x10 ./src/Init.o
                0x000003fc                Set_Debug_Pin_1_Low
 .text.Init_Carte_IA
                0x0000040c       0x5c ./src/Init.o
                0x0000040c                Init_Carte_IA
 .text.SystemInit
                0x00000468       0x14 ./src/sysinit.o
                0x00000468                SystemInit
 .text.TEST_init_parametres
                0x0000047c       0x44 ./src/test.o
                0x0000047c                TEST_init_parametres
 .text.TEST_Deplacement
                0x000004c0       0x98 ./src/test.o
                0x000004c0                TEST_Deplacement
 .text.TEST_envoi_Ping
                0x00000558       0x64 ./src/test.o
                0x00000558                TEST_envoi_Ping
 .text.vApplicationStackOverflowHook
                0x000005bc       0x12 ./freertos/src/FreeRTOSCommonHooks.o
                0x000005bc                vApplicationStackOverflowHook
 .text.xEventGroupCreate
                0x000005ce       0x1a ./freertos/src/event_groups.o
                0x000005ce                xEventGroupCreate
 .text.xEventGroupWaitBits
                0x000005e8       0xb4 ./freertos/src/event_groups.o
                0x000005e8                xEventGroupWaitBits
 .text.xEventGroupClearBits
                0x0000069c       0x1a ./freertos/src/event_groups.o
                0x0000069c                xEventGroupClearBits
 .text.xEventGroupSetBits
                0x000006b6       0x5c ./freertos/src/event_groups.o
                0x000006b6                xEventGroupSetBits
 .text.vEventGroupSetBitsCallback
                0x00000712        0x4 ./freertos/src/event_groups.o
                0x00000712                vEventGroupSetBitsCallback
 *fill*         0x00000716        0x2 ff
 .text.prvInsertBlockIntoFreeList
                0x00000718       0x48 ./freertos/src/heap_5.o
 .text.pvPortMalloc
                0x00000760       0xb4 ./freertos/src/heap_5.o
                0x00000760                pvPortMalloc
 .text.vPortFree
                0x00000814       0x58 ./freertos/src/heap_5.o
                0x00000814                vPortFree
 .text.vPortDefineHeapRegions
                0x0000086c       0x80 ./freertos/src/heap_5.o
                0x0000086c                vPortDefineHeapRegions
 .text.vListInitialise
                0x000008ec       0x16 ./freertos/src/list.o
                0x000008ec                vListInitialise
 .text.vListInitialiseItem
                0x00000902        0x6 ./freertos/src/list.o
                0x00000902                vListInitialiseItem
 .text.vListInsertEnd
                0x00000908       0x18 ./freertos/src/list.o
                0x00000908                vListInsertEnd
 .text.vListInsert
                0x00000920       0x2e ./freertos/src/list.o
                0x00000920                vListInsert
 .text.uxListRemove
                0x0000094e       0x20 ./freertos/src/list.o
                0x0000094e                uxListRemove
 .text.prvTaskExitError
                0x0000096e       0x20 ./freertos/src/port.o
 *fill*         0x0000098e        0x2 ff
 .text.prvPortStartFirstTask
                0x00000990       0x20 ./freertos/src/port.o
 .text.pxPortInitialiseStack
                0x000009b0       0x24 ./freertos/src/port.o
                0x000009b0                pxPortInitialiseStack
 *fill*         0x000009d4        0xc ff
 .text.vPortSVCHandler
                0x000009e0       0x24 ./freertos/src/port.o
                0x000009e0                vPortSVCHandler
 .text.vPortEnterCritical
                0x00000a04       0x20 ./freertos/src/port.o
                0x00000a04                vPortEnterCritical
 .text.vPortExitCritical
                0x00000a24       0x14 ./freertos/src/port.o
                0x00000a24                vPortExitCritical
 *fill*         0x00000a38        0x8 ff
 .text.xPortPendSVHandler
                0x00000a40       0x44 ./freertos/src/port.o
                0x00000a40                xPortPendSVHandler
 .text.xPortSysTickHandler
                0x00000a84       0x2c ./freertos/src/port.o
                0x00000a84                xPortSysTickHandler
 .text.vPortSetupTimerInterrupt
                0x00000ab0       0x24 ./freertos/src/port.o
                0x00000ab0                vPortSetupTimerInterrupt
 .text.xPortStartScheduler
                0x00000ad4       0x38 ./freertos/src/port.o
                0x00000ad4                xPortStartScheduler
 .text.prvIsQueueEmpty
                0x00000b0c       0x16 ./freertos/src/queue.o
 .text.prvCopyDataToQueue
                0x00000b22       0x6a ./freertos/src/queue.o
 .text.prvCopyDataFromQueue
                0x00000b8c       0x28 ./freertos/src/queue.o
 .text.prvUnlockQueue
                0x00000bb4       0x70 ./freertos/src/queue.o
 .text.xQueueGenericReset
                0x00000c24       0x6c ./freertos/src/queue.o
                0x00000c24                xQueueGenericReset
 .text.xQueueGenericCreate
                0x00000c90       0x2e ./freertos/src/queue.o
                0x00000c90                xQueueGenericCreate
 *fill*         0x00000cbe        0x2 ff
 .text.xQueueGenericSend
                0x00000cc0       0xfc ./freertos/src/queue.o
                0x00000cc0                xQueueGenericSend
 .text.xQueueGenericSendFromISR
                0x00000dbc       0x6a ./freertos/src/queue.o
                0x00000dbc                xQueueGenericSendFromISR
 *fill*         0x00000e26        0x2 ff
 .text.xQueueReceive
                0x00000e28       0xf0 ./freertos/src/queue.o
                0x00000e28                xQueueReceive
 .text.vQueueAddToRegistry
                0x00000f18       0x24 ./freertos/src/queue.o
                0x00000f18                vQueueAddToRegistry
 .text.vQueueWaitForMessageRestricted
                0x00000f3c       0x46 ./freertos/src/queue.o
                0x00000f3c                vQueueWaitForMessageRestricted
 *fill*         0x00000f82        0x2 ff
 .text.prvResetNextTaskUnblockTime
                0x00000f84       0x24 ./freertos/src/tasks.o
 .text.prvAddCurrentTaskToDelayedList
                0x00000fa8       0x8c ./freertos/src/tasks.o
 .text.prvIdleTask
                0x00001034       0x6c ./freertos/src/tasks.o
 .text.xTaskCreate
                0x000010a0      0x1d0 ./freertos/src/tasks.o
                0x000010a0                xTaskCreate
 .text.vTaskDelete
                0x00001270       0xbc ./freertos/src/tasks.o
                0x00001270                vTaskDelete
 .text.vTaskStartScheduler
                0x0000132c       0x6c ./freertos/src/tasks.o
                0x0000132c                vTaskStartScheduler
 .text.vTaskSuspendAll
                0x00001398       0x10 ./freertos/src/tasks.o
                0x00001398                vTaskSuspendAll
 .text.xTaskGetTickCount
                0x000013a8        0xc ./freertos/src/tasks.o
                0x000013a8                xTaskGetTickCount
 .text.xTaskIncrementTick
                0x000013b4      0x110 ./freertos/src/tasks.o
                0x000013b4                xTaskIncrementTick
 .text.xTaskResumeAll
                0x000014c4       0xd8 ./freertos/src/tasks.o
                0x000014c4                xTaskResumeAll
 .text.vTaskDelayUntil
                0x0000159c       0x4c ./freertos/src/tasks.o
                0x0000159c                vTaskDelayUntil
 .text.vTaskDelay
                0x000015e8       0x30 ./freertos/src/tasks.o
                0x000015e8                vTaskDelay
 .text.vTaskSwitchContext
                0x00001618       0x90 ./freertos/src/tasks.o
                0x00001618                vTaskSwitchContext
 .text.vTaskPlaceOnEventList
                0x000016a8       0x20 ./freertos/src/tasks.o
                0x000016a8                vTaskPlaceOnEventList
 .text.vTaskPlaceOnUnorderedEventList
                0x000016c8       0x28 ./freertos/src/tasks.o
                0x000016c8                vTaskPlaceOnUnorderedEventList
 .text.vTaskPlaceOnEventListRestricted
                0x000016f0       0x2c ./freertos/src/tasks.o
                0x000016f0                vTaskPlaceOnEventListRestricted
 .text.xTaskRemoveFromEventList
                0x0000171c       0x70 ./freertos/src/tasks.o
                0x0000171c                xTaskRemoveFromEventList
 .text.vTaskRemoveFromUnorderedEventList
                0x0000178c       0x58 ./freertos/src/tasks.o
                0x0000178c                vTaskRemoveFromUnorderedEventList
 .text.vTaskInternalSetTimeOutState
                0x000017e4       0x18 ./freertos/src/tasks.o
                0x000017e4                vTaskInternalSetTimeOutState
 .text.xTaskCheckForTimeOut
                0x000017fc       0x50 ./freertos/src/tasks.o
                0x000017fc                xTaskCheckForTimeOut
 .text.vTaskMissedYield
                0x0000184c        0xc ./freertos/src/tasks.o
                0x0000184c                vTaskMissedYield
 .text.xTaskGetCurrentTaskHandle
                0x00001858        0xc ./freertos/src/tasks.o
                0x00001858                xTaskGetCurrentTaskHandle
 .text.xTaskGetSchedulerState
                0x00001864       0x20 ./freertos/src/tasks.o
                0x00001864                xTaskGetSchedulerState
 .text.xTaskPriorityDisinherit
                0x00001884       0x70 ./freertos/src/tasks.o
                0x00001884                xTaskPriorityDisinherit
 .text.uxTaskResetEventItemValue
                0x000018f4       0x18 ./freertos/src/tasks.o
                0x000018f4                uxTaskResetEventItemValue
 .text.prvCheckForValidListAndQueue
                0x0000190c       0x58 ./freertos/src/timers.o
 .text.prvInsertTimerInActiveList
                0x00001964       0x3c ./freertos/src/timers.o
 .text.xTimerCreateTimerTask
                0x000019a0       0x38 ./freertos/src/timers.o
                0x000019a0                xTimerCreateTimerTask
 .text.xTimerGenericCommand
                0x000019d8       0x40 ./freertos/src/timers.o
                0x000019d8                xTimerGenericCommand
 .text.prvSwitchTimerLists
                0x00001a18       0x6c ./freertos/src/timers.o
 .text.prvTimerTask
                0x00001a84      0x1b4 ./freertos/src/timers.o
 .text.xTimerPendFunctionCallFromISR
                0x00001c38       0x28 ./freertos/src/timers.o
                0x00001c38                xTimerPendFunctionCallFromISR
 .text._0_Deplacement_Init
                0x00001c60       0x10 ./Strategie/Deplacement/0_Deplacements.o
                0x00001c60                _0_Deplacement_Init
 .text.Distance_To_Destination
                0x00001c70       0x48 ./Strategie/Deplacement/0_Deplacements.o
                0x00001c70                Distance_To_Destination
 .text._0_Deplacement_Wait_For_Arrival
                0x00001cb8       0x7c ./Strategie/Deplacement/0_Deplacements.o
                0x00001cb8                _0_Deplacement_Wait_For_Arrival
 .text.Distance_Two_Points
                0x00001d34       0x1c ./Strategie/Deplacement/0_Deplacements.o
                0x00001d34                Distance_Two_Points
 .text._0_Deplacement_ASTAR
                0x00001d50      0x234 ./Strategie/Deplacement/0_Deplacements.o
                0x00001d50                _0_Deplacement_ASTAR
 .text._0_Deplacement_Tourne_Avance
                0x00001f84       0xbc ./Strategie/Deplacement/0_Deplacements.o
                0x00001f84                _0_Deplacement_Tourne_Avance
 .text._0_Deplacement_Tourne_Avance_ASTAR
                0x00002040       0x90 ./Strategie/Deplacement/0_Deplacements.o
                0x00002040                _0_Deplacement_Tourne_Avance_ASTAR
 .text._1_TEST_Obstacles_Opponent_Robots
                0x000020d0       0x7e ./Strategie/Deplacement/1_Obstacles.o
                0x000020d0                _1_TEST_Obstacles_Opponent_Robots
 .text._1_Obstacles_Create_Terrain_Border
                0x0000214e       0xa4 ./Strategie/Deplacement/1_Obstacles.o
                0x0000214e                _1_Obstacles_Create_Terrain_Border
 *fill*         0x000021f2        0x2 ff
 .text._0_Infos_Init
                0x000021f4       0x10 ./Strategie/0_Infos.o
                0x000021f4                _0_Infos_Init
 .text._0_Update_Card_Datas
                0x00002204       0x20 ./Strategie/0_Infos.o
                0x00002204                _0_Update_Card_Datas
 .text._0_Get_Ptr_Robot_Position
                0x00002224       0x4c ./Strategie/0_Infos.o
                0x00002224                _0_Get_Ptr_Robot_Position
 .text.Astar_Map_Init
                0x00002270       0xfc ./Pathfinding/Astar/Astar.o
                0x00002270                Astar_Map_Init
 .text.Astar_Get_Map
                0x0000236c        0x8 ./Pathfinding/Astar/Astar.o
                0x0000236c                Astar_Get_Map
 .text.Astar_Get_Vector_Map
                0x00002374        0x8 ./Pathfinding/Astar/Astar.o
                0x00002374                Astar_Get_Vector_Map
 .text.Astar_Find_Best_Node_To_Compute
                0x0000237c       0x8a ./Pathfinding/Astar/Astar.o
                0x0000237c                Astar_Find_Best_Node_To_Compute
 *fill*         0x00002406        0x2 ff
 .text.Astar_Compute_Node
                0x00002408       0xb4 ./Pathfinding/Astar/Astar.o
                0x00002408                Astar_Compute_Node
 .text.Astar_Compute_Surronding_Nodes
                0x000024bc      0x234 ./Pathfinding/Astar/Astar.o
                0x000024bc                Astar_Compute_Surronding_Nodes
 .text.Dijkstra_intersect_segment
                0x000026f0      0x2ac ./Pathfinding/Astar/Astar.o
                0x000026f0                Dijkstra_intersect_segment
 .text.Dijkstra_Intersect_Any_Segment
                0x0000299c       0x44 ./Pathfinding/Astar/Astar.o
                0x0000299c                Dijkstra_Intersect_Any_Segment
 .text.Astar_Smoothing
                0x000029e0       0x7a ./Pathfinding/Astar/Astar.o
                0x000029e0                Astar_Smoothing
 .text.Astar_Generate_Trajectory
                0x00002a5a       0x90 ./Pathfinding/Astar/Astar.o
                0x00002a5a                Astar_Generate_Trajectory
 *fill*         0x00002aea        0x2 ff
 .text.Astar_Find_Path
                0x00002aec       0xe0 ./Pathfinding/Astar/Astar.o
                0x00002aec                Astar_Find_Path
 .text.Astar_Debug_Display_Map
                0x00002bcc        0x2 ./Pathfinding/Astar/Astar.o
                0x00002bcc                Astar_Debug_Display_Map
 .text.Astar_Add_Obstacle_Vector
                0x00002bce       0x8c ./Pathfinding/Astar/Astar.o
                0x00002bce                Astar_Add_Obstacle_Vector
 .text.Astar_Add_Rectangular_Obstacle
                0x00002c5a       0xb0 ./Pathfinding/Astar/Astar.o
                0x00002c5a                Astar_Add_Rectangular_Obstacle
 .text._0_RS485_Master_Mode
                0x00002d0a       0x18 ./Communication/RS485/0_RS485.o
                0x00002d0a                _0_RS485_Master_Mode
 .text._0_RS485_Slave_Mode
                0x00002d22       0x18 ./Communication/RS485/0_RS485.o
                0x00002d22                _0_RS485_Slave_Mode
 .text._0_RS485_Init
                0x00002d3a       0x50 ./Communication/RS485/0_RS485.o
                0x00002d3a                _0_RS485_Init
 .text._0_Communication_Send_RS485
                0x00002d8a       0x6a ./Communication/0_Communication.o
                0x00002d8a                _0_Communication_Send_RS485
 .text.Chip_UART_SendByte
                0x00002df4        0x4 ./Communication/0_Communication.o
 .text.Chip_UART_ReadLineStatus
                0x00002df8        0x4 ./Communication/0_Communication.o
 .text._0_Communication_Init_RS485
                0x00002dfc       0xa0 ./Communication/0_Communication.o
                0x00002dfc                _0_Communication_Init_RS485
 .text._0_Communication_Init
                0x00002e9c       0x58 ./Communication/0_Communication.o
                0x00002e9c                _0_Communication_Init
 .text.UART1_IRQHandler
                0x00002ef4       0x9c ./Communication/0_Communication.o
                0x00002ef4                UART1_IRQHandler
 .text.USB_IRQHandler
                0x00002f90       0x18 ./Communication/0_Communication.o
                0x00002f90                USB_IRQHandler
 .text._0_Communication_Send_Data
                0x00002fa8       0x64 ./Communication/0_Communication.o
                0x00002fa8                _0_Communication_Send_Data
 .text._0_Communication_Init_Event_Group
                0x0000300c       0x10 ./Communication/0_Event_Group.o
                0x0000300c                _0_Communication_Init_Event_Group
 .text._1_Communication_Create_Trame_From_Buffer
                0x0000301c      0x2d4 ./Communication/1_Trame_Communication.o
                0x0000301c                _1_Communication_Create_Trame_From_Buffer
 .text._1_Communication_Check_Rx_Adresse
                0x000032f0       0x24 ./Communication/1_Trame_Communication.o
                0x000032f0                _1_Communication_Check_Rx_Adresse
 .text._1_Communication_Recomposition_Rx
                0x00003314       0x64 ./Communication/1_Trame_Communication.o
                0x00003314                _1_Communication_Recomposition_Rx
 .text._1_Communication_Create_Queues_Semaphores
                0x00003378       0x30 ./Communication/1_Trame_Communication.o
                0x00003378                _1_Communication_Create_Queues_Semaphores
 .text._1_Communication_Init
                0x000033a8       0x30 ./Communication/1_Trame_Communication.o
                0x000033a8                _1_Communication_Init
 .text._1_Communication_Wait_To_Send
                0x000033d8       0x20 ./Communication/1_Trame_Communication.o
                0x000033d8                _1_Communication_Wait_To_Send
 .text._1_Communication_Free_Send_Bit
                0x000033f8       0x10 ./Communication/1_Trame_Communication.o
                0x000033f8                _1_Communication_Free_Send_Bit
 .text._1_Communication_Wait_To_Receive
                0x00003408       0x20 ./Communication/1_Trame_Communication.o
                0x00003408                _1_Communication_Wait_To_Receive
 .text._1_Communication_Free_Receive_Bit
                0x00003428       0x10 ./Communication/1_Trame_Communication.o
                0x00003428                _1_Communication_Free_Receive_Bit
 .text._1_Communication_Create_Trame
                0x00003438       0xa0 ./Communication/1_Trame_Communication.o
                0x00003438                _1_Communication_Create_Trame
 .text._2_Communication_Init
                0x000034d8       0x10 ./Communication/2_Echange_Datas.o
                0x000034d8                _2_Communication_Init
 .text._2_Comm_Send_Demande_Info
                0x000034e8       0x34 ./Communication/2_Echange_Datas.o
                0x000034e8                _2_Comm_Send_Demande_Info
 .text._2_Comm_Send_PING
                0x0000351c       0x34 ./Communication/2_Echange_Datas.o
                0x0000351c                _2_Comm_Send_PING
 .text._2_Comm_Send_Log_Message
                0x00003550      0x104 ./Communication/2_Echange_Datas.o
                0x00003550                _2_Comm_Send_Log_Message
 .text._2_Comm_Send_Destination_Robot
                0x00003654       0x8c ./Communication/2_Echange_Datas.o
                0x00003654                _2_Comm_Send_Destination_Robot
 .text._2_Comm_Send_PONG
                0x000036e0       0x6c ./Communication/2_Echange_Datas.o
                0x000036e0                _2_Comm_Send_PONG
 .text._2_Communication_Boards_Status
                0x0000374c       0x38 ./Communication/2_Echange_Datas.o
                0x0000374c                _2_Communication_Boards_Status
 .text._2_Communication_RX_Lectures_Messages
                0x00003784       0x98 ./Communication/2_Echange_Datas_Reception.o
                0x00003784                _2_Communication_RX_Lectures_Messages
 .text._2_Communication_RX_Init
                0x0000381c       0x2c ./Communication/2_Echange_Datas_Reception.o
                0x0000381c                _2_Communication_RX_Init
 .text.SystemCoreClockUpdate
                0x00003848       0x10 D:\Developpement_Robot\Robotic-System.git\trunk\Workspaces\MultiWorkSpaces_2021\0_lpc_chip_175x_6x\Release\lib0_lpc_chip_175x_6x.a(chip_17xx_40xx.o)
                0x00003848                SystemCoreClockUpdate
 .text.Chip_Clock_EnablePLL
                0x00003858       0x24 D:\Developpement_Robot\Robotic-System.git\trunk\Workspaces\MultiWorkSpaces_2021\0_lpc_chip_175x_6x\Release\lib0_lpc_chip_175x_6x.a(clock_17xx_40xx.o)
                0x00003858                Chip_Clock_EnablePLL
 .text.Chip_Clock_DisablePLL
                0x0000387c       0x26 D:\Developpement_Robot\Robotic-System.git\trunk\Workspaces\MultiWorkSpaces_2021\0_lpc_chip_175x_6x\Release\lib0_lpc_chip_175x_6x.a(clock_17xx_40xx.o)
                0x0000387c                Chip_Clock_DisablePLL
 .text.Chip_Clock_SetupPLL
                0x000038a2       0x30 D:\Developpement_Robot\Robotic-System.git\trunk\Workspaces\MultiWorkSpaces_2021\0_lpc_chip_175x_6x\Release\lib0_lpc_chip_175x_6x.a(clock_17xx_40xx.o)
                0x000038a2                Chip_Clock_SetupPLL
 *fill*         0x000038d2        0x2 ff
 .text.Chip_Clock_EnablePeriphClock
                0x000038d4       0x18 D:\Developpement_Robot\Robotic-System.git\trunk\Workspaces\MultiWorkSpaces_2021\0_lpc_chip_175x_6x\Release\lib0_lpc_chip_175x_6x.a(clock_17xx_40xx.o)
                0x000038d4                Chip_Clock_EnablePeriphClock
 .text.Chip_Clock_GetCPUClockSource
                0x000038ec       0x10 D:\Developpement_Robot\Robotic-System.git\trunk\Workspaces\MultiWorkSpaces_2021\0_lpc_chip_175x_6x\Release\lib0_lpc_chip_175x_6x.a(clock_17xx_40xx.o)
                0x000038ec                Chip_Clock_GetCPUClockSource
 .text.Chip_Clock_SetCPUClockDiv
                0x000038fc        0xc D:\Developpement_Robot\Robotic-System.git\trunk\Workspaces\MultiWorkSpaces_2021\0_lpc_chip_175x_6x\Release\lib0_lpc_chip_175x_6x.a(clock_17xx_40xx.o)
                0x000038fc                Chip_Clock_SetCPUClockDiv
 .text.Chip_Clock_GetCPUClockDiv
                0x00003908       0x10 D:\Developpement_Robot\Robotic-System.git\trunk\Workspaces\MultiWorkSpaces_2021\0_lpc_chip_175x_6x\Release\lib0_lpc_chip_175x_6x.a(clock_17xx_40xx.o)
                0x00003908                Chip_Clock_GetCPUClockDiv
 .text.Chip_Clock_GetPCLKDiv
                0x00003918       0x38 D:\Developpement_Robot\Robotic-System.git\trunk\Workspaces\MultiWorkSpaces_2021\0_lpc_chip_175x_6x\Release\lib0_lpc_chip_175x_6x.a(clock_17xx_40xx.o)
                0x00003918                Chip_Clock_GetPCLKDiv
 .text.Chip_Clock_GetSYSCLKRate
                0x00003950       0x38 D:\Developpement_Robot\Robotic-System.git\trunk\Workspaces\MultiWorkSpaces_2021\0_lpc_chip_175x_6x\Release\lib0_lpc_chip_175x_6x.a(clock_17xx_40xx.o)
                0x00003950                Chip_Clock_GetSYSCLKRate
 .text.Chip_Clock_GetMainPLLOutClockRate
                0x00003988       0x34 D:\Developpement_Robot\Robotic-System.git\trunk\Workspaces\MultiWorkSpaces_2021\0_lpc_chip_175x_6x\Release\lib0_lpc_chip_175x_6x.a(clock_17xx_40xx.o)
                0x00003988                Chip_Clock_GetMainPLLOutClockRate
 .text.Chip_Clock_GetMainClockRate
                0x000039bc       0x20 D:\Developpement_Robot\Robotic-System.git\trunk\Workspaces\MultiWorkSpaces_2021\0_lpc_chip_175x_6x\Release\lib0_lpc_chip_175x_6x.a(clock_17xx_40xx.o)
                0x000039bc                Chip_Clock_GetMainClockRate
 .text.Chip_Clock_GetSystemClockRate
                0x000039dc       0x12 D:\Developpement_Robot\Robotic-System.git\trunk\Workspaces\MultiWorkSpaces_2021\0_lpc_chip_175x_6x\Release\lib0_lpc_chip_175x_6x.a(clock_17xx_40xx.o)
                0x000039dc                Chip_Clock_GetSystemClockRate
 .text.Chip_Clock_GetPeripheralClockRate
                0x000039ee       0x16 D:\Developpement_Robot\Robotic-System.git\trunk\Workspaces\MultiWorkSpaces_2021\0_lpc_chip_175x_6x\Release\lib0_lpc_chip_175x_6x.a(clock_17xx_40xx.o)
                0x000039ee                Chip_Clock_GetPeripheralClockRate
 .text.RingBuffer_Init
                0x00003a04       0x10 D:\Developpement_Robot\Robotic-System.git\trunk\Workspaces\MultiWorkSpaces_2021\0_lpc_chip_175x_6x\Release\lib0_lpc_chip_175x_6x.a(ring_buffer.o)
                0x00003a04                RingBuffer_Init
 .text.RingBuffer_Insert
                0x00003a14       0x30 D:\Developpement_Robot\Robotic-System.git\trunk\Workspaces\MultiWorkSpaces_2021\0_lpc_chip_175x_6x\Release\lib0_lpc_chip_175x_6x.a(ring_buffer.o)
                0x00003a14                RingBuffer_Insert
 .text.RingBuffer_InsertMult
                0x00003a44       0x8c D:\Developpement_Robot\Robotic-System.git\trunk\Workspaces\MultiWorkSpaces_2021\0_lpc_chip_175x_6x\Release\lib0_lpc_chip_175x_6x.a(ring_buffer.o)
                0x00003a44                RingBuffer_InsertMult
 .text.RingBuffer_Pop
                0x00003ad0       0x30 D:\Developpement_Robot\Robotic-System.git\trunk\Workspaces\MultiWorkSpaces_2021\0_lpc_chip_175x_6x\Release\lib0_lpc_chip_175x_6x.a(ring_buffer.o)
                0x00003ad0                RingBuffer_Pop
 .text.RingBuffer_PopMult
                0x00003b00       0x7e D:\Developpement_Robot\Robotic-System.git\trunk\Workspaces\MultiWorkSpaces_2021\0_lpc_chip_175x_6x\Release\lib0_lpc_chip_175x_6x.a(ring_buffer.o)
                0x00003b00                RingBuffer_PopMult
 .text.RingBuffer_Count
                0x00003b7e        0x8 D:\Developpement_Robot\Robotic-System.git\trunk\Workspaces\MultiWorkSpaces_2021\0_lpc_chip_175x_6x\Release\lib0_lpc_chip_175x_6x.a(ring_buffer.o)
                0x00003b7e                RingBuffer_Count
 *fill*         0x00003b86        0x2 ff
 .text.Chip_SetupIrcClocking
                0x00003b88       0x64 D:\Developpement_Robot\Robotic-System.git\trunk\Workspaces\MultiWorkSpaces_2021\0_lpc_chip_175x_6x\Release\lib0_lpc_chip_175x_6x.a(sysinit_17xx_40xx.o)
                0x00003b88                Chip_SetupIrcClocking
 .text.Chip_SetupXtalClocking
                0x00003bec       0xdc D:\Developpement_Robot\Robotic-System.git\trunk\Workspaces\MultiWorkSpaces_2021\0_lpc_chip_175x_6x\Release\lib0_lpc_chip_175x_6x.a(sysinit_17xx_40xx.o)
                0x00003bec                Chip_SetupXtalClocking
 .text.Chip_SystemInit
                0x00003cc8        0x4 D:\Developpement_Robot\Robotic-System.git\trunk\Workspaces\MultiWorkSpaces_2021\0_lpc_chip_175x_6x\Release\lib0_lpc_chip_175x_6x.a(sysinit_17xx_40xx.o)
                0x00003cc8                Chip_SystemInit
 .text.Chip_TIMER_Init
                0x00003ccc       0x2c D:\Developpement_Robot\Robotic-System.git\trunk\Workspaces\MultiWorkSpaces_2021\0_lpc_chip_175x_6x\Release\lib0_lpc_chip_175x_6x.a(timer_17xx_40xx.o)
                0x00003ccc                Chip_TIMER_Init
 .text.Chip_UART_Init
                0x00003cf8       0x58 D:\Developpement_Robot\Robotic-System.git\trunk\Workspaces\MultiWorkSpaces_2021\0_lpc_chip_175x_6x\Release\lib0_lpc_chip_175x_6x.a(uart_17xx_40xx.o)
                0x00003cf8                Chip_UART_Init
 .text.Chip_UART_TXEnable
                0x00003d50        0x6 D:\Developpement_Robot\Robotic-System.git\trunk\Workspaces\MultiWorkSpaces_2021\0_lpc_chip_175x_6x\Release\lib0_lpc_chip_175x_6x.a(uart_17xx_40xx.o)
                0x00003d50                Chip_UART_TXEnable
 *fill*         0x00003d56        0x2 ff
 .text.Chip_UART_SetBaud
                0x00003d58       0x58 D:\Developpement_Robot\Robotic-System.git\trunk\Workspaces\MultiWorkSpaces_2021\0_lpc_chip_175x_6x\Release\lib0_lpc_chip_175x_6x.a(uart_17xx_40xx.o)
                0x00003d58                Chip_UART_SetBaud
 .text.Chip_UART_RXIntHandlerRB
                0x00003db0       0x22 D:\Developpement_Robot\Robotic-System.git\trunk\Workspaces\MultiWorkSpaces_2021\0_lpc_chip_175x_6x\Release\lib0_lpc_chip_175x_6x.a(uart_17xx_40xx.o)
                0x00003db0                Chip_UART_RXIntHandlerRB
 .text.Chip_UART_TXIntHandlerRB
                0x00003dd2       0x24 D:\Developpement_Robot\Robotic-System.git\trunk\Workspaces\MultiWorkSpaces_2021\0_lpc_chip_175x_6x\Release\lib0_lpc_chip_175x_6x.a(uart_17xx_40xx.o)
                0x00003dd2                Chip_UART_TXIntHandlerRB
 *fill*         0x00003df6        0x2 ff
 .text.Chip_UART_IRQRBHandler
                0x00003df8       0x68 D:\Developpement_Robot\Robotic-System.git\trunk\Workspaces\MultiWorkSpaces_2021\0_lpc_chip_175x_6x\Release\lib0_lpc_chip_175x_6x.a(uart_17xx_40xx.o)
                0x00003df8                Chip_UART_IRQRBHandler
 .text.Set_Clock_in
                0x00003e60        0xc D:\Developpement_Robot\Robotic-System.git\trunk\Workspaces\MultiWorkSpaces_2021\0_lpc_board_nxp_lpcxpresso_1769\Release\lib0_lpc_board_nxp_lpcxpresso_1769.a(board.o)
                0x00003e60                Set_Clock_in
 .text.Board_Init
                0x00003e6c       0x12 D:\Developpement_Robot\Robotic-System.git\trunk\Workspaces\MultiWorkSpaces_2021\0_lpc_board_nxp_lpcxpresso_1769\Release\lib0_lpc_board_nxp_lpcxpresso_1769.a(board.o)
                0x00003e6c                Board_Init
 .text.EPAdr    0x00003e7e       0x10 D:\Developpement_Robot\Robotic-System.git\trunk\Workspaces\MultiWorkSpaces_2021\0_lpc_chip_175x_6x\libs\libusbd_175x_6x_lib.a(hw_usbd_ip3503.o)
                0x00003e7e                EPAdr
 .text.hwWrCmd  0x00003e8e       0x10 D:\Developpement_Robot\Robotic-System.git\trunk\Workspaces\MultiWorkSpaces_2021\0_lpc_chip_175x_6x\libs\libusbd_175x_6x_lib.a(hw_usbd_ip3503.o)
                0x00003e8e                hwWrCmd
 .text.hwWrCmdDat
                0x00003e9e       0x16 D:\Developpement_Robot\Robotic-System.git\trunk\Workspaces\MultiWorkSpaces_2021\0_lpc_chip_175x_6x\libs\libusbd_175x_6x_lib.a(hw_usbd_ip3503.o)
                0x00003e9e                hwWrCmdDat
 .text.hwWrCmdEP
                0x00003eb4       0x24 D:\Developpement_Robot\Robotic-System.git\trunk\Workspaces\MultiWorkSpaces_2021\0_lpc_chip_175x_6x\libs\libusbd_175x_6x_lib.a(hw_usbd_ip3503.o)
                0x00003eb4                hwWrCmdEP
 .text.hwRdCmdDat
                0x00003ed8       0x12 D:\Developpement_Robot\Robotic-System.git\trunk\Workspaces\MultiWorkSpaces_2021\0_lpc_chip_175x_6x\libs\libusbd_175x_6x_lib.a(hw_usbd_ip3503.o)
                0x00003ed8                hwRdCmdDat
 .text.hwUSB_GetMemSize
                0x00003eea        0x6 D:\Developpement_Robot\Robotic-System.git\trunk\Workspaces\MultiWorkSpaces_2021\0_lpc_chip_175x_6x\libs\libusbd_175x_6x_lib.a(hw_usbd_ip3503.o)
                0x00003eea                hwUSB_GetMemSize
 .text.hwUSB_Connect
                0x00003ef0       0x1c D:\Developpement_Robot\Robotic-System.git\trunk\Workspaces\MultiWorkSpaces_2021\0_lpc_chip_175x_6x\libs\libusbd_175x_6x_lib.a(hw_usbd_ip3503.o)
                0x00003ef0                hwUSB_Connect
 .text.hwUSB_Reset
                0x00003f0c       0x30 D:\Developpement_Robot\Robotic-System.git\trunk\Workspaces\MultiWorkSpaces_2021\0_lpc_chip_175x_6x\libs\libusbd_175x_6x_lib.a(hw_usbd_ip3503.o)
                0x00003f0c                hwUSB_Reset
 .text.hwUSB_WakeUp
                0x00003f3c       0x20 D:\Developpement_Robot\Robotic-System.git\trunk\Workspaces\MultiWorkSpaces_2021\0_lpc_chip_175x_6x\libs\libusbd_175x_6x_lib.a(hw_usbd_ip3503.o)
                0x00003f3c                hwUSB_WakeUp
 .text.hwUSB_WakeUpCfg
                0x00003f5c        0x2 D:\Developpement_Robot\Robotic-System.git\trunk\Workspaces\MultiWorkSpaces_2021\0_lpc_chip_175x_6x\libs\libusbd_175x_6x_lib.a(hw_usbd_ip3503.o)
                0x00003f5c                hwUSB_WakeUpCfg
 *fill*         0x00003f5e        0x2 ff
 .text.hwUSB_SetAddress
                0x00003f60       0x30 D:\Developpement_Robot\Robotic-System.git\trunk\Workspaces\MultiWorkSpaces_2021\0_lpc_chip_175x_6x\libs\libusbd_175x_6x_lib.a(hw_usbd_ip3503.o)
                0x00003f60                hwUSB_SetAddress
 .text.hwUSB_Init
                0x00003f90       0x84 D:\Developpement_Robot\Robotic-System.git\trunk\Workspaces\MultiWorkSpaces_2021\0_lpc_chip_175x_6x\libs\libusbd_175x_6x_lib.a(hw_usbd_ip3503.o)
                0x00003f90                hwUSB_Init
 .text.hwUSB_Configure
                0x00004014       0x34 D:\Developpement_Robot\Robotic-System.git\trunk\Workspaces\MultiWorkSpaces_2021\0_lpc_chip_175x_6x\libs\libusbd_175x_6x_lib.a(hw_usbd_ip3503.o)
                0x00004014                hwUSB_Configure
 .text.hwUSB_ConfigEP
                0x00004048       0x32 D:\Developpement_Robot\Robotic-System.git\trunk\Workspaces\MultiWorkSpaces_2021\0_lpc_chip_175x_6x\libs\libusbd_175x_6x_lib.a(hw_usbd_ip3503.o)
                0x00004048                hwUSB_ConfigEP
 .text.hwUSB_DirCtrlEP
                0x0000407a        0x2 D:\Developpement_Robot\Robotic-System.git\trunk\Workspaces\MultiWorkSpaces_2021\0_lpc_chip_175x_6x\libs\libusbd_175x_6x_lib.a(hw_usbd_ip3503.o)
                0x0000407a                hwUSB_DirCtrlEP
 .text.hwUSB_EnableEP
                0x0000407c       0x24 D:\Developpement_Robot\Robotic-System.git\trunk\Workspaces\MultiWorkSpaces_2021\0_lpc_chip_175x_6x\libs\libusbd_175x_6x_lib.a(hw_usbd_ip3503.o)
                0x0000407c                hwUSB_EnableEP
 .text.hwUSB_DisableEP
                0x000040a0       0x28 D:\Developpement_Robot\Robotic-System.git\trunk\Workspaces\MultiWorkSpaces_2021\0_lpc_chip_175x_6x\libs\libusbd_175x_6x_lib.a(hw_usbd_ip3503.o)
                0x000040a0                hwUSB_DisableEP
 .text.hwUSB_ResetEP
                0x000040c8       0x24 D:\Developpement_Robot\Robotic-System.git\trunk\Workspaces\MultiWorkSpaces_2021\0_lpc_chip_175x_6x\libs\libusbd_175x_6x_lib.a(hw_usbd_ip3503.o)
                0x000040c8                hwUSB_ResetEP
 .text.hwUSB_SetStallEP
                0x000040ec       0x28 D:\Developpement_Robot\Robotic-System.git\trunk\Workspaces\MultiWorkSpaces_2021\0_lpc_chip_175x_6x\libs\libusbd_175x_6x_lib.a(hw_usbd_ip3503.o)
                0x000040ec                hwUSB_SetStallEP
 .text.hwUSB_ClrStallEP
                0x00004114       0x24 D:\Developpement_Robot\Robotic-System.git\trunk\Workspaces\MultiWorkSpaces_2021\0_lpc_chip_175x_6x\libs\libusbd_175x_6x_lib.a(hw_usbd_ip3503.o)
                0x00004114                hwUSB_ClrStallEP
 .text.hwUSB_EnableEvent
                0x00004138       0xd8 D:\Developpement_Robot\Robotic-System.git\trunk\Workspaces\MultiWorkSpaces_2021\0_lpc_chip_175x_6x\libs\libusbd_175x_6x_lib.a(hw_usbd_ip3503.o)
                0x00004138                hwUSB_EnableEvent
 .text.hwUSB_ReadEP
                0x00004210       0x80 D:\Developpement_Robot\Robotic-System.git\trunk\Workspaces\MultiWorkSpaces_2021\0_lpc_chip_175x_6x\libs\libusbd_175x_6x_lib.a(hw_usbd_ip3503.o)
                0x00004210                hwUSB_ReadEP
 .text.hwUSB_ForceFullSpeed
                0x00004290        0x2 D:\Developpement_Robot\Robotic-System.git\trunk\Workspaces\MultiWorkSpaces_2021\0_lpc_chip_175x_6x\libs\libusbd_175x_6x_lib.a(hw_usbd_ip3503.o)
                0x00004290                hwUSB_ForceFullSpeed
 .text.hwUSB_SetTestMode
                0x00004292        0x4 D:\Developpement_Robot\Robotic-System.git\trunk\Workspaces\MultiWorkSpaces_2021\0_lpc_chip_175x_6x\libs\libusbd_175x_6x_lib.a(hw_usbd_ip3503.o)
                0x00004292                hwUSB_SetTestMode
 .text.hwUSB_ReadReqEP
                0x00004296        0x4 D:\Developpement_Robot\Robotic-System.git\trunk\Workspaces\MultiWorkSpaces_2021\0_lpc_chip_175x_6x\libs\libusbd_175x_6x_lib.a(hw_usbd_ip3503.o)
                0x00004296                hwUSB_ReadReqEP
 .text.hwUSB_ReadSetupPkt
                0x0000429a        0x4 D:\Developpement_Robot\Robotic-System.git\trunk\Workspaces\MultiWorkSpaces_2021\0_lpc_chip_175x_6x\libs\libusbd_175x_6x_lib.a(hw_usbd_ip3503.o)
                0x0000429a                hwUSB_ReadSetupPkt
 *fill*         0x0000429e        0x2 ff
 .text.hwUSB_WriteEP
                0x000042a0       0x44 D:\Developpement_Robot\Robotic-System.git\trunk\Workspaces\MultiWorkSpaces_2021\0_lpc_chip_175x_6x\libs\libusbd_175x_6x_lib.a(hw_usbd_ip3503.o)
                0x000042a0                hwUSB_WriteEP
 .text.hwUSB_ISR
                0x000042e4      0x1a0 D:\Developpement_Robot\Robotic-System.git\trunk\Workspaces\MultiWorkSpaces_2021\0_lpc_chip_175x_6x\libs\libusbd_175x_6x_lib.a(hw_usbd_ip3503.o)
                0x000042e4                hwUSB_ISR
 .text.mwCDC_SetRequest
                0x00004484       0x7c D:\Developpement_Robot\Robotic-System.git\trunk\Workspaces\MultiWorkSpaces_2021\0_lpc_chip_175x_6x\libs\libusbd_175x_6x_lib.a(mw_usbd_cdcuser.o)
                0x00004484                mwCDC_SetRequest
 .text.mwCDC_ep0_hdlr
                0x00004500       0xb0 D:\Developpement_Robot\Robotic-System.git\trunk\Workspaces\MultiWorkSpaces_2021\0_lpc_chip_175x_6x\libs\libusbd_175x_6x_lib.a(mw_usbd_cdcuser.o)
                0x00004500                mwCDC_ep0_hdlr
 .text.mwCDC_GetRequest
                0x000045b0       0x50 D:\Developpement_Robot\Robotic-System.git\trunk\Workspaces\MultiWorkSpaces_2021\0_lpc_chip_175x_6x\libs\libusbd_175x_6x_lib.a(mw_usbd_cdcuser.o)
                0x000045b0                mwCDC_GetRequest
 .text.mwCDC_SendNotification
                0x00004600       0x50 D:\Developpement_Robot\Robotic-System.git\trunk\Workspaces\MultiWorkSpaces_2021\0_lpc_chip_175x_6x\libs\libusbd_175x_6x_lib.a(mw_usbd_cdcuser.o)
                0x00004600                mwCDC_SendNotification
 .text.mwCDC_GetMemSize
                0x00004650        0x4 D:\Developpement_Robot\Robotic-System.git\trunk\Workspaces\MultiWorkSpaces_2021\0_lpc_chip_175x_6x\libs\libusbd_175x_6x_lib.a(mw_usbd_cdcuser.o)
                0x00004650                mwCDC_GetMemSize
 .text.mwCDC_init
                0x00004654      0x140 D:\Developpement_Robot\Robotic-System.git\trunk\Workspaces\MultiWorkSpaces_2021\0_lpc_chip_175x_6x\libs\libusbd_175x_6x_lib.a(mw_usbd_cdcuser.o)
                0x00004654                mwCDC_init
 .text.USB_ReqGetConfiguration
                0x00004794       0x20 D:\Developpement_Robot\Robotic-System.git\trunk\Workspaces\MultiWorkSpaces_2021\0_lpc_chip_175x_6x\libs\libusbd_175x_6x_lib.a(mw_usbd_core.o)
                0x00004794                USB_ReqGetConfiguration
 .text.USBD_virt_to_phys
                0x000047b4        0x2 D:\Developpement_Robot\Robotic-System.git\trunk\Workspaces\MultiWorkSpaces_2021\0_lpc_chip_175x_6x\libs\libusbd_175x_6x_lib.a(mw_usbd_core.o)
                0x000047b4                USBD_virt_to_phys
 .text.USBD_cache_flush
                0x000047b6        0x2 D:\Developpement_Robot\Robotic-System.git\trunk\Workspaces\MultiWorkSpaces_2021\0_lpc_chip_175x_6x\libs\libusbd_175x_6x_lib.a(mw_usbd_core.o)
                0x000047b6                USBD_cache_flush
 .text.USB_ReqGetStatus
                0x000047b8       0x8c D:\Developpement_Robot\Robotic-System.git\trunk\Workspaces\MultiWorkSpaces_2021\0_lpc_chip_175x_6x\libs\libusbd_175x_6x_lib.a(mw_usbd_core.o)
                0x000047b8                USB_ReqGetStatus
 .text.USB_ReqGetDescriptor
                0x00004844       0x84 D:\Developpement_Robot\Robotic-System.git\trunk\Workspaces\MultiWorkSpaces_2021\0_lpc_chip_175x_6x\libs\libusbd_175x_6x_lib.a(mw_usbd_core.o)
                0x00004844                USB_ReqGetDescriptor
 .text.USB_ReqGetInterface
                0x000048c8       0x34 D:\Developpement_Robot\Robotic-System.git\trunk\Workspaces\MultiWorkSpaces_2021\0_lpc_chip_175x_6x\libs\libusbd_175x_6x_lib.a(mw_usbd_core.o)
                0x000048c8                USB_ReqGetInterface
 .text.USB_ReqSetClrFeature
                0x000048fc       0xb4 D:\Developpement_Robot\Robotic-System.git\trunk\Workspaces\MultiWorkSpaces_2021\0_lpc_chip_175x_6x\libs\libusbd_175x_6x_lib.a(mw_usbd_core.o)
                0x000048fc                USB_ReqSetClrFeature
 .text.USB_ReqSetConfiguration
                0x000049b0      0x194 D:\Developpement_Robot\Robotic-System.git\trunk\Workspaces\MultiWorkSpaces_2021\0_lpc_chip_175x_6x\libs\libusbd_175x_6x_lib.a(mw_usbd_core.o)
                0x000049b0                USB_ReqSetConfiguration
 .text.USB_ReqSetInterface
                0x00004b44      0x144 D:\Developpement_Robot\Robotic-System.git\trunk\Workspaces\MultiWorkSpaces_2021\0_lpc_chip_175x_6x\libs\libusbd_175x_6x_lib.a(mw_usbd_core.o)
                0x00004b44                USB_ReqSetInterface
 .text.mwUSB_SetupStage
                0x00004c88        0xa D:\Developpement_Robot\Robotic-System.git\trunk\Workspaces\MultiWorkSpaces_2021\0_lpc_chip_175x_6x\libs\libusbd_175x_6x_lib.a(mw_usbd_core.o)
                0x00004c88                mwUSB_SetupStage
 .text.mwUSB_DataInStage
                0x00004c92       0x2e D:\Developpement_Robot\Robotic-System.git\trunk\Workspaces\MultiWorkSpaces_2021\0_lpc_chip_175x_6x\libs\libusbd_175x_6x_lib.a(mw_usbd_core.o)
                0x00004c92                mwUSB_DataInStage
 .text.mwUSB_DataOutStage
                0x00004cc0       0x24 D:\Developpement_Robot\Robotic-System.git\trunk\Workspaces\MultiWorkSpaces_2021\0_lpc_chip_175x_6x\libs\libusbd_175x_6x_lib.a(mw_usbd_core.o)
                0x00004cc0                mwUSB_DataOutStage
 .text.mwUSB_StatusInStage
                0x00004ce4        0xa D:\Developpement_Robot\Robotic-System.git\trunk\Workspaces\MultiWorkSpaces_2021\0_lpc_chip_175x_6x\libs\libusbd_175x_6x_lib.a(mw_usbd_core.o)
                0x00004ce4                mwUSB_StatusInStage
 .text.mwUSB_StatusOutStage
                0x00004cee        0xa D:\Developpement_Robot\Robotic-System.git\trunk\Workspaces\MultiWorkSpaces_2021\0_lpc_chip_175x_6x\libs\libusbd_175x_6x_lib.a(mw_usbd_core.o)
                0x00004cee                mwUSB_StatusOutStage
 .text.mwUSB_StallEp0
                0x00004cf8       0x12 D:\Developpement_Robot\Robotic-System.git\trunk\Workspaces\MultiWorkSpaces_2021\0_lpc_chip_175x_6x\libs\libusbd_175x_6x_lib.a(mw_usbd_core.o)
                0x00004cf8                mwUSB_StallEp0
 *fill*         0x00004d0a        0x2 ff
 .text.USB_ReqSetAddress
                0x00004d0c       0x24 D:\Developpement_Robot\Robotic-System.git\trunk\Workspaces\MultiWorkSpaces_2021\0_lpc_chip_175x_6x\libs\libusbd_175x_6x_lib.a(mw_usbd_core.o)
                0x00004d0c                USB_ReqSetAddress
 .text.USB_InvokeEp0Hdlrs
                0x00004d30       0x44 D:\Developpement_Robot\Robotic-System.git\trunk\Workspaces\MultiWorkSpaces_2021\0_lpc_chip_175x_6x\libs\libusbd_175x_6x_lib.a(mw_usbd_core.o)
                0x00004d30                USB_InvokeEp0Hdlrs
 .text.mwUSB_ResetCore
                0x00004d74       0x26 D:\Developpement_Robot\Robotic-System.git\trunk\Workspaces\MultiWorkSpaces_2021\0_lpc_chip_175x_6x\libs\libusbd_175x_6x_lib.a(mw_usbd_core.o)
                0x00004d74                mwUSB_ResetCore
 *fill*         0x00004d9a        0x2 ff
 .text.USB_EvtSetupHandler
                0x00004d9c      0x108 D:\Developpement_Robot\Robotic-System.git\trunk\Workspaces\MultiWorkSpaces_2021\0_lpc_chip_175x_6x\libs\libusbd_175x_6x_lib.a(mw_usbd_core.o)
                0x00004d9c                USB_EvtSetupHandler
 .text.USB_EvtOutHandler
                0x00004ea4       0x68 D:\Developpement_Robot\Robotic-System.git\trunk\Workspaces\MultiWorkSpaces_2021\0_lpc_chip_175x_6x\libs\libusbd_175x_6x_lib.a(mw_usbd_core.o)
                0x00004ea4                USB_EvtOutHandler
 .text.USB_EndPoint0
                0x00004f0c       0x94 D:\Developpement_Robot\Robotic-System.git\trunk\Workspaces\MultiWorkSpaces_2021\0_lpc_chip_175x_6x\libs\libusbd_175x_6x_lib.a(mw_usbd_core.o)
                0x00004f0c                USB_EndPoint0
 .text.mwUSB_InitCore
                0x00004fa0       0xdc D:\Developpement_Robot\Robotic-System.git\trunk\Workspaces\MultiWorkSpaces_2021\0_lpc_chip_175x_6x\libs\libusbd_175x_6x_lib.a(mw_usbd_core.o)
                0x00004fa0                mwUSB_InitCore
 .text.mwUSB_RegisterClassHandler
                0x0000507c       0x28 D:\Developpement_Robot\Robotic-System.git\trunk\Workspaces\MultiWorkSpaces_2021\0_lpc_chip_175x_6x\libs\libusbd_175x_6x_lib.a(mw_usbd_core.o)
                0x0000507c                mwUSB_RegisterClassHandler
 .text.mwUSB_RegisterEpHandler
                0x000050a4       0x24 D:\Developpement_Robot\Robotic-System.git\trunk\Workspaces\MultiWorkSpaces_2021\0_lpc_chip_175x_6x\libs\libusbd_175x_6x_lib.a(mw_usbd_core.o)
                0x000050a4                mwUSB_RegisterEpHandler
 .text          0x000050c8      0x21c d:/mcuxpressoide_11.1.1_3241/ide/plugins/com.nxp.mcuxpresso.tools.win32_11.1.0.202001081728/tools/bin/../lib/gcc/arm-none-eabi/8.3.1/thumb/v7-m/nofp\libgcc.a(_arm_addsubsf3.o)
                0x000050c8                __aeabi_frsub
                0x000050d0                __subsf3
                0x000050d0                __aeabi_fsub
                0x000050d4                __aeabi_fadd
                0x000050d4                __addsf3
                0x00005234                __aeabi_ui2f
                0x00005234                __floatunsisf
                0x0000523c                __aeabi_i2f
                0x0000523c                __floatsisf
                0x00005258                __aeabi_ul2f
                0x00005258                __floatundisf
                0x00005268                __aeabi_l2f
                0x00005268                __floatdisf
 .text          0x000052e4      0x2a0 d:/mcuxpressoide_11.1.1_3241/ide/plugins/com.nxp.mcuxpresso.tools.win32_11.1.0.202001081728/tools/bin/../lib/gcc/arm-none-eabi/8.3.1/thumb/v7-m/nofp\libgcc.a(_arm_muldivsf3.o)
                0x000052e4                __mulsf3
                0x000052e4                __aeabi_fmul
                0x0000544c                __aeabi_fdiv
                0x0000544c                __divsf3
 .text          0x00005584       0xec d:/mcuxpressoide_11.1.1_3241/ide/plugins/com.nxp.mcuxpresso.tools.win32_11.1.0.202001081728/tools/bin/../lib/gcc/arm-none-eabi/8.3.1/thumb/v7-m/nofp\libgcc.a(_arm_cmpsf2.o)
                0x00005584                __gesf2
                0x00005584                __gtsf2
                0x0000558c                __lesf2
                0x0000558c                __ltsf2
                0x00005594                __nesf2
                0x00005594                __eqsf2
                0x00005594                __cmpsf2
                0x000055f4                __aeabi_cfrcmple
                0x000055fc                __aeabi_cfcmpeq
                0x000055fc                __aeabi_cfcmple
                0x0000560c                __aeabi_fcmpeq
                0x00005620                __aeabi_fcmplt
                0x00005634                __aeabi_fcmple
                0x00005648                __aeabi_fcmpge
                0x0000565c                __aeabi_fcmpgt
 .text          0x00005670       0x4c d:/mcuxpressoide_11.1.1_3241/ide/plugins/com.nxp.mcuxpresso.tools.win32_11.1.0.202001081728/tools/bin/../lib/gcc/arm-none-eabi/8.3.1/thumb/v7-m/nofp\libgcc.a(_arm_fixsfsi.o)
                0x00005670                __aeabi_f2iz
                0x00005670                __fixsfsi
 .text.memcpy   0x000056bc       0x1c d:/mcuxpressoide_11.1.1_3241/ide/plugins/com.nxp.mcuxpresso.tools.win32_11.1.0.202001081728/tools/bin/../lib/gcc/arm-none-eabi/8.3.1/../../../../arm-none-eabi/lib/thumb/v7-m/nofp\libc_nano.a(lib_a-memcpy-stub.o)
                0x000056bc                memcpy
 .text.memset   0x000056d8       0x10 d:/mcuxpressoide_11.1.1_3241/ide/plugins/com.nxp.mcuxpresso.tools.win32_11.1.0.202001081728/tools/bin/../lib/gcc/arm-none-eabi/8.3.1/../../../../arm-none-eabi/lib/thumb/v7-m/nofp\libc_nano.a(lib_a-memset.o)
                0x000056d8                memset
 .text.sprintf  0x000056e8       0x40 d:/mcuxpressoide_11.1.1_3241/ide/plugins/com.nxp.mcuxpresso.tools.win32_11.1.0.202001081728/tools/bin/../lib/gcc/arm-none-eabi/8.3.1/../../../../arm-none-eabi/lib/thumb/v7-m/nofp\libc_nano.a(lib_a-sprintf.o)
                0x000056e8                siprintf
                0x000056e8                sprintf
 .text          0x00005728       0x10 d:/mcuxpressoide_11.1.1_3241/ide/plugins/com.nxp.mcuxpresso.tools.win32_11.1.0.202001081728/tools/bin/../lib/gcc/arm-none-eabi/8.3.1/../../../../arm-none-eabi/lib/thumb/v7-m/nofp\libc_nano.a(lib_a-strlen.o)
                0x00005728                strlen
 .text.__ssputs_r
                0x00005738       0xb6 d:/mcuxpressoide_11.1.1_3241/ide/plugins/com.nxp.mcuxpresso.tools.win32_11.1.0.202001081728/tools/bin/../lib/gcc/arm-none-eabi/8.3.1/../../../../arm-none-eabi/lib/thumb/v7-m/nofp\libc_nano.a(lib_a-nano-svfprintf.o)
                0x00005738                __ssputs_r
 *fill*         0x000057ee        0x2 ff
 .text._svfprintf_r
                0x000057f0      0x1f0 d:/mcuxpressoide_11.1.1_3241/ide/plugins/com.nxp.mcuxpresso.tools.win32_11.1.0.202001081728/tools/bin/../lib/gcc/arm-none-eabi/8.3.1/../../../../arm-none-eabi/lib/thumb/v7-m/nofp\libc_nano.a(lib_a-nano-svfprintf.o)
                0x000057f0                _svfiprintf_r
                0x000057f0                _svfprintf_r
 .text._printf_common
                0x000059e0       0xec d:/mcuxpressoide_11.1.1_3241/ide/plugins/com.nxp.mcuxpresso.tools.win32_11.1.0.202001081728/tools/bin/../lib/gcc/arm-none-eabi/8.3.1/../../../../arm-none-eabi/lib/thumb/v7-m/nofp\libc_nano.a(lib_a-nano-vfprintf_i.o)
                0x000059e0                _printf_common
 .text._printf_i
                0x00005acc      0x22c d:/mcuxpressoide_11.1.1_3241/ide/plugins/com.nxp.mcuxpresso.tools.win32_11.1.0.202001081728/tools/bin/../lib/gcc/arm-none-eabi/8.3.1/../../../../arm-none-eabi/lib/thumb/v7-m/nofp\libc_nano.a(lib_a-nano-vfprintf_i.o)
                0x00005acc                _printf_i
 .text.memchr   0x00005cf8       0x1c d:/mcuxpressoide_11.1.1_3241/ide/plugins/com.nxp.mcuxpresso.tools.win32_11.1.0.202001081728/tools/bin/../lib/gcc/arm-none-eabi/8.3.1/../../../../arm-none-eabi/lib/thumb/v7-m/nofp\libc_nano.a(lib_a-memchr-stub.o)
                0x00005cf8                memchr
 .text.memmove  0x00005d14       0x34 d:/mcuxpressoide_11.1.1_3241/ide/plugins/com.nxp.mcuxpresso.tools.win32_11.1.0.202001081728/tools/bin/../lib/gcc/arm-none-eabi/8.3.1/../../../../arm-none-eabi/lib/thumb/v7-m/nofp\libc_nano.a(lib_a-memmove.o)
                0x00005d14                memmove
 .text._free_r  0x00005d48       0x98 d:/mcuxpressoide_11.1.1_3241/ide/plugins/com.nxp.mcuxpresso.tools.win32_11.1.0.202001081728/tools/bin/../lib/gcc/arm-none-eabi/8.3.1/../../../../arm-none-eabi/lib/thumb/v7-m/nofp\libc_nano.a(lib_a-nano-freer.o)
                0x00005d48                _free_r
 .text._malloc_r
                0x00005de0       0xb4 d:/mcuxpressoide_11.1.1_3241/ide/plugins/com.nxp.mcuxpresso.tools.win32_11.1.0.202001081728/tools/bin/../lib/gcc/arm-none-eabi/8.3.1/../../../../arm-none-eabi/lib/thumb/v7-m/nofp\libc_nano.a(lib_a-nano-mallocr.o)
                0x00005de0                _malloc_r
 .text._realloc_r
                0x00005e94       0x4c d:/mcuxpressoide_11.1.1_3241/ide/plugins/com.nxp.mcuxpresso.tools.win32_11.1.0.202001081728/tools/bin/../lib/gcc/arm-none-eabi/8.3.1/../../../../arm-none-eabi/lib/thumb/v7-m/nofp\libc_nano.a(lib_a-nano-reallocr.o)
                0x00005e94                _realloc_r
 .text._sbrk_r  0x00005ee0       0x20 d:/mcuxpressoide_11.1.1_3241/ide/plugins/com.nxp.mcuxpresso.tools.win32_11.1.0.202001081728/tools/bin/../lib/gcc/arm-none-eabi/8.3.1/../../../../arm-none-eabi/lib/thumb/v7-m/nofp\libc_nano.a(lib_a-sbrkr.o)
                0x00005ee0                _sbrk_r
 .text.__malloc_lock
                0x00005f00        0xc d:/mcuxpressoide_11.1.1_3241/ide/plugins/com.nxp.mcuxpresso.tools.win32_11.1.0.202001081728/tools/bin/../lib/gcc/arm-none-eabi/8.3.1/../../../../arm-none-eabi/lib/thumb/v7-m/nofp\libc_nano.a(lib_a-mlock.o)
                0x00005f00                __malloc_lock
 .text.__malloc_unlock
                0x00005f0c        0xc d:/mcuxpressoide_11.1.1_3241/ide/plugins/com.nxp.mcuxpresso.tools.win32_11.1.0.202001081728/tools/bin/../lib/gcc/arm-none-eabi/8.3.1/../../../../arm-none-eabi/lib/thumb/v7-m/nofp\libc_nano.a(lib_a-mlock.o)
                0x00005f0c                __malloc_unlock
 .text._malloc_usable_size_r
                0x00005f18       0x10 d:/mcuxpressoide_11.1.1_3241/ide/plugins/com.nxp.mcuxpresso.tools.win32_11.1.0.202001081728/tools/bin/../lib/gcc/arm-none-eabi/8.3.1/../../../../arm-none-eabi/lib/thumb/v7-m/nofp\libc_nano.a(lib_a-nano-msizer.o)
                0x00005f18                _malloc_usable_size_r
 .text.__retarget_lock_acquire_recursive
                0x00005f28        0x2 d:/mcuxpressoide_11.1.1_3241/ide/plugins/com.nxp.mcuxpresso.tools.win32_11.1.0.202001081728/tools/bin/../lib/gcc/arm-none-eabi/8.3.1/../../../../arm-none-eabi/lib/thumb/v7-m/nofp\libc_nano.a(lib_a-lock.o)
                0x00005f28                __retarget_lock_acquire_recursive
 .text.__retarget_lock_release_recursive
                0x00005f2a        0x2 d:/mcuxpressoide_11.1.1_3241/ide/plugins/com.nxp.mcuxpresso.tools.win32_11.1.0.202001081728/tools/bin/../lib/gcc/arm-none-eabi/8.3.1/../../../../arm-none-eabi/lib/thumb/v7-m/nofp\libc_nano.a(lib_a-lock.o)
                0x00005f2a                __retarget_lock_release_recursive
 .text.sqrtf    0x00005f2c       0x48 d:/mcuxpressoide_11.1.1_3241/ide/plugins/com.nxp.mcuxpresso.tools.win32_11.1.0.202001081728/tools/bin/../lib/gcc/arm-none-eabi/8.3.1/../../../../arm-none-eabi/lib/thumb/v7-m/nofp\libm.a(lib_a-wf_sqrt.o)
                0x00005f2c                sqrtf
 .text.__ieee754_sqrtf
                0x00005f74       0xa8 d:/mcuxpressoide_11.1.1_3241/ide/plugins/com.nxp.mcuxpresso.tools.win32_11.1.0.202001081728/tools/bin/../lib/gcc/arm-none-eabi/8.3.1/../../../../arm-none-eabi/lib/thumb/v7-m/nofp\libm.a(lib_a-ef_sqrt.o)
                0x00005f74                __ieee754_sqrtf
 .text._sbrk    0x0000601c       0x3c d:/mcuxpressoide_11.1.1_3241/ide/plugins/com.nxp.mcuxpresso.tools.win32_11.1.0.202001081728/tools/bin/../lib/gcc/arm-none-eabi/8.3.1/../../../../arm-none-eabi/lib/thumb/v7-m/nofp\libcr_newlib_none.a(_cr_sbrk.o)
                0x0000601c                _sbrk
 .text.__check_heap_overflow
                0x00006058       0x18 d:/mcuxpressoide_11.1.1_3241/ide/plugins/com.nxp.mcuxpresso.tools.win32_11.1.0.202001081728/tools/bin/../lib/gcc/arm-none-eabi/8.3.1/../../../../arm-none-eabi/lib/thumb/v7-m/nofp\libcr_newlib_none.a(_cr_check_heap.o)
                0x00006058                __check_heap_overflow
 .text          0x00006070       0x2c d:/mcuxpressoide_11.1.1_3241/ide/plugins/com.nxp.mcuxpresso.tools.win32_11.1.0.202001081728/tools/bin/../lib/gcc/arm-none-eabi/8.3.1/thumb/v7-m/nofp\libgcc.a(_arm_unordsf2.o)
                0x00006070                __unordsf2
                0x00006070                __aeabi_fcmpun
 .text.__errno  0x0000609c        0xc d:/mcuxpressoide_11.1.1_3241/ide/plugins/com.nxp.mcuxpresso.tools.win32_11.1.0.202001081728/tools/bin/../lib/gcc/arm-none-eabi/8.3.1/../../../../arm-none-eabi/lib/thumb/v7-m/nofp\libc_nano.a(lib_a-errno.o)
                0x0000609c                __errno
 *(.rodata .rodata.* .constdata .constdata.*)
 .rodata.main.str1.1
                0x000060a8        0xf ./src/IA_2021_V0.o
 .rodata.Init_Carte_IA.str1.1
                0x000060b7        0xd ./src/Init.o
 .rodata        0x000060c4       0x15 ./src/test.o
 .rodata.vTaskStartScheduler.str1.1
                0x000060d9        0x5 ./freertos/src/tasks.o
 .rodata.prvCheckForValidListAndQueue.str1.1
                0x000060de        0x5 ./freertos/src/timers.o
 .rodata.xTimerCreateTimerTask.str1.1
                0x000060e3        0x8 ./freertos/src/timers.o
 .rodata._0_Deplacement_ASTAR.str1.1
                0x000060eb       0x2f ./Strategie/Deplacement/0_Deplacements.o
 .rodata._0_Deplacement_Tourne_Avance_ASTAR.str1.1
                0x0000611a        0xd ./Strategie/Deplacement/0_Deplacements.o
 .rodata.Astar_Find_Path.str1.1
                0x00006127       0x36 ./Pathfinding/Astar/Astar.o
 *fill*         0x0000615d        0x3 ff
 .rodata.g_usbApi
                0x00006160       0x20 ./Communication/USB/src/cdc_usb_main.o
 .rodata        0x00006180       0x23 ./Communication/0_Communication.o
 .rodata        0x000061a3       0x26 ./Communication/1_Trame_Communication.o
 .rodata._2_Comm_Send_Destination_Robot.str1.1
                0x000061c9       0x30 ./Communication/2_Echange_Datas.o
 .rodata._2_Comm_Send_PONG.str1.1
                0x000061f9       0x35 ./Communication/2_Echange_Datas.o
 .rodata._2_Communication_RX_Init.str1.1
                0x0000622e       0x11 ./Communication/2_Echange_Datas_Reception.o
 *fill*         0x0000623f        0x1 ff
 .rodata._2_Communication_RX_Lectures_Messages.str1.4
                0x00006240       0x2c ./Communication/2_Echange_Datas_Reception.o
                                 0x2b (size before relaxing)
 .rodata.MainOscPLL0conf_12
                0x0000626c       0xf0 D:\Developpement_Robot\Robotic-System.git\trunk\Workspaces\MultiWorkSpaces_2021\0_lpc_chip_175x_6x\Release\lib0_lpc_chip_175x_6x.a(sysinit_17xx_40xx.o)
 .rodata.MainOscPLL0conf_16
                0x0000635c       0xb0 D:\Developpement_Robot\Robotic-System.git\trunk\Workspaces\MultiWorkSpaces_2021\0_lpc_chip_175x_6x\Release\lib0_lpc_chip_175x_6x.a(sysinit_17xx_40xx.o)
 .rodata.RTCOscRateIn
                0x0000640c        0x4 D:\Developpement_Robot\Robotic-System.git\trunk\Workspaces\MultiWorkSpaces_2021\0_lpc_board_nxp_lpcxpresso_1769\Release\lib0_lpc_board_nxp_lpcxpresso_1769.a(board.o)
                0x0000640c                RTCOscRateIn
 .rodata.hw_api
                0x00006410       0x5c D:\Developpement_Robot\Robotic-System.git\trunk\Workspaces\MultiWorkSpaces_2021\0_lpc_chip_175x_6x\libs\libusbd_175x_6x_lib.a(mw_usbd_rom_api.o)
                0x00006410                hw_api
 .rodata.core_api
                0x0000646c       0x20 D:\Developpement_Robot\Robotic-System.git\trunk\Workspaces\MultiWorkSpaces_2021\0_lpc_chip_175x_6x\libs\libusbd_175x_6x_lib.a(mw_usbd_rom_api.o)
                0x0000646c                core_api
 .rodata.cdc_api
                0x0000648c        0xc D:\Developpement_Robot\Robotic-System.git\trunk\Workspaces\MultiWorkSpaces_2021\0_lpc_chip_175x_6x\libs\libusbd_175x_6x_lib.a(mw_usbd_rom_api.o)
                0x0000648c                cdc_api
 .rodata._svfprintf_r.str1.1
                0x00006498       0x11 d:/mcuxpressoide_11.1.1_3241/ide/plugins/com.nxp.mcuxpresso.tools.win32_11.1.0.202001081728/tools/bin/../lib/gcc/arm-none-eabi/8.3.1/../../../../arm-none-eabi/lib/thumb/v7-m/nofp\libc_nano.a(lib_a-nano-svfprintf.o)
 .rodata._printf_i.str1.1
                0x000064a9       0x22 d:/mcuxpressoide_11.1.1_3241/ide/plugins/com.nxp.mcuxpresso.tools.win32_11.1.0.202001081728/tools/bin/../lib/gcc/arm-none-eabi/8.3.1/../../../../arm-none-eabi/lib/thumb/v7-m/nofp\libc_nano.a(lib_a-nano-vfprintf_i.o)
                0x000064cc                . = ALIGN (0x4)
 *fill*         0x000064cb        0x1 ff

.glue_7         0x000064cc        0x0
 .glue_7        0x000064cc        0x0 linker stubs

.glue_7t        0x000064cc        0x0
 .glue_7t       0x000064cc        0x0 linker stubs

.vfp11_veneer   0x000064cc        0x0
 .vfp11_veneer  0x000064cc        0x0 linker stubs

.v4_bx          0x000064cc        0x0
 .v4_bx         0x000064cc        0x0 linker stubs

.iplt           0x000064cc        0x0
 .iplt          0x000064cc        0x0 ./src/IA_2021_V0.o

.rel.dyn        0x000064cc        0x0
 .rel.iplt      0x000064cc        0x0 ./src/IA_2021_V0.o

.ARM.extab
 *(.ARM.extab* .gnu.linkonce.armextab.*)

.ARM.exidx      0x000064cc        0x0
                0x000064cc                __exidx_start = .
 *(.ARM.exidx* .gnu.linkonce.armexidx.*)
                0x000064cc                __exidx_end = .
                0x000064cc                _etext = .

.data_RAM2      0x2007c000        0x0 load address 0x000064cc
 FILL mask 0xff
                [!provide]                PROVIDE (__start_data_RAM2 = .)
                [!provide]                PROVIDE (__start_data_RamAHB32 = .)
 *(.ramfunc.$RAM2)
 *(.ramfunc.$RamAHB32)
 *(.data.$RAM2)
 *(.data.$RamAHB32)
 *(.data.$RAM2.*)
 *(.data.$RamAHB32.*)
                0x2007c000                . = ALIGN (0x4)
                [!provide]                PROVIDE (__end_data_RAM2 = .)
                [!provide]                PROVIDE (__end_data_RamAHB32 = .)

.data_RAM3      0x2007c800        0x0 load address 0x000064cc
 FILL mask 0xff
                [!provide]                PROVIDE (__start_data_RAM3 = .)
                [!provide]                PROVIDE (__start_data_RAM3 = .)
 *(.ramfunc.$RAM3)
 *(.ramfunc.$RAM3)
 *(.data.$RAM3)
 *(.data.$RAM3)
 *(.data.$RAM3.*)
 *(.data.$RAM3.*)
                0x2007c800                . = ALIGN (0x4)
                [!provide]                PROVIDE (__end_data_RAM3 = .)
                [!provide]                PROVIDE (__end_data_RAM3 = .)

.uninit_RESERVED
                0x10000000        0x0
                0x10000000                _start_uninit_RESERVED = .
 *(.bss.$RESERVED*)
                0x10000000                . = ALIGN (0x4)
                0x10000000                _end_uninit_RESERVED = .

.data           0x10000000       0x84 load address 0x000064cc
 FILL mask 0xff
                0x10000000                _data = .
                [!provide]                PROVIDE (__start_data_RAM = .)
                [!provide]                PROVIDE (__start_data_RamLoc32 = .)
 *(vtable)
 *(.ramfunc*)
 *(CodeQuickAccess)
 *(DataQuickAccess)
 *(RamFunction)
 *(.data*)
 .data.xHeapRegions
                0x10000000       0x10 ./src/IA_2021_V0.o
 .data.uxCriticalNesting
                0x10000010        0x4 ./freertos/src/port.o
 .data.g_pUsbApi
                0x10000014        0x4 ./Communication/USB/src/cdc_usb_main.o
                0x10000014                g_pUsbApi
 .data.OscRateIn
                0x10000018        0x4 D:\Developpement_Robot\Robotic-System.git\trunk\Workspaces\MultiWorkSpaces_2021\0_lpc_board_nxp_lpcxpresso_1769\Release\lib0_lpc_board_nxp_lpcxpresso_1769.a(board.o)
                0x10000018                OscRateIn
 .data._impure_ptr
                0x1000001c        0x4 d:/mcuxpressoide_11.1.1_3241/ide/plugins/com.nxp.mcuxpresso.tools.win32_11.1.0.202001081728/tools/bin/../lib/gcc/arm-none-eabi/8.3.1/../../../../arm-none-eabi/lib/thumb/v7-m/nofp\libc_nano.a(lib_a-impure.o)
                0x1000001c                _impure_ptr
 .data.impure_data
                0x10000020       0x60 d:/mcuxpressoide_11.1.1_3241/ide/plugins/com.nxp.mcuxpresso.tools.win32_11.1.0.202001081728/tools/bin/../lib/gcc/arm-none-eabi/8.3.1/../../../../arm-none-eabi/lib/thumb/v7-m/nofp\libc_nano.a(lib_a-impure.o)
 .data.__fdlib_version
                0x10000080        0x1 d:/mcuxpressoide_11.1.1_3241/ide/plugins/com.nxp.mcuxpresso.tools.win32_11.1.0.202001081728/tools/bin/../lib/gcc/arm-none-eabi/8.3.1/../../../../arm-none-eabi/lib/thumb/v7-m/nofp\libm.a(lib_a-s_lib_ver.o)
                0x10000080                __fdlib_version
                0x10000084                . = ALIGN (0x4)
 *fill*         0x10000081        0x3 ff
                0x10000084                _edata = .
                [!provide]                PROVIDE (__end_data_RAM = .)
                [!provide]                PROVIDE (__end_data_RamLoc32 = .)

.igot.plt       0x10000084        0x0 load address 0x00006550
 .igot.plt      0x10000084        0x0 ./src/IA_2021_V0.o

.bss_RAM2       0x2007c000        0x0
                [!provide]                PROVIDE (__start_bss_RAM2 = .)
                [!provide]                PROVIDE (__start_bss_RamAHB32 = .)
 *(.bss.$RAM2)
 *(.bss.$RamAHB32)
 *(.bss.$RAM2.*)
 *(.bss.$RamAHB32.*)
                0x2007c000                . = ALIGN ((. != 0x0)?0x4:0x1)
                [!provide]                PROVIDE (__end_bss_RAM2 = .)
                [!provide]                PROVIDE (__end_bss_RamAHB32 = .)

.bss_RAM3       0x2007c800     0x23c0
                [!provide]                PROVIDE (__start_bss_RAM3 = .)
                [!provide]                PROVIDE (__start_bss_RAM3 = .)
 *(.bss.$RAM3)
 .bss.$RAM3     0x2007c800       0x10 ./Strategie/Deplacement/0_Deplacements.o
 .bss.$RAM3     0x2007c810       0xc0 ./Strategie/0_Infos.o
 .bss.$RAM3     0x2007c8d0      0x180 ./Communication/0_Communication.o
 .bss.$RAM3     0x2007ca50       0xdf ./Communication/1_Trame_Communication.o
 *fill*         0x2007cb2f        0x1 
 .bss.$RAM3     0x2007cb30       0x46 ./Communication/2_Echange_Datas.o
 *fill*         0x2007cb76        0x2 
 .bss.$RAM3     0x2007cb78       0x46 ./Communication/2_Echange_Datas_Reception.o
 *(.bss.$RAM3)
 *(.bss.$RAM3.*)
 .bss.$RAM3.    0x2007cbbe     0x2000 ./src/IA_2021_V0.o
 *(.bss.$RAM3.*)
                0x2007ebc0                . = ALIGN ((. != 0x0)?0x4:0x1)
 *fill*         0x2007ebbe        0x2 
                [!provide]                PROVIDE (__end_bss_RAM3 = .)
                [!provide]                PROVIDE (__end_bss_RAM3 = .)

.bss            0x10000084     0x5270
                0x10000084                _bss = .
                [!provide]                PROVIDE (__start_bss_RAM = .)
                [!provide]                PROVIDE (__start_bss_RamLoc32 = .)
 *(.bss*)
 .bss.Nb_Ping_Envoyes
                0x10000084        0x4 ./src/test.o
                0x10000084                Nb_Ping_Envoyes
 .bss.pxEnd     0x10000088        0x4 ./freertos/src/heap_5.o
 .bss.xBlockAllocatedBit
                0x1000008c        0x4 ./freertos/src/heap_5.o
 .bss.xFreeBytesRemaining
                0x10000090        0x4 ./freertos/src/heap_5.o
 .bss.xMinimumEverFreeBytesRemaining
                0x10000094        0x4 ./freertos/src/heap_5.o
 .bss.xNumberOfSuccessfulAllocations
                0x10000098        0x4 ./freertos/src/heap_5.o
 .bss.xNumberOfSuccessfulFrees
                0x1000009c        0x4 ./freertos/src/heap_5.o
 .bss.xStart    0x100000a0        0x8 ./freertos/src/heap_5.o
 .bss.xQueueRegistry
                0x100000a8       0x50 ./freertos/src/queue.o
                0x100000a8                xQueueRegistry
 .bss.pxCurrentTCB
                0x100000f8        0x4 ./freertos/src/tasks.o
                0x100000f8                pxCurrentTCB
 .bss.pxDelayedTaskList
                0x100000fc        0x4 ./freertos/src/tasks.o
 .bss.pxOverflowDelayedTaskList
                0x10000100        0x4 ./freertos/src/tasks.o
 .bss.pxReadyTasksLists
                0x10000104       0x64 ./freertos/src/tasks.o
 .bss.uxCurrentNumberOfTasks
                0x10000168        0x4 ./freertos/src/tasks.o
 .bss.uxDeletedTasksWaitingCleanUp
                0x1000016c        0x4 ./freertos/src/tasks.o
 .bss.uxSchedulerSuspended
                0x10000170        0x4 ./freertos/src/tasks.o
 .bss.uxTaskNumber
                0x10000174        0x4 ./freertos/src/tasks.o
 .bss.uxTopReadyPriority
                0x10000178        0x4 ./freertos/src/tasks.o
 .bss.xDelayedTaskList1
                0x1000017c       0x14 ./freertos/src/tasks.o
 .bss.xDelayedTaskList2
                0x10000190       0x14 ./freertos/src/tasks.o
 .bss.xIdleTaskHandle
                0x100001a4        0x4 ./freertos/src/tasks.o
 .bss.xNextTaskUnblockTime
                0x100001a8        0x4 ./freertos/src/tasks.o
 .bss.xNumOfOverflows
                0x100001ac        0x4 ./freertos/src/tasks.o
 .bss.xPendedTicks
                0x100001b0        0x4 ./freertos/src/tasks.o
 .bss.xPendingReadyList
                0x100001b4       0x14 ./freertos/src/tasks.o
 .bss.xSchedulerRunning
                0x100001c8        0x4 ./freertos/src/tasks.o
 .bss.xSuspendedTaskList
                0x100001cc       0x14 ./freertos/src/tasks.o
 .bss.xTasksWaitingTermination
                0x100001e0       0x14 ./freertos/src/tasks.o
 .bss.xTickCount
                0x100001f4        0x4 ./freertos/src/tasks.o
 .bss.xYieldPending
                0x100001f8        0x4 ./freertos/src/tasks.o
 .bss.pxCurrentTimerList
                0x100001fc        0x4 ./freertos/src/timers.o
 .bss.pxOverflowTimerList
                0x10000200        0x4 ./freertos/src/timers.o
 .bss.xActiveTimerList1
                0x10000204       0x14 ./freertos/src/timers.o
 .bss.xActiveTimerList2
                0x10000218       0x14 ./freertos/src/timers.o
 .bss.xLastTime.9181
                0x1000022c        0x4 ./freertos/src/timers.o
 .bss.xTimerQueue
                0x10000230        0x4 ./freertos/src/timers.o
 .bss.xTimerTaskHandle
                0x10000234        0x4 ./freertos/src/timers.o
 .bss.Astar_Task_Handler
                0x10000238        0x4 ./Strategie/Deplacement/0_Deplacements.o
                0x10000238                Astar_Task_Handler
 .bss._0_Deplacement_EventGroup
                0x1000023c        0x4 ./Strategie/Deplacement/0_Deplacements.o
                0x1000023c                _0_Deplacement_EventGroup
 .bss.str.10231
                0x10000240       0x46 ./Strategie/Deplacement/0_Deplacements.o
 .bss.Astar_Vector
                0x10000286      0x34a ./Pathfinding/Astar/Astar.o
 .bss.Map       0x100005d0     0x4b10 ./Pathfinding/Astar/Astar.o
 .bss.g_hUsb    0x100050e0        0x4 ./Communication/USB/src/cdc_usb_main.o
                0x100050e0                g_hUsb
 .bss.Message.11230
                0x100050e4       0x4d ./Communication/0_Communication.o
 *fill*         0x10005131        0x3 
 .bss._1_xQueue_Message_TO_Send
                0x10005134        0x4 ./Communication/0_Communication.o
                0x10005134                _1_xQueue_Message_TO_Send
 .bss.already_flaged.11219
                0x10005138        0x1 ./Communication/0_Communication.o
 .bss.g_txBuff.11231
                0x10005139       0x80 ./Communication/0_Communication.o
 *fill*         0x100051b9        0x3 
 .bss.rxring_RS485
                0x100051bc       0x14 ./Communication/0_Communication.o
                0x100051bc                rxring_RS485
 .bss.txring    0x100051d0       0x14 ./Communication/0_Communication.o
                0x100051d0                txring
 .bss._0_Comm_EventGroup
                0x100051e4        0x4 ./Communication/0_Event_Group.o
                0x100051e4                _0_Comm_EventGroup
 .bss.Nb_Rx_Fifo_Full
                0x100051e8        0x4 ./Communication/1_Trame_Communication.o
 .bss.Nb_Erreurs_com
                0x100051ec        0x4 ./Communication/1_Trame_Communication.o
 .bss.Nb_Messages_adresses_corrects
                0x100051f0        0x4 ./Communication/1_Trame_Communication.o
 .bss.Nb_Messages_recus
                0x100051f4        0x4 ./Communication/1_Trame_Communication.o
 .bss._1_xQueue_Message_Receive
                0x100051f8        0x4 ./Communication/1_Trame_Communication.o
                0x100051f8                _1_xQueue_Message_Receive
 .bss.log_message
                0x100051fc       0x3e ./Communication/2_Echange_Datas.o
 .bss.str.9938  0x1000523a       0x46 ./Communication/2_Echange_Datas.o
 .bss.str.9950  0x10005280       0x46 ./Communication/2_Echange_Datas.o
 *fill*         0x100052c6        0x2 
 .bss.Nb_Messages_Interpretes
                0x100052c8        0x4 ./Communication/2_Echange_Datas_Reception.o
 .bss.Nb_PONG_recus
                0x100052cc        0x4 ./Communication/2_Echange_Datas_Reception.o
                0x100052cc                Nb_PONG_recus
 .bss.ABsyncSts
                0x100052d0        0x1 D:\Developpement_Robot\Robotic-System.git\trunk\Workspaces\MultiWorkSpaces_2021\0_lpc_chip_175x_6x\Release\lib0_lpc_chip_175x_6x.a(uart_17xx_40xx.o)
 *fill*         0x100052d1        0x3 
 .bss.__malloc_free_list
                0x100052d4        0x4 d:/mcuxpressoide_11.1.1_3241/ide/plugins/com.nxp.mcuxpresso.tools.win32_11.1.0.202001081728/tools/bin/../lib/gcc/arm-none-eabi/8.3.1/../../../../arm-none-eabi/lib/thumb/v7-m/nofp\libc_nano.a(lib_a-nano-mallocr.o)
                0x100052d4                __malloc_free_list
 .bss.__malloc_sbrk_start
                0x100052d8        0x4 d:/mcuxpressoide_11.1.1_3241/ide/plugins/com.nxp.mcuxpresso.tools.win32_11.1.0.202001081728/tools/bin/../lib/gcc/arm-none-eabi/8.3.1/../../../../arm-none-eabi/lib/thumb/v7-m/nofp\libc_nano.a(lib_a-nano-mallocr.o)
                0x100052d8                __malloc_sbrk_start
 .bss.__end_of_heap
                0x100052dc        0x4 d:/mcuxpressoide_11.1.1_3241/ide/plugins/com.nxp.mcuxpresso.tools.win32_11.1.0.202001081728/tools/bin/../lib/gcc/arm-none-eabi/8.3.1/../../../../arm-none-eabi/lib/thumb/v7-m/nofp\libcr_newlib_none.a(_cr_sbrk.o)
                0x100052dc                __end_of_heap
 *(COMMON)
 COMMON         0x100052e0        0x4 D:\Developpement_Robot\Robotic-System.git\trunk\Workspaces\MultiWorkSpaces_2021\0_lpc_chip_175x_6x\Release\lib0_lpc_chip_175x_6x.a(chip_17xx_40xx.o)
                0x100052e0                SystemCoreClock
 COMMON         0x100052e4        0x4 d:/mcuxpressoide_11.1.1_3241/ide/plugins/com.nxp.mcuxpresso.tools.win32_11.1.0.202001081728/tools/bin/../lib/gcc/arm-none-eabi/8.3.1/../../../../arm-none-eabi/lib/thumb/v7-m/nofp\libc_nano.a(lib_a-reent.o)
                0x100052e4                errno
 COMMON         0x100052e8        0x9 d:/mcuxpressoide_11.1.1_3241/ide/plugins/com.nxp.mcuxpresso.tools.win32_11.1.0.202001081728/tools/bin/../lib/gcc/arm-none-eabi/8.3.1/../../../../arm-none-eabi/lib/thumb/v7-m/nofp\libc_nano.a(lib_a-lock.o)
                0x100052e8                __lock___atexit_recursive_mutex
                0x100052e9                __lock___arc4random_mutex
                0x100052ea                __lock___env_recursive_mutex
                0x100052eb                __lock___sinit_recursive_mutex
                0x100052ec                __lock___malloc_recursive_mutex
                0x100052ed                __lock___at_quick_exit_mutex
                0x100052ee                __lock___dd_hash_mutex
                0x100052ef                __lock___tz_mutex
                0x100052f0                __lock___sfp_recursive_mutex
                0x100052f4                . = ALIGN (0x4)
 *fill*         0x100052f1        0x3 
                0x100052f4                _ebss = .
                [!provide]                PROVIDE (__end_bss_RAM = .)
                [!provide]                PROVIDE (__end_bss_RamLoc32 = .)
                [!provide]                PROVIDE (end = .)

.noinit_RAM2    0x2007c000        0x0
                [!provide]                PROVIDE (__start_noinit_RAM2 = .)
                [!provide]                PROVIDE (__start_noinit_RamAHB32 = .)
 *(.noinit.$RAM2)
 *(.noinit.$RamAHB32)
 *(.noinit.$RAM2.*)
 *(.noinit.$RamAHB32.*)
                0x2007c000                . = ALIGN (0x4)
                [!provide]                PROVIDE (__end_noinit_RAM2 = .)
                [!provide]                PROVIDE (__end_noinit_RamAHB32 = .)

.noinit_RAM3    0x2007ebc0        0x0
                [!provide]                PROVIDE (__start_noinit_RAM3 = .)
                [!provide]                PROVIDE (__start_noinit_RAM3 = .)
 *(.noinit.$RAM3)
 *(.noinit.$RAM3)
 *(.noinit.$RAM3.*)
 *(.noinit.$RAM3.*)
                0x2007ebc0                . = ALIGN (0x4)
                [!provide]                PROVIDE (__end_noinit_RAM3 = .)
                [!provide]                PROVIDE (__end_noinit_RAM3 = .)

.noinit         0x100052f4        0x0
                0x100052f4                _noinit = .
                [!provide]                PROVIDE (__start_noinit_RAM = .)
                [!provide]                PROVIDE (__start_noinit_RamLoc32 = .)
 *(.noinit*)
                0x100052f4                . = ALIGN (0x4)
                0x100052f4                _end_noinit = .
                [!provide]                PROVIDE (__end_noinit_RAM = .)
                [!provide]                PROVIDE (__end_noinit_RamLoc32 = .)
                0x100052f4                PROVIDE (_pvHeapStart = DEFINED (__user_heap_base)?__user_heap_base:.)
                0x10008000                PROVIDE (_vStackTop = DEFINED (__user_stack_top)?__user_stack_top:(__top_RamLoc32 - 0x0))
                [!provide]                PROVIDE (__valid_user_code_checksum = (0x0 - ((((((_vStackTop + (ResetISR + 0x1)) + (NMI_Handler + 0x1)) + (HardFault_Handler + 0x1)) + (DEFINED (MemManage_Handler)?MemManage_Handler:0x0 + 0x1)) + (DEFINED (BusFault_Handler)?BusFault_Handler:0x0 + 0x1)) + (DEFINED (UsageFault_Handler)?UsageFault_Handler:0x0 + 0x1))))
                0x00000000                _image_start = LOADADDR (.text)
                0x00006550                _image_end = (LOADADDR (.data) + SIZEOF (.data))
                0x00006550                _image_size = (_image_end - _image_start)
OUTPUT(IA_2021_V0.axf elf32-littlearm)

.debug_info     0x00000000    0x2ed4b
 .debug_info    0x00000000     0x28b4 ./src/IA_2021_V0.o
 .debug_info    0x000028b4     0x11cb ./src/Init.o
 .debug_info    0x00003a7f      0x2f5 ./src/cr_startup_lpc175x_6x.o
 .debug_info    0x00003d74       0x3c ./src/crp.o
 .debug_info    0x00003db0      0x9d6 ./src/sysinit.o
 .debug_info    0x00004786     0x1019 ./src/test.o
 .debug_info    0x0000579f      0xb24 ./freertos/src/FreeRTOSCommonHooks.o
 .debug_info    0x000062c3     0x1368 ./freertos/src/event_groups.o
 .debug_info    0x0000762b      0xf03 ./freertos/src/heap_5.o
 .debug_info    0x0000852e      0xbeb ./freertos/src/list.o
 .debug_info    0x00009119      0xd1d ./freertos/src/port.o
 .debug_info    0x00009e36     0x2562 ./freertos/src/queue.o
 .debug_info    0x0000c398     0x3095 ./freertos/src/tasks.o
 .debug_info    0x0000f42d     0x1d74 ./freertos/src/timers.o
 .debug_info    0x000111a1     0x167b ./Strategie/Deplacement/0_Deplacements.o
 .debug_info    0x0001281c      0xbf6 ./Strategie/Deplacement/1_Obstacles.o
 .debug_info    0x00013412      0xd4e ./Strategie/0_Infos.o
 .debug_info    0x00014160     0x252f ./Pathfinding/Astar/Astar.o
 .debug_info    0x0001668f     0x2627 ./Communication/USB/src/cdc_usb_main.o
 .debug_info    0x00018cb6     0x101d ./Communication/RS485/0_RS485.o
 .debug_info    0x00019cd3     0x31a9 ./Communication/0_Communication.o
 .debug_info    0x0001ce7c      0xaa4 ./Communication/0_Event_Group.o
 .debug_info    0x0001d920     0x197b ./Communication/1_Trame_Communication.o
 .debug_info    0x0001f29b     0x175d ./Communication/2_Echange_Datas.o
 .debug_info    0x000209f8     0x11cb ./Communication/2_Echange_Datas_Reception.o
 .debug_info    0x00021bc3      0x642 D:\Developpement_Robot\Robotic-System.git\trunk\Workspaces\MultiWorkSpaces_2021\0_lpc_chip_175x_6x\Release\lib0_lpc_chip_175x_6x.a(chip_17xx_40xx.o)
 .debug_info    0x00022205      0xeb0 D:\Developpement_Robot\Robotic-System.git\trunk\Workspaces\MultiWorkSpaces_2021\0_lpc_chip_175x_6x\Release\lib0_lpc_chip_175x_6x.a(clock_17xx_40xx.o)
 .debug_info    0x000230b5      0x63f D:\Developpement_Robot\Robotic-System.git\trunk\Workspaces\MultiWorkSpaces_2021\0_lpc_chip_175x_6x\Release\lib0_lpc_chip_175x_6x.a(ring_buffer.o)
 .debug_info    0x000236f4      0x89e D:\Developpement_Robot\Robotic-System.git\trunk\Workspaces\MultiWorkSpaces_2021\0_lpc_chip_175x_6x\Release\lib0_lpc_chip_175x_6x.a(sysinit_17xx_40xx.o)
 .debug_info    0x00023f92      0x501 D:\Developpement_Robot\Robotic-System.git\trunk\Workspaces\MultiWorkSpaces_2021\0_lpc_chip_175x_6x\Release\lib0_lpc_chip_175x_6x.a(timer_17xx_40xx.o)
 .debug_info    0x00024493     0x179c D:\Developpement_Robot\Robotic-System.git\trunk\Workspaces\MultiWorkSpaces_2021\0_lpc_chip_175x_6x\Release\lib0_lpc_chip_175x_6x.a(uart_17xx_40xx.o)
 .debug_info    0x00025c2f     0x2849 D:\Developpement_Robot\Robotic-System.git\trunk\Workspaces\MultiWorkSpaces_2021\0_lpc_board_nxp_lpcxpresso_1769\Release\lib0_lpc_board_nxp_lpcxpresso_1769.a(board.o)
 .debug_info    0x00028478     0x14f8 D:\Developpement_Robot\Robotic-System.git\trunk\Workspaces\MultiWorkSpaces_2021\0_lpc_chip_175x_6x\libs\libusbd_175x_6x_lib.a(mw_usbd_rom_api.o)
 .debug_info    0x00029970     0x1f77 D:\Developpement_Robot\Robotic-System.git\trunk\Workspaces\MultiWorkSpaces_2021\0_lpc_chip_175x_6x\libs\libusbd_175x_6x_lib.a(hw_usbd_ip3503.o)
 .debug_info    0x0002b8e7     0x14e4 D:\Developpement_Robot\Robotic-System.git\trunk\Workspaces\MultiWorkSpaces_2021\0_lpc_chip_175x_6x\libs\libusbd_175x_6x_lib.a(mw_usbd_cdcuser.o)
 .debug_info    0x0002cdcb     0x1f80 D:\Developpement_Robot\Robotic-System.git\trunk\Workspaces\MultiWorkSpaces_2021\0_lpc_chip_175x_6x\libs\libusbd_175x_6x_lib.a(mw_usbd_core.o)

.debug_abbrev   0x00000000     0x77f6
 .debug_abbrev  0x00000000      0x3ff ./src/IA_2021_V0.o
 .debug_abbrev  0x000003ff      0x2e6 ./src/Init.o
 .debug_abbrev  0x000006e5      0x166 ./src/cr_startup_lpc175x_6x.o
 .debug_abbrev  0x0000084b       0x35 ./src/crp.o
 .debug_abbrev  0x00000880      0x20a ./src/sysinit.o
 .debug_abbrev  0x00000a8a      0x37b ./src/test.o
 .debug_abbrev  0x00000e05      0x2cc ./freertos/src/FreeRTOSCommonHooks.o
 .debug_abbrev  0x000010d1      0x3f5 ./freertos/src/event_groups.o
 .debug_abbrev  0x000014c6      0x32f ./freertos/src/heap_5.o
 .debug_abbrev  0x000017f5      0x249 ./freertos/src/list.o
 .debug_abbrev  0x00001a3e      0x398 ./freertos/src/port.o
 .debug_abbrev  0x00001dd6      0x485 ./freertos/src/queue.o
 .debug_abbrev  0x0000225b      0x52c ./freertos/src/tasks.o
 .debug_abbrev  0x00002787      0x445 ./freertos/src/timers.o
 .debug_abbrev  0x00002bcc      0x499 ./Strategie/Deplacement/0_Deplacements.o
 .debug_abbrev  0x00003065      0x24f ./Strategie/Deplacement/1_Obstacles.o
 .debug_abbrev  0x000032b4      0x2ce ./Strategie/0_Infos.o
 .debug_abbrev  0x00003582      0x5d8 ./Pathfinding/Astar/Astar.o
 .debug_abbrev  0x00003b5a      0x3f4 ./Communication/USB/src/cdc_usb_main.o
 .debug_abbrev  0x00003f4e      0x2e0 ./Communication/RS485/0_RS485.o
 .debug_abbrev  0x0000422e      0x566 ./Communication/0_Communication.o
 .debug_abbrev  0x00004794      0x221 ./Communication/0_Event_Group.o
 .debug_abbrev  0x000049b5      0x42f ./Communication/1_Trame_Communication.o
 .debug_abbrev  0x00004de4      0x41e ./Communication/2_Echange_Datas.o
 .debug_abbrev  0x00005202      0x360 ./Communication/2_Echange_Datas_Reception.o
 .debug_abbrev  0x00005562      0x1e7 D:\Developpement_Robot\Robotic-System.git\trunk\Workspaces\MultiWorkSpaces_2021\0_lpc_chip_175x_6x\Release\lib0_lpc_chip_175x_6x.a(chip_17xx_40xx.o)
 .debug_abbrev  0x00005749      0x426 D:\Developpement_Robot\Robotic-System.git\trunk\Workspaces\MultiWorkSpaces_2021\0_lpc_chip_175x_6x\Release\lib0_lpc_chip_175x_6x.a(clock_17xx_40xx.o)
 .debug_abbrev  0x00005b6f      0x221 D:\Developpement_Robot\Robotic-System.git\trunk\Workspaces\MultiWorkSpaces_2021\0_lpc_chip_175x_6x\Release\lib0_lpc_chip_175x_6x.a(ring_buffer.o)
 .debug_abbrev  0x00005d90      0x294 D:\Developpement_Robot\Robotic-System.git\trunk\Workspaces\MultiWorkSpaces_2021\0_lpc_chip_175x_6x\Release\lib0_lpc_chip_175x_6x.a(sysinit_17xx_40xx.o)
 .debug_abbrev  0x00006024      0x1f9 D:\Developpement_Robot\Robotic-System.git\trunk\Workspaces\MultiWorkSpaces_2021\0_lpc_chip_175x_6x\Release\lib0_lpc_chip_175x_6x.a(timer_17xx_40xx.o)