Archive member included to satisfy reference by file (symbol)

D:\Developpement_Robot\Robotic-System\trunk\Workspaces\MultiWorkSpaces_2021\0_lpc_chip_175x_6x\Release\lib0_lpc_chip_175x_6x.a(chip_17xx_40xx.o)
                              ./src/IA_2021_V0.o (SystemCoreClockUpdate)
D:\Developpement_Robot\Robotic-System\trunk\Workspaces\MultiWorkSpaces_2021\0_lpc_chip_175x_6x\Release\lib0_lpc_chip_175x_6x.a(clock_17xx_40xx.o)
                              D:\Developpement_Robot\Robotic-System\trunk\Workspaces\MultiWorkSpaces_2021\0_lpc_chip_175x_6x\Release\lib0_lpc_chip_175x_6x.a(chip_17xx_40xx.o) (Chip_Clock_EnablePLL)
D:\Developpement_Robot\Robotic-System\trunk\Workspaces\MultiWorkSpaces_2021\0_lpc_chip_175x_6x\Release\lib0_lpc_chip_175x_6x.a(ring_buffer.o)
                              ./Communication/0_Communication.o (RingBuffer_Init)
D:\Developpement_Robot\Robotic-System\trunk\Workspaces\MultiWorkSpaces_2021\0_lpc_chip_175x_6x\Release\lib0_lpc_chip_175x_6x.a(stopwatch_17xx_40xx.o)
                              ./Communication/USB/src/cdc_usb_main.o (StopWatch_Init)
D:\Developpement_Robot\Robotic-System\trunk\Workspaces\MultiWorkSpaces_2021\0_lpc_chip_175x_6x\Release\lib0_lpc_chip_175x_6x.a(sysinit_17xx_40xx.o)
                              ./src/IA_2021_V0.o (Chip_SetupXtalClocking)
D:\Developpement_Robot\Robotic-System\trunk\Workspaces\MultiWorkSpaces_2021\0_lpc_chip_175x_6x\Release\lib0_lpc_chip_175x_6x.a(timer_17xx_40xx.o)
                              ./src/IA_2021_V0.o (Chip_TIMER_Init)
D:\Developpement_Robot\Robotic-System\trunk\Workspaces\MultiWorkSpaces_2021\0_lpc_chip_175x_6x\Release\lib0_lpc_chip_175x_6x.a(uart_17xx_40xx.o)
                              ./Communication/0_Communication.o (Chip_UART_Init)
D:\Developpement_Robot\Robotic-System\trunk\Workspaces\MultiWorkSpaces_2021\0_lpc_board_nxp_lpcxpresso_1769\Release\lib0_lpc_board_nxp_lpcxpresso_1769.a(board.o)
                              ./src/IA_2021_V0.o (Set_Clock_in)
D:\Developpement_Robot\Robotic-System\trunk\Workspaces\MultiWorkSpaces_2021\0_lpc_chip_175x_6x\libs\libusbd_175x_6x_lib.a(mw_usbd_rom_api.o)
                              ./Communication/USB/src/cdc_usb_main.o (cdc_api)
D:\Developpement_Robot\Robotic-System\trunk\Workspaces\MultiWorkSpaces_2021\0_lpc_chip_175x_6x\libs\libusbd_175x_6x_lib.a(hw_usbd_ip3503.o)
                              D:\Developpement_Robot\Robotic-System\trunk\Workspaces\MultiWorkSpaces_2021\0_lpc_chip_175x_6x\libs\libusbd_175x_6x_lib.a(mw_usbd_rom_api.o) (hwUSB_GetMemSize)
D:\Developpement_Robot\Robotic-System\trunk\Workspaces\MultiWorkSpaces_2021\0_lpc_chip_175x_6x\libs\libusbd_175x_6x_lib.a(mw_usbd_cdcuser.o)
                              D:\Developpement_Robot\Robotic-System\trunk\Workspaces\MultiWorkSpaces_2021\0_lpc_chip_175x_6x\libs\libusbd_175x_6x_lib.a(mw_usbd_rom_api.o) (mwCDC_SendNotification)
D:\Developpement_Robot\Robotic-System\trunk\Workspaces\MultiWorkSpaces_2021\0_lpc_chip_175x_6x\libs\libusbd_175x_6x_lib.a(mw_usbd_core.o)
                              D:\Developpement_Robot\Robotic-System\trunk\Workspaces\MultiWorkSpaces_2021\0_lpc_chip_175x_6x\libs\libusbd_175x_6x_lib.a(mw_usbd_rom_api.o) (mwUSB_SetupStage)
D:\Developpement_Robot\Robotic-System\trunk\Workspaces\MultiWorkSpaces_2021\0_lpc_chip_175x_6x\libs\libusbd_175x_6x_lib.a(mw_usbd_dfuuser.o)
                              D:\Developpement_Robot\Robotic-System\trunk\Workspaces\MultiWorkSpaces_2021\0_lpc_chip_175x_6x\libs\libusbd_175x_6x_lib.a(mw_usbd_rom_api.o) (mwDFU_GetMemSize)
D:\Developpement_Robot\Robotic-System\trunk\Workspaces\MultiWorkSpaces_2021\0_lpc_chip_175x_6x\libs\libusbd_175x_6x_lib.a(mw_usbd_hiduser.o)
                              D:\Developpement_Robot\Robotic-System\trunk\Workspaces\MultiWorkSpaces_2021\0_lpc_chip_175x_6x\libs\libusbd_175x_6x_lib.a(mw_usbd_rom_api.o) (mwHID_GetMemSize)
D:\Developpement_Robot\Robotic-System\trunk\Workspaces\MultiWorkSpaces_2021\0_lpc_chip_175x_6x\libs\libusbd_175x_6x_lib.a(mw_usbd_mscuser.o)
                              D:\Developpement_Robot\Robotic-System\trunk\Workspaces\MultiWorkSpaces_2021\0_lpc_chip_175x_6x\libs\libusbd_175x_6x_lib.a(mw_usbd_rom_api.o) (mwMSC_GetMemSize)
c:/nxp/mcuxpressoide_11.2.1_4149/ide/plugins/com.nxp.mcuxpresso.tools.win32_11.2.0.202008311134/tools/bin/../lib/gcc/arm-none-eabi/9.2.1/thumb/v7-m/nofp\libgcc.a(_arm_mulsf3.o)
                              ./Strategie/Deplacement/0_Deplacements.o (__aeabi_fmul)
c:/nxp/mcuxpressoide_11.2.1_4149/ide/plugins/com.nxp.mcuxpresso.tools.win32_11.2.0.202008311134/tools/bin/../lib/gcc/arm-none-eabi/9.2.1/thumb/v7-m/nofp\libgcc.a(_arm_addsubdf3.o)
                              ./Communication/2_Echange_Datas.o (__aeabi_f2d)
c:/nxp/mcuxpressoide_11.2.1_4149/ide/plugins/com.nxp.mcuxpresso.tools.win32_11.2.0.202008311134/tools/bin/../lib/gcc/arm-none-eabi/9.2.1/thumb/v7-m/nofp\libgcc.a(_arm_addsubsf3.o)
[...]
Memory Configuration

Name             Origin             Length             Attributes
MFlash512        0x00010000         0x00070000         xr
RamLoc32         0x10000000         0x00008000         xrw
Ram_USB          0x2007c000         0x00000800         xrw
RAM3             0x2007c800         0x00007800         xrw
*default*        0x00000000         0xffffffff

Linker script and memory map

LOAD ./src/IA_2021_V0.o
LOAD ./src/Init.o
LOAD ./src/cr_startup_lpc175x_6x.o
LOAD ./src/crp.o
LOAD ./src/sysinit.o
LOAD ./src/test.o
LOAD ./freertos/src/FreeRTOSCommonHooks.o
LOAD ./freertos/src/croutine.o
LOAD ./freertos/src/event_groups.o
LOAD ./freertos/src/heap_5.o
LOAD ./freertos/src/list.o
LOAD ./freertos/src/port.o
LOAD ./freertos/src/queue.o
LOAD ./freertos/src/stream_buffer.o
LOAD ./freertos/src/tasks.o
LOAD ./freertos/src/timers.o
LOAD ./freertos/FreeRTOS_Trace/trcHardwarePort.o
LOAD ./freertos/FreeRTOS_Trace/trcKernelPort.o
LOAD ./freertos/FreeRTOS_Trace/trcSnapshotRecorder.o
LOAD ./Strategie/Deplacement/0_Deplacements.o
LOAD ./Strategie/Deplacement/1_Obstacles.o
LOAD ./Strategie/Actionneurs/0_Actionneurs.o
LOAD ./Strategie/0_Infos.o
LOAD ./Pathfinding/Astar/Astar.o
LOAD ./Communication/USB/src/cdc_desc.o
LOAD ./Communication/USB/src/cdc_usb_main.o
LOAD ./Communication/USB/src/cdc_vcom.o
LOAD ./Communication/RS485/0_RS485.o
LOAD ./Communication/0_Communication.o
LOAD ./Communication/0_Event_Group.o
LOAD ./Communication/1_Trame_Communication.o
LOAD ./Communication/2_Echange_Datas.o
LOAD ./Communication/2_Echange_Datas_Reception.o
LOAD D:\Developpement_Robot\Robotic-System\trunk\Workspaces\MultiWorkSpaces_2021\0_lpc_chip_175x_6x\Release\lib0_lpc_chip_175x_6x.a
LOAD D:\Developpement_Robot\Robotic-System\trunk\Workspaces\MultiWorkSpaces_2021\0_lpc_board_nxp_lpcxpresso_1769\Release\lib0_lpc_board_nxp_lpcxpresso_1769.a
LOAD D:\Developpement_Robot\Robotic-System\trunk\Workspaces\MultiWorkSpaces_2021\0_lpc_chip_175x_6x\libs\libusbd_175x_6x_lib.a
START GROUP
LOAD c:/nxp/mcuxpressoide_11.2.1_4149/ide/plugins/com.nxp.mcuxpresso.tools.win32_11.2.0.202008311134/tools/bin/../lib/gcc/arm-none-eabi/9.2.1/thumb/v7-m/nofp\libgcc.a
LOAD c:/nxp/mcuxpressoide_11.2.1_4149/ide/plugins/com.nxp.mcuxpresso.tools.win32_11.2.0.202008311134/tools/bin/../lib/gcc/arm-none-eabi/9.2.1/../../../../arm-none-eabi/lib/thumb/v7-m/nofp\libc_nano.a
LOAD c:/nxp/mcuxpressoide_11.2.1_4149/ide/plugins/com.nxp.mcuxpresso.tools.win32_11.2.0.202008311134/tools/bin/../lib/gcc/arm-none-eabi/9.2.1/../../../../arm-none-eabi/lib/thumb/v7-m/nofp\libm.a
LOAD c:/nxp/mcuxpressoide_11.2.1_4149/ide/plugins/com.nxp.mcuxpresso.tools.win32_11.2.0.202008311134/tools/bin/../lib/gcc/arm-none-eabi/9.2.1/../../../../arm-none-eabi/lib/thumb/v7-m/nofp\libcr_newlib_none.a
END GROUP
                0x00010000                __base_MFlash512 = 0x10000
                0x00010000                __base_Flash = 0x10000
                0x00080000                __top_MFlash512 = 0x80000
                0x00080000                __top_Flash = 0x80000
                0x10000000                __base_RamLoc32 = 0x10000000
                0x10000000                __base_RAM = 0x10000000
                0x10008000                __top_RamLoc32 = 0x10008000
                0x10008000                __top_RAM = 0x10008000
                0x2007c000                __base_Ram_USB = 0x2007c000
                0x2007c000                __base_RAM2 = 0x2007c000
                0x2007c800                __top_Ram_USB = 0x2007c800
                0x2007c800                __top_RAM2 = 0x2007c800
                0x2007c800                __base_RAM3 = 0x2007c800
                0x2007c800                __base_RAM3 = 0x2007c800
                0x20084000                __top_RAM3 = 0x20084000
                0x20084000                __top_RAM3 = 0x20084000

.text           0x00010000     0x71a0
 FILL mask 0xff
                0x00010000                __vectors_start__ = ABSOLUTE (.)
 *(.isr_vector)
 .isr_vector    0x00010000       0xcc ./src/cr_startup_lpc175x_6x.o
                0x00010000                g_pfnVectors
                0x000100cc                . = ALIGN (0x4)
                0x000100cc                __section_table_start = .
                0x000100cc                __data_section_table = .
                0x000100cc        0x4 LONG 0x171a0 LOADADDR (.data)
                0x000100d0        0x4 LONG 0x10000000 ADDR (.data)
                0x000100d4        0x4 LONG 0x1ec SIZEOF (.data)
                0x000100d8        0x4 LONG 0x171a0 LOADADDR (.data_RAM2)
                0x000100dc        0x4 LONG 0x2007c000 ADDR (.data_RAM2)
                0x000100e0        0x4 LONG 0x0 SIZEOF (.data_RAM2)
                0x000100e4        0x4 LONG 0x171a0 LOADADDR (.data_RAM3)
                0x000100e8        0x4 LONG 0x2007c800 ADDR (.data_RAM3)
                0x000100ec        0x4 LONG 0x0 SIZEOF (.data_RAM3)
                0x000100f0                __data_section_table_end = .
                0x000100f0                __bss_section_table = .
                0x000100f0        0x4 LONG 0x100001ec ADDR (.bss)
                0x000100f4        0x4 LONG 0x384 SIZEOF (.bss)
                0x000100f8        0x4 LONG 0x2007c000 ADDR (.bss_RAM2)
                0x000100fc        0x4 LONG 0x0 SIZEOF (.bss_RAM2)
                0x00010100        0x4 LONG 0x2007c800 ADDR (.bss_RAM3)
                0x00010104        0x4 LONG 0x3544 SIZEOF (.bss_RAM3)
                0x00010108                __bss_section_table_end = .
                0x00010108                __section_table_end = .
 *(.after_vectors*)
 .after_vectors
                0x00010108       0x7c ./src/cr_startup_lpc175x_6x.o
                0x00010108                NMI_Handler
                0x0001010a                HardFault_Handler
                0x0001010c                MemManage_Handler
                0x0001010e                BusFault_Handler
                0x00010110                UsageFault_Handler
                0x00010112                DebugMon_Handler
                0x00010114                PWM1_IRQHandler
                0x00010114                USBActivity_IRQHandler
                0x00010114                UART3_IRQHandler
                0x00010114                RIT_IRQHandler
                0x00010114                I2C1_IRQHandler
                0x00010114                EINT2_IRQHandler
                0x00010114                EINT3_IRQHandler
                0x00010114                CANActivity_IRQHandler
                0x00010114                TIMER3_IRQHandler
                0x00010114                UART0_IRQHandler
                0x00010114                DMA_IRQHandler
                0x00010114                I2C0_IRQHandler
                0x00010114                IntDefaultHandler
                0x00010114                PLL0_IRQHandler
                0x00010114                CAN_IRQHandler
                0x00010114                PLL1_IRQHandler
                0x00010114                SSP0_IRQHandler
                0x00010114                I2S_IRQHandler
                0x00010114                I2C2_IRQHandler
                0x00010114                RTC_IRQHandler
                0x00010114                TIMER0_IRQHandler
                0x00010114                SPI_IRQHandler
                0x00010114                ETH_IRQHandler
                0x00010114                EINT1_IRQHandler
                0x00010114                TIMER1_IRQHandler
                0x00010114                UART2_IRQHandler
                0x00010114                ADC_IRQHandler
                0x00010114                SSP1_IRQHandler
                0x00010114                BOD_IRQHandler
                0x00010114                TIMER2_IRQHandler
                0x00010114                WDT_IRQHandler
                0x00010114                EINT0_IRQHandler
                0x00010114                QEI_IRQHandler
                0x00010114                MCPWM_IRQHandler
                0x00010116                data_init
                0x00010128                bss_init
                0x00010138                ResetISR
                0x0001017c                SVC_Handler
                0x0001017e                PendSV_Handler
                0x00010180                SysTick_Handler
                0x000002fc                . = 0x2fc
 *fill*         0x00010184      0x178 ff
                0x000102fc                PROVIDE (__CRP_WORD_START__ = .)
 *(.crp)
 .crp           0x000102fc        0x4 ./src/crp.o
                0x000102fc                CRP_WORD
                0x00010300                PROVIDE (__CRP_WORD_END__ = .)
                0x00000001                ASSERT (! ((__CRP_WORD_START__ == __CRP_WORD_END__)), Linker CRP Enabled, but no CRP_WORD provided within application)
 *(.text*)
 .text.vConfigureTimerForRunTimeStats
                0x00010300       0x22 ./src/IA_2021_V0.o
                0x00010300                vConfigureTimerForRunTimeStats
 *fill*         0x00010322        0x2 ff
 .text.prvSetupHardware
                0x00010324       0x30 ./src/IA_2021_V0.o
 .text.vTask_HartBeat
                0x00010354       0x5c ./src/IA_2021_V0.o
 .text.startup.main
                0x000103b0       0x34 ./src/IA_2021_V0.o
                0x000103b0                main
 .text.Debug_Trace_Texte
                0x000103e4        0x2 ./src/Init.o
                0x000103e4                Debug_Trace_Texte
 *fill*         0x000103e6        0x2 ff
 .text.Set_Debug_Pin_0_Low
                0x000103e8       0x10 ./src/Init.o
                0x000103e8                Set_Debug_Pin_0_Low
 .text.Set_Debug_Pin_1_Low
                0x000103f8       0x10 ./src/Init.o
                0x000103f8                Set_Debug_Pin_1_Low
 .text.Init_Carte_IA
                0x00010408       0x60 ./src/Init.o
                0x00010408                Init_Carte_IA
 .text.Init_Send_Robot_ID
                0x00010468       0x14 ./src/Init.o
                0x00010468                Init_Send_Robot_ID
 .text.SystemInit
                0x0001047c       0x14 ./src/sysinit.o
                0x0001047c                SystemInit
 .text.TEST_init_parametres
                0x00010490       0x28 ./src/test.o
                0x00010490                TEST_init_parametres
 .text.TEST_envoi_Ping
                0x000104b8       0x20 ./src/test.o
                0x000104b8                TEST_envoi_Ping
 .text.vApplicationStackOverflowHook
                0x000104d8      0x114 ./freertos/src/FreeRTOSCommonHooks.o
                0x000104d8                vApplicationStackOverflowHook
 .text.xEventGroupCreate
                0x000105ec       0x1a ./freertos/src/event_groups.o
                0x000105ec                xEventGroupCreate
 *fill*         0x00010606        0x2 ff
 .text.xEventGroupWaitBits
                0x00010608       0xb8 ./freertos/src/event_groups.o
                0x00010608                xEventGroupWaitBits
 .text.xEventGroupSetBits
                0x000106c0       0x5c ./freertos/src/event_groups.o
                0x000106c0                xEventGroupSetBits
 .text.vEventGroupSetBitsCallback
                0x0001071c        0x4 ./freertos/src/event_groups.o
                0x0001071c                vEventGroupSetBitsCallback
 .text.prvInsertBlockIntoFreeList
                0x00010720       0x48 ./freertos/src/heap_5.o
 .text.pvPortMalloc
                0x00010768       0xb4 ./freertos/src/heap_5.o
                0x00010768                pvPortMalloc
 .text.vPortFree
                0x0001081c       0x58 ./freertos/src/heap_5.o
                0x0001081c                vPortFree
 .text.vPortDefineHeapRegions
                0x00010874       0x88 ./freertos/src/heap_5.o
                0x00010874                vPortDefineHeapRegions
 .text.vListInitialise
                0x000108fc       0x16 ./freertos/src/list.o
                0x000108fc                vListInitialise
 .text.vListInitialiseItem
                0x00010912        0x6 ./freertos/src/list.o
                0x00010912                vListInitialiseItem
 .text.vListInsertEnd
                0x00010918       0x18 ./freertos/src/list.o
                0x00010918                vListInsertEnd
 .text.vListInsert
                0x00010930       0x2e ./freertos/src/list.o
                0x00010930                vListInsert
 .text.uxListRemove
                0x0001095e       0x20 ./freertos/src/list.o
                0x0001095e                uxListRemove
 .text.prvTaskExitError
                0x0001097e       0x20 ./freertos/src/port.o
 *fill*         0x0001099e        0x2 ff
 .text.prvPortStartFirstTask
                0x000109a0       0x20 ./freertos/src/port.o
 .text.pxPortInitialiseStack
                0x000109c0       0x24 ./freertos/src/port.o
                0x000109c0                pxPortInitialiseStack
 *fill*         0x000109e4        0xc ff
 .text.vPortSVCHandler
                0x000109f0       0x24 ./freertos/src/port.o
                0x000109f0                vPortSVCHandler
 .text.vPortEnterCritical
                0x00010a14       0x20 ./freertos/src/port.o
                0x00010a14                vPortEnterCritical
 .text.vPortExitCritical
                0x00010a34       0x14 ./freertos/src/port.o
                0x00010a34                vPortExitCritical
 *fill*         0x00010a48        0x8 ff
 .text.xPortPendSVHandler
                0x00010a50       0x44 ./freertos/src/port.o
                0x00010a50                xPortPendSVHandler
 .text.xPortSysTickHandler
                0x00010a94       0x2c ./freertos/src/port.o
                0x00010a94                xPortSysTickHandler
 .text.vPortSetupTimerInterrupt
                0x00010ac0       0x24 ./freertos/src/port.o
                0x00010ac0                vPortSetupTimerInterrupt
 .text.xPortStartScheduler
                0x00010ae4       0x38 ./freertos/src/port.o
                0x00010ae4                xPortStartScheduler
 .text.prvIsQueueEmpty
                0x00010b1c       0x16 ./freertos/src/queue.o
 .text.prvCopyDataToQueue
                0x00010b32       0x6a ./freertos/src/queue.o
 .text.prvCopyDataFromQueue
                0x00010b9c       0x28 ./freertos/src/queue.o
 .text.prvUnlockQueue
                0x00010bc4       0x70 ./freertos/src/queue.o
 .text.xQueueGenericReset
                0x00010c34       0x6c ./freertos/src/queue.o
                0x00010c34                xQueueGenericReset
 .text.xQueueGenericCreate
                0x00010ca0       0x2e ./freertos/src/queue.o
                0x00010ca0                xQueueGenericCreate
 *fill*         0x00010cce        0x2 ff
 .text.xQueueGenericSend
                0x00010cd0      0x104 ./freertos/src/queue.o
                0x00010cd0                xQueueGenericSend
 .text.xQueueGenericSendFromISR
                0x00010dd4       0x6a ./freertos/src/queue.o
                0x00010dd4                xQueueGenericSendFromISR
 *fill*         0x00010e3e        0x2 ff
 .text.xQueueReceive
                0x00010e40       0xf0 ./freertos/src/queue.o
                0x00010e40                xQueueReceive
 .text.vQueueAddToRegistry
                0x00010f30       0x24 ./freertos/src/queue.o
                0x00010f30                vQueueAddToRegistry
 .text.vQueueWaitForMessageRestricted
                0x00010f54       0x46 ./freertos/src/queue.o
                0x00010f54                vQueueWaitForMessageRestricted
 *fill*         0x00010f9a        0x2 ff
 .text.prvResetNextTaskUnblockTime
                0x00010f9c       0x24 ./freertos/src/tasks.o
 .text.prvAddCurrentTaskToDelayedList
                0x00010fc0       0x8c ./freertos/src/tasks.o
 .text.prvIdleTask
                0x0001104c       0x6c ./freertos/src/tasks.o
 .text.xTaskCreate
                0x000110b8      0x1d8 ./freertos/src/tasks.o
                0x000110b8                xTaskCreate
 .text.vTaskDelete
                0x00011290       0xbc ./freertos/src/tasks.o
                0x00011290                vTaskDelete
 .text.vTaskStartScheduler
                0x0001134c       0x6c ./freertos/src/tasks.o
                0x0001134c                vTaskStartScheduler
 .text.vTaskSuspendAll
                0x000113b8       0x10 ./freertos/src/tasks.o
                0x000113b8                vTaskSuspendAll
 .text.xTaskGetTickCount
                0x000113c8        0xc ./freertos/src/tasks.o
                0x000113c8                xTaskGetTickCount
 .text.xTaskIncrementTick
                0x000113d4      0x10c ./freertos/src/tasks.o
                0x000113d4                xTaskIncrementTick
 .text.xTaskResumeAll
                0x000114e0       0xd8 ./freertos/src/tasks.o
                0x000114e0                xTaskResumeAll
 .text.vTaskDelayUntil
                0x000115b8       0x4c ./freertos/src/tasks.o
                0x000115b8                vTaskDelayUntil
 .text.vTaskDelay
                0x00011604       0x30 ./freertos/src/tasks.o
                0x00011604                vTaskDelay
 .text.vTaskSwitchContext
                0x00011634       0x90 ./freertos/src/tasks.o
                0x00011634                vTaskSwitchContext
 .text.vTaskPlaceOnEventList
                0x000116c4       0x20 ./freertos/src/tasks.o
                0x000116c4                vTaskPlaceOnEventList
 .text.vTaskPlaceOnUnorderedEventList
                0x000116e4       0x28 ./freertos/src/tasks.o
                0x000116e4                vTaskPlaceOnUnorderedEventList
 .text.vTaskPlaceOnEventListRestricted
                0x0001170c       0x2c ./freertos/src/tasks.o
                0x0001170c                vTaskPlaceOnEventListRestricted
 .text.xTaskRemoveFromEventList
                0x00011738       0x70 ./freertos/src/tasks.o
                0x00011738                xTaskRemoveFromEventList
 .text.vTaskRemoveFromUnorderedEventList
                0x000117a8       0x58 ./freertos/src/tasks.o
                0x000117a8                vTaskRemoveFromUnorderedEventList
 .text.vTaskInternalSetTimeOutState
                0x00011800       0x18 ./freertos/src/tasks.o
                0x00011800                vTaskInternalSetTimeOutState
 .text.xTaskCheckForTimeOut
                0x00011818       0x50 ./freertos/src/tasks.o
                0x00011818                xTaskCheckForTimeOut
 .text.vTaskMissedYield
                0x00011868        0xc ./freertos/src/tasks.o
                0x00011868                vTaskMissedYield
 .text.xTaskGetCurrentTaskHandle
                0x00011874        0xc ./freertos/src/tasks.o
                0x00011874                xTaskGetCurrentTaskHandle
 .text.xTaskGetSchedulerState
                0x00011880       0x20 ./freertos/src/tasks.o
                0x00011880                xTaskGetSchedulerState
 .text.xTaskPriorityDisinherit
                0x000118a0       0x70 ./freertos/src/tasks.o
                0x000118a0                xTaskPriorityDisinherit
 .text.uxTaskResetEventItemValue
                0x00011910       0x18 ./freertos/src/tasks.o
                0x00011910                uxTaskResetEventItemValue
 .text.prvCheckForValidListAndQueue
                0x00011928       0x58 ./freertos/src/timers.o
 .text.prvInsertTimerInActiveList
                0x00011980       0x3c ./freertos/src/timers.o
 .text.xTimerCreateTimerTask
                0x000119bc       0x38 ./freertos/src/timers.o
                0x000119bc                xTimerCreateTimerTask
 .text.xTimerGenericCommand
                0x000119f4       0x44 ./freertos/src/timers.o
                0x000119f4                xTimerGenericCommand
 .text.prvSwitchTimerLists
                0x00011a38       0x6c ./freertos/src/timers.o
 .text.prvTimerTask
                0x00011aa4      0x1b8 ./freertos/src/timers.o
 .text.xTimerPendFunctionCallFromISR
                0x00011c5c       0x28 ./freertos/src/timers.o
                0x00011c5c                xTimerPendFunctionCallFromISR
 .text._0_Deplacement_Init
                0x00011c84       0x10 ./Strategie/Deplacement/0_Deplacements.o
                0x00011c84                _0_Deplacement_Init
 .text._0_Infos_Init
                0x00011c94       0x10 ./Strategie/0_Infos.o
                0x00011c94                _0_Infos_Init
 .text._0_Update_Card_Datas
                0x00011ca4       0x20 ./Strategie/0_Infos.o
                0x00011ca4                _0_Update_Card_Datas
 .text._0_RS485_Master_Mode
                0x00011cc4       0x16 ./Communication/RS485/0_RS485.o
                0x00011cc4                _0_RS485_Master_Mode
 .text._0_RS485_Slave_Mode
                0x00011cda       0x16 ./Communication/RS485/0_RS485.o
                0x00011cda                _0_RS485_Slave_Mode
 .text._0_RS485_Init
                0x00011cf0       0x54 ./Communication/RS485/0_RS485.o
                0x00011cf0                _0_RS485_Init
 .text._0_Communication_Init
                0x00011d44       0x58 ./Communication/0_Communication.o
                0x00011d44                _0_Communication_Init
 .text._0_Communication_Init_RS485
                0x00011d9c       0xa0 ./Communication/0_Communication.o
                0x00011d9c                _0_Communication_Init_RS485
 .text.UART1_IRQHandler
                0x00011e3c       0x9c ./Communication/0_Communication.o
                0x00011e3c                UART1_IRQHandler
 .text.USB_IRQHandler
                0x00011ed8       0x18 ./Communication/0_Communication.o
                0x00011ed8                USB_IRQHandler
 .text._0_Communication_Send_Data
                0x00011ef0       0x68 ./Communication/0_Communication.o
                0x00011ef0                _0_Communication_Send_Data
 .text._0_Communication_Send_RS485
                0x00011f58       0x90 ./Communication/0_Communication.o
                0x00011f58                _0_Communication_Send_RS485
 .text.Chip_UART_SendByte
                0x00011fe8        0x4 ./Communication/0_Communication.o
 .text.Chip_UART_ReadLineStatus
                0x00011fec        0x4 ./Communication/0_Communication.o
 .text._0_Communication_Init_Event_Group
                0x00011ff0       0x10 ./Communication/0_Event_Group.o
                0x00011ff0                _0_Communication_Init_Event_Group
 .text._1_Communication_Init
                0x00012000       0x30 ./Communication/1_Trame_Communication.o
                0x00012000                _1_Communication_Init
 .text._1_Communication_Create_Queues_Semaphores
                0x00012030       0x30 ./Communication/1_Trame_Communication.o
                0x00012030                _1_Communication_Create_Queues_Semaphores
 .text._1_Communication_Wait_To_Send
                0x00012060       0x20 ./Communication/1_Trame_Communication.o
                0x00012060                _1_Communication_Wait_To_Send
 .text._1_Communication_Free_Send_Bit
                0x00012080       0x10 ./Communication/1_Trame_Communication.o
                0x00012080                _1_Communication_Free_Send_Bit
 .text._1_Communication_Wait_To_Receive
                0x00012090       0x20 ./Communication/1_Trame_Communication.o
                0x00012090                _1_Communication_Wait_To_Receive
 .text._1_Communication_Free_Receive_Bit
                0x000120b0       0x10 ./Communication/1_Trame_Communication.o
                0x000120b0                _1_Communication_Free_Receive_Bit
 .text._1_Communication_Create_Message
                0x000120c0       0x78 ./Communication/1_Trame_Communication.o
                0x000120c0                _1_Communication_Create_Message
 .text._1_Communication_Create_Trame
                0x00012138       0x38 ./Communication/1_Trame_Communication.o
                0x00012138                _1_Communication_Create_Trame
 .text._1_Communication_Create_Trame_From_Buffer
                0x00012170      0x2d8 ./Communication/1_Trame_Communication.o
                0x00012170                _1_Communication_Create_Trame_From_Buffer
 .text._1_Communication_Check_Rx_Adresse
                0x00012448       0x24 ./Communication/1_Trame_Communication.o
                0x00012448                _1_Communication_Check_Rx_Adresse
 .text._1_Communication_Recomposition_Rx
                0x0001246c       0x60 ./Communication/1_Trame_Communication.o
                0x0001246c                _1_Communication_Recomposition_Rx
 .text._2_Communication_Init
                0x000124cc       0x10 ./Communication/2_Echange_Datas.o
                0x000124cc                _2_Communication_Init
 .text._2_Comm_Send_Demande_Info
                0x000124dc       0x34 ./Communication/2_Echange_Datas.o
                0x000124dc                _2_Comm_Send_Demande_Info
 .text._2_Comm_Send_PING
                0x00012510       0x34 ./Communication/2_Echange_Datas.o
                0x00012510                _2_Comm_Send_PING
 .text._2_Comm_Send_Log_Message
                0x00012544      0x10c ./Communication/2_Echange_Datas.o
                0x00012544                _2_Comm_Send_Log_Message
 .text._2_Comm_Send_Communication_Status
                0x00012650       0x4c ./Communication/2_Echange_Datas.o
                0x00012650                _2_Comm_Send_Communication_Status
 .text._2_Comm_Send_PONG
                0x0001269c       0x80 ./Communication/2_Echange_Datas.o
                0x0001269c                _2_Comm_Send_PONG
 .text._2_Communication_Boards_Status
                0x0001271c       0x44 ./Communication/2_Echange_Datas.o
                0x0001271c                _2_Communication_Boards_Status
 .text._2_Comm_Robot_ID
                0x00012760       0x34 ./Communication/2_Echange_Datas.o
                0x00012760                _2_Comm_Robot_ID
 .text._2_Communication_RX_Init
                0x00012794       0x2c ./Communication/2_Echange_Datas_Reception.o
                0x00012794                _2_Communication_RX_Init
 .text._2_Communication_RX_Lectures_Messages
                0x000127c0       0x94 ./Communication/2_Echange_Datas_Reception.o
                0x000127c0                _2_Communication_RX_Lectures_Messages
 .text.SystemCoreClockUpdate
                0x00012854       0x10 D:\Developpement_Robot\Robotic-System\trunk\Workspaces\MultiWorkSpaces_2021\0_lpc_chip_175x_6x\Release\lib0_lpc_chip_175x_6x.a(chip_17xx_40xx.o)
                0x00012854                SystemCoreClockUpdate
 .text.Chip_Clock_EnablePLL
                0x00012864       0x24 D:\Developpement_Robot\Robotic-System\trunk\Workspaces\MultiWorkSpaces_2021\0_lpc_chip_175x_6x\Release\lib0_lpc_chip_175x_6x.a(clock_17xx_40xx.o)
                0x00012864                Chip_Clock_EnablePLL
 .text.Chip_Clock_DisablePLL
                0x00012888       0x26 D:\Developpement_Robot\Robotic-System\trunk\Workspaces\MultiWorkSpaces_2021\0_lpc_chip_175x_6x\Release\lib0_lpc_chip_175x_6x.a(clock_17xx_40xx.o)
                0x00012888                Chip_Clock_DisablePLL
 .text.Chip_Clock_SetupPLL
                0x000128ae       0x30 D:\Developpement_Robot\Robotic-System\trunk\Workspaces\MultiWorkSpaces_2021\0_lpc_chip_175x_6x\Release\lib0_lpc_chip_175x_6x.a(clock_17xx_40xx.o)
                0x000128ae                Chip_Clock_SetupPLL
 *fill*         0x000128de        0x2 ff
 .text.Chip_Clock_EnablePeriphClock
                0x000128e0       0x18 D:\Developpement_Robot\Robotic-System\trunk\Workspaces\MultiWorkSpaces_2021\0_lpc_chip_175x_6x\Release\lib0_lpc_chip_175x_6x.a(clock_17xx_40xx.o)
                0x000128e0                Chip_Clock_EnablePeriphClock
 .text.Chip_Clock_GetCPUClockSource
                0x000128f8       0x10 D:\Developpement_Robot\Robotic-System\trunk\Workspaces\MultiWorkSpaces_2021\0_lpc_chip_175x_6x\Release\lib0_lpc_chip_175x_6x.a(clock_17xx_40xx.o)
                0x000128f8                Chip_Clock_GetCPUClockSource
 .text.Chip_Clock_SetCPUClockDiv
                0x00012908        0xc D:\Developpement_Robot\Robotic-System\trunk\Workspaces\MultiWorkSpaces_2021\0_lpc_chip_175x_6x\Release\lib0_lpc_chip_175x_6x.a(clock_17xx_40xx.o)
                0x00012908                Chip_Clock_SetCPUClockDiv
 .text.Chip_Clock_GetCPUClockDiv
                0x00012914       0x10 D:\Developpement_Robot\Robotic-System\trunk\Workspaces\MultiWorkSpaces_2021\0_lpc_chip_175x_6x\Release\lib0_lpc_chip_175x_6x.a(clock_17xx_40xx.o)
                0x00012914                Chip_Clock_GetCPUClockDiv
 .text.Chip_Clock_GetPCLKDiv
                0x00012924       0x38 D:\Developpement_Robot\Robotic-System\trunk\Workspaces\MultiWorkSpaces_2021\0_lpc_chip_175x_6x\Release\lib0_lpc_chip_175x_6x.a(clock_17xx_40xx.o)
                0x00012924                Chip_Clock_GetPCLKDiv
 .text.Chip_Clock_GetSYSCLKRate
                0x0001295c       0x38 D:\Developpement_Robot\Robotic-System\trunk\Workspaces\MultiWorkSpaces_2021\0_lpc_chip_175x_6x\Release\lib0_lpc_chip_175x_6x.a(clock_17xx_40xx.o)
                0x0001295c                Chip_Clock_GetSYSCLKRate
 .text.Chip_Clock_GetMainPLLOutClockRate
                0x00012994       0x34 D:\Developpement_Robot\Robotic-System\trunk\Workspaces\MultiWorkSpaces_2021\0_lpc_chip_175x_6x\Release\lib0_lpc_chip_175x_6x.a(clock_17xx_40xx.o)
                0x00012994                Chip_Clock_GetMainPLLOutClockRate
 .text.Chip_Clock_GetMainClockRate
                0x000129c8       0x20 D:\Developpement_Robot\Robotic-System\trunk\Workspaces\MultiWorkSpaces_2021\0_lpc_chip_175x_6x\Release\lib0_lpc_chip_175x_6x.a(clock_17xx_40xx.o)
                0x000129c8                Chip_Clock_GetMainClockRate
 .text.Chip_Clock_GetSystemClockRate
                0x000129e8       0x12 D:\Developpement_Robot\Robotic-System\trunk\Workspaces\MultiWorkSpaces_2021\0_lpc_chip_175x_6x\Release\lib0_lpc_chip_175x_6x.a(clock_17xx_40xx.o)
                0x000129e8                Chip_Clock_GetSystemClockRate
 .text.Chip_Clock_GetPeripheralClockRate
                0x000129fa       0x16 D:\Developpement_Robot\Robotic-System\trunk\Workspaces\MultiWorkSpaces_2021\0_lpc_chip_175x_6x\Release\lib0_lpc_chip_175x_6x.a(clock_17xx_40xx.o)
                0x000129fa                Chip_Clock_GetPeripheralClockRate
 .text.RingBuffer_Init
                0x00012a10       0x10 D:\Developpement_Robot\Robotic-System\trunk\Workspaces\MultiWorkSpaces_2021\0_lpc_chip_175x_6x\Release\lib0_lpc_chip_175x_6x.a(ring_buffer.o)
                0x00012a10                RingBuffer_Init
 .text.RingBuffer_Insert
                0x00012a20       0x30 D:\Developpement_Robot\Robotic-System\trunk\Workspaces\MultiWorkSpaces_2021\0_lpc_chip_175x_6x\Release\lib0_lpc_chip_175x_6x.a(ring_buffer.o)
                0x00012a20                RingBuffer_Insert
 .text.RingBuffer_InsertMult
                0x00012a50       0x88 D:\Developpement_Robot\Robotic-System\trunk\Workspaces\MultiWorkSpaces_2021\0_lpc_chip_175x_6x\Release\lib0_lpc_chip_175x_6x.a(ring_buffer.o)
                0x00012a50                RingBuffer_InsertMult
 .text.RingBuffer_Pop
                0x00012ad8       0x30 D:\Developpement_Robot\Robotic-System\trunk\Workspaces\MultiWorkSpaces_2021\0_lpc_chip_175x_6x\Release\lib0_lpc_chip_175x_6x.a(ring_buffer.o)
                0x00012ad8                RingBuffer_Pop
 .text.RingBuffer_PopMult
                0x00012b08       0x7c D:\Developpement_Robot\Robotic-System\trunk\Workspaces\MultiWorkSpaces_2021\0_lpc_chip_175x_6x\Release\lib0_lpc_chip_175x_6x.a(ring_buffer.o)
                0x00012b08                RingBuffer_PopMult
 .text.RingBuffer_Count
                0x00012b84        0x8 D:\Developpement_Robot\Robotic-System\trunk\Workspaces\MultiWorkSpaces_2021\0_lpc_chip_175x_6x\Release\lib0_lpc_chip_175x_6x.a(ring_buffer.o)
                0x00012b84                RingBuffer_Count
 .text.Chip_SetupIrcClocking
                0x00012b8c       0x64 D:\Developpement_Robot\Robotic-System\trunk\Workspaces\MultiWorkSpaces_2021\0_lpc_chip_175x_6x\Release\lib0_lpc_chip_175x_6x.a(sysinit_17xx_40xx.o)
                0x00012b8c                Chip_SetupIrcClocking
 .text.Chip_SetupXtalClocking
                0x00012bf0       0xdc D:\Developpement_Robot\Robotic-System\trunk\Workspaces\MultiWorkSpaces_2021\0_lpc_chip_175x_6x\Release\lib0_lpc_chip_175x_6x.a(sysinit_17xx_40xx.o)
                0x00012bf0                Chip_SetupXtalClocking
 .text.Chip_SystemInit
                0x00012ccc        0x4 D:\Developpement_Robot\Robotic-System\trunk\Workspaces\MultiWorkSpaces_2021\0_lpc_chip_175x_6x\Release\lib0_lpc_chip_175x_6x.a(sysinit_17xx_40xx.o)
                0x00012ccc                Chip_SystemInit
 .text.Chip_TIMER_Init
                0x00012cd0       0x2c D:\Developpement_Robot\Robotic-System\trunk\Workspaces\MultiWorkSpaces_2021\0_lpc_chip_175x_6x\Release\lib0_lpc_chip_175x_6x.a(timer_17xx_40xx.o)
                0x00012cd0                Chip_TIMER_Init
 .text.Chip_UART_GetClockIndex
                0x00012cfc       0x28 D:\Developpement_Robot\Robotic-System\trunk\Workspaces\MultiWorkSpaces_2021\0_lpc_chip_175x_6x\Release\lib0_lpc_chip_175x_6x.a(uart_17xx_40xx.o)
 .text.Chip_UART_Init
                0x00012d24       0x38 D:\Developpement_Robot\Robotic-System\trunk\Workspaces\MultiWorkSpaces_2021\0_lpc_chip_175x_6x\Release\lib0_lpc_chip_175x_6x.a(uart_17xx_40xx.o)
                0x00012d24                Chip_UART_Init
 .text.Chip_UART_TXEnable
                0x00012d5c        0x6 D:\Developpement_Robot\Robotic-System\trunk\Workspaces\MultiWorkSpaces_2021\0_lpc_chip_175x_6x\Release\lib0_lpc_chip_175x_6x.a(uart_17xx_40xx.o)
                0x00012d5c                Chip_UART_TXEnable
 .text.Chip_UART_SetBaud
                0x00012d62       0x34 D:\Developpement_Robot\Robotic-System\trunk\Workspaces\MultiWorkSpaces_2021\0_lpc_chip_175x_6x\Release\lib0_lpc_chip_175x_6x.a(uart_17xx_40xx.o)
                0x00012d62                Chip_UART_SetBaud
 .text.Chip_UART_RXIntHandlerRB
                0x00012d96       0x22 D:\Developpement_Robot\Robotic-System\trunk\Workspaces\MultiWorkSpaces_2021\0_lpc_chip_175x_6x\Release\lib0_lpc_chip_175x_6x.a(uart_17xx_40xx.o)
                0x00012d96                Chip_UART_RXIntHandlerRB
 .text.Chip_UART_TXIntHandlerRB
                0x00012db8       0x24 D:\Developpement_Robot\Robotic-System\trunk\Workspaces\MultiWorkSpaces_2021\0_lpc_chip_175x_6x\Release\lib0_lpc_chip_175x_6x.a(uart_17xx_40xx.o)
                0x00012db8                Chip_UART_TXIntHandlerRB
 .text.Chip_UART_IRQRBHandler
                0x00012ddc       0x68 D:\Developpement_Robot\Robotic-System\trunk\Workspaces\MultiWorkSpaces_2021\0_lpc_chip_175x_6x\Release\lib0_lpc_chip_175x_6x.a(uart_17xx_40xx.o)
                0x00012ddc                Chip_UART_IRQRBHandler
 .text.Set_Clock_in
                0x00012e44        0xc D:\Developpement_Robot\Robotic-System\trunk\Workspaces\MultiWorkSpaces_2021\0_lpc_board_nxp_lpcxpresso_1769\Release\lib0_lpc_board_nxp_lpcxpresso_1769.a(board.o)
                0x00012e44                Set_Clock_in
 .text.Board_Init
                0x00012e50       0x12 D:\Developpement_Robot\Robotic-System\trunk\Workspaces\MultiWorkSpaces_2021\0_lpc_board_nxp_lpcxpresso_1769\Release\lib0_lpc_board_nxp_lpcxpresso_1769.a(board.o)
                0x00012e50                Board_Init
 .text.EPAdr    0x00012e62       0x10 D:\Developpement_Robot\Robotic-System\trunk\Workspaces\MultiWorkSpaces_2021\0_lpc_chip_175x_6x\libs\libusbd_175x_6x_lib.a(hw_usbd_ip3503.o)
                0x00012e62                EPAdr
 .text.hwWrCmd  0x00012e72       0x10 D:\Developpement_Robot\Robotic-System\trunk\Workspaces\MultiWorkSpaces_2021\0_lpc_chip_175x_6x\libs\libusbd_175x_6x_lib.a(hw_usbd_ip3503.o)
                0x00012e72                hwWrCmd
 .text.hwWrCmdDat
                0x00012e82       0x16 D:\Developpement_Robot\Robotic-System\trunk\Workspaces\MultiWorkSpaces_2021\0_lpc_chip_175x_6x\libs\libusbd_175x_6x_lib.a(hw_usbd_ip3503.o)
                0x00012e82                hwWrCmdDat
 .text.hwWrCmdEP
                0x00012e98       0x24 D:\Developpement_Robot\Robotic-System\trunk\Workspaces\MultiWorkSpaces_2021\0_lpc_chip_175x_6x\libs\libusbd_175x_6x_lib.a(hw_usbd_ip3503.o)
                0x00012e98                hwWrCmdEP
 .text.hwRdCmdDat
                0x00012ebc       0x12 D:\Developpement_Robot\Robotic-System\trunk\Workspaces\MultiWorkSpaces_2021\0_lpc_chip_175x_6x\libs\libusbd_175x_6x_lib.a(hw_usbd_ip3503.o)
                0x00012ebc                hwRdCmdDat
 .text.hwUSB_GetMemSize
                0x00012ece        0x6 D:\Developpement_Robot\Robotic-System\trunk\Workspaces\MultiWorkSpaces_2021\0_lpc_chip_175x_6x\libs\libusbd_175x_6x_lib.a(hw_usbd_ip3503.o)
                0x00012ece                hwUSB_GetMemSize
 .text.hwUSB_Connect
                0x00012ed4       0x1c D:\Developpement_Robot\Robotic-System\trunk\Workspaces\MultiWorkSpaces_2021\0_lpc_chip_175x_6x\libs\libusbd_175x_6x_lib.a(hw_usbd_ip3503.o)
                0x00012ed4                hwUSB_Connect
 .text.hwUSB_Reset
                0x00012ef0       0x30 D:\Developpement_Robot\Robotic-System\trunk\Workspaces\MultiWorkSpaces_2021\0_lpc_chip_175x_6x\libs\libusbd_175x_6x_lib.a(hw_usbd_ip3503.o)
                0x00012ef0                hwUSB_Reset
 .text.hwUSB_WakeUp
                0x00012f20       0x20 D:\Developpement_Robot\Robotic-System\trunk\Workspaces\MultiWorkSpaces_2021\0_lpc_chip_175x_6x\libs\libusbd_175x_6x_lib.a(hw_usbd_ip3503.o)
                0x00012f20                hwUSB_WakeUp
 .text.hwUSB_WakeUpCfg
                0x00012f40        0x2 D:\Developpement_Robot\Robotic-System\trunk\Workspaces\MultiWorkSpaces_2021\0_lpc_chip_175x_6x\libs\libusbd_175x_6x_lib.a(hw_usbd_ip3503.o)
                0x00012f40                hwUSB_WakeUpCfg
 *fill*         0x00012f42        0x2 ff
 .text.hwUSB_SetAddress
                0x00012f44       0x30 D:\Developpement_Robot\Robotic-System\trunk\Workspaces\MultiWorkSpaces_2021\0_lpc_chip_175x_6x\libs\libusbd_175x_6x_lib.a(hw_usbd_ip3503.o)
                0x00012f44                hwUSB_SetAddress
 .text.hwUSB_Init
                0x00012f74       0x84 D:\Developpement_Robot\Robotic-System\trunk\Workspaces\MultiWorkSpaces_2021\0_lpc_chip_175x_6x\libs\libusbd_175x_6x_lib.a(hw_usbd_ip3503.o)
                0x00012f74                hwUSB_Init
 .text.hwUSB_Configure
                0x00012ff8       0x34 D:\Developpement_Robot\Robotic-System\trunk\Workspaces\MultiWorkSpaces_2021\0_lpc_chip_175x_6x\libs\libusbd_175x_6x_lib.a(hw_usbd_ip3503.o)
                0x00012ff8                hwUSB_Configure
 .text.hwUSB_ConfigEP
                0x0001302c       0x32 D:\Developpement_Robot\Robotic-System\trunk\Workspaces\MultiWorkSpaces_2021\0_lpc_chip_175x_6x\libs\libusbd_175x_6x_lib.a(hw_usbd_ip3503.o)
                0x0001302c                hwUSB_ConfigEP
 .text.hwUSB_DirCtrlEP
                0x0001305e        0x2 D:\Developpement_Robot\Robotic-System\trunk\Workspaces\MultiWorkSpaces_2021\0_lpc_chip_175x_6x\libs\libusbd_175x_6x_lib.a(hw_usbd_ip3503.o)
                0x0001305e                hwUSB_DirCtrlEP
 .text.hwUSB_EnableEP
                0x00013060       0x24 D:\Developpement_Robot\Robotic-System\trunk\Workspaces\MultiWorkSpaces_2021\0_lpc_chip_175x_6x\libs\libusbd_175x_6x_lib.a(hw_usbd_ip3503.o)
                0x00013060                hwUSB_EnableEP
 .text.hwUSB_DisableEP
                0x00013084       0x28 D:\Developpement_Robot\Robotic-System\trunk\Workspaces\MultiWorkSpaces_2021\0_lpc_chip_175x_6x\libs\libusbd_175x_6x_lib.a(hw_usbd_ip3503.o)
                0x00013084                hwUSB_DisableEP
 .text.hwUSB_ResetEP
                0x000130ac       0x24 D:\Developpement_Robot\Robotic-System\trunk\Workspaces\MultiWorkSpaces_2021\0_lpc_chip_175x_6x\libs\libusbd_175x_6x_lib.a(hw_usbd_ip3503.o)
                0x000130ac                hwUSB_ResetEP
 .text.hwUSB_SetStallEP
                0x000130d0       0x28 D:\Developpement_Robot\Robotic-System\trunk\Workspaces\MultiWorkSpaces_2021\0_lpc_chip_175x_6x\libs\libusbd_175x_6x_lib.a(hw_usbd_ip3503.o)
                0x000130d0                hwUSB_SetStallEP
 .text.hwUSB_ClrStallEP
                0x000130f8       0x24 D:\Developpement_Robot\Robotic-System\trunk\Workspaces\MultiWorkSpaces_2021\0_lpc_chip_175x_6x\libs\libusbd_175x_6x_lib.a(hw_usbd_ip3503.o)
                0x000130f8                hwUSB_ClrStallEP
 .text.hwUSB_EnableEvent
                0x0001311c       0xd8 D:\Developpement_Robot\Robotic-System\trunk\Workspaces\MultiWorkSpaces_2021\0_lpc_chip_175x_6x\libs\libusbd_175x_6x_lib.a(hw_usbd_ip3503.o)
                0x0001311c                hwUSB_EnableEvent
 .text.hwUSB_ReadEP
                0x000131f4       0x80 D:\Developpement_Robot\Robotic-System\trunk\Workspaces\MultiWorkSpaces_2021\0_lpc_chip_175x_6x\libs\libusbd_175x_6x_lib.a(hw_usbd_ip3503.o)
                0x000131f4                hwUSB_ReadEP
 .text.hwUSB_ForceFullSpeed
                0x00013274        0x2 D:\Developpement_Robot\Robotic-System\trunk\Workspaces\MultiWorkSpaces_2021\0_lpc_chip_175x_6x\libs\libusbd_175x_6x_lib.a(hw_usbd_ip3503.o)
                0x00013274                hwUSB_ForceFullSpeed
 .text.hwUSB_SetTestMode
                0x00013276        0x4 D:\Developpement_Robot\Robotic-System\trunk\Workspaces\MultiWorkSpaces_2021\0_lpc_chip_175x_6x\libs\libusbd_175x_6x_lib.a(hw_usbd_ip3503.o)
                0x00013276                hwUSB_SetTestMode
 .text.hwUSB_ReadReqEP
                0x0001327a        0x4 D:\Developpement_Robot\Robotic-System\trunk\Workspaces\MultiWorkSpaces_2021\0_lpc_chip_175x_6x\libs\libusbd_175x_6x_lib.a(hw_usbd_ip3503.o)
                0x0001327a                hwUSB_ReadReqEP
 .text.hwUSB_ReadSetupPkt
                0x0001327e        0x4 D:\Developpement_Robot\Robotic-System\trunk\Workspaces\MultiWorkSpaces_2021\0_lpc_chip_175x_6x\libs\libusbd_175x_6x_lib.a(hw_usbd_ip3503.o)
                0x0001327e                hwUSB_ReadSetupPkt
 *fill*         0x00013282        0x2 ff
 .text.hwUSB_WriteEP
                0x00013284       0x44 D:\Developpement_Robot\Robotic-System\trunk\Workspaces\MultiWorkSpaces_2021\0_lpc_chip_175x_6x\libs\libusbd_175x_6x_lib.a(hw_usbd_ip3503.o)
                0x00013284                hwUSB_WriteEP
 .text.hwUSB_ISR
                0x000132c8      0x1a0 D:\Developpement_Robot\Robotic-System\trunk\Workspaces\MultiWorkSpaces_2021\0_lpc_chip_175x_6x\libs\libusbd_175x_6x_lib.a(hw_usbd_ip3503.o)
                0x000132c8                hwUSB_ISR
 .text.mwCDC_SetRequest
                0x00013468       0x7c D:\Developpement_Robot\Robotic-System\trunk\Workspaces\MultiWorkSpaces_2021\0_lpc_chip_175x_6x\libs\libusbd_175x_6x_lib.a(mw_usbd_cdcuser.o)
                0x00013468                mwCDC_SetRequest
 .text.mwCDC_ep0_hdlr
                0x000134e4       0xb0 D:\Developpement_Robot\Robotic-System\trunk\Workspaces\MultiWorkSpaces_2021\0_lpc_chip_175x_6x\libs\libusbd_175x_6x_lib.a(mw_usbd_cdcuser.o)
                0x000134e4                mwCDC_ep0_hdlr
 .text.mwCDC_GetRequest
                0x00013594       0x50 D:\Developpement_Robot\Robotic-System\trunk\Workspaces\MultiWorkSpaces_2021\0_lpc_chip_175x_6x\libs\libusbd_175x_6x_lib.a(mw_usbd_cdcuser.o)
                0x00013594                mwCDC_GetRequest
 .text.mwCDC_SendNotification
                0x000135e4       0x50 D:\Developpement_Robot\Robotic-System\trunk\Workspaces\MultiWorkSpaces_2021\0_lpc_chip_175x_6x\libs\libusbd_175x_6x_lib.a(mw_usbd_cdcuser.o)
                0x000135e4                mwCDC_SendNotification
 .text.mwCDC_GetMemSize
                0x00013634        0x4 D:\Developpement_Robot\Robotic-System\trunk\Workspaces\MultiWorkSpaces_2021\0_lpc_chip_175x_6x\libs\libusbd_175x_6x_lib.a(mw_usbd_cdcuser.o)
                0x00013634                mwCDC_GetMemSize
 .text.mwCDC_init
                0x00013638      0x140 D:\Developpement_Robot\Robotic-System\trunk\Workspaces\MultiWorkSpaces_2021\0_lpc_chip_175x_6x\libs\libusbd_175x_6x_lib.a(mw_usbd_cdcuser.o)
                0x00013638                mwCDC_init
 .text.USB_ReqGetConfiguration
                0x00013778       0x20 D:\Developpement_Robot\Robotic-System\trunk\Workspaces\MultiWorkSpaces_2021\0_lpc_chip_175x_6x\libs\libusbd_175x_6x_lib.a(mw_usbd_core.o)
                0x00013778                USB_ReqGetConfiguration
 .text.USBD_virt_to_phys
                0x00013798        0x2 D:\Developpement_Robot\Robotic-System\trunk\Workspaces\MultiWorkSpaces_2021\0_lpc_chip_175x_6x\libs\libusbd_175x_6x_lib.a(mw_usbd_core.o)
                0x00013798                USBD_virt_to_phys
 .text.USBD_cache_flush
                0x0001379a        0x2 D:\Developpement_Robot\Robotic-System\trunk\Workspaces\MultiWorkSpaces_2021\0_lpc_chip_175x_6x\libs\libusbd_175x_6x_lib.a(mw_usbd_core.o)
                0x0001379a                USBD_cache_flush
 .text.USB_ReqGetStatus
                0x0001379c       0x8c D:\Developpement_Robot\Robotic-System\trunk\Workspaces\MultiWorkSpaces_2021\0_lpc_chip_175x_6x\libs\libusbd_175x_6x_lib.a(mw_usbd_core.o)
                0x0001379c                USB_ReqGetStatus
 .text.USB_ReqGetDescriptor
                0x00013828       0x84 D:\Developpement_Robot\Robotic-System\trunk\Workspaces\MultiWorkSpaces_2021\0_lpc_chip_175x_6x\libs\libusbd_175x_6x_lib.a(mw_usbd_core.o)
                0x00013828                USB_ReqGetDescriptor
 .text.USB_ReqGetInterface
                0x000138ac       0x34 D:\Developpement_Robot\Robotic-System\trunk\Workspaces\MultiWorkSpaces_2021\0_lpc_chip_175x_6x\libs\libusbd_175x_6x_lib.a(mw_usbd_core.o)
                0x000138ac                USB_ReqGetInterface
 .text.USB_ReqSetClrFeature
                0x000138e0       0xb4 D:\Developpement_Robot\Robotic-System\trunk\Workspaces\MultiWorkSpaces_2021\0_lpc_chip_175x_6x\libs\libusbd_175x_6x_lib.a(mw_usbd_core.o)
                0x000138e0                USB_ReqSetClrFeature
 .text.USB_ReqSetConfiguration
                0x00013994      0x194 D:\Developpement_Robot\Robotic-System\trunk\Workspaces\MultiWorkSpaces_2021\0_lpc_chip_175x_6x\libs\libusbd_175x_6x_lib.a(mw_usbd_core.o)
                0x00013994                USB_ReqSetConfiguration
 .text.USB_ReqSetInterface
                0x00013b28      0x144 D:\Developpement_Robot\Robotic-System\trunk\Workspaces\MultiWorkSpaces_2021\0_lpc_chip_175x_6x\libs\libusbd_175x_6x_lib.a(mw_usbd_core.o)
                0x00013b28                USB_ReqSetInterface
 .text.mwUSB_SetupStage
                0x00013c6c        0xa D:\Developpement_Robot\Robotic-System\trunk\Workspaces\MultiWorkSpaces_2021\0_lpc_chip_175x_6x\libs\libusbd_175x_6x_lib.a(mw_usbd_core.o)
                0x00013c6c                mwUSB_SetupStage
 .text.mwUSB_DataInStage
                0x00013c76       0x2e D:\Developpement_Robot\Robotic-System\trunk\Workspaces\MultiWorkSpaces_2021\0_lpc_chip_175x_6x\libs\libusbd_175x_6x_lib.a(mw_usbd_core.o)
                0x00013c76                mwUSB_DataInStage
 .text.mwUSB_DataOutStage
                0x00013ca4       0x24 D:\Developpement_Robot\Robotic-System\trunk\Workspaces\MultiWorkSpaces_2021\0_lpc_chip_175x_6x\libs\libusbd_175x_6x_lib.a(mw_usbd_core.o)
                0x00013ca4                mwUSB_DataOutStage
 .text.mwUSB_StatusInStage
                0x00013cc8        0xa D:\Developpement_Robot\Robotic-System\trunk\Workspaces\MultiWorkSpaces_2021\0_lpc_chip_175x_6x\libs\libusbd_175x_6x_lib.a(mw_usbd_core.o)
                0x00013cc8                mwUSB_StatusInStage
 .text.mwUSB_StatusOutStage
                0x00013cd2        0xa D:\Developpement_Robot\Robotic-System\trunk\Workspaces\MultiWorkSpaces_2021\0_lpc_chip_175x_6x\libs\libusbd_175x_6x_lib.a(mw_usbd_core.o)
                0x00013cd2                mwUSB_StatusOutStage
 .text.mwUSB_StallEp0
                0x00013cdc       0x12 D:\Developpement_Robot\Robotic-System\trunk\Workspaces\MultiWorkSpaces_2021\0_lpc_chip_175x_6x\libs\libusbd_175x_6x_lib.a(mw_usbd_core.o)
                0x00013cdc                mwUSB_StallEp0
 *fill*         0x00013cee        0x2 ff
 .text.USB_ReqSetAddress
                0x00013cf0       0x24 D:\Developpement_Robot\Robotic-System\trunk\Workspaces\MultiWorkSpaces_2021\0_lpc_chip_175x_6x\libs\libusbd_175x_6x_lib.a(mw_usbd_core.o)
                0x00013cf0                USB_ReqSetAddress
 .text.USB_InvokeEp0Hdlrs
                0x00013d14       0x44 D:\Developpement_Robot\Robotic-System\trunk\Workspaces\MultiWorkSpaces_2021\0_lpc_chip_175x_6x\libs\libusbd_175x_6x_lib.a(mw_usbd_core.o)
                0x00013d14                USB_InvokeEp0Hdlrs
 .text.mwUSB_ResetCore
                0x00013d58       0x26 D:\Developpement_Robot\Robotic-System\trunk\Workspaces\MultiWorkSpaces_2021\0_lpc_chip_175x_6x\libs\libusbd_175x_6x_lib.a(mw_usbd_core.o)
                0x00013d58                mwUSB_ResetCore
 *fill*         0x00013d7e        0x2 ff
 .text.USB_EvtSetupHandler
                0x00013d80      0x108 D:\Developpement_Robot\Robotic-System\trunk\Workspaces\MultiWorkSpaces_2021\0_lpc_chip_175x_6x\libs\libusbd_175x_6x_lib.a(mw_usbd_core.o)
                0x00013d80                USB_EvtSetupHandler
 .text.USB_EvtOutHandler
                0x00013e88       0x68 D:\Developpement_Robot\Robotic-System\trunk\Workspaces\MultiWorkSpaces_2021\0_lpc_chip_175x_6x\libs\libusbd_175x_6x_lib.a(mw_usbd_core.o)
                0x00013e88                USB_EvtOutHandler
 .text.USB_EndPoint0
                0x00013ef0       0x94 D:\Developpement_Robot\Robotic-System\trunk\Workspaces\MultiWorkSpaces_2021\0_lpc_chip_175x_6x\libs\libusbd_175x_6x_lib.a(mw_usbd_core.o)
                0x00013ef0                USB_EndPoint0
 .text.mwUSB_InitCore
                0x00013f84       0xdc D:\Developpement_Robot\Robotic-System\trunk\Workspaces\MultiWorkSpaces_2021\0_lpc_chip_175x_6x\libs\libusbd_175x_6x_lib.a(mw_usbd_core.o)
                0x00013f84                mwUSB_InitCore
 .text.mwUSB_RegisterClassHandler
                0x00014060       0x28 D:\Developpement_Robot\Robotic-System\trunk\Workspaces\MultiWorkSpaces_2021\0_lpc_chip_175x_6x\libs\libusbd_175x_6x_lib.a(mw_usbd_core.o)
                0x00014060                mwUSB_RegisterClassHandler
 .text.mwUSB_RegisterEpHandler
                0x00014088       0x24 D:\Developpement_Robot\Robotic-System\trunk\Workspaces\MultiWorkSpaces_2021\0_lpc_chip_175x_6x\libs\libusbd_175x_6x_lib.a(mw_usbd_core.o)
                0x00014088                mwUSB_RegisterEpHandler
 .text          0x000140ac      0x378 c:/nxp/mcuxpressoide_11.2.1_4149/ide/plugins/com.nxp.mcuxpresso.tools.win32_11.2.0.202008311134/tools/bin/../lib/gcc/arm-none-eabi/9.2.1/thumb/v7-m/nofp\libgcc.a(_arm_addsubdf3.o)
                0x000140ac                __aeabi_drsub
                0x000140b4                __aeabi_dsub
                0x000140b4                __subdf3
                0x000140b8                __aeabi_dadd
                0x000140b8                __adddf3
                0x00014330                __floatunsidf
                0x00014330                __aeabi_ui2d
                0x00014350                __floatsidf
                0x00014350                __aeabi_i2d
                0x00014374                __aeabi_f2d
                0x00014374                __extendsfdf2
                0x000143b8                __floatundidf
                0x000143b8                __aeabi_ul2d
                0x000143c8                __floatdidf
                0x000143c8                __aeabi_l2d
 .text.memcpy   0x00014424       0x1c c:/nxp/mcuxpressoide_11.2.1_4149/ide/plugins/com.nxp.mcuxpresso.tools.win32_11.2.0.202008311134/tools/bin/../lib/gcc/arm-none-eabi/9.2.1/../../../../arm-none-eabi/lib/thumb/v7-m/nofp\libc_nano.a(lib_a-memcpy-stub.o)
                0x00014424                memcpy
 .text.memset   0x00014440       0x10 c:/nxp/mcuxpressoide_11.2.1_4149/ide/plugins/com.nxp.mcuxpresso.tools.win32_11.2.0.202008311134/tools/bin/../lib/gcc/arm-none-eabi/9.2.1/../../../../arm-none-eabi/lib/thumb/v7-m/nofp\libc_nano.a(lib_a-memset.o)
                0x00014440                memset
 .text.__cvt    0x00014450       0xbe c:/nxp/mcuxpressoide_11.2.1_4149/ide/plugins/com.nxp.mcuxpresso.tools.win32_11.2.0.202008311134/tools/bin/../lib/gcc/arm-none-eabi/9.2.1/../../../../arm-none-eabi/lib/thumb/v7-m/nofp\libc_nano.a(lib_a-nano-vfprintf_float.o)
                0x00014450                __cvt
 .text.__exponent
                0x0001450e       0x7c c:/nxp/mcuxpressoide_11.2.1_4149/ide/plugins/com.nxp.mcuxpresso.tools.win32_11.2.0.202008311134/tools/bin/../lib/gcc/arm-none-eabi/9.2.1/../../../../arm-none-eabi/lib/thumb/v7-m/nofp\libc_nano.a(lib_a-nano-vfprintf_float.o)
                0x0001450e                __exponent
 *fill*         0x0001458a        0x2 ff
 .text._printf_float
                0x0001458c      0x458 c:/nxp/mcuxpressoide_11.2.1_4149/ide/plugins/com.nxp.mcuxpresso.tools.win32_11.2.0.202008311134/tools/bin/../lib/gcc/arm-none-eabi/9.2.1/../../../../arm-none-eabi/lib/thumb/v7-m/nofp\libc_nano.a(lib_a-nano-vfprintf_float.o)
                0x0001458c                _printf_float
 .text._printf_common
                0x000149e4       0xde c:/nxp/mcuxpressoide_11.2.1_4149/ide/plugins/com.nxp.mcuxpresso.tools.win32_11.2.0.202008311134/tools/bin/../lib/gcc/arm-none-eabi/9.2.1/../../../../arm-none-eabi/lib/thumb/v7-m/nofp\libc_nano.a(lib_a-nano-vfprintf_i.o)
                0x000149e4                _printf_common
 *fill*         0x00014ac2        0x2 ff
 .text._printf_i
                0x00014ac4      0x24c c:/nxp/mcuxpressoide_11.2.1_4149/ide/plugins/com.nxp.mcuxpresso.tools.win32_11.2.0.202008311134/tools/bin/../lib/gcc/arm-none-eabi/9.2.1/../../../../arm-none-eabi/lib/thumb/v7-m/nofp\libc_nano.a(lib_a-nano-vfprintf_i.o)
                0x00014ac4                _printf_i
 .text.sprintf  0x00014d10       0x40 c:/nxp/mcuxpressoide_11.2.1_4149/ide/plugins/com.nxp.mcuxpresso.tools.win32_11.2.0.202008311134/tools/bin/../lib/gcc/arm-none-eabi/9.2.1/../../../../arm-none-eabi/lib/thumb/v7-m/nofp\libc_nano.a(lib_a-sprintf.o)
                0x00014d10                siprintf
                0x00014d10                sprintf
 .text          0x00014d50       0x10 c:/nxp/mcuxpressoide_11.2.1_4149/ide/plugins/com.nxp.mcuxpresso.tools.win32_11.2.0.202008311134/tools/bin/../lib/gcc/arm-none-eabi/9.2.1/../../../../arm-none-eabi/lib/thumb/v7-m/nofp\libc_nano.a(lib_a-strlen.o)
                0x00014d50                strlen
 .text.quorem   0x00014d60      0x11a c:/nxp/mcuxpressoide_11.2.1_4149/ide/plugins/com.nxp.mcuxpresso.tools.win32_11.2.0.202008311134/tools/bin/../lib/gcc/arm-none-eabi/9.2.1/../../../../arm-none-eabi/lib/thumb/v7-m/nofp\libc_nano.a(lib_a-dtoa.o)
 *fill*         0x00014e7a        0x6 ff
 .text._dtoa_r  0x00014e80      0xba4 c:/nxp/mcuxpressoide_11.2.1_4149/ide/plugins/com.nxp.mcuxpresso.tools.win32_11.2.0.202008311134/tools/bin/../lib/gcc/arm-none-eabi/9.2.1/../../../../arm-none-eabi/lib/thumb/v7-m/nofp\libc_nano.a(lib_a-dtoa.o)
                0x00014e80                _dtoa_r
 .text._localeconv_r
                0x00015a24        0x8 c:/nxp/mcuxpressoide_11.2.1_4149/ide/plugins/com.nxp.mcuxpresso.tools.win32_11.2.0.202008311134/tools/bin/../lib/gcc/arm-none-eabi/9.2.1/../../../../arm-none-eabi/lib/thumb/v7-m/nofp\libc_nano.a(lib_a-localeconv.o)
                0x00015a24                _localeconv_r
 .text.malloc   0x00015a2c       0x10 c:/nxp/mcuxpressoide_11.2.1_4149/ide/plugins/com.nxp.mcuxpresso.tools.win32_11.2.0.202008311134/tools/bin/../lib/gcc/arm-none-eabi/9.2.1/../../../../arm-none-eabi/lib/thumb/v7-m/nofp\libc_nano.a(lib_a-malloc.o)
                0x00015a2c                malloc
 .text.memchr   0x00015a3c       0x1c c:/nxp/mcuxpressoide_11.2.1_4149/ide/plugins/com.nxp.mcuxpresso.tools.win32_11.2.0.202008311134/tools/bin/../lib/gcc/arm-none-eabi/9.2.1/../../../../arm-none-eabi/lib/thumb/v7-m/nofp\libc_nano.a(lib_a-memchr-stub.o)
                0x00015a3c                memchr
 .text._Balloc  0x00015a58       0x68 c:/nxp/mcuxpressoide_11.2.1_4149/ide/plugins/com.nxp.mcuxpresso.tools.win32_11.2.0.202008311134/tools/bin/../lib/gcc/arm-none-eabi/9.2.1/../../../../arm-none-eabi/lib/thumb/v7-m/nofp\libc_nano.a(lib_a-mprec.o)
                0x00015a58                _Balloc
 .text._Bfree   0x00015ac0       0x2e c:/nxp/mcuxpressoide_11.2.1_4149/ide/plugins/com.nxp.mcuxpresso.tools.win32_11.2.0.202008311134/tools/bin/../lib/gcc/arm-none-eabi/9.2.1/../../../../arm-none-eabi/lib/thumb/v7-m/nofp\libc_nano.a(lib_a-mprec.o)
                0x00015ac0                _Bfree
 .text.__multadd
                0x00015aee       0x7c c:/nxp/mcuxpressoide_11.2.1_4149/ide/plugins/com.nxp.mcuxpresso.tools.win32_11.2.0.202008311134/tools/bin/../lib/gcc/arm-none-eabi/9.2.1/../../../../arm-none-eabi/lib/thumb/v7-m/nofp\libc_nano.a(lib_a-mprec.o)
                0x00015aee                __multadd
 .text.__hi0bits
                0x00015b6a       0x40 c:/nxp/mcuxpressoide_11.2.1_4149/ide/plugins/com.nxp.mcuxpresso.tools.win32_11.2.0.202008311134/tools/bin/../lib/gcc/arm-none-eabi/9.2.1/../../../../arm-none-eabi/lib/thumb/v7-m/nofp\libc_nano.a(lib_a-mprec.o)
                0x00015b6a                __hi0bits
 .text.__lo0bits
                0x00015baa       0x5c c:/nxp/mcuxpressoide_11.2.1_4149/ide/plugins/com.nxp.mcuxpresso.tools.win32_11.2.0.202008311134/tools/bin/../lib/gcc/arm-none-eabi/9.2.1/../../../../arm-none-eabi/lib/thumb/v7-m/nofp\libc_nano.a(lib_a-mprec.o)
                0x00015baa                __lo0bits
 .text.__i2b    0x00015c06       0x12 c:/nxp/mcuxpressoide_11.2.1_4149/ide/plugins/com.nxp.mcuxpresso.tools.win32_11.2.0.202008311134/tools/bin/../lib/gcc/arm-none-eabi/9.2.1/../../../../arm-none-eabi/lib/thumb/v7-m/nofp\libc_nano.a(lib_a-mprec.o)
                0x00015c06                __i2b
 .text.__multiply
                0x00015c18      0x136 c:/nxp/mcuxpressoide_11.2.1_4149/ide/plugins/com.nxp.mcuxpresso.tools.win32_11.2.0.202008311134/tools/bin/../lib/gcc/arm-none-eabi/9.2.1/../../../../arm-none-eabi/lib/thumb/v7-m/nofp\libc_nano.a(lib_a-mprec.o)
                0x00015c18                __multiply
 *fill*         0x00015d4e        0x2 ff
 .text.__pow5mult
                0x00015d50       0x9c c:/nxp/mcuxpressoide_11.2.1_4149/ide/plugins/com.nxp.mcuxpresso.tools.win32_11.2.0.202008311134/tools/bin/../lib/gcc/arm-none-eabi/9.2.1/../../../../arm-none-eabi/lib/thumb/v7-m/nofp\libc_nano.a(lib_a-mprec.o)
                0x00015d50                __pow5mult
 .text.__lshift
                0x00015dec       0xbe c:/nxp/mcuxpressoide_11.2.1_4149/ide/plugins/com.nxp.mcuxpresso.tools.win32_11.2.0.202008311134/tools/bin/../lib/gcc/arm-none-eabi/9.2.1/../../../../arm-none-eabi/lib/thumb/v7-m/nofp\libc_nano.a(lib_a-mprec.o)
                0x00015dec                __lshift
 .text.__mcmp   0x00015eaa       0x36 c:/nxp/mcuxpressoide_11.2.1_4149/ide/plugins/com.nxp.mcuxpresso.tools.win32_11.2.0.202008311134/tools/bin/../lib/gcc/arm-none-eabi/9.2.1/../../../../arm-none-eabi/lib/thumb/v7-m/nofp\libc_nano.a(lib_a-mprec.o)
                0x00015eaa                __mcmp
 .text.__mdiff  0x00015ee0       0xf8 c:/nxp/mcuxpressoide_11.2.1_4149/ide/plugins/com.nxp.mcuxpresso.tools.win32_11.2.0.202008311134/tools/bin/../lib/gcc/arm-none-eabi/9.2.1/../../../../arm-none-eabi/lib/thumb/v7-m/nofp\libc_nano.a(lib_a-mprec.o)
                0x00015ee0                __mdiff
 .text.__d2b    0x00015fd8       0x9e c:/nxp/mcuxpressoide_11.2.1_4149/ide/plugins/com.nxp.mcuxpresso.tools.win32_11.2.0.202008311134/tools/bin/../lib/gcc/arm-none-eabi/9.2.1/../../../../arm-none-eabi/lib/thumb/v7-m/nofp\libc_nano.a(lib_a-mprec.o)
                0x00015fd8                __d2b
 .text._calloc_r
                0x00016076       0x1c c:/nxp/mcuxpressoide_11.2.1_4149/ide/plugins/com.nxp.mcuxpresso.tools.win32_11.2.0.202008311134/tools/bin/../lib/gcc/arm-none-eabi/9.2.1/../../../../arm-none-eabi/lib/thumb/v7-m/nofp\libc_nano.a(lib_a-nano-callocr.o)
                0x00016076                _calloc_r
 *fill*         0x00016092        0x2 ff
 .text._free_r  0x00016094       0x98 c:/nxp/mcuxpressoide_11.2.1_4149/ide/plugins/com.nxp.mcuxpresso.tools.win32_11.2.0.202008311134/tools/bin/../lib/gcc/arm-none-eabi/9.2.1/../../../../arm-none-eabi/lib/thumb/v7-m/nofp\libc_nano.a(lib_a-nano-freer.o)
                0x00016094                _free_r
 .text._malloc_r
                0x0001612c       0xb4 c:/nxp/mcuxpressoide_11.2.1_4149/ide/plugins/com.nxp.mcuxpresso.tools.win32_11.2.0.202008311134/tools/bin/../lib/gcc/arm-none-eabi/9.2.1/../../../../arm-none-eabi/lib/thumb/v7-m/nofp\libc_nano.a(lib_a-nano-mallocr.o)
                0x0001612c                _malloc_r
 .text.__ssputs_r
                0x000161e0       0xb6 c:/nxp/mcuxpressoide_11.2.1_4149/ide/plugins/com.nxp.mcuxpresso.tools.win32_11.2.0.202008311134/tools/bin/../lib/gcc/arm-none-eabi/9.2.1/../../../../arm-none-eabi/lib/thumb/v7-m/nofp\libc_nano.a(lib_a-nano-svfprintf.o)
                0x000161e0                __ssputs_r
 *fill*         0x00016296        0x2 ff
 .text._svfprintf_r
                0x00016298      0x200 c:/nxp/mcuxpressoide_11.2.1_4149/ide/plugins/com.nxp.mcuxpresso.tools.win32_11.2.0.202008311134/tools/bin/../lib/gcc/arm-none-eabi/9.2.1/../../../../arm-none-eabi/lib/thumb/v7-m/nofp\libc_nano.a(lib_a-nano-svfprintf.o)
                0x00016298                _svfiprintf_r
                0x00016298                _svfprintf_r
 .text._sbrk_r  0x00016498       0x20 c:/nxp/mcuxpressoide_11.2.1_4149/ide/plugins/com.nxp.mcuxpresso.tools.win32_11.2.0.202008311134/tools/bin/../lib/gcc/arm-none-eabi/9.2.1/../../../../arm-none-eabi/lib/thumb/v7-m/nofp\libc_nano.a(lib_a-sbrkr.o)
                0x00016498                _sbrk_r
 .text.__ascii_mbtowc
                0x000164b8       0x24 c:/nxp/mcuxpressoide_11.2.1_4149/ide/plugins/com.nxp.mcuxpresso.tools.win32_11.2.0.202008311134/tools/bin/../lib/gcc/arm-none-eabi/9.2.1/../../../../arm-none-eabi/lib/thumb/v7-m/nofp\libc_nano.a(lib_a-mbtowc_r.o)
                0x000164b8                __ascii_mbtowc
 .text.memmove  0x000164dc       0x34 c:/nxp/mcuxpressoide_11.2.1_4149/ide/plugins/com.nxp.mcuxpresso.tools.win32_11.2.0.202008311134/tools/bin/../lib/gcc/arm-none-eabi/9.2.1/../../../../arm-none-eabi/lib/thumb/v7-m/nofp\libc_nano.a(lib_a-memmove.o)
                0x000164dc                memmove
 .text.__malloc_lock
                0x00016510        0xc c:/nxp/mcuxpressoide_11.2.1_4149/ide/plugins/com.nxp.mcuxpresso.tools.win32_11.2.0.202008311134/tools/bin/../lib/gcc/arm-none-eabi/9.2.1/../../../../arm-none-eabi/lib/thumb/v7-m/nofp\libc_nano.a(lib_a-mlock.o)
                0x00016510                __malloc_lock
 .text.__malloc_unlock
                0x0001651c        0xc c:/nxp/mcuxpressoide_11.2.1_4149/ide/plugins/com.nxp.mcuxpresso.tools.win32_11.2.0.202008311134/tools/bin/../lib/gcc/arm-none-eabi/9.2.1/../../../../arm-none-eabi/lib/thumb/v7-m/nofp\libc_nano.a(lib_a-mlock.o)
                0x0001651c                __malloc_unlock
 .text._realloc_r
                0x00016528       0x4c c:/nxp/mcuxpressoide_11.2.1_4149/ide/plugins/com.nxp.mcuxpresso.tools.win32_11.2.0.202008311134/tools/bin/../lib/gcc/arm-none-eabi/9.2.1/../../../../arm-none-eabi/lib/thumb/v7-m/nofp\libc_nano.a(lib_a-nano-reallocr.o)
                0x00016528                _realloc_r
 .text.__ascii_wctomb
                0x00016574       0x1a c:/nxp/mcuxpressoide_11.2.1_4149/ide/plugins/com.nxp.mcuxpresso.tools.win32_11.2.0.202008311134/tools/bin/../lib/gcc/arm-none-eabi/9.2.1/../../../../arm-none-eabi/lib/thumb/v7-m/nofp\libc_nano.a(lib_a-wctomb_r.o)
                0x00016574                __ascii_wctomb
 .text.__retarget_lock_acquire_recursive
                0x0001658e        0x2 c:/nxp/mcuxpressoide_11.2.1_4149/ide/plugins/com.nxp.mcuxpresso.tools.win32_11.2.0.202008311134/tools/bin/../lib/gcc/arm-none-eabi/9.2.1/../../../../arm-none-eabi/lib/thumb/v7-m/nofp\libc_nano.a(lib_a-lock.o)
                0x0001658e                __retarget_lock_acquire_recursive
 .text.__retarget_lock_release_recursive
                0x00016590        0x2 c:/nxp/mcuxpressoide_11.2.1_4149/ide/plugins/com.nxp.mcuxpresso.tools.win32_11.2.0.202008311134/tools/bin/../lib/gcc/arm-none-eabi/9.2.1/../../../../arm-none-eabi/lib/thumb/v7-m/nofp\libc_nano.a(lib_a-lock.o)
                0x00016590                __retarget_lock_release_recursive
 .text._malloc_usable_size_r
                0x00016592       0x10 c:/nxp/mcuxpressoide_11.2.1_4149/ide/plugins/com.nxp.mcuxpresso.tools.win32_11.2.0.202008311134/tools/bin/../lib/gcc/arm-none-eabi/9.2.1/../../../../arm-none-eabi/lib/thumb/v7-m/nofp\libc_nano.a(lib_a-nano-msizer.o)
                0x00016592                _malloc_usable_size_r
 *fill*         0x000165a2        0x2 ff
 .text._sbrk    0x000165a4       0x3c c:/nxp/mcuxpressoide_11.2.1_4149/ide/plugins/com.nxp.mcuxpresso.tools.win32_11.2.0.202008311134/tools/bin/../lib/gcc/arm-none-eabi/9.2.1/../../../../arm-none-eabi/lib/thumb/v7-m/nofp\libcr_newlib_none.a(_cr_sbrk.o)
                0x000165a4                _sbrk
 .text.__check_heap_overflow
                0x000165e0       0x14 c:/nxp/mcuxpressoide_11.2.1_4149/ide/plugins/com.nxp.mcuxpresso.tools.win32_11.2.0.202008311134/tools/bin/../lib/gcc/arm-none-eabi/9.2.1/../../../../arm-none-eabi/lib/thumb/v7-m/nofp\libcr_newlib_none.a(_cr_check_heap.o)
                0x000165e0                __check_heap_overflow
 .text          0x000165f4      0x424 c:/nxp/mcuxpressoide_11.2.1_4149/ide/plugins/com.nxp.mcuxpresso.tools.win32_11.2.0.202008311134/tools/bin/../lib/gcc/arm-none-eabi/9.2.1/thumb/v7-m/nofp\libgcc.a(_arm_muldivdf3.o)
                0x000165f4                __aeabi_dmul
                0x000165f4                __muldf3
                0x00016848                __divdf3
                0x00016848                __aeabi_ddiv
 .text          0x00016a18      0x110 c:/nxp/mcuxpressoide_11.2.1_4149/ide/plugins/com.nxp.mcuxpresso.tools.win32_11.2.0.202008311134/tools/bin/../lib/gcc/arm-none-eabi/9.2.1/thumb/v7-m/nofp\libgcc.a(_arm_cmpdf2.o)
                0x00016a18                __gtdf2
                0x00016a18                __gedf2
                0x00016a20                __ltdf2
                0x00016a20                __ledf2
                0x00016a28                __nedf2
                0x00016a28                __eqdf2
                0x00016a28                __cmpdf2
                0x00016aa4                __aeabi_cdrcmple
                0x00016ab4                __aeabi_cdcmpeq
                0x00016ab4                __aeabi_cdcmple
                0x00016ac4                __aeabi_dcmpeq
                0x00016ad8                __aeabi_dcmplt
                0x00016aec                __aeabi_dcmple
                0x00016b00                __aeabi_dcmpge
                0x00016b14                __aeabi_dcmpgt
 .text          0x00016b28       0x2c c:/nxp/mcuxpressoide_11.2.1_4149/ide/plugins/com.nxp.mcuxpresso.tools.win32_11.2.0.202008311134/tools/bin/../lib/gcc/arm-none-eabi/9.2.1/thumb/v7-m/nofp\libgcc.a(_arm_unorddf2.o)
                0x00016b28                __unorddf2
                0x00016b28                __aeabi_dcmpun
 .text          0x00016b54       0x50 c:/nxp/mcuxpressoide_11.2.1_4149/ide/plugins/com.nxp.mcuxpresso.tools.win32_11.2.0.202008311134/tools/bin/../lib/gcc/arm-none-eabi/9.2.1/thumb/v7-m/nofp\libgcc.a(_arm_fixdfsi.o)
                0x00016b54                __aeabi_d2iz
                0x00016b54                __fixdfsi
 .text.__errno  0x00016ba4        0xc c:/nxp/mcuxpressoide_11.2.1_4149/ide/plugins/com.nxp.mcuxpresso.tools.win32_11.2.0.202008311134/tools/bin/../lib/gcc/arm-none-eabi/9.2.1/../../../../arm-none-eabi/lib/thumb/v7-m/nofp\libc_nano.a(lib_a-errno.o)
                0x00016ba4                __errno
 *(.rodata .rodata.* .constdata .constdata.*)
 .rodata        0x00016bb0        0xf ./src/IA_2021_V0.o
 .rodata        0x00016bbf        0xd ./src/Init.o
 .rodata        0x00016bcc        0x5 ./src/test.o
 .rodata.vApplicationStackOverflowHook.str1.1
                0x00016bd1       0x29 ./freertos/src/FreeRTOSCommonHooks.o
 .rodata.vTaskStartScheduler.str1.1
                0x00016bfa        0x5 ./freertos/src/tasks.o
 .rodata.prvCheckForValidListAndQueue.str1.1
                0x00016bff        0x5 ./freertos/src/timers.o
 .rodata.xTimerCreateTimerTask.str1.1
                0x00016c04        0x8 ./freertos/src/timers.o
 .rodata.g_usbApi
                0x00016c0c       0x20 ./Communication/USB/src/cdc_usb_main.o
 .rodata        0x00016c2c       0x23 ./Communication/0_Communication.o
 .rodata        0x00016c4f       0x26 ./Communication/1_Trame_Communication.o
 .rodata._2_Comm_Send_Communication_Status.str1.1
                0x00016c75       0x30 ./Communication/2_Echange_Datas.o
 .rodata._2_Comm_Send_PONG.str1.1
                0x00016ca5       0x35 ./Communication/2_Echange_Datas.o
 .rodata._2_Communication_RX_Init.str1.1
                0x00016cda       0x11 ./Communication/2_Echange_Datas_Reception.o
 *fill*         0x00016ceb        0x1 ff
 .rodata._2_Communication_RX_Lectures_Messages.str1.4
                0x00016cec       0x2b ./Communication/2_Echange_Datas_Reception.o
 *fill*         0x00016d17        0x1 ff
 .rodata.MainOscPLL0conf_12
                0x00016d18       0xf0 D:\Developpement_Robot\Robotic-System\trunk\Workspaces\MultiWorkSpaces_2021\0_lpc_chip_175x_6x\Release\lib0_lpc_chip_175x_6x.a(sysinit_17xx_40xx.o)
 .rodata.MainOscPLL0conf_16
                0x00016e08       0xb0 D:\Developpement_Robot\Robotic-System\trunk\Workspaces\MultiWorkSpaces_2021\0_lpc_chip_175x_6x\Release\lib0_lpc_chip_175x_6x.a(sysinit_17xx_40xx.o)
 .rodata.RTCOscRateIn
                0x00016eb8        0x4 D:\Developpement_Robot\Robotic-System\trunk\Workspaces\MultiWorkSpaces_2021\0_lpc_board_nxp_lpcxpresso_1769\Release\lib0_lpc_board_nxp_lpcxpresso_1769.a(board.o)
                0x00016eb8                RTCOscRateIn
 .rodata.hw_api
                0x00016ebc       0x5c D:\Developpement_Robot\Robotic-System\trunk\Workspaces\MultiWorkSpaces_2021\0_lpc_chip_175x_6x\libs\libusbd_175x_6x_lib.a(mw_usbd_rom_api.o)
                0x00016ebc                hw_api
 .rodata.core_api
                0x00016f18       0x20 D:\Developpement_Robot\Robotic-System\trunk\Workspaces\MultiWorkSpaces_2021\0_lpc_chip_175x_6x\libs\libusbd_175x_6x_lib.a(mw_usbd_rom_api.o)
                0x00016f18                core_api
 .rodata.cdc_api
                0x00016f38        0xc D:\Developpement_Robot\Robotic-System\trunk\Workspaces\MultiWorkSpaces_2021\0_lpc_chip_175x_6x\libs\libusbd_175x_6x_lib.a(mw_usbd_rom_api.o)
                0x00016f38                cdc_api
 .rodata._printf_float.str1.1
                0x00016f44       0x10 c:/nxp/mcuxpressoide_11.2.1_4149/ide/plugins/com.nxp.mcuxpresso.tools.win32_11.2.0.202008311134/tools/bin/../lib/gcc/arm-none-eabi/9.2.1/../../../../arm-none-eabi/lib/thumb/v7-m/nofp\libc_nano.a(lib_a-nano-vfprintf_float.o)
                                 0x12 (size before relaxing)
 .rodata._printf_i.str1.1
                0x00016f54       0x22 c:/nxp/mcuxpressoide_11.2.1_4149/ide/plugins/com.nxp.mcuxpresso.tools.win32_11.2.0.202008311134/tools/bin/../lib/gcc/arm-none-eabi/9.2.1/../../../../arm-none-eabi/lib/thumb/v7-m/nofp\libc_nano.a(lib_a-nano-vfprintf_i.o)
 .rodata._dtoa_r.str1.1
                0x00016f76        0xd c:/nxp/mcuxpressoide_11.2.1_4149/ide/plugins/com.nxp.mcuxpresso.tools.win32_11.2.0.202008311134/tools/bin/../lib/gcc/arm-none-eabi/9.2.1/../../../../arm-none-eabi/lib/thumb/v7-m/nofp\libc_nano.a(lib_a-dtoa.o)
                                  0xf (size before relaxing)
 *fill*         0x00016f83        0x5 ff
 .rodata.__mprec_bigtens
                0x00016f88       0x28 c:/nxp/mcuxpressoide_11.2.1_4149/ide/plugins/com.nxp.mcuxpresso.tools.win32_11.2.0.202008311134/tools/bin/../lib/gcc/arm-none-eabi/9.2.1/../../../../arm-none-eabi/lib/thumb/v7-m/nofp\libc_nano.a(lib_a-mprec.o)
                0x00016f88                __mprec_bigtens
 .rodata.__mprec_tens
                0x00016fb0       0xc8 c:/nxp/mcuxpressoide_11.2.1_4149/ide/plugins/com.nxp.mcuxpresso.tools.win32_11.2.0.202008311134/tools/bin/../lib/gcc/arm-none-eabi/9.2.1/../../../../arm-none-eabi/lib/thumb/v7-m/nofp\libc_nano.a(lib_a-mprec.o)
                0x00016fb0                __mprec_tens
 .rodata.p05.6127
                0x00017078        0xc c:/nxp/mcuxpressoide_11.2.1_4149/ide/plugins/com.nxp.mcuxpresso.tools.win32_11.2.0.202008311134/tools/bin/../lib/gcc/arm-none-eabi/9.2.1/../../../../arm-none-eabi/lib/thumb/v7-m/nofp\libc_nano.a(lib_a-mprec.o)
 .rodata._svfprintf_r.str1.1
                0x00017084       0x11 c:/nxp/mcuxpressoide_11.2.1_4149/ide/plugins/com.nxp.mcuxpresso.tools.win32_11.2.0.202008311134/tools/bin/../lib/gcc/arm-none-eabi/9.2.1/../../../../arm-none-eabi/lib/thumb/v7-m/nofp\libc_nano.a(lib_a-nano-svfprintf.o)
 .rodata._setlocale_r.str1.1
                0x00017095        0x8 c:/nxp/mcuxpressoide_11.2.1_4149/ide/plugins/com.nxp.mcuxpresso.tools.win32_11.2.0.202008311134/tools/bin/../lib/gcc/arm-none-eabi/9.2.1/../../../../arm-none-eabi/lib/thumb/v7-m/nofp\libc_nano.a(lib_a-locale.o)
                                  0x9 (size before relaxing)
 .rodata.str1.1
                0x0001709d        0x2 c:/nxp/mcuxpressoide_11.2.1_4149/ide/plugins/com.nxp.mcuxpresso.tools.win32_11.2.0.202008311134/tools/bin/../lib/gcc/arm-none-eabi/9.2.1/../../../../arm-none-eabi/lib/thumb/v7-m/nofp\libc_nano.a(lib_a-locale.o)
 .rodata._ctype_
                0x0001709f      0x101 c:/nxp/mcuxpressoide_11.2.1_4149/ide/plugins/com.nxp.mcuxpresso.tools.win32_11.2.0.202008311134/tools/bin/../lib/gcc/arm-none-eabi/9.2.1/../../../../arm-none-eabi/lib/thumb/v7-m/nofp\libc_nano.a(lib_a-ctype_.o)
                0x0001709f                _ctype_
                0x000171a0                . = ALIGN (0x4)

.glue_7         0x000171a0        0x0
 .glue_7        0x000171a0        0x0 linker stubs

.glue_7t        0x000171a0        0x0
 .glue_7t       0x000171a0        0x0 linker stubs

.vfp11_veneer   0x000171a0        0x0
 .vfp11_veneer  0x000171a0        0x0 linker stubs

.v4_bx          0x000171a0        0x0
 .v4_bx         0x000171a0        0x0 linker stubs

.iplt           0x000171a0        0x0
 .iplt          0x000171a0        0x0 ./src/IA_2021_V0.o

.rel.dyn        0x000171a0        0x0
 .rel.iplt      0x000171a0        0x0 ./src/IA_2021_V0.o

.ARM.extab
 *(.ARM.extab* .gnu.linkonce.armextab.*)

.ARM.exidx      0x000171a0        0x0
                0x000171a0                __exidx_start = .
 *(.ARM.exidx* .gnu.linkonce.armexidx.*)
                0x000171a0                __exidx_end = .
                0x000171a0                _etext = .

.data_RAM2      0x2007c000        0x0 load address 0x000171a0
 FILL mask 0xff
                [!provide]                PROVIDE (__start_data_RAM2 = .)
                [!provide]                PROVIDE (__start_data_Ram_USB = .)
 *(.ramfunc.$RAM2)
 *(.ramfunc.$Ram_USB)
 *(.data.$RAM2)
 *(.data.$Ram_USB)
 *(.data.$RAM2.*)
 *(.data.$Ram_USB.*)
                0x2007c000                . = ALIGN (0x4)
                [!provide]                PROVIDE (__end_data_RAM2 = .)
                [!provide]                PROVIDE (__end_data_Ram_USB = .)

.data_RAM3      0x2007c800        0x0 load address 0x000171a0
 FILL mask 0xff
                [!provide]                PROVIDE (__start_data_RAM3 = .)
                [!provide]                PROVIDE (__start_data_RAM3 = .)
 *(.ramfunc.$RAM3)
 *(.ramfunc.$RAM3)
 *(.data.$RAM3)
 *(.data.$RAM3)
 *(.data.$RAM3.*)
 *(.data.$RAM3.*)
                0x2007c800                . = ALIGN (0x4)
                [!provide]                PROVIDE (__end_data_RAM3 = .)
                [!provide]                PROVIDE (__end_data_RAM3 = .)

.uninit_RESERVED
                0x10000000        0x0
                0x10000000                _start_uninit_RESERVED = .
 *(.bss.$RESERVED*)
                0x10000000                . = ALIGN (0x4)
                0x10000000                _end_uninit_RESERVED = .

.data           0x10000000      0x1ec load address 0x000171a0
 FILL mask 0xff
                0x10000000                _data = .
                [!provide]                PROVIDE (__start_data_RAM = .)
                [!provide]                PROVIDE (__start_data_RamLoc32 = .)
 *(vtable)
 *(.ramfunc*)
 *(CodeQuickAccess)
 *(DataQuickAccess)
 *(RamFunction)
 *(.data*)
 .data.xHeapRegions
                0x10000000       0x10 ./src/IA_2021_V0.o
 .data.uxCriticalNesting
                0x10000010        0x4 ./freertos/src/port.o
 .data.g_pUsbApi
                0x10000014        0x4 ./Communication/USB/src/cdc_usb_main.o
                0x10000014                g_pUsbApi
 .data.OscRateIn
                0x10000018        0x4 D:\Developpement_Robot\Robotic-System\trunk\Workspaces\MultiWorkSpaces_2021\0_lpc_board_nxp_lpcxpresso_1769\Release\lib0_lpc_board_nxp_lpcxpresso_1769.a(board.o)
                0x10000018                OscRateIn
 .data._impure_ptr
                0x1000001c        0x4 c:/nxp/mcuxpressoide_11.2.1_4149/ide/plugins/com.nxp.mcuxpresso.tools.win32_11.2.0.202008311134/tools/bin/../lib/gcc/arm-none-eabi/9.2.1/../../../../arm-none-eabi/lib/thumb/v7-m/nofp\libc_nano.a(lib_a-impure.o)
                0x1000001c                _impure_ptr
 .data.impure_data
                0x10000020       0x60 c:/nxp/mcuxpressoide_11.2.1_4149/ide/plugins/com.nxp.mcuxpresso.tools.win32_11.2.0.202008311134/tools/bin/../lib/gcc/arm-none-eabi/9.2.1/../../../../arm-none-eabi/lib/thumb/v7-m/nofp\libc_nano.a(lib_a-impure.o)
 .data.__global_locale
                0x10000080      0x16c c:/nxp/mcuxpressoide_11.2.1_4149/ide/plugins/com.nxp.mcuxpresso.tools.win32_11.2.0.202008311134/tools/bin/../lib/gcc/arm-none-eabi/9.2.1/../../../../arm-none-eabi/lib/thumb/v7-m/nofp\libc_nano.a(lib_a-locale.o)
                0x10000080                __global_locale
                0x100001ec                . = ALIGN (0x4)
                0x100001ec                _edata = .
                [!provide]                PROVIDE (__end_data_RAM = .)
                [!provide]                PROVIDE (__end_data_RamLoc32 = .)

.igot.plt       0x100001ec        0x0 load address 0x0001738c
 .igot.plt      0x100001ec        0x0 ./src/IA_2021_V0.o

.bss_RAM2       0x2007c000        0x0
                [!provide]                PROVIDE (__start_bss_RAM2 = .)
                [!provide]                PROVIDE (__start_bss_Ram_USB = .)
 *(.bss.$RAM2)
 *(.bss.$Ram_USB)
 *(.bss.$RAM2.*)
 *(.bss.$Ram_USB.*)
                0x2007c000                . = ALIGN ((. != 0x0)?0x4:0x1)
                [!provide]                PROVIDE (__end_bss_RAM2 = .)
                [!provide]                PROVIDE (__end_bss_Ram_USB = .)

.bss_RAM3       0x2007c800     0x3544
                [!provide]                PROVIDE (__start_bss_RAM3 = .)
                [!provide]                PROVIDE (__start_bss_RAM3 = .)
 *(.bss.$RAM3)
 .bss.$RAM3     0x2007c800      0x197 ./freertos/src/FreeRTOSCommonHooks.o
 *fill*         0x2007c997        0x1 
 .bss.$RAM3     0x2007c998       0xc0 ./Strategie/0_Infos.o
 .bss.$RAM3     0x2007ca58      0x180 ./Communication/0_Communication.o
 .bss.$RAM3     0x2007cbd8       0xdf ./Communication/1_Trame_Communication.o
 *fill*         0x2007ccb7        0x1 
 .bss.$RAM3     0x2007ccb8       0x46 ./Communication/2_Echange_Datas.o
 .bss.$RAM3     0x2007ccfe       0x46 ./Communication/2_Echange_Datas_Reception.o
 *(.bss.$RAM3)
 *(.bss.$RAM3.*)
 .bss.$RAM3.    0x2007cd44     0x3000 ./src/IA_2021_V0.o
 *(.bss.$RAM3.*)
                0x2007fd44                . = ALIGN ((. != 0x0)?0x4:0x1)
                [!provide]                PROVIDE (__end_bss_RAM3 = .)
                [!provide]                PROVIDE (__end_bss_RAM3 = .)

.bss            0x100001ec      0x384
                0x100001ec                _bss = .
                [!provide]                PROVIDE (__start_bss_RAM = .)
                [!provide]                PROVIDE (__start_bss_RamLoc32 = .)
 *(.bss*)
 .bss.pxEnd     0x100001ec        0x4 ./freertos/src/heap_5.o
 .bss.xBlockAllocatedBit
                0x100001f0        0x4 ./freertos/src/heap_5.o
 .bss.xFreeBytesRemaining
                0x100001f4        0x4 ./freertos/src/heap_5.o
 .bss.xMinimumEverFreeBytesRemaining
                0x100001f8        0x4 ./freertos/src/heap_5.o
 .bss.xNumberOfSuccessfulAllocations
                0x100001fc        0x4 ./freertos/src/heap_5.o
 .bss.xNumberOfSuccessfulFrees
                0x10000200        0x4 ./freertos/src/heap_5.o
 .bss.xStart    0x10000204        0x8 ./freertos/src/heap_5.o
 .bss.xQueueRegistry
                0x1000020c       0x50 ./freertos/src/queue.o
                0x1000020c                xQueueRegistry
 .bss.pxCurrentTCB
                0x1000025c        0x4 ./freertos/src/tasks.o
                0x1000025c                pxCurrentTCB
 .bss.pxDelayedTaskList
                0x10000260        0x4 ./freertos/src/tasks.o
 .bss.pxOverflowDelayedTaskList
                0x10000264        0x4 ./freertos/src/tasks.o
 .bss.pxReadyTasksLists
                0x10000268       0x64 ./freertos/src/tasks.o
 .bss.uxCurrentNumberOfTasks
                0x100002cc        0x4 ./freertos/src/tasks.o
 .bss.uxDeletedTasksWaitingCleanUp
                0x100002d0        0x4 ./freertos/src/tasks.o
 .bss.uxSchedulerSuspended
                0x100002d4        0x4 ./freertos/src/tasks.o
 .bss.uxTaskNumber
                0x100002d8        0x4 ./freertos/src/tasks.o
 .bss.uxTopReadyPriority
                0x100002dc        0x4 ./freertos/src/tasks.o
 .bss.xDelayedTaskList1
                0x100002e0       0x14 ./freertos/src/tasks.o
 .bss.xDelayedTaskList2
                0x100002f4       0x14 ./freertos/src/tasks.o
 .bss.xIdleTaskHandle
                0x10000308        0x4 ./freertos/src/tasks.o
 .bss.xNextTaskUnblockTime
                0x1000030c        0x4 ./freertos/src/tasks.o
 .bss.xNumOfOverflows
                0x10000310        0x4 ./freertos/src/tasks.o
 .bss.xPendedTicks
                0x10000314        0x4 ./freertos/src/tasks.o
 .bss.xPendingReadyList
                0x10000318       0x14 ./freertos/src/tasks.o
 .bss.xSchedulerRunning
                0x1000032c        0x4 ./freertos/src/tasks.o
 .bss.xSuspendedTaskList
                0x10000330       0x14 ./freertos/src/tasks.o
 .bss.xTasksWaitingTermination
                0x10000344       0x14 ./freertos/src/tasks.o
 .bss.xTickCount
                0x10000358        0x4 ./freertos/src/tasks.o
 .bss.xYieldPending
                0x1000035c        0x4 ./freertos/src/tasks.o
 .bss.pxCurrentTimerList
                0x10000360        0x4 ./freertos/src/timers.o
 .bss.pxOverflowTimerList
                0x10000364        0x4 ./freertos/src/timers.o
 .bss.xActiveTimerList1
                0x10000368       0x14 ./freertos/src/timers.o
 .bss.xActiveTimerList2
                0x1000037c       0x14 ./freertos/src/timers.o
 .bss.xLastTime.9167
                0x10000390        0x4 ./freertos/src/timers.o
 .bss.xTimerQueue
                0x10000394        0x4 ./freertos/src/timers.o
 .bss.xTimerTaskHandle
                0x10000398        0x4 ./freertos/src/timers.o
 .bss._0_Deplacement_EventGroup
                0x1000039c        0x4 ./Strategie/Deplacement/0_Deplacements.o
                0x1000039c                _0_Deplacement_EventGroup
 .bss.g_hUsb    0x100003a0        0x4 ./Communication/USB/src/cdc_usb_main.o
                0x100003a0                g_hUsb
 .bss.Message.11250
                0x100003a4       0x4d ./Communication/0_Communication.o
 *fill*         0x100003f1        0x3 
 .bss._1_xQueue_Message_TO_Send
                0x100003f4        0x4 ./Communication/0_Communication.o
                0x100003f4                _1_xQueue_Message_TO_Send
 .bss.already_flaged.11239
                0x100003f8        0x1 ./Communication/0_Communication.o
 .bss.g_txBuff.11251
                0x100003f9       0x80 ./Communication/0_Communication.o
 *fill*         0x10000479        0x3 
 .bss.rxring_RS485
                0x1000047c       0x14 ./Communication/0_Communication.o
                0x1000047c                rxring_RS485
 .bss.txring    0x10000490       0x14 ./Communication/0_Communication.o
                0x10000490                txring
 .bss._0_Comm_EventGroup
                0x100004a4        0x4 ./Communication/0_Event_Group.o
                0x100004a4                _0_Comm_EventGroup
 .bss.Nb_Erreurs_com
                0x100004a8        0x4 ./Communication/1_Trame_Communication.o
                0x100004a8                Nb_Erreurs_com
 .bss.Nb_Messages_adresses_corrects
                0x100004ac        0x4 ./Communication/1_Trame_Communication.o
 .bss.Nb_Messages_recus
                0x100004b0        0x4 ./Communication/1_Trame_Communication.o
                0x100004b0                Nb_Messages_recus
 .bss.Nb_Rx_Fifo_Full
                0x100004b4        0x4 ./Communication/1_Trame_Communication.o
                0x100004b4                Nb_Rx_Fifo_Full
 .bss._1_xQueue_Message_Receive
                0x100004b8        0x4 ./Communication/1_Trame_Communication.o
                0x100004b8                _1_xQueue_Message_Receive
 .bss.log_message
                0x100004bc       0x3e ./Communication/2_Echange_Datas.o
 .bss.relese_sent
                0x100004fa        0x1 ./Communication/2_Echange_Datas.o
                0x100004fa                relese_sent
 .bss.str       0x100004fb       0x46 ./Communication/2_Echange_Datas.o
 *fill*         0x10000541        0x3 
 .bss.Nb_Messages_Interpretes
                0x10000544        0x4 ./Communication/2_Echange_Datas_Reception.o
 .bss.Nb_PONG_recus
                0x10000548        0x4 ./Communication/2_Echange_Datas_Reception.o
                0x10000548                Nb_PONG_recus
 .bss.ABsyncSts
                0x1000054c        0x1 D:\Developpement_Robot\Robotic-System\trunk\Workspaces\MultiWorkSpaces_2021\0_lpc_chip_175x_6x\Release\lib0_lpc_chip_175x_6x.a(uart_17xx_40xx.o)
 *fill*         0x1000054d        0x3 
 .bss.__malloc_free_list
                0x10000550        0x4 c:/nxp/mcuxpressoide_11.2.1_4149/ide/plugins/com.nxp.mcuxpresso.tools.win32_11.2.0.202008311134/tools/bin/../lib/gcc/arm-none-eabi/9.2.1/../../../../arm-none-eabi/lib/thumb/v7-m/nofp\libc_nano.a(lib_a-nano-mallocr.o)
                0x10000550                __malloc_free_list
 .bss.__malloc_sbrk_start
                0x10000554        0x4 c:/nxp/mcuxpressoide_11.2.1_4149/ide/plugins/com.nxp.mcuxpresso.tools.win32_11.2.0.202008311134/tools/bin/../lib/gcc/arm-none-eabi/9.2.1/../../../../arm-none-eabi/lib/thumb/v7-m/nofp\libc_nano.a(lib_a-nano-mallocr.o)
                0x10000554                __malloc_sbrk_start
 .bss.__end_of_heap
                0x10000558        0x4 c:/nxp/mcuxpressoide_11.2.1_4149/ide/plugins/com.nxp.mcuxpresso.tools.win32_11.2.0.202008311134/tools/bin/../lib/gcc/arm-none-eabi/9.2.1/../../../../arm-none-eabi/lib/thumb/v7-m/nofp\libcr_newlib_none.a(_cr_sbrk.o)
                0x10000558                __end_of_heap
 *(COMMON)
 COMMON         0x1000055c        0x4 D:\Developpement_Robot\Robotic-System\trunk\Workspaces\MultiWorkSpaces_2021\0_lpc_chip_175x_6x\Release\lib0_lpc_chip_175x_6x.a(chip_17xx_40xx.o)
                0x1000055c                SystemCoreClock
 COMMON         0x10000560        0x4 c:/nxp/mcuxpressoide_11.2.1_4149/ide/plugins/com.nxp.mcuxpresso.tools.win32_11.2.0.202008311134/tools/bin/../lib/gcc/arm-none-eabi/9.2.1/../../../../arm-none-eabi/lib/thumb/v7-m/nofp\libc_nano.a(lib_a-reent.o)
                0x10000560                errno
 COMMON         0x10000564        0x9 c:/nxp/mcuxpressoide_11.2.1_4149/ide/plugins/com.nxp.mcuxpresso.tools.win32_11.2.0.202008311134/tools/bin/../lib/gcc/arm-none-eabi/9.2.1/../../../../arm-none-eabi/lib/thumb/v7-m/nofp\libc_nano.a(lib_a-lock.o)
                0x10000564                __lock___atexit_recursive_mutex
                0x10000565                __lock___arc4random_mutex
                0x10000566                __lock___env_recursive_mutex
                0x10000567                __lock___sinit_recursive_mutex
                0x10000568                __lock___malloc_recursive_mutex
                0x10000569                __lock___at_quick_exit_mutex
                0x1000056a                __lock___dd_hash_mutex
                0x1000056b                __lock___tz_mutex
                0x1000056c                __lock___sfp_recursive_mutex
                0x10000570                . = ALIGN (0x4)
 *fill*         0x1000056d        0x3 
                0x10000570                _ebss = .
                [!provide]                PROVIDE (__end_bss_RAM = .)
                [!provide]                PROVIDE (__end_bss_RamLoc32 = .)
                [!provide]                PROVIDE (end = .)

.noinit_RAM2    0x2007c000        0x0
                [!provide]                PROVIDE (__start_noinit_RAM2 = .)
                [!provide]                PROVIDE (__start_noinit_Ram_USB = .)
 *(.noinit.$RAM2)
 *(.noinit.$Ram_USB)
 *(.noinit.$RAM2.*)
 *(.noinit.$Ram_USB.*)
                0x2007c000                . = ALIGN (0x4)
                [!provide]                PROVIDE (__end_noinit_RAM2 = .)
                [!provide]                PROVIDE (__end_noinit_Ram_USB = .)

.noinit_RAM3    0x2007fd44        0x0
                [!provide]                PROVIDE (__start_noinit_RAM3 = .)
                [!provide]                PROVIDE (__start_noinit_RAM3 = .)
 *(.noinit.$RAM3)
 *(.noinit.$RAM3)
 *(.noinit.$RAM3.*)
 *(.noinit.$RAM3.*)
                0x2007fd44                . = ALIGN (0x4)
                [!provide]                PROVIDE (__end_noinit_RAM3 = .)
                [!provide]                PROVIDE (__end_noinit_RAM3 = .)

.noinit         0x10000570        0x0
                0x10000570                _noinit = .
                [!provide]                PROVIDE (__start_noinit_RAM = .)
                [!provide]                PROVIDE (__start_noinit_RamLoc32 = .)
 *(.noinit*)
                0x10000570                . = ALIGN (0x4)
                0x10000570                _end_noinit = .
                [!provide]                PROVIDE (__end_noinit_RAM = .)
                [!provide]                PROVIDE (__end_noinit_RamLoc32 = .)
                0x10000570                PROVIDE (_pvHeapStart = DEFINED (__user_heap_base)?__user_heap_base:.)
                0x10008000                PROVIDE (_vStackTop = DEFINED (__user_stack_top)?__user_stack_top:(__top_RamLoc32 - 0x0))
                [!provide]                PROVIDE (__valid_user_code_checksum = (0x0 - ((((((_vStackTop + (ResetISR + 0x1)) + (NMI_Handler + 0x1)) + (HardFault_Handler + 0x1)) + (DEFINED (MemManage_Handler)?MemManage_Handler:0x0 + 0x1)) + (DEFINED (BusFault_Handler)?BusFault_Handler:0x0 + 0x1)) + (DEFINED (UsageFault_Handler)?UsageFault_Handler:0x0 + 0x1))))
                0x00010000                _image_start = LOADADDR (.text)
                0x0001738c                _image_end = (LOADADDR (.data) + SIZEOF (.data))
                0x0000738c                _image_size = (_image_end - _image_start)
OUTPUT(IA_2021_V0.axf elf32-littlearm)

.debug_info     0x00000000    0x2cd75
 .debug_info    0x00000000     0x28f3 ./src/IA_2021_V0.o
 .debug_info    0x000028f3     0x12b0 ./src/Init.o
 .debug_info    0x00003ba3      0x2f5 ./src/cr_startup_lpc175x_6x.o
 .debug_info    0x00003e98       0x3c ./src/crp.o
 .debug_info    0x00003ed4      0x9d6 ./src/sysinit.o
 .debug_info    0x000048aa     0x1164 ./src/test.o
 .debug_info    0x00005a0e     0x14f5 ./freertos/src/FreeRTOSCommonHooks.o
 .debug_info    0x00006f03     0x136c ./freertos/src/event_groups.o
 .debug_info    0x0000826f      0xefd ./freertos/src/heap_5.o
 .debug_info    0x0000916c      0xbeb ./freertos/src/list.o
 .debug_info    0x00009d57      0xd09 ./freertos/src/port.o
 .debug_info    0x0000aa60     0x2551 ./freertos/src/queue.o
 .debug_info    0x0000cfb1     0x303c ./freertos/src/tasks.o
 .debug_info    0x0000ffed     0x1d60 ./freertos/src/timers.o
 .debug_info    0x00011d4d     0x16f7 ./Strategie/Deplacement/0_Deplacements.o
 .debug_info    0x00013444      0xddd ./Strategie/0_Infos.o
 .debug_info    0x00014221     0x2627 ./Communication/USB/src/cdc_usb_main.o
 .debug_info    0x00016848     0x101e ./Communication/RS485/0_RS485.o
 .debug_info    0x00017866     0x3205 ./Communication/0_Communication.o
 .debug_info    0x0001aa6b      0xaa4 ./Communication/0_Event_Group.o
 .debug_info    0x0001b50f     0x19dc ./Communication/1_Trame_Communication.o
 .debug_info    0x0001ceeb     0x1ce0 ./Communication/2_Echange_Datas.o
 .debug_info    0x0001ebcb     0x11b0 ./Communication/2_Echange_Datas_Reception.o
 .debug_info    0x0001fd7b      0x642 D:\Developpement_Robot\Robotic-System\trunk\Workspaces\MultiWorkSpaces_2021\0_lpc_chip_175x_6x\Release\lib0_lpc_chip_175x_6x.a(chip_17xx_40xx.o)
 .debug_info    0x000203bd      0xe8f D:\Developpement_Robot\Robotic-System\trunk\Workspaces\MultiWorkSpaces_2021\0_lpc_chip_175x_6x\Release\lib0_lpc_chip_175x_6x.a(clock_17xx_40xx.o)
 .debug_info    0x0002124c      0x63f D:\Developpement_Robot\Robotic-System\trunk\Workspaces\MultiWorkSpaces_2021\0_lpc_chip_175x_6x\Release\lib0_lpc_chip_175x_6x.a(ring_buffer.o)