Archive member included to satisfy reference by file (symbol)

D:\Developpement_Robot\Robotic-System\trunk\Workspaces\MultiWorkSpaces_2021\0_lpc_chip_175x_6x\Release\lib0_lpc_chip_175x_6x.a(adc_17xx_40xx.o)
                              ./Level_0/Drivers/0_ADC/0_ADC.o (Chip_ADC_Init)
D:\Developpement_Robot\Robotic-System\trunk\Workspaces\MultiWorkSpaces_2021\0_lpc_chip_175x_6x\Release\lib0_lpc_chip_175x_6x.a(chip_17xx_40xx.o)
                              ./src/IA_2021_V0.o (SystemCoreClockUpdate)
D:\Developpement_Robot\Robotic-System\trunk\Workspaces\MultiWorkSpaces_2021\0_lpc_chip_175x_6x\Release\lib0_lpc_chip_175x_6x.a(clock_17xx_40xx.o)
                              D:\Developpement_Robot\Robotic-System\trunk\Workspaces\MultiWorkSpaces_2021\0_lpc_chip_175x_6x\Release\lib0_lpc_chip_175x_6x.a(chip_17xx_40xx.o) (Chip_Clock_EnablePLL)
D:\Developpement_Robot\Robotic-System\trunk\Workspaces\MultiWorkSpaces_2021\0_lpc_chip_175x_6x\Release\lib0_lpc_chip_175x_6x.a(ring_buffer.o)
                              ./Communication/0_Communication.o (RingBuffer_Init)
D:\Developpement_Robot\Robotic-System\trunk\Workspaces\MultiWorkSpaces_2021\0_lpc_chip_175x_6x\Release\lib0_lpc_chip_175x_6x.a(stopwatch_17xx_40xx.o)
                              ./Communication/USB/src/cdc_usb_main.o (StopWatch_Init)
D:\Developpement_Robot\Robotic-System\trunk\Workspaces\MultiWorkSpaces_2021\0_lpc_chip_175x_6x\Release\lib0_lpc_chip_175x_6x.a(sysinit_17xx_40xx.o)
                              ./src/IA_2021_V0.o (Chip_SetupXtalClocking)
D:\Developpement_Robot\Robotic-System\trunk\Workspaces\MultiWorkSpaces_2021\0_lpc_chip_175x_6x\Release\lib0_lpc_chip_175x_6x.a(timer_17xx_40xx.o)
                              ./src/IA_2021_V0.o (Chip_TIMER_Init)
D:\Developpement_Robot\Robotic-System\trunk\Workspaces\MultiWorkSpaces_2021\0_lpc_chip_175x_6x\Release\lib0_lpc_chip_175x_6x.a(uart_17xx_40xx.o)
                              ./Communication/0_Communication.o (Chip_UART_Init)
D:\Developpement_Robot\Robotic-System\trunk\Workspaces\MultiWorkSpaces_2021\0_lpc_board_nxp_lpcxpresso_1769\Release\lib0_lpc_board_nxp_lpcxpresso_1769.a(board.o)
                              ./src/IA_2021_V0.o (Set_Clock_in)
D:\Developpement_Robot\Robotic-System\trunk\Workspaces\MultiWorkSpaces_2021\0_lpc_chip_175x_6x\libs\libusbd_175x_6x_lib.a(mw_usbd_rom_api.o)
                              ./Communication/USB/src/cdc_usb_main.o (cdc_api)
D:\Developpement_Robot\Robotic-System\trunk\Workspaces\MultiWorkSpaces_2021\0_lpc_chip_175x_6x\libs\libusbd_175x_6x_lib.a(hw_usbd_ip3503.o)
                              D:\Developpement_Robot\Robotic-System\trunk\Workspaces\MultiWorkSpaces_2021\0_lpc_chip_175x_6x\libs\libusbd_175x_6x_lib.a(mw_usbd_rom_api.o) (hwUSB_GetMemSize)
D:\Developpement_Robot\Robotic-System\trunk\Workspaces\MultiWorkSpaces_2021\0_lpc_chip_175x_6x\libs\libusbd_175x_6x_lib.a(mw_usbd_cdcuser.o)
                              D:\Developpement_Robot\Robotic-System\trunk\Workspaces\MultiWorkSpaces_2021\0_lpc_chip_175x_6x\libs\libusbd_175x_6x_lib.a(mw_usbd_rom_api.o) (mwCDC_SendNotification)
D:\Developpement_Robot\Robotic-System\trunk\Workspaces\MultiWorkSpaces_2021\0_lpc_chip_175x_6x\libs\libusbd_175x_6x_lib.a(mw_usbd_core.o)
                              D:\Developpement_Robot\Robotic-System\trunk\Workspaces\MultiWorkSpaces_2021\0_lpc_chip_175x_6x\libs\libusbd_175x_6x_lib.a(mw_usbd_rom_api.o) (mwUSB_SetupStage)
D:\Developpement_Robot\Robotic-System\trunk\Workspaces\MultiWorkSpaces_2021\0_lpc_chip_175x_6x\libs\libusbd_175x_6x_lib.a(mw_usbd_dfuuser.o)
                              D:\Developpement_Robot\Robotic-System\trunk\Workspaces\MultiWorkSpaces_2021\0_lpc_chip_175x_6x\libs\libusbd_175x_6x_lib.a(mw_usbd_rom_api.o) (mwDFU_GetMemSize)
D:\Developpement_Robot\Robotic-System\trunk\Workspaces\MultiWorkSpaces_2021\0_lpc_chip_175x_6x\libs\libusbd_175x_6x_lib.a(mw_usbd_hiduser.o)
                              D:\Developpement_Robot\Robotic-System\trunk\Workspaces\MultiWorkSpaces_2021\0_lpc_chip_175x_6x\libs\libusbd_175x_6x_lib.a(mw_usbd_rom_api.o) (mwHID_GetMemSize)
D:\Developpement_Robot\Robotic-System\trunk\Workspaces\MultiWorkSpaces_2021\0_lpc_chip_175x_6x\libs\libusbd_175x_6x_lib.a(mw_usbd_mscuser.o)
                              D:\Developpement_Robot\Robotic-System\trunk\Workspaces\MultiWorkSpaces_2021\0_lpc_chip_175x_6x\libs\libusbd_175x_6x_lib.a(mw_usbd_rom_api.o) (mwMSC_GetMemSize)
c:/nxp/mcuxpressoide_11.2.1_4149/ide/plugins/com.nxp.mcuxpresso.tools.win32_11.2.0.202008311134/tools/bin/../lib/gcc/arm-none-eabi/9.2.1/thumb/v7-m/nofp\libgcc.a(_arm_mulsf3.o)
                              ./Strategie/Strategie_Level0/Deplacement/0_Deplacements.o (__aeabi_fmul)
c:/nxp/mcuxpressoide_11.2.1_4149/ide/plugins/com.nxp.mcuxpresso.tools.win32_11.2.0.202008311134/tools/bin/../lib/gcc/arm-none-eabi/9.2.1/thumb/v7-m/nofp\libgcc.a(_arm_addsubdf3.o)
                              ./Communication/2_Echange_Datas.o (__aeabi_f2d)
[...]
Memory Configuration

Name             Origin             Length             Attributes
MFlash512        0x00010000         0x00070000         xr
RamLoc32         0x10000000         0x00008000         xrw
Ram_USB          0x2007c000         0x00000800         xrw
RAM3             0x2007c800         0x00007800         xrw
*default*        0x00000000         0xffffffff

Linker script and memory map

LOAD ./src/IA_2021_V0.o
LOAD ./src/Init.o
LOAD ./src/cr_startup_lpc175x_6x.o
LOAD ./src/crp.o
LOAD ./src/sysinit.o
LOAD ./src/test.o
LOAD ./freertos/src/FreeRTOSCommonHooks.o
LOAD ./freertos/src/croutine.o
LOAD ./freertos/src/event_groups.o
LOAD ./freertos/src/heap_5.o
LOAD ./freertos/src/list.o
LOAD ./freertos/src/port.o
LOAD ./freertos/src/queue.o
LOAD ./freertos/src/stream_buffer.o
LOAD ./freertos/src/tasks.o
LOAD ./freertos/src/timers.o
LOAD ./freertos/FreeRTOS_Trace/trcHardwarePort.o
LOAD ./freertos/FreeRTOS_Trace/trcKernelPort.o
LOAD ./freertos/FreeRTOS_Trace/trcSnapshotRecorder.o
LOAD ./Strategie/Strategie_Level0/Deplacement/0_Deplacements.o
LOAD ./Strategie/Strategie_Level0/Deplacement/1_Obstacles.o
LOAD ./Strategie/Strategie_Level0/Actionneurs/0_Actionneurs.o
LOAD ./Strategie/Strategie_Level0/0_Infos.o
LOAD ./Strategie/Strategie_Level0/Strategie_Actions.o
LOAD ./Strategie/Strategie.o
LOAD ./Pathfinding/Astar/Astar.o
LOAD ./Level_0/Drivers/0_ADC/0_ADC.o
LOAD ./Communication/USB/src/cdc_desc.o
LOAD ./Communication/USB/src/cdc_usb_main.o
LOAD ./Communication/USB/src/cdc_vcom.o
LOAD ./Communication/RS485/0_RS485.o
LOAD ./Communication/0_Communication.o
LOAD ./Communication/0_Event_Group.o
LOAD ./Communication/1_Trame_Communication.o
LOAD ./Communication/2_Echange_Data_Strategie.o
LOAD ./Communication/2_Echange_Datas.o
LOAD ./Communication/2_Echange_Datas_Reception.o
LOAD D:\Developpement_Robot\Robotic-System\trunk\Workspaces\MultiWorkSpaces_2021\0_lpc_chip_175x_6x\Release\lib0_lpc_chip_175x_6x.a
LOAD D:\Developpement_Robot\Robotic-System\trunk\Workspaces\MultiWorkSpaces_2021\0_lpc_board_nxp_lpcxpresso_1769\Release\lib0_lpc_board_nxp_lpcxpresso_1769.a
LOAD D:\Developpement_Robot\Robotic-System\trunk\Workspaces\MultiWorkSpaces_2021\0_lpc_chip_175x_6x\libs\libusbd_175x_6x_lib.a
START GROUP
LOAD c:/nxp/mcuxpressoide_11.2.1_4149/ide/plugins/com.nxp.mcuxpresso.tools.win32_11.2.0.202008311134/tools/bin/../lib/gcc/arm-none-eabi/9.2.1/thumb/v7-m/nofp\libgcc.a
LOAD c:/nxp/mcuxpressoide_11.2.1_4149/ide/plugins/com.nxp.mcuxpresso.tools.win32_11.2.0.202008311134/tools/bin/../lib/gcc/arm-none-eabi/9.2.1/../../../../arm-none-eabi/lib/thumb/v7-m/nofp\libc_nano.a
LOAD c:/nxp/mcuxpressoide_11.2.1_4149/ide/plugins/com.nxp.mcuxpresso.tools.win32_11.2.0.202008311134/tools/bin/../lib/gcc/arm-none-eabi/9.2.1/../../../../arm-none-eabi/lib/thumb/v7-m/nofp\libm.a
LOAD c:/nxp/mcuxpressoide_11.2.1_4149/ide/plugins/com.nxp.mcuxpresso.tools.win32_11.2.0.202008311134/tools/bin/../lib/gcc/arm-none-eabi/9.2.1/../../../../arm-none-eabi/lib/thumb/v7-m/nofp\libcr_newlib_none.a
END GROUP
                0x00010000                __base_MFlash512 = 0x10000
                0x00010000                __base_Flash = 0x10000
                0x00080000                __top_MFlash512 = 0x80000
                0x00080000                __top_Flash = 0x80000
                0x10000000                __base_RamLoc32 = 0x10000000
                0x10000000                __base_RAM = 0x10000000
                0x10008000                __top_RamLoc32 = 0x10008000
                0x10008000                __top_RAM = 0x10008000
                0x2007c000                __base_Ram_USB = 0x2007c000
                0x2007c000                __base_RAM2 = 0x2007c000
                0x2007c800                __top_Ram_USB = 0x2007c800
                0x2007c800                __top_RAM2 = 0x2007c800
                0x2007c800                __base_RAM3 = 0x2007c800
                0x2007c800                __base_RAM3 = 0x2007c800
                0x20084000                __top_RAM3 = 0x20084000
                0x20084000                __top_RAM3 = 0x20084000

.text           0x00010000     0x87b8
 FILL mask 0xff
                0x00010000                __vectors_start__ = ABSOLUTE (.)
 *(.isr_vector)
 .isr_vector    0x00010000       0xcc ./src/cr_startup_lpc175x_6x.o
                0x00010000                g_pfnVectors
                0x000100cc                . = ALIGN (0x4)
                0x000100cc                __section_table_start = .
                0x000100cc                __data_section_table = .
                0x000100cc        0x4 LONG 0x187b8 LOADADDR (.data)
                0x000100d0        0x4 LONG 0x10000000 ADDR (.data)
                0x000100d4        0x4 LONG 0x1ec SIZEOF (.data)
                0x000100d8        0x4 LONG 0x187b8 LOADADDR (.data_RAM2)
                0x000100dc        0x4 LONG 0x2007c000 ADDR (.data_RAM2)
                0x000100e0        0x4 LONG 0x0 SIZEOF (.data_RAM2)
                0x000100e4        0x4 LONG 0x187b8 LOADADDR (.data_RAM3)
                0x000100e8        0x4 LONG 0x2007c800 ADDR (.data_RAM3)
                0x000100ec        0x4 LONG 0x0 SIZEOF (.data_RAM3)
                0x000100f0                __data_section_table_end = .
                0x000100f0                __bss_section_table = .
                0x000100f0        0x4 LONG 0x100001ec ADDR (.bss)
                0x000100f4        0x4 LONG 0x698 SIZEOF (.bss)
                0x000100f8        0x4 LONG 0x2007c000 ADDR (.bss_RAM2)
                0x000100fc        0x4 LONG 0x0 SIZEOF (.bss_RAM2)
                0x00010100        0x4 LONG 0x2007c800 ADDR (.bss_RAM3)
                0x00010104        0x4 LONG 0x4028 SIZEOF (.bss_RAM3)
                0x00010108                __bss_section_table_end = .
                0x00010108                __section_table_end = .
 *(.after_vectors*)
 .after_vectors
                0x00010108       0x8c ./src/cr_startup_lpc175x_6x.o
                0x00010108                NMI_Handler
                0x0001010a                HardFault_Handler
                0x0001010c                MemManage_Handler
                0x0001010e                BusFault_Handler
                0x00010110                UsageFault_Handler
                0x00010112                DebugMon_Handler
                0x00010114                USBActivity_IRQHandler
                0x00010114                PWM1_IRQHandler
                0x00010114                I2C0_IRQHandler
                0x00010114                RIT_IRQHandler
                0x00010114                I2C1_IRQHandler
                0x00010114                EINT2_IRQHandler
                0x00010114                EINT3_IRQHandler
                0x00010114                CANActivity_IRQHandler
                0x00010114                TIMER3_IRQHandler
                0x00010114                UART0_IRQHandler
                0x00010114                DMA_IRQHandler
                0x00010114                UART3_IRQHandler
                0x00010114                IntDefaultHandler
                0x00010114                PLL0_IRQHandler
                0x00010114                CAN_IRQHandler
                0x00010114                PLL1_IRQHandler
                0x00010114                SSP0_IRQHandler
                0x00010114                I2S_IRQHandler
                0x00010114                I2C2_IRQHandler
                0x00010114                RTC_IRQHandler
                0x00010114                TIMER0_IRQHandler
                0x00010114                SPI_IRQHandler
                0x00010114                ETH_IRQHandler
                0x00010114                EINT1_IRQHandler
                0x00010114                TIMER1_IRQHandler
                0x00010114                ADC_IRQHandler
                0x00010114                SSP1_IRQHandler
                0x00010114                BOD_IRQHandler
                0x00010114                TIMER2_IRQHandler
                0x00010114                WDT_IRQHandler
                0x00010114                EINT0_IRQHandler
                0x00010114                QEI_IRQHandler
                0x00010114                MCPWM_IRQHandler
                0x00010116                data_init
                0x00010132                bss_init
                0x00010144                ResetISR
                0x0001018c                SVC_Handler
                0x0001018e                PendSV_Handler
                0x00010190                SysTick_Handler
                0x000002fc                . = 0x2fc
 *fill*         0x00010194      0x168 ff
                0x000102fc                PROVIDE (__CRP_WORD_START__ = .)
 *(.crp)
 .crp           0x000102fc        0x4 ./src/crp.o
                0x000102fc                CRP_WORD
                0x00010300                PROVIDE (__CRP_WORD_END__ = .)
                0x00000001                ASSERT (! ((__CRP_WORD_START__ == __CRP_WORD_END__)), Linker CRP Enabled, but no CRP_WORD provided within application)
 *(.text*)
 .text.vConfigureTimerForRunTimeStats
                0x00010300       0x22 ./src/IA_2021_V0.o
                0x00010300                vConfigureTimerForRunTimeStats
 *fill*         0x00010322        0x2 ff
 .text.prvSetupHardware
                0x00010324       0x30 ./src/IA_2021_V0.o
 .text.vTask_HartBeat
                0x00010354       0x64 ./src/IA_2021_V0.o
 .text.main     0x000103b8       0x34 ./src/IA_2021_V0.o
                0x000103b8                main
 .text.Set_Debug_Pin_0_Low
                0x000103ec       0x10 ./src/Init.o
                0x000103ec                Set_Debug_Pin_0_Low
 .text.Set_Debug_Pin_1_Low
                0x000103fc       0x10 ./src/Init.o
                0x000103fc                Set_Debug_Pin_1_Low
 .text.Init_Carte_IA
                0x0001040c       0x9c ./src/Init.o
                0x0001040c                Init_Carte_IA
 .text.Init_Send_Robot_ID
                0x000104a8        0xe ./src/Init.o
                0x000104a8                Init_Send_Robot_ID
 *fill*         0x000104b6        0x2 ff
 .text.SystemInit
                0x000104b8       0x18 ./src/sysinit.o
                0x000104b8                SystemInit
 .text.TEST_init_parametres
                0x000104d0       0x2c ./src/test.o
                0x000104d0                TEST_init_parametres
 .text.TEST_Deplacement_Reel
                0x000104fc      0x480 ./src/test.o
                0x000104fc                TEST_Deplacement_Reel
 .text.vApplicationStackOverflowHook
                0x0001097c      0x130 ./freertos/src/FreeRTOSCommonHooks.o
                0x0001097c                vApplicationStackOverflowHook
 .text.prvTestWaitCondition
                0x00010aac       0x1c ./freertos/src/event_groups.o
 .text.xEventGroupCreate
                0x00010ac8       0x1a ./freertos/src/event_groups.o
                0x00010ac8                xEventGroupCreate
 *fill*         0x00010ae2        0x2 ff
 .text.xEventGroupWaitBits
                0x00010ae4       0xbc ./freertos/src/event_groups.o
                0x00010ae4                xEventGroupWaitBits
 .text.xEventGroupClearBits
                0x00010ba0       0x1a ./freertos/src/event_groups.o
                0x00010ba0                xEventGroupClearBits
 .text.xEventGroupSetBits
                0x00010bba       0x62 ./freertos/src/event_groups.o
                0x00010bba                xEventGroupSetBits
 .text.vEventGroupSetBitsCallback
                0x00010c1c        0x8 ./freertos/src/event_groups.o
                0x00010c1c                vEventGroupSetBitsCallback
 .text.prvInsertBlockIntoFreeList
                0x00010c24       0x54 ./freertos/src/heap_5.o
 .text.pvPortMalloc
                0x00010c78       0xc0 ./freertos/src/heap_5.o
                0x00010c78                pvPortMalloc
 .text.vPortFree
                0x00010d38       0x58 ./freertos/src/heap_5.o
                0x00010d38                vPortFree
 .text.vPortDefineHeapRegions
                0x00010d90       0x84 ./freertos/src/heap_5.o
                0x00010d90                vPortDefineHeapRegions
 .text.vListInitialise
                0x00010e14       0x16 ./freertos/src/list.o
                0x00010e14                vListInitialise
 .text.vListInitialiseItem
                0x00010e2a        0x6 ./freertos/src/list.o
                0x00010e2a                vListInitialiseItem
 .text.vListInsertEnd
                0x00010e30       0x16 ./freertos/src/list.o
                0x00010e30                vListInsertEnd
 .text.vListInsert
                0x00010e46       0x32 ./freertos/src/list.o
                0x00010e46                vListInsert
 .text.uxListRemove
                0x00010e78       0x26 ./freertos/src/list.o
                0x00010e78                uxListRemove
 .text.prvTaskExitError
                0x00010e9e       0x20 ./freertos/src/port.o
 *fill*         0x00010ebe        0x2 ff
 .text.prvPortStartFirstTask
                0x00010ec0       0x20 ./freertos/src/port.o
 .text.pxPortInitialiseStack
                0x00010ee0       0x24 ./freertos/src/port.o
                0x00010ee0                pxPortInitialiseStack
 *fill*         0x00010f04        0xc ff
 .text.vPortSVCHandler
                0x00010f10       0x24 ./freertos/src/port.o
                0x00010f10                vPortSVCHandler
 .text.vPortEnterCritical
                0x00010f34       0x20 ./freertos/src/port.o
                0x00010f34                vPortEnterCritical
 .text.vPortExitCritical
                0x00010f54       0x14 ./freertos/src/port.o
                0x00010f54                vPortExitCritical
 *fill*         0x00010f68        0x8 ff
 .text.xPortPendSVHandler
                0x00010f70       0x44 ./freertos/src/port.o
                0x00010f70                xPortPendSVHandler
 .text.xPortSysTickHandler
                0x00010fb4       0x2c ./freertos/src/port.o
                0x00010fb4                xPortSysTickHandler
 .text.vPortSetupTimerInterrupt
                0x00010fe0       0x24 ./freertos/src/port.o
                0x00010fe0                vPortSetupTimerInterrupt
 .text.xPortStartScheduler
                0x00011004       0x38 ./freertos/src/port.o
                0x00011004                xPortStartScheduler
 .text.prvGetDisinheritPriorityAfterTimeout
                0x0001103c       0x10 ./freertos/src/queue.o
 .text.prvIsQueueFull
                0x0001104c       0x1e ./freertos/src/queue.o
 .text.prvIsQueueEmpty
                0x0001106a       0x1a ./freertos/src/queue.o
 .text.prvCopyDataToQueue
                0x00011084       0x76 ./freertos/src/queue.o
 .text.prvCopyDataFromQueue
                0x000110fa       0x24 ./freertos/src/queue.o
 .text.prvUnlockQueue
                0x0001111e       0x6e ./freertos/src/queue.o
 .text.xQueueGenericReset
                0x0001118c       0x70 ./freertos/src/queue.o
                0x0001118c                xQueueGenericReset
 .text.prvInitialiseNewQueue
                0x000111fc       0x1c ./freertos/src/queue.o
 .text.xQueueGenericCreate
                0x00011218       0x2e ./freertos/src/queue.o
                0x00011218                xQueueGenericCreate
 *fill*         0x00011246        0x2 ff
 .text.xQueueGenericSend
                0x00011248      0x118 ./freertos/src/queue.o
                0x00011248                xQueueGenericSend
 .text.prvInitialiseMutex
                0x00011360       0x18 ./freertos/src/queue.o
 .text.xQueueCreateMutex
                0x00011378       0x16 ./freertos/src/queue.o
                0x00011378                xQueueCreateMutex
 .text.xQueueGenericSendFromISR
                0x0001138e       0x72 ./freertos/src/queue.o
                0x0001138e                xQueueGenericSendFromISR
 .text.xQueueReceive
                0x00011400      0x10c ./freertos/src/queue.o
                0x00011400                xQueueReceive
 .text.xQueueSemaphoreTake
                0x0001150c      0x144 ./freertos/src/queue.o
                0x0001150c                xQueueSemaphoreTake
 .text.vQueueAddToRegistry
                0x00011650       0x28 ./freertos/src/queue.o
                0x00011650                vQueueAddToRegistry
 .text.vQueueWaitForMessageRestricted
                0x00011678       0x52 ./freertos/src/queue.o
                0x00011678                vQueueWaitForMessageRestricted
 *fill*         0x000116ca        0x2 ff
 .text.prvResetNextTaskUnblockTime
                0x000116cc       0x2c ./freertos/src/tasks.o
 .text.prvDeleteTCB
                0x000116f8       0x12 ./freertos/src/tasks.o
 .text.prvInitialiseNewTask
                0x0001170a       0x9c ./freertos/src/tasks.o
 *fill*         0x000117a6        0x2 ff
 .text.prvInitialiseTaskLists
                0x000117a8       0x68 ./freertos/src/tasks.o
 .text.prvAddNewTaskToReadyList
                0x00011810       0xa8 ./freertos/src/tasks.o
 .text.prvCheckTasksWaitingTermination
                0x000118b8       0x4c ./freertos/src/tasks.o
 .text.prvIdleTask
                0x00011904       0x28 ./freertos/src/tasks.o
 .text.prvAddCurrentTaskToDelayedList
                0x0001192c       0x98 ./freertos/src/tasks.o
 .text.xTaskCreate
                0x000119c4       0x64 ./freertos/src/tasks.o
                0x000119c4                xTaskCreate
 .text.vTaskDelete
                0x00011a28       0xc4 ./freertos/src/tasks.o
                0x00011a28                vTaskDelete
 .text.vTaskStartScheduler
                0x00011aec       0x70 ./freertos/src/tasks.o
                0x00011aec                vTaskStartScheduler
 .text.vTaskSuspendAll
                0x00011b5c       0x10 ./freertos/src/tasks.o
                0x00011b5c                vTaskSuspendAll
 .text.xTaskGetTickCount
                0x00011b6c        0xc ./freertos/src/tasks.o
                0x00011b6c                xTaskGetTickCount
 .text.xTaskIncrementTick
                0x00011b78      0x100 ./freertos/src/tasks.o
                0x00011b78                xTaskIncrementTick
 .text.xTaskResumeAll
                0x00011c78       0xe0 ./freertos/src/tasks.o
                0x00011c78                xTaskResumeAll
 .text.vTaskDelayUntil
                0x00011d58       0x60 ./freertos/src/tasks.o
                0x00011d58                vTaskDelayUntil
 .text.vTaskDelay
                0x00011db8       0x34 ./freertos/src/tasks.o
                0x00011db8                vTaskDelay
 .text.vTaskSwitchContext
                0x00011dec       0xac ./freertos/src/tasks.o
                0x00011dec                vTaskSwitchContext
 .text.vTaskPlaceOnEventList
                0x00011e98       0x1c ./freertos/src/tasks.o
                0x00011e98                vTaskPlaceOnEventList
 .text.vTaskPlaceOnUnorderedEventList
                0x00011eb4       0x24 ./freertos/src/tasks.o
                0x00011eb4                vTaskPlaceOnUnorderedEventList
 .text.vTaskPlaceOnEventListRestricted
                0x00011ed8       0x24 ./freertos/src/tasks.o
                0x00011ed8                vTaskPlaceOnEventListRestricted
 .text.xTaskRemoveFromEventList
                0x00011efc       0x78 ./freertos/src/tasks.o
                0x00011efc                xTaskRemoveFromEventList
 .text.vTaskRemoveFromUnorderedEventList
                0x00011f74       0x58 ./freertos/src/tasks.o
                0x00011f74                vTaskRemoveFromUnorderedEventList
 .text.vTaskInternalSetTimeOutState
                0x00011fcc       0x18 ./freertos/src/tasks.o
                0x00011fcc                vTaskInternalSetTimeOutState
 .text.xTaskCheckForTimeOut
                0x00011fe4       0x5c ./freertos/src/tasks.o
                0x00011fe4                xTaskCheckForTimeOut
 .text.vTaskMissedYield
                0x00012040        0xc ./freertos/src/tasks.o
                0x00012040                vTaskMissedYield
 .text.xTaskGetCurrentTaskHandle
                0x0001204c        0xc ./freertos/src/tasks.o
                0x0001204c                xTaskGetCurrentTaskHandle
 .text.xTaskGetSchedulerState
                0x00012058       0x20 ./freertos/src/tasks.o
                0x00012058                xTaskGetSchedulerState
 .text.xTaskPriorityInherit
                0x00012078       0xac ./freertos/src/tasks.o
                0x00012078                xTaskPriorityInherit
 .text.xTaskPriorityDisinherit
                0x00012124       0x80 ./freertos/src/tasks.o
                0x00012124                xTaskPriorityDisinherit
 .text.vTaskPriorityDisinheritAfterTimeout
                0x000121a4       0x84 ./freertos/src/tasks.o
                0x000121a4                vTaskPriorityDisinheritAfterTimeout
 .text.uxTaskResetEventItemValue
                0x00012228       0x18 ./freertos/src/tasks.o
                0x00012228                uxTaskResetEventItemValue
 .text.pvTaskIncrementMutexHeldCount
                0x00012240       0x1c ./freertos/src/tasks.o
                0x00012240                pvTaskIncrementMutexHeldCount
 .text.prvGetNextExpireTime
                0x0001225c       0x20 ./freertos/src/timers.o
 .text.prvInsertTimerInActiveList
                0x0001227c       0x48 ./freertos/src/timers.o
 .text.prvCheckForValidListAndQueue
                0x000122c4       0x5c ./freertos/src/timers.o
 .text.xTimerCreateTimerTask
                0x00012320       0x3c ./freertos/src/timers.o
                0x00012320                xTimerCreateTimerTask
 .text.xTimerGenericCommand
                0x0001235c       0x58 ./freertos/src/timers.o
                0x0001235c                xTimerGenericCommand
 .text.prvSwitchTimerLists
                0x000123b4       0x68 ./freertos/src/timers.o
 .text.prvSampleTimeNow
                0x0001241c       0x2c ./freertos/src/timers.o
 .text.prvProcessExpiredTimer
                0x00012448       0x58 ./freertos/src/timers.o
 .text.prvProcessTimerOrBlockTask
                0x000124a0       0x74 ./freertos/src/timers.o
 .text.prvProcessReceivedCommands
                0x00012514       0xe4 ./freertos/src/timers.o
 .text.prvTimerTask
                0x000125f8       0x16 ./freertos/src/timers.o
 *fill*         0x0001260e        0x2 ff
 .text.xTimerPendFunctionCallFromISR
                0x00012610       0x28 ./freertos/src/timers.o
                0x00012610                xTimerPendFunctionCallFromISR
 .text._0_Deplacement_Init
                0x00012638       0x10 ./Strategie/Strategie_Level0/Deplacement/0_Deplacements.o
                0x00012638                _0_Deplacement_Init
 .text._0_Deplacement_Get_ptr_Current_Destination
                0x00012648        0x8 ./Strategie/Strategie_Level0/Deplacement/0_Deplacements.o
                0x00012648                _0_Deplacement_Get_ptr_Current_Destination
 .text._0_Deplacement_Wait_For_Arrival
                0x00012650       0xa0 ./Strategie/Strategie_Level0/Deplacement/0_Deplacements.o
                0x00012650                _0_Deplacement_Wait_For_Arrival
 .text.Distance_To_Destination
                0x000126f0       0x4c ./Strategie/Strategie_Level0/Deplacement/0_Deplacements.o
                0x000126f0                Distance_To_Destination
 .text._0_Deplacement_Tourne_Avance
                0x0001273c       0xf0 ./Strategie/Strategie_Level0/Deplacement/0_Deplacements.o
                0x0001273c                _0_Deplacement_Tourne_Avance
 .text._0_Deplacement_Recallage_Bordure
                0x0001282c      0x14c ./Strategie/Strategie_Level0/Deplacement/0_Deplacements.o
                0x0001282c                _0_Deplacement_Recallage_Bordure
 .text._0_Deplacement_STOP
                0x00012978       0x5c ./Strategie/Strategie_Level0/Deplacement/0_Deplacements.o
                0x00012978                _0_Deplacement_STOP
 .text._0_Infos_Init
                0x000129d4       0x20 ./Strategie/Strategie_Level0/0_Infos.o
                0x000129d4                _0_Infos_Init
 .text._0_Update_Card_Datas
                0x000129f4       0x54 ./Strategie/Strategie_Level0/0_Infos.o
                0x000129f4                _0_Update_Card_Datas
 .text._0_Get_Robot_Position
                0x00012a48       0x6c ./Strategie/Strategie_Level0/0_Infos.o
                0x00012a48                _0_Get_Robot_Position
 .text._Strategie_Change_Action_State
                0x00012ab4       0x34 ./Strategie/Strategie_Level0/Strategie_Actions.o
                0x00012ab4                _Strategie_Change_Action_State
 .text._Strategie_Change_Action_Step
                0x00012ae8       0x10 ./Strategie/Strategie_Level0/Strategie_Actions.o
                0x00012ae8                _Strategie_Change_Action_Step
 .text._Strategie_Get_Robot_ID
                0x00012af8       0x10 ./Strategie/Strategie.o
                0x00012af8                _Strategie_Get_Robot_ID
 .text._Strategie_Get_Input_Strategie_Selector
                0x00012b08       0x28 ./Strategie/Strategie.o
                0x00012b08                _Strategie_Get_Input_Strategie_Selector
 .text._Strategie_Get_Chosen_Strategie
                0x00012b30        0xc ./Strategie/Strategie.o
                0x00012b30                _Strategie_Get_Chosen_Strategie
 .text._Strategie_Get_Temps_Match
                0x00012b3c        0xc ./Strategie/Strategie.o
                0x00012b3c                _Strategie_Get_Temps_Match
 .text._Strategie_Get_Jack_Status
                0x00012b48       0x10 ./Strategie/Strategie.o
                0x00012b48                _Strategie_Get_Jack_Status
 .text._Strategie_Get_Color_Status
                0x00012b58       0x10 ./Strategie/Strategie.o
                0x00012b58                _Strategie_Get_Color_Status
 .text._Strategie_Get_Switch_Status
                0x00012b68       0x10 ./Strategie/Strategie.o
                0x00012b68                _Strategie_Get_Switch_Status
 .text._Strategie_Get_User_BP_Status
                0x00012b78       0x10 ./Strategie/Strategie.o
                0x00012b78                _Strategie_Get_User_BP_Status
 .text._Strategie_Get_External_LED_RED_Status
                0x00012b88       0x10 ./Strategie/Strategie.o
                0x00012b88                _Strategie_Get_External_LED_RED_Status
 .text._Strategie_Set_External_LED_RED_Status
                0x00012b98       0x20 ./Strategie/Strategie.o
                0x00012b98                _Strategie_Set_External_LED_RED_Status
 .text._Strategie_Get_External_LED_YELLOW_Status
                0x00012bb8       0x10 ./Strategie/Strategie.o
                0x00012bb8                _Strategie_Get_External_LED_YELLOW_Status
 .text._Strategie_Get_External_LED_GREEN_Status
                0x00012bc8       0x10 ./Strategie/Strategie.o
                0x00012bc8                _Strategie_Get_External_LED_GREEN_Status
 .text._Strategie_Init_Strategie_2021
                0x00012bd8      0x228 ./Strategie/Strategie.o
                0x00012bd8                _Strategie_Init_Strategie_2021
 .text._0_ADC_Init
                0x00012e00       0x34 ./Level_0/Drivers/0_ADC/0_ADC.o
                0x00012e00                _0_ADC_Init
 .text._0_ADC_Read_Channel
                0x00012e34       0x94 ./Level_0/Drivers/0_ADC/0_ADC.o
                0x00012e34                _0_ADC_Read_Channel
 .text._0_RS485_Master_Mode
                0x00012ec8       0x16 ./Communication/RS485/0_RS485.o
                0x00012ec8                _0_RS485_Master_Mode
 .text._0_RS485_Slave_Mode
                0x00012ede       0x16 ./Communication/RS485/0_RS485.o
                0x00012ede                _0_RS485_Slave_Mode
 .text._0_RS485_Init
                0x00012ef4       0x60 ./Communication/RS485/0_RS485.o
                0x00012ef4                _0_RS485_Init
 .text._0_Communication_Init
                0x00012f54       0x5c ./Communication/0_Communication.o
                0x00012f54                _0_Communication_Init
 .text._0_Communication_Init_RS485
                0x00012fb0       0xa0 ./Communication/0_Communication.o
                0x00012fb0                _0_Communication_Init_RS485
 .text._0_Communication_Init_XBEE
                0x00013050       0x9c ./Communication/0_Communication.o
                0x00013050                _0_Communication_Init_XBEE
 .text.UART1_IRQHandler
                0x000130ec       0xb4 ./Communication/0_Communication.o
                0x000130ec                UART1_IRQHandler
 .text.UART2_IRQHandler
                0x000131a0       0xa4 ./Communication/0_Communication.o
                0x000131a0                UART2_IRQHandler
 .text.USB_IRQHandler
                0x00013244        0x2 ./Communication/0_Communication.o
                0x00013244                USB_IRQHandler
 *fill*         0x00013246        0x2 ff
 .text._0_Communication_Send_Data
                0x00013248       0x90 ./Communication/0_Communication.o
                0x00013248                _0_Communication_Send_Data
 .text._0_Communication_Send_RS485
                0x000132d8       0x90 ./Communication/0_Communication.o
                0x000132d8                _0_Communication_Send_RS485
 .text._0_Communication_Send_XBEE
                0x00013368       0x82 ./Communication/0_Communication.o
                0x00013368                _0_Communication_Send_XBEE
 .text.Chip_UART_SendByte
                0x000133ea        0x4 ./Communication/0_Communication.o
 .text.Chip_UART_ReadLineStatus
                0x000133ee        0x4 ./Communication/0_Communication.o
 *fill*         0x000133f2        0x2 ff
 .text._0_Communication_Init_Event_Group
                0x000133f4       0x34 ./Communication/0_Event_Group.o
                0x000133f4                _0_Communication_Init_Event_Group
 .text._1_Communication_Init
                0x00013428       0x28 ./Communication/1_Trame_Communication.o
                0x00013428                _1_Communication_Init
 .text._1_Communication_Create_Queues_Semaphores
                0x00013450       0x14 ./Communication/1_Trame_Communication.o
                0x00013450                _1_Communication_Create_Queues_Semaphores
 .text._1_Communication_Wait_To_Send
                0x00013464       0x28 ./Communication/1_Trame_Communication.o
                0x00013464                _1_Communication_Wait_To_Send
 .text._1_Communication_Free_Send_Bit
                0x0001348c       0x14 ./Communication/1_Trame_Communication.o
                0x0001348c                _1_Communication_Free_Send_Bit
 .text._1_Communication_Wait_To_Receive
                0x000134a0       0x2c ./Communication/1_Trame_Communication.o
                0x000134a0                _1_Communication_Wait_To_Receive
 .text._1_Communication_Free_Receive_Bit
                0x000134cc       0x14 ./Communication/1_Trame_Communication.o
                0x000134cc                _1_Communication_Free_Receive_Bit
 .text._1_Communication_Create_Message
                0x000134e0       0x74 ./Communication/1_Trame_Communication.o
                0x000134e0                _1_Communication_Create_Message
 .text._1_Communication_Create_Trame
                0x00013554       0xdc ./Communication/1_Trame_Communication.o
                0x00013554                _1_Communication_Create_Trame
 .text._1_Communication_WAIT_ACK
                0x00013630       0x58 ./Communication/1_Trame_Communication.o
                0x00013630                _1_Communication_WAIT_ACK
 .text._1_Communication_CLEAR_ACK
                0x00013688       0x24 ./Communication/1_Trame_Communication.o
                0x00013688                _1_Communication_CLEAR_ACK
 .text._1_Communication_Create_Trame_From_Buffer
                0x000136ac      0x294 ./Communication/1_Trame_Communication.o
                0x000136ac                _1_Communication_Create_Trame_From_Buffer
 .text._1_Communication_Check_Rx_Adresse
                0x00013940       0x1a ./Communication/1_Trame_Communication.o
                0x00013940                _1_Communication_Check_Rx_Adresse
 *fill*         0x0001395a        0x2 ff
 .text._1_Communication_Recomposition_Rx
                0x0001395c       0x68 ./Communication/1_Trame_Communication.o
                0x0001395c                _1_Communication_Recomposition_Rx
 .text._2_Comm_Strategie_Init
                0x000139c4       0x14 ./Communication/2_Echange_Data_Strategie.o
                0x000139c4                _2_Comm_Strategie_Init
 .text._2_Comm_Strategie_Send_Action_Creation
                0x000139d8       0xe8 ./Communication/2_Echange_Data_Strategie.o
                0x000139d8                _2_Comm_Strategie_Send_Action_Creation
 .text._2_Comm_Strategie_Send_Action_State_Update
                0x00013ac0       0xe4 ./Communication/2_Echange_Data_Strategie.o
                0x00013ac0                _2_Comm_Strategie_Send_Action_State_Update
 .text._2_Communication_Init
                0x00013ba4       0x14 ./Communication/2_Echange_Datas.o
                0x00013ba4                _2_Communication_Init
 .text._2_Comm_Send_Destination_Robot
                0x00013bb8      0x144 ./Communication/2_Echange_Datas.o
                0x00013bb8                _2_Comm_Send_Destination_Robot
 .text._2_Comm_Send_Demande_Info
                0x00013cfc       0x30 ./Communication/2_Echange_Datas.o
                0x00013cfc                _2_Comm_Send_Demande_Info
 .text._2_Comm_Send_PING
                0x00013d2c       0x58 ./Communication/2_Echange_Datas.o
                0x00013d2c                _2_Comm_Send_PING
 .text._2_Comm_Send_PONG
                0x00013d84       0x88 ./Communication/2_Echange_Datas.o
                0x00013d84                _2_Comm_Send_PONG
 .text._2_Comm_Send_Communication_Status
                0x00013e0c       0x44 ./Communication/2_Echange_Datas.o
                0x00013e0c                _2_Comm_Send_Communication_Status
 .text._2_Comm_Send_Log_Message
                0x00013e50      0x10c ./Communication/2_Echange_Datas.o
                0x00013e50                _2_Comm_Send_Log_Message
 .text._2_Communication_Boards_Status
                0x00013f5c       0x9c ./Communication/2_Echange_Datas.o
                0x00013f5c                _2_Communication_Boards_Status
 .text._2_Comm_Check_Presence_Cartes
                0x00013ff8       0x4c ./Communication/2_Echange_Datas.o
                0x00013ff8                _2_Comm_Check_Presence_Cartes
 .text._2_Comm_Robot_ID
                0x00014044       0x44 ./Communication/2_Echange_Datas.o
                0x00014044                _2_Comm_Robot_ID
 .text._2_Comm_Demande_Simulation
                0x00014088       0x6c ./Communication/2_Echange_Datas.o
                0x00014088                _2_Comm_Demande_Simulation
 .text._2_Comm_Demande_Motor_Power
                0x000140f4       0x54 ./Communication/2_Echange_Datas.o
                0x000140f4                _2_Comm_Demande_Motor_Power
 .text._2_Comm_Set_Robot_Position
                0x00014148       0xc4 ./Communication/2_Echange_Datas.o
                0x00014148                _2_Comm_Set_Robot_Position
 .text._2_Comm_Send_Robot_Speed
                0x0001420c       0xb8 ./Communication/2_Echange_Datas.o
                0x0001420c                _2_Comm_Send_Robot_Speed
 .text._2_Comm_Send_Info_Carte_IA
                0x000142c4       0xec ./Communication/2_Echange_Datas.o
                0x000142c4                _2_Comm_Send_Info_Carte_IA
 .text._2_Comm_Send_Robot_PID
                0x000143b0       0x78 ./Communication/2_Echange_Datas.o
                0x000143b0                _2_Comm_Send_Robot_PID
 .text._2_Communication_RX_Init
                0x00014428        0x2 ./Communication/2_Echange_Datas_Reception.o
                0x00014428                _2_Communication_RX_Init
 *fill*         0x0001442a        0x2 ff
 .text._2_Communication_Interprete_message
                0x0001442c       0x54 ./Communication/2_Echange_Datas_Reception.o
                0x0001442c                _2_Communication_Interprete_message
 .text._2_Communication_RX_ACK
                0x00014480       0x3c ./Communication/2_Echange_Datas_Reception.o
                0x00014480                _2_Communication_RX_ACK
 .text._2_Communication_RX_Reponse_Infos
                0x000144bc       0x1a ./Communication/2_Echange_Datas_Reception.o
                0x000144bc                _2_Communication_RX_Reponse_Infos
 *fill*         0x000144d6        0x2 ff
 .text._2_Comm_RX_PONG
                0x000144d8       0x28 ./Communication/2_Echange_Datas_Reception.o
                0x000144d8                _2_Comm_RX_PONG
 .text.setStartMode
                0x00014500        0xe D:\Developpement_Robot\Robotic-System\trunk\Workspaces\MultiWorkSpaces_2021\0_lpc_chip_175x_6x\Release\lib0_lpc_chip_175x_6x.a(adc_17xx_40xx.o)
                0x00014500                setStartMode
 *fill*         0x0001450e        0x2 ff
 .text.Chip_ADC_Init
                0x00014510       0x48 D:\Developpement_Robot\Robotic-System\trunk\Workspaces\MultiWorkSpaces_2021\0_lpc_chip_175x_6x\Release\lib0_lpc_chip_175x_6x.a(adc_17xx_40xx.o)
                0x00014510                Chip_ADC_Init
 .text.Chip_ADC_ReadValue
                0x00014558       0x16 D:\Developpement_Robot\Robotic-System\trunk\Workspaces\MultiWorkSpaces_2021\0_lpc_chip_175x_6x\Release\lib0_lpc_chip_175x_6x.a(adc_17xx_40xx.o)
                0x00014558                Chip_ADC_ReadValue
 .text.Chip_ADC_ReadStatus
                0x0001456e       0x2c D:\Developpement_Robot\Robotic-System\trunk\Workspaces\MultiWorkSpaces_2021\0_lpc_chip_175x_6x\Release\lib0_lpc_chip_175x_6x.a(adc_17xx_40xx.o)
                0x0001456e                Chip_ADC_ReadStatus
 .text.Chip_ADC_SetStartMode
                0x0001459a       0x18 D:\Developpement_Robot\Robotic-System\trunk\Workspaces\MultiWorkSpaces_2021\0_lpc_chip_175x_6x\Release\lib0_lpc_chip_175x_6x.a(adc_17xx_40xx.o)
                0x0001459a                Chip_ADC_SetStartMode
 .text.Chip_ADC_EnableChannel
                0x000145b2       0x20 D:\Developpement_Robot\Robotic-System\trunk\Workspaces\MultiWorkSpaces_2021\0_lpc_chip_175x_6x\Release\lib0_lpc_chip_175x_6x.a(adc_17xx_40xx.o)
                0x000145b2                Chip_ADC_EnableChannel
 .text.Chip_ADC_SetBurstCmd
                0x000145d2       0x1a D:\Developpement_Robot\Robotic-System\trunk\Workspaces\MultiWorkSpaces_2021\0_lpc_chip_175x_6x\Release\lib0_lpc_chip_175x_6x.a(adc_17xx_40xx.o)
                0x000145d2                Chip_ADC_SetBurstCmd
 .text.SystemCoreClockUpdate
                0x000145ec       0x10 D:\Developpement_Robot\Robotic-System\trunk\Workspaces\MultiWorkSpaces_2021\0_lpc_chip_175x_6x\Release\lib0_lpc_chip_175x_6x.a(chip_17xx_40xx.o)
                0x000145ec                SystemCoreClockUpdate
 .text.Chip_Clock_EnablePLL
                0x000145fc       0x24 D:\Developpement_Robot\Robotic-System\trunk\Workspaces\MultiWorkSpaces_2021\0_lpc_chip_175x_6x\Release\lib0_lpc_chip_175x_6x.a(clock_17xx_40xx.o)
                0x000145fc                Chip_Clock_EnablePLL
 .text.Chip_Clock_DisablePLL
                0x00014620       0x26 D:\Developpement_Robot\Robotic-System\trunk\Workspaces\MultiWorkSpaces_2021\0_lpc_chip_175x_6x\Release\lib0_lpc_chip_175x_6x.a(clock_17xx_40xx.o)
                0x00014620                Chip_Clock_DisablePLL
 .text.Chip_Clock_SetupPLL
                0x00014646       0x30 D:\Developpement_Robot\Robotic-System\trunk\Workspaces\MultiWorkSpaces_2021\0_lpc_chip_175x_6x\Release\lib0_lpc_chip_175x_6x.a(clock_17xx_40xx.o)
                0x00014646                Chip_Clock_SetupPLL
 *fill*         0x00014676        0x2 ff
 .text.Chip_Clock_EnablePeriphClock
                0x00014678       0x18 D:\Developpement_Robot\Robotic-System\trunk\Workspaces\MultiWorkSpaces_2021\0_lpc_chip_175x_6x\Release\lib0_lpc_chip_175x_6x.a(clock_17xx_40xx.o)
                0x00014678                Chip_Clock_EnablePeriphClock
 .text.Chip_Clock_GetCPUClockSource
                0x00014690       0x10 D:\Developpement_Robot\Robotic-System\trunk\Workspaces\MultiWorkSpaces_2021\0_lpc_chip_175x_6x\Release\lib0_lpc_chip_175x_6x.a(clock_17xx_40xx.o)
                0x00014690                Chip_Clock_GetCPUClockSource
 .text.Chip_Clock_SetCPUClockDiv
                0x000146a0        0xc D:\Developpement_Robot\Robotic-System\trunk\Workspaces\MultiWorkSpaces_2021\0_lpc_chip_175x_6x\Release\lib0_lpc_chip_175x_6x.a(clock_17xx_40xx.o)
                0x000146a0                Chip_Clock_SetCPUClockDiv
 .text.Chip_Clock_GetCPUClockDiv
                0x000146ac       0x10 D:\Developpement_Robot\Robotic-System\trunk\Workspaces\MultiWorkSpaces_2021\0_lpc_chip_175x_6x\Release\lib0_lpc_chip_175x_6x.a(clock_17xx_40xx.o)
                0x000146ac                Chip_Clock_GetCPUClockDiv
 .text.Chip_Clock_SetPCLKDiv
                0x000146bc       0x2a D:\Developpement_Robot\Robotic-System\trunk\Workspaces\MultiWorkSpaces_2021\0_lpc_chip_175x_6x\Release\lib0_lpc_chip_175x_6x.a(clock_17xx_40xx.o)
                0x000146bc                Chip_Clock_SetPCLKDiv
 *fill*         0x000146e6        0x2 ff
 .text.Chip_Clock_GetPCLKDiv
                0x000146e8       0x38 D:\Developpement_Robot\Robotic-System\trunk\Workspaces\MultiWorkSpaces_2021\0_lpc_chip_175x_6x\Release\lib0_lpc_chip_175x_6x.a(clock_17xx_40xx.o)
                0x000146e8                Chip_Clock_GetPCLKDiv
 .text.Chip_Clock_GetSYSCLKRate
                0x00014720       0x38 D:\Developpement_Robot\Robotic-System\trunk\Workspaces\MultiWorkSpaces_2021\0_lpc_chip_175x_6x\Release\lib0_lpc_chip_175x_6x.a(clock_17xx_40xx.o)
                0x00014720                Chip_Clock_GetSYSCLKRate
 .text.Chip_Clock_GetMainPLLOutClockRate
                0x00014758       0x34 D:\Developpement_Robot\Robotic-System\trunk\Workspaces\MultiWorkSpaces_2021\0_lpc_chip_175x_6x\Release\lib0_lpc_chip_175x_6x.a(clock_17xx_40xx.o)
                0x00014758                Chip_Clock_GetMainPLLOutClockRate
 .text.Chip_Clock_GetMainClockRate
                0x0001478c       0x20 D:\Developpement_Robot\Robotic-System\trunk\Workspaces\MultiWorkSpaces_2021\0_lpc_chip_175x_6x\Release\lib0_lpc_chip_175x_6x.a(clock_17xx_40xx.o)
                0x0001478c                Chip_Clock_GetMainClockRate
 .text.Chip_Clock_GetSystemClockRate
                0x000147ac       0x12 D:\Developpement_Robot\Robotic-System\trunk\Workspaces\MultiWorkSpaces_2021\0_lpc_chip_175x_6x\Release\lib0_lpc_chip_175x_6x.a(clock_17xx_40xx.o)
                0x000147ac                Chip_Clock_GetSystemClockRate
 .text.Chip_Clock_GetPeripheralClockRate
                0x000147be       0x16 D:\Developpement_Robot\Robotic-System\trunk\Workspaces\MultiWorkSpaces_2021\0_lpc_chip_175x_6x\Release\lib0_lpc_chip_175x_6x.a(clock_17xx_40xx.o)
                0x000147be                Chip_Clock_GetPeripheralClockRate
 .text.RingBuffer_Init
                0x000147d4       0x10 D:\Developpement_Robot\Robotic-System\trunk\Workspaces\MultiWorkSpaces_2021\0_lpc_chip_175x_6x\Release\lib0_lpc_chip_175x_6x.a(ring_buffer.o)
                0x000147d4                RingBuffer_Init
 .text.RingBuffer_Insert
                0x000147e4       0x30 D:\Developpement_Robot\Robotic-System\trunk\Workspaces\MultiWorkSpaces_2021\0_lpc_chip_175x_6x\Release\lib0_lpc_chip_175x_6x.a(ring_buffer.o)
                0x000147e4                RingBuffer_Insert
 .text.RingBuffer_InsertMult
                0x00014814       0x88 D:\Developpement_Robot\Robotic-System\trunk\Workspaces\MultiWorkSpaces_2021\0_lpc_chip_175x_6x\Release\lib0_lpc_chip_175x_6x.a(ring_buffer.o)
                0x00014814                RingBuffer_InsertMult
 .text.RingBuffer_Pop
                0x0001489c       0x30 D:\Developpement_Robot\Robotic-System\trunk\Workspaces\MultiWorkSpaces_2021\0_lpc_chip_175x_6x\Release\lib0_lpc_chip_175x_6x.a(ring_buffer.o)
                0x0001489c                RingBuffer_Pop
 .text.RingBuffer_PopMult
                0x000148cc       0x7c D:\Developpement_Robot\Robotic-System\trunk\Workspaces\MultiWorkSpaces_2021\0_lpc_chip_175x_6x\Release\lib0_lpc_chip_175x_6x.a(ring_buffer.o)
                0x000148cc                RingBuffer_PopMult
 .text.RingBuffer_Count
                0x00014948        0x8 D:\Developpement_Robot\Robotic-System\trunk\Workspaces\MultiWorkSpaces_2021\0_lpc_chip_175x_6x\Release\lib0_lpc_chip_175x_6x.a(ring_buffer.o)
                0x00014948                RingBuffer_Count
 .text.Chip_SetupIrcClocking
                0x00014950       0x64 D:\Developpement_Robot\Robotic-System\trunk\Workspaces\MultiWorkSpaces_2021\0_lpc_chip_175x_6x\Release\lib0_lpc_chip_175x_6x.a(sysinit_17xx_40xx.o)
                0x00014950                Chip_SetupIrcClocking
 .text.Chip_SetupXtalClocking
                0x000149b4       0xdc D:\Developpement_Robot\Robotic-System\trunk\Workspaces\MultiWorkSpaces_2021\0_lpc_chip_175x_6x\Release\lib0_lpc_chip_175x_6x.a(sysinit_17xx_40xx.o)
                0x000149b4                Chip_SetupXtalClocking
 .text.Chip_SystemInit
                0x00014a90        0x4 D:\Developpement_Robot\Robotic-System\trunk\Workspaces\MultiWorkSpaces_2021\0_lpc_chip_175x_6x\Release\lib0_lpc_chip_175x_6x.a(sysinit_17xx_40xx.o)
                0x00014a90                Chip_SystemInit
 .text.Chip_TIMER_Init
                0x00014a94       0x2c D:\Developpement_Robot\Robotic-System\trunk\Workspaces\MultiWorkSpaces_2021\0_lpc_chip_175x_6x\Release\lib0_lpc_chip_175x_6x.a(timer_17xx_40xx.o)
                0x00014a94                Chip_TIMER_Init
 .text.Chip_UART_GetClockIndex
                0x00014ac0       0x28 D:\Developpement_Robot\Robotic-System\trunk\Workspaces\MultiWorkSpaces_2021\0_lpc_chip_175x_6x\Release\lib0_lpc_chip_175x_6x.a(uart_17xx_40xx.o)
 .text.Chip_UART_Init
                0x00014ae8       0x44 D:\Developpement_Robot\Robotic-System\trunk\Workspaces\MultiWorkSpaces_2021\0_lpc_chip_175x_6x\Release\lib0_lpc_chip_175x_6x.a(uart_17xx_40xx.o)
                0x00014ae8                Chip_UART_Init
 .text.Chip_UART_TXEnable
                0x00014b2c        0x6 D:\Developpement_Robot\Robotic-System\trunk\Workspaces\MultiWorkSpaces_2021\0_lpc_chip_175x_6x\Release\lib0_lpc_chip_175x_6x.a(uart_17xx_40xx.o)
                0x00014b2c                Chip_UART_TXEnable
 .text.Chip_UART_SetBaud
                0x00014b32       0x34 D:\Developpement_Robot\Robotic-System\trunk\Workspaces\MultiWorkSpaces_2021\0_lpc_chip_175x_6x\Release\lib0_lpc_chip_175x_6x.a(uart_17xx_40xx.o)
                0x00014b32                Chip_UART_SetBaud
 .text.Chip_UART_RXIntHandlerRB
                0x00014b66       0x22 D:\Developpement_Robot\Robotic-System\trunk\Workspaces\MultiWorkSpaces_2021\0_lpc_chip_175x_6x\Release\lib0_lpc_chip_175x_6x.a(uart_17xx_40xx.o)
                0x00014b66                Chip_UART_RXIntHandlerRB
 .text.Chip_UART_TXIntHandlerRB
                0x00014b88       0x24 D:\Developpement_Robot\Robotic-System\trunk\Workspaces\MultiWorkSpaces_2021\0_lpc_chip_175x_6x\Release\lib0_lpc_chip_175x_6x.a(uart_17xx_40xx.o)
                0x00014b88                Chip_UART_TXIntHandlerRB
 .text.Chip_UART_IRQRBHandler
                0x00014bac       0x68 D:\Developpement_Robot\Robotic-System\trunk\Workspaces\MultiWorkSpaces_2021\0_lpc_chip_175x_6x\Release\lib0_lpc_chip_175x_6x.a(uart_17xx_40xx.o)
                0x00014bac                Chip_UART_IRQRBHandler
 .text.Set_Clock_in
                0x00014c14        0xc D:\Developpement_Robot\Robotic-System\trunk\Workspaces\MultiWorkSpaces_2021\0_lpc_board_nxp_lpcxpresso_1769\Release\lib0_lpc_board_nxp_lpcxpresso_1769.a(board.o)
                0x00014c14                Set_Clock_in
 .text.Board_Init
                0x00014c20       0x12 D:\Developpement_Robot\Robotic-System\trunk\Workspaces\MultiWorkSpaces_2021\0_lpc_board_nxp_lpcxpresso_1769\Release\lib0_lpc_board_nxp_lpcxpresso_1769.a(board.o)
                0x00014c20                Board_Init
 *fill*         0x00014c32        0x2 ff
 .text          0x00014c34      0x378 c:/nxp/mcuxpressoide_11.2.1_4149/ide/plugins/com.nxp.mcuxpresso.tools.win32_11.2.0.202008311134/tools/bin/../lib/gcc/arm-none-eabi/9.2.1/thumb/v7-m/nofp\libgcc.a(_arm_addsubdf3.o)
                0x00014c34                __aeabi_drsub
                0x00014c3c                __aeabi_dsub
                0x00014c3c                __subdf3
                0x00014c40                __aeabi_dadd
                0x00014c40                __adddf3
                0x00014eb8                __floatunsidf
                0x00014eb8                __aeabi_ui2d
                0x00014ed8                __floatsidf
                0x00014ed8                __aeabi_i2d
                0x00014efc                __aeabi_f2d
                0x00014efc                __extendsfdf2
                0x00014f40                __floatundidf
                0x00014f40                __aeabi_ul2d
                0x00014f50                __floatdidf
                0x00014f50                __aeabi_l2d
 .text          0x00014fac      0x21c c:/nxp/mcuxpressoide_11.2.1_4149/ide/plugins/com.nxp.mcuxpresso.tools.win32_11.2.0.202008311134/tools/bin/../lib/gcc/arm-none-eabi/9.2.1/thumb/v7-m/nofp\libgcc.a(_arm_addsubsf3.o)
                0x00014fac                __aeabi_frsub
                0x00014fb4                __subsf3
                0x00014fb4                __aeabi_fsub
                0x00014fb8                __aeabi_fadd
                0x00014fb8                __addsf3
                0x00015118                __aeabi_ui2f
                0x00015118                __floatunsisf
                0x00015120                __aeabi_i2f
                0x00015120                __floatsisf
                0x0001513c                __aeabi_ul2f
                0x0001513c                __floatundisf
                0x0001514c                __aeabi_l2f
                0x0001514c                __floatdisf
 .text          0x000151c8      0x2a0 c:/nxp/mcuxpressoide_11.2.1_4149/ide/plugins/com.nxp.mcuxpresso.tools.win32_11.2.0.202008311134/tools/bin/../lib/gcc/arm-none-eabi/9.2.1/thumb/v7-m/nofp\libgcc.a(_arm_muldivsf3.o)
                0x000151c8                __mulsf3
                0x000151c8                __aeabi_fmul
                0x00015330                __aeabi_fdiv
                0x00015330                __divsf3
 .text          0x00015468       0xec c:/nxp/mcuxpressoide_11.2.1_4149/ide/plugins/com.nxp.mcuxpresso.tools.win32_11.2.0.202008311134/tools/bin/../lib/gcc/arm-none-eabi/9.2.1/thumb/v7-m/nofp\libgcc.a(_arm_cmpsf2.o)
                0x00015468                __gesf2
                0x00015468                __gtsf2
                0x00015470                __lesf2
                0x00015470                __ltsf2
                0x00015478                __nesf2
                0x00015478                __eqsf2
                0x00015478                __cmpsf2
                0x000154d8                __aeabi_cfrcmple
                0x000154e0                __aeabi_cfcmpeq
                0x000154e0                __aeabi_cfcmple
                0x000154f0                __aeabi_fcmpeq
                0x00015504                __aeabi_fcmplt
                0x00015518                __aeabi_fcmple
                0x0001552c                __aeabi_fcmpge
                0x00015540                __aeabi_fcmpgt
 .text          0x00015554       0x4c c:/nxp/mcuxpressoide_11.2.1_4149/ide/plugins/com.nxp.mcuxpresso.tools.win32_11.2.0.202008311134/tools/bin/../lib/gcc/arm-none-eabi/9.2.1/thumb/v7-m/nofp\libgcc.a(_arm_fixsfsi.o)
                0x00015554                __aeabi_f2iz
                0x00015554                __fixsfsi
 .text          0x000155a0       0x40 c:/nxp/mcuxpressoide_11.2.1_4149/ide/plugins/com.nxp.mcuxpresso.tools.win32_11.2.0.202008311134/tools/bin/../lib/gcc/arm-none-eabi/9.2.1/thumb/v7-m/nofp\libgcc.a(_arm_fixunssfsi.o)
                0x000155a0                __fixunssfsi
                0x000155a0                __aeabi_f2uiz
 .text.memcpy   0x000155e0       0x1c c:/nxp/mcuxpressoide_11.2.1_4149/ide/plugins/com.nxp.mcuxpresso.tools.win32_11.2.0.202008311134/tools/bin/../lib/gcc/arm-none-eabi/9.2.1/../../../../arm-none-eabi/lib/thumb/v7-m/nofp\libc_nano.a(lib_a-memcpy-stub.o)
                0x000155e0                memcpy
 .text.memset   0x000155fc       0x10 c:/nxp/mcuxpressoide_11.2.1_4149/ide/plugins/com.nxp.mcuxpresso.tools.win32_11.2.0.202008311134/tools/bin/../lib/gcc/arm-none-eabi/9.2.1/../../../../arm-none-eabi/lib/thumb/v7-m/nofp\libc_nano.a(lib_a-memset.o)
                0x000155fc                memset
 .text.__cvt    0x0001560c       0xbe c:/nxp/mcuxpressoide_11.2.1_4149/ide/plugins/com.nxp.mcuxpresso.tools.win32_11.2.0.202008311134/tools/bin/../lib/gcc/arm-none-eabi/9.2.1/../../../../arm-none-eabi/lib/thumb/v7-m/nofp\libc_nano.a(lib_a-nano-vfprintf_float.o)
                0x0001560c                __cvt
 .text.__exponent
                0x000156ca       0x7c c:/nxp/mcuxpressoide_11.2.1_4149/ide/plugins/com.nxp.mcuxpresso.tools.win32_11.2.0.202008311134/tools/bin/../lib/gcc/arm-none-eabi/9.2.1/../../../../arm-none-eabi/lib/thumb/v7-m/nofp\libc_nano.a(lib_a-nano-vfprintf_float.o)
                0x000156ca                __exponent
 *fill*         0x00015746        0x2 ff
 .text._printf_float
                0x00015748      0x458 c:/nxp/mcuxpressoide_11.2.1_4149/ide/plugins/com.nxp.mcuxpresso.tools.win32_11.2.0.202008311134/tools/bin/../lib/gcc/arm-none-eabi/9.2.1/../../../../arm-none-eabi/lib/thumb/v7-m/nofp\libc_nano.a(lib_a-nano-vfprintf_float.o)
                0x00015748                _printf_float
 .text._printf_common
                0x00015ba0       0xde c:/nxp/mcuxpressoide_11.2.1_4149/ide/plugins/com.nxp.mcuxpresso.tools.win32_11.2.0.202008311134/tools/bin/../lib/gcc/arm-none-eabi/9.2.1/../../../../arm-none-eabi/lib/thumb/v7-m/nofp\libc_nano.a(lib_a-nano-vfprintf_i.o)
                0x00015ba0                _printf_common
 *fill*         0x00015c7e        0x2 ff
 .text._printf_i
                0x00015c80      0x24c c:/nxp/mcuxpressoide_11.2.1_4149/ide/plugins/com.nxp.mcuxpresso.tools.win32_11.2.0.202008311134/tools/bin/../lib/gcc/arm-none-eabi/9.2.1/../../../../arm-none-eabi/lib/thumb/v7-m/nofp\libc_nano.a(lib_a-nano-vfprintf_i.o)
                0x00015c80                _printf_i
 .text.sprintf  0x00015ecc       0x40 c:/nxp/mcuxpressoide_11.2.1_4149/ide/plugins/com.nxp.mcuxpresso.tools.win32_11.2.0.202008311134/tools/bin/../lib/gcc/arm-none-eabi/9.2.1/../../../../arm-none-eabi/lib/thumb/v7-m/nofp\libc_nano.a(lib_a-sprintf.o)
                0x00015ecc                siprintf
                0x00015ecc                sprintf
 .text          0x00015f0c       0x10 c:/nxp/mcuxpressoide_11.2.1_4149/ide/plugins/com.nxp.mcuxpresso.tools.win32_11.2.0.202008311134/tools/bin/../lib/gcc/arm-none-eabi/9.2.1/../../../../arm-none-eabi/lib/thumb/v7-m/nofp\libc_nano.a(lib_a-strlen.o)
                0x00015f0c                strlen
 .text.quorem   0x00015f1c      0x11a c:/nxp/mcuxpressoide_11.2.1_4149/ide/plugins/com.nxp.mcuxpresso.tools.win32_11.2.0.202008311134/tools/bin/../lib/gcc/arm-none-eabi/9.2.1/../../../../arm-none-eabi/lib/thumb/v7-m/nofp\libc_nano.a(lib_a-dtoa.o)
 *fill*         0x00016036        0x2 ff
 .text._dtoa_r  0x00016038      0xba4 c:/nxp/mcuxpressoide_11.2.1_4149/ide/plugins/com.nxp.mcuxpresso.tools.win32_11.2.0.202008311134/tools/bin/../lib/gcc/arm-none-eabi/9.2.1/../../../../arm-none-eabi/lib/thumb/v7-m/nofp\libc_nano.a(lib_a-dtoa.o)
                0x00016038                _dtoa_r
 .text._localeconv_r
                0x00016bdc        0x8 c:/nxp/mcuxpressoide_11.2.1_4149/ide/plugins/com.nxp.mcuxpresso.tools.win32_11.2.0.202008311134/tools/bin/../lib/gcc/arm-none-eabi/9.2.1/../../../../arm-none-eabi/lib/thumb/v7-m/nofp\libc_nano.a(lib_a-localeconv.o)
                0x00016bdc                _localeconv_r
 .text.malloc   0x00016be4       0x10 c:/nxp/mcuxpressoide_11.2.1_4149/ide/plugins/com.nxp.mcuxpresso.tools.win32_11.2.0.202008311134/tools/bin/../lib/gcc/arm-none-eabi/9.2.1/../../../../arm-none-eabi/lib/thumb/v7-m/nofp\libc_nano.a(lib_a-malloc.o)
                0x00016be4                malloc
 .text.memchr   0x00016bf4       0x1c c:/nxp/mcuxpressoide_11.2.1_4149/ide/plugins/com.nxp.mcuxpresso.tools.win32_11.2.0.202008311134/tools/bin/../lib/gcc/arm-none-eabi/9.2.1/../../../../arm-none-eabi/lib/thumb/v7-m/nofp\libc_nano.a(lib_a-memchr-stub.o)
                0x00016bf4                memchr
 .text._Balloc  0x00016c10       0x68 c:/nxp/mcuxpressoide_11.2.1_4149/ide/plugins/com.nxp.mcuxpresso.tools.win32_11.2.0.202008311134/tools/bin/../lib/gcc/arm-none-eabi/9.2.1/../../../../arm-none-eabi/lib/thumb/v7-m/nofp\libc_nano.a(lib_a-mprec.o)
                0x00016c10                _Balloc
 .text._Bfree   0x00016c78       0x2e c:/nxp/mcuxpressoide_11.2.1_4149/ide/plugins/com.nxp.mcuxpresso.tools.win32_11.2.0.202008311134/tools/bin/../lib/gcc/arm-none-eabi/9.2.1/../../../../arm-none-eabi/lib/thumb/v7-m/nofp\libc_nano.a(lib_a-mprec.o)
                0x00016c78                _Bfree
 .text.__multadd
                0x00016ca6       0x7c c:/nxp/mcuxpressoide_11.2.1_4149/ide/plugins/com.nxp.mcuxpresso.tools.win32_11.2.0.202008311134/tools/bin/../lib/gcc/arm-none-eabi/9.2.1/../../../../arm-none-eabi/lib/thumb/v7-m/nofp\libc_nano.a(lib_a-mprec.o)
                0x00016ca6                __multadd
 .text.__hi0bits
                0x00016d22       0x40 c:/nxp/mcuxpressoide_11.2.1_4149/ide/plugins/com.nxp.mcuxpresso.tools.win32_11.2.0.202008311134/tools/bin/../lib/gcc/arm-none-eabi/9.2.1/../../../../arm-none-eabi/lib/thumb/v7-m/nofp\libc_nano.a(lib_a-mprec.o)
                0x00016d22                __hi0bits
 .text.__lo0bits
                0x00016d62       0x5c c:/nxp/mcuxpressoide_11.2.1_4149/ide/plugins/com.nxp.mcuxpresso.tools.win32_11.2.0.202008311134/tools/bin/../lib/gcc/arm-none-eabi/9.2.1/../../../../arm-none-eabi/lib/thumb/v7-m/nofp\libc_nano.a(lib_a-mprec.o)
                0x00016d62                __lo0bits
 .text.__i2b    0x00016dbe       0x12 c:/nxp/mcuxpressoide_11.2.1_4149/ide/plugins/com.nxp.mcuxpresso.tools.win32_11.2.0.202008311134/tools/bin/../lib/gcc/arm-none-eabi/9.2.1/../../../../arm-none-eabi/lib/thumb/v7-m/nofp\libc_nano.a(lib_a-mprec.o)
                0x00016dbe                __i2b
 .text.__multiply
                0x00016dd0      0x136 c:/nxp/mcuxpressoide_11.2.1_4149/ide/plugins/com.nxp.mcuxpresso.tools.win32_11.2.0.202008311134/tools/bin/../lib/gcc/arm-none-eabi/9.2.1/../../../../arm-none-eabi/lib/thumb/v7-m/nofp\libc_nano.a(lib_a-mprec.o)
                0x00016dd0                __multiply
 *fill*         0x00016f06        0x2 ff
 .text.__pow5mult
                0x00016f08       0x9c c:/nxp/mcuxpressoide_11.2.1_4149/ide/plugins/com.nxp.mcuxpresso.tools.win32_11.2.0.202008311134/tools/bin/../lib/gcc/arm-none-eabi/9.2.1/../../../../arm-none-eabi/lib/thumb/v7-m/nofp\libc_nano.a(lib_a-mprec.o)
                0x00016f08                __pow5mult
 .text.__lshift
                0x00016fa4       0xbe c:/nxp/mcuxpressoide_11.2.1_4149/ide/plugins/com.nxp.mcuxpresso.tools.win32_11.2.0.202008311134/tools/bin/../lib/gcc/arm-none-eabi/9.2.1/../../../../arm-none-eabi/lib/thumb/v7-m/nofp\libc_nano.a(lib_a-mprec.o)
                0x00016fa4                __lshift
 .text.__mcmp   0x00017062       0x36 c:/nxp/mcuxpressoide_11.2.1_4149/ide/plugins/com.nxp.mcuxpresso.tools.win32_11.2.0.202008311134/tools/bin/../lib/gcc/arm-none-eabi/9.2.1/../../../../arm-none-eabi/lib/thumb/v7-m/nofp\libc_nano.a(lib_a-mprec.o)
                0x00017062                __mcmp
 .text.__mdiff  0x00017098       0xf8 c:/nxp/mcuxpressoide_11.2.1_4149/ide/plugins/com.nxp.mcuxpresso.tools.win32_11.2.0.202008311134/tools/bin/../lib/gcc/arm-none-eabi/9.2.1/../../../../arm-none-eabi/lib/thumb/v7-m/nofp\libc_nano.a(lib_a-mprec.o)
                0x00017098                __mdiff
 .text.__d2b    0x00017190       0x9e c:/nxp/mcuxpressoide_11.2.1_4149/ide/plugins/com.nxp.mcuxpresso.tools.win32_11.2.0.202008311134/tools/bin/../lib/gcc/arm-none-eabi/9.2.1/../../../../arm-none-eabi/lib/thumb/v7-m/nofp\libc_nano.a(lib_a-mprec.o)
                0x00017190                __d2b
 .text._calloc_r
                0x0001722e       0x1c c:/nxp/mcuxpressoide_11.2.1_4149/ide/plugins/com.nxp.mcuxpresso.tools.win32_11.2.0.202008311134/tools/bin/../lib/gcc/arm-none-eabi/9.2.1/../../../../arm-none-eabi/lib/thumb/v7-m/nofp\libc_nano.a(lib_a-nano-callocr.o)
                0x0001722e                _calloc_r
 *fill*         0x0001724a        0x2 ff
 .text._free_r  0x0001724c       0x98 c:/nxp/mcuxpressoide_11.2.1_4149/ide/plugins/com.nxp.mcuxpresso.tools.win32_11.2.0.202008311134/tools/bin/../lib/gcc/arm-none-eabi/9.2.1/../../../../arm-none-eabi/lib/thumb/v7-m/nofp\libc_nano.a(lib_a-nano-freer.o)
                0x0001724c                _free_r
 .text._malloc_r
                0x000172e4       0xb4 c:/nxp/mcuxpressoide_11.2.1_4149/ide/plugins/com.nxp.mcuxpresso.tools.win32_11.2.0.202008311134/tools/bin/../lib/gcc/arm-none-eabi/9.2.1/../../../../arm-none-eabi/lib/thumb/v7-m/nofp\libc_nano.a(lib_a-nano-mallocr.o)
                0x000172e4                _malloc_r
 .text.__ssputs_r
                0x00017398       0xb6 c:/nxp/mcuxpressoide_11.2.1_4149/ide/plugins/com.nxp.mcuxpresso.tools.win32_11.2.0.202008311134/tools/bin/../lib/gcc/arm-none-eabi/9.2.1/../../../../arm-none-eabi/lib/thumb/v7-m/nofp\libc_nano.a(lib_a-nano-svfprintf.o)
                0x00017398                __ssputs_r
 *fill*         0x0001744e        0x2 ff
 .text._svfprintf_r
                0x00017450      0x200 c:/nxp/mcuxpressoide_11.2.1_4149/ide/plugins/com.nxp.mcuxpresso.tools.win32_11.2.0.202008311134/tools/bin/../lib/gcc/arm-none-eabi/9.2.1/../../../../arm-none-eabi/lib/thumb/v7-m/nofp\libc_nano.a(lib_a-nano-svfprintf.o)
                0x00017450                _svfiprintf_r
                0x00017450                _svfprintf_r
 .text._sbrk_r  0x00017650       0x20 c:/nxp/mcuxpressoide_11.2.1_4149/ide/plugins/com.nxp.mcuxpresso.tools.win32_11.2.0.202008311134/tools/bin/../lib/gcc/arm-none-eabi/9.2.1/../../../../arm-none-eabi/lib/thumb/v7-m/nofp\libc_nano.a(lib_a-sbrkr.o)
                0x00017650                _sbrk_r
 .text.__ascii_mbtowc
                0x00017670       0x24 c:/nxp/mcuxpressoide_11.2.1_4149/ide/plugins/com.nxp.mcuxpresso.tools.win32_11.2.0.202008311134/tools/bin/../lib/gcc/arm-none-eabi/9.2.1/../../../../arm-none-eabi/lib/thumb/v7-m/nofp\libc_nano.a(lib_a-mbtowc_r.o)
                0x00017670                __ascii_mbtowc
 .text.memmove  0x00017694       0x34 c:/nxp/mcuxpressoide_11.2.1_4149/ide/plugins/com.nxp.mcuxpresso.tools.win32_11.2.0.202008311134/tools/bin/../lib/gcc/arm-none-eabi/9.2.1/../../../../arm-none-eabi/lib/thumb/v7-m/nofp\libc_nano.a(lib_a-memmove.o)
                0x00017694                memmove
 .text.__malloc_lock
                0x000176c8        0xc c:/nxp/mcuxpressoide_11.2.1_4149/ide/plugins/com.nxp.mcuxpresso.tools.win32_11.2.0.202008311134/tools/bin/../lib/gcc/arm-none-eabi/9.2.1/../../../../arm-none-eabi/lib/thumb/v7-m/nofp\libc_nano.a(lib_a-mlock.o)
                0x000176c8                __malloc_lock
 .text.__malloc_unlock
                0x000176d4        0xc c:/nxp/mcuxpressoide_11.2.1_4149/ide/plugins/com.nxp.mcuxpresso.tools.win32_11.2.0.202008311134/tools/bin/../lib/gcc/arm-none-eabi/9.2.1/../../../../arm-none-eabi/lib/thumb/v7-m/nofp\libc_nano.a(lib_a-mlock.o)
                0x000176d4                __malloc_unlock
 .text._realloc_r
                0x000176e0       0x4c c:/nxp/mcuxpressoide_11.2.1_4149/ide/plugins/com.nxp.mcuxpresso.tools.win32_11.2.0.202008311134/tools/bin/../lib/gcc/arm-none-eabi/9.2.1/../../../../arm-none-eabi/lib/thumb/v7-m/nofp\libc_nano.a(lib_a-nano-reallocr.o)
                0x000176e0                _realloc_r
 .text.__ascii_wctomb
                0x0001772c       0x1a c:/nxp/mcuxpressoide_11.2.1_4149/ide/plugins/com.nxp.mcuxpresso.tools.win32_11.2.0.202008311134/tools/bin/../lib/gcc/arm-none-eabi/9.2.1/../../../../arm-none-eabi/lib/thumb/v7-m/nofp\libc_nano.a(lib_a-wctomb_r.o)
                0x0001772c                __ascii_wctomb
 .text.__retarget_lock_acquire_recursive
                0x00017746        0x2 c:/nxp/mcuxpressoide_11.2.1_4149/ide/plugins/com.nxp.mcuxpresso.tools.win32_11.2.0.202008311134/tools/bin/../lib/gcc/arm-none-eabi/9.2.1/../../../../arm-none-eabi/lib/thumb/v7-m/nofp\libc_nano.a(lib_a-lock.o)
                0x00017746                __retarget_lock_acquire_recursive
 .text.__retarget_lock_release_recursive
                0x00017748        0x2 c:/nxp/mcuxpressoide_11.2.1_4149/ide/plugins/com.nxp.mcuxpresso.tools.win32_11.2.0.202008311134/tools/bin/../lib/gcc/arm-none-eabi/9.2.1/../../../../arm-none-eabi/lib/thumb/v7-m/nofp\libc_nano.a(lib_a-lock.o)
                0x00017748                __retarget_lock_release_recursive
 .text._malloc_usable_size_r
                0x0001774a       0x10 c:/nxp/mcuxpressoide_11.2.1_4149/ide/plugins/com.nxp.mcuxpresso.tools.win32_11.2.0.202008311134/tools/bin/../lib/gcc/arm-none-eabi/9.2.1/../../../../arm-none-eabi/lib/thumb/v7-m/nofp\libc_nano.a(lib_a-nano-msizer.o)
                0x0001774a                _malloc_usable_size_r
 *fill*         0x0001775a        0x2 ff
 .text.sqrtf    0x0001775c       0xa4 c:/nxp/mcuxpressoide_11.2.1_4149/ide/plugins/com.nxp.mcuxpresso.tools.win32_11.2.0.202008311134/tools/bin/../lib/gcc/arm-none-eabi/9.2.1/../../../../arm-none-eabi/lib/thumb/v7-m/nofp\libm.a(lib_a-wf_sqrt.o)
                0x0001775c                sqrtf
 .text.__ieee754_sqrtf
                0x00017800       0xa8 c:/nxp/mcuxpressoide_11.2.1_4149/ide/plugins/com.nxp.mcuxpresso.tools.win32_11.2.0.202008311134/tools/bin/../lib/gcc/arm-none-eabi/9.2.1/../../../../arm-none-eabi/lib/thumb/v7-m/nofp\libm.a(lib_a-ef_sqrt.o)
                0x00017800                __ieee754_sqrtf
 .text.matherr  0x000178a8        0x4 c:/nxp/mcuxpressoide_11.2.1_4149/ide/plugins/com.nxp.mcuxpresso.tools.win32_11.2.0.202008311134/tools/bin/../lib/gcc/arm-none-eabi/9.2.1/../../../../arm-none-eabi/lib/thumb/v7-m/nofp\libm.a(lib_a-s_matherr.o)
                0x000178a8                matherr
 .text._sbrk    0x000178ac       0x3c c:/nxp/mcuxpressoide_11.2.1_4149/ide/plugins/com.nxp.mcuxpresso.tools.win32_11.2.0.202008311134/tools/bin/../lib/gcc/arm-none-eabi/9.2.1/../../../../arm-none-eabi/lib/thumb/v7-m/nofp\libcr_newlib_none.a(_cr_sbrk.o)
                0x000178ac                _sbrk
 .text.__check_heap_overflow
                0x000178e8       0x14 c:/nxp/mcuxpressoide_11.2.1_4149/ide/plugins/com.nxp.mcuxpresso.tools.win32_11.2.0.202008311134/tools/bin/../lib/gcc/arm-none-eabi/9.2.1/../../../../arm-none-eabi/lib/thumb/v7-m/nofp\libcr_newlib_none.a(_cr_check_heap.o)
                0x000178e8                __check_heap_overflow
 .text          0x000178fc      0x424 c:/nxp/mcuxpressoide_11.2.1_4149/ide/plugins/com.nxp.mcuxpresso.tools.win32_11.2.0.202008311134/tools/bin/../lib/gcc/arm-none-eabi/9.2.1/thumb/v7-m/nofp\libgcc.a(_arm_muldivdf3.o)
                0x000178fc                __aeabi_dmul
                0x000178fc                __muldf3
                0x00017b50                __divdf3
                0x00017b50                __aeabi_ddiv
 .text          0x00017d20      0x110 c:/nxp/mcuxpressoide_11.2.1_4149/ide/plugins/com.nxp.mcuxpresso.tools.win32_11.2.0.202008311134/tools/bin/../lib/gcc/arm-none-eabi/9.2.1/thumb/v7-m/nofp\libgcc.a(_arm_cmpdf2.o)
                0x00017d20                __gtdf2
                0x00017d20                __gedf2
                0x00017d28                __ltdf2
                0x00017d28                __ledf2
                0x00017d30                __nedf2
                0x00017d30                __eqdf2
                0x00017d30                __cmpdf2
                0x00017dac                __aeabi_cdrcmple
                0x00017dbc                __aeabi_cdcmpeq
                0x00017dbc                __aeabi_cdcmple
                0x00017dcc                __aeabi_dcmpeq
                0x00017de0                __aeabi_dcmplt
                0x00017df4                __aeabi_dcmple
                0x00017e08                __aeabi_dcmpge
                0x00017e1c                __aeabi_dcmpgt
 .text          0x00017e30       0x2c c:/nxp/mcuxpressoide_11.2.1_4149/ide/plugins/com.nxp.mcuxpresso.tools.win32_11.2.0.202008311134/tools/bin/../lib/gcc/arm-none-eabi/9.2.1/thumb/v7-m/nofp\libgcc.a(_arm_unorddf2.o)
                0x00017e30                __unorddf2
                0x00017e30                __aeabi_dcmpun
 .text          0x00017e5c       0x50 c:/nxp/mcuxpressoide_11.2.1_4149/ide/plugins/com.nxp.mcuxpresso.tools.win32_11.2.0.202008311134/tools/bin/../lib/gcc/arm-none-eabi/9.2.1/thumb/v7-m/nofp\libgcc.a(_arm_fixdfsi.o)
                0x00017e5c                __aeabi_d2iz
                0x00017e5c                __fixdfsi
 .text          0x00017eac       0xa0 c:/nxp/mcuxpressoide_11.2.1_4149/ide/plugins/com.nxp.mcuxpresso.tools.win32_11.2.0.202008311134/tools/bin/../lib/gcc/arm-none-eabi/9.2.1/thumb/v7-m/nofp\libgcc.a(_arm_truncdfsf2.o)
                0x00017eac                __truncdfsf2
                0x00017eac                __aeabi_d2f
 .text          0x00017f4c       0x2c c:/nxp/mcuxpressoide_11.2.1_4149/ide/plugins/com.nxp.mcuxpresso.tools.win32_11.2.0.202008311134/tools/bin/../lib/gcc/arm-none-eabi/9.2.1/thumb/v7-m/nofp\libgcc.a(_arm_unordsf2.o)
                0x00017f4c                __unordsf2
                0x00017f4c                __aeabi_fcmpun
 .text.__errno  0x00017f78        0xc c:/nxp/mcuxpressoide_11.2.1_4149/ide/plugins/com.nxp.mcuxpresso.tools.win32_11.2.0.202008311134/tools/bin/../lib/gcc/arm-none-eabi/9.2.1/../../../../arm-none-eabi/lib/thumb/v7-m/nofp\libc_nano.a(lib_a-errno.o)
                0x00017f78                __errno
 *(.rodata .rodata.* .constdata .constdata.*)
 .rodata        0x00017f84        0xf ./src/IA_2021_V0.o
 *fill*         0x00017f93        0x1 ff
 .rodata        0x00017f94       0x1f ./src/Init.o
 *fill*         0x00017fb3        0x1 ff
 .rodata        0x00017fb4       0xba ./src/test.o
 *fill*         0x0001806e        0x2 ff
 .rodata        0x00018070       0x29 ./freertos/src/FreeRTOSCommonHooks.o
 *fill*         0x00018099        0x3 ff
 .rodata.vTaskStartScheduler.str1.4
                0x0001809c        0x5 ./freertos/src/tasks.o
 *fill*         0x000180a1        0x3 ff
 .rodata.prvCheckForValidListAndQueue.str1.4
                0x000180a4        0x5 ./freertos/src/timers.o
 *fill*         0x000180a9        0x3 ff
 .rodata.xTimerCreateTimerTask.str1.4
                0x000180ac        0x8 ./freertos/src/timers.o
 .rodata        0x000180b4       0xfb ./Strategie/Strategie_Level0/Deplacement/0_Deplacements.o
 *fill*         0x000181af        0x1 ff
 .rodata        0x000181b0       0x7b ./Strategie/Strategie.o
 *fill*         0x0001822b        0x1 ff
 .rodata        0x0001822c       0x25 ./Communication/0_Communication.o
 *fill*         0x00018251        0x3 ff
 .rodata        0x00018254       0x30 ./Communication/1_Trame_Communication.o
 .rodata        0x00018284      0x128 ./Communication/2_Echange_Datas.o
 .rodata.MainOscPLL0conf_12
                0x000183ac       0xf0 D:\Developpement_Robot\Robotic-System\trunk\Workspaces\MultiWorkSpaces_2021\0_lpc_chip_175x_6x\Release\lib0_lpc_chip_175x_6x.a(sysinit_17xx_40xx.o)
 .rodata.MainOscPLL0conf_16
                0x0001849c       0xb0 D:\Developpement_Robot\Robotic-System\trunk\Workspaces\MultiWorkSpaces_2021\0_lpc_chip_175x_6x\Release\lib0_lpc_chip_175x_6x.a(sysinit_17xx_40xx.o)
 .rodata.RTCOscRateIn
                0x0001854c        0x4 D:\Developpement_Robot\Robotic-System\trunk\Workspaces\MultiWorkSpaces_2021\0_lpc_board_nxp_lpcxpresso_1769\Release\lib0_lpc_board_nxp_lpcxpresso_1769.a(board.o)
                0x0001854c                RTCOscRateIn
 .rodata._printf_float.str1.1
                0x00018550       0x12 c:/nxp/mcuxpressoide_11.2.1_4149/ide/plugins/com.nxp.mcuxpresso.tools.win32_11.2.0.202008311134/tools/bin/../lib/gcc/arm-none-eabi/9.2.1/../../../../arm-none-eabi/lib/thumb/v7-m/nofp\libc_nano.a(lib_a-nano-vfprintf_float.o)
 .rodata._printf_i.str1.1
                0x00018562       0x22 c:/nxp/mcuxpressoide_11.2.1_4149/ide/plugins/com.nxp.mcuxpresso.tools.win32_11.2.0.202008311134/tools/bin/../lib/gcc/arm-none-eabi/9.2.1/../../../../arm-none-eabi/lib/thumb/v7-m/nofp\libc_nano.a(lib_a-nano-vfprintf_i.o)
 .rodata._dtoa_r.str1.1
                0x00018584        0xd c:/nxp/mcuxpressoide_11.2.1_4149/ide/plugins/com.nxp.mcuxpresso.tools.win32_11.2.0.202008311134/tools/bin/../lib/gcc/arm-none-eabi/9.2.1/../../../../arm-none-eabi/lib/thumb/v7-m/nofp\libc_nano.a(lib_a-dtoa.o)
                                  0xf (size before relaxing)
 *fill*         0x00018591        0x7 ff
 .rodata.__mprec_bigtens
                0x00018598       0x28 c:/nxp/mcuxpressoide_11.2.1_4149/ide/plugins/com.nxp.mcuxpresso.tools.win32_11.2.0.202008311134/tools/bin/../lib/gcc/arm-none-eabi/9.2.1/../../../../arm-none-eabi/lib/thumb/v7-m/nofp\libc_nano.a(lib_a-mprec.o)
                0x00018598                __mprec_bigtens
 .rodata.__mprec_tens
                0x000185c0       0xc8 c:/nxp/mcuxpressoide_11.2.1_4149/ide/plugins/com.nxp.mcuxpresso.tools.win32_11.2.0.202008311134/tools/bin/../lib/gcc/arm-none-eabi/9.2.1/../../../../arm-none-eabi/lib/thumb/v7-m/nofp\libc_nano.a(lib_a-mprec.o)
                0x000185c0                __mprec_tens
 .rodata.p05.6127
                0x00018688        0xc c:/nxp/mcuxpressoide_11.2.1_4149/ide/plugins/com.nxp.mcuxpresso.tools.win32_11.2.0.202008311134/tools/bin/../lib/gcc/arm-none-eabi/9.2.1/../../../../arm-none-eabi/lib/thumb/v7-m/nofp\libc_nano.a(lib_a-mprec.o)
 .rodata._svfprintf_r.str1.1
                0x00018694       0x11 c:/nxp/mcuxpressoide_11.2.1_4149/ide/plugins/com.nxp.mcuxpresso.tools.win32_11.2.0.202008311134/tools/bin/../lib/gcc/arm-none-eabi/9.2.1/../../../../arm-none-eabi/lib/thumb/v7-m/nofp\libc_nano.a(lib_a-nano-svfprintf.o)
 .rodata._setlocale_r.str1.1
                0x000186a5        0x8 c:/nxp/mcuxpressoide_11.2.1_4149/ide/plugins/com.nxp.mcuxpresso.tools.win32_11.2.0.202008311134/tools/bin/../lib/gcc/arm-none-eabi/9.2.1/../../../../arm-none-eabi/lib/thumb/v7-m/nofp\libc_nano.a(lib_a-locale.o)
                                  0x9 (size before relaxing)
 .rodata.str1.1
                0x000186ad        0x2 c:/nxp/mcuxpressoide_11.2.1_4149/ide/plugins/com.nxp.mcuxpresso.tools.win32_11.2.0.202008311134/tools/bin/../lib/gcc/arm-none-eabi/9.2.1/../../../../arm-none-eabi/lib/thumb/v7-m/nofp\libc_nano.a(lib_a-locale.o)
 .rodata._ctype_
                0x000186af      0x101 c:/nxp/mcuxpressoide_11.2.1_4149/ide/plugins/com.nxp.mcuxpresso.tools.win32_11.2.0.202008311134/tools/bin/../lib/gcc/arm-none-eabi/9.2.1/../../../../arm-none-eabi/lib/thumb/v7-m/nofp\libc_nano.a(lib_a-ctype_.o)
                0x000186af                _ctype_
 .rodata.sqrtf.str1.4
                0x000187b0        0x6 c:/nxp/mcuxpressoide_11.2.1_4149/ide/plugins/com.nxp.mcuxpresso.tools.win32_11.2.0.202008311134/tools/bin/../lib/gcc/arm-none-eabi/9.2.1/../../../../arm-none-eabi/lib/thumb/v7-m/nofp\libm.a(lib_a-wf_sqrt.o)
                0x000187b8                . = ALIGN (0x4)
 *fill*         0x000187b6        0x2 ff

.glue_7         0x000187b8        0x0
 .glue_7        0x000187b8        0x0 linker stubs

.glue_7t        0x000187b8        0x0
 .glue_7t       0x000187b8        0x0 linker stubs

.vfp11_veneer   0x000187b8        0x0
 .vfp11_veneer  0x000187b8        0x0 linker stubs

.v4_bx          0x000187b8        0x0
 .v4_bx         0x000187b8        0x0 linker stubs

.iplt           0x000187b8        0x0
 .iplt          0x000187b8        0x0 ./src/IA_2021_V0.o

.rel.dyn        0x000187b8        0x0
 .rel.iplt      0x000187b8        0x0 ./src/IA_2021_V0.o

.ARM.extab
 *(.ARM.extab* .gnu.linkonce.armextab.*)

.ARM.exidx      0x000187b8        0x0
                0x000187b8                __exidx_start = .
 *(.ARM.exidx* .gnu.linkonce.armexidx.*)
                0x000187b8                __exidx_end = .
                0x000187b8                _etext = .

.data_RAM2      0x2007c000        0x0 load address 0x000187b8
 FILL mask 0xff
                [!provide]                PROVIDE (__start_data_RAM2 = .)
                [!provide]                PROVIDE (__start_data_Ram_USB = .)
 *(.ramfunc.$RAM2)
 *(.ramfunc.$Ram_USB)
 *(.data.$RAM2)
 *(.data.$Ram_USB)
 *(.data.$RAM2.*)
 *(.data.$Ram_USB.*)
                0x2007c000                . = ALIGN (0x4)
                [!provide]                PROVIDE (__end_data_RAM2 = .)
                [!provide]                PROVIDE (__end_data_Ram_USB = .)

.data_RAM3      0x2007c800        0x0 load address 0x000187b8
 FILL mask 0xff
                [!provide]                PROVIDE (__start_data_RAM3 = .)
                [!provide]                PROVIDE (__start_data_RAM3 = .)
 *(.ramfunc.$RAM3)
 *(.ramfunc.$RAM3)
 *(.data.$RAM3)
 *(.data.$RAM3)
 *(.data.$RAM3.*)
 *(.data.$RAM3.*)
                0x2007c800                . = ALIGN (0x4)
                [!provide]                PROVIDE (__end_data_RAM3 = .)
                [!provide]                PROVIDE (__end_data_RAM3 = .)

.uninit_RESERVED
                0x10000000        0x0
                0x10000000                _start_uninit_RESERVED = .
 *(.bss.$RESERVED*)
                0x10000000                . = ALIGN (0x4)
                0x10000000                _end_uninit_RESERVED = .

.data           0x10000000      0x1ec load address 0x000187b8
 FILL mask 0xff
                0x10000000                _data = .
                [!provide]                PROVIDE (__start_data_RAM = .)
                [!provide]                PROVIDE (__start_data_RamLoc32 = .)
 *(vtable)
 *(.ramfunc*)
 *(CodeQuickAccess)
 *(DataQuickAccess)
 *(RamFunction)
 *(.data*)
 .data.xHeapRegions
                0x10000000       0x10 ./src/IA_2021_V0.o
 .data.uxCriticalNesting
                0x10000010        0x4 ./freertos/src/port.o
 .data.OscRateIn
                0x10000014        0x4 D:\Developpement_Robot\Robotic-System\trunk\Workspaces\MultiWorkSpaces_2021\0_lpc_board_nxp_lpcxpresso_1769\Release\lib0_lpc_board_nxp_lpcxpresso_1769.a(board.o)
                0x10000014                OscRateIn
 .data._impure_ptr
                0x10000018        0x4 c:/nxp/mcuxpressoide_11.2.1_4149/ide/plugins/com.nxp.mcuxpresso.tools.win32_11.2.0.202008311134/tools/bin/../lib/gcc/arm-none-eabi/9.2.1/../../../../arm-none-eabi/lib/thumb/v7-m/nofp\libc_nano.a(lib_a-impure.o)
                0x10000018                _impure_ptr
 .data.impure_data
                0x1000001c       0x60 c:/nxp/mcuxpressoide_11.2.1_4149/ide/plugins/com.nxp.mcuxpresso.tools.win32_11.2.0.202008311134/tools/bin/../lib/gcc/arm-none-eabi/9.2.1/../../../../arm-none-eabi/lib/thumb/v7-m/nofp\libc_nano.a(lib_a-impure.o)
 .data.__global_locale
                0x1000007c      0x16c c:/nxp/mcuxpressoide_11.2.1_4149/ide/plugins/com.nxp.mcuxpresso.tools.win32_11.2.0.202008311134/tools/bin/../lib/gcc/arm-none-eabi/9.2.1/../../../../arm-none-eabi/lib/thumb/v7-m/nofp\libc_nano.a(lib_a-locale.o)
                0x1000007c                __global_locale
 .data.__fdlib_version
                0x100001e8        0x1 c:/nxp/mcuxpressoide_11.2.1_4149/ide/plugins/com.nxp.mcuxpresso.tools.win32_11.2.0.202008311134/tools/bin/../lib/gcc/arm-none-eabi/9.2.1/../../../../arm-none-eabi/lib/thumb/v7-m/nofp\libm.a(lib_a-s_lib_ver.o)
                0x100001e8                __fdlib_version
                0x100001ec                . = ALIGN (0x4)
 *fill*         0x100001e9        0x3 ff
                0x100001ec                _edata = .
                [!provide]                PROVIDE (__end_data_RAM = .)
                [!provide]                PROVIDE (__end_data_RamLoc32 = .)

.igot.plt       0x100001ec        0x0 load address 0x000189a4
 .igot.plt      0x100001ec        0x0 ./src/IA_2021_V0.o

.bss_RAM2       0x2007c000        0x0
                [!provide]                PROVIDE (__start_bss_RAM2 = .)
                [!provide]                PROVIDE (__start_bss_Ram_USB = .)
 *(.bss.$RAM2)
 *(.bss.$Ram_USB)
 *(.bss.$RAM2.*)
 *(.bss.$Ram_USB.*)
                0x2007c000                . = ALIGN ((. != 0x0)?0x4:0x1)
                [!provide]                PROVIDE (__end_bss_RAM2 = .)
                [!provide]                PROVIDE (__end_bss_Ram_USB = .)

.bss_RAM3       0x2007c800     0x4028
                [!provide]                PROVIDE (__start_bss_RAM3 = .)
                [!provide]                PROVIDE (__start_bss_RAM3 = .)
 *(.bss.$RAM3)
 .bss.$RAM3     0x2007c800      0x19e ./freertos/src/FreeRTOSCommonHooks.o
 *fill*         0x2007c99e        0x2 
 .bss.$RAM3     0x2007c9a0       0x14 ./Strategie/Strategie_Level0/Deplacement/0_Deplacements.o
 .bss.$RAM3     0x2007c9b4       0xd0 ./Strategie/Strategie_Level0/0_Infos.o
 .bss.$RAM3     0x2007ca84      0x480 ./Communication/0_Communication.o
 .bss.$RAM3     0x2007cf04       0x93 ./Communication/1_Trame_Communication.o
 *fill*         0x2007cf97        0x1 
 .bss.$RAM3     0x2007cf98       0x46 ./Communication/2_Echange_Data_Strategie.o
 *fill*         0x2007cfde        0x2 
 .bss.$RAM3     0x2007cfe0       0x46 ./Communication/2_Echange_Datas.o
 *(.bss.$RAM3)
 *(.bss.$RAM3.*)
 *fill*         0x2007d026        0x2 
 .bss.$RAM3.    0x2007d028     0x3800 ./src/IA_2021_V0.o
 *(.bss.$RAM3.*)
                0x20080828                . = ALIGN ((. != 0x0)?0x4:0x1)
                [!provide]                PROVIDE (__end_bss_RAM3 = .)
                [!provide]                PROVIDE (__end_bss_RAM3 = .)

.bss            0x100001ec      0x698
                0x100001ec                _bss = .
                [!provide]                PROVIDE (__start_bss_RAM = .)
                [!provide]                PROVIDE (__start_bss_RamLoc32 = .)
 *(.bss*)
 .bss.pxEnd     0x100001ec        0x4 ./freertos/src/heap_5.o
 .bss.xBlockAllocatedBit
                0x100001f0        0x4 ./freertos/src/heap_5.o
 .bss.xFreeBytesRemaining
                0x100001f4        0x4 ./freertos/src/heap_5.o
 .bss.xMinimumEverFreeBytesRemaining
                0x100001f8        0x4 ./freertos/src/heap_5.o
 .bss.xNumberOfSuccessfulAllocations
                0x100001fc        0x4 ./freertos/src/heap_5.o
 .bss.xNumberOfSuccessfulFrees
                0x10000200        0x4 ./freertos/src/heap_5.o
 .bss.xStart    0x10000204        0x8 ./freertos/src/heap_5.o
 .bss.xQueueRegistry
                0x1000020c       0x50 ./freertos/src/queue.o
                0x1000020c                xQueueRegistry
 .bss.pxCurrentTCB
                0x1000025c        0x4 ./freertos/src/tasks.o
                0x1000025c                pxCurrentTCB
 .bss.pxDelayedTaskList
                0x10000260        0x4 ./freertos/src/tasks.o
 .bss.pxOverflowDelayedTaskList
                0x10000264        0x4 ./freertos/src/tasks.o
 .bss.pxReadyTasksLists
                0x10000268       0x64 ./freertos/src/tasks.o
 .bss.uxCurrentNumberOfTasks
                0x100002cc        0x4 ./freertos/src/tasks.o
 .bss.uxDeletedTasksWaitingCleanUp
                0x100002d0        0x4 ./freertos/src/tasks.o
 .bss.uxSchedulerSuspended
                0x100002d4        0x4 ./freertos/src/tasks.o
 .bss.uxTaskNumber
                0x100002d8        0x4 ./freertos/src/tasks.o
 .bss.uxTopReadyPriority
                0x100002dc        0x4 ./freertos/src/tasks.o
 .bss.xDelayedTaskList1
                0x100002e0       0x14 ./freertos/src/tasks.o
 .bss.xDelayedTaskList2
                0x100002f4       0x14 ./freertos/src/tasks.o
 .bss.xIdleTaskHandle
                0x10000308        0x4 ./freertos/src/tasks.o
 .bss.xNextTaskUnblockTime
                0x1000030c        0x4 ./freertos/src/tasks.o
 .bss.xNumOfOverflows
                0x10000310        0x4 ./freertos/src/tasks.o
 .bss.xPendedTicks
                0x10000314        0x4 ./freertos/src/tasks.o
 .bss.xPendingReadyList
                0x10000318       0x14 ./freertos/src/tasks.o
 .bss.xSchedulerRunning
                0x1000032c        0x4 ./freertos/src/tasks.o
 .bss.xSuspendedTaskList
                0x10000330       0x14 ./freertos/src/tasks.o
 .bss.xTasksWaitingTermination
                0x10000344       0x14 ./freertos/src/tasks.o
 .bss.xTickCount
                0x10000358        0x4 ./freertos/src/tasks.o
 .bss.xYieldPending
                0x1000035c        0x4 ./freertos/src/tasks.o
 .bss.pxCurrentTimerList
                0x10000360        0x4 ./freertos/src/timers.o
 .bss.pxOverflowTimerList
                0x10000364        0x4 ./freertos/src/timers.o
 .bss.xActiveTimerList1
                0x10000368       0x14 ./freertos/src/timers.o
 .bss.xActiveTimerList2
                0x1000037c       0x14 ./freertos/src/timers.o
 .bss.xLastTime.9167
                0x10000390        0x4 ./freertos/src/timers.o
 .bss.xTimerQueue
                0x10000394        0x4 ./freertos/src/timers.o
 .bss.xTimerTaskHandle
                0x10000398        0x4 ./freertos/src/timers.o
 .bss._0_Deplacement_EventGroup
                0x1000039c        0x4 ./Strategie/Strategie_Level0/Deplacement/0_Deplacements.o
                0x1000039c                _0_Deplacement_EventGroup
 .bss.xMutex_Protection
                0x100003a0        0x4 ./Strategie/Strategie_Level0/0_Infos.o
                0x100003a0                xMutex_Protection
 .bss.Actions_2021
                0x100003a4      0x244 ./Strategie/Strategie.o
                0x100003a4                Actions_2021
 .bss.Strategie_Choisie
                0x100005e8        0x1 ./Strategie/Strategie.o
                0x100005e8                Strategie_Choisie
 *fill*         0x100005e9        0x3 
 .bss.Temps_Match
                0x100005ec        0x4 ./Strategie/Strategie.o
                0x100005ec                Temps_Match
 .bss.ADCSetup  0x100005f0        0x8 ./Level_0/Drivers/0_ADC/0_ADC.o
 .bss.Burst_Mode_Flag
                0x100005f8        0x1 ./Level_0/Drivers/0_ADC/0_ADC.o
 *fill*         0x100005f9        0x3 
 .bss.Message.11386
                0x100005fc       0x4d ./Communication/0_Communication.o
 *fill*         0x10000649        0x3 
 .bss._1_xQueue_Message_TO_Send
                0x1000064c        0x4 ./Communication/0_Communication.o
                0x1000064c                _1_xQueue_Message_TO_Send
 .bss.already_flaged.11306
                0x10000650        0x1 ./Communication/0_Communication.o
 .bss.already_flaged.11311
                0x10000651        0x1 ./Communication/0_Communication.o
 *fill*         0x10000652        0x2 
 .bss.g_txBuff.11387
                0x10000654       0x80 ./Communication/0_Communication.o
 .bss.rxring_RS485
                0x100006d4       0x14 ./Communication/0_Communication.o
                0x100006d4                rxring_RS485
 .bss.rxring_XBEE
                0x100006e8       0x14 ./Communication/0_Communication.o
                0x100006e8                rxring_XBEE
 .bss.txring    0x100006fc       0x14 ./Communication/0_Communication.o
                0x100006fc                txring
 .bss._0_ACK_Adresses
                0x10000710        0x4 ./Communication/0_Event_Group.o
                0x10000710                _0_ACK_Adresses
 .bss._0_ACK_Type_EventGroup
                0x10000714        0x4 ./Communication/0_Event_Group.o
                0x10000714                _0_ACK_Type_EventGroup
 .bss._0_Comm_EventGroup
                0x10000718        0x4 ./Communication/0_Event_Group.o
                0x10000718                _0_Comm_EventGroup
 .bss._0_Status_EventGroup
                0x1000071c        0x4 ./Communication/0_Event_Group.o
                0x1000071c                _0_Status_EventGroup
 .bss.Nb_Erreurs_com
                0x10000720        0x4 ./Communication/1_Trame_Communication.o
                0x10000720                Nb_Erreurs_com
 .bss.Nb_Messages_recus
                0x10000724        0x4 ./Communication/1_Trame_Communication.o
                0x10000724                Nb_Messages_recus
 .bss.str.10397
                0x10000728       0x46 ./Communication/1_Trame_Communication.o
 *fill*         0x1000076e        0x2 
 .bss.dir.10437
                0x10000770        0x4 ./Communication/2_Echange_Datas.o
 .bss.release_sent
                0x10000774        0x1 ./Communication/2_Echange_Datas.o
                0x10000774                release_sent
 *fill*         0x10000775        0x3 
 .bss.str       0x10000778       0x46 ./Communication/2_Echange_Datas.o
 *fill*         0x100007be        0x2 
 .bss.str.10436
                0x100007c0       0x50 ./Communication/2_Echange_Datas.o
 .bss.str.10518
                0x10000810       0x46 ./Communication/2_Echange_Datas.o
 *fill*         0x10000856        0x2 
 .bss.Nb_Messages_Interpretes
                0x10000858        0x4 ./Communication/2_Echange_Datas_Reception.o
 .bss.Nb_PONG_recus
                0x1000085c        0x4 ./Communication/2_Echange_Datas_Reception.o
                0x1000085c                Nb_PONG_recus
 .bss.ABsyncSts
                0x10000860        0x1 D:\Developpement_Robot\Robotic-System\trunk\Workspaces\MultiWorkSpaces_2021\0_lpc_chip_175x_6x\Release\lib0_lpc_chip_175x_6x.a(uart_17xx_40xx.o)
 *fill*         0x10000861        0x3 
 .bss.__malloc_free_list
                0x10000864        0x4 c:/nxp/mcuxpressoide_11.2.1_4149/ide/plugins/com.nxp.mcuxpresso.tools.win32_11.2.0.202008311134/tools/bin/../lib/gcc/arm-none-eabi/9.2.1/../../../../arm-none-eabi/lib/thumb/v7-m/nofp\libc_nano.a(lib_a-nano-mallocr.o)
                0x10000864                __malloc_free_list
 .bss.__malloc_sbrk_start
                0x10000868        0x4 c:/nxp/mcuxpressoide_11.2.1_4149/ide/plugins/com.nxp.mcuxpresso.tools.win32_11.2.0.202008311134/tools/bin/../lib/gcc/arm-none-eabi/9.2.1/../../../../arm-none-eabi/lib/thumb/v7-m/nofp\libc_nano.a(lib_a-nano-mallocr.o)
                0x10000868                __malloc_sbrk_start
 .bss.__end_of_heap
                0x1000086c        0x4 c:/nxp/mcuxpressoide_11.2.1_4149/ide/plugins/com.nxp.mcuxpresso.tools.win32_11.2.0.202008311134/tools/bin/../lib/gcc/arm-none-eabi/9.2.1/../../../../arm-none-eabi/lib/thumb/v7-m/nofp\libcr_newlib_none.a(_cr_sbrk.o)
                0x1000086c                __end_of_heap
 *(COMMON)
 COMMON         0x10000870        0x4 D:\Developpement_Robot\Robotic-System\trunk\Workspaces\MultiWorkSpaces_2021\0_lpc_chip_175x_6x\Release\lib0_lpc_chip_175x_6x.a(chip_17xx_40xx.o)
                0x10000870                SystemCoreClock
 COMMON         0x10000874        0x4 c:/nxp/mcuxpressoide_11.2.1_4149/ide/plugins/com.nxp.mcuxpresso.tools.win32_11.2.0.202008311134/tools/bin/../lib/gcc/arm-none-eabi/9.2.1/../../../../arm-none-eabi/lib/thumb/v7-m/nofp\libc_nano.a(lib_a-reent.o)
                0x10000874                errno
 COMMON         0x10000878        0x9 c:/nxp/mcuxpressoide_11.2.1_4149/ide/plugins/com.nxp.mcuxpresso.tools.win32_11.2.0.202008311134/tools/bin/../lib/gcc/arm-none-eabi/9.2.1/../../../../arm-none-eabi/lib/thumb/v7-m/nofp\libc_nano.a(lib_a-lock.o)
                0x10000878                __lock___atexit_recursive_mutex
                0x10000879                __lock___arc4random_mutex
                0x1000087a                __lock___env_recursive_mutex
                0x1000087b                __lock___sinit_recursive_mutex
                0x1000087c                __lock___malloc_recursive_mutex
                0x1000087d                __lock___at_quick_exit_mutex
                0x1000087e                __lock___dd_hash_mutex
                0x1000087f                __lock___tz_mutex
                0x10000880                __lock___sfp_recursive_mutex
                0x10000884                . = ALIGN (0x4)
 *fill*         0x10000881        0x3 
                0x10000884                _ebss = .
                [!provide]                PROVIDE (__end_bss_RAM = .)
                [!provide]                PROVIDE (__end_bss_RamLoc32 = .)
                [!provide]                PROVIDE (end = .)

.noinit_RAM2    0x2007c000        0x0
                [!provide]                PROVIDE (__start_noinit_RAM2 = .)
                [!provide]                PROVIDE (__start_noinit_Ram_USB = .)
 *(.noinit.$RAM2)
 *(.noinit.$Ram_USB)
 *(.noinit.$RAM2.*)
 *(.noinit.$Ram_USB.*)
                0x2007c000                . = ALIGN (0x4)
                [!provide]                PROVIDE (__end_noinit_RAM2 = .)
                [!provide]                PROVIDE (__end_noinit_Ram_USB = .)

.noinit_RAM3    0x20080828        0x0
                [!provide]                PROVIDE (__start_noinit_RAM3 = .)
                [!provide]                PROVIDE (__start_noinit_RAM3 = .)
 *(.noinit.$RAM3)
 *(.noinit.$RAM3)
 *(.noinit.$RAM3.*)
 *(.noinit.$RAM3.*)
                0x20080828                . = ALIGN (0x4)
                [!provide]                PROVIDE (__end_noinit_RAM3 = .)
                [!provide]                PROVIDE (__end_noinit_RAM3 = .)

.noinit         0x10000884        0x0
                0x10000884                _noinit = .