Archive member included to satisfy reference by file (symbol)

D:\Developpement_Robot\Robotic-System.git\trunk\Workspaces\MultiWorkSpaces_2021\0_lpc_chip_175x_6x\Release\lib0_lpc_chip_175x_6x.a(chip_17xx_40xx.o)
                              ./src/IA_2021_V0.o (SystemCoreClockUpdate)
D:\Developpement_Robot\Robotic-System.git\trunk\Workspaces\MultiWorkSpaces_2021\0_lpc_chip_175x_6x\Release\lib0_lpc_chip_175x_6x.a(clock_17xx_40xx.o)
                              D:\Developpement_Robot\Robotic-System.git\trunk\Workspaces\MultiWorkSpaces_2021\0_lpc_chip_175x_6x\Release\lib0_lpc_chip_175x_6x.a(chip_17xx_40xx.o) (Chip_Clock_EnablePLL)
D:\Developpement_Robot\Robotic-System.git\trunk\Workspaces\MultiWorkSpaces_2021\0_lpc_chip_175x_6x\Release\lib0_lpc_chip_175x_6x.a(ring_buffer.o)
                              ./Communication/0_Communication.o (RingBuffer_Init)
D:\Developpement_Robot\Robotic-System.git\trunk\Workspaces\MultiWorkSpaces_2021\0_lpc_chip_175x_6x\Release\lib0_lpc_chip_175x_6x.a(stopwatch_17xx_40xx.o)
                              ./Communication/USB/src/cdc_usb_main.o (StopWatch_Init)
D:\Developpement_Robot\Robotic-System.git\trunk\Workspaces\MultiWorkSpaces_2021\0_lpc_chip_175x_6x\Release\lib0_lpc_chip_175x_6x.a(sysinit_17xx_40xx.o)
                              ./src/IA_2021_V0.o (Chip_SetupXtalClocking)
D:\Developpement_Robot\Robotic-System.git\trunk\Workspaces\MultiWorkSpaces_2021\0_lpc_chip_175x_6x\Release\lib0_lpc_chip_175x_6x.a(timer_17xx_40xx.o)
                              ./src/IA_2021_V0.o (Chip_TIMER_Init)
D:\Developpement_Robot\Robotic-System.git\trunk\Workspaces\MultiWorkSpaces_2021\0_lpc_chip_175x_6x\Release\lib0_lpc_chip_175x_6x.a(uart_17xx_40xx.o)
                              ./Communication/0_Communication.o (Chip_UART_Init)
D:\Developpement_Robot\Robotic-System.git\trunk\Workspaces\MultiWorkSpaces_2021\0_lpc_board_nxp_lpcxpresso_1769\Release\lib0_lpc_board_nxp_lpcxpresso_1769.a(board.o)
                              ./src/IA_2021_V0.o (Set_Clock_in)
D:\Developpement_Robot\Robotic-System.git\trunk\Workspaces\MultiWorkSpaces_2021\0_lpc_chip_175x_6x\libs\libusbd_175x_6x_lib.a(mw_usbd_rom_api.o)
                              ./Communication/USB/src/cdc_usb_main.o (cdc_api)
D:\Developpement_Robot\Robotic-System.git\trunk\Workspaces\MultiWorkSpaces_2021\0_lpc_chip_175x_6x\libs\libusbd_175x_6x_lib.a(hw_usbd_ip3503.o)
                              D:\Developpement_Robot\Robotic-System.git\trunk\Workspaces\MultiWorkSpaces_2021\0_lpc_chip_175x_6x\libs\libusbd_175x_6x_lib.a(mw_usbd_rom_api.o) (hwUSB_GetMemSize)
D:\Developpement_Robot\Robotic-System.git\trunk\Workspaces\MultiWorkSpaces_2021\0_lpc_chip_175x_6x\libs\libusbd_175x_6x_lib.a(mw_usbd_cdcuser.o)
                              D:\Developpement_Robot\Robotic-System.git\trunk\Workspaces\MultiWorkSpaces_2021\0_lpc_chip_175x_6x\libs\libusbd_175x_6x_lib.a(mw_usbd_rom_api.o) (mwCDC_SendNotification)
D:\Developpement_Robot\Robotic-System.git\trunk\Workspaces\MultiWorkSpaces_2021\0_lpc_chip_175x_6x\libs\libusbd_175x_6x_lib.a(mw_usbd_core.o)
                              D:\Developpement_Robot\Robotic-System.git\trunk\Workspaces\MultiWorkSpaces_2021\0_lpc_chip_175x_6x\libs\libusbd_175x_6x_lib.a(mw_usbd_rom_api.o) (mwUSB_SetupStage)
D:\Developpement_Robot\Robotic-System.git\trunk\Workspaces\MultiWorkSpaces_2021\0_lpc_chip_175x_6x\libs\libusbd_175x_6x_lib.a(mw_usbd_dfuuser.o)
                              D:\Developpement_Robot\Robotic-System.git\trunk\Workspaces\MultiWorkSpaces_2021\0_lpc_chip_175x_6x\libs\libusbd_175x_6x_lib.a(mw_usbd_rom_api.o) (mwDFU_GetMemSize)
D:\Developpement_Robot\Robotic-System.git\trunk\Workspaces\MultiWorkSpaces_2021\0_lpc_chip_175x_6x\libs\libusbd_175x_6x_lib.a(mw_usbd_hiduser.o)
                              D:\Developpement_Robot\Robotic-System.git\trunk\Workspaces\MultiWorkSpaces_2021\0_lpc_chip_175x_6x\libs\libusbd_175x_6x_lib.a(mw_usbd_rom_api.o) (mwHID_GetMemSize)
D:\Developpement_Robot\Robotic-System.git\trunk\Workspaces\MultiWorkSpaces_2021\0_lpc_chip_175x_6x\libs\libusbd_175x_6x_lib.a(mw_usbd_mscuser.o)
                              D:\Developpement_Robot\Robotic-System.git\trunk\Workspaces\MultiWorkSpaces_2021\0_lpc_chip_175x_6x\libs\libusbd_175x_6x_lib.a(mw_usbd_rom_api.o) (mwMSC_GetMemSize)
c:/nxp/mcuxpressoide_11.2.1_4149/ide/plugins/com.nxp.mcuxpresso.tools.win32_11.2.0.202008311134/tools/bin/../lib/gcc/arm-none-eabi/9.2.1/thumb/v7-m/nofp\libgcc.a(_arm_mulsf3.o)
                              ./Strategie/Deplacement/0_Deplacements.o (__aeabi_fmul)
c:/nxp/mcuxpressoide_11.2.1_4149/ide/plugins/com.nxp.mcuxpresso.tools.win32_11.2.0.202008311134/tools/bin/../lib/gcc/arm-none-eabi/9.2.1/thumb/v7-m/nofp\libgcc.a(_arm_addsubsf3.o)
                              ./Strategie/Deplacement/0_Deplacements.o (__aeabi_fsub)
[...]
Memory Configuration

Name             Origin             Length             Attributes
MFlash512        0x00010000         0x00070000         xr
RamLoc32         0x10000000         0x00008000         xrw
Ram_USB          0x2007c000         0x00000800         xrw
RAM3             0x2007c800         0x00007800         xrw
*default*        0x00000000         0xffffffff

Linker script and memory map

LOAD ./src/IA_2021_V0.o
LOAD ./src/Init.o
LOAD ./src/cr_startup_lpc175x_6x.o
LOAD ./src/crp.o
LOAD ./src/sysinit.o
LOAD ./src/test.o
LOAD ./freertos/src/FreeRTOSCommonHooks.o
LOAD ./freertos/src/croutine.o
LOAD ./freertos/src/event_groups.o
LOAD ./freertos/src/heap_5.o
LOAD ./freertos/src/list.o
LOAD ./freertos/src/port.o
LOAD ./freertos/src/queue.o
LOAD ./freertos/src/stream_buffer.o
LOAD ./freertos/src/tasks.o
LOAD ./freertos/src/timers.o
LOAD ./freertos/FreeRTOS_Trace/trcHardwarePort.o
LOAD ./freertos/FreeRTOS_Trace/trcKernelPort.o
LOAD ./freertos/FreeRTOS_Trace/trcSnapshotRecorder.o
LOAD ./Strategie/Deplacement/0_Deplacements.o
LOAD ./Strategie/Deplacement/1_Obstacles.o
LOAD ./Strategie/Actionneurs/0_Actionneurs.o
LOAD ./Strategie/0_Infos.o
LOAD ./Pathfinding/Astar/Astar.o
LOAD ./Communication/USB/src/cdc_desc.o
LOAD ./Communication/USB/src/cdc_usb_main.o
LOAD ./Communication/USB/src/cdc_vcom.o
LOAD ./Communication/RS485/0_RS485.o
LOAD ./Communication/0_Communication.o
LOAD ./Communication/0_Event_Group.o
LOAD ./Communication/1_Trame_Communication.o
LOAD ./Communication/2_Echange_Datas.o
LOAD ./Communication/2_Echange_Datas_Reception.o
LOAD D:\Developpement_Robot\Robotic-System.git\trunk\Workspaces\MultiWorkSpaces_2021\0_lpc_chip_175x_6x\Release\lib0_lpc_chip_175x_6x.a
LOAD D:\Developpement_Robot\Robotic-System.git\trunk\Workspaces\MultiWorkSpaces_2021\0_lpc_board_nxp_lpcxpresso_1769\Release\lib0_lpc_board_nxp_lpcxpresso_1769.a
LOAD D:\Developpement_Robot\Robotic-System.git\trunk\Workspaces\MultiWorkSpaces_2021\0_lpc_chip_175x_6x\libs\libusbd_175x_6x_lib.a
START GROUP
LOAD c:/nxp/mcuxpressoide_11.2.1_4149/ide/plugins/com.nxp.mcuxpresso.tools.win32_11.2.0.202008311134/tools/bin/../lib/gcc/arm-none-eabi/9.2.1/thumb/v7-m/nofp\libgcc.a
LOAD c:/nxp/mcuxpressoide_11.2.1_4149/ide/plugins/com.nxp.mcuxpresso.tools.win32_11.2.0.202008311134/tools/bin/../lib/gcc/arm-none-eabi/9.2.1/../../../../arm-none-eabi/lib/thumb/v7-m/nofp\libc_nano.a
LOAD c:/nxp/mcuxpressoide_11.2.1_4149/ide/plugins/com.nxp.mcuxpresso.tools.win32_11.2.0.202008311134/tools/bin/../lib/gcc/arm-none-eabi/9.2.1/../../../../arm-none-eabi/lib/thumb/v7-m/nofp\libm.a
LOAD c:/nxp/mcuxpressoide_11.2.1_4149/ide/plugins/com.nxp.mcuxpresso.tools.win32_11.2.0.202008311134/tools/bin/../lib/gcc/arm-none-eabi/9.2.1/../../../../arm-none-eabi/lib/thumb/v7-m/nofp\libcr_newlib_none.a
END GROUP
                0x00010000                __base_MFlash512 = 0x10000
                0x00010000                __base_Flash = 0x10000
                0x00080000                __top_MFlash512 = 0x80000
                0x00080000                __top_Flash = 0x80000
                0x10000000                __base_RamLoc32 = 0x10000000
                0x10000000                __base_RAM = 0x10000000
                0x10008000                __top_RamLoc32 = 0x10008000
                0x10008000                __top_RAM = 0x10008000
                0x2007c000                __base_Ram_USB = 0x2007c000
                0x2007c000                __base_RAM2 = 0x2007c000
                0x2007c800                __top_Ram_USB = 0x2007c800
                0x2007c800                __top_RAM2 = 0x2007c800
                0x2007c800                __base_RAM3 = 0x2007c800
                0x2007c800                __base_RAM3 = 0x2007c800
                0x20084000                __top_RAM3 = 0x20084000
                0x20084000                __top_RAM3 = 0x20084000

.text           0x00010000     0x6e50
 FILL mask 0xff
                0x00010000                __vectors_start__ = ABSOLUTE (.)
 *(.isr_vector)
 .isr_vector    0x00010000       0xcc ./src/cr_startup_lpc175x_6x.o
                0x00010000                g_pfnVectors
                0x000100cc                . = ALIGN (0x4)
                0x000100cc                __section_table_start = .
                0x000100cc                __data_section_table = .
                0x000100cc        0x4 LONG 0x16e50 LOADADDR (.data)
                0x000100d0        0x4 LONG 0x10000000 ADDR (.data)
                0x000100d4        0x4 LONG 0x84 SIZEOF (.data)
                0x000100d8        0x4 LONG 0x16e50 LOADADDR (.data_RAM2)
                0x000100dc        0x4 LONG 0x2007c000 ADDR (.data_RAM2)
                0x000100e0        0x4 LONG 0x0 SIZEOF (.data_RAM2)
                0x000100e4        0x4 LONG 0x16e50 LOADADDR (.data_RAM3)
                0x000100e8        0x4 LONG 0x2007c800 ADDR (.data_RAM3)
                0x000100ec        0x4 LONG 0x0 SIZEOF (.data_RAM3)
                0x000100f0                __data_section_table_end = .
                0x000100f0                __bss_section_table = .
                0x000100f0        0x4 LONG 0x10000084 ADDR (.bss)
                0x000100f4        0x4 LONG 0x526c SIZEOF (.bss)
                0x000100f8        0x4 LONG 0x2007c000 ADDR (.bss_RAM2)
                0x000100fc        0x4 LONG 0x0 SIZEOF (.bss_RAM2)
                0x00010100        0x4 LONG 0x2007c800 ADDR (.bss_RAM3)
                0x00010104        0x4 LONG 0x23c0 SIZEOF (.bss_RAM3)
                0x00010108                __bss_section_table_end = .
                0x00010108                __section_table_end = .
 *(.after_vectors*)
 .after_vectors
                0x00010108       0x7c ./src/cr_startup_lpc175x_6x.o
                0x00010108                NMI_Handler
                0x0001010a                HardFault_Handler
                0x0001010c                MemManage_Handler
                0x0001010e                BusFault_Handler
                0x00010110                UsageFault_Handler
                0x00010112                DebugMon_Handler
                0x00010114                PWM1_IRQHandler
                0x00010114                USBActivity_IRQHandler
                0x00010114                UART3_IRQHandler
                0x00010114                RIT_IRQHandler
                0x00010114                I2C1_IRQHandler
                0x00010114                EINT2_IRQHandler
                0x00010114                EINT3_IRQHandler
                0x00010114                CANActivity_IRQHandler
                0x00010114                TIMER3_IRQHandler
                0x00010114                UART0_IRQHandler
                0x00010114                DMA_IRQHandler
                0x00010114                I2C0_IRQHandler
                0x00010114                IntDefaultHandler
                0x00010114                PLL0_IRQHandler
                0x00010114                CAN_IRQHandler
                0x00010114                PLL1_IRQHandler
                0x00010114                SSP0_IRQHandler
                0x00010114                I2S_IRQHandler
                0x00010114                I2C2_IRQHandler
                0x00010114                RTC_IRQHandler
                0x00010114                TIMER0_IRQHandler
                0x00010114                SPI_IRQHandler
                0x00010114                ETH_IRQHandler
                0x00010114                EINT1_IRQHandler
                0x00010114                TIMER1_IRQHandler
                0x00010114                UART2_IRQHandler
                0x00010114                ADC_IRQHandler
                0x00010114                SSP1_IRQHandler
                0x00010114                BOD_IRQHandler
                0x00010114                TIMER2_IRQHandler
                0x00010114                WDT_IRQHandler
                0x00010114                EINT0_IRQHandler
                0x00010114                QEI_IRQHandler
                0x00010114                MCPWM_IRQHandler
                0x00010116                data_init
                0x00010128                bss_init
                0x00010138                ResetISR
                0x0001017c                SVC_Handler
                0x0001017e                PendSV_Handler
                0x00010180                SysTick_Handler
                0x000002fc                . = 0x2fc
 *fill*         0x00010184      0x178 ff
                0x000102fc                PROVIDE (__CRP_WORD_START__ = .)
 *(.crp)
 .crp           0x000102fc        0x4 ./src/crp.o
                0x000102fc                CRP_WORD
                0x00010300                PROVIDE (__CRP_WORD_END__ = .)
                0x00000001                ASSERT (! ((__CRP_WORD_START__ == __CRP_WORD_END__)), Linker CRP Enabled, but no CRP_WORD provided within application)
 *(.text*)
 .text.vTask_HartBeat
                0x00010300       0x5c ./src/IA_2021_V0.o
 .text.vConfigureTimerForRunTimeStats
                0x0001035c       0x22 ./src/IA_2021_V0.o
                0x0001035c                vConfigureTimerForRunTimeStats
 *fill*         0x0001037e        0x2 ff
 .text.startup.main
                0x00010380       0x58 ./src/IA_2021_V0.o
                0x00010380                main
 .text.Debug_Trace_Texte
                0x000103d8        0x2 ./src/Init.o
                0x000103d8                Debug_Trace_Texte
 *fill*         0x000103da        0x2 ff
 .text.Set_Debug_Pin_0_High
                0x000103dc       0x10 ./src/Init.o
                0x000103dc                Set_Debug_Pin_0_High
 .text.Set_Debug_Pin_0_Low
                0x000103ec       0x10 ./src/Init.o
                0x000103ec                Set_Debug_Pin_0_Low
 .text.Set_Debug_Pin_1_Low
                0x000103fc       0x10 ./src/Init.o
                0x000103fc                Set_Debug_Pin_1_Low
 .text.Init_Send_Robot_ID
                0x0001040c       0x14 ./src/Init.o
                0x0001040c                Init_Send_Robot_ID
 .text.Init_Carte_IA
                0x00010420       0x4c ./src/Init.o
                0x00010420                Init_Carte_IA
 .text.SystemInit
                0x0001046c       0x14 ./src/sysinit.o
                0x0001046c                SystemInit
 .text.TEST_init_parametres
                0x00010480       0x44 ./src/test.o
                0x00010480                TEST_init_parametres
 .text.TEST_Deplacement
                0x000104c4       0xa4 ./src/test.o
                0x000104c4                TEST_Deplacement
 .text.TEST_envoi_Ping
                0x00010568       0x20 ./src/test.o
                0x00010568                TEST_envoi_Ping
 .text.vApplicationStackOverflowHook
                0x00010588       0x12 ./freertos/src/FreeRTOSCommonHooks.o
                0x00010588                vApplicationStackOverflowHook
 .text.xEventGroupCreate
                0x0001059a       0x1a ./freertos/src/event_groups.o
                0x0001059a                xEventGroupCreate
 .text.xEventGroupWaitBits
                0x000105b4       0xb8 ./freertos/src/event_groups.o
                0x000105b4                xEventGroupWaitBits
 .text.xEventGroupClearBits
                0x0001066c       0x1a ./freertos/src/event_groups.o
                0x0001066c                xEventGroupClearBits
 .text.xEventGroupSetBits
                0x00010686       0x5c ./freertos/src/event_groups.o
                0x00010686                xEventGroupSetBits
 .text.vEventGroupSetBitsCallback
                0x000106e2        0x4 ./freertos/src/event_groups.o
                0x000106e2                vEventGroupSetBitsCallback
 *fill*         0x000106e6        0x2 ff
 .text.prvInsertBlockIntoFreeList
                0x000106e8       0x48 ./freertos/src/heap_5.o
 .text.pvPortMalloc
                0x00010730       0xb4 ./freertos/src/heap_5.o
                0x00010730                pvPortMalloc
 .text.vPortFree
                0x000107e4       0x58 ./freertos/src/heap_5.o
                0x000107e4                vPortFree
 .text.vPortDefineHeapRegions
                0x0001083c       0x88 ./freertos/src/heap_5.o
                0x0001083c                vPortDefineHeapRegions
 .text.vListInitialise
                0x000108c4       0x16 ./freertos/src/list.o
                0x000108c4                vListInitialise
 .text.vListInitialiseItem
                0x000108da        0x6 ./freertos/src/list.o
                0x000108da                vListInitialiseItem
 .text.vListInsertEnd
                0x000108e0       0x18 ./freertos/src/list.o
                0x000108e0                vListInsertEnd
 .text.vListInsert
                0x000108f8       0x2e ./freertos/src/list.o
                0x000108f8                vListInsert
 .text.uxListRemove
                0x00010926       0x20 ./freertos/src/list.o
                0x00010926                uxListRemove
 .text.prvTaskExitError
                0x00010946       0x20 ./freertos/src/port.o
 *fill*         0x00010966        0x2 ff
 .text.prvPortStartFirstTask
                0x00010968       0x20 ./freertos/src/port.o
 .text.pxPortInitialiseStack
                0x00010988       0x24 ./freertos/src/port.o
                0x00010988                pxPortInitialiseStack
 *fill*         0x000109ac        0x4 ff
 .text.vPortSVCHandler
                0x000109b0       0x24 ./freertos/src/port.o
                0x000109b0                vPortSVCHandler
 .text.vPortEnterCritical
                0x000109d4       0x20 ./freertos/src/port.o
                0x000109d4                vPortEnterCritical
 .text.vPortExitCritical
                0x000109f4       0x14 ./freertos/src/port.o
                0x000109f4                vPortExitCritical
 *fill*         0x00010a08        0x8 ff
 .text.xPortPendSVHandler
                0x00010a10       0x44 ./freertos/src/port.o
                0x00010a10                xPortPendSVHandler
 .text.xPortSysTickHandler
                0x00010a54       0x2c ./freertos/src/port.o
                0x00010a54                xPortSysTickHandler
 .text.vPortSetupTimerInterrupt
                0x00010a80       0x24 ./freertos/src/port.o
                0x00010a80                vPortSetupTimerInterrupt
 .text.xPortStartScheduler
                0x00010aa4       0x38 ./freertos/src/port.o
                0x00010aa4                xPortStartScheduler
 .text.prvIsQueueEmpty
                0x00010adc       0x16 ./freertos/src/queue.o
 .text.prvCopyDataToQueue
                0x00010af2       0x6a ./freertos/src/queue.o
 .text.prvCopyDataFromQueue
                0x00010b5c       0x28 ./freertos/src/queue.o
 .text.prvUnlockQueue
                0x00010b84       0x70 ./freertos/src/queue.o
 .text.xQueueGenericReset
                0x00010bf4       0x6c ./freertos/src/queue.o
                0x00010bf4                xQueueGenericReset
 .text.xQueueGenericCreate
                0x00010c60       0x2e ./freertos/src/queue.o
                0x00010c60                xQueueGenericCreate
 *fill*         0x00010c8e        0x2 ff
 .text.xQueueGenericSend
                0x00010c90      0x104 ./freertos/src/queue.o
                0x00010c90                xQueueGenericSend
 .text.xQueueGenericSendFromISR
                0x00010d94       0x6a ./freertos/src/queue.o
                0x00010d94                xQueueGenericSendFromISR
 *fill*         0x00010dfe        0x2 ff
 .text.xQueueReceive
                0x00010e00       0xf0 ./freertos/src/queue.o
                0x00010e00                xQueueReceive
 .text.vQueueAddToRegistry
                0x00010ef0       0x24 ./freertos/src/queue.o
                0x00010ef0                vQueueAddToRegistry
 .text.vQueueWaitForMessageRestricted
                0x00010f14       0x46 ./freertos/src/queue.o
                0x00010f14                vQueueWaitForMessageRestricted
 *fill*         0x00010f5a        0x2 ff
 .text.prvResetNextTaskUnblockTime
                0x00010f5c       0x24 ./freertos/src/tasks.o
 .text.prvAddCurrentTaskToDelayedList
                0x00010f80       0x8c ./freertos/src/tasks.o
 .text.prvIdleTask
                0x0001100c       0x6c ./freertos/src/tasks.o
 .text.xTaskCreate
                0x00011078      0x1d8 ./freertos/src/tasks.o
                0x00011078                xTaskCreate
 .text.vTaskDelete
                0x00011250       0xbc ./freertos/src/tasks.o
                0x00011250                vTaskDelete
 .text.vTaskStartScheduler
                0x0001130c       0x6c ./freertos/src/tasks.o
                0x0001130c                vTaskStartScheduler
 .text.vTaskSuspendAll
                0x00011378       0x10 ./freertos/src/tasks.o
                0x00011378                vTaskSuspendAll
 .text.xTaskGetTickCount
                0x00011388        0xc ./freertos/src/tasks.o
                0x00011388                xTaskGetTickCount
 .text.xTaskIncrementTick
                0x00011394      0x10c ./freertos/src/tasks.o
                0x00011394                xTaskIncrementTick
 .text.xTaskResumeAll
                0x000114a0       0xd8 ./freertos/src/tasks.o
                0x000114a0                xTaskResumeAll
 .text.vTaskDelayUntil
                0x00011578       0x4c ./freertos/src/tasks.o
                0x00011578                vTaskDelayUntil
 .text.vTaskDelay
                0x000115c4       0x30 ./freertos/src/tasks.o
                0x000115c4                vTaskDelay
 .text.vTaskSwitchContext
                0x000115f4       0x90 ./freertos/src/tasks.o
                0x000115f4                vTaskSwitchContext
 .text.vTaskPlaceOnEventList
                0x00011684       0x20 ./freertos/src/tasks.o
                0x00011684                vTaskPlaceOnEventList
 .text.vTaskPlaceOnUnorderedEventList
                0x000116a4       0x28 ./freertos/src/tasks.o
                0x000116a4                vTaskPlaceOnUnorderedEventList
 .text.vTaskPlaceOnEventListRestricted
                0x000116cc       0x2c ./freertos/src/tasks.o
                0x000116cc                vTaskPlaceOnEventListRestricted
 .text.xTaskRemoveFromEventList
                0x000116f8       0x70 ./freertos/src/tasks.o
                0x000116f8                xTaskRemoveFromEventList
 .text.vTaskRemoveFromUnorderedEventList
                0x00011768       0x58 ./freertos/src/tasks.o
                0x00011768                vTaskRemoveFromUnorderedEventList
 .text.vTaskInternalSetTimeOutState
                0x000117c0       0x18 ./freertos/src/tasks.o
                0x000117c0                vTaskInternalSetTimeOutState
 .text.xTaskCheckForTimeOut
                0x000117d8       0x50 ./freertos/src/tasks.o
                0x000117d8                xTaskCheckForTimeOut
 .text.vTaskMissedYield
                0x00011828        0xc ./freertos/src/tasks.o
                0x00011828                vTaskMissedYield
 .text.xTaskGetCurrentTaskHandle
                0x00011834        0xc ./freertos/src/tasks.o
                0x00011834                xTaskGetCurrentTaskHandle
 .text.xTaskGetSchedulerState
                0x00011840       0x20 ./freertos/src/tasks.o
                0x00011840                xTaskGetSchedulerState
 .text.xTaskPriorityDisinherit
                0x00011860       0x70 ./freertos/src/tasks.o
                0x00011860                xTaskPriorityDisinherit
 .text.uxTaskResetEventItemValue
                0x000118d0       0x18 ./freertos/src/tasks.o
                0x000118d0                uxTaskResetEventItemValue
 .text.prvCheckForValidListAndQueue
                0x000118e8       0x58 ./freertos/src/timers.o
 .text.prvInsertTimerInActiveList
                0x00011940       0x3c ./freertos/src/timers.o
 .text.xTimerCreateTimerTask
                0x0001197c       0x38 ./freertos/src/timers.o
                0x0001197c                xTimerCreateTimerTask
 .text.xTimerGenericCommand
                0x000119b4       0x44 ./freertos/src/timers.o
                0x000119b4                xTimerGenericCommand
 .text.prvSwitchTimerLists
                0x000119f8       0x6c ./freertos/src/timers.o
 .text.prvTimerTask
                0x00011a64      0x1b8 ./freertos/src/timers.o
 .text.xTimerPendFunctionCallFromISR
                0x00011c1c       0x28 ./freertos/src/timers.o
                0x00011c1c                xTimerPendFunctionCallFromISR
 .text._0_Deplacement_Init
                0x00011c44       0x10 ./Strategie/Deplacement/0_Deplacements.o
                0x00011c44                _0_Deplacement_Init
 .text.Distance_To_Destination
                0x00011c54       0x48 ./Strategie/Deplacement/0_Deplacements.o
                0x00011c54                Distance_To_Destination
 .text._0_Deplacement_Wait_For_Arrival
                0x00011c9c       0x7c ./Strategie/Deplacement/0_Deplacements.o
                0x00011c9c                _0_Deplacement_Wait_For_Arrival
 .text.Distance_Two_Points
                0x00011d18       0x1c ./Strategie/Deplacement/0_Deplacements.o
                0x00011d18                Distance_Two_Points
 .text._0_Deplacement_ASTAR
                0x00011d34      0x238 ./Strategie/Deplacement/0_Deplacements.o
                0x00011d34                _0_Deplacement_ASTAR
 .text._0_Deplacement_Tourne_Avance
                0x00011f6c       0xc0 ./Strategie/Deplacement/0_Deplacements.o
                0x00011f6c                _0_Deplacement_Tourne_Avance
 .text._0_Deplacement_Tourne_Avance_ASTAR
                0x0001202c       0x90 ./Strategie/Deplacement/0_Deplacements.o
                0x0001202c                _0_Deplacement_Tourne_Avance_ASTAR
 .text._1_TEST_Obstacles_Opponent_Robots
                0x000120bc       0x7e ./Strategie/Deplacement/1_Obstacles.o
                0x000120bc                _1_TEST_Obstacles_Opponent_Robots
 .text._1_Obstacles_Create_Terrain_Border
                0x0001213a       0xa4 ./Strategie/Deplacement/1_Obstacles.o
                0x0001213a                _1_Obstacles_Create_Terrain_Border
 *fill*         0x000121de        0x2 ff
 .text._0_Infos_Init
                0x000121e0       0x10 ./Strategie/0_Infos.o
                0x000121e0                _0_Infos_Init
 .text._0_Update_Card_Datas
                0x000121f0       0x20 ./Strategie/0_Infos.o
                0x000121f0                _0_Update_Card_Datas
 .text._0_Get_Robot_Position
                0x00012210       0x4c ./Strategie/0_Infos.o
                0x00012210                _0_Get_Robot_Position
 .text.Astar_Map_Init
                0x0001225c      0x102 ./Pathfinding/Astar/Astar.o
                0x0001225c                Astar_Map_Init
 *fill*         0x0001235e        0x2 ff
 .text.Astar_Get_Map
                0x00012360        0x8 ./Pathfinding/Astar/Astar.o
                0x00012360                Astar_Get_Map
 .text.Astar_Get_Vector_Map
                0x00012368        0x8 ./Pathfinding/Astar/Astar.o
                0x00012368                Astar_Get_Vector_Map
 .text.Astar_Find_Best_Node_To_Compute
                0x00012370       0x8c ./Pathfinding/Astar/Astar.o
                0x00012370                Astar_Find_Best_Node_To_Compute
 .text.Astar_Compute_Node
                0x000123fc       0xb4 ./Pathfinding/Astar/Astar.o
                0x000123fc                Astar_Compute_Node
 .text.Astar_Compute_Surronding_Nodes
                0x000124b0      0x232 ./Pathfinding/Astar/Astar.o
                0x000124b0                Astar_Compute_Surronding_Nodes
 .text.Dijkstra_intersect_segment
                0x000126e2      0x2a2 ./Pathfinding/Astar/Astar.o
                0x000126e2                Dijkstra_intersect_segment
 .text.Dijkstra_Intersect_Any_Segment
                0x00012984       0x42 ./Pathfinding/Astar/Astar.o
                0x00012984                Dijkstra_Intersect_Any_Segment
 .text.Astar_Smoothing
                0x000129c6       0x7a ./Pathfinding/Astar/Astar.o
                0x000129c6                Astar_Smoothing
 .text.Astar_Generate_Trajectory
                0x00012a40       0x90 ./Pathfinding/Astar/Astar.o
                0x00012a40                Astar_Generate_Trajectory
 .text.Astar_Find_Path
                0x00012ad0       0xe0 ./Pathfinding/Astar/Astar.o
                0x00012ad0                Astar_Find_Path
 .text.Astar_Debug_Display_Map
                0x00012bb0        0x2 ./Pathfinding/Astar/Astar.o
                0x00012bb0                Astar_Debug_Display_Map
 .text.Astar_Add_Obstacle_Vector
                0x00012bb2       0x8c ./Pathfinding/Astar/Astar.o
                0x00012bb2                Astar_Add_Obstacle_Vector
 .text.Astar_Add_Rectangular_Obstacle
                0x00012c3e       0xb6 ./Pathfinding/Astar/Astar.o
                0x00012c3e                Astar_Add_Rectangular_Obstacle
 .text._0_RS485_Master_Mode
                0x00012cf4       0x16 ./Communication/RS485/0_RS485.o
                0x00012cf4                _0_RS485_Master_Mode
 .text._0_RS485_Slave_Mode
                0x00012d0a       0x16 ./Communication/RS485/0_RS485.o
                0x00012d0a                _0_RS485_Slave_Mode
 .text._0_RS485_Init
                0x00012d20       0x54 ./Communication/RS485/0_RS485.o
                0x00012d20                _0_RS485_Init
 .text._0_Communication_Send_RS485
                0x00012d74       0x90 ./Communication/0_Communication.o
                0x00012d74                _0_Communication_Send_RS485
 .text.Chip_UART_SendByte
                0x00012e04        0x4 ./Communication/0_Communication.o
 .text.Chip_UART_ReadLineStatus
                0x00012e08        0x4 ./Communication/0_Communication.o
 .text._0_Communication_Init_RS485
                0x00012e0c       0xa0 ./Communication/0_Communication.o
                0x00012e0c                _0_Communication_Init_RS485
 .text._0_Communication_Init
                0x00012eac       0x58 ./Communication/0_Communication.o
                0x00012eac                _0_Communication_Init
 .text.UART1_IRQHandler
                0x00012f04       0x9c ./Communication/0_Communication.o
                0x00012f04                UART1_IRQHandler
 .text.USB_IRQHandler
                0x00012fa0       0x18 ./Communication/0_Communication.o
                0x00012fa0                USB_IRQHandler
 .text._0_Communication_Send_Data
                0x00012fb8       0x6c ./Communication/0_Communication.o
                0x00012fb8                _0_Communication_Send_Data
 .text._0_Communication_Init_Event_Group
                0x00013024       0x10 ./Communication/0_Event_Group.o
                0x00013024                _0_Communication_Init_Event_Group
 .text._1_Communication_Create_Trame_From_Buffer
                0x00013034      0x2d4 ./Communication/1_Trame_Communication.o
                0x00013034                _1_Communication_Create_Trame_From_Buffer
 .text._1_Communication_Check_Rx_Adresse
                0x00013308       0x24 ./Communication/1_Trame_Communication.o
                0x00013308                _1_Communication_Check_Rx_Adresse
 .text._1_Communication_Recomposition_Rx
                0x0001332c       0x64 ./Communication/1_Trame_Communication.o
                0x0001332c                _1_Communication_Recomposition_Rx
 .text._1_Communication_Create_Queues_Semaphores
                0x00013390       0x30 ./Communication/1_Trame_Communication.o
                0x00013390                _1_Communication_Create_Queues_Semaphores
 .text._1_Communication_Init
                0x000133c0       0x30 ./Communication/1_Trame_Communication.o
                0x000133c0                _1_Communication_Init
 .text._1_Communication_Wait_To_Send
                0x000133f0       0x20 ./Communication/1_Trame_Communication.o
                0x000133f0                _1_Communication_Wait_To_Send
 .text._1_Communication_Free_Send_Bit
                0x00013410       0x10 ./Communication/1_Trame_Communication.o
                0x00013410                _1_Communication_Free_Send_Bit
 .text._1_Communication_Wait_To_Receive
                0x00013420       0x20 ./Communication/1_Trame_Communication.o
                0x00013420                _1_Communication_Wait_To_Receive
 .text._1_Communication_Free_Receive_Bit
                0x00013440       0x10 ./Communication/1_Trame_Communication.o
                0x00013440                _1_Communication_Free_Receive_Bit
 .text._1_Communication_Create_Trame
                0x00013450       0xa0 ./Communication/1_Trame_Communication.o
                0x00013450                _1_Communication_Create_Trame
 .text._2_Communication_Init
                0x000134f0       0x10 ./Communication/2_Echange_Datas.o
                0x000134f0                _2_Communication_Init
 .text._2_Comm_Send_Demande_Info
                0x00013500       0x34 ./Communication/2_Echange_Datas.o
                0x00013500                _2_Comm_Send_Demande_Info
 .text._2_Comm_Send_Log_Message
                0x00013534      0x10c ./Communication/2_Echange_Datas.o
                0x00013534                _2_Comm_Send_Log_Message
 .text._2_Comm_Send_Destination_Robot
                0x00013640       0x8c ./Communication/2_Echange_Datas.o
                0x00013640                _2_Comm_Send_Destination_Robot
 .text._2_Comm_Send_PONG
                0x000136cc       0x98 ./Communication/2_Echange_Datas.o
                0x000136cc                _2_Comm_Send_PONG
 .text._2_Comm_Robot_ID
                0x00013764       0x34 ./Communication/2_Echange_Datas.o
                0x00013764                _2_Comm_Robot_ID
 .text._2_Comm_Demande_Simulation
                0x00013798       0x40 ./Communication/2_Echange_Datas.o
                0x00013798                _2_Comm_Demande_Simulation
 .text._2_Comm_Demande_Motor_Power
                0x000137d8       0x44 ./Communication/2_Echange_Datas.o
                0x000137d8                _2_Comm_Demande_Motor_Power
 .text._2_Communication_RX_Lectures_Messages
                0x0001381c       0x9c ./Communication/2_Echange_Datas_Reception.o
                0x0001381c                _2_Communication_RX_Lectures_Messages
 .text._2_Communication_RX_Init
                0x000138b8       0x2c ./Communication/2_Echange_Datas_Reception.o
                0x000138b8                _2_Communication_RX_Init
 .text.SystemCoreClockUpdate
                0x000138e4       0x10 D:\Developpement_Robot\Robotic-System.git\trunk\Workspaces\MultiWorkSpaces_2021\0_lpc_chip_175x_6x\Release\lib0_lpc_chip_175x_6x.a(chip_17xx_40xx.o)
                0x000138e4                SystemCoreClockUpdate
 .text.Chip_Clock_EnablePLL
                0x000138f4       0x24 D:\Developpement_Robot\Robotic-System.git\trunk\Workspaces\MultiWorkSpaces_2021\0_lpc_chip_175x_6x\Release\lib0_lpc_chip_175x_6x.a(clock_17xx_40xx.o)
                0x000138f4                Chip_Clock_EnablePLL
 .text.Chip_Clock_DisablePLL
                0x00013918       0x26 D:\Developpement_Robot\Robotic-System.git\trunk\Workspaces\MultiWorkSpaces_2021\0_lpc_chip_175x_6x\Release\lib0_lpc_chip_175x_6x.a(clock_17xx_40xx.o)
                0x00013918                Chip_Clock_DisablePLL
 .text.Chip_Clock_SetupPLL
                0x0001393e       0x30 D:\Developpement_Robot\Robotic-System.git\trunk\Workspaces\MultiWorkSpaces_2021\0_lpc_chip_175x_6x\Release\lib0_lpc_chip_175x_6x.a(clock_17xx_40xx.o)
                0x0001393e                Chip_Clock_SetupPLL
 *fill*         0x0001396e        0x2 ff
 .text.Chip_Clock_EnablePeriphClock
                0x00013970       0x18 D:\Developpement_Robot\Robotic-System.git\trunk\Workspaces\MultiWorkSpaces_2021\0_lpc_chip_175x_6x\Release\lib0_lpc_chip_175x_6x.a(clock_17xx_40xx.o)
                0x00013970                Chip_Clock_EnablePeriphClock
 .text.Chip_Clock_GetCPUClockSource
                0x00013988       0x10 D:\Developpement_Robot\Robotic-System.git\trunk\Workspaces\MultiWorkSpaces_2021\0_lpc_chip_175x_6x\Release\lib0_lpc_chip_175x_6x.a(clock_17xx_40xx.o)
                0x00013988                Chip_Clock_GetCPUClockSource
 .text.Chip_Clock_SetCPUClockDiv
                0x00013998        0xc D:\Developpement_Robot\Robotic-System.git\trunk\Workspaces\MultiWorkSpaces_2021\0_lpc_chip_175x_6x\Release\lib0_lpc_chip_175x_6x.a(clock_17xx_40xx.o)
                0x00013998                Chip_Clock_SetCPUClockDiv
 .text.Chip_Clock_GetCPUClockDiv
                0x000139a4       0x10 D:\Developpement_Robot\Robotic-System.git\trunk\Workspaces\MultiWorkSpaces_2021\0_lpc_chip_175x_6x\Release\lib0_lpc_chip_175x_6x.a(clock_17xx_40xx.o)
                0x000139a4                Chip_Clock_GetCPUClockDiv
 .text.Chip_Clock_GetPCLKDiv
                0x000139b4       0x38 D:\Developpement_Robot\Robotic-System.git\trunk\Workspaces\MultiWorkSpaces_2021\0_lpc_chip_175x_6x\Release\lib0_lpc_chip_175x_6x.a(clock_17xx_40xx.o)
                0x000139b4                Chip_Clock_GetPCLKDiv
 .text.Chip_Clock_GetSYSCLKRate
                0x000139ec       0x38 D:\Developpement_Robot\Robotic-System.git\trunk\Workspaces\MultiWorkSpaces_2021\0_lpc_chip_175x_6x\Release\lib0_lpc_chip_175x_6x.a(clock_17xx_40xx.o)
                0x000139ec                Chip_Clock_GetSYSCLKRate
 .text.Chip_Clock_GetMainPLLOutClockRate
                0x00013a24       0x34 D:\Developpement_Robot\Robotic-System.git\trunk\Workspaces\MultiWorkSpaces_2021\0_lpc_chip_175x_6x\Release\lib0_lpc_chip_175x_6x.a(clock_17xx_40xx.o)
                0x00013a24                Chip_Clock_GetMainPLLOutClockRate
 .text.Chip_Clock_GetMainClockRate
                0x00013a58       0x20 D:\Developpement_Robot\Robotic-System.git\trunk\Workspaces\MultiWorkSpaces_2021\0_lpc_chip_175x_6x\Release\lib0_lpc_chip_175x_6x.a(clock_17xx_40xx.o)
                0x00013a58                Chip_Clock_GetMainClockRate
 .text.Chip_Clock_GetSystemClockRate
                0x00013a78       0x12 D:\Developpement_Robot\Robotic-System.git\trunk\Workspaces\MultiWorkSpaces_2021\0_lpc_chip_175x_6x\Release\lib0_lpc_chip_175x_6x.a(clock_17xx_40xx.o)
                0x00013a78                Chip_Clock_GetSystemClockRate
 .text.Chip_Clock_GetPeripheralClockRate
                0x00013a8a       0x16 D:\Developpement_Robot\Robotic-System.git\trunk\Workspaces\MultiWorkSpaces_2021\0_lpc_chip_175x_6x\Release\lib0_lpc_chip_175x_6x.a(clock_17xx_40xx.o)
                0x00013a8a                Chip_Clock_GetPeripheralClockRate
 .text.RingBuffer_Init
                0x00013aa0       0x10 D:\Developpement_Robot\Robotic-System.git\trunk\Workspaces\MultiWorkSpaces_2021\0_lpc_chip_175x_6x\Release\lib0_lpc_chip_175x_6x.a(ring_buffer.o)
                0x00013aa0                RingBuffer_Init
 .text.RingBuffer_Insert
                0x00013ab0       0x30 D:\Developpement_Robot\Robotic-System.git\trunk\Workspaces\MultiWorkSpaces_2021\0_lpc_chip_175x_6x\Release\lib0_lpc_chip_175x_6x.a(ring_buffer.o)
                0x00013ab0                RingBuffer_Insert
 .text.RingBuffer_InsertMult
                0x00013ae0       0x8c D:\Developpement_Robot\Robotic-System.git\trunk\Workspaces\MultiWorkSpaces_2021\0_lpc_chip_175x_6x\Release\lib0_lpc_chip_175x_6x.a(ring_buffer.o)
                0x00013ae0                RingBuffer_InsertMult
 .text.RingBuffer_Pop
                0x00013b6c       0x30 D:\Developpement_Robot\Robotic-System.git\trunk\Workspaces\MultiWorkSpaces_2021\0_lpc_chip_175x_6x\Release\lib0_lpc_chip_175x_6x.a(ring_buffer.o)
                0x00013b6c                RingBuffer_Pop
 .text.RingBuffer_PopMult
                0x00013b9c       0x7e D:\Developpement_Robot\Robotic-System.git\trunk\Workspaces\MultiWorkSpaces_2021\0_lpc_chip_175x_6x\Release\lib0_lpc_chip_175x_6x.a(ring_buffer.o)
                0x00013b9c                RingBuffer_PopMult
 .text.RingBuffer_Count
                0x00013c1a        0x8 D:\Developpement_Robot\Robotic-System.git\trunk\Workspaces\MultiWorkSpaces_2021\0_lpc_chip_175x_6x\Release\lib0_lpc_chip_175x_6x.a(ring_buffer.o)
                0x00013c1a                RingBuffer_Count
 *fill*         0x00013c22        0x2 ff
 .text.Chip_SetupIrcClocking
                0x00013c24       0x64 D:\Developpement_Robot\Robotic-System.git\trunk\Workspaces\MultiWorkSpaces_2021\0_lpc_chip_175x_6x\Release\lib0_lpc_chip_175x_6x.a(sysinit_17xx_40xx.o)
                0x00013c24                Chip_SetupIrcClocking
 .text.Chip_SetupXtalClocking
                0x00013c88       0xdc D:\Developpement_Robot\Robotic-System.git\trunk\Workspaces\MultiWorkSpaces_2021\0_lpc_chip_175x_6x\Release\lib0_lpc_chip_175x_6x.a(sysinit_17xx_40xx.o)
                0x00013c88                Chip_SetupXtalClocking
 .text.Chip_SystemInit
                0x00013d64        0x4 D:\Developpement_Robot\Robotic-System.git\trunk\Workspaces\MultiWorkSpaces_2021\0_lpc_chip_175x_6x\Release\lib0_lpc_chip_175x_6x.a(sysinit_17xx_40xx.o)
                0x00013d64                Chip_SystemInit
 .text.Chip_TIMER_Init
                0x00013d68       0x2c D:\Developpement_Robot\Robotic-System.git\trunk\Workspaces\MultiWorkSpaces_2021\0_lpc_chip_175x_6x\Release\lib0_lpc_chip_175x_6x.a(timer_17xx_40xx.o)
                0x00013d68                Chip_TIMER_Init
 .text.Chip_UART_Init
                0x00013d94       0x58 D:\Developpement_Robot\Robotic-System.git\trunk\Workspaces\MultiWorkSpaces_2021\0_lpc_chip_175x_6x\Release\lib0_lpc_chip_175x_6x.a(uart_17xx_40xx.o)
                0x00013d94                Chip_UART_Init
 .text.Chip_UART_TXEnable
                0x00013dec        0x6 D:\Developpement_Robot\Robotic-System.git\trunk\Workspaces\MultiWorkSpaces_2021\0_lpc_chip_175x_6x\Release\lib0_lpc_chip_175x_6x.a(uart_17xx_40xx.o)
                0x00013dec                Chip_UART_TXEnable
 *fill*         0x00013df2        0x2 ff
 .text.Chip_UART_SetBaud
                0x00013df4       0x58 D:\Developpement_Robot\Robotic-System.git\trunk\Workspaces\MultiWorkSpaces_2021\0_lpc_chip_175x_6x\Release\lib0_lpc_chip_175x_6x.a(uart_17xx_40xx.o)
                0x00013df4                Chip_UART_SetBaud
 .text.Chip_UART_RXIntHandlerRB
                0x00013e4c       0x22 D:\Developpement_Robot\Robotic-System.git\trunk\Workspaces\MultiWorkSpaces_2021\0_lpc_chip_175x_6x\Release\lib0_lpc_chip_175x_6x.a(uart_17xx_40xx.o)
                0x00013e4c                Chip_UART_RXIntHandlerRB
 .text.Chip_UART_TXIntHandlerRB
                0x00013e6e       0x24 D:\Developpement_Robot\Robotic-System.git\trunk\Workspaces\MultiWorkSpaces_2021\0_lpc_chip_175x_6x\Release\lib0_lpc_chip_175x_6x.a(uart_17xx_40xx.o)
                0x00013e6e                Chip_UART_TXIntHandlerRB
 *fill*         0x00013e92        0x2 ff
 .text.Chip_UART_IRQRBHandler
                0x00013e94       0x68 D:\Developpement_Robot\Robotic-System.git\trunk\Workspaces\MultiWorkSpaces_2021\0_lpc_chip_175x_6x\Release\lib0_lpc_chip_175x_6x.a(uart_17xx_40xx.o)
                0x00013e94                Chip_UART_IRQRBHandler
 .text.Set_Clock_in
                0x00013efc        0xc D:\Developpement_Robot\Robotic-System.git\trunk\Workspaces\MultiWorkSpaces_2021\0_lpc_board_nxp_lpcxpresso_1769\Release\lib0_lpc_board_nxp_lpcxpresso_1769.a(board.o)
                0x00013efc                Set_Clock_in
 .text.Board_Init
                0x00013f08       0x12 D:\Developpement_Robot\Robotic-System.git\trunk\Workspaces\MultiWorkSpaces_2021\0_lpc_board_nxp_lpcxpresso_1769\Release\lib0_lpc_board_nxp_lpcxpresso_1769.a(board.o)
                0x00013f08                Board_Init
 .text.EPAdr    0x00013f1a       0x10 D:\Developpement_Robot\Robotic-System.git\trunk\Workspaces\MultiWorkSpaces_2021\0_lpc_chip_175x_6x\libs\libusbd_175x_6x_lib.a(hw_usbd_ip3503.o)
                0x00013f1a                EPAdr
 .text.hwWrCmd  0x00013f2a       0x10 D:\Developpement_Robot\Robotic-System.git\trunk\Workspaces\MultiWorkSpaces_2021\0_lpc_chip_175x_6x\libs\libusbd_175x_6x_lib.a(hw_usbd_ip3503.o)
                0x00013f2a                hwWrCmd
 .text.hwWrCmdDat
                0x00013f3a       0x16 D:\Developpement_Robot\Robotic-System.git\trunk\Workspaces\MultiWorkSpaces_2021\0_lpc_chip_175x_6x\libs\libusbd_175x_6x_lib.a(hw_usbd_ip3503.o)
                0x00013f3a                hwWrCmdDat
 .text.hwWrCmdEP
                0x00013f50       0x24 D:\Developpement_Robot\Robotic-System.git\trunk\Workspaces\MultiWorkSpaces_2021\0_lpc_chip_175x_6x\libs\libusbd_175x_6x_lib.a(hw_usbd_ip3503.o)
                0x00013f50                hwWrCmdEP
 .text.hwRdCmdDat
                0x00013f74       0x12 D:\Developpement_Robot\Robotic-System.git\trunk\Workspaces\MultiWorkSpaces_2021\0_lpc_chip_175x_6x\libs\libusbd_175x_6x_lib.a(hw_usbd_ip3503.o)
                0x00013f74                hwRdCmdDat
 .text.hwUSB_GetMemSize
                0x00013f86        0x6 D:\Developpement_Robot\Robotic-System.git\trunk\Workspaces\MultiWorkSpaces_2021\0_lpc_chip_175x_6x\libs\libusbd_175x_6x_lib.a(hw_usbd_ip3503.o)
                0x00013f86                hwUSB_GetMemSize
 .text.hwUSB_Connect
                0x00013f8c       0x1c D:\Developpement_Robot\Robotic-System.git\trunk\Workspaces\MultiWorkSpaces_2021\0_lpc_chip_175x_6x\libs\libusbd_175x_6x_lib.a(hw_usbd_ip3503.o)
                0x00013f8c                hwUSB_Connect
 .text.hwUSB_Reset
                0x00013fa8       0x30 D:\Developpement_Robot\Robotic-System.git\trunk\Workspaces\MultiWorkSpaces_2021\0_lpc_chip_175x_6x\libs\libusbd_175x_6x_lib.a(hw_usbd_ip3503.o)
                0x00013fa8                hwUSB_Reset
 .text.hwUSB_WakeUp
                0x00013fd8       0x20 D:\Developpement_Robot\Robotic-System.git\trunk\Workspaces\MultiWorkSpaces_2021\0_lpc_chip_175x_6x\libs\libusbd_175x_6x_lib.a(hw_usbd_ip3503.o)
                0x00013fd8                hwUSB_WakeUp
 .text.hwUSB_WakeUpCfg
                0x00013ff8        0x2 D:\Developpement_Robot\Robotic-System.git\trunk\Workspaces\MultiWorkSpaces_2021\0_lpc_chip_175x_6x\libs\libusbd_175x_6x_lib.a(hw_usbd_ip3503.o)
                0x00013ff8                hwUSB_WakeUpCfg
 *fill*         0x00013ffa        0x2 ff
 .text.hwUSB_SetAddress
                0x00013ffc       0x30 D:\Developpement_Robot\Robotic-System.git\trunk\Workspaces\MultiWorkSpaces_2021\0_lpc_chip_175x_6x\libs\libusbd_175x_6x_lib.a(hw_usbd_ip3503.o)
                0x00013ffc                hwUSB_SetAddress
 .text.hwUSB_Init
                0x0001402c       0x84 D:\Developpement_Robot\Robotic-System.git\trunk\Workspaces\MultiWorkSpaces_2021\0_lpc_chip_175x_6x\libs\libusbd_175x_6x_lib.a(hw_usbd_ip3503.o)
                0x0001402c                hwUSB_Init
 .text.hwUSB_Configure
                0x000140b0       0x34 D:\Developpement_Robot\Robotic-System.git\trunk\Workspaces\MultiWorkSpaces_2021\0_lpc_chip_175x_6x\libs\libusbd_175x_6x_lib.a(hw_usbd_ip3503.o)
                0x000140b0                hwUSB_Configure
 .text.hwUSB_ConfigEP
                0x000140e4       0x32 D:\Developpement_Robot\Robotic-System.git\trunk\Workspaces\MultiWorkSpaces_2021\0_lpc_chip_175x_6x\libs\libusbd_175x_6x_lib.a(hw_usbd_ip3503.o)
                0x000140e4                hwUSB_ConfigEP
 .text.hwUSB_DirCtrlEP
                0x00014116        0x2 D:\Developpement_Robot\Robotic-System.git\trunk\Workspaces\MultiWorkSpaces_2021\0_lpc_chip_175x_6x\libs\libusbd_175x_6x_lib.a(hw_usbd_ip3503.o)
                0x00014116                hwUSB_DirCtrlEP
 .text.hwUSB_EnableEP
                0x00014118       0x24 D:\Developpement_Robot\Robotic-System.git\trunk\Workspaces\MultiWorkSpaces_2021\0_lpc_chip_175x_6x\libs\libusbd_175x_6x_lib.a(hw_usbd_ip3503.o)
                0x00014118                hwUSB_EnableEP
 .text.hwUSB_DisableEP
                0x0001413c       0x28 D:\Developpement_Robot\Robotic-System.git\trunk\Workspaces\MultiWorkSpaces_2021\0_lpc_chip_175x_6x\libs\libusbd_175x_6x_lib.a(hw_usbd_ip3503.o)
                0x0001413c                hwUSB_DisableEP
 .text.hwUSB_ResetEP
                0x00014164       0x24 D:\Developpement_Robot\Robotic-System.git\trunk\Workspaces\MultiWorkSpaces_2021\0_lpc_chip_175x_6x\libs\libusbd_175x_6x_lib.a(hw_usbd_ip3503.o)
                0x00014164                hwUSB_ResetEP
 .text.hwUSB_SetStallEP
                0x00014188       0x28 D:\Developpement_Robot\Robotic-System.git\trunk\Workspaces\MultiWorkSpaces_2021\0_lpc_chip_175x_6x\libs\libusbd_175x_6x_lib.a(hw_usbd_ip3503.o)
                0x00014188                hwUSB_SetStallEP
 .text.hwUSB_ClrStallEP
                0x000141b0       0x24 D:\Developpement_Robot\Robotic-System.git\trunk\Workspaces\MultiWorkSpaces_2021\0_lpc_chip_175x_6x\libs\libusbd_175x_6x_lib.a(hw_usbd_ip3503.o)
                0x000141b0                hwUSB_ClrStallEP
 .text.hwUSB_EnableEvent
                0x000141d4       0xd8 D:\Developpement_Robot\Robotic-System.git\trunk\Workspaces\MultiWorkSpaces_2021\0_lpc_chip_175x_6x\libs\libusbd_175x_6x_lib.a(hw_usbd_ip3503.o)
                0x000141d4                hwUSB_EnableEvent
 .text.hwUSB_ReadEP
                0x000142ac       0x80 D:\Developpement_Robot\Robotic-System.git\trunk\Workspaces\MultiWorkSpaces_2021\0_lpc_chip_175x_6x\libs\libusbd_175x_6x_lib.a(hw_usbd_ip3503.o)
                0x000142ac                hwUSB_ReadEP
 .text.hwUSB_ForceFullSpeed
                0x0001432c        0x2 D:\Developpement_Robot\Robotic-System.git\trunk\Workspaces\MultiWorkSpaces_2021\0_lpc_chip_175x_6x\libs\libusbd_175x_6x_lib.a(hw_usbd_ip3503.o)
                0x0001432c                hwUSB_ForceFullSpeed
 .text.hwUSB_SetTestMode
                0x0001432e        0x4 D:\Developpement_Robot\Robotic-System.git\trunk\Workspaces\MultiWorkSpaces_2021\0_lpc_chip_175x_6x\libs\libusbd_175x_6x_lib.a(hw_usbd_ip3503.o)
                0x0001432e                hwUSB_SetTestMode
 .text.hwUSB_ReadReqEP
                0x00014332        0x4 D:\Developpement_Robot\Robotic-System.git\trunk\Workspaces\MultiWorkSpaces_2021\0_lpc_chip_175x_6x\libs\libusbd_175x_6x_lib.a(hw_usbd_ip3503.o)
                0x00014332                hwUSB_ReadReqEP
 .text.hwUSB_ReadSetupPkt
                0x00014336        0x4 D:\Developpement_Robot\Robotic-System.git\trunk\Workspaces\MultiWorkSpaces_2021\0_lpc_chip_175x_6x\libs\libusbd_175x_6x_lib.a(hw_usbd_ip3503.o)
                0x00014336                hwUSB_ReadSetupPkt
 *fill*         0x0001433a        0x2 ff
 .text.hwUSB_WriteEP
                0x0001433c       0x44 D:\Developpement_Robot\Robotic-System.git\trunk\Workspaces\MultiWorkSpaces_2021\0_lpc_chip_175x_6x\libs\libusbd_175x_6x_lib.a(hw_usbd_ip3503.o)
                0x0001433c                hwUSB_WriteEP
 .text.hwUSB_ISR
                0x00014380      0x1a0 D:\Developpement_Robot\Robotic-System.git\trunk\Workspaces\MultiWorkSpaces_2021\0_lpc_chip_175x_6x\libs\libusbd_175x_6x_lib.a(hw_usbd_ip3503.o)
                0x00014380                hwUSB_ISR
 .text.mwCDC_SetRequest
                0x00014520       0x7c D:\Developpement_Robot\Robotic-System.git\trunk\Workspaces\MultiWorkSpaces_2021\0_lpc_chip_175x_6x\libs\libusbd_175x_6x_lib.a(mw_usbd_cdcuser.o)
                0x00014520                mwCDC_SetRequest
 .text.mwCDC_ep0_hdlr
                0x0001459c       0xb0 D:\Developpement_Robot\Robotic-System.git\trunk\Workspaces\MultiWorkSpaces_2021\0_lpc_chip_175x_6x\libs\libusbd_175x_6x_lib.a(mw_usbd_cdcuser.o)
                0x0001459c                mwCDC_ep0_hdlr
 .text.mwCDC_GetRequest
                0x0001464c       0x50 D:\Developpement_Robot\Robotic-System.git\trunk\Workspaces\MultiWorkSpaces_2021\0_lpc_chip_175x_6x\libs\libusbd_175x_6x_lib.a(mw_usbd_cdcuser.o)
                0x0001464c                mwCDC_GetRequest
 .text.mwCDC_SendNotification
                0x0001469c       0x50 D:\Developpement_Robot\Robotic-System.git\trunk\Workspaces\MultiWorkSpaces_2021\0_lpc_chip_175x_6x\libs\libusbd_175x_6x_lib.a(mw_usbd_cdcuser.o)
                0x0001469c                mwCDC_SendNotification
 .text.mwCDC_GetMemSize
                0x000146ec        0x4 D:\Developpement_Robot\Robotic-System.git\trunk\Workspaces\MultiWorkSpaces_2021\0_lpc_chip_175x_6x\libs\libusbd_175x_6x_lib.a(mw_usbd_cdcuser.o)
                0x000146ec                mwCDC_GetMemSize
 .text.mwCDC_init
                0x000146f0      0x140 D:\Developpement_Robot\Robotic-System.git\trunk\Workspaces\MultiWorkSpaces_2021\0_lpc_chip_175x_6x\libs\libusbd_175x_6x_lib.a(mw_usbd_cdcuser.o)
                0x000146f0                mwCDC_init
 .text.USB_ReqGetConfiguration
                0x00014830       0x20 D:\Developpement_Robot\Robotic-System.git\trunk\Workspaces\MultiWorkSpaces_2021\0_lpc_chip_175x_6x\libs\libusbd_175x_6x_lib.a(mw_usbd_core.o)
                0x00014830                USB_ReqGetConfiguration
 .text.USBD_virt_to_phys
                0x00014850        0x2 D:\Developpement_Robot\Robotic-System.git\trunk\Workspaces\MultiWorkSpaces_2021\0_lpc_chip_175x_6x\libs\libusbd_175x_6x_lib.a(mw_usbd_core.o)
                0x00014850                USBD_virt_to_phys
 .text.USBD_cache_flush
                0x00014852        0x2 D:\Developpement_Robot\Robotic-System.git\trunk\Workspaces\MultiWorkSpaces_2021\0_lpc_chip_175x_6x\libs\libusbd_175x_6x_lib.a(mw_usbd_core.o)
                0x00014852                USBD_cache_flush
 .text.USB_ReqGetStatus
                0x00014854       0x8c D:\Developpement_Robot\Robotic-System.git\trunk\Workspaces\MultiWorkSpaces_2021\0_lpc_chip_175x_6x\libs\libusbd_175x_6x_lib.a(mw_usbd_core.o)
                0x00014854                USB_ReqGetStatus
 .text.USB_ReqGetDescriptor
                0x000148e0       0x84 D:\Developpement_Robot\Robotic-System.git\trunk\Workspaces\MultiWorkSpaces_2021\0_lpc_chip_175x_6x\libs\libusbd_175x_6x_lib.a(mw_usbd_core.o)
                0x000148e0                USB_ReqGetDescriptor
 .text.USB_ReqGetInterface
                0x00014964       0x34 D:\Developpement_Robot\Robotic-System.git\trunk\Workspaces\MultiWorkSpaces_2021\0_lpc_chip_175x_6x\libs\libusbd_175x_6x_lib.a(mw_usbd_core.o)
                0x00014964                USB_ReqGetInterface
 .text.USB_ReqSetClrFeature
                0x00014998       0xb4 D:\Developpement_Robot\Robotic-System.git\trunk\Workspaces\MultiWorkSpaces_2021\0_lpc_chip_175x_6x\libs\libusbd_175x_6x_lib.a(mw_usbd_core.o)
                0x00014998                USB_ReqSetClrFeature
 .text.USB_ReqSetConfiguration
                0x00014a4c      0x194 D:\Developpement_Robot\Robotic-System.git\trunk\Workspaces\MultiWorkSpaces_2021\0_lpc_chip_175x_6x\libs\libusbd_175x_6x_lib.a(mw_usbd_core.o)
                0x00014a4c                USB_ReqSetConfiguration
 .text.USB_ReqSetInterface
                0x00014be0      0x144 D:\Developpement_Robot\Robotic-System.git\trunk\Workspaces\MultiWorkSpaces_2021\0_lpc_chip_175x_6x\libs\libusbd_175x_6x_lib.a(mw_usbd_core.o)
                0x00014be0                USB_ReqSetInterface
 .text.mwUSB_SetupStage
                0x00014d24        0xa D:\Developpement_Robot\Robotic-System.git\trunk\Workspaces\MultiWorkSpaces_2021\0_lpc_chip_175x_6x\libs\libusbd_175x_6x_lib.a(mw_usbd_core.o)
                0x00014d24                mwUSB_SetupStage
 .text.mwUSB_DataInStage
                0x00014d2e       0x2e D:\Developpement_Robot\Robotic-System.git\trunk\Workspaces\MultiWorkSpaces_2021\0_lpc_chip_175x_6x\libs\libusbd_175x_6x_lib.a(mw_usbd_core.o)
                0x00014d2e                mwUSB_DataInStage
 .text.mwUSB_DataOutStage
                0x00014d5c       0x24 D:\Developpement_Robot\Robotic-System.git\trunk\Workspaces\MultiWorkSpaces_2021\0_lpc_chip_175x_6x\libs\libusbd_175x_6x_lib.a(mw_usbd_core.o)
                0x00014d5c                mwUSB_DataOutStage
 .text.mwUSB_StatusInStage
                0x00014d80        0xa D:\Developpement_Robot\Robotic-System.git\trunk\Workspaces\MultiWorkSpaces_2021\0_lpc_chip_175x_6x\libs\libusbd_175x_6x_lib.a(mw_usbd_core.o)
                0x00014d80                mwUSB_StatusInStage
 .text.mwUSB_StatusOutStage
                0x00014d8a        0xa D:\Developpement_Robot\Robotic-System.git\trunk\Workspaces\MultiWorkSpaces_2021\0_lpc_chip_175x_6x\libs\libusbd_175x_6x_lib.a(mw_usbd_core.o)
                0x00014d8a                mwUSB_StatusOutStage
 .text.mwUSB_StallEp0
                0x00014d94       0x12 D:\Developpement_Robot\Robotic-System.git\trunk\Workspaces\MultiWorkSpaces_2021\0_lpc_chip_175x_6x\libs\libusbd_175x_6x_lib.a(mw_usbd_core.o)
                0x00014d94                mwUSB_StallEp0
 *fill*         0x00014da6        0x2 ff
 .text.USB_ReqSetAddress
                0x00014da8       0x24 D:\Developpement_Robot\Robotic-System.git\trunk\Workspaces\MultiWorkSpaces_2021\0_lpc_chip_175x_6x\libs\libusbd_175x_6x_lib.a(mw_usbd_core.o)
                0x00014da8                USB_ReqSetAddress
 .text.USB_InvokeEp0Hdlrs
                0x00014dcc       0x44 D:\Developpement_Robot\Robotic-System.git\trunk\Workspaces\MultiWorkSpaces_2021\0_lpc_chip_175x_6x\libs\libusbd_175x_6x_lib.a(mw_usbd_core.o)
                0x00014dcc                USB_InvokeEp0Hdlrs
 .text.mwUSB_ResetCore
                0x00014e10       0x26 D:\Developpement_Robot\Robotic-System.git\trunk\Workspaces\MultiWorkSpaces_2021\0_lpc_chip_175x_6x\libs\libusbd_175x_6x_lib.a(mw_usbd_core.o)
                0x00014e10                mwUSB_ResetCore
 *fill*         0x00014e36        0x2 ff
 .text.USB_EvtSetupHandler
                0x00014e38      0x108 D:\Developpement_Robot\Robotic-System.git\trunk\Workspaces\MultiWorkSpaces_2021\0_lpc_chip_175x_6x\libs\libusbd_175x_6x_lib.a(mw_usbd_core.o)
                0x00014e38                USB_EvtSetupHandler
 .text.USB_EvtOutHandler
                0x00014f40       0x68 D:\Developpement_Robot\Robotic-System.git\trunk\Workspaces\MultiWorkSpaces_2021\0_lpc_chip_175x_6x\libs\libusbd_175x_6x_lib.a(mw_usbd_core.o)
                0x00014f40                USB_EvtOutHandler
 .text.USB_EndPoint0
                0x00014fa8       0x94 D:\Developpement_Robot\Robotic-System.git\trunk\Workspaces\MultiWorkSpaces_2021\0_lpc_chip_175x_6x\libs\libusbd_175x_6x_lib.a(mw_usbd_core.o)
                0x00014fa8                USB_EndPoint0
 .text.mwUSB_InitCore
                0x0001503c       0xdc D:\Developpement_Robot\Robotic-System.git\trunk\Workspaces\MultiWorkSpaces_2021\0_lpc_chip_175x_6x\libs\libusbd_175x_6x_lib.a(mw_usbd_core.o)
                0x0001503c                mwUSB_InitCore
 .text.mwUSB_RegisterClassHandler
                0x00015118       0x28 D:\Developpement_Robot\Robotic-System.git\trunk\Workspaces\MultiWorkSpaces_2021\0_lpc_chip_175x_6x\libs\libusbd_175x_6x_lib.a(mw_usbd_core.o)
                0x00015118                mwUSB_RegisterClassHandler
 .text.mwUSB_RegisterEpHandler
                0x00015140       0x24 D:\Developpement_Robot\Robotic-System.git\trunk\Workspaces\MultiWorkSpaces_2021\0_lpc_chip_175x_6x\libs\libusbd_175x_6x_lib.a(mw_usbd_core.o)
                0x00015140                mwUSB_RegisterEpHandler
 .text          0x00015164      0x21c c:/nxp/mcuxpressoide_11.2.1_4149/ide/plugins/com.nxp.mcuxpresso.tools.win32_11.2.0.202008311134/tools/bin/../lib/gcc/arm-none-eabi/9.2.1/thumb/v7-m/nofp\libgcc.a(_arm_addsubsf3.o)
                0x00015164                __aeabi_frsub
                0x0001516c                __subsf3
                0x0001516c                __aeabi_fsub
                0x00015170                __aeabi_fadd
                0x00015170                __addsf3
                0x000152d0                __aeabi_ui2f
                0x000152d0                __floatunsisf
                0x000152d8                __aeabi_i2f
                0x000152d8                __floatsisf
                0x000152f4                __aeabi_ul2f
                0x000152f4                __floatundisf
                0x00015304                __aeabi_l2f
                0x00015304                __floatdisf
 .text          0x00015380      0x2a0 c:/nxp/mcuxpressoide_11.2.1_4149/ide/plugins/com.nxp.mcuxpresso.tools.win32_11.2.0.202008311134/tools/bin/../lib/gcc/arm-none-eabi/9.2.1/thumb/v7-m/nofp\libgcc.a(_arm_muldivsf3.o)
                0x00015380                __mulsf3
                0x00015380                __aeabi_fmul
                0x000154e8                __aeabi_fdiv
                0x000154e8                __divsf3
 .text          0x00015620       0xec c:/nxp/mcuxpressoide_11.2.1_4149/ide/plugins/com.nxp.mcuxpresso.tools.win32_11.2.0.202008311134/tools/bin/../lib/gcc/arm-none-eabi/9.2.1/thumb/v7-m/nofp\libgcc.a(_arm_cmpsf2.o)
                0x00015620                __gesf2
                0x00015620                __gtsf2
                0x00015628                __lesf2
                0x00015628                __ltsf2
                0x00015630                __nesf2
                0x00015630                __eqsf2
                0x00015630                __cmpsf2
                0x00015690                __aeabi_cfrcmple
                0x00015698                __aeabi_cfcmpeq
                0x00015698                __aeabi_cfcmple
                0x000156a8                __aeabi_fcmpeq
                0x000156bc                __aeabi_fcmplt
                0x000156d0                __aeabi_fcmple
                0x000156e4                __aeabi_fcmpge
                0x000156f8                __aeabi_fcmpgt
 .text          0x0001570c       0x4c c:/nxp/mcuxpressoide_11.2.1_4149/ide/plugins/com.nxp.mcuxpresso.tools.win32_11.2.0.202008311134/tools/bin/../lib/gcc/arm-none-eabi/9.2.1/thumb/v7-m/nofp\libgcc.a(_arm_fixsfsi.o)
                0x0001570c                __aeabi_f2iz
                0x0001570c                __fixsfsi
 .text.memcpy   0x00015758       0x1c c:/nxp/mcuxpressoide_11.2.1_4149/ide/plugins/com.nxp.mcuxpresso.tools.win32_11.2.0.202008311134/tools/bin/../lib/gcc/arm-none-eabi/9.2.1/../../../../arm-none-eabi/lib/thumb/v7-m/nofp\libc_nano.a(lib_a-memcpy-stub.o)
                0x00015758                memcpy
 .text.memset   0x00015774       0x10 c:/nxp/mcuxpressoide_11.2.1_4149/ide/plugins/com.nxp.mcuxpresso.tools.win32_11.2.0.202008311134/tools/bin/../lib/gcc/arm-none-eabi/9.2.1/../../../../arm-none-eabi/lib/thumb/v7-m/nofp\libc_nano.a(lib_a-memset.o)
                0x00015774                memset
 .text.sprintf  0x00015784       0x40 c:/nxp/mcuxpressoide_11.2.1_4149/ide/plugins/com.nxp.mcuxpresso.tools.win32_11.2.0.202008311134/tools/bin/../lib/gcc/arm-none-eabi/9.2.1/../../../../arm-none-eabi/lib/thumb/v7-m/nofp\libc_nano.a(lib_a-sprintf.o)
                0x00015784                siprintf
                0x00015784                sprintf
 .text          0x000157c4       0x10 c:/nxp/mcuxpressoide_11.2.1_4149/ide/plugins/com.nxp.mcuxpresso.tools.win32_11.2.0.202008311134/tools/bin/../lib/gcc/arm-none-eabi/9.2.1/../../../../arm-none-eabi/lib/thumb/v7-m/nofp\libc_nano.a(lib_a-strlen.o)
                0x000157c4                strlen
 .text.__ssputs_r
                0x000157d4       0xb6 c:/nxp/mcuxpressoide_11.2.1_4149/ide/plugins/com.nxp.mcuxpresso.tools.win32_11.2.0.202008311134/tools/bin/../lib/gcc/arm-none-eabi/9.2.1/../../../../arm-none-eabi/lib/thumb/v7-m/nofp\libc_nano.a(lib_a-nano-svfprintf.o)
                0x000157d4                __ssputs_r
 *fill*         0x0001588a        0x2 ff
 .text._svfprintf_r
                0x0001588c      0x200 c:/nxp/mcuxpressoide_11.2.1_4149/ide/plugins/com.nxp.mcuxpresso.tools.win32_11.2.0.202008311134/tools/bin/../lib/gcc/arm-none-eabi/9.2.1/../../../../arm-none-eabi/lib/thumb/v7-m/nofp\libc_nano.a(lib_a-nano-svfprintf.o)
                0x0001588c                _svfiprintf_r
                0x0001588c                _svfprintf_r
 .text._printf_common
                0x00015a8c       0xde c:/nxp/mcuxpressoide_11.2.1_4149/ide/plugins/com.nxp.mcuxpresso.tools.win32_11.2.0.202008311134/tools/bin/../lib/gcc/arm-none-eabi/9.2.1/../../../../arm-none-eabi/lib/thumb/v7-m/nofp\libc_nano.a(lib_a-nano-vfprintf_i.o)
                0x00015a8c                _printf_common
 *fill*         0x00015b6a        0x2 ff
 .text._printf_i
                0x00015b6c      0x24c c:/nxp/mcuxpressoide_11.2.1_4149/ide/plugins/com.nxp.mcuxpresso.tools.win32_11.2.0.202008311134/tools/bin/../lib/gcc/arm-none-eabi/9.2.1/../../../../arm-none-eabi/lib/thumb/v7-m/nofp\libc_nano.a(lib_a-nano-vfprintf_i.o)
                0x00015b6c                _printf_i
 .text.memchr   0x00015db8       0x1c c:/nxp/mcuxpressoide_11.2.1_4149/ide/plugins/com.nxp.mcuxpresso.tools.win32_11.2.0.202008311134/tools/bin/../lib/gcc/arm-none-eabi/9.2.1/../../../../arm-none-eabi/lib/thumb/v7-m/nofp\libc_nano.a(lib_a-memchr-stub.o)
                0x00015db8                memchr
 .text.memmove  0x00015dd4       0x34 c:/nxp/mcuxpressoide_11.2.1_4149/ide/plugins/com.nxp.mcuxpresso.tools.win32_11.2.0.202008311134/tools/bin/../lib/gcc/arm-none-eabi/9.2.1/../../../../arm-none-eabi/lib/thumb/v7-m/nofp\libc_nano.a(lib_a-memmove.o)
                0x00015dd4                memmove
 .text._free_r  0x00015e08       0x98 c:/nxp/mcuxpressoide_11.2.1_4149/ide/plugins/com.nxp.mcuxpresso.tools.win32_11.2.0.202008311134/tools/bin/../lib/gcc/arm-none-eabi/9.2.1/../../../../arm-none-eabi/lib/thumb/v7-m/nofp\libc_nano.a(lib_a-nano-freer.o)
                0x00015e08                _free_r
 .text._malloc_r
                0x00015ea0       0xb4 c:/nxp/mcuxpressoide_11.2.1_4149/ide/plugins/com.nxp.mcuxpresso.tools.win32_11.2.0.202008311134/tools/bin/../lib/gcc/arm-none-eabi/9.2.1/../../../../arm-none-eabi/lib/thumb/v7-m/nofp\libc_nano.a(lib_a-nano-mallocr.o)
                0x00015ea0                _malloc_r
 .text._realloc_r
                0x00015f54       0x4c c:/nxp/mcuxpressoide_11.2.1_4149/ide/plugins/com.nxp.mcuxpresso.tools.win32_11.2.0.202008311134/tools/bin/../lib/gcc/arm-none-eabi/9.2.1/../../../../arm-none-eabi/lib/thumb/v7-m/nofp\libc_nano.a(lib_a-nano-reallocr.o)
                0x00015f54                _realloc_r
 .text._sbrk_r  0x00015fa0       0x20 c:/nxp/mcuxpressoide_11.2.1_4149/ide/plugins/com.nxp.mcuxpresso.tools.win32_11.2.0.202008311134/tools/bin/../lib/gcc/arm-none-eabi/9.2.1/../../../../arm-none-eabi/lib/thumb/v7-m/nofp\libc_nano.a(lib_a-sbrkr.o)
                0x00015fa0                _sbrk_r
 .text.__malloc_lock
                0x00015fc0        0xc c:/nxp/mcuxpressoide_11.2.1_4149/ide/plugins/com.nxp.mcuxpresso.tools.win32_11.2.0.202008311134/tools/bin/../lib/gcc/arm-none-eabi/9.2.1/../../../../arm-none-eabi/lib/thumb/v7-m/nofp\libc_nano.a(lib_a-mlock.o)
                0x00015fc0                __malloc_lock
 .text.__malloc_unlock
                0x00015fcc        0xc c:/nxp/mcuxpressoide_11.2.1_4149/ide/plugins/com.nxp.mcuxpresso.tools.win32_11.2.0.202008311134/tools/bin/../lib/gcc/arm-none-eabi/9.2.1/../../../../arm-none-eabi/lib/thumb/v7-m/nofp\libc_nano.a(lib_a-mlock.o)
                0x00015fcc                __malloc_unlock
 .text._malloc_usable_size_r
                0x00015fd8       0x10 c:/nxp/mcuxpressoide_11.2.1_4149/ide/plugins/com.nxp.mcuxpresso.tools.win32_11.2.0.202008311134/tools/bin/../lib/gcc/arm-none-eabi/9.2.1/../../../../arm-none-eabi/lib/thumb/v7-m/nofp\libc_nano.a(lib_a-nano-msizer.o)
                0x00015fd8                _malloc_usable_size_r
 .text.__retarget_lock_acquire_recursive
                0x00015fe8        0x2 c:/nxp/mcuxpressoide_11.2.1_4149/ide/plugins/com.nxp.mcuxpresso.tools.win32_11.2.0.202008311134/tools/bin/../lib/gcc/arm-none-eabi/9.2.1/../../../../arm-none-eabi/lib/thumb/v7-m/nofp\libc_nano.a(lib_a-lock.o)
                0x00015fe8                __retarget_lock_acquire_recursive
 .text.__retarget_lock_release_recursive
                0x00015fea        0x2 c:/nxp/mcuxpressoide_11.2.1_4149/ide/plugins/com.nxp.mcuxpresso.tools.win32_11.2.0.202008311134/tools/bin/../lib/gcc/arm-none-eabi/9.2.1/../../../../arm-none-eabi/lib/thumb/v7-m/nofp\libc_nano.a(lib_a-lock.o)
                0x00015fea                __retarget_lock_release_recursive
 .text.sqrtf    0x00015fec       0xa4 c:/nxp/mcuxpressoide_11.2.1_4149/ide/plugins/com.nxp.mcuxpresso.tools.win32_11.2.0.202008311134/tools/bin/../lib/gcc/arm-none-eabi/9.2.1/../../../../arm-none-eabi/lib/thumb/v7-m/nofp\libm.a(lib_a-wf_sqrt.o)
                0x00015fec                sqrtf
 .text.__ieee754_sqrtf
                0x00016090       0xa8 c:/nxp/mcuxpressoide_11.2.1_4149/ide/plugins/com.nxp.mcuxpresso.tools.win32_11.2.0.202008311134/tools/bin/../lib/gcc/arm-none-eabi/9.2.1/../../../../arm-none-eabi/lib/thumb/v7-m/nofp\libm.a(lib_a-ef_sqrt.o)
                0x00016090                __ieee754_sqrtf
 .text.matherr  0x00016138        0x4 c:/nxp/mcuxpressoide_11.2.1_4149/ide/plugins/com.nxp.mcuxpresso.tools.win32_11.2.0.202008311134/tools/bin/../lib/gcc/arm-none-eabi/9.2.1/../../../../arm-none-eabi/lib/thumb/v7-m/nofp\libm.a(lib_a-s_matherr.o)
                0x00016138                matherr
 .text._sbrk    0x0001613c       0x3c c:/nxp/mcuxpressoide_11.2.1_4149/ide/plugins/com.nxp.mcuxpresso.tools.win32_11.2.0.202008311134/tools/bin/../lib/gcc/arm-none-eabi/9.2.1/../../../../arm-none-eabi/lib/thumb/v7-m/nofp\libcr_newlib_none.a(_cr_sbrk.o)
                0x0001613c                _sbrk
 .text.__check_heap_overflow
                0x00016178       0x14 c:/nxp/mcuxpressoide_11.2.1_4149/ide/plugins/com.nxp.mcuxpresso.tools.win32_11.2.0.202008311134/tools/bin/../lib/gcc/arm-none-eabi/9.2.1/../../../../arm-none-eabi/lib/thumb/v7-m/nofp\libcr_newlib_none.a(_cr_check_heap.o)
                0x00016178                __check_heap_overflow
 .text          0x0001618c      0x378 c:/nxp/mcuxpressoide_11.2.1_4149/ide/plugins/com.nxp.mcuxpresso.tools.win32_11.2.0.202008311134/tools/bin/../lib/gcc/arm-none-eabi/9.2.1/thumb/v7-m/nofp\libgcc.a(_arm_addsubdf3.o)
                0x0001618c                __aeabi_drsub
                0x00016194                __aeabi_dsub
                0x00016194                __subdf3
                0x00016198                __aeabi_dadd
                0x00016198                __adddf3
                0x00016410                __floatunsidf
                0x00016410                __aeabi_ui2d
                0x00016430                __floatsidf
                0x00016430                __aeabi_i2d
                0x00016454                __aeabi_f2d
                0x00016454                __extendsfdf2
                0x00016498                __floatundidf
                0x00016498                __aeabi_ul2d
                0x000164a8                __floatdidf
                0x000164a8                __aeabi_l2d
 .text          0x00016504      0x424 c:/nxp/mcuxpressoide_11.2.1_4149/ide/plugins/com.nxp.mcuxpresso.tools.win32_11.2.0.202008311134/tools/bin/../lib/gcc/arm-none-eabi/9.2.1/thumb/v7-m/nofp\libgcc.a(_arm_muldivdf3.o)
                0x00016504                __aeabi_dmul
                0x00016504                __muldf3
                0x00016758                __divdf3
                0x00016758                __aeabi_ddiv
 .text          0x00016928       0xa0 c:/nxp/mcuxpressoide_11.2.1_4149/ide/plugins/com.nxp.mcuxpresso.tools.win32_11.2.0.202008311134/tools/bin/../lib/gcc/arm-none-eabi/9.2.1/thumb/v7-m/nofp\libgcc.a(_arm_truncdfsf2.o)
                0x00016928                __truncdfsf2
                0x00016928                __aeabi_d2f
 .text          0x000169c8       0x2c c:/nxp/mcuxpressoide_11.2.1_4149/ide/plugins/com.nxp.mcuxpresso.tools.win32_11.2.0.202008311134/tools/bin/../lib/gcc/arm-none-eabi/9.2.1/thumb/v7-m/nofp\libgcc.a(_arm_unordsf2.o)
                0x000169c8                __unordsf2
                0x000169c8                __aeabi_fcmpun
 .text.__errno  0x000169f4        0xc c:/nxp/mcuxpressoide_11.2.1_4149/ide/plugins/com.nxp.mcuxpresso.tools.win32_11.2.0.202008311134/tools/bin/../lib/gcc/arm-none-eabi/9.2.1/../../../../arm-none-eabi/lib/thumb/v7-m/nofp\libc_nano.a(lib_a-errno.o)
                0x000169f4                __errno
 *(.rodata .rodata.* .constdata .constdata.*)
 .rodata.main.str1.1
                0x00016a00        0xf ./src/IA_2021_V0.o
 *fill*         0x00016a0f        0x1 ff
 .rodata        0x00016a10       0x15 ./src/test.o
 .rodata.vTaskStartScheduler.str1.1
                0x00016a25        0x5 ./freertos/src/tasks.o
 .rodata.prvCheckForValidListAndQueue.str1.1
                0x00016a2a        0x5 ./freertos/src/timers.o
 .rodata.xTimerCreateTimerTask.str1.1
                0x00016a2f        0x8 ./freertos/src/timers.o
 .rodata._0_Deplacement_ASTAR.str1.1
                0x00016a37       0x2f ./Strategie/Deplacement/0_Deplacements.o
 .rodata._0_Deplacement_Tourne_Avance_ASTAR.str1.1
                0x00016a66        0xd ./Strategie/Deplacement/0_Deplacements.o
 .rodata.Astar_Find_Path.str1.1
                0x00016a73       0x36 ./Pathfinding/Astar/Astar.o
 *fill*         0x00016aa9        0x3 ff
 .rodata.g_usbApi
                0x00016aac       0x20 ./Communication/USB/src/cdc_usb_main.o
 .rodata        0x00016acc       0x23 ./Communication/0_Communication.o
 .rodata        0x00016aef       0x26 ./Communication/1_Trame_Communication.o
 .rodata._2_Comm_Send_Destination_Robot.str1.1
                0x00016b15       0x2f ./Communication/2_Echange_Datas.o
 .rodata._2_Comm_Send_PONG.str1.1
                0x00016b44       0x65 ./Communication/2_Echange_Datas.o
 *fill*         0x00016ba9        0x3 ff
 .rodata._2_Communication_RX_Lectures_Messages.str1.4
                0x00016bac       0x2b ./Communication/2_Echange_Datas_Reception.o
 .rodata._2_Communication_RX_Init.str1.1
                0x00016bd7       0x11 ./Communication/2_Echange_Datas_Reception.o
 .rodata.MainOscPLL0conf_12
                0x00016be8       0xf0 D:\Developpement_Robot\Robotic-System.git\trunk\Workspaces\MultiWorkSpaces_2021\0_lpc_chip_175x_6x\Release\lib0_lpc_chip_175x_6x.a(sysinit_17xx_40xx.o)
 .rodata.MainOscPLL0conf_16
                0x00016cd8       0xb0 D:\Developpement_Robot\Robotic-System.git\trunk\Workspaces\MultiWorkSpaces_2021\0_lpc_chip_175x_6x\Release\lib0_lpc_chip_175x_6x.a(sysinit_17xx_40xx.o)
 .rodata.RTCOscRateIn
                0x00016d88        0x4 D:\Developpement_Robot\Robotic-System.git\trunk\Workspaces\MultiWorkSpaces_2021\0_lpc_board_nxp_lpcxpresso_1769\Release\lib0_lpc_board_nxp_lpcxpresso_1769.a(board.o)
                0x00016d88                RTCOscRateIn
 .rodata.hw_api
                0x00016d8c       0x5c D:\Developpement_Robot\Robotic-System.git\trunk\Workspaces\MultiWorkSpaces_2021\0_lpc_chip_175x_6x\libs\libusbd_175x_6x_lib.a(mw_usbd_rom_api.o)
                0x00016d8c                hw_api
 .rodata.core_api
                0x00016de8       0x20 D:\Developpement_Robot\Robotic-System.git\trunk\Workspaces\MultiWorkSpaces_2021\0_lpc_chip_175x_6x\libs\libusbd_175x_6x_lib.a(mw_usbd_rom_api.o)
                0x00016de8                core_api
 .rodata.cdc_api
                0x00016e08        0xc D:\Developpement_Robot\Robotic-System.git\trunk\Workspaces\MultiWorkSpaces_2021\0_lpc_chip_175x_6x\libs\libusbd_175x_6x_lib.a(mw_usbd_rom_api.o)
                0x00016e08                cdc_api
 .rodata._svfprintf_r.str1.1
                0x00016e14       0x11 c:/nxp/mcuxpressoide_11.2.1_4149/ide/plugins/com.nxp.mcuxpresso.tools.win32_11.2.0.202008311134/tools/bin/../lib/gcc/arm-none-eabi/9.2.1/../../../../arm-none-eabi/lib/thumb/v7-m/nofp\libc_nano.a(lib_a-nano-svfprintf.o)
 .rodata._printf_i.str1.1
                0x00016e25       0x22 c:/nxp/mcuxpressoide_11.2.1_4149/ide/plugins/com.nxp.mcuxpresso.tools.win32_11.2.0.202008311134/tools/bin/../lib/gcc/arm-none-eabi/9.2.1/../../../../arm-none-eabi/lib/thumb/v7-m/nofp\libc_nano.a(lib_a-nano-vfprintf_i.o)
 *fill*         0x00016e47        0x1 ff
 .rodata.sqrtf.str1.4
                0x00016e48        0x6 c:/nxp/mcuxpressoide_11.2.1_4149/ide/plugins/com.nxp.mcuxpresso.tools.win32_11.2.0.202008311134/tools/bin/../lib/gcc/arm-none-eabi/9.2.1/../../../../arm-none-eabi/lib/thumb/v7-m/nofp\libm.a(lib_a-wf_sqrt.o)
                0x00016e50                . = ALIGN (0x4)
 *fill*         0x00016e4e        0x2 ff

.glue_7         0x00016e50        0x0
 .glue_7        0x00016e50        0x0 linker stubs

.glue_7t        0x00016e50        0x0
 .glue_7t       0x00016e50        0x0 linker stubs

.vfp11_veneer   0x00016e50        0x0
 .vfp11_veneer  0x00016e50        0x0 linker stubs

.v4_bx          0x00016e50        0x0
 .v4_bx         0x00016e50        0x0 linker stubs

.iplt           0x00016e50        0x0
 .iplt          0x00016e50        0x0 ./src/IA_2021_V0.o

.rel.dyn        0x00016e50        0x0
 .rel.iplt      0x00016e50        0x0 ./src/IA_2021_V0.o

.ARM.extab
 *(.ARM.extab* .gnu.linkonce.armextab.*)

.ARM.exidx      0x00016e50        0x0
                0x00016e50                __exidx_start = .
 *(.ARM.exidx* .gnu.linkonce.armexidx.*)
                0x00016e50                __exidx_end = .
                0x00016e50                _etext = .

.data_RAM2      0x2007c000        0x0 load address 0x00016e50
 FILL mask 0xff
                [!provide]                PROVIDE (__start_data_RAM2 = .)
                [!provide]                PROVIDE (__start_data_Ram_USB = .)
 *(.ramfunc.$RAM2)
 *(.ramfunc.$Ram_USB)
 *(.data.$RAM2)
 *(.data.$Ram_USB)
 *(.data.$RAM2.*)
 *(.data.$Ram_USB.*)
                0x2007c000                . = ALIGN (0x4)
                [!provide]                PROVIDE (__end_data_RAM2 = .)
                [!provide]                PROVIDE (__end_data_Ram_USB = .)

.data_RAM3      0x2007c800        0x0 load address 0x00016e50
 FILL mask 0xff
                [!provide]                PROVIDE (__start_data_RAM3 = .)
                [!provide]                PROVIDE (__start_data_RAM3 = .)
 *(.ramfunc.$RAM3)
 *(.ramfunc.$RAM3)
 *(.data.$RAM3)
 *(.data.$RAM3)
 *(.data.$RAM3.*)
 *(.data.$RAM3.*)
                0x2007c800                . = ALIGN (0x4)
                [!provide]                PROVIDE (__end_data_RAM3 = .)
                [!provide]                PROVIDE (__end_data_RAM3 = .)

.uninit_RESERVED
                0x10000000        0x0
                0x10000000                _start_uninit_RESERVED = .
 *(.bss.$RESERVED*)
                0x10000000                . = ALIGN (0x4)
                0x10000000                _end_uninit_RESERVED = .

.data           0x10000000       0x84 load address 0x00016e50
 FILL mask 0xff
                0x10000000                _data = .
                [!provide]                PROVIDE (__start_data_RAM = .)
                [!provide]                PROVIDE (__start_data_RamLoc32 = .)
 *(vtable)
 *(.ramfunc*)
 *(CodeQuickAccess)
 *(DataQuickAccess)
 *(RamFunction)
 *(.data*)
 .data.xHeapRegions
                0x10000000       0x10 ./src/IA_2021_V0.o
 .data.uxCriticalNesting
                0x10000010        0x4 ./freertos/src/port.o
 .data.g_pUsbApi
                0x10000014        0x4 ./Communication/USB/src/cdc_usb_main.o
                0x10000014                g_pUsbApi
 .data.OscRateIn
                0x10000018        0x4 D:\Developpement_Robot\Robotic-System.git\trunk\Workspaces\MultiWorkSpaces_2021\0_lpc_board_nxp_lpcxpresso_1769\Release\lib0_lpc_board_nxp_lpcxpresso_1769.a(board.o)
                0x10000018                OscRateIn
 .data._impure_ptr
                0x1000001c        0x4 c:/nxp/mcuxpressoide_11.2.1_4149/ide/plugins/com.nxp.mcuxpresso.tools.win32_11.2.0.202008311134/tools/bin/../lib/gcc/arm-none-eabi/9.2.1/../../../../arm-none-eabi/lib/thumb/v7-m/nofp\libc_nano.a(lib_a-impure.o)
                0x1000001c                _impure_ptr
 .data.impure_data
                0x10000020       0x60 c:/nxp/mcuxpressoide_11.2.1_4149/ide/plugins/com.nxp.mcuxpresso.tools.win32_11.2.0.202008311134/tools/bin/../lib/gcc/arm-none-eabi/9.2.1/../../../../arm-none-eabi/lib/thumb/v7-m/nofp\libc_nano.a(lib_a-impure.o)
 .data.__fdlib_version
                0x10000080        0x1 c:/nxp/mcuxpressoide_11.2.1_4149/ide/plugins/com.nxp.mcuxpresso.tools.win32_11.2.0.202008311134/tools/bin/../lib/gcc/arm-none-eabi/9.2.1/../../../../arm-none-eabi/lib/thumb/v7-m/nofp\libm.a(lib_a-s_lib_ver.o)
                0x10000080                __fdlib_version
                0x10000084                . = ALIGN (0x4)
 *fill*         0x10000081        0x3 ff
                0x10000084                _edata = .
                [!provide]                PROVIDE (__end_data_RAM = .)
                [!provide]                PROVIDE (__end_data_RamLoc32 = .)

.igot.plt       0x10000084        0x0 load address 0x00016ed4
 .igot.plt      0x10000084        0x0 ./src/IA_2021_V0.o

.bss_RAM2       0x2007c000        0x0
                [!provide]                PROVIDE (__start_bss_RAM2 = .)
                [!provide]                PROVIDE (__start_bss_Ram_USB = .)
 *(.bss.$RAM2)
 *(.bss.$Ram_USB)
 *(.bss.$RAM2.*)
 *(.bss.$Ram_USB.*)
                0x2007c000                . = ALIGN ((. != 0x0)?0x4:0x1)
                [!provide]                PROVIDE (__end_bss_RAM2 = .)
                [!provide]                PROVIDE (__end_bss_Ram_USB = .)

.bss_RAM3       0x2007c800     0x23c0
                [!provide]                PROVIDE (__start_bss_RAM3 = .)
                [!provide]                PROVIDE (__start_bss_RAM3 = .)
 *(.bss.$RAM3)
 .bss.$RAM3     0x2007c800       0x10 ./Strategie/Deplacement/0_Deplacements.o
 .bss.$RAM3     0x2007c810       0xc0 ./Strategie/0_Infos.o
 .bss.$RAM3     0x2007c8d0      0x180 ./Communication/0_Communication.o
 .bss.$RAM3     0x2007ca50       0xdf ./Communication/1_Trame_Communication.o
 *fill*         0x2007cb2f        0x1 
 .bss.$RAM3     0x2007cb30       0x46 ./Communication/2_Echange_Datas.o
 *fill*         0x2007cb76        0x2 
 .bss.$RAM3     0x2007cb78       0x46 ./Communication/2_Echange_Datas_Reception.o
 *(.bss.$RAM3)
 *(.bss.$RAM3.*)
 .bss.$RAM3.    0x2007cbbe     0x2000 ./src/IA_2021_V0.o
 *(.bss.$RAM3.*)
                0x2007ebc0                . = ALIGN ((. != 0x0)?0x4:0x1)
 *fill*         0x2007ebbe        0x2 
                [!provide]                PROVIDE (__end_bss_RAM3 = .)
                [!provide]                PROVIDE (__end_bss_RAM3 = .)

.bss            0x10000084     0x526c
                0x10000084                _bss = .
                [!provide]                PROVIDE (__start_bss_RAM = .)
                [!provide]                PROVIDE (__start_bss_RamLoc32 = .)
 *(.bss*)
 .bss.pxEnd     0x10000084        0x4 ./freertos/src/heap_5.o
 .bss.xBlockAllocatedBit
                0x10000088        0x4 ./freertos/src/heap_5.o
 .bss.xFreeBytesRemaining
                0x1000008c        0x4 ./freertos/src/heap_5.o
 .bss.xMinimumEverFreeBytesRemaining
                0x10000090        0x4 ./freertos/src/heap_5.o
 .bss.xNumberOfSuccessfulAllocations
                0x10000094        0x4 ./freertos/src/heap_5.o
 .bss.xNumberOfSuccessfulFrees
                0x10000098        0x4 ./freertos/src/heap_5.o
 .bss.xStart    0x1000009c        0x8 ./freertos/src/heap_5.o
 .bss.xQueueRegistry
                0x100000a4       0x50 ./freertos/src/queue.o
                0x100000a4                xQueueRegistry
 .bss.pxCurrentTCB
                0x100000f4        0x4 ./freertos/src/tasks.o
                0x100000f4                pxCurrentTCB
 .bss.pxDelayedTaskList
                0x100000f8        0x4 ./freertos/src/tasks.o
 .bss.pxOverflowDelayedTaskList
                0x100000fc        0x4 ./freertos/src/tasks.o
 .bss.pxReadyTasksLists
                0x10000100       0x64 ./freertos/src/tasks.o
 .bss.uxCurrentNumberOfTasks
                0x10000164        0x4 ./freertos/src/tasks.o
 .bss.uxDeletedTasksWaitingCleanUp
                0x10000168        0x4 ./freertos/src/tasks.o
 .bss.uxSchedulerSuspended
                0x1000016c        0x4 ./freertos/src/tasks.o
 .bss.uxTaskNumber
                0x10000170        0x4 ./freertos/src/tasks.o
 .bss.uxTopReadyPriority
                0x10000174        0x4 ./freertos/src/tasks.o
 .bss.xDelayedTaskList1
                0x10000178       0x14 ./freertos/src/tasks.o
 .bss.xDelayedTaskList2
                0x1000018c       0x14 ./freertos/src/tasks.o
 .bss.xIdleTaskHandle
                0x100001a0        0x4 ./freertos/src/tasks.o
 .bss.xNextTaskUnblockTime
                0x100001a4        0x4 ./freertos/src/tasks.o
 .bss.xNumOfOverflows
                0x100001a8        0x4 ./freertos/src/tasks.o
 .bss.xPendedTicks
                0x100001ac        0x4 ./freertos/src/tasks.o
 .bss.xPendingReadyList
                0x100001b0       0x14 ./freertos/src/tasks.o
 .bss.xSchedulerRunning
                0x100001c4        0x4 ./freertos/src/tasks.o
 .bss.xSuspendedTaskList
                0x100001c8       0x14 ./freertos/src/tasks.o
 .bss.xTasksWaitingTermination
                0x100001dc       0x14 ./freertos/src/tasks.o
 .bss.xTickCount
                0x100001f0        0x4 ./freertos/src/tasks.o
 .bss.xYieldPending
                0x100001f4        0x4 ./freertos/src/tasks.o
 .bss.pxCurrentTimerList
                0x100001f8        0x4 ./freertos/src/timers.o
 .bss.pxOverflowTimerList
                0x100001fc        0x4 ./freertos/src/timers.o
 .bss.xActiveTimerList1
                0x10000200       0x14 ./freertos/src/timers.o
 .bss.xActiveTimerList2
                0x10000214       0x14 ./freertos/src/timers.o
 .bss.xLastTime.9167
                0x10000228        0x4 ./freertos/src/timers.o
 .bss.xTimerQueue
                0x1000022c        0x4 ./freertos/src/timers.o
 .bss.xTimerTaskHandle
                0x10000230        0x4 ./freertos/src/timers.o
 .bss.Astar_Task_Handler
                0x10000234        0x4 ./Strategie/Deplacement/0_Deplacements.o
                0x10000234                Astar_Task_Handler
 .bss._0_Deplacement_EventGroup
                0x10000238        0x4 ./Strategie/Deplacement/0_Deplacements.o
                0x10000238                _0_Deplacement_EventGroup
 .bss.str.10275
                0x1000023c       0x46 ./Strategie/Deplacement/0_Deplacements.o
 .bss.Astar_Vector
                0x10000282      0x34a ./Pathfinding/Astar/Astar.o
 .bss.Map       0x100005cc     0x4b10 ./Pathfinding/Astar/Astar.o
 .bss.g_hUsb    0x100050dc        0x4 ./Communication/USB/src/cdc_usb_main.o
                0x100050dc                g_hUsb
 .bss.Message.11248
                0x100050e0       0x4d ./Communication/0_Communication.o
 *fill*         0x1000512d        0x3 
 .bss._1_xQueue_Message_TO_Send
                0x10005130        0x4 ./Communication/0_Communication.o
                0x10005130                _1_xQueue_Message_TO_Send
 .bss.already_flaged.11237
                0x10005134        0x1 ./Communication/0_Communication.o
 .bss.g_txBuff.11249
                0x10005135       0x80 ./Communication/0_Communication.o
 *fill*         0x100051b5        0x3 
 .bss.rxring_RS485
                0x100051b8       0x14 ./Communication/0_Communication.o
                0x100051b8                rxring_RS485
 .bss.txring    0x100051cc       0x14 ./Communication/0_Communication.o
                0x100051cc                txring
 .bss._0_Comm_EventGroup
                0x100051e0        0x4 ./Communication/0_Event_Group.o
                0x100051e0                _0_Comm_EventGroup
 .bss.Nb_Rx_Fifo_Full
                0x100051e4        0x4 ./Communication/1_Trame_Communication.o
 .bss.Nb_Erreurs_com
                0x100051e8        0x4 ./Communication/1_Trame_Communication.o
                0x100051e8                Nb_Erreurs_com
 .bss.Nb_Messages_adresses_corrects
                0x100051ec        0x4 ./Communication/1_Trame_Communication.o
 .bss.Nb_Messages_recus
                0x100051f0        0x4 ./Communication/1_Trame_Communication.o
 .bss._1_xQueue_Message_Receive
                0x100051f4        0x4 ./Communication/1_Trame_Communication.o
                0x100051f4                _1_xQueue_Message_Receive
 .bss.log_message
                0x100051f8       0x3e ./Communication/2_Echange_Datas.o
 .bss.str.9970  0x10005236       0x46 ./Communication/2_Echange_Datas.o
 .bss.str.9984  0x1000527c       0x46 ./Communication/2_Echange_Datas.o
 *fill*         0x100052c2        0x2 
 .bss.Nb_Messages_Interpretes
                0x100052c4        0x4 ./Communication/2_Echange_Datas_Reception.o
 .bss.Nb_PONG_recus
                0x100052c8        0x4 ./Communication/2_Echange_Datas_Reception.o
                0x100052c8                Nb_PONG_recus
 .bss.ABsyncSts
                0x100052cc        0x1 D:\Developpement_Robot\Robotic-System.git\trunk\Workspaces\MultiWorkSpaces_2021\0_lpc_chip_175x_6x\Release\lib0_lpc_chip_175x_6x.a(uart_17xx_40xx.o)
 *fill*         0x100052cd        0x3 
 .bss.__malloc_free_list
                0x100052d0        0x4 c:/nxp/mcuxpressoide_11.2.1_4149/ide/plugins/com.nxp.mcuxpresso.tools.win32_11.2.0.202008311134/tools/bin/../lib/gcc/arm-none-eabi/9.2.1/../../../../arm-none-eabi/lib/thumb/v7-m/nofp\libc_nano.a(lib_a-nano-mallocr.o)
                0x100052d0                __malloc_free_list
 .bss.__malloc_sbrk_start
                0x100052d4        0x4 c:/nxp/mcuxpressoide_11.2.1_4149/ide/plugins/com.nxp.mcuxpresso.tools.win32_11.2.0.202008311134/tools/bin/../lib/gcc/arm-none-eabi/9.2.1/../../../../arm-none-eabi/lib/thumb/v7-m/nofp\libc_nano.a(lib_a-nano-mallocr.o)
                0x100052d4                __malloc_sbrk_start
 .bss.__end_of_heap
                0x100052d8        0x4 c:/nxp/mcuxpressoide_11.2.1_4149/ide/plugins/com.nxp.mcuxpresso.tools.win32_11.2.0.202008311134/tools/bin/../lib/gcc/arm-none-eabi/9.2.1/../../../../arm-none-eabi/lib/thumb/v7-m/nofp\libcr_newlib_none.a(_cr_sbrk.o)
                0x100052d8                __end_of_heap
 *(COMMON)
 COMMON         0x100052dc        0x4 D:\Developpement_Robot\Robotic-System.git\trunk\Workspaces\MultiWorkSpaces_2021\0_lpc_chip_175x_6x\Release\lib0_lpc_chip_175x_6x.a(chip_17xx_40xx.o)
                0x100052dc                SystemCoreClock
 COMMON         0x100052e0        0x4 c:/nxp/mcuxpressoide_11.2.1_4149/ide/plugins/com.nxp.mcuxpresso.tools.win32_11.2.0.202008311134/tools/bin/../lib/gcc/arm-none-eabi/9.2.1/../../../../arm-none-eabi/lib/thumb/v7-m/nofp\libc_nano.a(lib_a-reent.o)
                0x100052e0                errno
 COMMON         0x100052e4        0x9 c:/nxp/mcuxpressoide_11.2.1_4149/ide/plugins/com.nxp.mcuxpresso.tools.win32_11.2.0.202008311134/tools/bin/../lib/gcc/arm-none-eabi/9.2.1/../../../../arm-none-eabi/lib/thumb/v7-m/nofp\libc_nano.a(lib_a-lock.o)
                0x100052e4                __lock___atexit_recursive_mutex
                0x100052e5                __lock___arc4random_mutex
                0x100052e6                __lock___env_recursive_mutex
                0x100052e7                __lock___sinit_recursive_mutex
                0x100052e8                __lock___malloc_recursive_mutex
                0x100052e9                __lock___at_quick_exit_mutex
                0x100052ea                __lock___dd_hash_mutex
                0x100052eb                __lock___tz_mutex
                0x100052ec                __lock___sfp_recursive_mutex
                0x100052f0                . = ALIGN (0x4)
 *fill*         0x100052ed        0x3 
                0x100052f0                _ebss = .
                [!provide]                PROVIDE (__end_bss_RAM = .)
                [!provide]                PROVIDE (__end_bss_RamLoc32 = .)
                [!provide]                PROVIDE (end = .)

.noinit_RAM2    0x2007c000        0x0
                [!provide]                PROVIDE (__start_noinit_RAM2 = .)
                [!provide]                PROVIDE (__start_noinit_Ram_USB = .)
 *(.noinit.$RAM2)
 *(.noinit.$Ram_USB)
 *(.noinit.$RAM2.*)
 *(.noinit.$Ram_USB.*)
                0x2007c000                . = ALIGN (0x4)
                [!provide]                PROVIDE (__end_noinit_RAM2 = .)
                [!provide]                PROVIDE (__end_noinit_Ram_USB = .)

.noinit_RAM3    0x2007ebc0        0x0
                [!provide]                PROVIDE (__start_noinit_RAM3 = .)
                [!provide]                PROVIDE (__start_noinit_RAM3 = .)
 *(.noinit.$RAM3)
 *(.noinit.$RAM3)
 *(.noinit.$RAM3.*)
 *(.noinit.$RAM3.*)
                0x2007ebc0                . = ALIGN (0x4)
                [!provide]                PROVIDE (__end_noinit_RAM3 = .)
                [!provide]                PROVIDE (__end_noinit_RAM3 = .)

.noinit         0x100052f0        0x0
                0x100052f0                _noinit = .
                [!provide]                PROVIDE (__start_noinit_RAM = .)
                [!provide]                PROVIDE (__start_noinit_RamLoc32 = .)
 *(.noinit*)
                0x100052f0                . = ALIGN (0x4)
                0x100052f0                _end_noinit = .
                [!provide]                PROVIDE (__end_noinit_RAM = .)
                [!provide]                PROVIDE (__end_noinit_RamLoc32 = .)
                0x100052f0                PROVIDE (_pvHeapStart = DEFINED (__user_heap_base)?__user_heap_base:.)
                0x10008000                PROVIDE (_vStackTop = DEFINED (__user_stack_top)?__user_stack_top:(__top_RamLoc32 - 0x0))
                [!provide]                PROVIDE (__valid_user_code_checksum = (0x0 - ((((((_vStackTop + (ResetISR + 0x1)) + (NMI_Handler + 0x1)) + (HardFault_Handler + 0x1)) + (DEFINED (MemManage_Handler)?MemManage_Handler:0x0 + 0x1)) + (DEFINED (BusFault_Handler)?BusFault_Handler:0x0 + 0x1)) + (DEFINED (UsageFault_Handler)?UsageFault_Handler:0x0 + 0x1))))
                0x00010000                _image_start = LOADADDR (.text)
                0x00016ed4                _image_end = (LOADADDR (.data) + SIZEOF (.data))
                0x00006ed4                _image_size = (_image_end - _image_start)
OUTPUT(IA_2021_V0.axf elf32-littlearm)

.debug_info     0x00000000    0x2ef61
 .debug_info    0x00000000     0x28f2 ./src/IA_2021_V0.o
 .debug_info    0x000028f2     0x1294 ./src/Init.o
 .debug_info    0x00003b86      0x2f5 ./src/cr_startup_lpc175x_6x.o
 .debug_info    0x00003e7b       0x3c ./src/crp.o
 .debug_info    0x00003eb7      0x9d6 ./src/sysinit.o
 .debug_info    0x0000488d      0xe57 ./src/test.o
 .debug_info    0x000056e4      0xb10 ./freertos/src/FreeRTOSCommonHooks.o
 .debug_info    0x000061f4     0x136c ./freertos/src/event_groups.o
 .debug_info    0x00007560      0xefd ./freertos/src/heap_5.o
 .debug_info    0x0000845d      0xbeb ./freertos/src/list.o
 .debug_info    0x00009048      0xd09 ./freertos/src/port.o
 .debug_info    0x00009d51     0x2551 ./freertos/src/queue.o
 .debug_info    0x0000c2a2     0x303c ./freertos/src/tasks.o
 .debug_info    0x0000f2de     0x1d60 ./freertos/src/timers.o
 .debug_info    0x0001103e     0x1682 ./Strategie/Deplacement/0_Deplacements.o
 .debug_info    0x000126c0      0xbf0 ./Strategie/Deplacement/1_Obstacles.o
 .debug_info    0x000132b0      0xddd ./Strategie/0_Infos.o
 .debug_info    0x0001408d     0x2542 ./Pathfinding/Astar/Astar.o
 .debug_info    0x000165cf     0x2627 ./Communication/USB/src/cdc_usb_main.o
 .debug_info    0x00018bf6     0x101e ./Communication/RS485/0_RS485.o
 .debug_info    0x00019c14     0x320a ./Communication/0_Communication.o
 .debug_info    0x0001ce1e      0xaa4 ./Communication/0_Event_Group.o
 .debug_info    0x0001d8c2     0x1951 ./Communication/1_Trame_Communication.o
 .debug_info    0x0001f213     0x1aed ./Communication/2_Echange_Datas.o
 .debug_info    0x00020d00     0x11b9 ./Communication/2_Echange_Datas_Reception.o
 .debug_info    0x00021eb9      0x642 D:\Developpement_Robot\Robotic-System.git\trunk\Workspaces\MultiWorkSpaces_2021\0_lpc_chip_175x_6x\Release\lib0_lpc_chip_175x_6x.a(chip_17xx_40xx.o)
 .debug_info    0x000224fb      0xeb0 D:\Developpement_Robot\Robotic-System.git\trunk\Workspaces\MultiWorkSpaces_2021\0_lpc_chip_175x_6x\Release\lib0_lpc_chip_175x_6x.a(clock_17xx_40xx.o)
 .debug_info    0x000233ab      0x63f D:\Developpement_Robot\Robotic-System.git\trunk\Workspaces\MultiWorkSpaces_2021\0_lpc_chip_175x_6x\Release\lib0_lpc_chip_175x_6x.a(ring_buffer.o)
 .debug_info    0x000239ea      0x89e D:\Developpement_Robot\Robotic-System.git\trunk\Workspaces\MultiWorkSpaces_2021\0_lpc_chip_175x_6x\Release\lib0_lpc_chip_175x_6x.a(sysinit_17xx_40xx.o)
 .debug_info    0x00024288      0x501 D:\Developpement_Robot\Robotic-System.git\trunk\Workspaces\MultiWorkSpaces_2021\0_lpc_chip_175x_6x\Release\lib0_lpc_chip_175x_6x.a(timer_17xx_40xx.o)
 .debug_info    0x00024789     0x179c D:\Developpement_Robot\Robotic-System.git\trunk\Workspaces\MultiWorkSpaces_2021\0_lpc_chip_175x_6x\Release\lib0_lpc_chip_175x_6x.a(uart_17xx_40xx.o)
 .debug_info    0x00025f25     0x2769 D:\Developpement_Robot\Robotic-System.git\trunk\Workspaces\MultiWorkSpaces_2021\0_lpc_board_nxp_lpcxpresso_1769\Release\lib0_lpc_board_nxp_lpcxpresso_1769.a(board.o)
 .debug_info    0x0002868e     0x14f8 D:\Developpement_Robot\Robotic-System.git\trunk\Workspaces\MultiWorkSpaces_2021\0_lpc_chip_175x_6x\libs\libusbd_175x_6x_lib.a(mw_usbd_rom_api.o)
 .debug_info    0x00029b86     0x1f77 D:\Developpement_Robot\Robotic-System.git\trunk\Workspaces\MultiWorkSpaces_2021\0_lpc_chip_175x_6x\libs\libusbd_175x_6x_lib.a(hw_usbd_ip3503.o)
 .debug_info    0x0002bafd     0x14e4 D:\Developpement_Robot\Robotic-System.git\trunk\Workspaces\MultiWorkSpaces_2021\0_lpc_chip_175x_6x\libs\libusbd_175x_6x_lib.a(mw_usbd_cdcuser.o)