Archive member included to satisfy reference by file (symbol)

D:\Developpement_Robot\Robotic-System\trunk\Workspaces\MultiWorkSpaces_2021\0_lpc_chip_175x_6x\Release\lib0_lpc_chip_175x_6x.a(chip_17xx_40xx.o)
                              ./src/IA_2021_V0.o (SystemCoreClockUpdate)
D:\Developpement_Robot\Robotic-System\trunk\Workspaces\MultiWorkSpaces_2021\0_lpc_chip_175x_6x\Release\lib0_lpc_chip_175x_6x.a(clock_17xx_40xx.o)
                              D:\Developpement_Robot\Robotic-System\trunk\Workspaces\MultiWorkSpaces_2021\0_lpc_chip_175x_6x\Release\lib0_lpc_chip_175x_6x.a(chip_17xx_40xx.o) (Chip_Clock_EnablePLL)
D:\Developpement_Robot\Robotic-System\trunk\Workspaces\MultiWorkSpaces_2021\0_lpc_chip_175x_6x\Release\lib0_lpc_chip_175x_6x.a(ring_buffer.o)
                              ./Communication/0_Communication.o (RingBuffer_Init)
D:\Developpement_Robot\Robotic-System\trunk\Workspaces\MultiWorkSpaces_2021\0_lpc_chip_175x_6x\Release\lib0_lpc_chip_175x_6x.a(stopwatch_17xx_40xx.o)
                              ./Communication/USB/src/cdc_usb_main.o (StopWatch_Init)
D:\Developpement_Robot\Robotic-System\trunk\Workspaces\MultiWorkSpaces_2021\0_lpc_chip_175x_6x\Release\lib0_lpc_chip_175x_6x.a(sysinit_17xx_40xx.o)
                              ./src/IA_2021_V0.o (Chip_SetupXtalClocking)
D:\Developpement_Robot\Robotic-System\trunk\Workspaces\MultiWorkSpaces_2021\0_lpc_chip_175x_6x\Release\lib0_lpc_chip_175x_6x.a(timer_17xx_40xx.o)
                              ./src/IA_2021_V0.o (Chip_TIMER_Init)
D:\Developpement_Robot\Robotic-System\trunk\Workspaces\MultiWorkSpaces_2021\0_lpc_chip_175x_6x\Release\lib0_lpc_chip_175x_6x.a(uart_17xx_40xx.o)
                              ./Communication/0_Communication.o (Chip_UART_Init)
D:\Developpement_Robot\Robotic-System\trunk\Workspaces\MultiWorkSpaces_2021\0_lpc_board_nxp_lpcxpresso_1769\Release\lib0_lpc_board_nxp_lpcxpresso_1769.a(board.o)
                              ./src/IA_2021_V0.o (Set_Clock_in)
D:\Developpement_Robot\Robotic-System\trunk\Workspaces\MultiWorkSpaces_2021\0_lpc_chip_175x_6x\libs\libusbd_175x_6x_lib.a(mw_usbd_rom_api.o)
                              ./Communication/USB/src/cdc_usb_main.o (cdc_api)
D:\Developpement_Robot\Robotic-System\trunk\Workspaces\MultiWorkSpaces_2021\0_lpc_chip_175x_6x\libs\libusbd_175x_6x_lib.a(hw_usbd_ip3503.o)
                              D:\Developpement_Robot\Robotic-System\trunk\Workspaces\MultiWorkSpaces_2021\0_lpc_chip_175x_6x\libs\libusbd_175x_6x_lib.a(mw_usbd_rom_api.o) (hwUSB_GetMemSize)
D:\Developpement_Robot\Robotic-System\trunk\Workspaces\MultiWorkSpaces_2021\0_lpc_chip_175x_6x\libs\libusbd_175x_6x_lib.a(mw_usbd_cdcuser.o)
                              D:\Developpement_Robot\Robotic-System\trunk\Workspaces\MultiWorkSpaces_2021\0_lpc_chip_175x_6x\libs\libusbd_175x_6x_lib.a(mw_usbd_rom_api.o) (mwCDC_SendNotification)
D:\Developpement_Robot\Robotic-System\trunk\Workspaces\MultiWorkSpaces_2021\0_lpc_chip_175x_6x\libs\libusbd_175x_6x_lib.a(mw_usbd_core.o)
                              D:\Developpement_Robot\Robotic-System\trunk\Workspaces\MultiWorkSpaces_2021\0_lpc_chip_175x_6x\libs\libusbd_175x_6x_lib.a(mw_usbd_rom_api.o) (mwUSB_SetupStage)
D:\Developpement_Robot\Robotic-System\trunk\Workspaces\MultiWorkSpaces_2021\0_lpc_chip_175x_6x\libs\libusbd_175x_6x_lib.a(mw_usbd_dfuuser.o)
                              D:\Developpement_Robot\Robotic-System\trunk\Workspaces\MultiWorkSpaces_2021\0_lpc_chip_175x_6x\libs\libusbd_175x_6x_lib.a(mw_usbd_rom_api.o) (mwDFU_GetMemSize)
D:\Developpement_Robot\Robotic-System\trunk\Workspaces\MultiWorkSpaces_2021\0_lpc_chip_175x_6x\libs\libusbd_175x_6x_lib.a(mw_usbd_hiduser.o)
                              D:\Developpement_Robot\Robotic-System\trunk\Workspaces\MultiWorkSpaces_2021\0_lpc_chip_175x_6x\libs\libusbd_175x_6x_lib.a(mw_usbd_rom_api.o) (mwHID_GetMemSize)
D:\Developpement_Robot\Robotic-System\trunk\Workspaces\MultiWorkSpaces_2021\0_lpc_chip_175x_6x\libs\libusbd_175x_6x_lib.a(mw_usbd_mscuser.o)
                              D:\Developpement_Robot\Robotic-System\trunk\Workspaces\MultiWorkSpaces_2021\0_lpc_chip_175x_6x\libs\libusbd_175x_6x_lib.a(mw_usbd_rom_api.o) (mwMSC_GetMemSize)
c:/nxp/mcuxpressoide_11.2.1_4149/ide/plugins/com.nxp.mcuxpresso.tools.win32_11.2.0.202008311134/tools/bin/../lib/gcc/arm-none-eabi/9.2.1/thumb/v7-m/nofp\libgcc.a(_arm_mulsf3.o)
                              ./Strategie/Strategie_Level0/Deplacement/0_Deplacements.o (__aeabi_fmul)
c:/nxp/mcuxpressoide_11.2.1_4149/ide/plugins/com.nxp.mcuxpresso.tools.win32_11.2.0.202008311134/tools/bin/../lib/gcc/arm-none-eabi/9.2.1/thumb/v7-m/nofp\libgcc.a(_arm_addsubdf3.o)
                              ./Communication/2_Echange_Datas.o (__aeabi_f2d)
c:/nxp/mcuxpressoide_11.2.1_4149/ide/plugins/com.nxp.mcuxpresso.tools.win32_11.2.0.202008311134/tools/bin/../lib/gcc/arm-none-eabi/9.2.1/thumb/v7-m/nofp\libgcc.a(_arm_fixunsdfsi.o)
[...]
Memory Configuration

Name             Origin             Length             Attributes
MFlash512        0x00010000         0x00070000         xr
RamLoc32         0x10000000         0x00008000         xrw
Ram_USB          0x2007c000         0x00000800         xrw
RAM3             0x2007c800         0x00007800         xrw
*default*        0x00000000         0xffffffff

Linker script and memory map

LOAD ./src/IA_2021_V0.o
LOAD ./src/Init.o
LOAD ./src/cr_startup_lpc175x_6x.o
LOAD ./src/crp.o
LOAD ./src/sysinit.o
LOAD ./src/test.o
LOAD ./freertos/src/FreeRTOSCommonHooks.o
LOAD ./freertos/src/croutine.o
LOAD ./freertos/src/event_groups.o
LOAD ./freertos/src/heap_5.o
LOAD ./freertos/src/list.o
LOAD ./freertos/src/port.o
LOAD ./freertos/src/queue.o
LOAD ./freertos/src/stream_buffer.o
LOAD ./freertos/src/tasks.o
LOAD ./freertos/src/timers.o
LOAD ./freertos/FreeRTOS_Trace/trcHardwarePort.o
LOAD ./freertos/FreeRTOS_Trace/trcKernelPort.o
LOAD ./freertos/FreeRTOS_Trace/trcSnapshotRecorder.o
LOAD ./Strategie/Strategie_Level0/Deplacement/0_Deplacements.o
LOAD ./Strategie/Strategie_Level0/Deplacement/1_Obstacles.o
LOAD ./Strategie/Strategie_Level0/Actionneurs/0_Actionneurs.o
LOAD ./Strategie/Strategie_Level0/0_Infos.o
LOAD ./Strategie/Strategie_Level0/Strategie_Actions.o
LOAD ./Strategie/Strategie.o
LOAD ./Pathfinding/Astar/Astar.o
LOAD ./Communication/USB/src/cdc_desc.o
LOAD ./Communication/USB/src/cdc_usb_main.o
LOAD ./Communication/USB/src/cdc_vcom.o
LOAD ./Communication/RS485/0_RS485.o
LOAD ./Communication/0_Communication.o
LOAD ./Communication/0_Event_Group.o
LOAD ./Communication/1_Trame_Communication.o
LOAD ./Communication/2_Echange_Data_Strategie.o
LOAD ./Communication/2_Echange_Datas.o
LOAD ./Communication/2_Echange_Datas_Reception.o
LOAD D:\Developpement_Robot\Robotic-System\trunk\Workspaces\MultiWorkSpaces_2021\0_lpc_chip_175x_6x\Release\lib0_lpc_chip_175x_6x.a
LOAD D:\Developpement_Robot\Robotic-System\trunk\Workspaces\MultiWorkSpaces_2021\0_lpc_board_nxp_lpcxpresso_1769\Release\lib0_lpc_board_nxp_lpcxpresso_1769.a
LOAD D:\Developpement_Robot\Robotic-System\trunk\Workspaces\MultiWorkSpaces_2021\0_lpc_chip_175x_6x\libs\libusbd_175x_6x_lib.a
START GROUP
LOAD c:/nxp/mcuxpressoide_11.2.1_4149/ide/plugins/com.nxp.mcuxpresso.tools.win32_11.2.0.202008311134/tools/bin/../lib/gcc/arm-none-eabi/9.2.1/thumb/v7-m/nofp\libgcc.a
LOAD c:/nxp/mcuxpressoide_11.2.1_4149/ide/plugins/com.nxp.mcuxpresso.tools.win32_11.2.0.202008311134/tools/bin/../lib/gcc/arm-none-eabi/9.2.1/../../../../arm-none-eabi/lib/thumb/v7-m/nofp\libc_nano.a
LOAD c:/nxp/mcuxpressoide_11.2.1_4149/ide/plugins/com.nxp.mcuxpresso.tools.win32_11.2.0.202008311134/tools/bin/../lib/gcc/arm-none-eabi/9.2.1/../../../../arm-none-eabi/lib/thumb/v7-m/nofp\libm.a
LOAD c:/nxp/mcuxpressoide_11.2.1_4149/ide/plugins/com.nxp.mcuxpresso.tools.win32_11.2.0.202008311134/tools/bin/../lib/gcc/arm-none-eabi/9.2.1/../../../../arm-none-eabi/lib/thumb/v7-m/nofp\libcr_newlib_none.a
END GROUP
                0x00010000                __base_MFlash512 = 0x10000
                0x00010000                __base_Flash = 0x10000
                0x00080000                __top_MFlash512 = 0x80000
                0x00080000                __top_Flash = 0x80000
                0x10000000                __base_RamLoc32 = 0x10000000
                0x10000000                __base_RAM = 0x10000000
                0x10008000                __top_RamLoc32 = 0x10008000
                0x10008000                __top_RAM = 0x10008000
                0x2007c000                __base_Ram_USB = 0x2007c000
                0x2007c000                __base_RAM2 = 0x2007c000
                0x2007c800                __top_Ram_USB = 0x2007c800
                0x2007c800                __top_RAM2 = 0x2007c800
                0x2007c800                __base_RAM3 = 0x2007c800
                0x2007c800                __base_RAM3 = 0x2007c800
                0x20084000                __top_RAM3 = 0x20084000
                0x20084000                __top_RAM3 = 0x20084000

.text           0x00010000     0xde48
 FILL mask 0xff
                0x00010000                __vectors_start__ = ABSOLUTE (.)
 *(.isr_vector)
 .isr_vector    0x00010000       0xcc ./src/cr_startup_lpc175x_6x.o
                0x00010000                g_pfnVectors
                0x000100cc                . = ALIGN (0x4)
                0x000100cc                __section_table_start = .
                0x000100cc                __data_section_table = .
                0x000100cc        0x4 LONG 0x1de48 LOADADDR (.data)
                0x000100d0        0x4 LONG 0x10000000 ADDR (.data)
                0x000100d4        0x4 LONG 0x200 SIZEOF (.data)
                0x000100d8        0x4 LONG 0x1de48 LOADADDR (.data_RAM2)
                0x000100dc        0x4 LONG 0x2007c000 ADDR (.data_RAM2)
                0x000100e0        0x4 LONG 0x0 SIZEOF (.data_RAM2)
                0x000100e4        0x4 LONG 0x1de48 LOADADDR (.data_RAM3)
                0x000100e8        0x4 LONG 0x2007c800 ADDR (.data_RAM3)
                0x000100ec        0x4 LONG 0x0 SIZEOF (.data_RAM3)
                0x000100f0                __data_section_table_end = .
                0x000100f0                __bss_section_table = .
                0x000100f0        0x4 LONG 0x10000200 ADDR (.bss)
                0x000100f4        0x4 LONG 0x5acc SIZEOF (.bss)
                0x000100f8        0x4 LONG 0x2007c000 ADDR (.bss_RAM2)
                0x000100fc        0x4 LONG 0x0 SIZEOF (.bss_RAM2)
                0x00010100        0x4 LONG 0x2007c800 ADDR (.bss_RAM3)
                0x00010104        0x4 LONG 0x4fc4 SIZEOF (.bss_RAM3)
                0x00010108                __bss_section_table_end = .
                0x00010108                __section_table_end = .
 *(.after_vectors*)
 .after_vectors
                0x00010108       0x8c ./src/cr_startup_lpc175x_6x.o
                0x00010108                NMI_Handler
                0x0001010a                HardFault_Handler
                0x0001010c                MemManage_Handler
                0x0001010e                BusFault_Handler
                0x00010110                UsageFault_Handler
                0x00010112                DebugMon_Handler
                0x00010114                USBActivity_IRQHandler
                0x00010114                PWM1_IRQHandler
                0x00010114                I2C0_IRQHandler
                0x00010114                RIT_IRQHandler
                0x00010114                I2C1_IRQHandler
                0x00010114                EINT2_IRQHandler
                0x00010114                EINT3_IRQHandler
                0x00010114                CANActivity_IRQHandler
                0x00010114                TIMER3_IRQHandler
                0x00010114                UART0_IRQHandler
                0x00010114                DMA_IRQHandler
                0x00010114                UART3_IRQHandler
                0x00010114                IntDefaultHandler
                0x00010114                PLL0_IRQHandler
                0x00010114                CAN_IRQHandler
                0x00010114                PLL1_IRQHandler
                0x00010114                SSP0_IRQHandler
                0x00010114                I2S_IRQHandler
                0x00010114                I2C2_IRQHandler
                0x00010114                RTC_IRQHandler
                0x00010114                TIMER0_IRQHandler
                0x00010114                SPI_IRQHandler
                0x00010114                ETH_IRQHandler
                0x00010114                EINT1_IRQHandler
                0x00010114                TIMER1_IRQHandler
                0x00010114                ADC_IRQHandler
                0x00010114                SSP1_IRQHandler
                0x00010114                BOD_IRQHandler
                0x00010114                TIMER2_IRQHandler
                0x00010114                WDT_IRQHandler
                0x00010114                EINT0_IRQHandler
                0x00010114                QEI_IRQHandler
                0x00010114                MCPWM_IRQHandler
                0x00010116                data_init
                0x00010132                bss_init
                0x00010144                ResetISR
                0x0001018c                SVC_Handler
                0x0001018e                PendSV_Handler
                0x00010190                SysTick_Handler
                0x000002fc                . = 0x2fc
 *fill*         0x00010194      0x168 ff
                0x000102fc                PROVIDE (__CRP_WORD_START__ = .)
 *(.crp)
 .crp           0x000102fc        0x4 ./src/crp.o
                0x000102fc                CRP_WORD
                0x00010300                PROVIDE (__CRP_WORD_END__ = .)
                0x00000001                ASSERT (! ((__CRP_WORD_START__ == __CRP_WORD_END__)), Linker CRP Enabled, but no CRP_WORD provided within application)
 *(.text*)
 .text.vConfigureTimerForRunTimeStats
                0x00010300       0x22 ./src/IA_2021_V0.o
                0x00010300                vConfigureTimerForRunTimeStats
 *fill*         0x00010322        0x2 ff
 .text.prvSetupHardware
                0x00010324       0x30 ./src/IA_2021_V0.o
 .text.vTask_HartBeat
                0x00010354       0x64 ./src/IA_2021_V0.o
 .text.vTask_Stats
                0x000103b8       0xc0 ./src/IA_2021_V0.o
 .text.main     0x00010478       0x58 ./src/IA_2021_V0.o
                0x00010478                main
 .text.Debug_Trace_Texte
                0x000104d0        0x2 ./src/Init.o
                0x000104d0                Debug_Trace_Texte
 *fill*         0x000104d2        0x2 ff
 .text.Set_Debug_Pin_0_High
                0x000104d4       0x10 ./src/Init.o
                0x000104d4                Set_Debug_Pin_0_High
 .text.Set_Debug_Pin_0_Low
                0x000104e4       0x10 ./src/Init.o
                0x000104e4                Set_Debug_Pin_0_Low
 .text.Set_Debug_Pin_1_Low
                0x000104f4       0x10 ./src/Init.o
                0x000104f4                Set_Debug_Pin_1_Low
 .text.Init_Carte_IA
                0x00010504       0x68 ./src/Init.o
                0x00010504                Init_Carte_IA
 .text.Init_Send_Robot_ID
                0x0001056c       0x18 ./src/Init.o
                0x0001056c                Init_Send_Robot_ID
 .text.SystemInit
                0x00010584       0x18 ./src/sysinit.o
                0x00010584                SystemInit
 .text.TEST_init_parametres
                0x0001059c       0x28 ./src/test.o
                0x0001059c                TEST_init_parametres
 .text.TEST_Deplacement
                0x000105c4      0x1a4 ./src/test.o
                0x000105c4                TEST_Deplacement
 .text.vApplicationStackOverflowHook
                0x00010768      0x12c ./freertos/src/FreeRTOSCommonHooks.o
                0x00010768                vApplicationStackOverflowHook
 .text.prvTestWaitCondition
                0x00010894       0x1c ./freertos/src/event_groups.o
 .text.xEventGroupCreate
                0x000108b0       0xb0 ./freertos/src/event_groups.o
                0x000108b0                xEventGroupCreate
 .text.xEventGroupWaitBits
                0x00010960      0x1a8 ./freertos/src/event_groups.o
                0x00010960                xEventGroupWaitBits
 .text.xEventGroupClearBits
                0x00010b08       0x58 ./freertos/src/event_groups.o
                0x00010b08                xEventGroupClearBits
 .text.xEventGroupSetBits
                0x00010b60       0xa0 ./freertos/src/event_groups.o
                0x00010b60                xEventGroupSetBits
 .text.vEventGroupSetBitsCallback
                0x00010c00        0x8 ./freertos/src/event_groups.o
                0x00010c00                vEventGroupSetBitsCallback
 .text.xEventGroupSetBitsFromISR
                0x00010c08       0x4c ./freertos/src/event_groups.o
                0x00010c08                xEventGroupSetBitsFromISR
 .text.uxEventGroupGetNumber
                0x00010c54        0xa ./freertos/src/event_groups.o
                0x00010c54                uxEventGroupGetNumber
 .text.vEventGroupSetNumber
                0x00010c5e        0x4 ./freertos/src/event_groups.o
                0x00010c5e                vEventGroupSetNumber
 *fill*         0x00010c62        0x2 ff
 .text.prvInsertBlockIntoFreeList
                0x00010c64       0x54 ./freertos/src/heap_5.o
 .text.pvPortMalloc
                0x00010cb8       0xcc ./freertos/src/heap_5.o
                0x00010cb8                pvPortMalloc
 .text.vPortFree
                0x00010d84       0x64 ./freertos/src/heap_5.o
                0x00010d84                vPortFree
 .text.vPortDefineHeapRegions
                0x00010de8       0x84 ./freertos/src/heap_5.o
                0x00010de8                vPortDefineHeapRegions
 .text.vListInitialise
                0x00010e6c       0x16 ./freertos/src/list.o
                0x00010e6c                vListInitialise
 .text.vListInitialiseItem
                0x00010e82        0x6 ./freertos/src/list.o
                0x00010e82                vListInitialiseItem
 .text.vListInsertEnd
                0x00010e88       0x16 ./freertos/src/list.o
                0x00010e88                vListInsertEnd
 .text.vListInsert
                0x00010e9e       0x32 ./freertos/src/list.o
                0x00010e9e                vListInsert
 .text.uxListRemove
                0x00010ed0       0x26 ./freertos/src/list.o
                0x00010ed0                uxListRemove
 .text.prvTaskExitError
                0x00010ef6       0x20 ./freertos/src/port.o
 *fill*         0x00010f16        0x2 ff
 .text.prvPortStartFirstTask
                0x00010f18       0x20 ./freertos/src/port.o
 .text.pxPortInitialiseStack
                0x00010f38       0x24 ./freertos/src/port.o
                0x00010f38                pxPortInitialiseStack
 *fill*         0x00010f5c        0x4 ff
 .text.vPortSVCHandler
                0x00010f60       0x24 ./freertos/src/port.o
                0x00010f60                vPortSVCHandler
 .text.vPortEnterCritical
                0x00010f84       0x20 ./freertos/src/port.o
                0x00010f84                vPortEnterCritical
 .text.vPortExitCritical
                0x00010fa4       0x14 ./freertos/src/port.o
                0x00010fa4                vPortExitCritical
 *fill*         0x00010fb8        0x8 ff
 .text.xPortPendSVHandler
                0x00010fc0       0x44 ./freertos/src/port.o
                0x00010fc0                xPortPendSVHandler
 .text.xPortSysTickHandler
                0x00011004       0x2c ./freertos/src/port.o
                0x00011004                xPortSysTickHandler
 .text.vPortSetupTimerInterrupt
                0x00011030       0x24 ./freertos/src/port.o
                0x00011030                vPortSetupTimerInterrupt
 .text.xPortStartScheduler
                0x00011054       0x38 ./freertos/src/port.o
                0x00011054                xPortStartScheduler
 .text.prvIsQueueFull
                0x0001108c       0x1e ./freertos/src/queue.o
 .text.prvIsQueueEmpty
                0x000110aa       0x1a ./freertos/src/queue.o
 .text.prvCopyDataToQueue
                0x000110c4       0x76 ./freertos/src/queue.o
 .text.prvCopyDataFromQueue
                0x0001113a       0x24 ./freertos/src/queue.o
 .text.prvUnlockQueue
                0x0001115e       0x6e ./freertos/src/queue.o
 .text.xQueueGenericReset
                0x000111cc       0x70 ./freertos/src/queue.o
                0x000111cc                xQueueGenericReset
 .text.prvInitialiseNewQueue
                0x0001123c       0xcc ./freertos/src/queue.o
 .text.xQueueGenericCreate
                0x00011308       0x5c ./freertos/src/queue.o
                0x00011308                xQueueGenericCreate
 .text.xQueueGenericSend
                0x00011364      0x2a0 ./freertos/src/queue.o
                0x00011364                xQueueGenericSend
 .text.xQueueGenericSendFromISR
                0x00011604      0x124 ./freertos/src/queue.o
                0x00011604                xQueueGenericSendFromISR
 .text.xQueueReceive
                0x00011728      0x2c8 ./freertos/src/queue.o
                0x00011728                xQueueReceive
 .text.uxQueueGetQueueNumber
                0x000119f0        0x4 ./freertos/src/queue.o
                0x000119f0                uxQueueGetQueueNumber
 .text.vQueueSetQueueNumber
                0x000119f4        0x4 ./freertos/src/queue.o
                0x000119f4                vQueueSetQueueNumber
 .text.ucQueueGetQueueType
                0x000119f8        0x6 ./freertos/src/queue.o
                0x000119f8                ucQueueGetQueueType
 *fill*         0x000119fe        0x2 ff
 .text.vQueueAddToRegistry
                0x00011a00       0x48 ./freertos/src/queue.o
                0x00011a00                vQueueAddToRegistry
 .text.vQueueWaitForMessageRestricted
                0x00011a48       0x52 ./freertos/src/queue.o
                0x00011a48                vQueueWaitForMessageRestricted
 .text.prvTaskCheckFreeStackSpace
                0x00011a9a       0x14 ./freertos/src/tasks.o
 *fill*         0x00011aae        0x2 ff
 .text.prvResetNextTaskUnblockTime
                0x00011ab0       0x2c ./freertos/src/tasks.o
 .text.prvDeleteTCB
                0x00011adc       0x12 ./freertos/src/tasks.o
 .text.prvInitialiseNewTask
                0x00011aee       0x9e ./freertos/src/tasks.o
 .text.prvInitialiseTaskLists
                0x00011b8c       0x68 ./freertos/src/tasks.o
 .text.prvAddNewTaskToReadyList
                0x00011bf4      0x148 ./freertos/src/tasks.o
 .text.prvCheckTasksWaitingTermination
                0x00011d3c       0x4c ./freertos/src/tasks.o
 .text.prvIdleTask
                0x00011d88       0x28 ./freertos/src/tasks.o
 .text.prvAddCurrentTaskToDelayedList
                0x00011db0       0x98 ./freertos/src/tasks.o
 .text.prvWriteNameToBuffer
                0x00011e48       0x22 ./freertos/src/tasks.o
 .text.xTaskCreate
                0x00011e6a       0x64 ./freertos/src/tasks.o
                0x00011e6a                xTaskCreate
 *fill*         0x00011ece        0x2 ff
 .text.vTaskDelete
                0x00011ed0      0x1f4 ./freertos/src/tasks.o
                0x00011ed0                vTaskDelete
 .text.eTaskGetState
                0x000120c4       0x7c ./freertos/src/tasks.o
                0x000120c4                eTaskGetState
 .text.vTaskStartScheduler
                0x00012140       0x98 ./freertos/src/tasks.o
                0x00012140                vTaskStartScheduler
 .text.vTaskSuspendAll
                0x000121d8       0x10 ./freertos/src/tasks.o
                0x000121d8                vTaskSuspendAll
 .text.xTaskGetTickCount
                0x000121e8        0xc ./freertos/src/tasks.o
                0x000121e8                xTaskGetTickCount
 .text.xTaskIncrementTick
                0x000121f4      0x148 ./freertos/src/tasks.o
                0x000121f4                xTaskIncrementTick
 .text.xTaskResumeAll
                0x0001233c      0x104 ./freertos/src/tasks.o
                0x0001233c                xTaskResumeAll
 .text.vTaskDelayUntil
                0x00012440       0xb4 ./freertos/src/tasks.o
                0x00012440                vTaskDelayUntil
 .text.vTaskDelay
                0x000124f4       0x88 ./freertos/src/tasks.o
                0x000124f4                vTaskDelay
 .text.vTaskSwitchContext
                0x0001257c       0xf4 ./freertos/src/tasks.o
                0x0001257c                vTaskSwitchContext
 .text.vTaskPlaceOnEventList
                0x00012670       0x1c ./freertos/src/tasks.o
                0x00012670                vTaskPlaceOnEventList
 .text.vTaskPlaceOnUnorderedEventList
                0x0001268c       0x24 ./freertos/src/tasks.o
                0x0001268c                vTaskPlaceOnUnorderedEventList
 .text.vTaskPlaceOnEventListRestricted
                0x000126b0       0x7c ./freertos/src/tasks.o
                0x000126b0                vTaskPlaceOnEventListRestricted
 .text.xTaskRemoveFromEventList
                0x0001272c       0x98 ./freertos/src/tasks.o
                0x0001272c                xTaskRemoveFromEventList
 .text.vTaskRemoveFromUnorderedEventList
                0x000127c4       0x7c ./freertos/src/tasks.o
                0x000127c4                vTaskRemoveFromUnorderedEventList
 .text.vTaskInternalSetTimeOutState
                0x00012840       0x18 ./freertos/src/tasks.o
                0x00012840                vTaskInternalSetTimeOutState
 .text.xTaskCheckForTimeOut
                0x00012858       0x5c ./freertos/src/tasks.o
                0x00012858                xTaskCheckForTimeOut
 .text.vTaskMissedYield
                0x000128b4        0xc ./freertos/src/tasks.o
                0x000128b4                vTaskMissedYield
 .text.uxTaskGetTaskNumber
                0x000128c0        0xa ./freertos/src/tasks.o
                0x000128c0                uxTaskGetTaskNumber
 .text.vTaskSetTaskNumber
                0x000128ca        0x6 ./freertos/src/tasks.o
                0x000128ca                vTaskSetTaskNumber
 .text.vTaskGetInfo
                0x000128d0       0x78 ./freertos/src/tasks.o
                0x000128d0                vTaskGetInfo
 .text.prvListTasksWithinSingleList
                0x00012948       0x5e ./freertos/src/tasks.o
 *fill*         0x000129a6        0x2 ff
 .text.uxTaskGetSystemState
                0x000129a8       0xb4 ./freertos/src/tasks.o
                0x000129a8                uxTaskGetSystemState
 .text.xTaskGetCurrentTaskHandle
                0x00012a5c        0xc ./freertos/src/tasks.o
                0x00012a5c                xTaskGetCurrentTaskHandle
 .text.xTaskGetSchedulerState
                0x00012a68       0x20 ./freertos/src/tasks.o
                0x00012a68                xTaskGetSchedulerState
 .text.xTaskPriorityDisinherit
                0x00012a88       0xe8 ./freertos/src/tasks.o
                0x00012a88                xTaskPriorityDisinherit
 .text.vTaskGetRunTimeStats
                0x00012b70       0xa0 ./freertos/src/tasks.o
                0x00012b70                vTaskGetRunTimeStats
 .text.uxTaskResetEventItemValue
                0x00012c10       0x18 ./freertos/src/tasks.o
                0x00012c10                uxTaskResetEventItemValue
 .text.prvGetNextExpireTime
                0x00012c28       0x20 ./freertos/src/timers.o
 .text.prvInsertTimerInActiveList
                0x00012c48       0x48 ./freertos/src/timers.o
 .text.prvCheckForValidListAndQueue
                0x00012c90       0x5c ./freertos/src/timers.o
 .text.xTimerCreateTimerTask
                0x00012cec       0x3c ./freertos/src/timers.o
                0x00012cec                xTimerCreateTimerTask
 .text.xTimerGenericCommand
                0x00012d28       0x58 ./freertos/src/timers.o
                0x00012d28                xTimerGenericCommand
 .text.prvSwitchTimerLists
                0x00012d80       0x68 ./freertos/src/timers.o
 .text.prvSampleTimeNow
                0x00012de8       0x2c ./freertos/src/timers.o
 .text.prvProcessExpiredTimer
                0x00012e14       0x58 ./freertos/src/timers.o
 .text.prvProcessTimerOrBlockTask
                0x00012e6c       0x74 ./freertos/src/timers.o
 .text.prvProcessReceivedCommands
                0x00012ee0       0xe4 ./freertos/src/timers.o
 .text.prvTimerTask
                0x00012fc4       0x16 ./freertos/src/timers.o
 *fill*         0x00012fda        0x2 ff
 .text.xTimerPendFunctionCallFromISR
                0x00012fdc       0x28 ./freertos/src/timers.o
                0x00012fdc                xTimerPendFunctionCallFromISR
 .text.prvTraceGetQueueNumber
                0x00013004        0x8 ./freertos/FreeRTOS_Trace/trcKernelPort.o
                0x00013004                prvTraceGetQueueNumber
 .text.prvTraceGetQueueType
                0x0001300c        0x8 ./freertos/FreeRTOS_Trace/trcKernelPort.o
                0x0001300c                prvTraceGetQueueType
 .text.prvTraceGetTaskNumberLow16
                0x00013014        0xa ./freertos/FreeRTOS_Trace/trcKernelPort.o
                0x00013014                prvTraceGetTaskNumberLow16
 .text.prvTraceGetTaskNumberHigh16
                0x0001301e        0xa ./freertos/FreeRTOS_Trace/trcKernelPort.o
                0x0001301e                prvTraceGetTaskNumberHigh16
 .text.prvTraceSetTaskNumberLow16
                0x00013028       0x18 ./freertos/FreeRTOS_Trace/trcKernelPort.o
                0x00013028                prvTraceSetTaskNumberLow16
 .text.prvTraceSetTaskNumberHigh16
                0x00013040       0x18 ./freertos/FreeRTOS_Trace/trcKernelPort.o
                0x00013040                prvTraceSetTaskNumberHigh16
 .text.prvTraceGetQueueNumberLow16
                0x00013058        0xa ./freertos/FreeRTOS_Trace/trcKernelPort.o
                0x00013058                prvTraceGetQueueNumberLow16
 .text.prvTraceGetQueueNumberHigh16
                0x00013062        0xa ./freertos/FreeRTOS_Trace/trcKernelPort.o
                0x00013062                prvTraceGetQueueNumberHigh16
 .text.prvTraceSetQueueNumberLow16
                0x0001306c       0x18 ./freertos/FreeRTOS_Trace/trcKernelPort.o
                0x0001306c                prvTraceSetQueueNumberLow16
 .text.prvTraceSetQueueNumberHigh16
                0x00013084       0x18 ./freertos/FreeRTOS_Trace/trcKernelPort.o
                0x00013084                prvTraceSetQueueNumberHigh16
 .text.prvTraceGetEventGroupNumberLow16
                0x0001309c        0xa ./freertos/FreeRTOS_Trace/trcKernelPort.o
                0x0001309c                prvTraceGetEventGroupNumberLow16
 .text.prvTraceGetEventGroupNumberHigh16
                0x000130a6        0xa ./freertos/FreeRTOS_Trace/trcKernelPort.o
                0x000130a6                prvTraceGetEventGroupNumberHigh16
 .text.prvTraceSetEventGroupNumberLow16
                0x000130b0       0x18 ./freertos/FreeRTOS_Trace/trcKernelPort.o
                0x000130b0                prvTraceSetEventGroupNumberLow16
 .text.prvTraceSetEventGroupNumberHigh16
                0x000130c8       0x18 ./freertos/FreeRTOS_Trace/trcKernelPort.o
                0x000130c8                prvTraceSetEventGroupNumberHigh16
 .text.vTraceSetEventGroupName
                0x000130e0       0x14 ./freertos/FreeRTOS_Trace/trcKernelPort.o
                0x000130e0                vTraceSetEventGroupName
 .text.prvTraceGetCurrentTaskHandle
                0x000130f4        0x8 ./freertos/FreeRTOS_Trace/trcKernelPort.o
                0x000130f4                prvTraceGetCurrentTaskHandle
 .text.vTraceInitObjectPropertyTable
                0x000130fc       0xd0 ./freertos/FreeRTOS_Trace/trcKernelPort.o
                0x000130fc                vTraceInitObjectPropertyTable
 .text.vTraceInitObjectHandleStack
                0x000131cc       0x64 ./freertos/FreeRTOS_Trace/trcKernelPort.o
                0x000131cc                vTraceInitObjectHandleStack
 .text.pszTraceGetErrorNotEnoughHandles
                0x00013230       0x64 ./freertos/FreeRTOS_Trace/trcKernelPort.o
                0x00013230                pszTraceGetErrorNotEnoughHandles
 .text.prvTraceIsSchedulerSuspended
                0x00013294        0xe ./freertos/FreeRTOS_Trace/trcKernelPort.o
                0x00013294                prvTraceIsSchedulerSuspended
 .text.prvStrncpy
                0x000132a2       0x1c ./freertos/FreeRTOS_Trace/trcSnapshotRecorder.o
 *fill*         0x000132be        0x2 ff
 .text.vTraceStop
                0x000132c0       0x20 ./freertos/FreeRTOS_Trace/trcSnapshotRecorder.o
                0x000132c0                vTraceStop
 .text.prvTraceInitTraceData
                0x000132e0      0x188 ./freertos/FreeRTOS_Trace/trcSnapshotRecorder.o
 .text.prvTraceUpdateCounters
                0x00013468       0x28 ./freertos/FreeRTOS_Trace/trcSnapshotRecorder.o
 .text.prvTraceError
                0x00013490       0x44 ./freertos/FreeRTOS_Trace/trcSnapshotRecorder.o
                0x00013490                prvTraceError
 .text.prvTraceNextFreeEventBufferSlot
                0x000134d4       0x34 ./freertos/FreeRTOS_Trace/trcSnapshotRecorder.o
 .text.writeInt32
                0x00013508       0x40 ./freertos/FreeRTOS_Trace/trcSnapshotRecorder.o
 .text.writeInt16
                0x00013548       0x40 ./freertos/FreeRTOS_Trace/trcSnapshotRecorder.o
 .text.writeInt8
                0x00013588       0x24 ./freertos/FreeRTOS_Trace/trcSnapshotRecorder.o
 .text.prvTraceGetChecksum
                0x000135ac       0x4c ./freertos/FreeRTOS_Trace/trcSnapshotRecorder.o
 .text.prvTraceLookupSymbolTableEntry
                0x000135f8       0xa4 ./freertos/FreeRTOS_Trace/trcSnapshotRecorder.o
 .text.prvTraceCreateSymbolTableEntry
                0x0001369c       0xac ./freertos/FreeRTOS_Trace/trcSnapshotRecorder.o
 .text.prvTraceOpenSymbol
                0x00013748       0x78 ./freertos/FreeRTOS_Trace/trcSnapshotRecorder.o
 .text.xTraceRegisterString
                0x000137c0       0x34 ./freertos/FreeRTOS_Trace/trcSnapshotRecorder.o
                0x000137c0                xTraceRegisterString
 .text.prvTraceUserEventFormat
                0x000137f4      0x1d4 ./freertos/FreeRTOS_Trace/trcSnapshotRecorder.o
 .text.prvTraceGetParam
                0x000139c8       0x48 ./freertos/FreeRTOS_Trace/trcSnapshotRecorder.o
 .text.uiIndexOfObject
                0x00013a10       0x50 ./freertos/FreeRTOS_Trace/trcSnapshotRecorder.o
                0x00013a10                uiIndexOfObject
 .text.prvMarkObjectAsUsed
                0x00013a60       0x20 ./freertos/FreeRTOS_Trace/trcSnapshotRecorder.o
                0x00013a60                prvMarkObjectAsUsed
 .text.prvTraceGetObjectState
                0x00013a80       0x54 ./freertos/FreeRTOS_Trace/trcSnapshotRecorder.o
 .text.prvTraceStoreObjectNameOnCloseEvent
                0x00013ad4       0x64 ./freertos/FreeRTOS_Trace/trcSnapshotRecorder.o
                0x00013ad4                prvTraceStoreObjectNameOnCloseEvent
 .text.prvTraceStoreObjectPropertiesOnCloseEvent
                0x00013b38       0xa4 ./freertos/FreeRTOS_Trace/trcSnapshotRecorder.o
                0x00013b38                prvTraceStoreObjectPropertiesOnCloseEvent
 .text.prvTraceSetPriorityProperty
                0x00013bdc       0x54 ./freertos/FreeRTOS_Trace/trcSnapshotRecorder.o
                0x00013bdc                prvTraceSetPriorityProperty
 .text.prvTraceGetPriorityProperty
                0x00013c30       0x54 ./freertos/FreeRTOS_Trace/trcSnapshotRecorder.o
                0x00013c30                prvTraceGetPriorityProperty
 .text.prvTraceSetObjectState
                0x00013c84       0x50 ./freertos/FreeRTOS_Trace/trcSnapshotRecorder.o
                0x00013c84                prvTraceSetObjectState
 .text.prvTraceSetTaskInstanceFinished
                0x00013cd4       0x38 ./freertos/FreeRTOS_Trace/trcSnapshotRecorder.o
                0x00013cd4                prvTraceSetTaskInstanceFinished
 .text.prvTraceGetObjectHandle
                0x00013d0c       0xd4 ./freertos/FreeRTOS_Trace/trcSnapshotRecorder.o
                0x00013d0c                prvTraceGetObjectHandle
 .text.prvTraceFreeObjectHandle
                0x00013de0       0x68 ./freertos/FreeRTOS_Trace/trcSnapshotRecorder.o
                0x00013de0                prvTraceFreeObjectHandle
 .text.prvTraceSetObjectName
                0x00013e48       0x7c ./freertos/FreeRTOS_Trace/trcSnapshotRecorder.o
                0x00013e48                prvTraceSetObjectName
 .text.prvTracePortGetTimeStamp
                0x00013ec4       0x5c ./freertos/FreeRTOS_Trace/trcSnapshotRecorder.o
                0x00013ec4                prvTracePortGetTimeStamp
 .text.prvTraceGetDTS
                0x00013f20      0x104 ./freertos/FreeRTOS_Trace/trcSnapshotRecorder.o
 .text.vTraceStoreISRBegin
                0x00014024       0xc4 ./freertos/FreeRTOS_Trace/trcSnapshotRecorder.o
                0x00014024                vTraceStoreISRBegin
 .text.vTraceStoreISREnd
                0x000140e8       0xc0 ./freertos/FreeRTOS_Trace/trcSnapshotRecorder.o
                0x000140e8                vTraceStoreISREnd
 .text.vTracePrintF_Helper
                0x000141a8       0xe4 ./freertos/FreeRTOS_Trace/trcSnapshotRecorder.o
 .text.vTracePrintF
                0x0001428c       0x1c ./freertos/FreeRTOS_Trace/trcSnapshotRecorder.o
                0x0001428c                vTracePrintF
 .text.prvTraceStoreTaskReady
                0x000142a8       0x88 ./freertos/FreeRTOS_Trace/trcSnapshotRecorder.o
                0x000142a8                prvTraceStoreTaskReady
 .text.vTraceStoreMemMangEvent
                0x00014330       0xb8 ./freertos/FreeRTOS_Trace/trcSnapshotRecorder.o
                0x00014330                vTraceStoreMemMangEvent
 .text.prvTraceStoreKernelCall
                0x000143e8       0xac ./freertos/FreeRTOS_Trace/trcSnapshotRecorder.o
                0x000143e8                prvTraceStoreKernelCall
 .text.prvTraceStoreKernelCallWithParam
                0x00014494       0xc0 ./freertos/FreeRTOS_Trace/trcSnapshotRecorder.o
                0x00014494                prvTraceStoreKernelCallWithParam
 .text.prvTraceStoreKernelCallWithNumericParamOnly
                0x00014554       0x8c ./freertos/FreeRTOS_Trace/trcSnapshotRecorder.o
                0x00014554                prvTraceStoreKernelCallWithNumericParamOnly
 .text.prvTraceStoreTaskswitch
                0x000145e0       0xa0 ./freertos/FreeRTOS_Trace/trcSnapshotRecorder.o
                0x000145e0                prvTraceStoreTaskswitch
 .text.uiTraceStart
                0x00014680       0x94 ./freertos/FreeRTOS_Trace/trcSnapshotRecorder.o
                0x00014680                uiTraceStart
 .text.vTraceStart
                0x00014714        0x8 ./freertos/FreeRTOS_Trace/trcSnapshotRecorder.o
                0x00014714                vTraceStart
 .text.vTraceEnable
                0x0001471c       0x34 ./freertos/FreeRTOS_Trace/trcSnapshotRecorder.o
                0x0001471c                vTraceEnable
 .text._0_Deplacement_Init
                0x00014750       0x1c ./Strategie/Strategie_Level0/Deplacement/0_Deplacements.o
                0x00014750                _0_Deplacement_Init
 .text._0_Deplacement_Get_ptr_Current_Destination
                0x0001476c        0x8 ./Strategie/Strategie_Level0/Deplacement/0_Deplacements.o
                0x0001476c                _0_Deplacement_Get_ptr_Current_Destination
 .text._0_Deplacement_Wait_For_Arrival
                0x00014774       0x7c ./Strategie/Strategie_Level0/Deplacement/0_Deplacements.o
                0x00014774                _0_Deplacement_Wait_For_Arrival
 .text.Distance_To_Destination
                0x000147f0       0x4c ./Strategie/Strategie_Level0/Deplacement/0_Deplacements.o
                0x000147f0                Distance_To_Destination
 .text.Distance_Two_Points
                0x0001483c       0x1c ./Strategie/Strategie_Level0/Deplacement/0_Deplacements.o
                0x0001483c                Distance_Two_Points
 .text._0_Deplacement_Tourne_Avance
                0x00014858       0xbc ./Strategie/Strategie_Level0/Deplacement/0_Deplacements.o
                0x00014858                _0_Deplacement_Tourne_Avance
 .text._0_Deplacement_Tourne_Avance_ASTAR
                0x00014914       0xcc ./Strategie/Strategie_Level0/Deplacement/0_Deplacements.o
                0x00014914                _0_Deplacement_Tourne_Avance_ASTAR
 .text._0_Deplacement_ASTAR
                0x000149e0      0x280 ./Strategie/Strategie_Level0/Deplacement/0_Deplacements.o
                0x000149e0                _0_Deplacement_ASTAR
 .text._1_TEST_Obstacles_Opponent_Robots
                0x00014c60       0x5c ./Strategie/Strategie_Level0/Deplacement/1_Obstacles.o
                0x00014c60                _1_TEST_Obstacles_Opponent_Robots
 .text._1_Obstacles_Create_Terrain_Border
                0x00014cbc      0x13a ./Strategie/Strategie_Level0/Deplacement/1_Obstacles.o
                0x00014cbc                _1_Obstacles_Create_Terrain_Border
 *fill*         0x00014df6        0x2 ff
 .text._0_Infos_Init
                0x00014df8       0x14 ./Strategie/Strategie_Level0/0_Infos.o
                0x00014df8                _0_Infos_Init
 .text._0_Update_Card_Datas
                0x00014e0c       0x34 ./Strategie/Strategie_Level0/0_Infos.o
                0x00014e0c                _0_Update_Card_Datas
 .text._0_Get_Robot_Position
                0x00014e40       0x48 ./Strategie/Strategie_Level0/0_Infos.o
                0x00014e40                _0_Get_Robot_Position
 .text._Strategie_Change_Action_State
                0x00014e88       0x34 ./Strategie/Strategie_Level0/Strategie_Actions.o
                0x00014e88                _Strategie_Change_Action_State
 .text._Strategie_Change_Action_Step
                0x00014ebc       0x10 ./Strategie/Strategie_Level0/Strategie_Actions.o
                0x00014ebc                _Strategie_Change_Action_Step
 .text._Strategie_Init_Strategie_2021
                0x00014ecc      0x240 ./Strategie/Strategie.o
                0x00014ecc                _Strategie_Init_Strategie_2021
 .text.Astar_Set_Node_as_Blocked
                0x0001510c       0x2a ./Pathfinding/Astar/Astar.o
 .text.Astar_Set_Node_as_Closed
                0x00015136       0x1e ./Pathfinding/Astar/Astar.o
 .text.Astar_Set_Node_as_Opened
                0x00015154       0x1e ./Pathfinding/Astar/Astar.o
 *fill*         0x00015172        0x2 ff
 .text.Astar_Compute_H_cost
                0x00015174       0x34 ./Pathfinding/Astar/Astar.o
 .text.Astar_Map_Init
                0x000151a8      0x174 ./Pathfinding/Astar/Astar.o
                0x000151a8                Astar_Map_Init
 .text.Astar_Get_Map
                0x0001531c        0x8 ./Pathfinding/Astar/Astar.o
                0x0001531c                Astar_Get_Map
 .text.Astar_Get_Vector_Map
                0x00015324        0x8 ./Pathfinding/Astar/Astar.o
                0x00015324                Astar_Get_Vector_Map
 .text.Astar_Find_Path
                0x0001532c      0x248 ./Pathfinding/Astar/Astar.o
                0x0001532c                Astar_Find_Path
 .text.Astar_Generate_Trajectory
                0x00015574       0x6a ./Pathfinding/Astar/Astar.o
                0x00015574                Astar_Generate_Trajectory
 .text.Astar_Find_Best_Node_To_Compute
                0x000155de      0x126 ./Pathfinding/Astar/Astar.o
                0x000155de                Astar_Find_Best_Node_To_Compute
 .text.Astar_Compute_Surronding_Nodes
                0x00015704      0x3da ./Pathfinding/Astar/Astar.o
                0x00015704                Astar_Compute_Surronding_Nodes
 .text.Astar_Compute_Node
                0x00015ade      0x102 ./Pathfinding/Astar/Astar.o
                0x00015ade                Astar_Compute_Node
 .text.Astar_Smoothing
                0x00015be0       0xb8 ./Pathfinding/Astar/Astar.o
                0x00015be0                Astar_Smoothing
 .text.Dijkstra_Intersect_Any_Segment
                0x00015c98       0x42 ./Pathfinding/Astar/Astar.o
                0x00015c98                Dijkstra_Intersect_Any_Segment
 .text.Dijkstra_Vector_Length
                0x00015cda       0x1c ./Pathfinding/Astar/Astar.o
                0x00015cda                Dijkstra_Vector_Length
 .text.Dijkstra_intersect_segment
                0x00015cf6      0x38c ./Pathfinding/Astar/Astar.o
                0x00015cf6                Dijkstra_intersect_segment
 *fill*         0x00016082        0x2 ff
 .text.Astar_Add_Rectangular_Obstacle
                0x00016084      0x118 ./Pathfinding/Astar/Astar.o
                0x00016084                Astar_Add_Rectangular_Obstacle
 .text.Astar_Add_Obstacle_Vector
                0x0001619c       0xd8 ./Pathfinding/Astar/Astar.o
                0x0001619c                Astar_Add_Obstacle_Vector
 .text._0_RS485_Master_Mode
                0x00016274       0x16 ./Communication/RS485/0_RS485.o
                0x00016274                _0_RS485_Master_Mode
 .text._0_RS485_Slave_Mode
                0x0001628a       0x16 ./Communication/RS485/0_RS485.o
                0x0001628a                _0_RS485_Slave_Mode
 .text._0_RS485_Init
                0x000162a0       0x60 ./Communication/RS485/0_RS485.o
                0x000162a0                _0_RS485_Init
 .text._0_Communication_Init
                0x00016300       0x5c ./Communication/0_Communication.o
                0x00016300                _0_Communication_Init
 .text._0_Communication_Init_RS485
                0x0001635c       0xa0 ./Communication/0_Communication.o
                0x0001635c                _0_Communication_Init_RS485
 .text._0_Communication_Init_XBEE
                0x000163fc       0x9c ./Communication/0_Communication.o
                0x000163fc                _0_Communication_Init_XBEE
 .text.UART1_IRQHandler
                0x00016498       0xcc ./Communication/0_Communication.o
                0x00016498                UART1_IRQHandler
 .text.UART2_IRQHandler
                0x00016564       0x9c ./Communication/0_Communication.o
                0x00016564                UART2_IRQHandler
 .text.USB_IRQHandler
                0x00016600       0x2c ./Communication/0_Communication.o
                0x00016600                USB_IRQHandler
 .text._0_Communication_Send_Data
                0x0001662c       0x90 ./Communication/0_Communication.o
                0x0001662c                _0_Communication_Send_Data
 .text._0_Communication_Send_RS485
                0x000166bc       0x98 ./Communication/0_Communication.o
                0x000166bc                _0_Communication_Send_RS485
 .text._0_Communication_Send_XBEE
                0x00016754       0x82 ./Communication/0_Communication.o
                0x00016754                _0_Communication_Send_XBEE
 .text.Chip_UART_SendByte
                0x000167d6        0x4 ./Communication/0_Communication.o
 .text.Chip_UART_ReadLineStatus
                0x000167da        0x4 ./Communication/0_Communication.o
 *fill*         0x000167de        0x2 ff
 .text._0_Communication_Init_Event_Group
                0x000167e0       0x1c ./Communication/0_Event_Group.o
                0x000167e0                _0_Communication_Init_Event_Group
 .text._1_Communication_Init
                0x000167fc       0x28 ./Communication/1_Trame_Communication.o
                0x000167fc                _1_Communication_Init
 .text._1_Communication_Create_Queues_Semaphores
                0x00016824       0x14 ./Communication/1_Trame_Communication.o
                0x00016824                _1_Communication_Create_Queues_Semaphores
 .text._1_Communication_Wait_To_Send
                0x00016838       0x28 ./Communication/1_Trame_Communication.o
                0x00016838                _1_Communication_Wait_To_Send
 .text._1_Communication_Free_Send_Bit
                0x00016860       0x14 ./Communication/1_Trame_Communication.o
                0x00016860                _1_Communication_Free_Send_Bit
 .text._1_Communication_Wait_To_Receive
                0x00016874       0x2c ./Communication/1_Trame_Communication.o
                0x00016874                _1_Communication_Wait_To_Receive
 .text._1_Communication_Free_Receive_Bit
                0x000168a0       0x14 ./Communication/1_Trame_Communication.o
                0x000168a0                _1_Communication_Free_Receive_Bit
 .text._1_Communication_Create_Message
                0x000168b4       0x7c ./Communication/1_Trame_Communication.o
                0x000168b4                _1_Communication_Create_Message
 .text._1_Communication_Create_Trame
                0x00016930       0x3c ./Communication/1_Trame_Communication.o
                0x00016930                _1_Communication_Create_Trame
 .text._1_Communication_Create_Trame_From_Buffer
                0x0001696c      0x294 ./Communication/1_Trame_Communication.o
                0x0001696c                _1_Communication_Create_Trame_From_Buffer
 .text._1_Communication_Check_Rx_Adresse
                0x00016c00       0x1a ./Communication/1_Trame_Communication.o
                0x00016c00                _1_Communication_Check_Rx_Adresse
 *fill*         0x00016c1a        0x2 ff
 .text._1_Communication_Recomposition_Rx
                0x00016c1c       0x88 ./Communication/1_Trame_Communication.o
                0x00016c1c                _1_Communication_Recomposition_Rx
 .text._2_Comm_Strategie_Init
                0x00016ca4       0x14 ./Communication/2_Echange_Data_Strategie.o
                0x00016ca4                _2_Comm_Strategie_Init
 .text._2_Comm_Strategie_Send_Action_Creation
                0x00016cb8       0xe0 ./Communication/2_Echange_Data_Strategie.o
                0x00016cb8                _2_Comm_Strategie_Send_Action_Creation
 .text._2_Comm_Strategie_Send_Action_State_Update
                0x00016d98       0xe0 ./Communication/2_Echange_Data_Strategie.o
                0x00016d98                _2_Comm_Strategie_Send_Action_State_Update
 .text._2_Communication_Init
                0x00016e78       0x14 ./Communication/2_Echange_Datas.o
                0x00016e78                _2_Communication_Init
 .text._2_Comm_Send_Destination_Robot
                0x00016e8c       0xbc ./Communication/2_Echange_Datas.o
                0x00016e8c                _2_Comm_Send_Destination_Robot
 .text._2_Comm_Send_Demande_Info
                0x00016f48       0x34 ./Communication/2_Echange_Datas.o
                0x00016f48                _2_Comm_Send_Demande_Info
 .text._2_Comm_Send_PING
                0x00016f7c       0x34 ./Communication/2_Echange_Datas.o
                0x00016f7c                _2_Comm_Send_PING
 .text._2_Comm_Send_PONG
                0x00016fb0       0x84 ./Communication/2_Echange_Datas.o
                0x00016fb0                _2_Comm_Send_PONG
 .text._2_Comm_Send_Communication_Status
                0x00017034       0x44 ./Communication/2_Echange_Datas.o
                0x00017034                _2_Comm_Send_Communication_Status
 .text._2_Comm_Send_Log_Message
                0x00017078      0x100 ./Communication/2_Echange_Datas.o
                0x00017078                _2_Comm_Send_Log_Message
 .text._2_Communication_Boards_Status
                0x00017178       0x94 ./Communication/2_Echange_Datas.o
                0x00017178                _2_Communication_Boards_Status
 .text._2_Comm_Robot_ID
                0x0001720c       0x38 ./Communication/2_Echange_Datas.o
                0x0001720c                _2_Comm_Robot_ID
 .text._2_Comm_Demande_Simulation
                0x00017244       0x48 ./Communication/2_Echange_Datas.o
                0x00017244                _2_Comm_Demande_Simulation
 .text._2_Comm_Demande_Motor_Power
                0x0001728c       0x4c ./Communication/2_Echange_Datas.o
                0x0001728c                _2_Comm_Demande_Motor_Power
 .text._2_Comm_Set_Robot_Position
                0x000172d8       0xb4 ./Communication/2_Echange_Datas.o
                0x000172d8                _2_Comm_Set_Robot_Position
 .text._2_Comm_Send_ASTAR_Contenu
                0x0001738c       0xd8 ./Communication/2_Echange_Datas.o
                0x0001738c                _2_Comm_Send_ASTAR_Contenu
 .text._2_Comm_Send_ASTAR_Vectors
                0x00017464       0xf8 ./Communication/2_Echange_Datas.o
                0x00017464                _2_Comm_Send_ASTAR_Vectors
 .text._2_Comm_Send_Robot_Speed
                0x0001755c       0xac ./Communication/2_Echange_Datas.o
                0x0001755c                _2_Comm_Send_Robot_Speed
 .text._2_Communication_RX_Init
                0x00017608        0x2 ./Communication/2_Echange_Datas_Reception.o
                0x00017608                _2_Communication_RX_Init
 *fill*         0x0001760a        0x2 ff
 .text._2_Communication_Interprete_message
                0x0001760c       0x58 ./Communication/2_Echange_Datas_Reception.o
                0x0001760c                _2_Communication_Interprete_message
 .text._2_Communication_RX_Reponse_Infos
                0x00017664       0x1a ./Communication/2_Echange_Datas_Reception.o
                0x00017664                _2_Communication_RX_Reponse_Infos
 *fill*         0x0001767e        0x2 ff
 .text.SystemCoreClockUpdate
                0x00017680       0x10 D:\Developpement_Robot\Robotic-System\trunk\Workspaces\MultiWorkSpaces_2021\0_lpc_chip_175x_6x\Release\lib0_lpc_chip_175x_6x.a(chip_17xx_40xx.o)
                0x00017680                SystemCoreClockUpdate
 .text.Chip_Clock_EnablePLL
                0x00017690       0x24 D:\Developpement_Robot\Robotic-System\trunk\Workspaces\MultiWorkSpaces_2021\0_lpc_chip_175x_6x\Release\lib0_lpc_chip_175x_6x.a(clock_17xx_40xx.o)
                0x00017690                Chip_Clock_EnablePLL
 .text.Chip_Clock_DisablePLL
                0x000176b4       0x26 D:\Developpement_Robot\Robotic-System\trunk\Workspaces\MultiWorkSpaces_2021\0_lpc_chip_175x_6x\Release\lib0_lpc_chip_175x_6x.a(clock_17xx_40xx.o)
                0x000176b4                Chip_Clock_DisablePLL
 .text.Chip_Clock_SetupPLL
                0x000176da       0x30 D:\Developpement_Robot\Robotic-System\trunk\Workspaces\MultiWorkSpaces_2021\0_lpc_chip_175x_6x\Release\lib0_lpc_chip_175x_6x.a(clock_17xx_40xx.o)
                0x000176da                Chip_Clock_SetupPLL
 *fill*         0x0001770a        0x2 ff
 .text.Chip_Clock_EnablePeriphClock
                0x0001770c       0x18 D:\Developpement_Robot\Robotic-System\trunk\Workspaces\MultiWorkSpaces_2021\0_lpc_chip_175x_6x\Release\lib0_lpc_chip_175x_6x.a(clock_17xx_40xx.o)
                0x0001770c                Chip_Clock_EnablePeriphClock
 .text.Chip_Clock_GetCPUClockSource
                0x00017724       0x10 D:\Developpement_Robot\Robotic-System\trunk\Workspaces\MultiWorkSpaces_2021\0_lpc_chip_175x_6x\Release\lib0_lpc_chip_175x_6x.a(clock_17xx_40xx.o)
                0x00017724                Chip_Clock_GetCPUClockSource
 .text.Chip_Clock_SetCPUClockDiv
                0x00017734        0xc D:\Developpement_Robot\Robotic-System\trunk\Workspaces\MultiWorkSpaces_2021\0_lpc_chip_175x_6x\Release\lib0_lpc_chip_175x_6x.a(clock_17xx_40xx.o)
                0x00017734                Chip_Clock_SetCPUClockDiv
 .text.Chip_Clock_GetCPUClockDiv
                0x00017740       0x10 D:\Developpement_Robot\Robotic-System\trunk\Workspaces\MultiWorkSpaces_2021\0_lpc_chip_175x_6x\Release\lib0_lpc_chip_175x_6x.a(clock_17xx_40xx.o)
                0x00017740                Chip_Clock_GetCPUClockDiv
 .text.Chip_Clock_GetPCLKDiv
                0x00017750       0x38 D:\Developpement_Robot\Robotic-System\trunk\Workspaces\MultiWorkSpaces_2021\0_lpc_chip_175x_6x\Release\lib0_lpc_chip_175x_6x.a(clock_17xx_40xx.o)
                0x00017750                Chip_Clock_GetPCLKDiv
 .text.Chip_Clock_GetSYSCLKRate
                0x00017788       0x38 D:\Developpement_Robot\Robotic-System\trunk\Workspaces\MultiWorkSpaces_2021\0_lpc_chip_175x_6x\Release\lib0_lpc_chip_175x_6x.a(clock_17xx_40xx.o)
                0x00017788                Chip_Clock_GetSYSCLKRate
 .text.Chip_Clock_GetMainPLLOutClockRate
                0x000177c0       0x34 D:\Developpement_Robot\Robotic-System\trunk\Workspaces\MultiWorkSpaces_2021\0_lpc_chip_175x_6x\Release\lib0_lpc_chip_175x_6x.a(clock_17xx_40xx.o)
                0x000177c0                Chip_Clock_GetMainPLLOutClockRate
 .text.Chip_Clock_GetMainClockRate
                0x000177f4       0x20 D:\Developpement_Robot\Robotic-System\trunk\Workspaces\MultiWorkSpaces_2021\0_lpc_chip_175x_6x\Release\lib0_lpc_chip_175x_6x.a(clock_17xx_40xx.o)
                0x000177f4                Chip_Clock_GetMainClockRate
 .text.Chip_Clock_GetSystemClockRate
                0x00017814       0x12 D:\Developpement_Robot\Robotic-System\trunk\Workspaces\MultiWorkSpaces_2021\0_lpc_chip_175x_6x\Release\lib0_lpc_chip_175x_6x.a(clock_17xx_40xx.o)
                0x00017814                Chip_Clock_GetSystemClockRate
 .text.Chip_Clock_GetPeripheralClockRate
                0x00017826       0x16 D:\Developpement_Robot\Robotic-System\trunk\Workspaces\MultiWorkSpaces_2021\0_lpc_chip_175x_6x\Release\lib0_lpc_chip_175x_6x.a(clock_17xx_40xx.o)
                0x00017826                Chip_Clock_GetPeripheralClockRate
 .text.RingBuffer_Init
                0x0001783c       0x10 D:\Developpement_Robot\Robotic-System\trunk\Workspaces\MultiWorkSpaces_2021\0_lpc_chip_175x_6x\Release\lib0_lpc_chip_175x_6x.a(ring_buffer.o)
                0x0001783c                RingBuffer_Init
 .text.RingBuffer_Insert
                0x0001784c       0x30 D:\Developpement_Robot\Robotic-System\trunk\Workspaces\MultiWorkSpaces_2021\0_lpc_chip_175x_6x\Release\lib0_lpc_chip_175x_6x.a(ring_buffer.o)
                0x0001784c                RingBuffer_Insert
 .text.RingBuffer_InsertMult
                0x0001787c       0x88 D:\Developpement_Robot\Robotic-System\trunk\Workspaces\MultiWorkSpaces_2021\0_lpc_chip_175x_6x\Release\lib0_lpc_chip_175x_6x.a(ring_buffer.o)
                0x0001787c                RingBuffer_InsertMult
 .text.RingBuffer_Pop
                0x00017904       0x30 D:\Developpement_Robot\Robotic-System\trunk\Workspaces\MultiWorkSpaces_2021\0_lpc_chip_175x_6x\Release\lib0_lpc_chip_175x_6x.a(ring_buffer.o)
                0x00017904                RingBuffer_Pop
 .text.RingBuffer_PopMult
                0x00017934       0x7c D:\Developpement_Robot\Robotic-System\trunk\Workspaces\MultiWorkSpaces_2021\0_lpc_chip_175x_6x\Release\lib0_lpc_chip_175x_6x.a(ring_buffer.o)
                0x00017934                RingBuffer_PopMult
 .text.RingBuffer_Count
                0x000179b0        0x8 D:\Developpement_Robot\Robotic-System\trunk\Workspaces\MultiWorkSpaces_2021\0_lpc_chip_175x_6x\Release\lib0_lpc_chip_175x_6x.a(ring_buffer.o)
                0x000179b0                RingBuffer_Count
 .text.Chip_SetupIrcClocking
                0x000179b8       0x64 D:\Developpement_Robot\Robotic-System\trunk\Workspaces\MultiWorkSpaces_2021\0_lpc_chip_175x_6x\Release\lib0_lpc_chip_175x_6x.a(sysinit_17xx_40xx.o)
                0x000179b8                Chip_SetupIrcClocking
 .text.Chip_SetupXtalClocking
                0x00017a1c       0xdc D:\Developpement_Robot\Robotic-System\trunk\Workspaces\MultiWorkSpaces_2021\0_lpc_chip_175x_6x\Release\lib0_lpc_chip_175x_6x.a(sysinit_17xx_40xx.o)
                0x00017a1c                Chip_SetupXtalClocking
 .text.Chip_SystemInit
                0x00017af8        0x4 D:\Developpement_Robot\Robotic-System\trunk\Workspaces\MultiWorkSpaces_2021\0_lpc_chip_175x_6x\Release\lib0_lpc_chip_175x_6x.a(sysinit_17xx_40xx.o)
                0x00017af8                Chip_SystemInit
 .text.Chip_TIMER_Init
                0x00017afc       0x2c D:\Developpement_Robot\Robotic-System\trunk\Workspaces\MultiWorkSpaces_2021\0_lpc_chip_175x_6x\Release\lib0_lpc_chip_175x_6x.a(timer_17xx_40xx.o)
                0x00017afc                Chip_TIMER_Init
 .text.Chip_UART_GetClockIndex
                0x00017b28       0x28 D:\Developpement_Robot\Robotic-System\trunk\Workspaces\MultiWorkSpaces_2021\0_lpc_chip_175x_6x\Release\lib0_lpc_chip_175x_6x.a(uart_17xx_40xx.o)
 .text.Chip_UART_Init
                0x00017b50       0x38 D:\Developpement_Robot\Robotic-System\trunk\Workspaces\MultiWorkSpaces_2021\0_lpc_chip_175x_6x\Release\lib0_lpc_chip_175x_6x.a(uart_17xx_40xx.o)
                0x00017b50                Chip_UART_Init
 .text.Chip_UART_TXEnable
                0x00017b88        0x6 D:\Developpement_Robot\Robotic-System\trunk\Workspaces\MultiWorkSpaces_2021\0_lpc_chip_175x_6x\Release\lib0_lpc_chip_175x_6x.a(uart_17xx_40xx.o)
                0x00017b88                Chip_UART_TXEnable
 .text.Chip_UART_SetBaud
                0x00017b8e       0x34 D:\Developpement_Robot\Robotic-System\trunk\Workspaces\MultiWorkSpaces_2021\0_lpc_chip_175x_6x\Release\lib0_lpc_chip_175x_6x.a(uart_17xx_40xx.o)
                0x00017b8e                Chip_UART_SetBaud
 .text.Chip_UART_RXIntHandlerRB
                0x00017bc2       0x22 D:\Developpement_Robot\Robotic-System\trunk\Workspaces\MultiWorkSpaces_2021\0_lpc_chip_175x_6x\Release\lib0_lpc_chip_175x_6x.a(uart_17xx_40xx.o)
                0x00017bc2                Chip_UART_RXIntHandlerRB
 .text.Chip_UART_TXIntHandlerRB
                0x00017be4       0x24 D:\Developpement_Robot\Robotic-System\trunk\Workspaces\MultiWorkSpaces_2021\0_lpc_chip_175x_6x\Release\lib0_lpc_chip_175x_6x.a(uart_17xx_40xx.o)
                0x00017be4                Chip_UART_TXIntHandlerRB
 .text.Chip_UART_IRQRBHandler
                0x00017c08       0x68 D:\Developpement_Robot\Robotic-System\trunk\Workspaces\MultiWorkSpaces_2021\0_lpc_chip_175x_6x\Release\lib0_lpc_chip_175x_6x.a(uart_17xx_40xx.o)
                0x00017c08                Chip_UART_IRQRBHandler
 .text.Set_Clock_in
                0x00017c70        0xc D:\Developpement_Robot\Robotic-System\trunk\Workspaces\MultiWorkSpaces_2021\0_lpc_board_nxp_lpcxpresso_1769\Release\lib0_lpc_board_nxp_lpcxpresso_1769.a(board.o)
                0x00017c70                Set_Clock_in
 .text.Board_Init
                0x00017c7c       0x12 D:\Developpement_Robot\Robotic-System\trunk\Workspaces\MultiWorkSpaces_2021\0_lpc_board_nxp_lpcxpresso_1769\Release\lib0_lpc_board_nxp_lpcxpresso_1769.a(board.o)
                0x00017c7c                Board_Init
 .text.EPAdr    0x00017c8e       0x10 D:\Developpement_Robot\Robotic-System\trunk\Workspaces\MultiWorkSpaces_2021\0_lpc_chip_175x_6x\libs\libusbd_175x_6x_lib.a(hw_usbd_ip3503.o)
                0x00017c8e                EPAdr
 .text.hwWrCmd  0x00017c9e       0x10 D:\Developpement_Robot\Robotic-System\trunk\Workspaces\MultiWorkSpaces_2021\0_lpc_chip_175x_6x\libs\libusbd_175x_6x_lib.a(hw_usbd_ip3503.o)
                0x00017c9e                hwWrCmd
 .text.hwWrCmdDat
                0x00017cae       0x16 D:\Developpement_Robot\Robotic-System\trunk\Workspaces\MultiWorkSpaces_2021\0_lpc_chip_175x_6x\libs\libusbd_175x_6x_lib.a(hw_usbd_ip3503.o)
                0x00017cae                hwWrCmdDat
 .text.hwWrCmdEP
                0x00017cc4       0x24 D:\Developpement_Robot\Robotic-System\trunk\Workspaces\MultiWorkSpaces_2021\0_lpc_chip_175x_6x\libs\libusbd_175x_6x_lib.a(hw_usbd_ip3503.o)
                0x00017cc4                hwWrCmdEP
 .text.hwRdCmdDat
                0x00017ce8       0x12 D:\Developpement_Robot\Robotic-System\trunk\Workspaces\MultiWorkSpaces_2021\0_lpc_chip_175x_6x\libs\libusbd_175x_6x_lib.a(hw_usbd_ip3503.o)
                0x00017ce8                hwRdCmdDat
 .text.hwUSB_GetMemSize
                0x00017cfa        0x6 D:\Developpement_Robot\Robotic-System\trunk\Workspaces\MultiWorkSpaces_2021\0_lpc_chip_175x_6x\libs\libusbd_175x_6x_lib.a(hw_usbd_ip3503.o)
                0x00017cfa                hwUSB_GetMemSize
 .text.hwUSB_Connect
                0x00017d00       0x1c D:\Developpement_Robot\Robotic-System\trunk\Workspaces\MultiWorkSpaces_2021\0_lpc_chip_175x_6x\libs\libusbd_175x_6x_lib.a(hw_usbd_ip3503.o)
                0x00017d00                hwUSB_Connect
 .text.hwUSB_Reset
                0x00017d1c       0x30 D:\Developpement_Robot\Robotic-System\trunk\Workspaces\MultiWorkSpaces_2021\0_lpc_chip_175x_6x\libs\libusbd_175x_6x_lib.a(hw_usbd_ip3503.o)
                0x00017d1c                hwUSB_Reset
 .text.hwUSB_WakeUp
                0x00017d4c       0x20 D:\Developpement_Robot\Robotic-System\trunk\Workspaces\MultiWorkSpaces_2021\0_lpc_chip_175x_6x\libs\libusbd_175x_6x_lib.a(hw_usbd_ip3503.o)
                0x00017d4c                hwUSB_WakeUp
 .text.hwUSB_WakeUpCfg
                0x00017d6c        0x2 D:\Developpement_Robot\Robotic-System\trunk\Workspaces\MultiWorkSpaces_2021\0_lpc_chip_175x_6x\libs\libusbd_175x_6x_lib.a(hw_usbd_ip3503.o)
                0x00017d6c                hwUSB_WakeUpCfg
 *fill*         0x00017d6e        0x2 ff
 .text.hwUSB_SetAddress
                0x00017d70       0x30 D:\Developpement_Robot\Robotic-System\trunk\Workspaces\MultiWorkSpaces_2021\0_lpc_chip_175x_6x\libs\libusbd_175x_6x_lib.a(hw_usbd_ip3503.o)
                0x00017d70                hwUSB_SetAddress
 .text.hwUSB_Init
                0x00017da0       0x84 D:\Developpement_Robot\Robotic-System\trunk\Workspaces\MultiWorkSpaces_2021\0_lpc_chip_175x_6x\libs\libusbd_175x_6x_lib.a(hw_usbd_ip3503.o)
                0x00017da0                hwUSB_Init
 .text.hwUSB_Configure
                0x00017e24       0x34 D:\Developpement_Robot\Robotic-System\trunk\Workspaces\MultiWorkSpaces_2021\0_lpc_chip_175x_6x\libs\libusbd_175x_6x_lib.a(hw_usbd_ip3503.o)
                0x00017e24                hwUSB_Configure
 .text.hwUSB_ConfigEP
                0x00017e58       0x32 D:\Developpement_Robot\Robotic-System\trunk\Workspaces\MultiWorkSpaces_2021\0_lpc_chip_175x_6x\libs\libusbd_175x_6x_lib.a(hw_usbd_ip3503.o)
                0x00017e58                hwUSB_ConfigEP
 .text.hwUSB_DirCtrlEP
                0x00017e8a        0x2 D:\Developpement_Robot\Robotic-System\trunk\Workspaces\MultiWorkSpaces_2021\0_lpc_chip_175x_6x\libs\libusbd_175x_6x_lib.a(hw_usbd_ip3503.o)
                0x00017e8a                hwUSB_DirCtrlEP
 .text.hwUSB_EnableEP
                0x00017e8c       0x24 D:\Developpement_Robot\Robotic-System\trunk\Workspaces\MultiWorkSpaces_2021\0_lpc_chip_175x_6x\libs\libusbd_175x_6x_lib.a(hw_usbd_ip3503.o)
                0x00017e8c                hwUSB_EnableEP
 .text.hwUSB_DisableEP
                0x00017eb0       0x28 D:\Developpement_Robot\Robotic-System\trunk\Workspaces\MultiWorkSpaces_2021\0_lpc_chip_175x_6x\libs\libusbd_175x_6x_lib.a(hw_usbd_ip3503.o)
                0x00017eb0                hwUSB_DisableEP
 .text.hwUSB_ResetEP
                0x00017ed8       0x24 D:\Developpement_Robot\Robotic-System\trunk\Workspaces\MultiWorkSpaces_2021\0_lpc_chip_175x_6x\libs\libusbd_175x_6x_lib.a(hw_usbd_ip3503.o)
                0x00017ed8                hwUSB_ResetEP
 .text.hwUSB_SetStallEP
                0x00017efc       0x28 D:\Developpement_Robot\Robotic-System\trunk\Workspaces\MultiWorkSpaces_2021\0_lpc_chip_175x_6x\libs\libusbd_175x_6x_lib.a(hw_usbd_ip3503.o)
                0x00017efc                hwUSB_SetStallEP
 .text.hwUSB_ClrStallEP
                0x00017f24       0x24 D:\Developpement_Robot\Robotic-System\trunk\Workspaces\MultiWorkSpaces_2021\0_lpc_chip_175x_6x\libs\libusbd_175x_6x_lib.a(hw_usbd_ip3503.o)
                0x00017f24                hwUSB_ClrStallEP
 .text.hwUSB_EnableEvent
                0x00017f48       0xd8 D:\Developpement_Robot\Robotic-System\trunk\Workspaces\MultiWorkSpaces_2021\0_lpc_chip_175x_6x\libs\libusbd_175x_6x_lib.a(hw_usbd_ip3503.o)
                0x00017f48                hwUSB_EnableEvent
 .text.hwUSB_ReadEP
                0x00018020       0x80 D:\Developpement_Robot\Robotic-System\trunk\Workspaces\MultiWorkSpaces_2021\0_lpc_chip_175x_6x\libs\libusbd_175x_6x_lib.a(hw_usbd_ip3503.o)
                0x00018020                hwUSB_ReadEP
 .text.hwUSB_ForceFullSpeed
                0x000180a0        0x2 D:\Developpement_Robot\Robotic-System\trunk\Workspaces\MultiWorkSpaces_2021\0_lpc_chip_175x_6x\libs\libusbd_175x_6x_lib.a(hw_usbd_ip3503.o)
                0x000180a0                hwUSB_ForceFullSpeed
 .text.hwUSB_SetTestMode
                0x000180a2        0x4 D:\Developpement_Robot\Robotic-System\trunk\Workspaces\MultiWorkSpaces_2021\0_lpc_chip_175x_6x\libs\libusbd_175x_6x_lib.a(hw_usbd_ip3503.o)
                0x000180a2                hwUSB_SetTestMode
 .text.hwUSB_ReadReqEP
                0x000180a6        0x4 D:\Developpement_Robot\Robotic-System\trunk\Workspaces\MultiWorkSpaces_2021\0_lpc_chip_175x_6x\libs\libusbd_175x_6x_lib.a(hw_usbd_ip3503.o)
                0x000180a6                hwUSB_ReadReqEP
 .text.hwUSB_ReadSetupPkt
                0x000180aa        0x4 D:\Developpement_Robot\Robotic-System\trunk\Workspaces\MultiWorkSpaces_2021\0_lpc_chip_175x_6x\libs\libusbd_175x_6x_lib.a(hw_usbd_ip3503.o)
                0x000180aa                hwUSB_ReadSetupPkt
 *fill*         0x000180ae        0x2 ff
 .text.hwUSB_WriteEP
                0x000180b0       0x44 D:\Developpement_Robot\Robotic-System\trunk\Workspaces\MultiWorkSpaces_2021\0_lpc_chip_175x_6x\libs\libusbd_175x_6x_lib.a(hw_usbd_ip3503.o)
                0x000180b0                hwUSB_WriteEP
 .text.hwUSB_ISR
                0x000180f4      0x1a0 D:\Developpement_Robot\Robotic-System\trunk\Workspaces\MultiWorkSpaces_2021\0_lpc_chip_175x_6x\libs\libusbd_175x_6x_lib.a(hw_usbd_ip3503.o)
                0x000180f4                hwUSB_ISR
 .text.mwCDC_SetRequest
                0x00018294       0x7c D:\Developpement_Robot\Robotic-System\trunk\Workspaces\MultiWorkSpaces_2021\0_lpc_chip_175x_6x\libs\libusbd_175x_6x_lib.a(mw_usbd_cdcuser.o)
                0x00018294                mwCDC_SetRequest
 .text.mwCDC_ep0_hdlr
                0x00018310       0xb0 D:\Developpement_Robot\Robotic-System\trunk\Workspaces\MultiWorkSpaces_2021\0_lpc_chip_175x_6x\libs\libusbd_175x_6x_lib.a(mw_usbd_cdcuser.o)
                0x00018310                mwCDC_ep0_hdlr
 .text.mwCDC_GetRequest
                0x000183c0       0x50 D:\Developpement_Robot\Robotic-System\trunk\Workspaces\MultiWorkSpaces_2021\0_lpc_chip_175x_6x\libs\libusbd_175x_6x_lib.a(mw_usbd_cdcuser.o)
                0x000183c0                mwCDC_GetRequest
 .text.mwCDC_SendNotification
                0x00018410       0x50 D:\Developpement_Robot\Robotic-System\trunk\Workspaces\MultiWorkSpaces_2021\0_lpc_chip_175x_6x\libs\libusbd_175x_6x_lib.a(mw_usbd_cdcuser.o)
                0x00018410                mwCDC_SendNotification
 .text.mwCDC_GetMemSize
                0x00018460        0x4 D:\Developpement_Robot\Robotic-System\trunk\Workspaces\MultiWorkSpaces_2021\0_lpc_chip_175x_6x\libs\libusbd_175x_6x_lib.a(mw_usbd_cdcuser.o)
                0x00018460                mwCDC_GetMemSize
 .text.mwCDC_init
                0x00018464      0x140 D:\Developpement_Robot\Robotic-System\trunk\Workspaces\MultiWorkSpaces_2021\0_lpc_chip_175x_6x\libs\libusbd_175x_6x_lib.a(mw_usbd_cdcuser.o)
                0x00018464                mwCDC_init
 .text.USB_ReqGetConfiguration
                0x000185a4       0x20 D:\Developpement_Robot\Robotic-System\trunk\Workspaces\MultiWorkSpaces_2021\0_lpc_chip_175x_6x\libs\libusbd_175x_6x_lib.a(mw_usbd_core.o)
                0x000185a4                USB_ReqGetConfiguration
 .text.USBD_virt_to_phys
                0x000185c4        0x2 D:\Developpement_Robot\Robotic-System\trunk\Workspaces\MultiWorkSpaces_2021\0_lpc_chip_175x_6x\libs\libusbd_175x_6x_lib.a(mw_usbd_core.o)
                0x000185c4                USBD_virt_to_phys
 .text.USBD_cache_flush
                0x000185c6        0x2 D:\Developpement_Robot\Robotic-System\trunk\Workspaces\MultiWorkSpaces_2021\0_lpc_chip_175x_6x\libs\libusbd_175x_6x_lib.a(mw_usbd_core.o)
                0x000185c6                USBD_cache_flush
 .text.USB_ReqGetStatus
                0x000185c8       0x8c D:\Developpement_Robot\Robotic-System\trunk\Workspaces\MultiWorkSpaces_2021\0_lpc_chip_175x_6x\libs\libusbd_175x_6x_lib.a(mw_usbd_core.o)
                0x000185c8                USB_ReqGetStatus
 .text.USB_ReqGetDescriptor
                0x00018654       0x84 D:\Developpement_Robot\Robotic-System\trunk\Workspaces\MultiWorkSpaces_2021\0_lpc_chip_175x_6x\libs\libusbd_175x_6x_lib.a(mw_usbd_core.o)
                0x00018654                USB_ReqGetDescriptor
 .text.USB_ReqGetInterface
                0x000186d8       0x34 D:\Developpement_Robot\Robotic-System\trunk\Workspaces\MultiWorkSpaces_2021\0_lpc_chip_175x_6x\libs\libusbd_175x_6x_lib.a(mw_usbd_core.o)
                0x000186d8                USB_ReqGetInterface
 .text.USB_ReqSetClrFeature
                0x0001870c       0xb4 D:\Developpement_Robot\Robotic-System\trunk\Workspaces\MultiWorkSpaces_2021\0_lpc_chip_175x_6x\libs\libusbd_175x_6x_lib.a(mw_usbd_core.o)
                0x0001870c                USB_ReqSetClrFeature
 .text.USB_ReqSetConfiguration
                0x000187c0      0x194 D:\Developpement_Robot\Robotic-System\trunk\Workspaces\MultiWorkSpaces_2021\0_lpc_chip_175x_6x\libs\libusbd_175x_6x_lib.a(mw_usbd_core.o)
                0x000187c0                USB_ReqSetConfiguration
 .text.USB_ReqSetInterface
                0x00018954      0x144 D:\Developpement_Robot\Robotic-System\trunk\Workspaces\MultiWorkSpaces_2021\0_lpc_chip_175x_6x\libs\libusbd_175x_6x_lib.a(mw_usbd_core.o)
                0x00018954                USB_ReqSetInterface
 .text.mwUSB_SetupStage
                0x00018a98        0xa D:\Developpement_Robot\Robotic-System\trunk\Workspaces\MultiWorkSpaces_2021\0_lpc_chip_175x_6x\libs\libusbd_175x_6x_lib.a(mw_usbd_core.o)
                0x00018a98                mwUSB_SetupStage
 .text.mwUSB_DataInStage
                0x00018aa2       0x2e D:\Developpement_Robot\Robotic-System\trunk\Workspaces\MultiWorkSpaces_2021\0_lpc_chip_175x_6x\libs\libusbd_175x_6x_lib.a(mw_usbd_core.o)
                0x00018aa2                mwUSB_DataInStage
 .text.mwUSB_DataOutStage
                0x00018ad0       0x24 D:\Developpement_Robot\Robotic-System\trunk\Workspaces\MultiWorkSpaces_2021\0_lpc_chip_175x_6x\libs\libusbd_175x_6x_lib.a(mw_usbd_core.o)
                0x00018ad0                mwUSB_DataOutStage
 .text.mwUSB_StatusInStage
                0x00018af4        0xa D:\Developpement_Robot\Robotic-System\trunk\Workspaces\MultiWorkSpaces_2021\0_lpc_chip_175x_6x\libs\libusbd_175x_6x_lib.a(mw_usbd_core.o)
                0x00018af4                mwUSB_StatusInStage
 .text.mwUSB_StatusOutStage
                0x00018afe        0xa D:\Developpement_Robot\Robotic-System\trunk\Workspaces\MultiWorkSpaces_2021\0_lpc_chip_175x_6x\libs\libusbd_175x_6x_lib.a(mw_usbd_core.o)
                0x00018afe                mwUSB_StatusOutStage
 .text.mwUSB_StallEp0
                0x00018b08       0x12 D:\Developpement_Robot\Robotic-System\trunk\Workspaces\MultiWorkSpaces_2021\0_lpc_chip_175x_6x\libs\libusbd_175x_6x_lib.a(mw_usbd_core.o)
                0x00018b08                mwUSB_StallEp0
 *fill*         0x00018b1a        0x2 ff
 .text.USB_ReqSetAddress
                0x00018b1c       0x24 D:\Developpement_Robot\Robotic-System\trunk\Workspaces\MultiWorkSpaces_2021\0_lpc_chip_175x_6x\libs\libusbd_175x_6x_lib.a(mw_usbd_core.o)
                0x00018b1c                USB_ReqSetAddress
 .text.USB_InvokeEp0Hdlrs
                0x00018b40       0x44 D:\Developpement_Robot\Robotic-System\trunk\Workspaces\MultiWorkSpaces_2021\0_lpc_chip_175x_6x\libs\libusbd_175x_6x_lib.a(mw_usbd_core.o)
                0x00018b40                USB_InvokeEp0Hdlrs
 .text.mwUSB_ResetCore
                0x00018b84       0x26 D:\Developpement_Robot\Robotic-System\trunk\Workspaces\MultiWorkSpaces_2021\0_lpc_chip_175x_6x\libs\libusbd_175x_6x_lib.a(mw_usbd_core.o)
                0x00018b84                mwUSB_ResetCore
 *fill*         0x00018baa        0x2 ff
 .text.USB_EvtSetupHandler
                0x00018bac      0x108 D:\Developpement_Robot\Robotic-System\trunk\Workspaces\MultiWorkSpaces_2021\0_lpc_chip_175x_6x\libs\libusbd_175x_6x_lib.a(mw_usbd_core.o)
                0x00018bac                USB_EvtSetupHandler
 .text.USB_EvtOutHandler
                0x00018cb4       0x68 D:\Developpement_Robot\Robotic-System\trunk\Workspaces\MultiWorkSpaces_2021\0_lpc_chip_175x_6x\libs\libusbd_175x_6x_lib.a(mw_usbd_core.o)
                0x00018cb4                USB_EvtOutHandler
 .text.USB_EndPoint0
                0x00018d1c       0x94 D:\Developpement_Robot\Robotic-System\trunk\Workspaces\MultiWorkSpaces_2021\0_lpc_chip_175x_6x\libs\libusbd_175x_6x_lib.a(mw_usbd_core.o)
                0x00018d1c                USB_EndPoint0
 .text.mwUSB_InitCore
                0x00018db0       0xdc D:\Developpement_Robot\Robotic-System\trunk\Workspaces\MultiWorkSpaces_2021\0_lpc_chip_175x_6x\libs\libusbd_175x_6x_lib.a(mw_usbd_core.o)
                0x00018db0                mwUSB_InitCore
 .text.mwUSB_RegisterClassHandler
                0x00018e8c       0x28 D:\Developpement_Robot\Robotic-System\trunk\Workspaces\MultiWorkSpaces_2021\0_lpc_chip_175x_6x\libs\libusbd_175x_6x_lib.a(mw_usbd_core.o)
                0x00018e8c                mwUSB_RegisterClassHandler
 .text.mwUSB_RegisterEpHandler
                0x00018eb4       0x24 D:\Developpement_Robot\Robotic-System\trunk\Workspaces\MultiWorkSpaces_2021\0_lpc_chip_175x_6x\libs\libusbd_175x_6x_lib.a(mw_usbd_core.o)
                0x00018eb4                mwUSB_RegisterEpHandler
 .text          0x00018ed8      0x378 c:/nxp/mcuxpressoide_11.2.1_4149/ide/plugins/com.nxp.mcuxpresso.tools.win32_11.2.0.202008311134/tools/bin/../lib/gcc/arm-none-eabi/9.2.1/thumb/v7-m/nofp\libgcc.a(_arm_addsubdf3.o)
                0x00018ed8                __aeabi_drsub
                0x00018ee0                __aeabi_dsub
                0x00018ee0                __subdf3
                0x00018ee4                __aeabi_dadd
                0x00018ee4                __adddf3
                0x0001915c                __floatunsidf
                0x0001915c                __aeabi_ui2d
                0x0001917c                __floatsidf
                0x0001917c                __aeabi_i2d
                0x000191a0                __aeabi_f2d
                0x000191a0                __extendsfdf2
                0x000191e4                __floatundidf
                0x000191e4                __aeabi_ul2d
                0x000191f4                __floatdidf
                0x000191f4                __aeabi_l2d
 .text          0x00019250       0x40 c:/nxp/mcuxpressoide_11.2.1_4149/ide/plugins/com.nxp.mcuxpresso.tools.win32_11.2.0.202008311134/tools/bin/../lib/gcc/arm-none-eabi/9.2.1/thumb/v7-m/nofp\libgcc.a(_arm_fixunsdfsi.o)
                0x00019250                __aeabi_d2uiz
                0x00019250                __fixunsdfsi
 .text          0x00019290      0x21c c:/nxp/mcuxpressoide_11.2.1_4149/ide/plugins/com.nxp.mcuxpresso.tools.win32_11.2.0.202008311134/tools/bin/../lib/gcc/arm-none-eabi/9.2.1/thumb/v7-m/nofp\libgcc.a(_arm_addsubsf3.o)
                0x00019290                __aeabi_frsub
                0x00019298                __subsf3
                0x00019298                __aeabi_fsub
                0x0001929c                __aeabi_fadd
                0x0001929c                __addsf3
                0x000193fc                __aeabi_ui2f
                0x000193fc                __floatunsisf
                0x00019404                __aeabi_i2f
                0x00019404                __floatsisf
                0x00019420                __aeabi_ul2f
                0x00019420                __floatundisf
                0x00019430                __aeabi_l2f
                0x00019430                __floatdisf
 .text          0x000194ac      0x2a0 c:/nxp/mcuxpressoide_11.2.1_4149/ide/plugins/com.nxp.mcuxpresso.tools.win32_11.2.0.202008311134/tools/bin/../lib/gcc/arm-none-eabi/9.2.1/thumb/v7-m/nofp\libgcc.a(_arm_muldivsf3.o)
                0x000194ac                __mulsf3
                0x000194ac                __aeabi_fmul
                0x00019614                __aeabi_fdiv
                0x00019614                __divsf3
 .text          0x0001974c       0xec c:/nxp/mcuxpressoide_11.2.1_4149/ide/plugins/com.nxp.mcuxpresso.tools.win32_11.2.0.202008311134/tools/bin/../lib/gcc/arm-none-eabi/9.2.1/thumb/v7-m/nofp\libgcc.a(_arm_cmpsf2.o)
                0x0001974c                __gesf2
                0x0001974c                __gtsf2
                0x00019754                __lesf2
                0x00019754                __ltsf2
                0x0001975c                __nesf2
                0x0001975c                __eqsf2
                0x0001975c                __cmpsf2
                0x000197bc                __aeabi_cfrcmple
                0x000197c4                __aeabi_cfcmpeq
                0x000197c4                __aeabi_cfcmple
                0x000197d4                __aeabi_fcmpeq
                0x000197e8                __aeabi_fcmplt
                0x000197fc                __aeabi_fcmple
                0x00019810                __aeabi_fcmpge
                0x00019824                __aeabi_fcmpgt
 .text          0x00019838       0x4c c:/nxp/mcuxpressoide_11.2.1_4149/ide/plugins/com.nxp.mcuxpresso.tools.win32_11.2.0.202008311134/tools/bin/../lib/gcc/arm-none-eabi/9.2.1/thumb/v7-m/nofp\libgcc.a(_arm_fixsfsi.o)
                0x00019838                __aeabi_f2iz
                0x00019838                __fixsfsi
 .text          0x00019884       0x40 c:/nxp/mcuxpressoide_11.2.1_4149/ide/plugins/com.nxp.mcuxpresso.tools.win32_11.2.0.202008311134/tools/bin/../lib/gcc/arm-none-eabi/9.2.1/thumb/v7-m/nofp\libgcc.a(_arm_fixunssfsi.o)
                0x00019884                __fixunssfsi
                0x00019884                __aeabi_f2uiz
 .text.memcpy   0x000198c4       0x1c c:/nxp/mcuxpressoide_11.2.1_4149/ide/plugins/com.nxp.mcuxpresso.tools.win32_11.2.0.202008311134/tools/bin/../lib/gcc/arm-none-eabi/9.2.1/../../../../arm-none-eabi/lib/thumb/v7-m/nofp\libc_nano.a(lib_a-memcpy-stub.o)
                0x000198c4                memcpy
 .text.memset   0x000198e0       0x10 c:/nxp/mcuxpressoide_11.2.1_4149/ide/plugins/com.nxp.mcuxpresso.tools.win32_11.2.0.202008311134/tools/bin/../lib/gcc/arm-none-eabi/9.2.1/../../../../arm-none-eabi/lib/thumb/v7-m/nofp\libc_nano.a(lib_a-memset.o)
                0x000198e0                memset
 .text.__cvt    0x000198f0       0xbe c:/nxp/mcuxpressoide_11.2.1_4149/ide/plugins/com.nxp.mcuxpresso.tools.win32_11.2.0.202008311134/tools/bin/../lib/gcc/arm-none-eabi/9.2.1/../../../../arm-none-eabi/lib/thumb/v7-m/nofp\libc_nano.a(lib_a-nano-vfprintf_float.o)
                0x000198f0                __cvt
 .text.__exponent
                0x000199ae       0x7c c:/nxp/mcuxpressoide_11.2.1_4149/ide/plugins/com.nxp.mcuxpresso.tools.win32_11.2.0.202008311134/tools/bin/../lib/gcc/arm-none-eabi/9.2.1/../../../../arm-none-eabi/lib/thumb/v7-m/nofp\libc_nano.a(lib_a-nano-vfprintf_float.o)
                0x000199ae                __exponent
 *fill*         0x00019a2a        0x2 ff
 .text._printf_float
                0x00019a2c      0x458 c:/nxp/mcuxpressoide_11.2.1_4149/ide/plugins/com.nxp.mcuxpresso.tools.win32_11.2.0.202008311134/tools/bin/../lib/gcc/arm-none-eabi/9.2.1/../../../../arm-none-eabi/lib/thumb/v7-m/nofp\libc_nano.a(lib_a-nano-vfprintf_float.o)
                0x00019a2c                _printf_float
 .text._printf_common
                0x00019e84       0xde c:/nxp/mcuxpressoide_11.2.1_4149/ide/plugins/com.nxp.mcuxpresso.tools.win32_11.2.0.202008311134/tools/bin/../lib/gcc/arm-none-eabi/9.2.1/../../../../arm-none-eabi/lib/thumb/v7-m/nofp\libc_nano.a(lib_a-nano-vfprintf_i.o)
                0x00019e84                _printf_common
 *fill*         0x00019f62        0x2 ff
 .text._printf_i
                0x00019f64      0x24c c:/nxp/mcuxpressoide_11.2.1_4149/ide/plugins/com.nxp.mcuxpresso.tools.win32_11.2.0.202008311134/tools/bin/../lib/gcc/arm-none-eabi/9.2.1/../../../../arm-none-eabi/lib/thumb/v7-m/nofp\libc_nano.a(lib_a-nano-vfprintf_i.o)
                0x00019f64                _printf_i
 .text.sprintf  0x0001a1b0       0x40 c:/nxp/mcuxpressoide_11.2.1_4149/ide/plugins/com.nxp.mcuxpresso.tools.win32_11.2.0.202008311134/tools/bin/../lib/gcc/arm-none-eabi/9.2.1/../../../../arm-none-eabi/lib/thumb/v7-m/nofp\libc_nano.a(lib_a-sprintf.o)
                0x0001a1b0                siprintf
                0x0001a1b0                sprintf
 .text.strcpy   0x0001a1f0       0x10 c:/nxp/mcuxpressoide_11.2.1_4149/ide/plugins/com.nxp.mcuxpresso.tools.win32_11.2.0.202008311134/tools/bin/../lib/gcc/arm-none-eabi/9.2.1/../../../../arm-none-eabi/lib/thumb/v7-m/nofp\libc_nano.a(lib_a-strcpy.o)
                0x0001a1f0                strcpy
 .text          0x0001a200       0x10 c:/nxp/mcuxpressoide_11.2.1_4149/ide/plugins/com.nxp.mcuxpresso.tools.win32_11.2.0.202008311134/tools/bin/../lib/gcc/arm-none-eabi/9.2.1/../../../../arm-none-eabi/lib/thumb/v7-m/nofp\libc_nano.a(lib_a-strlen.o)
                0x0001a200                strlen
 .text.strncmp  0x0001a210       0x24 c:/nxp/mcuxpressoide_11.2.1_4149/ide/plugins/com.nxp.mcuxpresso.tools.win32_11.2.0.202008311134/tools/bin/../lib/gcc/arm-none-eabi/9.2.1/../../../../arm-none-eabi/lib/thumb/v7-m/nofp\libc_nano.a(lib_a-strncmp.o)
                0x0001a210                strncmp
 .text.quorem   0x0001a234      0x11a c:/nxp/mcuxpressoide_11.2.1_4149/ide/plugins/com.nxp.mcuxpresso.tools.win32_11.2.0.202008311134/tools/bin/../lib/gcc/arm-none-eabi/9.2.1/../../../../arm-none-eabi/lib/thumb/v7-m/nofp\libc_nano.a(lib_a-dtoa.o)
 *fill*         0x0001a34e        0x2 ff
 .text._dtoa_r  0x0001a350      0xba4 c:/nxp/mcuxpressoide_11.2.1_4149/ide/plugins/com.nxp.mcuxpresso.tools.win32_11.2.0.202008311134/tools/bin/../lib/gcc/arm-none-eabi/9.2.1/../../../../arm-none-eabi/lib/thumb/v7-m/nofp\libc_nano.a(lib_a-dtoa.o)
                0x0001a350                _dtoa_r
 .text._localeconv_r
                0x0001aef4        0x8 c:/nxp/mcuxpressoide_11.2.1_4149/ide/plugins/com.nxp.mcuxpresso.tools.win32_11.2.0.202008311134/tools/bin/../lib/gcc/arm-none-eabi/9.2.1/../../../../arm-none-eabi/lib/thumb/v7-m/nofp\libc_nano.a(lib_a-localeconv.o)
                0x0001aef4                _localeconv_r
 .text.malloc   0x0001aefc       0x10 c:/nxp/mcuxpressoide_11.2.1_4149/ide/plugins/com.nxp.mcuxpresso.tools.win32_11.2.0.202008311134/tools/bin/../lib/gcc/arm-none-eabi/9.2.1/../../../../arm-none-eabi/lib/thumb/v7-m/nofp\libc_nano.a(lib_a-malloc.o)
                0x0001aefc                malloc
 .text.memchr   0x0001af0c       0x1c c:/nxp/mcuxpressoide_11.2.1_4149/ide/plugins/com.nxp.mcuxpresso.tools.win32_11.2.0.202008311134/tools/bin/../lib/gcc/arm-none-eabi/9.2.1/../../../../arm-none-eabi/lib/thumb/v7-m/nofp\libc_nano.a(lib_a-memchr-stub.o)
                0x0001af0c                memchr
 .text._Balloc  0x0001af28       0x68 c:/nxp/mcuxpressoide_11.2.1_4149/ide/plugins/com.nxp.mcuxpresso.tools.win32_11.2.0.202008311134/tools/bin/../lib/gcc/arm-none-eabi/9.2.1/../../../../arm-none-eabi/lib/thumb/v7-m/nofp\libc_nano.a(lib_a-mprec.o)
                0x0001af28                _Balloc
 .text._Bfree   0x0001af90       0x2e c:/nxp/mcuxpressoide_11.2.1_4149/ide/plugins/com.nxp.mcuxpresso.tools.win32_11.2.0.202008311134/tools/bin/../lib/gcc/arm-none-eabi/9.2.1/../../../../arm-none-eabi/lib/thumb/v7-m/nofp\libc_nano.a(lib_a-mprec.o)
                0x0001af90                _Bfree
 .text.__multadd
                0x0001afbe       0x7c c:/nxp/mcuxpressoide_11.2.1_4149/ide/plugins/com.nxp.mcuxpresso.tools.win32_11.2.0.202008311134/tools/bin/../lib/gcc/arm-none-eabi/9.2.1/../../../../arm-none-eabi/lib/thumb/v7-m/nofp\libc_nano.a(lib_a-mprec.o)
                0x0001afbe                __multadd
 .text.__hi0bits
                0x0001b03a       0x40 c:/nxp/mcuxpressoide_11.2.1_4149/ide/plugins/com.nxp.mcuxpresso.tools.win32_11.2.0.202008311134/tools/bin/../lib/gcc/arm-none-eabi/9.2.1/../../../../arm-none-eabi/lib/thumb/v7-m/nofp\libc_nano.a(lib_a-mprec.o)
                0x0001b03a                __hi0bits
 .text.__lo0bits
                0x0001b07a       0x5c c:/nxp/mcuxpressoide_11.2.1_4149/ide/plugins/com.nxp.mcuxpresso.tools.win32_11.2.0.202008311134/tools/bin/../lib/gcc/arm-none-eabi/9.2.1/../../../../arm-none-eabi/lib/thumb/v7-m/nofp\libc_nano.a(lib_a-mprec.o)
                0x0001b07a                __lo0bits
 .text.__i2b    0x0001b0d6       0x12 c:/nxp/mcuxpressoide_11.2.1_4149/ide/plugins/com.nxp.mcuxpresso.tools.win32_11.2.0.202008311134/tools/bin/../lib/gcc/arm-none-eabi/9.2.1/../../../../arm-none-eabi/lib/thumb/v7-m/nofp\libc_nano.a(lib_a-mprec.o)
                0x0001b0d6                __i2b
 .text.__multiply
                0x0001b0e8      0x136 c:/nxp/mcuxpressoide_11.2.1_4149/ide/plugins/com.nxp.mcuxpresso.tools.win32_11.2.0.202008311134/tools/bin/../lib/gcc/arm-none-eabi/9.2.1/../../../../arm-none-eabi/lib/thumb/v7-m/nofp\libc_nano.a(lib_a-mprec.o)
                0x0001b0e8                __multiply
 *fill*         0x0001b21e        0x2 ff
 .text.__pow5mult
                0x0001b220       0x9c c:/nxp/mcuxpressoide_11.2.1_4149/ide/plugins/com.nxp.mcuxpresso.tools.win32_11.2.0.202008311134/tools/bin/../lib/gcc/arm-none-eabi/9.2.1/../../../../arm-none-eabi/lib/thumb/v7-m/nofp\libc_nano.a(lib_a-mprec.o)
                0x0001b220                __pow5mult
 .text.__lshift
                0x0001b2bc       0xbe c:/nxp/mcuxpressoide_11.2.1_4149/ide/plugins/com.nxp.mcuxpresso.tools.win32_11.2.0.202008311134/tools/bin/../lib/gcc/arm-none-eabi/9.2.1/../../../../arm-none-eabi/lib/thumb/v7-m/nofp\libc_nano.a(lib_a-mprec.o)
                0x0001b2bc                __lshift
 .text.__mcmp   0x0001b37a       0x36 c:/nxp/mcuxpressoide_11.2.1_4149/ide/plugins/com.nxp.mcuxpresso.tools.win32_11.2.0.202008311134/tools/bin/../lib/gcc/arm-none-eabi/9.2.1/../../../../arm-none-eabi/lib/thumb/v7-m/nofp\libc_nano.a(lib_a-mprec.o)
                0x0001b37a                __mcmp
 .text.__mdiff  0x0001b3b0       0xf8 c:/nxp/mcuxpressoide_11.2.1_4149/ide/plugins/com.nxp.mcuxpresso.tools.win32_11.2.0.202008311134/tools/bin/../lib/gcc/arm-none-eabi/9.2.1/../../../../arm-none-eabi/lib/thumb/v7-m/nofp\libc_nano.a(lib_a-mprec.o)
                0x0001b3b0                __mdiff
 .text.__d2b    0x0001b4a8       0x9e c:/nxp/mcuxpressoide_11.2.1_4149/ide/plugins/com.nxp.mcuxpresso.tools.win32_11.2.0.202008311134/tools/bin/../lib/gcc/arm-none-eabi/9.2.1/../../../../arm-none-eabi/lib/thumb/v7-m/nofp\libc_nano.a(lib_a-mprec.o)
                0x0001b4a8                __d2b
 .text._calloc_r
                0x0001b546       0x1c c:/nxp/mcuxpressoide_11.2.1_4149/ide/plugins/com.nxp.mcuxpresso.tools.win32_11.2.0.202008311134/tools/bin/../lib/gcc/arm-none-eabi/9.2.1/../../../../arm-none-eabi/lib/thumb/v7-m/nofp\libc_nano.a(lib_a-nano-callocr.o)
                0x0001b546                _calloc_r
 *fill*         0x0001b562        0x2 ff
 .text._free_r  0x0001b564       0x98 c:/nxp/mcuxpressoide_11.2.1_4149/ide/plugins/com.nxp.mcuxpresso.tools.win32_11.2.0.202008311134/tools/bin/../lib/gcc/arm-none-eabi/9.2.1/../../../../arm-none-eabi/lib/thumb/v7-m/nofp\libc_nano.a(lib_a-nano-freer.o)
                0x0001b564                _free_r
 .text._malloc_r
                0x0001b5fc       0xb4 c:/nxp/mcuxpressoide_11.2.1_4149/ide/plugins/com.nxp.mcuxpresso.tools.win32_11.2.0.202008311134/tools/bin/../lib/gcc/arm-none-eabi/9.2.1/../../../../arm-none-eabi/lib/thumb/v7-m/nofp\libc_nano.a(lib_a-nano-mallocr.o)
                0x0001b5fc                _malloc_r
 .text.__ssputs_r
                0x0001b6b0       0xb6 c:/nxp/mcuxpressoide_11.2.1_4149/ide/plugins/com.nxp.mcuxpresso.tools.win32_11.2.0.202008311134/tools/bin/../lib/gcc/arm-none-eabi/9.2.1/../../../../arm-none-eabi/lib/thumb/v7-m/nofp\libc_nano.a(lib_a-nano-svfprintf.o)
                0x0001b6b0                __ssputs_r
 *fill*         0x0001b766        0x2 ff
 .text._svfprintf_r
                0x0001b768      0x200 c:/nxp/mcuxpressoide_11.2.1_4149/ide/plugins/com.nxp.mcuxpresso.tools.win32_11.2.0.202008311134/tools/bin/../lib/gcc/arm-none-eabi/9.2.1/../../../../arm-none-eabi/lib/thumb/v7-m/nofp\libc_nano.a(lib_a-nano-svfprintf.o)
                0x0001b768                _svfiprintf_r
                0x0001b768                _svfprintf_r
 .text._sbrk_r  0x0001b968       0x20 c:/nxp/mcuxpressoide_11.2.1_4149/ide/plugins/com.nxp.mcuxpresso.tools.win32_11.2.0.202008311134/tools/bin/../lib/gcc/arm-none-eabi/9.2.1/../../../../arm-none-eabi/lib/thumb/v7-m/nofp\libc_nano.a(lib_a-sbrkr.o)
                0x0001b968                _sbrk_r
 .text.__ascii_mbtowc
                0x0001b988       0x24 c:/nxp/mcuxpressoide_11.2.1_4149/ide/plugins/com.nxp.mcuxpresso.tools.win32_11.2.0.202008311134/tools/bin/../lib/gcc/arm-none-eabi/9.2.1/../../../../arm-none-eabi/lib/thumb/v7-m/nofp\libc_nano.a(lib_a-mbtowc_r.o)
                0x0001b988                __ascii_mbtowc
 .text.memmove  0x0001b9ac       0x34 c:/nxp/mcuxpressoide_11.2.1_4149/ide/plugins/com.nxp.mcuxpresso.tools.win32_11.2.0.202008311134/tools/bin/../lib/gcc/arm-none-eabi/9.2.1/../../../../arm-none-eabi/lib/thumb/v7-m/nofp\libc_nano.a(lib_a-memmove.o)
                0x0001b9ac                memmove
 .text.__malloc_lock
                0x0001b9e0        0xc c:/nxp/mcuxpressoide_11.2.1_4149/ide/plugins/com.nxp.mcuxpresso.tools.win32_11.2.0.202008311134/tools/bin/../lib/gcc/arm-none-eabi/9.2.1/../../../../arm-none-eabi/lib/thumb/v7-m/nofp\libc_nano.a(lib_a-mlock.o)
                0x0001b9e0                __malloc_lock
 .text.__malloc_unlock
                0x0001b9ec        0xc c:/nxp/mcuxpressoide_11.2.1_4149/ide/plugins/com.nxp.mcuxpresso.tools.win32_11.2.0.202008311134/tools/bin/../lib/gcc/arm-none-eabi/9.2.1/../../../../arm-none-eabi/lib/thumb/v7-m/nofp\libc_nano.a(lib_a-mlock.o)
                0x0001b9ec                __malloc_unlock
 .text._realloc_r
                0x0001b9f8       0x4c c:/nxp/mcuxpressoide_11.2.1_4149/ide/plugins/com.nxp.mcuxpresso.tools.win32_11.2.0.202008311134/tools/bin/../lib/gcc/arm-none-eabi/9.2.1/../../../../arm-none-eabi/lib/thumb/v7-m/nofp\libc_nano.a(lib_a-nano-reallocr.o)
                0x0001b9f8                _realloc_r
 .text.__ascii_wctomb
                0x0001ba44       0x1a c:/nxp/mcuxpressoide_11.2.1_4149/ide/plugins/com.nxp.mcuxpresso.tools.win32_11.2.0.202008311134/tools/bin/../lib/gcc/arm-none-eabi/9.2.1/../../../../arm-none-eabi/lib/thumb/v7-m/nofp\libc_nano.a(lib_a-wctomb_r.o)
                0x0001ba44                __ascii_wctomb
 .text.__retarget_lock_acquire_recursive
                0x0001ba5e        0x2 c:/nxp/mcuxpressoide_11.2.1_4149/ide/plugins/com.nxp.mcuxpresso.tools.win32_11.2.0.202008311134/tools/bin/../lib/gcc/arm-none-eabi/9.2.1/../../../../arm-none-eabi/lib/thumb/v7-m/nofp\libc_nano.a(lib_a-lock.o)
                0x0001ba5e                __retarget_lock_acquire_recursive
 .text.__retarget_lock_release_recursive
                0x0001ba60        0x2 c:/nxp/mcuxpressoide_11.2.1_4149/ide/plugins/com.nxp.mcuxpresso.tools.win32_11.2.0.202008311134/tools/bin/../lib/gcc/arm-none-eabi/9.2.1/../../../../arm-none-eabi/lib/thumb/v7-m/nofp\libc_nano.a(lib_a-lock.o)
                0x0001ba60                __retarget_lock_release_recursive
 .text._malloc_usable_size_r
                0x0001ba62       0x10 c:/nxp/mcuxpressoide_11.2.1_4149/ide/plugins/com.nxp.mcuxpresso.tools.win32_11.2.0.202008311134/tools/bin/../lib/gcc/arm-none-eabi/9.2.1/../../../../arm-none-eabi/lib/thumb/v7-m/nofp\libc_nano.a(lib_a-nano-msizer.o)
                0x0001ba62                _malloc_usable_size_r
 *fill*         0x0001ba72        0x2 ff
 .text.sqrtf    0x0001ba74       0xa4 c:/nxp/mcuxpressoide_11.2.1_4149/ide/plugins/com.nxp.mcuxpresso.tools.win32_11.2.0.202008311134/tools/bin/../lib/gcc/arm-none-eabi/9.2.1/../../../../arm-none-eabi/lib/thumb/v7-m/nofp\libm.a(lib_a-wf_sqrt.o)
                0x0001ba74                sqrtf
 .text.__ieee754_sqrtf
                0x0001bb18       0xa8 c:/nxp/mcuxpressoide_11.2.1_4149/ide/plugins/com.nxp.mcuxpresso.tools.win32_11.2.0.202008311134/tools/bin/../lib/gcc/arm-none-eabi/9.2.1/../../../../arm-none-eabi/lib/thumb/v7-m/nofp\libm.a(lib_a-ef_sqrt.o)
                0x0001bb18                __ieee754_sqrtf
 .text.matherr  0x0001bbc0        0x4 c:/nxp/mcuxpressoide_11.2.1_4149/ide/plugins/com.nxp.mcuxpresso.tools.win32_11.2.0.202008311134/tools/bin/../lib/gcc/arm-none-eabi/9.2.1/../../../../arm-none-eabi/lib/thumb/v7-m/nofp\libm.a(lib_a-s_matherr.o)
                0x0001bbc0                matherr
 .text._sbrk    0x0001bbc4       0x3c c:/nxp/mcuxpressoide_11.2.1_4149/ide/plugins/com.nxp.mcuxpresso.tools.win32_11.2.0.202008311134/tools/bin/../lib/gcc/arm-none-eabi/9.2.1/../../../../arm-none-eabi/lib/thumb/v7-m/nofp\libcr_newlib_none.a(_cr_sbrk.o)
                0x0001bbc4                _sbrk
 .text.__check_heap_overflow
                0x0001bc00       0x14 c:/nxp/mcuxpressoide_11.2.1_4149/ide/plugins/com.nxp.mcuxpresso.tools.win32_11.2.0.202008311134/tools/bin/../lib/gcc/arm-none-eabi/9.2.1/../../../../arm-none-eabi/lib/thumb/v7-m/nofp\libcr_newlib_none.a(_cr_check_heap.o)
                0x0001bc00                __check_heap_overflow
 .text          0x0001bc14      0x424 c:/nxp/mcuxpressoide_11.2.1_4149/ide/plugins/com.nxp.mcuxpresso.tools.win32_11.2.0.202008311134/tools/bin/../lib/gcc/arm-none-eabi/9.2.1/thumb/v7-m/nofp\libgcc.a(_arm_muldivdf3.o)
                0x0001bc14                __aeabi_dmul
                0x0001bc14                __muldf3
                0x0001be68                __divdf3
                0x0001be68                __aeabi_ddiv
 .text          0x0001c038      0x110 c:/nxp/mcuxpressoide_11.2.1_4149/ide/plugins/com.nxp.mcuxpresso.tools.win32_11.2.0.202008311134/tools/bin/../lib/gcc/arm-none-eabi/9.2.1/thumb/v7-m/nofp\libgcc.a(_arm_cmpdf2.o)
                0x0001c038                __gtdf2