Archive member included to satisfy reference by file (symbol)

D:\Developpement_Robot\Robotic-System\trunk\Workspaces\MultiWorkSpaces_2021\0_lpc_chip_175x_6x\Release\lib0_lpc_chip_175x_6x.a(chip_17xx_40xx.o)
                              ./src/IA_2021_V0.o (SystemCoreClockUpdate)
D:\Developpement_Robot\Robotic-System\trunk\Workspaces\MultiWorkSpaces_2021\0_lpc_chip_175x_6x\Release\lib0_lpc_chip_175x_6x.a(clock_17xx_40xx.o)
                              D:\Developpement_Robot\Robotic-System\trunk\Workspaces\MultiWorkSpaces_2021\0_lpc_chip_175x_6x\Release\lib0_lpc_chip_175x_6x.a(chip_17xx_40xx.o) (Chip_Clock_EnablePLL)
D:\Developpement_Robot\Robotic-System\trunk\Workspaces\MultiWorkSpaces_2021\0_lpc_chip_175x_6x\Release\lib0_lpc_chip_175x_6x.a(ring_buffer.o)
                              ./Communication/0_Communication.o (RingBuffer_Init)
D:\Developpement_Robot\Robotic-System\trunk\Workspaces\MultiWorkSpaces_2021\0_lpc_chip_175x_6x\Release\lib0_lpc_chip_175x_6x.a(stopwatch_17xx_40xx.o)
                              ./Communication/USB/src/cdc_usb_main.o (StopWatch_Init)
D:\Developpement_Robot\Robotic-System\trunk\Workspaces\MultiWorkSpaces_2021\0_lpc_chip_175x_6x\Release\lib0_lpc_chip_175x_6x.a(sysinit_17xx_40xx.o)
                              ./src/IA_2021_V0.o (Chip_SetupXtalClocking)
D:\Developpement_Robot\Robotic-System\trunk\Workspaces\MultiWorkSpaces_2021\0_lpc_chip_175x_6x\Release\lib0_lpc_chip_175x_6x.a(timer_17xx_40xx.o)
                              ./src/IA_2021_V0.o (Chip_TIMER_Init)
D:\Developpement_Robot\Robotic-System\trunk\Workspaces\MultiWorkSpaces_2021\0_lpc_chip_175x_6x\Release\lib0_lpc_chip_175x_6x.a(uart_17xx_40xx.o)
                              ./Communication/0_Communication.o (Chip_UART_Init)
D:\Developpement_Robot\Robotic-System\trunk\Workspaces\MultiWorkSpaces_2021\0_lpc_board_nxp_lpcxpresso_1769\Release\lib0_lpc_board_nxp_lpcxpresso_1769.a(board.o)
                              ./src/IA_2021_V0.o (Set_Clock_in)
D:\Developpement_Robot\Robotic-System\trunk\Workspaces\MultiWorkSpaces_2021\0_lpc_chip_175x_6x\libs\libusbd_175x_6x_lib.a(mw_usbd_rom_api.o)
                              ./Communication/USB/src/cdc_usb_main.o (cdc_api)
D:\Developpement_Robot\Robotic-System\trunk\Workspaces\MultiWorkSpaces_2021\0_lpc_chip_175x_6x\libs\libusbd_175x_6x_lib.a(hw_usbd_ip3503.o)
                              D:\Developpement_Robot\Robotic-System\trunk\Workspaces\MultiWorkSpaces_2021\0_lpc_chip_175x_6x\libs\libusbd_175x_6x_lib.a(mw_usbd_rom_api.o) (hwUSB_GetMemSize)
D:\Developpement_Robot\Robotic-System\trunk\Workspaces\MultiWorkSpaces_2021\0_lpc_chip_175x_6x\libs\libusbd_175x_6x_lib.a(mw_usbd_cdcuser.o)
                              D:\Developpement_Robot\Robotic-System\trunk\Workspaces\MultiWorkSpaces_2021\0_lpc_chip_175x_6x\libs\libusbd_175x_6x_lib.a(mw_usbd_rom_api.o) (mwCDC_SendNotification)
D:\Developpement_Robot\Robotic-System\trunk\Workspaces\MultiWorkSpaces_2021\0_lpc_chip_175x_6x\libs\libusbd_175x_6x_lib.a(mw_usbd_core.o)
                              D:\Developpement_Robot\Robotic-System\trunk\Workspaces\MultiWorkSpaces_2021\0_lpc_chip_175x_6x\libs\libusbd_175x_6x_lib.a(mw_usbd_rom_api.o) (mwUSB_SetupStage)
D:\Developpement_Robot\Robotic-System\trunk\Workspaces\MultiWorkSpaces_2021\0_lpc_chip_175x_6x\libs\libusbd_175x_6x_lib.a(mw_usbd_dfuuser.o)
                              D:\Developpement_Robot\Robotic-System\trunk\Workspaces\MultiWorkSpaces_2021\0_lpc_chip_175x_6x\libs\libusbd_175x_6x_lib.a(mw_usbd_rom_api.o) (mwDFU_GetMemSize)
D:\Developpement_Robot\Robotic-System\trunk\Workspaces\MultiWorkSpaces_2021\0_lpc_chip_175x_6x\libs\libusbd_175x_6x_lib.a(mw_usbd_hiduser.o)
                              D:\Developpement_Robot\Robotic-System\trunk\Workspaces\MultiWorkSpaces_2021\0_lpc_chip_175x_6x\libs\libusbd_175x_6x_lib.a(mw_usbd_rom_api.o) (mwHID_GetMemSize)
D:\Developpement_Robot\Robotic-System\trunk\Workspaces\MultiWorkSpaces_2021\0_lpc_chip_175x_6x\libs\libusbd_175x_6x_lib.a(mw_usbd_mscuser.o)
                              D:\Developpement_Robot\Robotic-System\trunk\Workspaces\MultiWorkSpaces_2021\0_lpc_chip_175x_6x\libs\libusbd_175x_6x_lib.a(mw_usbd_rom_api.o) (mwMSC_GetMemSize)
c:/nxp/mcuxpressoide_11.2.1_4149/ide/plugins/com.nxp.mcuxpresso.tools.win32_11.2.0.202008311134/tools/bin/../lib/gcc/arm-none-eabi/9.2.1/thumb/v7-m/nofp\libgcc.a(_arm_mulsf3.o)
                              ./Strategie/Deplacement/0_Deplacements.o (__aeabi_fmul)
c:/nxp/mcuxpressoide_11.2.1_4149/ide/plugins/com.nxp.mcuxpresso.tools.win32_11.2.0.202008311134/tools/bin/../lib/gcc/arm-none-eabi/9.2.1/thumb/v7-m/nofp\libgcc.a(_arm_addsubdf3.o)
                              ./Communication/2_Echange_Datas.o (__aeabi_f2d)
c:/nxp/mcuxpressoide_11.2.1_4149/ide/plugins/com.nxp.mcuxpresso.tools.win32_11.2.0.202008311134/tools/bin/../lib/gcc/arm-none-eabi/9.2.1/thumb/v7-m/nofp\libgcc.a(_arm_addsubsf3.o)
[...]
Memory Configuration

Name             Origin             Length             Attributes
MFlash512        0x00010000         0x00070000         xr
RamLoc32         0x10000000         0x00008000         xrw
Ram_USB          0x2007c000         0x00000800         xrw
RAM3             0x2007c800         0x00007800         xrw
*default*        0x00000000         0xffffffff

Linker script and memory map

LOAD ./src/IA_2021_V0.o
LOAD ./src/Init.o
LOAD ./src/cr_startup_lpc175x_6x.o
LOAD ./src/crp.o
LOAD ./src/sysinit.o
LOAD ./src/test.o
LOAD ./freertos/src/FreeRTOSCommonHooks.o
LOAD ./freertos/src/croutine.o
LOAD ./freertos/src/event_groups.o
LOAD ./freertos/src/heap_5.o
LOAD ./freertos/src/list.o
LOAD ./freertos/src/port.o
LOAD ./freertos/src/queue.o
LOAD ./freertos/src/stream_buffer.o
LOAD ./freertos/src/tasks.o
LOAD ./freertos/src/timers.o
LOAD ./freertos/FreeRTOS_Trace/trcHardwarePort.o
LOAD ./freertos/FreeRTOS_Trace/trcKernelPort.o
LOAD ./freertos/FreeRTOS_Trace/trcSnapshotRecorder.o
LOAD ./Strategie/Deplacement/0_Deplacements.o
LOAD ./Strategie/Deplacement/1_Obstacles.o
LOAD ./Strategie/Actionneurs/0_Actionneurs.o
LOAD ./Strategie/0_Infos.o
LOAD ./Pathfinding/Astar/Astar.o
LOAD ./Communication/USB/src/cdc_desc.o
LOAD ./Communication/USB/src/cdc_usb_main.o
LOAD ./Communication/USB/src/cdc_vcom.o
LOAD ./Communication/RS485/0_RS485.o
LOAD ./Communication/0_Communication.o
LOAD ./Communication/0_Event_Group.o
LOAD ./Communication/1_Trame_Communication.o
LOAD ./Communication/2_Echange_Datas.o
LOAD ./Communication/2_Echange_Datas_Reception.o
LOAD D:\Developpement_Robot\Robotic-System\trunk\Workspaces\MultiWorkSpaces_2021\0_lpc_chip_175x_6x\Release\lib0_lpc_chip_175x_6x.a
LOAD D:\Developpement_Robot\Robotic-System\trunk\Workspaces\MultiWorkSpaces_2021\0_lpc_board_nxp_lpcxpresso_1769\Release\lib0_lpc_board_nxp_lpcxpresso_1769.a
LOAD D:\Developpement_Robot\Robotic-System\trunk\Workspaces\MultiWorkSpaces_2021\0_lpc_chip_175x_6x\libs\libusbd_175x_6x_lib.a
START GROUP
LOAD c:/nxp/mcuxpressoide_11.2.1_4149/ide/plugins/com.nxp.mcuxpresso.tools.win32_11.2.0.202008311134/tools/bin/../lib/gcc/arm-none-eabi/9.2.1/thumb/v7-m/nofp\libgcc.a
LOAD c:/nxp/mcuxpressoide_11.2.1_4149/ide/plugins/com.nxp.mcuxpresso.tools.win32_11.2.0.202008311134/tools/bin/../lib/gcc/arm-none-eabi/9.2.1/../../../../arm-none-eabi/lib/thumb/v7-m/nofp\libc_nano.a
LOAD c:/nxp/mcuxpressoide_11.2.1_4149/ide/plugins/com.nxp.mcuxpresso.tools.win32_11.2.0.202008311134/tools/bin/../lib/gcc/arm-none-eabi/9.2.1/../../../../arm-none-eabi/lib/thumb/v7-m/nofp\libm.a
LOAD c:/nxp/mcuxpressoide_11.2.1_4149/ide/plugins/com.nxp.mcuxpresso.tools.win32_11.2.0.202008311134/tools/bin/../lib/gcc/arm-none-eabi/9.2.1/../../../../arm-none-eabi/lib/thumb/v7-m/nofp\libcr_newlib_none.a
END GROUP
                0x00010000                __base_MFlash512 = 0x10000
                0x00010000                __base_Flash = 0x10000
                0x00080000                __top_MFlash512 = 0x80000
                0x00080000                __top_Flash = 0x80000
                0x10000000                __base_RamLoc32 = 0x10000000
                0x10000000                __base_RAM = 0x10000000
                0x10008000                __top_RamLoc32 = 0x10008000
                0x10008000                __top_RAM = 0x10008000
                0x2007c000                __base_Ram_USB = 0x2007c000
                0x2007c000                __base_RAM2 = 0x2007c000
                0x2007c800                __top_Ram_USB = 0x2007c800
                0x2007c800                __top_RAM2 = 0x2007c800
                0x2007c800                __base_RAM3 = 0x2007c800
                0x2007c800                __base_RAM3 = 0x2007c800
                0x20084000                __top_RAM3 = 0x20084000
                0x20084000                __top_RAM3 = 0x20084000

.text           0x00010000     0x9110
 FILL mask 0xff
                0x00010000                __vectors_start__ = ABSOLUTE (.)
 *(.isr_vector)
 .isr_vector    0x00010000       0xcc ./src/cr_startup_lpc175x_6x.o
                0x00010000                g_pfnVectors
                0x000100cc                . = ALIGN (0x4)
                0x000100cc                __section_table_start = .
                0x000100cc                __data_section_table = .
                0x000100cc        0x4 LONG 0x19110 LOADADDR (.data)
                0x000100d0        0x4 LONG 0x10000000 ADDR (.data)
                0x000100d4        0x4 LONG 0x1f0 SIZEOF (.data)
                0x000100d8        0x4 LONG 0x19110 LOADADDR (.data_RAM2)
                0x000100dc        0x4 LONG 0x2007c000 ADDR (.data_RAM2)
                0x000100e0        0x4 LONG 0x0 SIZEOF (.data_RAM2)
                0x000100e4        0x4 LONG 0x19110 LOADADDR (.data_RAM3)
                0x000100e8        0x4 LONG 0x2007c800 ADDR (.data_RAM3)
                0x000100ec        0x4 LONG 0x0 SIZEOF (.data_RAM3)
                0x000100f0                __data_section_table_end = .
                0x000100f0                __bss_section_table = .
                0x000100f0        0x4 LONG 0x100001f0 ADDR (.bss)
                0x000100f4        0x4 LONG 0x52fc SIZEOF (.bss)
                0x000100f8        0x4 LONG 0x2007c000 ADDR (.bss_RAM2)
                0x000100fc        0x4 LONG 0x0 SIZEOF (.bss_RAM2)
                0x00010100        0x4 LONG 0x2007c800 ADDR (.bss_RAM3)
                0x00010104        0x4 LONG 0x2558 SIZEOF (.bss_RAM3)
                0x00010108                __bss_section_table_end = .
                0x00010108                __section_table_end = .
 *(.after_vectors*)
 .after_vectors
                0x00010108       0x7c ./src/cr_startup_lpc175x_6x.o
                0x00010108                NMI_Handler
                0x0001010a                HardFault_Handler
                0x0001010c                MemManage_Handler
                0x0001010e                BusFault_Handler
                0x00010110                UsageFault_Handler
                0x00010112                DebugMon_Handler
                0x00010114                PWM1_IRQHandler
                0x00010114                USBActivity_IRQHandler
                0x00010114                UART3_IRQHandler
                0x00010114                RIT_IRQHandler
                0x00010114                I2C1_IRQHandler
                0x00010114                EINT2_IRQHandler
                0x00010114                EINT3_IRQHandler
                0x00010114                CANActivity_IRQHandler
                0x00010114                TIMER3_IRQHandler
                0x00010114                UART0_IRQHandler
                0x00010114                DMA_IRQHandler
                0x00010114                I2C0_IRQHandler
                0x00010114                IntDefaultHandler
                0x00010114                PLL0_IRQHandler
                0x00010114                CAN_IRQHandler
                0x00010114                PLL1_IRQHandler
                0x00010114                SSP0_IRQHandler
                0x00010114                I2S_IRQHandler
                0x00010114                I2C2_IRQHandler
                0x00010114                RTC_IRQHandler
                0x00010114                TIMER0_IRQHandler
                0x00010114                SPI_IRQHandler
                0x00010114                ETH_IRQHandler
                0x00010114                EINT1_IRQHandler
                0x00010114                TIMER1_IRQHandler
                0x00010114                UART2_IRQHandler
                0x00010114                ADC_IRQHandler
                0x00010114                SSP1_IRQHandler
                0x00010114                BOD_IRQHandler
                0x00010114                TIMER2_IRQHandler
                0x00010114                WDT_IRQHandler
                0x00010114                EINT0_IRQHandler
                0x00010114                QEI_IRQHandler
                0x00010114                MCPWM_IRQHandler
                0x00010116                data_init
                0x00010128                bss_init
                0x00010138                ResetISR
                0x0001017c                SVC_Handler
                0x0001017e                PendSV_Handler
                0x00010180                SysTick_Handler
                0x000002fc                . = 0x2fc
 *fill*         0x00010184      0x178 ff
                0x000102fc                PROVIDE (__CRP_WORD_START__ = .)
 *(.crp)
 .crp           0x000102fc        0x4 ./src/crp.o
                0x000102fc                CRP_WORD
                0x00010300                PROVIDE (__CRP_WORD_END__ = .)
                0x00000001                ASSERT (! ((__CRP_WORD_START__ == __CRP_WORD_END__)), Linker CRP Enabled, but no CRP_WORD provided within application)
 *(.text*)
 .text.vTask_HartBeat
                0x00010300       0x5c ./src/IA_2021_V0.o
 .text.vConfigureTimerForRunTimeStats
                0x0001035c       0x22 ./src/IA_2021_V0.o
                0x0001035c                vConfigureTimerForRunTimeStats
 *fill*         0x0001037e        0x2 ff
 .text.startup.main
                0x00010380       0x58 ./src/IA_2021_V0.o
                0x00010380                main
 .text.Debug_Trace_Texte
                0x000103d8        0x2 ./src/Init.o
                0x000103d8                Debug_Trace_Texte
 *fill*         0x000103da        0x2 ff
 .text.Set_Debug_Pin_0_High
                0x000103dc       0x10 ./src/Init.o
                0x000103dc                Set_Debug_Pin_0_High
 .text.Set_Debug_Pin_0_Low
                0x000103ec       0x10 ./src/Init.o
                0x000103ec                Set_Debug_Pin_0_Low
 .text.Set_Debug_Pin_1_Low
                0x000103fc       0x10 ./src/Init.o
                0x000103fc                Set_Debug_Pin_1_Low
 .text.Init_Send_Robot_ID
                0x0001040c       0x14 ./src/Init.o
                0x0001040c                Init_Send_Robot_ID
 .text.Init_Carte_IA
                0x00010420       0x60 ./src/Init.o
                0x00010420                Init_Carte_IA
 .text.SystemInit
                0x00010480       0x14 ./src/sysinit.o
                0x00010480                SystemInit
 .text.TEST_init_parametres
                0x00010494       0x60 ./src/test.o
                0x00010494                TEST_init_parametres
 .text.TEST_Deplacement
                0x000104f4      0x248 ./src/test.o
                0x000104f4                TEST_Deplacement
 .text.TEST_envoi_Ping
                0x0001073c       0x20 ./src/test.o
                0x0001073c                TEST_envoi_Ping
 .text.TEST_OVERFLOW_DEBUGGING
                0x0001075c       0x58 ./src/test.o
                0x0001075c                TEST_OVERFLOW_DEBUGGING
 .text.vApplicationStackOverflowHook
                0x000107b4      0x114 ./freertos/src/FreeRTOSCommonHooks.o
                0x000107b4                vApplicationStackOverflowHook
 .text.xEventGroupCreate
                0x000108c8       0x1a ./freertos/src/event_groups.o
                0x000108c8                xEventGroupCreate
 *fill*         0x000108e2        0x2 ff
 .text.xEventGroupWaitBits
                0x000108e4       0xb8 ./freertos/src/event_groups.o
                0x000108e4                xEventGroupWaitBits
 .text.xEventGroupClearBits
                0x0001099c       0x1a ./freertos/src/event_groups.o
                0x0001099c                xEventGroupClearBits
 .text.xEventGroupSetBits
                0x000109b6       0x5c ./freertos/src/event_groups.o
                0x000109b6                xEventGroupSetBits
 .text.vEventGroupSetBitsCallback
                0x00010a12        0x4 ./freertos/src/event_groups.o
                0x00010a12                vEventGroupSetBitsCallback
 *fill*         0x00010a16        0x2 ff
 .text.prvInsertBlockIntoFreeList
                0x00010a18       0x48 ./freertos/src/heap_5.o
 .text.pvPortMalloc
                0x00010a60       0xb4 ./freertos/src/heap_5.o
                0x00010a60                pvPortMalloc
 .text.vPortFree
                0x00010b14       0x58 ./freertos/src/heap_5.o
                0x00010b14                vPortFree
 .text.vPortDefineHeapRegions
                0x00010b6c       0x88 ./freertos/src/heap_5.o
                0x00010b6c                vPortDefineHeapRegions
 .text.vListInitialise
                0x00010bf4       0x16 ./freertos/src/list.o
                0x00010bf4                vListInitialise
 .text.vListInitialiseItem
                0x00010c0a        0x6 ./freertos/src/list.o
                0x00010c0a                vListInitialiseItem
 .text.vListInsertEnd
                0x00010c10       0x18 ./freertos/src/list.o
                0x00010c10                vListInsertEnd
 .text.vListInsert
                0x00010c28       0x2e ./freertos/src/list.o
                0x00010c28                vListInsert
 .text.uxListRemove
                0x00010c56       0x20 ./freertos/src/list.o
                0x00010c56                uxListRemove
 .text.prvTaskExitError
                0x00010c76       0x20 ./freertos/src/port.o
 *fill*         0x00010c96        0x2 ff
 .text.prvPortStartFirstTask
                0x00010c98       0x20 ./freertos/src/port.o
 .text.pxPortInitialiseStack
                0x00010cb8       0x24 ./freertos/src/port.o
                0x00010cb8                pxPortInitialiseStack
 *fill*         0x00010cdc        0x4 ff
 .text.vPortSVCHandler
                0x00010ce0       0x24 ./freertos/src/port.o
                0x00010ce0                vPortSVCHandler
 .text.vPortEnterCritical
                0x00010d04       0x20 ./freertos/src/port.o
                0x00010d04                vPortEnterCritical
 .text.vPortExitCritical
                0x00010d24       0x14 ./freertos/src/port.o
                0x00010d24                vPortExitCritical
 *fill*         0x00010d38        0x8 ff
 .text.xPortPendSVHandler
                0x00010d40       0x44 ./freertos/src/port.o
                0x00010d40                xPortPendSVHandler
 .text.xPortSysTickHandler
                0x00010d84       0x2c ./freertos/src/port.o
                0x00010d84                xPortSysTickHandler
 .text.vPortSetupTimerInterrupt
                0x00010db0       0x24 ./freertos/src/port.o
                0x00010db0                vPortSetupTimerInterrupt
 .text.xPortStartScheduler
                0x00010dd4       0x38 ./freertos/src/port.o
                0x00010dd4                xPortStartScheduler
 .text.prvIsQueueEmpty
                0x00010e0c       0x16 ./freertos/src/queue.o
 .text.prvCopyDataToQueue
                0x00010e22       0x6a ./freertos/src/queue.o
 .text.prvCopyDataFromQueue
                0x00010e8c       0x28 ./freertos/src/queue.o
 .text.prvUnlockQueue
                0x00010eb4       0x70 ./freertos/src/queue.o
 .text.xQueueGenericReset
                0x00010f24       0x6c ./freertos/src/queue.o
                0x00010f24                xQueueGenericReset
 .text.xQueueGenericCreate
                0x00010f90       0x2e ./freertos/src/queue.o
                0x00010f90                xQueueGenericCreate
 *fill*         0x00010fbe        0x2 ff
 .text.xQueueGenericSend
                0x00010fc0      0x104 ./freertos/src/queue.o
                0x00010fc0                xQueueGenericSend
 .text.xQueueGenericSendFromISR
                0x000110c4       0x6a ./freertos/src/queue.o
                0x000110c4                xQueueGenericSendFromISR
 *fill*         0x0001112e        0x2 ff
 .text.xQueueReceive
                0x00011130       0xf0 ./freertos/src/queue.o
                0x00011130                xQueueReceive
 .text.vQueueAddToRegistry
                0x00011220       0x24 ./freertos/src/queue.o
                0x00011220                vQueueAddToRegistry
 .text.vQueueWaitForMessageRestricted
                0x00011244       0x46 ./freertos/src/queue.o
                0x00011244                vQueueWaitForMessageRestricted
 *fill*         0x0001128a        0x2 ff
 .text.prvResetNextTaskUnblockTime
                0x0001128c       0x24 ./freertos/src/tasks.o
 .text.prvAddCurrentTaskToDelayedList
                0x000112b0       0x8c ./freertos/src/tasks.o
 .text.prvIdleTask
                0x0001133c       0x6c ./freertos/src/tasks.o
 .text.xTaskCreate
                0x000113a8      0x1d8 ./freertos/src/tasks.o
                0x000113a8                xTaskCreate
 .text.vTaskDelete
                0x00011580       0xbc ./freertos/src/tasks.o
                0x00011580                vTaskDelete
 .text.vTaskStartScheduler
                0x0001163c       0x6c ./freertos/src/tasks.o
                0x0001163c                vTaskStartScheduler
 .text.vTaskSuspendAll
                0x000116a8       0x10 ./freertos/src/tasks.o
                0x000116a8                vTaskSuspendAll
 .text.xTaskGetTickCount
                0x000116b8        0xc ./freertos/src/tasks.o
                0x000116b8                xTaskGetTickCount
 .text.xTaskIncrementTick
                0x000116c4      0x10c ./freertos/src/tasks.o
                0x000116c4                xTaskIncrementTick
 .text.xTaskResumeAll
                0x000117d0       0xd8 ./freertos/src/tasks.o
                0x000117d0                xTaskResumeAll
 .text.vTaskDelayUntil
                0x000118a8       0x4c ./freertos/src/tasks.o
                0x000118a8                vTaskDelayUntil
 .text.vTaskDelay
                0x000118f4       0x30 ./freertos/src/tasks.o
                0x000118f4                vTaskDelay
 .text.vTaskSwitchContext
                0x00011924       0x90 ./freertos/src/tasks.o
                0x00011924                vTaskSwitchContext
 .text.vTaskPlaceOnEventList
                0x000119b4       0x20 ./freertos/src/tasks.o
                0x000119b4                vTaskPlaceOnEventList
 .text.vTaskPlaceOnUnorderedEventList
                0x000119d4       0x28 ./freertos/src/tasks.o
                0x000119d4                vTaskPlaceOnUnorderedEventList
 .text.vTaskPlaceOnEventListRestricted
                0x000119fc       0x2c ./freertos/src/tasks.o
                0x000119fc                vTaskPlaceOnEventListRestricted
 .text.xTaskRemoveFromEventList
                0x00011a28       0x70 ./freertos/src/tasks.o
                0x00011a28                xTaskRemoveFromEventList
 .text.vTaskRemoveFromUnorderedEventList
                0x00011a98       0x58 ./freertos/src/tasks.o
                0x00011a98                vTaskRemoveFromUnorderedEventList
 .text.vTaskInternalSetTimeOutState
                0x00011af0       0x18 ./freertos/src/tasks.o
                0x00011af0                vTaskInternalSetTimeOutState
 .text.xTaskCheckForTimeOut
                0x00011b08       0x50 ./freertos/src/tasks.o
                0x00011b08                xTaskCheckForTimeOut
 .text.vTaskMissedYield
                0x00011b58        0xc ./freertos/src/tasks.o
                0x00011b58                vTaskMissedYield
 .text.xTaskGetCurrentTaskHandle
                0x00011b64        0xc ./freertos/src/tasks.o
                0x00011b64                xTaskGetCurrentTaskHandle
 .text.xTaskGetSchedulerState
                0x00011b70       0x20 ./freertos/src/tasks.o
                0x00011b70                xTaskGetSchedulerState
 .text.xTaskPriorityDisinherit
                0x00011b90       0x70 ./freertos/src/tasks.o
                0x00011b90                xTaskPriorityDisinherit
 .text.uxTaskResetEventItemValue
                0x00011c00       0x18 ./freertos/src/tasks.o
                0x00011c00                uxTaskResetEventItemValue
 .text.prvCheckForValidListAndQueue
                0x00011c18       0x58 ./freertos/src/timers.o
 .text.prvInsertTimerInActiveList
                0x00011c70       0x3c ./freertos/src/timers.o
 .text.xTimerCreateTimerTask
                0x00011cac       0x38 ./freertos/src/timers.o
                0x00011cac                xTimerCreateTimerTask
 .text.xTimerGenericCommand
                0x00011ce4       0x44 ./freertos/src/timers.o
                0x00011ce4                xTimerGenericCommand
 .text.prvSwitchTimerLists
                0x00011d28       0x6c ./freertos/src/timers.o
 .text.prvTimerTask
                0x00011d94      0x1b8 ./freertos/src/timers.o
 .text.xTimerPendFunctionCallFromISR
                0x00011f4c       0x28 ./freertos/src/timers.o
                0x00011f4c                xTimerPendFunctionCallFromISR
 .text._0_Deplacement_Init
                0x00011f74       0x10 ./Strategie/Deplacement/0_Deplacements.o
                0x00011f74                _0_Deplacement_Init
 .text.Distance_To_Destination
                0x00011f84       0x48 ./Strategie/Deplacement/0_Deplacements.o
                0x00011f84                Distance_To_Destination
 .text._0_Deplacement_Wait_For_Arrival
                0x00011fcc       0x80 ./Strategie/Deplacement/0_Deplacements.o
                0x00011fcc                _0_Deplacement_Wait_For_Arrival
 .text.Distance_Two_Points
                0x0001204c       0x1c ./Strategie/Deplacement/0_Deplacements.o
                0x0001204c                Distance_Two_Points
 .text._0_Deplacement_ASTAR
                0x00012068      0x238 ./Strategie/Deplacement/0_Deplacements.o
                0x00012068                _0_Deplacement_ASTAR
 .text._0_Deplacement_Tourne_Avance
                0x000122a0       0xc0 ./Strategie/Deplacement/0_Deplacements.o
                0x000122a0                _0_Deplacement_Tourne_Avance
 .text._0_Deplacement_Tourne_Avance_ASTAR
                0x00012360       0x8c ./Strategie/Deplacement/0_Deplacements.o
                0x00012360                _0_Deplacement_Tourne_Avance_ASTAR
 .text._1_TEST_Obstacles_Opponent_Robots
                0x000123ec       0x7e ./Strategie/Deplacement/1_Obstacles.o
                0x000123ec                _1_TEST_Obstacles_Opponent_Robots
 .text._1_Obstacles_Create_Terrain_Border
                0x0001246a       0xa4 ./Strategie/Deplacement/1_Obstacles.o
                0x0001246a                _1_Obstacles_Create_Terrain_Border
 *fill*         0x0001250e        0x2 ff
 .text._0_Actionneurs_Move_1_Servo
                0x00012510       0x88 ./Strategie/Actionneurs/0_Actionneurs.o
                0x00012510                _0_Actionneurs_Move_1_Servo
 .text._0_Infos_Init
                0x00012598       0x10 ./Strategie/0_Infos.o
                0x00012598                _0_Infos_Init
 .text._0_Update_Card_Datas
                0x000125a8       0x20 ./Strategie/0_Infos.o
                0x000125a8                _0_Update_Card_Datas
 .text._0_Get_Robot_Position
                0x000125c8       0x4c ./Strategie/0_Infos.o
                0x000125c8                _0_Get_Robot_Position
 .text._0_Get_Servo_Position
                0x00012614       0x40 ./Strategie/0_Infos.o
                0x00012614                _0_Get_Servo_Position
 .text.Astar_Map_Init
                0x00012654      0x102 ./Pathfinding/Astar/Astar.o
                0x00012654                Astar_Map_Init
 *fill*         0x00012756        0x2 ff
 .text.Astar_Get_Map
                0x00012758        0x8 ./Pathfinding/Astar/Astar.o
                0x00012758                Astar_Get_Map
 .text.Astar_Get_Vector_Map
                0x00012760        0x8 ./Pathfinding/Astar/Astar.o
                0x00012760                Astar_Get_Vector_Map
 .text.Astar_Find_Best_Node_To_Compute
                0x00012768       0x8c ./Pathfinding/Astar/Astar.o
                0x00012768                Astar_Find_Best_Node_To_Compute
 .text.Astar_Compute_Node
                0x000127f4       0xb4 ./Pathfinding/Astar/Astar.o
                0x000127f4                Astar_Compute_Node
 .text.Astar_Compute_Surronding_Nodes
                0x000128a8      0x232 ./Pathfinding/Astar/Astar.o
                0x000128a8                Astar_Compute_Surronding_Nodes
 .text.Dijkstra_intersect_segment
                0x00012ada      0x2a2 ./Pathfinding/Astar/Astar.o
                0x00012ada                Dijkstra_intersect_segment
 .text.Dijkstra_Intersect_Any_Segment
                0x00012d7c       0x42 ./Pathfinding/Astar/Astar.o
                0x00012d7c                Dijkstra_Intersect_Any_Segment
 .text.Astar_Smoothing
                0x00012dbe       0x7a ./Pathfinding/Astar/Astar.o
                0x00012dbe                Astar_Smoothing
 .text.Astar_Generate_Trajectory
                0x00012e38       0x90 ./Pathfinding/Astar/Astar.o
                0x00012e38                Astar_Generate_Trajectory
 .text.Astar_Find_Path
                0x00012ec8       0xe0 ./Pathfinding/Astar/Astar.o
                0x00012ec8                Astar_Find_Path
 .text.Astar_Debug_Display_Map
                0x00012fa8        0x2 ./Pathfinding/Astar/Astar.o
                0x00012fa8                Astar_Debug_Display_Map
 .text.Astar_Add_Obstacle_Vector
                0x00012faa       0x8c ./Pathfinding/Astar/Astar.o
                0x00012faa                Astar_Add_Obstacle_Vector
 .text.Astar_Add_Rectangular_Obstacle
                0x00013036       0xb6 ./Pathfinding/Astar/Astar.o
                0x00013036                Astar_Add_Rectangular_Obstacle
 .text._0_RS485_Master_Mode
                0x000130ec       0x16 ./Communication/RS485/0_RS485.o
                0x000130ec                _0_RS485_Master_Mode
 .text._0_RS485_Slave_Mode
                0x00013102       0x16 ./Communication/RS485/0_RS485.o
                0x00013102                _0_RS485_Slave_Mode
 .text._0_RS485_Init
                0x00013118       0x54 ./Communication/RS485/0_RS485.o
                0x00013118                _0_RS485_Init
 .text._0_Communication_Send_RS485
                0x0001316c       0x90 ./Communication/0_Communication.o
                0x0001316c                _0_Communication_Send_RS485
 .text.Chip_UART_SendByte
                0x000131fc        0x4 ./Communication/0_Communication.o
 .text.Chip_UART_ReadLineStatus
                0x00013200        0x4 ./Communication/0_Communication.o
 .text._0_Communication_Init_RS485
                0x00013204       0xa0 ./Communication/0_Communication.o
                0x00013204                _0_Communication_Init_RS485
 .text._0_Communication_Init
                0x000132a4       0x58 ./Communication/0_Communication.o
                0x000132a4                _0_Communication_Init
 .text.UART1_IRQHandler
                0x000132fc       0x9c ./Communication/0_Communication.o
                0x000132fc                UART1_IRQHandler
 .text.USB_IRQHandler
                0x00013398       0x18 ./Communication/0_Communication.o
                0x00013398                USB_IRQHandler
 .text._0_Communication_Send_Data
                0x000133b0       0x6c ./Communication/0_Communication.o
                0x000133b0                _0_Communication_Send_Data
 .text._0_Communication_Init_Event_Group
                0x0001341c       0x10 ./Communication/0_Event_Group.o
                0x0001341c                _0_Communication_Init_Event_Group
 .text._1_Communication_Create_Trame_From_Buffer
                0x0001342c      0x2d4 ./Communication/1_Trame_Communication.o
                0x0001342c                _1_Communication_Create_Trame_From_Buffer
 .text._1_Communication_Check_Rx_Adresse
                0x00013700       0x24 ./Communication/1_Trame_Communication.o
                0x00013700                _1_Communication_Check_Rx_Adresse
 .text._1_Communication_Recomposition_Rx
                0x00013724       0x64 ./Communication/1_Trame_Communication.o
                0x00013724                _1_Communication_Recomposition_Rx
 .text._1_Communication_Create_Queues_Semaphores
                0x00013788       0x30 ./Communication/1_Trame_Communication.o
                0x00013788                _1_Communication_Create_Queues_Semaphores
 .text._1_Communication_Init
                0x000137b8       0x30 ./Communication/1_Trame_Communication.o
                0x000137b8                _1_Communication_Init
 .text._1_Communication_Wait_To_Send
                0x000137e8       0x20 ./Communication/1_Trame_Communication.o
                0x000137e8                _1_Communication_Wait_To_Send
 .text._1_Communication_Free_Send_Bit
                0x00013808       0x10 ./Communication/1_Trame_Communication.o
                0x00013808                _1_Communication_Free_Send_Bit
 .text._1_Communication_Wait_To_Receive
                0x00013818       0x20 ./Communication/1_Trame_Communication.o
                0x00013818                _1_Communication_Wait_To_Receive
 .text._1_Communication_Free_Receive_Bit
                0x00013838       0x10 ./Communication/1_Trame_Communication.o
                0x00013838                _1_Communication_Free_Receive_Bit
 .text._1_Communication_Create_Message
                0x00013848       0x7c ./Communication/1_Trame_Communication.o
                0x00013848                _1_Communication_Create_Message
 .text._1_Communication_Create_Trame
                0x000138c4       0x38 ./Communication/1_Trame_Communication.o
                0x000138c4                _1_Communication_Create_Trame
 .text._2_Communication_Init
                0x000138fc       0x10 ./Communication/2_Echange_Datas.o
                0x000138fc                _2_Communication_Init
 .text._2_Comm_Send_Demande_Info
                0x0001390c       0x34 ./Communication/2_Echange_Datas.o
                0x0001390c                _2_Comm_Send_Demande_Info
 .text._2_Comm_Send_PING
                0x00013940       0x34 ./Communication/2_Echange_Datas.o
                0x00013940                _2_Comm_Send_PING
 .text._2_Comm_Send_Log_Message
                0x00013974      0x10c ./Communication/2_Echange_Datas.o
                0x00013974                _2_Comm_Send_Log_Message
 .text._2_Comm_Send_Destination_Robot
                0x00013a80       0x8c ./Communication/2_Echange_Datas.o
                0x00013a80                _2_Comm_Send_Destination_Robot
 .text._2_Comm_Send_PONG
                0x00013b0c       0xb0 ./Communication/2_Echange_Datas.o
                0x00013b0c                _2_Comm_Send_PONG
 .text._2_Communication_Boards_Status
                0x00013bbc       0x44 ./Communication/2_Echange_Datas.o
                0x00013bbc                _2_Communication_Boards_Status
 .text._2_Comm_Send_Servos_Destinations
                0x00013c00       0x3c ./Communication/2_Echange_Datas.o
                0x00013c00                _2_Comm_Send_Servos_Destinations
 .text._2_Comm_Robot_ID
                0x00013c3c       0x34 ./Communication/2_Echange_Datas.o
                0x00013c3c                _2_Comm_Robot_ID
 .text._2_Comm_Demande_Simulation
                0x00013c70       0x40 ./Communication/2_Echange_Datas.o
                0x00013c70                _2_Comm_Demande_Simulation
 .text._2_Comm_Demande_Motor_Power
                0x00013cb0       0x44 ./Communication/2_Echange_Datas.o
                0x00013cb0                _2_Comm_Demande_Motor_Power
 .text._2_Comm_Set_Robot_Position
                0x00013cf4       0xa4 ./Communication/2_Echange_Datas.o
                0x00013cf4                _2_Comm_Set_Robot_Position
 .text._2_Communication_RX_Lectures_Messages
                0x00013d98       0x9c ./Communication/2_Echange_Datas_Reception.o
                0x00013d98                _2_Communication_RX_Lectures_Messages
 .text._2_Communication_RX_Init
                0x00013e34       0x2c ./Communication/2_Echange_Datas_Reception.o
                0x00013e34                _2_Communication_RX_Init
 .text.SystemCoreClockUpdate
                0x00013e60       0x10 D:\Developpement_Robot\Robotic-System\trunk\Workspaces\MultiWorkSpaces_2021\0_lpc_chip_175x_6x\Release\lib0_lpc_chip_175x_6x.a(chip_17xx_40xx.o)
                0x00013e60                SystemCoreClockUpdate
 .text.Chip_Clock_EnablePLL
                0x00013e70       0x24 D:\Developpement_Robot\Robotic-System\trunk\Workspaces\MultiWorkSpaces_2021\0_lpc_chip_175x_6x\Release\lib0_lpc_chip_175x_6x.a(clock_17xx_40xx.o)
                0x00013e70                Chip_Clock_EnablePLL
 .text.Chip_Clock_DisablePLL
                0x00013e94       0x26 D:\Developpement_Robot\Robotic-System\trunk\Workspaces\MultiWorkSpaces_2021\0_lpc_chip_175x_6x\Release\lib0_lpc_chip_175x_6x.a(clock_17xx_40xx.o)
                0x00013e94                Chip_Clock_DisablePLL
 .text.Chip_Clock_SetupPLL
                0x00013eba       0x30 D:\Developpement_Robot\Robotic-System\trunk\Workspaces\MultiWorkSpaces_2021\0_lpc_chip_175x_6x\Release\lib0_lpc_chip_175x_6x.a(clock_17xx_40xx.o)
                0x00013eba                Chip_Clock_SetupPLL
 *fill*         0x00013eea        0x2 ff
 .text.Chip_Clock_EnablePeriphClock
                0x00013eec       0x18 D:\Developpement_Robot\Robotic-System\trunk\Workspaces\MultiWorkSpaces_2021\0_lpc_chip_175x_6x\Release\lib0_lpc_chip_175x_6x.a(clock_17xx_40xx.o)
                0x00013eec                Chip_Clock_EnablePeriphClock
 .text.Chip_Clock_GetCPUClockSource
                0x00013f04       0x10 D:\Developpement_Robot\Robotic-System\trunk\Workspaces\MultiWorkSpaces_2021\0_lpc_chip_175x_6x\Release\lib0_lpc_chip_175x_6x.a(clock_17xx_40xx.o)
                0x00013f04                Chip_Clock_GetCPUClockSource
 .text.Chip_Clock_SetCPUClockDiv
                0x00013f14        0xc D:\Developpement_Robot\Robotic-System\trunk\Workspaces\MultiWorkSpaces_2021\0_lpc_chip_175x_6x\Release\lib0_lpc_chip_175x_6x.a(clock_17xx_40xx.o)
                0x00013f14                Chip_Clock_SetCPUClockDiv
 .text.Chip_Clock_GetCPUClockDiv
                0x00013f20       0x10 D:\Developpement_Robot\Robotic-System\trunk\Workspaces\MultiWorkSpaces_2021\0_lpc_chip_175x_6x\Release\lib0_lpc_chip_175x_6x.a(clock_17xx_40xx.o)
                0x00013f20                Chip_Clock_GetCPUClockDiv
 .text.Chip_Clock_GetPCLKDiv
                0x00013f30       0x38 D:\Developpement_Robot\Robotic-System\trunk\Workspaces\MultiWorkSpaces_2021\0_lpc_chip_175x_6x\Release\lib0_lpc_chip_175x_6x.a(clock_17xx_40xx.o)
                0x00013f30                Chip_Clock_GetPCLKDiv
 .text.Chip_Clock_GetSYSCLKRate
                0x00013f68       0x38 D:\Developpement_Robot\Robotic-System\trunk\Workspaces\MultiWorkSpaces_2021\0_lpc_chip_175x_6x\Release\lib0_lpc_chip_175x_6x.a(clock_17xx_40xx.o)
                0x00013f68                Chip_Clock_GetSYSCLKRate
 .text.Chip_Clock_GetMainPLLOutClockRate
                0x00013fa0       0x34 D:\Developpement_Robot\Robotic-System\trunk\Workspaces\MultiWorkSpaces_2021\0_lpc_chip_175x_6x\Release\lib0_lpc_chip_175x_6x.a(clock_17xx_40xx.o)
                0x00013fa0                Chip_Clock_GetMainPLLOutClockRate
 .text.Chip_Clock_GetMainClockRate
                0x00013fd4       0x20 D:\Developpement_Robot\Robotic-System\trunk\Workspaces\MultiWorkSpaces_2021\0_lpc_chip_175x_6x\Release\lib0_lpc_chip_175x_6x.a(clock_17xx_40xx.o)
                0x00013fd4                Chip_Clock_GetMainClockRate
 .text.Chip_Clock_GetSystemClockRate
                0x00013ff4       0x12 D:\Developpement_Robot\Robotic-System\trunk\Workspaces\MultiWorkSpaces_2021\0_lpc_chip_175x_6x\Release\lib0_lpc_chip_175x_6x.a(clock_17xx_40xx.o)
                0x00013ff4                Chip_Clock_GetSystemClockRate
 .text.Chip_Clock_GetPeripheralClockRate
                0x00014006       0x16 D:\Developpement_Robot\Robotic-System\trunk\Workspaces\MultiWorkSpaces_2021\0_lpc_chip_175x_6x\Release\lib0_lpc_chip_175x_6x.a(clock_17xx_40xx.o)
                0x00014006                Chip_Clock_GetPeripheralClockRate
 .text.RingBuffer_Init
                0x0001401c       0x10 D:\Developpement_Robot\Robotic-System\trunk\Workspaces\MultiWorkSpaces_2021\0_lpc_chip_175x_6x\Release\lib0_lpc_chip_175x_6x.a(ring_buffer.o)
                0x0001401c                RingBuffer_Init
 .text.RingBuffer_Insert
                0x0001402c       0x30 D:\Developpement_Robot\Robotic-System\trunk\Workspaces\MultiWorkSpaces_2021\0_lpc_chip_175x_6x\Release\lib0_lpc_chip_175x_6x.a(ring_buffer.o)
                0x0001402c                RingBuffer_Insert
 .text.RingBuffer_InsertMult
                0x0001405c       0x88 D:\Developpement_Robot\Robotic-System\trunk\Workspaces\MultiWorkSpaces_2021\0_lpc_chip_175x_6x\Release\lib0_lpc_chip_175x_6x.a(ring_buffer.o)
                0x0001405c                RingBuffer_InsertMult
 .text.RingBuffer_Pop
                0x000140e4       0x30 D:\Developpement_Robot\Robotic-System\trunk\Workspaces\MultiWorkSpaces_2021\0_lpc_chip_175x_6x\Release\lib0_lpc_chip_175x_6x.a(ring_buffer.o)
                0x000140e4                RingBuffer_Pop
 .text.RingBuffer_PopMult
                0x00014114       0x7c D:\Developpement_Robot\Robotic-System\trunk\Workspaces\MultiWorkSpaces_2021\0_lpc_chip_175x_6x\Release\lib0_lpc_chip_175x_6x.a(ring_buffer.o)
                0x00014114                RingBuffer_PopMult
 .text.RingBuffer_Count
                0x00014190        0x8 D:\Developpement_Robot\Robotic-System\trunk\Workspaces\MultiWorkSpaces_2021\0_lpc_chip_175x_6x\Release\lib0_lpc_chip_175x_6x.a(ring_buffer.o)
                0x00014190                RingBuffer_Count
 .text.Chip_SetupIrcClocking
                0x00014198       0x64 D:\Developpement_Robot\Robotic-System\trunk\Workspaces\MultiWorkSpaces_2021\0_lpc_chip_175x_6x\Release\lib0_lpc_chip_175x_6x.a(sysinit_17xx_40xx.o)
                0x00014198                Chip_SetupIrcClocking
 .text.Chip_SetupXtalClocking
                0x000141fc       0xdc D:\Developpement_Robot\Robotic-System\trunk\Workspaces\MultiWorkSpaces_2021\0_lpc_chip_175x_6x\Release\lib0_lpc_chip_175x_6x.a(sysinit_17xx_40xx.o)
                0x000141fc                Chip_SetupXtalClocking
 .text.Chip_SystemInit
                0x000142d8        0x4 D:\Developpement_Robot\Robotic-System\trunk\Workspaces\MultiWorkSpaces_2021\0_lpc_chip_175x_6x\Release\lib0_lpc_chip_175x_6x.a(sysinit_17xx_40xx.o)
                0x000142d8                Chip_SystemInit
 .text.Chip_TIMER_Init
                0x000142dc       0x2c D:\Developpement_Robot\Robotic-System\trunk\Workspaces\MultiWorkSpaces_2021\0_lpc_chip_175x_6x\Release\lib0_lpc_chip_175x_6x.a(timer_17xx_40xx.o)
                0x000142dc                Chip_TIMER_Init
 .text.Chip_UART_GetClockIndex
                0x00014308       0x28 D:\Developpement_Robot\Robotic-System\trunk\Workspaces\MultiWorkSpaces_2021\0_lpc_chip_175x_6x\Release\lib0_lpc_chip_175x_6x.a(uart_17xx_40xx.o)
 .text.Chip_UART_Init
                0x00014330       0x38 D:\Developpement_Robot\Robotic-System\trunk\Workspaces\MultiWorkSpaces_2021\0_lpc_chip_175x_6x\Release\lib0_lpc_chip_175x_6x.a(uart_17xx_40xx.o)
                0x00014330                Chip_UART_Init
 .text.Chip_UART_TXEnable
                0x00014368        0x6 D:\Developpement_Robot\Robotic-System\trunk\Workspaces\MultiWorkSpaces_2021\0_lpc_chip_175x_6x\Release\lib0_lpc_chip_175x_6x.a(uart_17xx_40xx.o)
                0x00014368                Chip_UART_TXEnable
 .text.Chip_UART_SetBaud
                0x0001436e       0x34 D:\Developpement_Robot\Robotic-System\trunk\Workspaces\MultiWorkSpaces_2021\0_lpc_chip_175x_6x\Release\lib0_lpc_chip_175x_6x.a(uart_17xx_40xx.o)
                0x0001436e                Chip_UART_SetBaud
 .text.Chip_UART_RXIntHandlerRB
                0x000143a2       0x22 D:\Developpement_Robot\Robotic-System\trunk\Workspaces\MultiWorkSpaces_2021\0_lpc_chip_175x_6x\Release\lib0_lpc_chip_175x_6x.a(uart_17xx_40xx.o)
                0x000143a2                Chip_UART_RXIntHandlerRB
 .text.Chip_UART_TXIntHandlerRB
                0x000143c4       0x24 D:\Developpement_Robot\Robotic-System\trunk\Workspaces\MultiWorkSpaces_2021\0_lpc_chip_175x_6x\Release\lib0_lpc_chip_175x_6x.a(uart_17xx_40xx.o)
                0x000143c4                Chip_UART_TXIntHandlerRB
 .text.Chip_UART_IRQRBHandler
                0x000143e8       0x68 D:\Developpement_Robot\Robotic-System\trunk\Workspaces\MultiWorkSpaces_2021\0_lpc_chip_175x_6x\Release\lib0_lpc_chip_175x_6x.a(uart_17xx_40xx.o)
                0x000143e8                Chip_UART_IRQRBHandler
 .text.Set_Clock_in
                0x00014450        0xc D:\Developpement_Robot\Robotic-System\trunk\Workspaces\MultiWorkSpaces_2021\0_lpc_board_nxp_lpcxpresso_1769\Release\lib0_lpc_board_nxp_lpcxpresso_1769.a(board.o)
                0x00014450                Set_Clock_in
 .text.Board_Init
                0x0001445c       0x12 D:\Developpement_Robot\Robotic-System\trunk\Workspaces\MultiWorkSpaces_2021\0_lpc_board_nxp_lpcxpresso_1769\Release\lib0_lpc_board_nxp_lpcxpresso_1769.a(board.o)
                0x0001445c                Board_Init
 .text.EPAdr    0x0001446e       0x10 D:\Developpement_Robot\Robotic-System\trunk\Workspaces\MultiWorkSpaces_2021\0_lpc_chip_175x_6x\libs\libusbd_175x_6x_lib.a(hw_usbd_ip3503.o)
                0x0001446e                EPAdr
 .text.hwWrCmd  0x0001447e       0x10 D:\Developpement_Robot\Robotic-System\trunk\Workspaces\MultiWorkSpaces_2021\0_lpc_chip_175x_6x\libs\libusbd_175x_6x_lib.a(hw_usbd_ip3503.o)
                0x0001447e                hwWrCmd
 .text.hwWrCmdDat
                0x0001448e       0x16 D:\Developpement_Robot\Robotic-System\trunk\Workspaces\MultiWorkSpaces_2021\0_lpc_chip_175x_6x\libs\libusbd_175x_6x_lib.a(hw_usbd_ip3503.o)
                0x0001448e                hwWrCmdDat
 .text.hwWrCmdEP
                0x000144a4       0x24 D:\Developpement_Robot\Robotic-System\trunk\Workspaces\MultiWorkSpaces_2021\0_lpc_chip_175x_6x\libs\libusbd_175x_6x_lib.a(hw_usbd_ip3503.o)
                0x000144a4                hwWrCmdEP
 .text.hwRdCmdDat
                0x000144c8       0x12 D:\Developpement_Robot\Robotic-System\trunk\Workspaces\MultiWorkSpaces_2021\0_lpc_chip_175x_6x\libs\libusbd_175x_6x_lib.a(hw_usbd_ip3503.o)
                0x000144c8                hwRdCmdDat
 .text.hwUSB_GetMemSize
                0x000144da        0x6 D:\Developpement_Robot\Robotic-System\trunk\Workspaces\MultiWorkSpaces_2021\0_lpc_chip_175x_6x\libs\libusbd_175x_6x_lib.a(hw_usbd_ip3503.o)
                0x000144da                hwUSB_GetMemSize
 .text.hwUSB_Connect
                0x000144e0       0x1c D:\Developpement_Robot\Robotic-System\trunk\Workspaces\MultiWorkSpaces_2021\0_lpc_chip_175x_6x\libs\libusbd_175x_6x_lib.a(hw_usbd_ip3503.o)
                0x000144e0                hwUSB_Connect
 .text.hwUSB_Reset
                0x000144fc       0x30 D:\Developpement_Robot\Robotic-System\trunk\Workspaces\MultiWorkSpaces_2021\0_lpc_chip_175x_6x\libs\libusbd_175x_6x_lib.a(hw_usbd_ip3503.o)
                0x000144fc                hwUSB_Reset
 .text.hwUSB_WakeUp
                0x0001452c       0x20 D:\Developpement_Robot\Robotic-System\trunk\Workspaces\MultiWorkSpaces_2021\0_lpc_chip_175x_6x\libs\libusbd_175x_6x_lib.a(hw_usbd_ip3503.o)
                0x0001452c                hwUSB_WakeUp
 .text.hwUSB_WakeUpCfg
                0x0001454c        0x2 D:\Developpement_Robot\Robotic-System\trunk\Workspaces\MultiWorkSpaces_2021\0_lpc_chip_175x_6x\libs\libusbd_175x_6x_lib.a(hw_usbd_ip3503.o)
                0x0001454c                hwUSB_WakeUpCfg
 *fill*         0x0001454e        0x2 ff
 .text.hwUSB_SetAddress
                0x00014550       0x30 D:\Developpement_Robot\Robotic-System\trunk\Workspaces\MultiWorkSpaces_2021\0_lpc_chip_175x_6x\libs\libusbd_175x_6x_lib.a(hw_usbd_ip3503.o)
                0x00014550                hwUSB_SetAddress
 .text.hwUSB_Init
                0x00014580       0x84 D:\Developpement_Robot\Robotic-System\trunk\Workspaces\MultiWorkSpaces_2021\0_lpc_chip_175x_6x\libs\libusbd_175x_6x_lib.a(hw_usbd_ip3503.o)
                0x00014580                hwUSB_Init
 .text.hwUSB_Configure
                0x00014604       0x34 D:\Developpement_Robot\Robotic-System\trunk\Workspaces\MultiWorkSpaces_2021\0_lpc_chip_175x_6x\libs\libusbd_175x_6x_lib.a(hw_usbd_ip3503.o)
                0x00014604                hwUSB_Configure
 .text.hwUSB_ConfigEP
                0x00014638       0x32 D:\Developpement_Robot\Robotic-System\trunk\Workspaces\MultiWorkSpaces_2021\0_lpc_chip_175x_6x\libs\libusbd_175x_6x_lib.a(hw_usbd_ip3503.o)
                0x00014638                hwUSB_ConfigEP
 .text.hwUSB_DirCtrlEP
                0x0001466a        0x2 D:\Developpement_Robot\Robotic-System\trunk\Workspaces\MultiWorkSpaces_2021\0_lpc_chip_175x_6x\libs\libusbd_175x_6x_lib.a(hw_usbd_ip3503.o)
                0x0001466a                hwUSB_DirCtrlEP
 .text.hwUSB_EnableEP
                0x0001466c       0x24 D:\Developpement_Robot\Robotic-System\trunk\Workspaces\MultiWorkSpaces_2021\0_lpc_chip_175x_6x\libs\libusbd_175x_6x_lib.a(hw_usbd_ip3503.o)
                0x0001466c                hwUSB_EnableEP
 .text.hwUSB_DisableEP
                0x00014690       0x28 D:\Developpement_Robot\Robotic-System\trunk\Workspaces\MultiWorkSpaces_2021\0_lpc_chip_175x_6x\libs\libusbd_175x_6x_lib.a(hw_usbd_ip3503.o)
                0x00014690                hwUSB_DisableEP
 .text.hwUSB_ResetEP
                0x000146b8       0x24 D:\Developpement_Robot\Robotic-System\trunk\Workspaces\MultiWorkSpaces_2021\0_lpc_chip_175x_6x\libs\libusbd_175x_6x_lib.a(hw_usbd_ip3503.o)
                0x000146b8                hwUSB_ResetEP
 .text.hwUSB_SetStallEP
                0x000146dc       0x28 D:\Developpement_Robot\Robotic-System\trunk\Workspaces\MultiWorkSpaces_2021\0_lpc_chip_175x_6x\libs\libusbd_175x_6x_lib.a(hw_usbd_ip3503.o)
                0x000146dc                hwUSB_SetStallEP
 .text.hwUSB_ClrStallEP
                0x00014704       0x24 D:\Developpement_Robot\Robotic-System\trunk\Workspaces\MultiWorkSpaces_2021\0_lpc_chip_175x_6x\libs\libusbd_175x_6x_lib.a(hw_usbd_ip3503.o)
                0x00014704                hwUSB_ClrStallEP
 .text.hwUSB_EnableEvent
                0x00014728       0xd8 D:\Developpement_Robot\Robotic-System\trunk\Workspaces\MultiWorkSpaces_2021\0_lpc_chip_175x_6x\libs\libusbd_175x_6x_lib.a(hw_usbd_ip3503.o)
                0x00014728                hwUSB_EnableEvent
 .text.hwUSB_ReadEP
                0x00014800       0x80 D:\Developpement_Robot\Robotic-System\trunk\Workspaces\MultiWorkSpaces_2021\0_lpc_chip_175x_6x\libs\libusbd_175x_6x_lib.a(hw_usbd_ip3503.o)
                0x00014800                hwUSB_ReadEP
 .text.hwUSB_ForceFullSpeed
                0x00014880        0x2 D:\Developpement_Robot\Robotic-System\trunk\Workspaces\MultiWorkSpaces_2021\0_lpc_chip_175x_6x\libs\libusbd_175x_6x_lib.a(hw_usbd_ip3503.o)
                0x00014880                hwUSB_ForceFullSpeed
 .text.hwUSB_SetTestMode
                0x00014882        0x4 D:\Developpement_Robot\Robotic-System\trunk\Workspaces\MultiWorkSpaces_2021\0_lpc_chip_175x_6x\libs\libusbd_175x_6x_lib.a(hw_usbd_ip3503.o)
                0x00014882                hwUSB_SetTestMode
 .text.hwUSB_ReadReqEP
                0x00014886        0x4 D:\Developpement_Robot\Robotic-System\trunk\Workspaces\MultiWorkSpaces_2021\0_lpc_chip_175x_6x\libs\libusbd_175x_6x_lib.a(hw_usbd_ip3503.o)
                0x00014886                hwUSB_ReadReqEP
 .text.hwUSB_ReadSetupPkt
                0x0001488a        0x4 D:\Developpement_Robot\Robotic-System\trunk\Workspaces\MultiWorkSpaces_2021\0_lpc_chip_175x_6x\libs\libusbd_175x_6x_lib.a(hw_usbd_ip3503.o)
                0x0001488a                hwUSB_ReadSetupPkt
 *fill*         0x0001488e        0x2 ff
 .text.hwUSB_WriteEP
                0x00014890       0x44 D:\Developpement_Robot\Robotic-System\trunk\Workspaces\MultiWorkSpaces_2021\0_lpc_chip_175x_6x\libs\libusbd_175x_6x_lib.a(hw_usbd_ip3503.o)
                0x00014890                hwUSB_WriteEP
 .text.hwUSB_ISR
                0x000148d4      0x1a0 D:\Developpement_Robot\Robotic-System\trunk\Workspaces\MultiWorkSpaces_2021\0_lpc_chip_175x_6x\libs\libusbd_175x_6x_lib.a(hw_usbd_ip3503.o)
                0x000148d4                hwUSB_ISR
 .text.mwCDC_SetRequest
                0x00014a74       0x7c D:\Developpement_Robot\Robotic-System\trunk\Workspaces\MultiWorkSpaces_2021\0_lpc_chip_175x_6x\libs\libusbd_175x_6x_lib.a(mw_usbd_cdcuser.o)
                0x00014a74                mwCDC_SetRequest
 .text.mwCDC_ep0_hdlr
                0x00014af0       0xb0 D:\Developpement_Robot\Robotic-System\trunk\Workspaces\MultiWorkSpaces_2021\0_lpc_chip_175x_6x\libs\libusbd_175x_6x_lib.a(mw_usbd_cdcuser.o)
                0x00014af0                mwCDC_ep0_hdlr
 .text.mwCDC_GetRequest
                0x00014ba0       0x50 D:\Developpement_Robot\Robotic-System\trunk\Workspaces\MultiWorkSpaces_2021\0_lpc_chip_175x_6x\libs\libusbd_175x_6x_lib.a(mw_usbd_cdcuser.o)
                0x00014ba0                mwCDC_GetRequest
 .text.mwCDC_SendNotification
                0x00014bf0       0x50 D:\Developpement_Robot\Robotic-System\trunk\Workspaces\MultiWorkSpaces_2021\0_lpc_chip_175x_6x\libs\libusbd_175x_6x_lib.a(mw_usbd_cdcuser.o)
                0x00014bf0                mwCDC_SendNotification
 .text.mwCDC_GetMemSize
                0x00014c40        0x4 D:\Developpement_Robot\Robotic-System\trunk\Workspaces\MultiWorkSpaces_2021\0_lpc_chip_175x_6x\libs\libusbd_175x_6x_lib.a(mw_usbd_cdcuser.o)
                0x00014c40                mwCDC_GetMemSize
 .text.mwCDC_init
                0x00014c44      0x140 D:\Developpement_Robot\Robotic-System\trunk\Workspaces\MultiWorkSpaces_2021\0_lpc_chip_175x_6x\libs\libusbd_175x_6x_lib.a(mw_usbd_cdcuser.o)
                0x00014c44                mwCDC_init
 .text.USB_ReqGetConfiguration
                0x00014d84       0x20 D:\Developpement_Robot\Robotic-System\trunk\Workspaces\MultiWorkSpaces_2021\0_lpc_chip_175x_6x\libs\libusbd_175x_6x_lib.a(mw_usbd_core.o)
                0x00014d84                USB_ReqGetConfiguration
 .text.USBD_virt_to_phys
                0x00014da4        0x2 D:\Developpement_Robot\Robotic-System\trunk\Workspaces\MultiWorkSpaces_2021\0_lpc_chip_175x_6x\libs\libusbd_175x_6x_lib.a(mw_usbd_core.o)
                0x00014da4                USBD_virt_to_phys
 .text.USBD_cache_flush
                0x00014da6        0x2 D:\Developpement_Robot\Robotic-System\trunk\Workspaces\MultiWorkSpaces_2021\0_lpc_chip_175x_6x\libs\libusbd_175x_6x_lib.a(mw_usbd_core.o)
                0x00014da6                USBD_cache_flush
 .text.USB_ReqGetStatus
                0x00014da8       0x8c D:\Developpement_Robot\Robotic-System\trunk\Workspaces\MultiWorkSpaces_2021\0_lpc_chip_175x_6x\libs\libusbd_175x_6x_lib.a(mw_usbd_core.o)
                0x00014da8                USB_ReqGetStatus
 .text.USB_ReqGetDescriptor
                0x00014e34       0x84 D:\Developpement_Robot\Robotic-System\trunk\Workspaces\MultiWorkSpaces_2021\0_lpc_chip_175x_6x\libs\libusbd_175x_6x_lib.a(mw_usbd_core.o)
                0x00014e34                USB_ReqGetDescriptor
 .text.USB_ReqGetInterface
                0x00014eb8       0x34 D:\Developpement_Robot\Robotic-System\trunk\Workspaces\MultiWorkSpaces_2021\0_lpc_chip_175x_6x\libs\libusbd_175x_6x_lib.a(mw_usbd_core.o)
                0x00014eb8                USB_ReqGetInterface
 .text.USB_ReqSetClrFeature
                0x00014eec       0xb4 D:\Developpement_Robot\Robotic-System\trunk\Workspaces\MultiWorkSpaces_2021\0_lpc_chip_175x_6x\libs\libusbd_175x_6x_lib.a(mw_usbd_core.o)
                0x00014eec                USB_ReqSetClrFeature
 .text.USB_ReqSetConfiguration
                0x00014fa0      0x194 D:\Developpement_Robot\Robotic-System\trunk\Workspaces\MultiWorkSpaces_2021\0_lpc_chip_175x_6x\libs\libusbd_175x_6x_lib.a(mw_usbd_core.o)
                0x00014fa0                USB_ReqSetConfiguration
 .text.USB_ReqSetInterface
                0x00015134      0x144 D:\Developpement_Robot\Robotic-System\trunk\Workspaces\MultiWorkSpaces_2021\0_lpc_chip_175x_6x\libs\libusbd_175x_6x_lib.a(mw_usbd_core.o)
                0x00015134                USB_ReqSetInterface
 .text.mwUSB_SetupStage
                0x00015278        0xa D:\Developpement_Robot\Robotic-System\trunk\Workspaces\MultiWorkSpaces_2021\0_lpc_chip_175x_6x\libs\libusbd_175x_6x_lib.a(mw_usbd_core.o)
                0x00015278                mwUSB_SetupStage
 .text.mwUSB_DataInStage
                0x00015282       0x2e D:\Developpement_Robot\Robotic-System\trunk\Workspaces\MultiWorkSpaces_2021\0_lpc_chip_175x_6x\libs\libusbd_175x_6x_lib.a(mw_usbd_core.o)
                0x00015282                mwUSB_DataInStage
 .text.mwUSB_DataOutStage
                0x000152b0       0x24 D:\Developpement_Robot\Robotic-System\trunk\Workspaces\MultiWorkSpaces_2021\0_lpc_chip_175x_6x\libs\libusbd_175x_6x_lib.a(mw_usbd_core.o)
                0x000152b0                mwUSB_DataOutStage
 .text.mwUSB_StatusInStage
                0x000152d4        0xa D:\Developpement_Robot\Robotic-System\trunk\Workspaces\MultiWorkSpaces_2021\0_lpc_chip_175x_6x\libs\libusbd_175x_6x_lib.a(mw_usbd_core.o)
                0x000152d4                mwUSB_StatusInStage
 .text.mwUSB_StatusOutStage
                0x000152de        0xa D:\Developpement_Robot\Robotic-System\trunk\Workspaces\MultiWorkSpaces_2021\0_lpc_chip_175x_6x\libs\libusbd_175x_6x_lib.a(mw_usbd_core.o)
                0x000152de                mwUSB_StatusOutStage
 .text.mwUSB_StallEp0
                0x000152e8       0x12 D:\Developpement_Robot\Robotic-System\trunk\Workspaces\MultiWorkSpaces_2021\0_lpc_chip_175x_6x\libs\libusbd_175x_6x_lib.a(mw_usbd_core.o)
                0x000152e8                mwUSB_StallEp0
 *fill*         0x000152fa        0x2 ff
 .text.USB_ReqSetAddress
                0x000152fc       0x24 D:\Developpement_Robot\Robotic-System\trunk\Workspaces\MultiWorkSpaces_2021\0_lpc_chip_175x_6x\libs\libusbd_175x_6x_lib.a(mw_usbd_core.o)
                0x000152fc                USB_ReqSetAddress
 .text.USB_InvokeEp0Hdlrs
                0x00015320       0x44 D:\Developpement_Robot\Robotic-System\trunk\Workspaces\MultiWorkSpaces_2021\0_lpc_chip_175x_6x\libs\libusbd_175x_6x_lib.a(mw_usbd_core.o)
                0x00015320                USB_InvokeEp0Hdlrs
 .text.mwUSB_ResetCore
                0x00015364       0x26 D:\Developpement_Robot\Robotic-System\trunk\Workspaces\MultiWorkSpaces_2021\0_lpc_chip_175x_6x\libs\libusbd_175x_6x_lib.a(mw_usbd_core.o)
                0x00015364                mwUSB_ResetCore
 *fill*         0x0001538a        0x2 ff
 .text.USB_EvtSetupHandler
                0x0001538c      0x108 D:\Developpement_Robot\Robotic-System\trunk\Workspaces\MultiWorkSpaces_2021\0_lpc_chip_175x_6x\libs\libusbd_175x_6x_lib.a(mw_usbd_core.o)
                0x0001538c                USB_EvtSetupHandler
 .text.USB_EvtOutHandler
                0x00015494       0x68 D:\Developpement_Robot\Robotic-System\trunk\Workspaces\MultiWorkSpaces_2021\0_lpc_chip_175x_6x\libs\libusbd_175x_6x_lib.a(mw_usbd_core.o)
                0x00015494                USB_EvtOutHandler
 .text.USB_EndPoint0
                0x000154fc       0x94 D:\Developpement_Robot\Robotic-System\trunk\Workspaces\MultiWorkSpaces_2021\0_lpc_chip_175x_6x\libs\libusbd_175x_6x_lib.a(mw_usbd_core.o)
                0x000154fc                USB_EndPoint0
 .text.mwUSB_InitCore
                0x00015590       0xdc D:\Developpement_Robot\Robotic-System\trunk\Workspaces\MultiWorkSpaces_2021\0_lpc_chip_175x_6x\libs\libusbd_175x_6x_lib.a(mw_usbd_core.o)
                0x00015590                mwUSB_InitCore
 .text.mwUSB_RegisterClassHandler
                0x0001566c       0x28 D:\Developpement_Robot\Robotic-System\trunk\Workspaces\MultiWorkSpaces_2021\0_lpc_chip_175x_6x\libs\libusbd_175x_6x_lib.a(mw_usbd_core.o)
                0x0001566c                mwUSB_RegisterClassHandler
 .text.mwUSB_RegisterEpHandler
                0x00015694       0x24 D:\Developpement_Robot\Robotic-System\trunk\Workspaces\MultiWorkSpaces_2021\0_lpc_chip_175x_6x\libs\libusbd_175x_6x_lib.a(mw_usbd_core.o)
                0x00015694                mwUSB_RegisterEpHandler
 .text          0x000156b8      0x378 c:/nxp/mcuxpressoide_11.2.1_4149/ide/plugins/com.nxp.mcuxpresso.tools.win32_11.2.0.202008311134/tools/bin/../lib/gcc/arm-none-eabi/9.2.1/thumb/v7-m/nofp\libgcc.a(_arm_addsubdf3.o)
                0x000156b8                __aeabi_drsub
                0x000156c0                __aeabi_dsub
                0x000156c0                __subdf3
                0x000156c4                __aeabi_dadd
                0x000156c4                __adddf3
                0x0001593c                __floatunsidf
                0x0001593c                __aeabi_ui2d
                0x0001595c                __floatsidf
                0x0001595c                __aeabi_i2d
                0x00015980                __aeabi_f2d
                0x00015980                __extendsfdf2
                0x000159c4                __floatundidf
                0x000159c4                __aeabi_ul2d
                0x000159d4                __floatdidf
                0x000159d4                __aeabi_l2d
 .text          0x00015a30      0x21c c:/nxp/mcuxpressoide_11.2.1_4149/ide/plugins/com.nxp.mcuxpresso.tools.win32_11.2.0.202008311134/tools/bin/../lib/gcc/arm-none-eabi/9.2.1/thumb/v7-m/nofp\libgcc.a(_arm_addsubsf3.o)
                0x00015a30                __aeabi_frsub
                0x00015a38                __subsf3
                0x00015a38                __aeabi_fsub
                0x00015a3c                __aeabi_fadd
                0x00015a3c                __addsf3
                0x00015b9c                __aeabi_ui2f
                0x00015b9c                __floatunsisf
                0x00015ba4                __aeabi_i2f
                0x00015ba4                __floatsisf
                0x00015bc0                __aeabi_ul2f
                0x00015bc0                __floatundisf
                0x00015bd0                __aeabi_l2f
                0x00015bd0                __floatdisf
 .text          0x00015c4c      0x2a0 c:/nxp/mcuxpressoide_11.2.1_4149/ide/plugins/com.nxp.mcuxpresso.tools.win32_11.2.0.202008311134/tools/bin/../lib/gcc/arm-none-eabi/9.2.1/thumb/v7-m/nofp\libgcc.a(_arm_muldivsf3.o)
                0x00015c4c                __mulsf3
                0x00015c4c                __aeabi_fmul
                0x00015db4                __aeabi_fdiv
                0x00015db4                __divsf3
 .text          0x00015eec       0xec c:/nxp/mcuxpressoide_11.2.1_4149/ide/plugins/com.nxp.mcuxpresso.tools.win32_11.2.0.202008311134/tools/bin/../lib/gcc/arm-none-eabi/9.2.1/thumb/v7-m/nofp\libgcc.a(_arm_cmpsf2.o)
                0x00015eec                __gesf2
                0x00015eec                __gtsf2
                0x00015ef4                __lesf2
                0x00015ef4                __ltsf2
                0x00015efc                __nesf2
                0x00015efc                __eqsf2
                0x00015efc                __cmpsf2
                0x00015f5c                __aeabi_cfrcmple
                0x00015f64                __aeabi_cfcmpeq
                0x00015f64                __aeabi_cfcmple
                0x00015f74                __aeabi_fcmpeq
                0x00015f88                __aeabi_fcmplt
                0x00015f9c                __aeabi_fcmple
                0x00015fb0                __aeabi_fcmpge
                0x00015fc4                __aeabi_fcmpgt
 .text          0x00015fd8       0x4c c:/nxp/mcuxpressoide_11.2.1_4149/ide/plugins/com.nxp.mcuxpresso.tools.win32_11.2.0.202008311134/tools/bin/../lib/gcc/arm-none-eabi/9.2.1/thumb/v7-m/nofp\libgcc.a(_arm_fixsfsi.o)
                0x00015fd8                __aeabi_f2iz
                0x00015fd8                __fixsfsi
 .text          0x00016024       0x40 c:/nxp/mcuxpressoide_11.2.1_4149/ide/plugins/com.nxp.mcuxpresso.tools.win32_11.2.0.202008311134/tools/bin/../lib/gcc/arm-none-eabi/9.2.1/thumb/v7-m/nofp\libgcc.a(_arm_fixunssfsi.o)
                0x00016024                __fixunssfsi
                0x00016024                __aeabi_f2uiz
 .text.memcpy   0x00016064       0x1c c:/nxp/mcuxpressoide_11.2.1_4149/ide/plugins/com.nxp.mcuxpresso.tools.win32_11.2.0.202008311134/tools/bin/../lib/gcc/arm-none-eabi/9.2.1/../../../../arm-none-eabi/lib/thumb/v7-m/nofp\libc_nano.a(lib_a-memcpy-stub.o)
                0x00016064                memcpy
 .text.memset   0x00016080       0x10 c:/nxp/mcuxpressoide_11.2.1_4149/ide/plugins/com.nxp.mcuxpresso.tools.win32_11.2.0.202008311134/tools/bin/../lib/gcc/arm-none-eabi/9.2.1/../../../../arm-none-eabi/lib/thumb/v7-m/nofp\libc_nano.a(lib_a-memset.o)
                0x00016080                memset
 .text.__cvt    0x00016090       0xbe c:/nxp/mcuxpressoide_11.2.1_4149/ide/plugins/com.nxp.mcuxpresso.tools.win32_11.2.0.202008311134/tools/bin/../lib/gcc/arm-none-eabi/9.2.1/../../../../arm-none-eabi/lib/thumb/v7-m/nofp\libc_nano.a(lib_a-nano-vfprintf_float.o)
                0x00016090                __cvt
 .text.__exponent
                0x0001614e       0x7c c:/nxp/mcuxpressoide_11.2.1_4149/ide/plugins/com.nxp.mcuxpresso.tools.win32_11.2.0.202008311134/tools/bin/../lib/gcc/arm-none-eabi/9.2.1/../../../../arm-none-eabi/lib/thumb/v7-m/nofp\libc_nano.a(lib_a-nano-vfprintf_float.o)
                0x0001614e                __exponent
 *fill*         0x000161ca        0x2 ff
 .text._printf_float
                0x000161cc      0x458 c:/nxp/mcuxpressoide_11.2.1_4149/ide/plugins/com.nxp.mcuxpresso.tools.win32_11.2.0.202008311134/tools/bin/../lib/gcc/arm-none-eabi/9.2.1/../../../../arm-none-eabi/lib/thumb/v7-m/nofp\libc_nano.a(lib_a-nano-vfprintf_float.o)
                0x000161cc                _printf_float
 .text._printf_common
                0x00016624       0xde c:/nxp/mcuxpressoide_11.2.1_4149/ide/plugins/com.nxp.mcuxpresso.tools.win32_11.2.0.202008311134/tools/bin/../lib/gcc/arm-none-eabi/9.2.1/../../../../arm-none-eabi/lib/thumb/v7-m/nofp\libc_nano.a(lib_a-nano-vfprintf_i.o)
                0x00016624                _printf_common
 *fill*         0x00016702        0x2 ff
 .text._printf_i
                0x00016704      0x24c c:/nxp/mcuxpressoide_11.2.1_4149/ide/plugins/com.nxp.mcuxpresso.tools.win32_11.2.0.202008311134/tools/bin/../lib/gcc/arm-none-eabi/9.2.1/../../../../arm-none-eabi/lib/thumb/v7-m/nofp\libc_nano.a(lib_a-nano-vfprintf_i.o)
                0x00016704                _printf_i
 .text.sprintf  0x00016950       0x40 c:/nxp/mcuxpressoide_11.2.1_4149/ide/plugins/com.nxp.mcuxpresso.tools.win32_11.2.0.202008311134/tools/bin/../lib/gcc/arm-none-eabi/9.2.1/../../../../arm-none-eabi/lib/thumb/v7-m/nofp\libc_nano.a(lib_a-sprintf.o)
                0x00016950                siprintf
                0x00016950                sprintf
 .text          0x00016990       0x10 c:/nxp/mcuxpressoide_11.2.1_4149/ide/plugins/com.nxp.mcuxpresso.tools.win32_11.2.0.202008311134/tools/bin/../lib/gcc/arm-none-eabi/9.2.1/../../../../arm-none-eabi/lib/thumb/v7-m/nofp\libc_nano.a(lib_a-strlen.o)
                0x00016990                strlen
 .text.quorem   0x000169a0      0x11a c:/nxp/mcuxpressoide_11.2.1_4149/ide/plugins/com.nxp.mcuxpresso.tools.win32_11.2.0.202008311134/tools/bin/../lib/gcc/arm-none-eabi/9.2.1/../../../../arm-none-eabi/lib/thumb/v7-m/nofp\libc_nano.a(lib_a-dtoa.o)
 *fill*         0x00016aba        0x6 ff
 .text._dtoa_r  0x00016ac0      0xba4 c:/nxp/mcuxpressoide_11.2.1_4149/ide/plugins/com.nxp.mcuxpresso.tools.win32_11.2.0.202008311134/tools/bin/../lib/gcc/arm-none-eabi/9.2.1/../../../../arm-none-eabi/lib/thumb/v7-m/nofp\libc_nano.a(lib_a-dtoa.o)
                0x00016ac0                _dtoa_r
 .text._localeconv_r
                0x00017664        0x8 c:/nxp/mcuxpressoide_11.2.1_4149/ide/plugins/com.nxp.mcuxpresso.tools.win32_11.2.0.202008311134/tools/bin/../lib/gcc/arm-none-eabi/9.2.1/../../../../arm-none-eabi/lib/thumb/v7-m/nofp\libc_nano.a(lib_a-localeconv.o)
                0x00017664                _localeconv_r
 .text.malloc   0x0001766c       0x10 c:/nxp/mcuxpressoide_11.2.1_4149/ide/plugins/com.nxp.mcuxpresso.tools.win32_11.2.0.202008311134/tools/bin/../lib/gcc/arm-none-eabi/9.2.1/../../../../arm-none-eabi/lib/thumb/v7-m/nofp\libc_nano.a(lib_a-malloc.o)
                0x0001766c                malloc
 .text.memchr   0x0001767c       0x1c c:/nxp/mcuxpressoide_11.2.1_4149/ide/plugins/com.nxp.mcuxpresso.tools.win32_11.2.0.202008311134/tools/bin/../lib/gcc/arm-none-eabi/9.2.1/../../../../arm-none-eabi/lib/thumb/v7-m/nofp\libc_nano.a(lib_a-memchr-stub.o)
                0x0001767c                memchr
 .text._Balloc  0x00017698       0x68 c:/nxp/mcuxpressoide_11.2.1_4149/ide/plugins/com.nxp.mcuxpresso.tools.win32_11.2.0.202008311134/tools/bin/../lib/gcc/arm-none-eabi/9.2.1/../../../../arm-none-eabi/lib/thumb/v7-m/nofp\libc_nano.a(lib_a-mprec.o)
                0x00017698                _Balloc
 .text._Bfree   0x00017700       0x2e c:/nxp/mcuxpressoide_11.2.1_4149/ide/plugins/com.nxp.mcuxpresso.tools.win32_11.2.0.202008311134/tools/bin/../lib/gcc/arm-none-eabi/9.2.1/../../../../arm-none-eabi/lib/thumb/v7-m/nofp\libc_nano.a(lib_a-mprec.o)
                0x00017700                _Bfree
 .text.__multadd
                0x0001772e       0x7c c:/nxp/mcuxpressoide_11.2.1_4149/ide/plugins/com.nxp.mcuxpresso.tools.win32_11.2.0.202008311134/tools/bin/../lib/gcc/arm-none-eabi/9.2.1/../../../../arm-none-eabi/lib/thumb/v7-m/nofp\libc_nano.a(lib_a-mprec.o)
                0x0001772e                __multadd
 .text.__hi0bits
                0x000177aa       0x40 c:/nxp/mcuxpressoide_11.2.1_4149/ide/plugins/com.nxp.mcuxpresso.tools.win32_11.2.0.202008311134/tools/bin/../lib/gcc/arm-none-eabi/9.2.1/../../../../arm-none-eabi/lib/thumb/v7-m/nofp\libc_nano.a(lib_a-mprec.o)
                0x000177aa                __hi0bits
 .text.__lo0bits
                0x000177ea       0x5c c:/nxp/mcuxpressoide_11.2.1_4149/ide/plugins/com.nxp.mcuxpresso.tools.win32_11.2.0.202008311134/tools/bin/../lib/gcc/arm-none-eabi/9.2.1/../../../../arm-none-eabi/lib/thumb/v7-m/nofp\libc_nano.a(lib_a-mprec.o)
                0x000177ea                __lo0bits
 .text.__i2b    0x00017846       0x12 c:/nxp/mcuxpressoide_11.2.1_4149/ide/plugins/com.nxp.mcuxpresso.tools.win32_11.2.0.202008311134/tools/bin/../lib/gcc/arm-none-eabi/9.2.1/../../../../arm-none-eabi/lib/thumb/v7-m/nofp\libc_nano.a(lib_a-mprec.o)
                0x00017846                __i2b
 .text.__multiply
                0x00017858      0x136 c:/nxp/mcuxpressoide_11.2.1_4149/ide/plugins/com.nxp.mcuxpresso.tools.win32_11.2.0.202008311134/tools/bin/../lib/gcc/arm-none-eabi/9.2.1/../../../../arm-none-eabi/lib/thumb/v7-m/nofp\libc_nano.a(lib_a-mprec.o)
                0x00017858                __multiply
 *fill*         0x0001798e        0x2 ff
 .text.__pow5mult
                0x00017990       0x9c c:/nxp/mcuxpressoide_11.2.1_4149/ide/plugins/com.nxp.mcuxpresso.tools.win32_11.2.0.202008311134/tools/bin/../lib/gcc/arm-none-eabi/9.2.1/../../../../arm-none-eabi/lib/thumb/v7-m/nofp\libc_nano.a(lib_a-mprec.o)
                0x00017990                __pow5mult
 .text.__lshift
                0x00017a2c       0xbe c:/nxp/mcuxpressoide_11.2.1_4149/ide/plugins/com.nxp.mcuxpresso.tools.win32_11.2.0.202008311134/tools/bin/../lib/gcc/arm-none-eabi/9.2.1/../../../../arm-none-eabi/lib/thumb/v7-m/nofp\libc_nano.a(lib_a-mprec.o)
                0x00017a2c                __lshift
 .text.__mcmp   0x00017aea       0x36 c:/nxp/mcuxpressoide_11.2.1_4149/ide/plugins/com.nxp.mcuxpresso.tools.win32_11.2.0.202008311134/tools/bin/../lib/gcc/arm-none-eabi/9.2.1/../../../../arm-none-eabi/lib/thumb/v7-m/nofp\libc_nano.a(lib_a-mprec.o)
                0x00017aea                __mcmp
 .text.__mdiff  0x00017b20       0xf8 c:/nxp/mcuxpressoide_11.2.1_4149/ide/plugins/com.nxp.mcuxpresso.tools.win32_11.2.0.202008311134/tools/bin/../lib/gcc/arm-none-eabi/9.2.1/../../../../arm-none-eabi/lib/thumb/v7-m/nofp\libc_nano.a(lib_a-mprec.o)
                0x00017b20                __mdiff
 .text.__d2b    0x00017c18       0x9e c:/nxp/mcuxpressoide_11.2.1_4149/ide/plugins/com.nxp.mcuxpresso.tools.win32_11.2.0.202008311134/tools/bin/../lib/gcc/arm-none-eabi/9.2.1/../../../../arm-none-eabi/lib/thumb/v7-m/nofp\libc_nano.a(lib_a-mprec.o)
                0x00017c18                __d2b
 .text._calloc_r
                0x00017cb6       0x1c c:/nxp/mcuxpressoide_11.2.1_4149/ide/plugins/com.nxp.mcuxpresso.tools.win32_11.2.0.202008311134/tools/bin/../lib/gcc/arm-none-eabi/9.2.1/../../../../arm-none-eabi/lib/thumb/v7-m/nofp\libc_nano.a(lib_a-nano-callocr.o)
                0x00017cb6                _calloc_r
 *fill*         0x00017cd2        0x2 ff
 .text._free_r  0x00017cd4       0x98 c:/nxp/mcuxpressoide_11.2.1_4149/ide/plugins/com.nxp.mcuxpresso.tools.win32_11.2.0.202008311134/tools/bin/../lib/gcc/arm-none-eabi/9.2.1/../../../../arm-none-eabi/lib/thumb/v7-m/nofp\libc_nano.a(lib_a-nano-freer.o)
                0x00017cd4                _free_r
 .text._malloc_r
                0x00017d6c       0xb4 c:/nxp/mcuxpressoide_11.2.1_4149/ide/plugins/com.nxp.mcuxpresso.tools.win32_11.2.0.202008311134/tools/bin/../lib/gcc/arm-none-eabi/9.2.1/../../../../arm-none-eabi/lib/thumb/v7-m/nofp\libc_nano.a(lib_a-nano-mallocr.o)
                0x00017d6c                _malloc_r
 .text.__ssputs_r
                0x00017e20       0xb6 c:/nxp/mcuxpressoide_11.2.1_4149/ide/plugins/com.nxp.mcuxpresso.tools.win32_11.2.0.202008311134/tools/bin/../lib/gcc/arm-none-eabi/9.2.1/../../../../arm-none-eabi/lib/thumb/v7-m/nofp\libc_nano.a(lib_a-nano-svfprintf.o)
                0x00017e20                __ssputs_r
 *fill*         0x00017ed6        0x2 ff
 .text._svfprintf_r
                0x00017ed8      0x200 c:/nxp/mcuxpressoide_11.2.1_4149/ide/plugins/com.nxp.mcuxpresso.tools.win32_11.2.0.202008311134/tools/bin/../lib/gcc/arm-none-eabi/9.2.1/../../../../arm-none-eabi/lib/thumb/v7-m/nofp\libc_nano.a(lib_a-nano-svfprintf.o)
                0x00017ed8                _svfiprintf_r
                0x00017ed8                _svfprintf_r
 .text._sbrk_r  0x000180d8       0x20 c:/nxp/mcuxpressoide_11.2.1_4149/ide/plugins/com.nxp.mcuxpresso.tools.win32_11.2.0.202008311134/tools/bin/../lib/gcc/arm-none-eabi/9.2.1/../../../../arm-none-eabi/lib/thumb/v7-m/nofp\libc_nano.a(lib_a-sbrkr.o)
                0x000180d8                _sbrk_r
 .text.__ascii_mbtowc
                0x000180f8       0x24 c:/nxp/mcuxpressoide_11.2.1_4149/ide/plugins/com.nxp.mcuxpresso.tools.win32_11.2.0.202008311134/tools/bin/../lib/gcc/arm-none-eabi/9.2.1/../../../../arm-none-eabi/lib/thumb/v7-m/nofp\libc_nano.a(lib_a-mbtowc_r.o)
                0x000180f8                __ascii_mbtowc
 .text.memmove  0x0001811c       0x34 c:/nxp/mcuxpressoide_11.2.1_4149/ide/plugins/com.nxp.mcuxpresso.tools.win32_11.2.0.202008311134/tools/bin/../lib/gcc/arm-none-eabi/9.2.1/../../../../arm-none-eabi/lib/thumb/v7-m/nofp\libc_nano.a(lib_a-memmove.o)
                0x0001811c                memmove
 .text.__malloc_lock
                0x00018150        0xc c:/nxp/mcuxpressoide_11.2.1_4149/ide/plugins/com.nxp.mcuxpresso.tools.win32_11.2.0.202008311134/tools/bin/../lib/gcc/arm-none-eabi/9.2.1/../../../../arm-none-eabi/lib/thumb/v7-m/nofp\libc_nano.a(lib_a-mlock.o)
                0x00018150                __malloc_lock
 .text.__malloc_unlock
                0x0001815c        0xc c:/nxp/mcuxpressoide_11.2.1_4149/ide/plugins/com.nxp.mcuxpresso.tools.win32_11.2.0.202008311134/tools/bin/../lib/gcc/arm-none-eabi/9.2.1/../../../../arm-none-eabi/lib/thumb/v7-m/nofp\libc_nano.a(lib_a-mlock.o)
                0x0001815c                __malloc_unlock
 .text._realloc_r
                0x00018168       0x4c c:/nxp/mcuxpressoide_11.2.1_4149/ide/plugins/com.nxp.mcuxpresso.tools.win32_11.2.0.202008311134/tools/bin/../lib/gcc/arm-none-eabi/9.2.1/../../../../arm-none-eabi/lib/thumb/v7-m/nofp\libc_nano.a(lib_a-nano-reallocr.o)
                0x00018168                _realloc_r
 .text.__ascii_wctomb
                0x000181b4       0x1a c:/nxp/mcuxpressoide_11.2.1_4149/ide/plugins/com.nxp.mcuxpresso.tools.win32_11.2.0.202008311134/tools/bin/../lib/gcc/arm-none-eabi/9.2.1/../../../../arm-none-eabi/lib/thumb/v7-m/nofp\libc_nano.a(lib_a-wctomb_r.o)
                0x000181b4                __ascii_wctomb
 .text.__retarget_lock_acquire_recursive
                0x000181ce        0x2 c:/nxp/mcuxpressoide_11.2.1_4149/ide/plugins/com.nxp.mcuxpresso.tools.win32_11.2.0.202008311134/tools/bin/../lib/gcc/arm-none-eabi/9.2.1/../../../../arm-none-eabi/lib/thumb/v7-m/nofp\libc_nano.a(lib_a-lock.o)
                0x000181ce                __retarget_lock_acquire_recursive
 .text.__retarget_lock_release_recursive
                0x000181d0        0x2 c:/nxp/mcuxpressoide_11.2.1_4149/ide/plugins/com.nxp.mcuxpresso.tools.win32_11.2.0.202008311134/tools/bin/../lib/gcc/arm-none-eabi/9.2.1/../../../../arm-none-eabi/lib/thumb/v7-m/nofp\libc_nano.a(lib_a-lock.o)
                0x000181d0                __retarget_lock_release_recursive
 .text._malloc_usable_size_r
                0x000181d2       0x10 c:/nxp/mcuxpressoide_11.2.1_4149/ide/plugins/com.nxp.mcuxpresso.tools.win32_11.2.0.202008311134/tools/bin/../lib/gcc/arm-none-eabi/9.2.1/../../../../arm-none-eabi/lib/thumb/v7-m/nofp\libc_nano.a(lib_a-nano-msizer.o)
                0x000181d2                _malloc_usable_size_r
 *fill*         0x000181e2        0x2 ff
 .text.sqrtf    0x000181e4       0xa4 c:/nxp/mcuxpressoide_11.2.1_4149/ide/plugins/com.nxp.mcuxpresso.tools.win32_11.2.0.202008311134/tools/bin/../lib/gcc/arm-none-eabi/9.2.1/../../../../arm-none-eabi/lib/thumb/v7-m/nofp\libm.a(lib_a-wf_sqrt.o)
                0x000181e4                sqrtf
 .text.__ieee754_sqrtf
                0x00018288       0xa8 c:/nxp/mcuxpressoide_11.2.1_4149/ide/plugins/com.nxp.mcuxpresso.tools.win32_11.2.0.202008311134/tools/bin/../lib/gcc/arm-none-eabi/9.2.1/../../../../arm-none-eabi/lib/thumb/v7-m/nofp\libm.a(lib_a-ef_sqrt.o)
                0x00018288                __ieee754_sqrtf
 .text.matherr  0x00018330        0x4 c:/nxp/mcuxpressoide_11.2.1_4149/ide/plugins/com.nxp.mcuxpresso.tools.win32_11.2.0.202008311134/tools/bin/../lib/gcc/arm-none-eabi/9.2.1/../../../../arm-none-eabi/lib/thumb/v7-m/nofp\libm.a(lib_a-s_matherr.o)
                0x00018330                matherr
 .text._sbrk    0x00018334       0x3c c:/nxp/mcuxpressoide_11.2.1_4149/ide/plugins/com.nxp.mcuxpresso.tools.win32_11.2.0.202008311134/tools/bin/../lib/gcc/arm-none-eabi/9.2.1/../../../../arm-none-eabi/lib/thumb/v7-m/nofp\libcr_newlib_none.a(_cr_sbrk.o)
                0x00018334                _sbrk
 .text.__check_heap_overflow
                0x00018370       0x14 c:/nxp/mcuxpressoide_11.2.1_4149/ide/plugins/com.nxp.mcuxpresso.tools.win32_11.2.0.202008311134/tools/bin/../lib/gcc/arm-none-eabi/9.2.1/../../../../arm-none-eabi/lib/thumb/v7-m/nofp\libcr_newlib_none.a(_cr_check_heap.o)
                0x00018370                __check_heap_overflow
 .text          0x00018384      0x424 c:/nxp/mcuxpressoide_11.2.1_4149/ide/plugins/com.nxp.mcuxpresso.tools.win32_11.2.0.202008311134/tools/bin/../lib/gcc/arm-none-eabi/9.2.1/thumb/v7-m/nofp\libgcc.a(_arm_muldivdf3.o)
                0x00018384                __aeabi_dmul
                0x00018384                __muldf3
                0x000185d8                __divdf3
                0x000185d8                __aeabi_ddiv
 .text          0x000187a8      0x110 c:/nxp/mcuxpressoide_11.2.1_4149/ide/plugins/com.nxp.mcuxpresso.tools.win32_11.2.0.202008311134/tools/bin/../lib/gcc/arm-none-eabi/9.2.1/thumb/v7-m/nofp\libgcc.a(_arm_cmpdf2.o)
                0x000187a8                __gtdf2
                0x000187a8                __gedf2
                0x000187b0                __ltdf2
                0x000187b0                __ledf2
                0x000187b8                __nedf2
                0x000187b8                __eqdf2
                0x000187b8                __cmpdf2
                0x00018834                __aeabi_cdrcmple
                0x00018844                __aeabi_cdcmpeq
                0x00018844                __aeabi_cdcmple
                0x00018854                __aeabi_dcmpeq
                0x00018868                __aeabi_dcmplt
                0x0001887c                __aeabi_dcmple
                0x00018890                __aeabi_dcmpge
                0x000188a4                __aeabi_dcmpgt
 .text          0x000188b8       0x2c c:/nxp/mcuxpressoide_11.2.1_4149/ide/plugins/com.nxp.mcuxpresso.tools.win32_11.2.0.202008311134/tools/bin/../lib/gcc/arm-none-eabi/9.2.1/thumb/v7-m/nofp\libgcc.a(_arm_unorddf2.o)
                0x000188b8                __unorddf2
                0x000188b8                __aeabi_dcmpun
 .text          0x000188e4       0x50 c:/nxp/mcuxpressoide_11.2.1_4149/ide/plugins/com.nxp.mcuxpresso.tools.win32_11.2.0.202008311134/tools/bin/../lib/gcc/arm-none-eabi/9.2.1/thumb/v7-m/nofp\libgcc.a(_arm_fixdfsi.o)
                0x000188e4                __aeabi_d2iz
                0x000188e4                __fixdfsi
 .text          0x00018934       0xa0 c:/nxp/mcuxpressoide_11.2.1_4149/ide/plugins/com.nxp.mcuxpresso.tools.win32_11.2.0.202008311134/tools/bin/../lib/gcc/arm-none-eabi/9.2.1/thumb/v7-m/nofp\libgcc.a(_arm_truncdfsf2.o)
                0x00018934                __truncdfsf2
                0x00018934                __aeabi_d2f
 .text          0x000189d4       0x2c c:/nxp/mcuxpressoide_11.2.1_4149/ide/plugins/com.nxp.mcuxpresso.tools.win32_11.2.0.202008311134/tools/bin/../lib/gcc/arm-none-eabi/9.2.1/thumb/v7-m/nofp\libgcc.a(_arm_unordsf2.o)
                0x000189d4                __unordsf2
                0x000189d4                __aeabi_fcmpun
 .text.__errno  0x00018a00        0xc c:/nxp/mcuxpressoide_11.2.1_4149/ide/plugins/com.nxp.mcuxpresso.tools.win32_11.2.0.202008311134/tools/bin/../lib/gcc/arm-none-eabi/9.2.1/../../../../arm-none-eabi/lib/thumb/v7-m/nofp\libc_nano.a(lib_a-errno.o)
                0x00018a00                __errno
 *(.rodata .rodata.* .constdata .constdata.*)
 .rodata.main.str1.1
                0x00018a0c        0xf ./src/IA_2021_V0.o
 .rodata.Init_Carte_IA.str1.1
                0x00018a1b        0xd ./src/Init.o
 .rodata        0x00018a28       0x4f ./src/test.o
 .rodata.vApplicationStackOverflowHook.str1.1
                0x00018a77       0x29 ./freertos/src/FreeRTOSCommonHooks.o
 .rodata.vTaskStartScheduler.str1.1
                0x00018aa0        0x5 ./freertos/src/tasks.o
 .rodata.prvCheckForValidListAndQueue.str1.1
                0x00018aa5        0x5 ./freertos/src/timers.o
 .rodata.xTimerCreateTimerTask.str1.1
                0x00018aaa        0x8 ./freertos/src/timers.o
 .rodata._0_Deplacement_ASTAR.str1.1
                0x00018ab2       0x2f ./Strategie/Deplacement/0_Deplacements.o
 .rodata._0_Deplacement_Tourne_Avance_ASTAR.str1.1
                0x00018ae1        0xd ./Strategie/Deplacement/0_Deplacements.o
 .rodata.Astar_Find_Path.str1.1
                0x00018aee       0x36 ./Pathfinding/Astar/Astar.o
 .rodata.g_usbApi
                0x00018b24       0x20 ./Communication/USB/src/cdc_usb_main.o
 .rodata        0x00018b44       0x23 ./Communication/0_Communication.o
 .rodata        0x00018b67       0x26 ./Communication/1_Trame_Communication.o
 .rodata._2_Comm_Send_Destination_Robot.str1.1
                0x00018b8d       0x2f ./Communication/2_Echange_Datas.o
 .rodata._2_Comm_Send_PONG.str1.1
                0x00018bbc       0x5a ./Communication/2_Echange_Datas.o
 .rodata._2_Comm_Set_Robot_Position.str1.1
                0x00018c16       0x2d ./Communication/2_Echange_Datas.o
 *fill*         0x00018c43        0x1 ff
 .rodata._2_Communication_RX_Lectures_Messages.str1.4
                0x00018c44       0x2b ./Communication/2_Echange_Datas_Reception.o
 .rodata._2_Communication_RX_Init.str1.1
                0x00018c6f       0x11 ./Communication/2_Echange_Datas_Reception.o
 .rodata.MainOscPLL0conf_12
                0x00018c80       0xf0 D:\Developpement_Robot\Robotic-System\trunk\Workspaces\MultiWorkSpaces_2021\0_lpc_chip_175x_6x\Release\lib0_lpc_chip_175x_6x.a(sysinit_17xx_40xx.o)
 .rodata.MainOscPLL0conf_16
                0x00018d70       0xb0 D:\Developpement_Robot\Robotic-System\trunk\Workspaces\MultiWorkSpaces_2021\0_lpc_chip_175x_6x\Release\lib0_lpc_chip_175x_6x.a(sysinit_17xx_40xx.o)
 .rodata.RTCOscRateIn
                0x00018e20        0x4 D:\Developpement_Robot\Robotic-System\trunk\Workspaces\MultiWorkSpaces_2021\0_lpc_board_nxp_lpcxpresso_1769\Release\lib0_lpc_board_nxp_lpcxpresso_1769.a(board.o)
                0x00018e20                RTCOscRateIn
 .rodata.hw_api
                0x00018e24       0x5c D:\Developpement_Robot\Robotic-System\trunk\Workspaces\MultiWorkSpaces_2021\0_lpc_chip_175x_6x\libs\libusbd_175x_6x_lib.a(mw_usbd_rom_api.o)
                0x00018e24                hw_api
 .rodata.core_api
                0x00018e80       0x20 D:\Developpement_Robot\Robotic-System\trunk\Workspaces\MultiWorkSpaces_2021\0_lpc_chip_175x_6x\libs\libusbd_175x_6x_lib.a(mw_usbd_rom_api.o)
                0x00018e80                core_api
 .rodata.cdc_api
                0x00018ea0        0xc D:\Developpement_Robot\Robotic-System\trunk\Workspaces\MultiWorkSpaces_2021\0_lpc_chip_175x_6x\libs\libusbd_175x_6x_lib.a(mw_usbd_rom_api.o)
                0x00018ea0                cdc_api
 .rodata._printf_float.str1.1
                0x00018eac       0x10 c:/nxp/mcuxpressoide_11.2.1_4149/ide/plugins/com.nxp.mcuxpresso.tools.win32_11.2.0.202008311134/tools/bin/../lib/gcc/arm-none-eabi/9.2.1/../../../../arm-none-eabi/lib/thumb/v7-m/nofp\libc_nano.a(lib_a-nano-vfprintf_float.o)
                                 0x12 (size before relaxing)
 .rodata._printf_i.str1.1
                0x00018ebc       0x22 c:/nxp/mcuxpressoide_11.2.1_4149/ide/plugins/com.nxp.mcuxpresso.tools.win32_11.2.0.202008311134/tools/bin/../lib/gcc/arm-none-eabi/9.2.1/../../../../arm-none-eabi/lib/thumb/v7-m/nofp\libc_nano.a(lib_a-nano-vfprintf_i.o)
 .rodata._dtoa_r.str1.1
                0x00018ede        0xd c:/nxp/mcuxpressoide_11.2.1_4149/ide/plugins/com.nxp.mcuxpresso.tools.win32_11.2.0.202008311134/tools/bin/../lib/gcc/arm-none-eabi/9.2.1/../../../../arm-none-eabi/lib/thumb/v7-m/nofp\libc_nano.a(lib_a-dtoa.o)
                                  0xf (size before relaxing)
 *fill*         0x00018eeb        0x5 ff
 .rodata.__mprec_bigtens
                0x00018ef0       0x28 c:/nxp/mcuxpressoide_11.2.1_4149/ide/plugins/com.nxp.mcuxpresso.tools.win32_11.2.0.202008311134/tools/bin/../lib/gcc/arm-none-eabi/9.2.1/../../../../arm-none-eabi/lib/thumb/v7-m/nofp\libc_nano.a(lib_a-mprec.o)
                0x00018ef0                __mprec_bigtens
 .rodata.__mprec_tens
                0x00018f18       0xc8 c:/nxp/mcuxpressoide_11.2.1_4149/ide/plugins/com.nxp.mcuxpresso.tools.win32_11.2.0.202008311134/tools/bin/../lib/gcc/arm-none-eabi/9.2.1/../../../../arm-none-eabi/lib/thumb/v7-m/nofp\libc_nano.a(lib_a-mprec.o)
                0x00018f18                __mprec_tens
 .rodata.p05.6127
                0x00018fe0        0xc c:/nxp/mcuxpressoide_11.2.1_4149/ide/plugins/com.nxp.mcuxpresso.tools.win32_11.2.0.202008311134/tools/bin/../lib/gcc/arm-none-eabi/9.2.1/../../../../arm-none-eabi/lib/thumb/v7-m/nofp\libc_nano.a(lib_a-mprec.o)
 .rodata._svfprintf_r.str1.1
                0x00018fec       0x11 c:/nxp/mcuxpressoide_11.2.1_4149/ide/plugins/com.nxp.mcuxpresso.tools.win32_11.2.0.202008311134/tools/bin/../lib/gcc/arm-none-eabi/9.2.1/../../../../arm-none-eabi/lib/thumb/v7-m/nofp\libc_nano.a(lib_a-nano-svfprintf.o)
 .rodata._setlocale_r.str1.1
                0x00018ffd        0x8 c:/nxp/mcuxpressoide_11.2.1_4149/ide/plugins/com.nxp.mcuxpresso.tools.win32_11.2.0.202008311134/tools/bin/../lib/gcc/arm-none-eabi/9.2.1/../../../../arm-none-eabi/lib/thumb/v7-m/nofp\libc_nano.a(lib_a-locale.o)
                                  0x9 (size before relaxing)
 .rodata.str1.1
                0x00019005        0x2 c:/nxp/mcuxpressoide_11.2.1_4149/ide/plugins/com.nxp.mcuxpresso.tools.win32_11.2.0.202008311134/tools/bin/../lib/gcc/arm-none-eabi/9.2.1/../../../../arm-none-eabi/lib/thumb/v7-m/nofp\libc_nano.a(lib_a-locale.o)
 .rodata._ctype_
                0x00019007      0x101 c:/nxp/mcuxpressoide_11.2.1_4149/ide/plugins/com.nxp.mcuxpresso.tools.win32_11.2.0.202008311134/tools/bin/../lib/gcc/arm-none-eabi/9.2.1/../../../../arm-none-eabi/lib/thumb/v7-m/nofp\libc_nano.a(lib_a-ctype_.o)
                0x00019007                _ctype_
 .rodata.sqrtf.str1.4
                0x00019108        0x6 c:/nxp/mcuxpressoide_11.2.1_4149/ide/plugins/com.nxp.mcuxpresso.tools.win32_11.2.0.202008311134/tools/bin/../lib/gcc/arm-none-eabi/9.2.1/../../../../arm-none-eabi/lib/thumb/v7-m/nofp\libm.a(lib_a-wf_sqrt.o)
                0x00019110                . = ALIGN (0x4)
 *fill*         0x0001910e        0x2 ff

.glue_7         0x00019110        0x0
 .glue_7        0x00019110        0x0 linker stubs

.glue_7t        0x00019110        0x0
 .glue_7t       0x00019110        0x0 linker stubs

.vfp11_veneer   0x00019110        0x0
 .vfp11_veneer  0x00019110        0x0 linker stubs

.v4_bx          0x00019110        0x0
 .v4_bx         0x00019110        0x0 linker stubs

.iplt           0x00019110        0x0
 .iplt          0x00019110        0x0 ./src/IA_2021_V0.o

.rel.dyn        0x00019110        0x0
 .rel.iplt      0x00019110        0x0 ./src/IA_2021_V0.o

.ARM.extab
 *(.ARM.extab* .gnu.linkonce.armextab.*)

.ARM.exidx      0x00019110        0x0
                0x00019110                __exidx_start = .
 *(.ARM.exidx* .gnu.linkonce.armexidx.*)
                0x00019110                __exidx_end = .
                0x00019110                _etext = .

.data_RAM2      0x2007c000        0x0 load address 0x00019110
 FILL mask 0xff
                [!provide]                PROVIDE (__start_data_RAM2 = .)
                [!provide]                PROVIDE (__start_data_Ram_USB = .)
 *(.ramfunc.$RAM2)
 *(.ramfunc.$Ram_USB)
 *(.data.$RAM2)
 *(.data.$Ram_USB)
 *(.data.$RAM2.*)
 *(.data.$Ram_USB.*)
                0x2007c000                . = ALIGN (0x4)
                [!provide]                PROVIDE (__end_data_RAM2 = .)
                [!provide]                PROVIDE (__end_data_Ram_USB = .)

.data_RAM3      0x2007c800        0x0 load address 0x00019110
 FILL mask 0xff
                [!provide]                PROVIDE (__start_data_RAM3 = .)
                [!provide]                PROVIDE (__start_data_RAM3 = .)
 *(.ramfunc.$RAM3)
 *(.ramfunc.$RAM3)
 *(.data.$RAM3)
 *(.data.$RAM3)
 *(.data.$RAM3.*)
 *(.data.$RAM3.*)
                0x2007c800                . = ALIGN (0x4)
                [!provide]                PROVIDE (__end_data_RAM3 = .)
                [!provide]                PROVIDE (__end_data_RAM3 = .)

.uninit_RESERVED
                0x10000000        0x0
                0x10000000                _start_uninit_RESERVED = .
 *(.bss.$RESERVED*)
                0x10000000                . = ALIGN (0x4)
                0x10000000                _end_uninit_RESERVED = .

.data           0x10000000      0x1f0 load address 0x00019110
 FILL mask 0xff
                0x10000000                _data = .
                [!provide]                PROVIDE (__start_data_RAM = .)
                [!provide]                PROVIDE (__start_data_RamLoc32 = .)
 *(vtable)
 *(.ramfunc*)
 *(CodeQuickAccess)
 *(DataQuickAccess)
 *(RamFunction)
 *(.data*)
 .data.xHeapRegions
                0x10000000       0x10 ./src/IA_2021_V0.o
 .data.uxCriticalNesting
                0x10000010        0x4 ./freertos/src/port.o
 .data.g_pUsbApi
                0x10000014        0x4 ./Communication/USB/src/cdc_usb_main.o
                0x10000014                g_pUsbApi
 .data.OscRateIn
                0x10000018        0x4 D:\Developpement_Robot\Robotic-System\trunk\Workspaces\MultiWorkSpaces_2021\0_lpc_board_nxp_lpcxpresso_1769\Release\lib0_lpc_board_nxp_lpcxpresso_1769.a(board.o)
                0x10000018                OscRateIn
 .data._impure_ptr
                0x1000001c        0x4 c:/nxp/mcuxpressoide_11.2.1_4149/ide/plugins/com.nxp.mcuxpresso.tools.win32_11.2.0.202008311134/tools/bin/../lib/gcc/arm-none-eabi/9.2.1/../../../../arm-none-eabi/lib/thumb/v7-m/nofp\libc_nano.a(lib_a-impure.o)
                0x1000001c                _impure_ptr
 .data.impure_data
                0x10000020       0x60 c:/nxp/mcuxpressoide_11.2.1_4149/ide/plugins/com.nxp.mcuxpresso.tools.win32_11.2.0.202008311134/tools/bin/../lib/gcc/arm-none-eabi/9.2.1/../../../../arm-none-eabi/lib/thumb/v7-m/nofp\libc_nano.a(lib_a-impure.o)
 .data.__global_locale
                0x10000080      0x16c c:/nxp/mcuxpressoide_11.2.1_4149/ide/plugins/com.nxp.mcuxpresso.tools.win32_11.2.0.202008311134/tools/bin/../lib/gcc/arm-none-eabi/9.2.1/../../../../arm-none-eabi/lib/thumb/v7-m/nofp\libc_nano.a(lib_a-locale.o)
                0x10000080                __global_locale
 .data.__fdlib_version
                0x100001ec        0x1 c:/nxp/mcuxpressoide_11.2.1_4149/ide/plugins/com.nxp.mcuxpresso.tools.win32_11.2.0.202008311134/tools/bin/../lib/gcc/arm-none-eabi/9.2.1/../../../../arm-none-eabi/lib/thumb/v7-m/nofp\libm.a(lib_a-s_lib_ver.o)
                0x100001ec                __fdlib_version
                0x100001f0                . = ALIGN (0x4)
 *fill*         0x100001ed        0x3 ff
                0x100001f0                _edata = .
                [!provide]                PROVIDE (__end_data_RAM = .)
                [!provide]                PROVIDE (__end_data_RamLoc32 = .)

.igot.plt       0x100001f0        0x0 load address 0x00019300
 .igot.plt      0x100001f0        0x0 ./src/IA_2021_V0.o

.bss_RAM2       0x2007c000        0x0
                [!provide]                PROVIDE (__start_bss_RAM2 = .)
                [!provide]                PROVIDE (__start_bss_Ram_USB = .)
 *(.bss.$RAM2)
 *(.bss.$Ram_USB)
 *(.bss.$RAM2.*)
 *(.bss.$Ram_USB.*)
                0x2007c000                . = ALIGN ((. != 0x0)?0x4:0x1)
                [!provide]                PROVIDE (__end_bss_RAM2 = .)
                [!provide]                PROVIDE (__end_bss_Ram_USB = .)

.bss_RAM3       0x2007c800     0x2558
                [!provide]                PROVIDE (__start_bss_RAM3 = .)
                [!provide]                PROVIDE (__start_bss_RAM3 = .)
 *(.bss.$RAM3)
 .bss.$RAM3     0x2007c800      0x197 ./freertos/src/FreeRTOSCommonHooks.o
 *fill*         0x2007c997        0x1 
 .bss.$RAM3     0x2007c998       0x10 ./Strategie/Deplacement/0_Deplacements.o
 .bss.$RAM3     0x2007c9a8       0xc0 ./Strategie/0_Infos.o
 .bss.$RAM3     0x2007ca68      0x180 ./Communication/0_Communication.o
 .bss.$RAM3     0x2007cbe8       0xdf ./Communication/1_Trame_Communication.o
 *fill*         0x2007ccc7        0x1 
 .bss.$RAM3     0x2007ccc8       0x46 ./Communication/2_Echange_Datas.o
 *fill*         0x2007cd0e        0x2 
 .bss.$RAM3     0x2007cd10       0x46 ./Communication/2_Echange_Datas_Reception.o
 *(.bss.$RAM3)
 *(.bss.$RAM3.*)
 .bss.$RAM3.    0x2007cd56     0x2000 ./src/IA_2021_V0.o
 *(.bss.$RAM3.*)
                0x2007ed58                . = ALIGN ((. != 0x0)?0x4:0x1)
 *fill*         0x2007ed56        0x2 
                [!provide]                PROVIDE (__end_bss_RAM3 = .)
                [!provide]                PROVIDE (__end_bss_RAM3 = .)

.bss            0x100001f0     0x52fc
                0x100001f0                _bss = .
                [!provide]                PROVIDE (__start_bss_RAM = .)
                [!provide]                PROVIDE (__start_bss_RamLoc32 = .)
 *(.bss*)
 .bss.str.10212
                0x100001f0       0x46 ./src/test.o
 *fill*         0x10000236        0x2 
 .bss.pxEnd     0x10000238        0x4 ./freertos/src/heap_5.o
 .bss.xBlockAllocatedBit
                0x1000023c        0x4 ./freertos/src/heap_5.o
 .bss.xFreeBytesRemaining
                0x10000240        0x4 ./freertos/src/heap_5.o
 .bss.xMinimumEverFreeBytesRemaining
                0x10000244        0x4 ./freertos/src/heap_5.o
 .bss.xNumberOfSuccessfulAllocations
                0x10000248        0x4 ./freertos/src/heap_5.o
 .bss.xNumberOfSuccessfulFrees
                0x1000024c        0x4 ./freertos/src/heap_5.o
 .bss.xStart    0x10000250        0x8 ./freertos/src/heap_5.o
 .bss.xQueueRegistry
                0x10000258       0x50 ./freertos/src/queue.o
                0x10000258                xQueueRegistry
 .bss.pxCurrentTCB
                0x100002a8        0x4 ./freertos/src/tasks.o
                0x100002a8                pxCurrentTCB
 .bss.pxDelayedTaskList
                0x100002ac        0x4 ./freertos/src/tasks.o
 .bss.pxOverflowDelayedTaskList
                0x100002b0        0x4 ./freertos/src/tasks.o
 .bss.pxReadyTasksLists
                0x100002b4       0x64 ./freertos/src/tasks.o
 .bss.uxCurrentNumberOfTasks
                0x10000318        0x4 ./freertos/src/tasks.o
 .bss.uxDeletedTasksWaitingCleanUp
                0x1000031c        0x4 ./freertos/src/tasks.o
 .bss.uxSchedulerSuspended
                0x10000320        0x4 ./freertos/src/tasks.o
 .bss.uxTaskNumber
                0x10000324        0x4 ./freertos/src/tasks.o
 .bss.uxTopReadyPriority
                0x10000328        0x4 ./freertos/src/tasks.o
 .bss.xDelayedTaskList1
                0x1000032c       0x14 ./freertos/src/tasks.o
 .bss.xDelayedTaskList2
                0x10000340       0x14 ./freertos/src/tasks.o
 .bss.xIdleTaskHandle