sbl_iap.c:65:10:write_flash	32	static
sbl_iap.c:84:6:Write_Bloc	16	static
sbl_iap.c:108:6:find_erase_prepare_sector	24	static
sbl_iap.c:129:6:write_data	24	static
sbl_iap.c:141:6:erase_sector	24	static
sbl_iap.c:150:6:prepare_sector	24	static
sbl_iap.c:159:6:iap_entry	24	static
sbl_iap.c:168:6:boot_jump	16	static
sbl_iap.c:176:6:execute_user_code2	8	static
sbl_iap.c:186:6:execute_user_code	16	static
sbl_iap.c:209:5:user_code_present	8	static
sbl_iap.c:249:6:check_isp_entry_pin	8	static
sbl_iap.c:260:6:erase_user_flash	8	static
