i2c_17xx_40xx.c:84:20:enableClk	16	static
i2c_17xx_40xx.c:89:20:disableClk	16	static
i2c_17xx_40xx.c:95:24:getClkRate	16	static
i2c_17xx_40xx.c:105:20:startMasterXfer	16	static
i2c_17xx_40xx.c:115:20:startSlaverXfer	16	static
i2c_17xx_40xx.c:125:19:isI2CBusFree	16	static
i2c_17xx_40xx.c:131:19:getCurState	16	static
i2c_17xx_40xx.c:137:19:isMasterState	16	static
i2c_17xx_40xx.c:143:13:setSlaveAddr	24	static
i2c_17xx_40xx.c:157:12:isSlaveAddrMatching	16	static
i2c_17xx_40xx.c:164:21:lookupSlaveIndex	16	static
i2c_17xx_40xx.c:187:5:handleMasterXferState	24	static
i2c_17xx_40xx.c:256:14:getSlaveIndex	16	static
i2c_17xx_40xx.c:273:5:handleSlaveXferState	24	static
i2c_17xx_40xx.c:338:6:Chip_I2C_EventHandler	24	static
i2c_17xx_40xx.c:354:6:Chip_I2C_EventHandlerPolling	24	static
i2c_17xx_40xx.c:374:6:Chip_I2C_Init	16	static
i2c_17xx_40xx.c:383:6:Chip_I2C_DeInit	16	static
i2c_17xx_40xx.c:392:6:Chip_I2C_SetClockRate	24	static
i2c_17xx_40xx.c:402:10:Chip_I2C_GetClockRate	24	static
i2c_17xx_40xx.c:408:5:Chip_I2C_SetMasterEventHandler	24	static
i2c_17xx_40xx.c:418:20:Chip_I2C_GetMasterEventHandler	16	static
i2c_17xx_40xx.c:424:5:Chip_I2C_MasterTransfer	24	static
i2c_17xx_40xx.c:452:5:Chip_I2C_MasterSend	40	static
i2c_17xx_40xx.c:465:5:Chip_I2C_MasterCmdRead	40	static
i2c_17xx_40xx.c:478:5:Chip_I2C_MasterRead	48	static
i2c_17xx_40xx.c:489:5:Chip_I2C_IsMasterActive	16	static
i2c_17xx_40xx.c:495:6:Chip_I2C_MasterStateHandler	16	static
i2c_17xx_40xx.c:503:6:Chip_I2C_SlaveSetup	32	static
i2c_17xx_40xx.c:526:6:Chip_I2C_SlaveStateHandler	32	static
i2c_17xx_40xx.c:552:6:Chip_I2C_Disable	16	static
i2c_17xx_40xx.c:558:5:Chip_I2C_IsStateChanged	16	static
