Archive member included to satisfy reference by file (symbol)

C:\Robot\trunk\Workspaces\MultiWorkSpaces_2021\0_lpc_chip_175x_6x\Release\lib0_lpc_chip_175x_6x.a(chip_17xx_40xx.o)
                              ./src/main.o (SystemCoreClockUpdate)
C:\Robot\trunk\Workspaces\MultiWorkSpaces_2021\0_lpc_chip_175x_6x\Release\lib0_lpc_chip_175x_6x.a(clock_17xx_40xx.o)
                              C:\Robot\trunk\Workspaces\MultiWorkSpaces_2021\0_lpc_chip_175x_6x\Release\lib0_lpc_chip_175x_6x.a(chip_17xx_40xx.o) (Chip_Clock_EnablePLL)
C:\Robot\trunk\Workspaces\MultiWorkSpaces_2021\0_lpc_chip_175x_6x\Release\lib0_lpc_chip_175x_6x.a(iap.o)
                              ./src/Flash_iap.o (Chip_IAP_PreSectorForReadWrite)
C:\Robot\trunk\Workspaces\MultiWorkSpaces_2021\0_lpc_chip_175x_6x\Release\lib0_lpc_chip_175x_6x.a(stopwatch_17xx_40xx.o)
                              ./0_Communication/USB/scr/cdc_usb_main.o (StopWatch_Init)
C:\Robot\trunk\Workspaces\MultiWorkSpaces_2021\0_lpc_chip_175x_6x\Release\lib0_lpc_chip_175x_6x.a(sysinit_17xx_40xx.o)
                              ./src/main.o (Chip_SetupXtalClocking)
C:\Robot\trunk\Workspaces\MultiWorkSpaces_2021\0_lpc_chip_175x_6x\Release\lib0_lpc_chip_175x_6x.a(timer_17xx_40xx.o)
                              C:\Robot\trunk\Workspaces\MultiWorkSpaces_2021\0_lpc_chip_175x_6x\Release\lib0_lpc_chip_175x_6x.a(stopwatch_17xx_40xx.o) (Chip_TIMER_Init)
C:\Robot\trunk\Workspaces\MultiWorkSpaces_2021\0_lpc_board_nxp_lpcxpresso_1769\Release\lib0_lpc_board_nxp_lpcxpresso_1769.a(board.o)
                              ./src/main.o (Set_Clock_in)
C:\Robot\trunk\Workspaces\MultiWorkSpaces_2021\0_lpc_chip_175x_6x\libs\libusbd_175x_6x_lib.a(mw_usbd_rom_api.o)
                              ./0_Communication/USB/scr/cdc_usb_main.o (cdc_api)
C:\Robot\trunk\Workspaces\MultiWorkSpaces_2021\0_lpc_chip_175x_6x\libs\libusbd_175x_6x_lib.a(hw_usbd_ip3503.o)
                              C:\Robot\trunk\Workspaces\MultiWorkSpaces_2021\0_lpc_chip_175x_6x\libs\libusbd_175x_6x_lib.a(mw_usbd_rom_api.o) (hwUSB_GetMemSize)
C:\Robot\trunk\Workspaces\MultiWorkSpaces_2021\0_lpc_chip_175x_6x\libs\libusbd_175x_6x_lib.a(mw_usbd_cdcuser.o)
                              C:\Robot\trunk\Workspaces\MultiWorkSpaces_2021\0_lpc_chip_175x_6x\libs\libusbd_175x_6x_lib.a(mw_usbd_rom_api.o) (mwCDC_SendNotification)
C:\Robot\trunk\Workspaces\MultiWorkSpaces_2021\0_lpc_chip_175x_6x\libs\libusbd_175x_6x_lib.a(mw_usbd_core.o)
                              C:\Robot\trunk\Workspaces\MultiWorkSpaces_2021\0_lpc_chip_175x_6x\libs\libusbd_175x_6x_lib.a(mw_usbd_rom_api.o) (mwUSB_SetupStage)
C:\Robot\trunk\Workspaces\MultiWorkSpaces_2021\0_lpc_chip_175x_6x\libs\libusbd_175x_6x_lib.a(mw_usbd_dfuuser.o)
                              C:\Robot\trunk\Workspaces\MultiWorkSpaces_2021\0_lpc_chip_175x_6x\libs\libusbd_175x_6x_lib.a(mw_usbd_rom_api.o) (mwDFU_GetMemSize)
C:\Robot\trunk\Workspaces\MultiWorkSpaces_2021\0_lpc_chip_175x_6x\libs\libusbd_175x_6x_lib.a(mw_usbd_hiduser.o)
                              C:\Robot\trunk\Workspaces\MultiWorkSpaces_2021\0_lpc_chip_175x_6x\libs\libusbd_175x_6x_lib.a(mw_usbd_rom_api.o) (mwHID_GetMemSize)
C:\Robot\trunk\Workspaces\MultiWorkSpaces_2021\0_lpc_chip_175x_6x\libs\libusbd_175x_6x_lib.a(mw_usbd_mscuser.o)
                              C:\Robot\trunk\Workspaces\MultiWorkSpaces_2021\0_lpc_chip_175x_6x\libs\libusbd_175x_6x_lib.a(mw_usbd_rom_api.o) (mwMSC_GetMemSize)
c:/nxp/mcuxpressoide_11.1.1_3241/ide/plugins/com.nxp.mcuxpresso.tools.win32_11.1.0.202001081728/tools/bin/../lib/gcc/arm-none-eabi/8.3.1/../../../../arm-none-eabi/lib/thumb/v7-m/nofp\libcr_c.a(memcpy.o)
                              ./freertos/src/queue.o (memcpy)
c:/nxp/mcuxpressoide_11.1.1_3241/ide/plugins/com.nxp.mcuxpresso.tools.win32_11.1.0.202001081728/tools/bin/../lib/gcc/arm-none-eabi/8.3.1/../../../../arm-none-eabi/lib/thumb/v7-m/nofp\libcr_c.a(memset.o)
                              ./freertos/src/stream_buffer.o (memset)
c:/nxp/mcuxpressoide_11.1.1_3241/ide/plugins/com.nxp.mcuxpresso.tools.win32_11.1.0.202001081728/tools/bin/../lib/gcc/arm-none-eabi/8.3.1/../../../../arm-none-eabi/lib/thumb/v7-m/nofp\libcr_c.a(__weak__main.o)
                              ./src/cr_startup_lpc175x_6x.o (__main)
c:/nxp/mcuxpressoide_11.1.1_3241/ide/plugins/com.nxp.mcuxpresso.tools.win32_11.1.0.202001081728/tools/bin/../lib/gcc/arm-none-eabi/8.3.1/../../../../arm-none-eabi/lib/thumb/v7-m/nofp\libcr_c.a(alloc.o)
                              ./freertos/src/heap_3.o (malloc)
c:/nxp/mcuxpressoide_11.1.1_3241/ide/plugins/com.nxp.mcuxpresso.tools.win32_11.1.0.202001081728/tools/bin/../lib/gcc/arm-none-eabi/8.3.1/../../../../arm-none-eabi/lib/thumb/v7-m/nofp\libcr_c.a(printf.o)
                              ./freertos/src/tasks.o (_sprintf)
[...]
Memory Configuration

Name             Origin             Length             Attributes
MFlash512        0x00000000         0x00080000         xr
RamLoc32         0x10000000         0x00008000         xrw
RamAHB32         0x2007c000         0x00008000         xrw
*default*        0x00000000         0xffffffff

Linker script and memory map

LOAD ./src/Bootloader.o
LOAD ./src/Flash_iap.o
LOAD ./src/cr_startup_lpc175x_6x.o
LOAD ./src/crp.o
LOAD ./src/main.o
LOAD ./src/sysinit.o
LOAD ./freertos/src/FreeRTOSCommonHooks.o
LOAD ./freertos/src/croutine.o
LOAD ./freertos/src/event_groups.o
LOAD ./freertos/src/heap_3.o
LOAD ./freertos/src/list.o
LOAD ./freertos/src/port.o
LOAD ./freertos/src/queue.o
LOAD ./freertos/src/stream_buffer.o
LOAD ./freertos/src/tasks.o
LOAD ./freertos/src/timers.o
LOAD ./0_Communication/USB/scr/cdc_desc.o
LOAD ./0_Communication/USB/scr/cdc_usb_main.o
LOAD ./0_Communication/USB/scr/cdc_vcom.o
LOAD C:\Robot\trunk\Workspaces\MultiWorkSpaces_2021\0_lpc_chip_175x_6x\Release\lib0_lpc_chip_175x_6x.a
LOAD C:\Robot\trunk\Workspaces\MultiWorkSpaces_2021\0_lpc_board_nxp_lpcxpresso_1769\Release\lib0_lpc_board_nxp_lpcxpresso_1769.a
LOAD C:\Robot\trunk\Workspaces\MultiWorkSpaces_2021\0_lpc_chip_175x_6x\libs\libusbd_175x_6x_lib.a
START GROUP
LOAD c:/nxp/mcuxpressoide_11.1.1_3241/ide/plugins/com.nxp.mcuxpresso.tools.win32_11.1.0.202001081728/tools/bin/../lib/gcc/arm-none-eabi/8.3.1/../../../../arm-none-eabi/lib/thumb/v7-m/nofp\libcr_c.a
LOAD c:/nxp/mcuxpressoide_11.1.1_3241/ide/plugins/com.nxp.mcuxpresso.tools.win32_11.1.0.202001081728/tools/bin/../lib/gcc/arm-none-eabi/8.3.1/thumb/v7-m/nofp\libcr_eabihelpers.a
LOAD c:/nxp/mcuxpressoide_11.1.1_3241/ide/plugins/com.nxp.mcuxpresso.tools.win32_11.1.0.202001081728/tools/bin/../lib/gcc/arm-none-eabi/8.3.1/thumb/v7-m/nofp\libgcc.a
END GROUP
                0x00000000                __base_MFlash512 = 0x0
                0x00000000                __base_Flash = 0x0
                0x00080000                __top_MFlash512 = 0x80000
                0x00080000                __top_Flash = 0x80000
                0x10000000                __base_RamLoc32 = 0x10000000
                0x10000000                __base_RAM = 0x10000000
                0x10008000                __top_RamLoc32 = 0x10008000
                0x10008000                __top_RAM = 0x10008000
                0x2007c000                __base_RamAHB32 = 0x2007c000
                0x2007c000                __base_RAM2 = 0x2007c000
                0x20084000                __top_RamAHB32 = 0x20084000
                0x20084000                __top_RAM2 = 0x20084000

.text           0x00000000     0x3284
 FILL mask 0xff
                0x00000000                __vectors_start__ = ABSOLUTE (.)
 *(.isr_vector)
 .isr_vector    0x00000000       0xcc ./src/cr_startup_lpc175x_6x.o
                0x00000000                g_pfnVectors
                0x000000cc                . = ALIGN (0x4)
                0x000000cc                __section_table_start = .
                0x000000cc                __data_section_table = .
                0x000000cc        0x4 LONG 0x3284 LOADADDR (.data)
                0x000000d0        0x4 LONG 0x10000000 ADDR (.data)
                0x000000d4        0x4 LONG 0x58 SIZEOF (.data)
                0x000000d8        0x4 LONG 0x3284 LOADADDR (.data_RAM2)
                0x000000dc        0x4 LONG 0x2007c000 ADDR (.data_RAM2)
                0x000000e0        0x4 LONG 0x0 SIZEOF (.data_RAM2)
                0x000000e4                __data_section_table_end = .
                0x000000e4                __bss_section_table = .
                0x000000e4        0x4 LONG 0x10000058 ADDR (.bss)
                0x000000e8        0x4 LONG 0x178 SIZEOF (.bss)
                0x000000ec        0x4 LONG 0x2007c000 ADDR (.bss_RAM2)
                0x000000f0        0x4 LONG 0x0 SIZEOF (.bss_RAM2)
                0x000000f4                __bss_section_table_end = .
                0x000000f4                __section_table_end = .
 *(.after_vectors*)
 .after_vectors
                0x000000f4      0x12c ./src/cr_startup_lpc175x_6x.o
                0x000000f4                data_init
                0x00000136                bss_init
                0x0000016c                ResetISR
                0x000001e4                NMI_Handler
                0x000001ea                HardFault_Handler
                0x000001f0                MemManage_Handler
                0x000001f6                BusFault_Handler
                0x000001fc                UsageFault_Handler
                0x00000202                SVC_Handler
                0x00000208                DebugMon_Handler
                0x0000020e                PendSV_Handler
                0x00000214                SysTick_Handler
                0x0000021a                EINT3_IRQHandler
                0x0000021a                CANActivity_IRQHandler
                0x0000021a                TIMER3_IRQHandler
                0x0000021a                UART0_IRQHandler
                0x0000021a                UART1_IRQHandler
                0x0000021a                EINT2_IRQHandler
                0x0000021a                USBActivity_IRQHandler
                0x0000021a                IntDefaultHandler
                0x0000021a                PLL0_IRQHandler
                0x0000021a                I2C0_IRQHandler
                0x0000021a                I2C1_IRQHandler
                0x0000021a                SSP0_IRQHandler
                0x0000021a                I2S_IRQHandler
                0x0000021a                I2C2_IRQHandler
                0x0000021a                RTC_IRQHandler
                0x0000021a                TIMER0_IRQHandler
                0x0000021a                SPI_IRQHandler
                0x0000021a                RIT_IRQHandler
                0x0000021a                EINT1_IRQHandler
                0x0000021a                TIMER1_IRQHandler
                0x0000021a                UART2_IRQHandler
                0x0000021a                ADC_IRQHandler
                0x0000021a                SSP1_IRQHandler
                0x0000021a                BOD_IRQHandler
                0x0000021a                PLL1_IRQHandler
                0x0000021a                WDT_IRQHandler
                0x0000021a                PWM1_IRQHandler
                0x0000021a                QEI_IRQHandler
                0x0000021a                EINT0_IRQHandler
                0x0000021a                ETH_IRQHandler
                0x0000021a                CAN_IRQHandler
                0x0000021a                DMA_IRQHandler
                0x0000021a                TIMER2_IRQHandler
                0x0000021a                UART3_IRQHandler
                0x0000021a                MCPWM_IRQHandler
                0x000002fc                . = 0x2fc
 *fill*         0x00000220       0xdc ff
                0x000002fc                PROVIDE (__CRP_WORD_START__ = .)
 *(.crp)
 .crp           0x000002fc        0x4 ./src/crp.o
                0x000002fc                CRP_WORD
                0x00000300                PROVIDE (__CRP_WORD_END__ = .)
                0x00000001                ASSERT (! ((__CRP_WORD_START__ == __CRP_WORD_END__)), Linker CRP Enabled, but no CRP_WORD provided within application)
 *(.text*)
 .text.vcom_connected
                0x00000300       0x1c ./src/main.o
 .text.prvSetupHardware
                0x0000031c       0x34 ./src/main.o
 .text.vLEDTask1
                0x00000350       0x26 ./src/main.o
 *fill*         0x00000376        0x2 ff
 .text.vLEDTask2
                0x00000378       0x44 ./src/main.o
 .text.vUARTTask
                0x000003bc       0x1c ./src/main.o
 .text.main     0x000003d8       0x6c ./src/main.o
                0x000003d8                main
 .text.SystemInit
                0x00000444       0x24 ./src/sysinit.o
                0x00000444                SystemInit
 .text.vApplicationStackOverflowHook
                0x00000468       0x1e ./freertos/src/FreeRTOSCommonHooks.o
                0x00000468                vApplicationStackOverflowHook
 .text.vApplicationTickHook
                0x00000486        0xc ./freertos/src/FreeRTOSCommonHooks.o
                0x00000486                vApplicationTickHook
 .text.pvPortMalloc
                0x00000492       0x22 ./freertos/src/heap_3.o
                0x00000492                pvPortMalloc
 .text.vPortFree
                0x000004b4       0x24 ./freertos/src/heap_3.o
                0x000004b4                vPortFree
 .text.vListInitialise
                0x000004d8       0x3e ./freertos/src/list.o
                0x000004d8                vListInitialise
 .text.vListInitialiseItem
                0x00000516       0x18 ./freertos/src/list.o
                0x00000516                vListInitialiseItem
 .text.vListInsertEnd
                0x0000052e       0x46 ./freertos/src/list.o
                0x0000052e                vListInsertEnd
 .text.vListInsert
                0x00000574       0x70 ./freertos/src/list.o
                0x00000574                vListInsert
 .text.uxListRemove
                0x000005e4       0x52 ./freertos/src/list.o
                0x000005e4                uxListRemove
 *fill*         0x00000636        0x2 ff
 .text.pxPortInitialiseStack
                0x00000638       0x58 ./freertos/src/port.o
                0x00000638                pxPortInitialiseStack
 .text.prvTaskExitError
                0x00000690       0x2e ./freertos/src/port.o
 *fill*         0x000006be        0x2 ff
 .text.vPortSVCHandler
                0x000006c0       0x28 ./freertos/src/port.o
                0x000006c0                vPortSVCHandler
 .text.prvPortStartFirstTask
                0x000006e8       0x20 ./freertos/src/port.o
 .text.xPortStartScheduler
                0x00000708       0x40 ./freertos/src/port.o
                0x00000708                xPortStartScheduler
 .text.vPortEnterCritical
                0x00000748       0x30 ./freertos/src/port.o
                0x00000748                vPortEnterCritical
 .text.vPortExitCritical
                0x00000778       0x30 ./freertos/src/port.o
                0x00000778                vPortExitCritical
 *fill*         0x000007a8        0x8 ff
 .text.xPortPendSVHandler
                0x000007b0       0x48 ./freertos/src/port.o
                0x000007b0                xPortPendSVHandler
 .text.xPortSysTickHandler
                0x000007f8       0x40 ./freertos/src/port.o
                0x000007f8                xPortSysTickHandler
 .text.vPortSetupTimerInterrupt
                0x00000838       0x34 ./freertos/src/port.o
                0x00000838                vPortSetupTimerInterrupt
 .text.xTaskCreate
                0x0000086c       0x82 ./freertos/src/tasks.o
                0x0000086c                xTaskCreate
 .text.prvInitialiseNewTask
                0x000008ee       0xfe ./freertos/src/tasks.o
 .text.prvAddNewTaskToReadyList
                0x000009ec       0xdc ./freertos/src/tasks.o
 .text.vTaskDelay
                0x00000ac8       0x48 ./freertos/src/tasks.o
                0x00000ac8                vTaskDelay
 .text.vTaskStartScheduler
                0x00000b10       0x6c ./freertos/src/tasks.o
                0x00000b10                vTaskStartScheduler
 .text.vTaskSuspendAll
                0x00000b7c       0x1c ./freertos/src/tasks.o
                0x00000b7c                vTaskSuspendAll
 .text.xTaskResumeAll
                0x00000b98      0x11c ./freertos/src/tasks.o
                0x00000b98                xTaskResumeAll
 .text.xTaskIncrementTick
                0x00000cb4      0x160 ./freertos/src/tasks.o
                0x00000cb4                xTaskIncrementTick
 .text.vTaskSwitchContext
                0x00000e14       0xd8 ./freertos/src/tasks.o
                0x00000e14                vTaskSwitchContext
 .text.prvIdleTask
                0x00000eec        0xe ./freertos/src/tasks.o
 *fill*         0x00000efa        0x2 ff
 .text.prvInitialiseTaskLists
                0x00000efc       0x80 ./freertos/src/tasks.o
 .text.prvCheckTasksWaitingTermination
                0x00000f7c       0x58 ./freertos/src/tasks.o
 .text.prvDeleteTCB
                0x00000fd4       0x20 ./freertos/src/tasks.o
 .text.prvResetNextTaskUnblockTime
                0x00000ff4       0x40 ./freertos/src/tasks.o
 .text.prvAddCurrentTaskToDelayedList
                0x00001034       0xcc ./freertos/src/tasks.o
 .text.NVIC_EnableIRQ
                0x00001100       0x30 ./0_Communication/USB/scr/cdc_usb_main.o
 .text.Chip_GPIO_SetPinState
                0x00001130       0x64 ./0_Communication/USB/scr/cdc_usb_main.o
 .text.Chip_GPIO_WritePortBit
                0x00001194       0x2c ./0_Communication/USB/scr/cdc_usb_main.o
 .text.Chip_GPIO_SetPinDIROutput
                0x000011c0       0x36 ./0_Communication/USB/scr/cdc_usb_main.o
 .text.Chip_GPIO_SetPinDIRInput
                0x000011f6       0x3a ./0_Communication/USB/scr/cdc_usb_main.o
 .text.Chip_GPIO_SetPinDIR
                0x00001230       0x42 ./0_Communication/USB/scr/cdc_usb_main.o
 .text.Chip_GPIO_WriteDirBit
                0x00001272       0x2e ./0_Communication/USB/scr/cdc_usb_main.o
 .text.usb_pin_clk_init
                0x000012a0       0x48 ./0_Communication/USB/scr/cdc_usb_main.o
 .text.USB_IRQHandler
                0x000012e8       0x20 ./0_Communication/USB/scr/cdc_usb_main.o
                0x000012e8                USB_IRQHandler
 .text.find_IntfDesc
                0x00001308       0x5c ./0_Communication/USB/scr/cdc_usb_main.o
                0x00001308                find_IntfDesc
 .text.usb_main
                0x00001364       0xb8 ./0_Communication/USB/scr/cdc_usb_main.o
                0x00001364                usb_main
 .text.NVIC_EnableIRQ
                0x0000141c       0x30 ./0_Communication/USB/scr/cdc_vcom.o
 .text.NVIC_DisableIRQ
                0x0000144c       0x34 ./0_Communication/USB/scr/cdc_vcom.o
 .text.VCOM_bulk_in_hdlr
                0x00001480       0x32 ./0_Communication/USB/scr/cdc_vcom.o
 *fill*         0x000014b2        0x2 ff
 .text.VCOM_bulk_out_hdlr
                0x000014b4       0xec ./0_Communication/USB/scr/cdc_vcom.o
 .text.VCOM_SetLineCode
                0x000015a0       0x28 ./0_Communication/USB/scr/cdc_vcom.o
 .text.vcom_init
                0x000015c8       0xec ./0_Communication/USB/scr/cdc_vcom.o
                0x000015c8                vcom_init
 .text.vcom_bread
                0x000016b4       0x8c ./0_Communication/USB/scr/cdc_vcom.o
                0x000016b4                vcom_bread
 .text.vcom_write
                0x00001740       0x74 ./0_Communication/USB/scr/cdc_vcom.o
                0x00001740                vcom_write
 .text.SystemCoreClockUpdate
                0x000017b4       0x10 C:\Robot\trunk\Workspaces\MultiWorkSpaces_2021\0_lpc_chip_175x_6x\Release\lib0_lpc_chip_175x_6x.a(chip_17xx_40xx.o)
                0x000017b4                SystemCoreClockUpdate
 .text.Chip_USB_Init
                0x000017c4       0x40 C:\Robot\trunk\Workspaces\MultiWorkSpaces_2021\0_lpc_chip_175x_6x\Release\lib0_lpc_chip_175x_6x.a(chip_17xx_40xx.o)
                0x000017c4                Chip_USB_Init
 .text.Chip_Clock_EnablePLL
                0x00001804       0x24 C:\Robot\trunk\Workspaces\MultiWorkSpaces_2021\0_lpc_chip_175x_6x\Release\lib0_lpc_chip_175x_6x.a(clock_17xx_40xx.o)
                0x00001804                Chip_Clock_EnablePLL
 .text.Chip_Clock_DisablePLL
                0x00001828       0x26 C:\Robot\trunk\Workspaces\MultiWorkSpaces_2021\0_lpc_chip_175x_6x\Release\lib0_lpc_chip_175x_6x.a(clock_17xx_40xx.o)
                0x00001828                Chip_Clock_DisablePLL
 .text.Chip_Clock_SetupPLL
                0x0000184e       0x30 C:\Robot\trunk\Workspaces\MultiWorkSpaces_2021\0_lpc_chip_175x_6x\Release\lib0_lpc_chip_175x_6x.a(clock_17xx_40xx.o)
                0x0000184e                Chip_Clock_SetupPLL
 *fill*         0x0000187e        0x2 ff
 .text.Chip_Clock_EnablePeriphClock
                0x00001880       0x18 C:\Robot\trunk\Workspaces\MultiWorkSpaces_2021\0_lpc_chip_175x_6x\Release\lib0_lpc_chip_175x_6x.a(clock_17xx_40xx.o)
                0x00001880                Chip_Clock_EnablePeriphClock
 .text.Chip_Clock_GetCPUClockSource
                0x00001898       0x10 C:\Robot\trunk\Workspaces\MultiWorkSpaces_2021\0_lpc_chip_175x_6x\Release\lib0_lpc_chip_175x_6x.a(clock_17xx_40xx.o)
                0x00001898                Chip_Clock_GetCPUClockSource
 .text.Chip_Clock_SetCPUClockDiv
                0x000018a8        0xc C:\Robot\trunk\Workspaces\MultiWorkSpaces_2021\0_lpc_chip_175x_6x\Release\lib0_lpc_chip_175x_6x.a(clock_17xx_40xx.o)
                0x000018a8                Chip_Clock_SetCPUClockDiv
 .text.Chip_Clock_GetCPUClockDiv
                0x000018b4       0x10 C:\Robot\trunk\Workspaces\MultiWorkSpaces_2021\0_lpc_chip_175x_6x\Release\lib0_lpc_chip_175x_6x.a(clock_17xx_40xx.o)
                0x000018b4                Chip_Clock_GetCPUClockDiv
 .text.Chip_Clock_GetSYSCLKRate
                0x000018c4       0x38 C:\Robot\trunk\Workspaces\MultiWorkSpaces_2021\0_lpc_chip_175x_6x\Release\lib0_lpc_chip_175x_6x.a(clock_17xx_40xx.o)
                0x000018c4                Chip_Clock_GetSYSCLKRate
 .text.Chip_Clock_GetMainPLLOutClockRate
                0x000018fc       0x34 C:\Robot\trunk\Workspaces\MultiWorkSpaces_2021\0_lpc_chip_175x_6x\Release\lib0_lpc_chip_175x_6x.a(clock_17xx_40xx.o)
                0x000018fc                Chip_Clock_GetMainPLLOutClockRate
 .text.Chip_Clock_GetMainClockRate
                0x00001930       0x20 C:\Robot\trunk\Workspaces\MultiWorkSpaces_2021\0_lpc_chip_175x_6x\Release\lib0_lpc_chip_175x_6x.a(clock_17xx_40xx.o)
                0x00001930                Chip_Clock_GetMainClockRate
 .text.Chip_Clock_GetSystemClockRate
                0x00001950       0x12 C:\Robot\trunk\Workspaces\MultiWorkSpaces_2021\0_lpc_chip_175x_6x\Release\lib0_lpc_chip_175x_6x.a(clock_17xx_40xx.o)
                0x00001950                Chip_Clock_GetSystemClockRate
 *fill*         0x00001962        0x2 ff
 .text.StopWatch_Init
                0x00001964       0x4c C:\Robot\trunk\Workspaces\MultiWorkSpaces_2021\0_lpc_chip_175x_6x\Release\lib0_lpc_chip_175x_6x.a(stopwatch_17xx_40xx.o)
                0x00001964                StopWatch_Init
 .text.Chip_SetupIrcClocking
                0x000019b0       0x64 C:\Robot\trunk\Workspaces\MultiWorkSpaces_2021\0_lpc_chip_175x_6x\Release\lib0_lpc_chip_175x_6x.a(sysinit_17xx_40xx.o)
                0x000019b0                Chip_SetupIrcClocking
 .text.Chip_SetupXtalClocking
                0x00001a14       0xdc C:\Robot\trunk\Workspaces\MultiWorkSpaces_2021\0_lpc_chip_175x_6x\Release\lib0_lpc_chip_175x_6x.a(sysinit_17xx_40xx.o)
                0x00001a14                Chip_SetupXtalClocking
 .text.Chip_SystemInit
                0x00001af0        0x4 C:\Robot\trunk\Workspaces\MultiWorkSpaces_2021\0_lpc_chip_175x_6x\Release\lib0_lpc_chip_175x_6x.a(sysinit_17xx_40xx.o)
                0x00001af0                Chip_SystemInit
 .text.Chip_TIMER_Init
                0x00001af4       0x2c C:\Robot\trunk\Workspaces\MultiWorkSpaces_2021\0_lpc_chip_175x_6x\Release\lib0_lpc_chip_175x_6x.a(timer_17xx_40xx.o)
                0x00001af4                Chip_TIMER_Init
 .text.Board_LED_Set.part.2
                0x00001b20       0x1c C:\Robot\trunk\Workspaces\MultiWorkSpaces_2021\0_lpc_board_nxp_lpcxpresso_1769\Release\lib0_lpc_board_nxp_lpcxpresso_1769.a(board.o)
 .text.Set_Clock_in
                0x00001b3c        0xc C:\Robot\trunk\Workspaces\MultiWorkSpaces_2021\0_lpc_board_nxp_lpcxpresso_1769\Release\lib0_lpc_board_nxp_lpcxpresso_1769.a(board.o)
                0x00001b3c                Set_Clock_in
 .text.Board_LED_Set
                0x00001b48        0xa C:\Robot\trunk\Workspaces\MultiWorkSpaces_2021\0_lpc_board_nxp_lpcxpresso_1769\Release\lib0_lpc_board_nxp_lpcxpresso_1769.a(board.o)
                0x00001b48                Board_LED_Set
 .text.Board_Init
                0x00001b52       0x12 C:\Robot\trunk\Workspaces\MultiWorkSpaces_2021\0_lpc_board_nxp_lpcxpresso_1769\Release\lib0_lpc_board_nxp_lpcxpresso_1769.a(board.o)
                0x00001b52                Board_Init
 .text.Board_USBD_Init
                0x00001b64       0x50 C:\Robot\trunk\Workspaces\MultiWorkSpaces_2021\0_lpc_board_nxp_lpcxpresso_1769\Release\lib0_lpc_board_nxp_lpcxpresso_1769.a(board.o)
                0x00001b64                Board_USBD_Init
 .text.EPAdr    0x00001bb4       0x10 C:\Robot\trunk\Workspaces\MultiWorkSpaces_2021\0_lpc_chip_175x_6x\libs\libusbd_175x_6x_lib.a(hw_usbd_ip3503.o)
                0x00001bb4                EPAdr
 .text.hwWrCmd  0x00001bc4       0x10 C:\Robot\trunk\Workspaces\MultiWorkSpaces_2021\0_lpc_chip_175x_6x\libs\libusbd_175x_6x_lib.a(hw_usbd_ip3503.o)
                0x00001bc4                hwWrCmd
 .text.hwWrCmdDat
                0x00001bd4       0x16 C:\Robot\trunk\Workspaces\MultiWorkSpaces_2021\0_lpc_chip_175x_6x\libs\libusbd_175x_6x_lib.a(hw_usbd_ip3503.o)
                0x00001bd4                hwWrCmdDat
 .text.hwWrCmdEP
                0x00001bea       0x24 C:\Robot\trunk\Workspaces\MultiWorkSpaces_2021\0_lpc_chip_175x_6x\libs\libusbd_175x_6x_lib.a(hw_usbd_ip3503.o)
                0x00001bea                hwWrCmdEP
 .text.hwRdCmdDat
                0x00001c0e       0x12 C:\Robot\trunk\Workspaces\MultiWorkSpaces_2021\0_lpc_chip_175x_6x\libs\libusbd_175x_6x_lib.a(hw_usbd_ip3503.o)
                0x00001c0e                hwRdCmdDat
 .text.hwUSB_GetMemSize
                0x00001c20        0x6 C:\Robot\trunk\Workspaces\MultiWorkSpaces_2021\0_lpc_chip_175x_6x\libs\libusbd_175x_6x_lib.a(hw_usbd_ip3503.o)
                0x00001c20                hwUSB_GetMemSize
 *fill*         0x00001c26        0x2 ff
 .text.hwUSB_Connect
                0x00001c28       0x1c C:\Robot\trunk\Workspaces\MultiWorkSpaces_2021\0_lpc_chip_175x_6x\libs\libusbd_175x_6x_lib.a(hw_usbd_ip3503.o)
                0x00001c28                hwUSB_Connect
 .text.hwUSB_Reset
                0x00001c44       0x30 C:\Robot\trunk\Workspaces\MultiWorkSpaces_2021\0_lpc_chip_175x_6x\libs\libusbd_175x_6x_lib.a(hw_usbd_ip3503.o)
                0x00001c44                hwUSB_Reset
 .text.hwUSB_WakeUp
                0x00001c74       0x20 C:\Robot\trunk\Workspaces\MultiWorkSpaces_2021\0_lpc_chip_175x_6x\libs\libusbd_175x_6x_lib.a(hw_usbd_ip3503.o)
                0x00001c74                hwUSB_WakeUp
 .text.hwUSB_WakeUpCfg
                0x00001c94        0x2 C:\Robot\trunk\Workspaces\MultiWorkSpaces_2021\0_lpc_chip_175x_6x\libs\libusbd_175x_6x_lib.a(hw_usbd_ip3503.o)
                0x00001c94                hwUSB_WakeUpCfg
 *fill*         0x00001c96        0x2 ff
 .text.hwUSB_SetAddress
                0x00001c98       0x30 C:\Robot\trunk\Workspaces\MultiWorkSpaces_2021\0_lpc_chip_175x_6x\libs\libusbd_175x_6x_lib.a(hw_usbd_ip3503.o)
                0x00001c98                hwUSB_SetAddress
 .text.hwUSB_Init
                0x00001cc8       0x84 C:\Robot\trunk\Workspaces\MultiWorkSpaces_2021\0_lpc_chip_175x_6x\libs\libusbd_175x_6x_lib.a(hw_usbd_ip3503.o)
                0x00001cc8                hwUSB_Init
 .text.hwUSB_Configure
                0x00001d4c       0x34 C:\Robot\trunk\Workspaces\MultiWorkSpaces_2021\0_lpc_chip_175x_6x\libs\libusbd_175x_6x_lib.a(hw_usbd_ip3503.o)
                0x00001d4c                hwUSB_Configure
 .text.hwUSB_ConfigEP
                0x00001d80       0x32 C:\Robot\trunk\Workspaces\MultiWorkSpaces_2021\0_lpc_chip_175x_6x\libs\libusbd_175x_6x_lib.a(hw_usbd_ip3503.o)
                0x00001d80                hwUSB_ConfigEP
 .text.hwUSB_DirCtrlEP
                0x00001db2        0x2 C:\Robot\trunk\Workspaces\MultiWorkSpaces_2021\0_lpc_chip_175x_6x\libs\libusbd_175x_6x_lib.a(hw_usbd_ip3503.o)
                0x00001db2                hwUSB_DirCtrlEP
 .text.hwUSB_EnableEP
                0x00001db4       0x24 C:\Robot\trunk\Workspaces\MultiWorkSpaces_2021\0_lpc_chip_175x_6x\libs\libusbd_175x_6x_lib.a(hw_usbd_ip3503.o)
                0x00001db4                hwUSB_EnableEP
 .text.hwUSB_DisableEP
                0x00001dd8       0x28 C:\Robot\trunk\Workspaces\MultiWorkSpaces_2021\0_lpc_chip_175x_6x\libs\libusbd_175x_6x_lib.a(hw_usbd_ip3503.o)
                0x00001dd8                hwUSB_DisableEP
 .text.hwUSB_ResetEP
                0x00001e00       0x24 C:\Robot\trunk\Workspaces\MultiWorkSpaces_2021\0_lpc_chip_175x_6x\libs\libusbd_175x_6x_lib.a(hw_usbd_ip3503.o)
                0x00001e00                hwUSB_ResetEP
 .text.hwUSB_SetStallEP
                0x00001e24       0x28 C:\Robot\trunk\Workspaces\MultiWorkSpaces_2021\0_lpc_chip_175x_6x\libs\libusbd_175x_6x_lib.a(hw_usbd_ip3503.o)
                0x00001e24                hwUSB_SetStallEP
 .text.hwUSB_ClrStallEP
                0x00001e4c       0x24 C:\Robot\trunk\Workspaces\MultiWorkSpaces_2021\0_lpc_chip_175x_6x\libs\libusbd_175x_6x_lib.a(hw_usbd_ip3503.o)
                0x00001e4c                hwUSB_ClrStallEP
 .text.hwUSB_EnableEvent
                0x00001e70       0xd8 C:\Robot\trunk\Workspaces\MultiWorkSpaces_2021\0_lpc_chip_175x_6x\libs\libusbd_175x_6x_lib.a(hw_usbd_ip3503.o)
                0x00001e70                hwUSB_EnableEvent
 .text.hwUSB_ReadEP
                0x00001f48       0x80 C:\Robot\trunk\Workspaces\MultiWorkSpaces_2021\0_lpc_chip_175x_6x\libs\libusbd_175x_6x_lib.a(hw_usbd_ip3503.o)
                0x00001f48                hwUSB_ReadEP
 .text.hwUSB_ForceFullSpeed
                0x00001fc8        0x2 C:\Robot\trunk\Workspaces\MultiWorkSpaces_2021\0_lpc_chip_175x_6x\libs\libusbd_175x_6x_lib.a(hw_usbd_ip3503.o)
                0x00001fc8                hwUSB_ForceFullSpeed
 .text.hwUSB_SetTestMode
                0x00001fca        0x4 C:\Robot\trunk\Workspaces\MultiWorkSpaces_2021\0_lpc_chip_175x_6x\libs\libusbd_175x_6x_lib.a(hw_usbd_ip3503.o)
                0x00001fca                hwUSB_SetTestMode
 .text.hwUSB_ReadReqEP
                0x00001fce        0x4 C:\Robot\trunk\Workspaces\MultiWorkSpaces_2021\0_lpc_chip_175x_6x\libs\libusbd_175x_6x_lib.a(hw_usbd_ip3503.o)
                0x00001fce                hwUSB_ReadReqEP
 .text.hwUSB_ReadSetupPkt
                0x00001fd2        0x4 C:\Robot\trunk\Workspaces\MultiWorkSpaces_2021\0_lpc_chip_175x_6x\libs\libusbd_175x_6x_lib.a(hw_usbd_ip3503.o)
                0x00001fd2                hwUSB_ReadSetupPkt
 *fill*         0x00001fd6        0x2 ff
 .text.hwUSB_WriteEP
                0x00001fd8       0x44 C:\Robot\trunk\Workspaces\MultiWorkSpaces_2021\0_lpc_chip_175x_6x\libs\libusbd_175x_6x_lib.a(hw_usbd_ip3503.o)
                0x00001fd8                hwUSB_WriteEP
 .text.hwUSB_ISR
                0x0000201c      0x1a0 C:\Robot\trunk\Workspaces\MultiWorkSpaces_2021\0_lpc_chip_175x_6x\libs\libusbd_175x_6x_lib.a(hw_usbd_ip3503.o)
                0x0000201c                hwUSB_ISR
 .text.mwCDC_SetRequest
                0x000021bc       0x7c C:\Robot\trunk\Workspaces\MultiWorkSpaces_2021\0_lpc_chip_175x_6x\libs\libusbd_175x_6x_lib.a(mw_usbd_cdcuser.o)
                0x000021bc                mwCDC_SetRequest
 .text.mwCDC_ep0_hdlr
                0x00002238       0xb0 C:\Robot\trunk\Workspaces\MultiWorkSpaces_2021\0_lpc_chip_175x_6x\libs\libusbd_175x_6x_lib.a(mw_usbd_cdcuser.o)
                0x00002238                mwCDC_ep0_hdlr
 .text.mwCDC_GetRequest
                0x000022e8       0x50 C:\Robot\trunk\Workspaces\MultiWorkSpaces_2021\0_lpc_chip_175x_6x\libs\libusbd_175x_6x_lib.a(mw_usbd_cdcuser.o)
                0x000022e8                mwCDC_GetRequest
 .text.mwCDC_SendNotification
                0x00002338       0x50 C:\Robot\trunk\Workspaces\MultiWorkSpaces_2021\0_lpc_chip_175x_6x\libs\libusbd_175x_6x_lib.a(mw_usbd_cdcuser.o)
                0x00002338                mwCDC_SendNotification
 .text.mwCDC_GetMemSize
                0x00002388        0x4 C:\Robot\trunk\Workspaces\MultiWorkSpaces_2021\0_lpc_chip_175x_6x\libs\libusbd_175x_6x_lib.a(mw_usbd_cdcuser.o)
                0x00002388                mwCDC_GetMemSize
 .text.mwCDC_init
                0x0000238c      0x140 C:\Robot\trunk\Workspaces\MultiWorkSpaces_2021\0_lpc_chip_175x_6x\libs\libusbd_175x_6x_lib.a(mw_usbd_cdcuser.o)
                0x0000238c                mwCDC_init
 .text.USB_ReqGetConfiguration
                0x000024cc       0x20 C:\Robot\trunk\Workspaces\MultiWorkSpaces_2021\0_lpc_chip_175x_6x\libs\libusbd_175x_6x_lib.a(mw_usbd_core.o)
                0x000024cc                USB_ReqGetConfiguration
 .text.USBD_virt_to_phys
                0x000024ec        0x2 C:\Robot\trunk\Workspaces\MultiWorkSpaces_2021\0_lpc_chip_175x_6x\libs\libusbd_175x_6x_lib.a(mw_usbd_core.o)
                0x000024ec                USBD_virt_to_phys
 .text.USBD_cache_flush
                0x000024ee        0x2 C:\Robot\trunk\Workspaces\MultiWorkSpaces_2021\0_lpc_chip_175x_6x\libs\libusbd_175x_6x_lib.a(mw_usbd_core.o)
                0x000024ee                USBD_cache_flush
 .text.USB_ReqGetStatus
                0x000024f0       0x8c C:\Robot\trunk\Workspaces\MultiWorkSpaces_2021\0_lpc_chip_175x_6x\libs\libusbd_175x_6x_lib.a(mw_usbd_core.o)
                0x000024f0                USB_ReqGetStatus
 .text.USB_ReqGetDescriptor
                0x0000257c       0x84 C:\Robot\trunk\Workspaces\MultiWorkSpaces_2021\0_lpc_chip_175x_6x\libs\libusbd_175x_6x_lib.a(mw_usbd_core.o)
                0x0000257c                USB_ReqGetDescriptor
 .text.USB_ReqGetInterface
                0x00002600       0x34 C:\Robot\trunk\Workspaces\MultiWorkSpaces_2021\0_lpc_chip_175x_6x\libs\libusbd_175x_6x_lib.a(mw_usbd_core.o)
                0x00002600                USB_ReqGetInterface
 .text.USB_ReqSetClrFeature
                0x00002634       0xb4 C:\Robot\trunk\Workspaces\MultiWorkSpaces_2021\0_lpc_chip_175x_6x\libs\libusbd_175x_6x_lib.a(mw_usbd_core.o)
                0x00002634                USB_ReqSetClrFeature
 .text.USB_ReqSetConfiguration
                0x000026e8      0x194 C:\Robot\trunk\Workspaces\MultiWorkSpaces_2021\0_lpc_chip_175x_6x\libs\libusbd_175x_6x_lib.a(mw_usbd_core.o)
                0x000026e8                USB_ReqSetConfiguration
 .text.USB_ReqSetInterface
                0x0000287c      0x144 C:\Robot\trunk\Workspaces\MultiWorkSpaces_2021\0_lpc_chip_175x_6x\libs\libusbd_175x_6x_lib.a(mw_usbd_core.o)
                0x0000287c                USB_ReqSetInterface
 .text.mwUSB_SetupStage
                0x000029c0        0xa C:\Robot\trunk\Workspaces\MultiWorkSpaces_2021\0_lpc_chip_175x_6x\libs\libusbd_175x_6x_lib.a(mw_usbd_core.o)
                0x000029c0                mwUSB_SetupStage
 .text.mwUSB_DataInStage
                0x000029ca       0x2e C:\Robot\trunk\Workspaces\MultiWorkSpaces_2021\0_lpc_chip_175x_6x\libs\libusbd_175x_6x_lib.a(mw_usbd_core.o)
                0x000029ca                mwUSB_DataInStage
 .text.mwUSB_DataOutStage
                0x000029f8       0x24 C:\Robot\trunk\Workspaces\MultiWorkSpaces_2021\0_lpc_chip_175x_6x\libs\libusbd_175x_6x_lib.a(mw_usbd_core.o)
                0x000029f8                mwUSB_DataOutStage
 .text.mwUSB_StatusInStage
                0x00002a1c        0xa C:\Robot\trunk\Workspaces\MultiWorkSpaces_2021\0_lpc_chip_175x_6x\libs\libusbd_175x_6x_lib.a(mw_usbd_core.o)
                0x00002a1c                mwUSB_StatusInStage
 .text.mwUSB_StatusOutStage
                0x00002a26        0xa C:\Robot\trunk\Workspaces\MultiWorkSpaces_2021\0_lpc_chip_175x_6x\libs\libusbd_175x_6x_lib.a(mw_usbd_core.o)
                0x00002a26                mwUSB_StatusOutStage
 .text.mwUSB_StallEp0
                0x00002a30       0x12 C:\Robot\trunk\Workspaces\MultiWorkSpaces_2021\0_lpc_chip_175x_6x\libs\libusbd_175x_6x_lib.a(mw_usbd_core.o)
                0x00002a30                mwUSB_StallEp0
 *fill*         0x00002a42        0x2 ff
 .text.USB_ReqSetAddress
                0x00002a44       0x24 C:\Robot\trunk\Workspaces\MultiWorkSpaces_2021\0_lpc_chip_175x_6x\libs\libusbd_175x_6x_lib.a(mw_usbd_core.o)
                0x00002a44                USB_ReqSetAddress
 .text.USB_InvokeEp0Hdlrs
                0x00002a68       0x44 C:\Robot\trunk\Workspaces\MultiWorkSpaces_2021\0_lpc_chip_175x_6x\libs\libusbd_175x_6x_lib.a(mw_usbd_core.o)
                0x00002a68                USB_InvokeEp0Hdlrs
 .text.mwUSB_ResetCore
                0x00002aac       0x26 C:\Robot\trunk\Workspaces\MultiWorkSpaces_2021\0_lpc_chip_175x_6x\libs\libusbd_175x_6x_lib.a(mw_usbd_core.o)
                0x00002aac                mwUSB_ResetCore
 *fill*         0x00002ad2        0x2 ff
 .text.USB_EvtSetupHandler
                0x00002ad4      0x108 C:\Robot\trunk\Workspaces\MultiWorkSpaces_2021\0_lpc_chip_175x_6x\libs\libusbd_175x_6x_lib.a(mw_usbd_core.o)
                0x00002ad4                USB_EvtSetupHandler
 .text.USB_EvtOutHandler
                0x00002bdc       0x68 C:\Robot\trunk\Workspaces\MultiWorkSpaces_2021\0_lpc_chip_175x_6x\libs\libusbd_175x_6x_lib.a(mw_usbd_core.o)
                0x00002bdc                USB_EvtOutHandler
 .text.USB_EndPoint0
                0x00002c44       0x94 C:\Robot\trunk\Workspaces\MultiWorkSpaces_2021\0_lpc_chip_175x_6x\libs\libusbd_175x_6x_lib.a(mw_usbd_core.o)
                0x00002c44                USB_EndPoint0
 .text.mwUSB_InitCore
                0x00002cd8       0xdc C:\Robot\trunk\Workspaces\MultiWorkSpaces_2021\0_lpc_chip_175x_6x\libs\libusbd_175x_6x_lib.a(mw_usbd_core.o)
                0x00002cd8                mwUSB_InitCore
 .text.mwUSB_RegisterClassHandler
                0x00002db4       0x28 C:\Robot\trunk\Workspaces\MultiWorkSpaces_2021\0_lpc_chip_175x_6x\libs\libusbd_175x_6x_lib.a(mw_usbd_core.o)
                0x00002db4                mwUSB_RegisterClassHandler
 .text.mwUSB_RegisterEpHandler
                0x00002ddc       0x24 C:\Robot\trunk\Workspaces\MultiWorkSpaces_2021\0_lpc_chip_175x_6x\libs\libusbd_175x_6x_lib.a(mw_usbd_core.o)
                0x00002ddc                mwUSB_RegisterEpHandler
 .text.memcpy   0x00002e00        0x4 c:/nxp/mcuxpressoide_11.1.1_3241/ide/plugins/com.nxp.mcuxpresso.tools.win32_11.1.0.202001081728/tools/bin/../lib/gcc/arm-none-eabi/8.3.1/../../../../arm-none-eabi/lib/thumb/v7-m/nofp\libcr_c.a(memcpy.o)
                0x00002e00                memcpy
 .text.memset   0x00002e04        0x4 c:/nxp/mcuxpressoide_11.1.1_3241/ide/plugins/com.nxp.mcuxpresso.tools.win32_11.1.0.202001081728/tools/bin/../lib/gcc/arm-none-eabi/8.3.1/../../../../arm-none-eabi/lib/thumb/v7-m/nofp\libcr_c.a(memset.o)
                0x00002e04                memset
 .text.__weak_main
                0x00002e08        0x4 c:/nxp/mcuxpressoide_11.1.1_3241/ide/plugins/com.nxp.mcuxpresso.tools.win32_11.1.0.202001081728/tools/bin/../lib/gcc/arm-none-eabi/8.3.1/../../../../arm-none-eabi/lib/thumb/v7-m/nofp\libcr_c.a(__weak__main.o)
                0x00002e08                __weak_main
                0x00002e08                __main
 .text.malloc   0x00002e0c       0xc8 c:/nxp/mcuxpressoide_11.1.1_3241/ide/plugins/com.nxp.mcuxpresso.tools.win32_11.1.0.202001081728/tools/bin/../lib/gcc/arm-none-eabi/8.3.1/../../../../arm-none-eabi/lib/thumb/v7-m/nofp\libcr_c.a(alloc.o)
                0x00002e0c                malloc
 .text.free     0x00002ed4       0x30 c:/nxp/mcuxpressoide_11.1.1_3241/ide/plugins/com.nxp.mcuxpresso.tools.win32_11.1.0.202001081728/tools/bin/../lib/gcc/arm-none-eabi/8.3.1/../../../../arm-none-eabi/lib/thumb/v7-m/nofp\libcr_c.a(alloc.o)
                0x00002ed4                free
 .text._sbrk    0x00002f04       0x3c c:/nxp/mcuxpressoide_11.1.1_3241/ide/plugins/com.nxp.mcuxpresso.tools.win32_11.1.0.202001081728/tools/bin/../lib/gcc/arm-none-eabi/8.3.1/../../../../arm-none-eabi/lib/thumb/v7-m/nofp\libcr_c.a(_cr_sbrk.o)
                0x00002f04                _sbrk
 .text.__check_heap_overflow
                0x00002f40       0x18 c:/nxp/mcuxpressoide_11.1.1_3241/ide/plugins/com.nxp.mcuxpresso.tools.win32_11.1.0.202001081728/tools/bin/../lib/gcc/arm-none-eabi/8.3.1/../../../../arm-none-eabi/lib/thumb/v7-m/nofp\libcr_c.a(_cr_check_heap.o)
                0x00002f40                __check_heap_overflow
 .text.__aeabi_memcpy
                0x00002f58       0x34 c:/nxp/mcuxpressoide_11.1.1_3241/ide/plugins/com.nxp.mcuxpresso.tools.win32_11.1.0.202001081728/tools/bin/../lib/gcc/arm-none-eabi/8.3.1/thumb/v7-m/nofp\libcr_eabihelpers.a(memcpy.o)
                0x00002f58                __aeabi_memcpy
                0x00002f62                __aeabi_memcpy8
                0x00002f62                __aeabi_memcpy4
 .text.__aeabi_memset_lowlevel
                0x00002f8c       0x32 c:/nxp/mcuxpressoide_11.1.1_3241/ide/plugins/com.nxp.mcuxpresso.tools.win32_11.1.0.202001081728/tools/bin/../lib/gcc/arm-none-eabi/8.3.1/thumb/v7-m/nofp\libcr_eabihelpers.a(memcpy.o)
                0x00002f8c                __aeabi_lowlevel_memset
 *(.rodata .rodata.* .constdata .constdata.*)
 *fill*         0x00002fbe        0x2 ff
 .rodata.main.str1.4
                0x00002fc0       0x22 ./src/main.o
 *fill*         0x00002fe2        0x2 ff
 .rodata.vTaskStartScheduler.str1.4
                0x00002fe4        0x8 ./freertos/src/tasks.o
                                  0x5 (size before relaxing)
 .rodata.USB_DeviceDescriptor
                0x00002fec       0x12 ./0_Communication/USB/scr/cdc_desc.o
                0x00002fec                USB_DeviceDescriptor
 *fill*         0x00002ffe        0x2 ff
 .rodata.USB_StringDescriptor
                0x00003000       0x38 ./0_Communication/USB/scr/cdc_desc.o
                0x00003000                USB_StringDescriptor
 .rodata.g_usbApi
                0x00003038       0x20 ./0_Communication/USB/scr/cdc_usb_main.o
 .rodata.MainOscPLL0conf_12
                0x00003058       0xf0 C:\Robot\trunk\Workspaces\MultiWorkSpaces_2021\0_lpc_chip_175x_6x\Release\lib0_lpc_chip_175x_6x.a(sysinit_17xx_40xx.o)
 .rodata.MainOscPLL0conf_16
                0x00003148       0xb0 C:\Robot\trunk\Workspaces\MultiWorkSpaces_2021\0_lpc_chip_175x_6x\Release\lib0_lpc_chip_175x_6x.a(sysinit_17xx_40xx.o)
 .rodata.RTCOscRateIn
                0x000031f8        0x4 C:\Robot\trunk\Workspaces\MultiWorkSpaces_2021\0_lpc_board_nxp_lpcxpresso_1769\Release\lib0_lpc_board_nxp_lpcxpresso_1769.a(board.o)
                0x000031f8                RTCOscRateIn
 .rodata.hw_api
                0x000031fc       0x5c C:\Robot\trunk\Workspaces\MultiWorkSpaces_2021\0_lpc_chip_175x_6x\libs\libusbd_175x_6x_lib.a(mw_usbd_rom_api.o)
                0x000031fc                hw_api
 .rodata.core_api
                0x00003258       0x20 C:\Robot\trunk\Workspaces\MultiWorkSpaces_2021\0_lpc_chip_175x_6x\libs\libusbd_175x_6x_lib.a(mw_usbd_rom_api.o)
                0x00003258                core_api
 .rodata.cdc_api
                0x00003278        0xc C:\Robot\trunk\Workspaces\MultiWorkSpaces_2021\0_lpc_chip_175x_6x\libs\libusbd_175x_6x_lib.a(mw_usbd_rom_api.o)
                0x00003278                cdc_api
                0x00003284                . = ALIGN (0x4)

.glue_7         0x00003284        0x0
 .glue_7        0x00003284        0x0 linker stubs

.glue_7t        0x00003284        0x0
 .glue_7t       0x00003284        0x0 linker stubs

.vfp11_veneer   0x00003284        0x0
 .vfp11_veneer  0x00003284        0x0 linker stubs

.v4_bx          0x00003284        0x0
 .v4_bx         0x00003284        0x0 linker stubs

.iplt           0x00003284        0x0
 .iplt          0x00003284        0x0 ./src/cr_startup_lpc175x_6x.o

.rel.dyn        0x00003284        0x0
 .rel.iplt      0x00003284        0x0 ./src/cr_startup_lpc175x_6x.o

.ARM.extab
 *(.ARM.extab* .gnu.linkonce.armextab.*)

.ARM.exidx      0x00003284        0x0
                0x00003284                __exidx_start = .
 *(.ARM.exidx* .gnu.linkonce.armexidx.*)
                0x00003284                __exidx_end = .
                0x00003284                _etext = .

.data_RAM2      0x2007c000        0x0 load address 0x00003284
 FILL mask 0xff
                [!provide]                PROVIDE (__start_data_RAM2 = .)
                [!provide]                PROVIDE (__start_data_RamAHB32 = .)
 *(.ramfunc.$RAM2)
 *(.ramfunc.$RamAHB32)
 *(.data.$RAM2)
 *(.data.$RamAHB32)
 *(.data.$RAM2.*)
 *(.data.$RamAHB32.*)
                0x2007c000                . = ALIGN (0x4)
                [!provide]                PROVIDE (__end_data_RAM2 = .)
                [!provide]                PROVIDE (__end_data_RamAHB32 = .)

.uninit_RESERVED
                0x10000000        0x0
                0x10000000                _start_uninit_RESERVED = .
 *(.bss.$RESERVED*)
                0x10000000                . = ALIGN (0x4)
                0x10000000                _end_uninit_RESERVED = .

.data           0x10000000       0x58 load address 0x00003284
 FILL mask 0xff
                0x10000000                _data = .
                [!provide]                PROVIDE (__start_data_RAM = .)
                [!provide]                PROVIDE (__start_data_RamLoc32 = .)
 *(vtable)
 *(.ramfunc*)
 *(CodeQuickAccess)
 *(DataQuickAccess)
 *(RamFunction)
 *(.data*)
 .data.uxCriticalNesting
                0x10000000        0x4 ./freertos/src/port.o
 .data.USB_FsConfigDescriptor
                0x10000004       0x4c ./0_Communication/USB/scr/cdc_desc.o
                0x10000004                USB_FsConfigDescriptor
 .data.g_pUsbApi
                0x10000050        0x4 ./0_Communication/USB/scr/cdc_usb_main.o
                0x10000050                g_pUsbApi
 .data.OscRateIn
                0x10000054        0x4 C:\Robot\trunk\Workspaces\MultiWorkSpaces_2021\0_lpc_board_nxp_lpcxpresso_1769\Release\lib0_lpc_board_nxp_lpcxpresso_1769.a(board.o)
                0x10000054                OscRateIn
                0x10000058                . = ALIGN (0x4)
                0x10000058                _edata = .
                [!provide]                PROVIDE (__end_data_RAM = .)
                [!provide]                PROVIDE (__end_data_RamLoc32 = .)

.igot.plt       0x10000058        0x0 load address 0x000032dc
 .igot.plt      0x10000058        0x0 ./src/cr_startup_lpc175x_6x.o

.bss_RAM2       0x2007c000        0x0
                [!provide]                PROVIDE (__start_bss_RAM2 = .)
                [!provide]                PROVIDE (__start_bss_RamAHB32 = .)
 *(.bss.$RAM2)
 *(.bss.$RamAHB32)
 *(.bss.$RAM2.*)
 *(.bss.$RamAHB32.*)
                0x2007c000                . = ALIGN ((. != 0x0)?0x4:0x1)
                [!provide]                PROVIDE (__end_bss_RAM2 = .)
                [!provide]                PROVIDE (__end_bss_RamAHB32 = .)

.bss            0x10000058      0x178
                0x10000058                _bss = .
                [!provide]                PROVIDE (__start_bss_RAM = .)
                [!provide]                PROVIDE (__start_bss_RamLoc32 = .)
 *(.bss*)
 .bss.g_rxBuff  0x10000058       0x40 ./src/main.o
 .bss.pxCurrentTCB
                0x10000098        0x4 ./freertos/src/tasks.o
                0x10000098                pxCurrentTCB
 .bss.pxReadyTasksLists
                0x1000009c       0x64 ./freertos/src/tasks.o
 .bss.xDelayedTaskList1
                0x10000100       0x14 ./freertos/src/tasks.o
 .bss.xDelayedTaskList2
                0x10000114       0x14 ./freertos/src/tasks.o
 .bss.pxDelayedTaskList
                0x10000128        0x4 ./freertos/src/tasks.o
 .bss.pxOverflowDelayedTaskList
                0x1000012c        0x4 ./freertos/src/tasks.o
 .bss.xPendingReadyList
                0x10000130       0x14 ./freertos/src/tasks.o
 .bss.xTasksWaitingTermination
                0x10000144       0x14 ./freertos/src/tasks.o
 .bss.uxDeletedTasksWaitingCleanUp
                0x10000158        0x4 ./freertos/src/tasks.o
 .bss.xSuspendedTaskList
                0x1000015c       0x14 ./freertos/src/tasks.o
 .bss.uxCurrentNumberOfTasks
                0x10000170        0x4 ./freertos/src/tasks.o
 .bss.xTickCount
                0x10000174        0x4 ./freertos/src/tasks.o
 .bss.uxTopReadyPriority
                0x10000178        0x4 ./freertos/src/tasks.o
 .bss.xSchedulerRunning
                0x1000017c        0x4 ./freertos/src/tasks.o
 .bss.xPendedTicks
                0x10000180        0x4 ./freertos/src/tasks.o
 .bss.xYieldPending
                0x10000184        0x4 ./freertos/src/tasks.o
 .bss.xNumOfOverflows
                0x10000188        0x4 ./freertos/src/tasks.o
 .bss.uxTaskNumber
                0x1000018c        0x4 ./freertos/src/tasks.o
 .bss.xNextTaskUnblockTime
                0x10000190        0x4 ./freertos/src/tasks.o
 .bss.xIdleTaskHandle
                0x10000194        0x4 ./freertos/src/tasks.o
 .bss.uxSchedulerSuspended
                0x10000198        0x4 ./freertos/src/tasks.o
 .bss.g_hUsb    0x1000019c        0x4 ./0_Communication/USB/scr/cdc_usb_main.o
 .bss.g_vCOM    0x100001a0       0x14 ./0_Communication/USB/scr/cdc_vcom.o
                0x100001a0                g_vCOM
 .bss.ticksPerMs
                0x100001b4        0x4 C:\Robot\trunk\Workspaces\MultiWorkSpaces_2021\0_lpc_chip_175x_6x\Release\lib0_lpc_chip_175x_6x.a(stopwatch_17xx_40xx.o)
 .bss.ticksPerSecond
                0x100001b8        0x4 C:\Robot\trunk\Workspaces\MultiWorkSpaces_2021\0_lpc_chip_175x_6x\Release\lib0_lpc_chip_175x_6x.a(stopwatch_17xx_40xx.o)
 .bss.ticksPerUs
                0x100001bc        0x4 C:\Robot\trunk\Workspaces\MultiWorkSpaces_2021\0_lpc_chip_175x_6x\Release\lib0_lpc_chip_175x_6x.a(stopwatch_17xx_40xx.o)
 .bss.__end_of_heap
                0x100001c0        0x4 c:/nxp/mcuxpressoide_11.1.1_3241/ide/plugins/com.nxp.mcuxpresso.tools.win32_11.1.0.202001081728/tools/bin/../lib/gcc/arm-none-eabi/8.3.1/../../../../arm-none-eabi/lib/thumb/v7-m/nofp\libcr_c.a(__init_alloc.o)
                0x100001c0                __end_of_heap
 .bss.__heaps   0x100001c4        0x4 c:/nxp/mcuxpressoide_11.1.1_3241/ide/plugins/com.nxp.mcuxpresso.tools.win32_11.1.0.202001081728/tools/bin/../lib/gcc/arm-none-eabi/8.3.1/../../../../arm-none-eabi/lib/thumb/v7-m/nofp\libcr_c.a(__init_alloc.o)
                0x100001c4                __heaps
 .bss.errno     0x100001c8        0x4 c:/nxp/mcuxpressoide_11.1.1_3241/ide/plugins/com.nxp.mcuxpresso.tools.win32_11.1.0.202001081728/tools/bin/../lib/gcc/arm-none-eabi/8.3.1/../../../../arm-none-eabi/lib/thumb/v7-m/nofp\libcr_c.a(errno.o)
                0x100001c8                errno
 *(COMMON)
 COMMON         0x100001cc        0x4 C:\Robot\trunk\Workspaces\MultiWorkSpaces_2021\0_lpc_chip_175x_6x\Release\lib0_lpc_chip_175x_6x.a(chip_17xx_40xx.o)
                0x100001cc                SystemCoreClock
                0x100001d0                . = ALIGN (0x4)
                0x100001d0                _ebss = .
                [!provide]                PROVIDE (__end_bss_RAM = .)
                [!provide]                PROVIDE (__end_bss_RamLoc32 = .)
                [!provide]                PROVIDE (end = .)

.noinit_RAM2    0x2007c000        0x0
                [!provide]                PROVIDE (__start_noinit_RAM2 = .)
                [!provide]                PROVIDE (__start_noinit_RamAHB32 = .)
 *(.noinit.$RAM2)
 *(.noinit.$RamAHB32)
 *(.noinit.$RAM2.*)
 *(.noinit.$RamAHB32.*)
                0x2007c000                . = ALIGN (0x4)
                [!provide]                PROVIDE (__end_noinit_RAM2 = .)
                [!provide]                PROVIDE (__end_noinit_RamAHB32 = .)

.noinit         0x100001d0        0x0
                0x100001d0                _noinit = .
                [!provide]                PROVIDE (__start_noinit_RAM = .)
                [!provide]                PROVIDE (__start_noinit_RamLoc32 = .)
 *(.noinit*)
                0x100001d0                . = ALIGN (0x4)
                0x100001d0                _end_noinit = .
                [!provide]                PROVIDE (__end_noinit_RAM = .)
                [!provide]                PROVIDE (__end_noinit_RamLoc32 = .)
                0x100001d0                PROVIDE (_pvHeapStart = DEFINED (__user_heap_base)?__user_heap_base:.)
                0x10008000                PROVIDE (_vStackTop = DEFINED (__user_stack_top)?__user_stack_top:(__top_RamLoc32 - 0x0))
                [!provide]                PROVIDE (__valid_user_code_checksum = (0x0 - ((((((_vStackTop + (ResetISR + 0x1)) + (NMI_Handler + 0x1)) + (HardFault_Handler + 0x1)) + (DEFINED (MemManage_Handler)?MemManage_Handler:0x0 + 0x1)) + (DEFINED (BusFault_Handler)?BusFault_Handler:0x0 + 0x1)) + (DEFINED (UsageFault_Handler)?UsageFault_Handler:0x0 + 0x1))))
                0x00000000                _image_start = LOADADDR (.text)
                0x000032dc                _image_end = (LOADADDR (.data) + SIZEOF (.data))
                0x000032dc                _image_size = (_image_end - _image_start)
OUTPUT(Bootloader.axf elf32-littlearm)

.debug_info     0x00000000    0x14b9c
 .debug_info    0x00000000      0x273 ./src/cr_startup_lpc175x_6x.o
 .debug_info    0x00000273       0x40 ./src/crp.o
 .debug_info    0x000002b3     0x1817 ./src/main.o
 .debug_info    0x00001aca      0x250 ./src/sysinit.o
 .debug_info    0x00001d1a      0x258 ./freertos/src/FreeRTOSCommonHooks.o
 .debug_info    0x00001f72      0x11e ./freertos/src/heap_3.o
 .debug_info    0x00002090      0x2f6 ./freertos/src/list.o
 .debug_info    0x00002386      0x32b ./freertos/src/port.o
 .debug_info    0x000026b1     0x1d38 ./freertos/src/tasks.o
 .debug_info    0x000043e9     0x1465 ./0_Communication/USB/scr/cdc_desc.o
 .debug_info    0x0000584e     0x1dd5 ./0_Communication/USB/scr/cdc_usb_main.o
 .debug_info    0x00007623     0x1cd1 ./0_Communication/USB/scr/cdc_vcom.o
 .debug_info    0x000092f4      0x642 C:\Robot\trunk\Workspaces\MultiWorkSpaces_2021\0_lpc_chip_175x_6x\Release\lib0_lpc_chip_175x_6x.a(chip_17xx_40xx.o)
 .debug_info    0x00009936      0xeb0 C:\Robot\trunk\Workspaces\MultiWorkSpaces_2021\0_lpc_chip_175x_6x\Release\lib0_lpc_chip_175x_6x.a(clock_17xx_40xx.o)
 .debug_info    0x0000a7e6      0x4fb C:\Robot\trunk\Workspaces\MultiWorkSpaces_2021\0_lpc_chip_175x_6x\Release\lib0_lpc_chip_175x_6x.a(stopwatch_17xx_40xx.o)
 .debug_info    0x0000ace1      0x89e C:\Robot\trunk\Workspaces\MultiWorkSpaces_2021\0_lpc_chip_175x_6x\Release\lib0_lpc_chip_175x_6x.a(sysinit_17xx_40xx.o)
 .debug_info    0x0000b57f      0x501 C:\Robot\trunk\Workspaces\MultiWorkSpaces_2021\0_lpc_chip_175x_6x\Release\lib0_lpc_chip_175x_6x.a(timer_17xx_40xx.o)
 .debug_info    0x0000ba80     0x2849 C:\Robot\trunk\Workspaces\MultiWorkSpaces_2021\0_lpc_board_nxp_lpcxpresso_1769\Release\lib0_lpc_board_nxp_lpcxpresso_1769.a(board.o)
 .debug_info    0x0000e2c9     0x14f8 C:\Robot\trunk\Workspaces\MultiWorkSpaces_2021\0_lpc_chip_175x_6x\libs\libusbd_175x_6x_lib.a(mw_usbd_rom_api.o)
 .debug_info    0x0000f7c1     0x1f77 C:\Robot\trunk\Workspaces\MultiWorkSpaces_2021\0_lpc_chip_175x_6x\libs\libusbd_175x_6x_lib.a(hw_usbd_ip3503.o)
 .debug_info    0x00011738     0x14e4 C:\Robot\trunk\Workspaces\MultiWorkSpaces_2021\0_lpc_chip_175x_6x\libs\libusbd_175x_6x_lib.a(mw_usbd_cdcuser.o)
 .debug_info    0x00012c1c     0x1f80 C:\Robot\trunk\Workspaces\MultiWorkSpaces_2021\0_lpc_chip_175x_6x\libs\libusbd_175x_6x_lib.a(mw_usbd_core.o)

.debug_abbrev   0x00000000     0x32c1
 .debug_abbrev  0x00000000      0x12a ./src/cr_startup_lpc175x_6x.o
 .debug_abbrev  0x0000012a       0x38 ./src/crp.o
 .debug_abbrev  0x00000162      0x22c ./src/main.o
 .debug_abbrev  0x0000038e       0xeb ./src/sysinit.o
 .debug_abbrev  0x00000479      0x181 ./freertos/src/FreeRTOSCommonHooks.o
 .debug_abbrev  0x000005fa       0xf2 ./freertos/src/heap_3.o
 .debug_abbrev  0x000006ec      0x12d ./freertos/src/list.o
 .debug_abbrev  0x00000819      0x22a ./freertos/src/port.o
 .debug_abbrev  0x00000a43      0x30b ./freertos/src/tasks.o
 .debug_abbrev  0x00000d4e      0x19d ./0_Communication/USB/scr/cdc_desc.o
 .debug_abbrev  0x00000eeb      0x2fe ./0_Communication/USB/scr/cdc_usb_main.o
 .debug_abbrev  0x000011e9      0x2f2 ./0_Communication/USB/scr/cdc_vcom.o
 .debug_abbrev  0x000014db      0x1e7 C:\Robot\trunk\Workspaces\MultiWorkSpaces_2021\0_lpc_chip_175x_6x\Release\lib0_lpc_chip_175x_6x.a(chip_17xx_40xx.o)
 .debug_abbrev  0x000016c2      0x426 C:\Robot\trunk\Workspaces\MultiWorkSpaces_2021\0_lpc_chip_175x_6x\Release\lib0_lpc_chip_175x_6x.a(clock_17xx_40xx.o)
 .debug_abbrev  0x00001ae8      0x23c C:\Robot\trunk\Workspaces\MultiWorkSpaces_2021\0_lpc_chip_175x_6x\Release\lib0_lpc_chip_175x_6x.a(stopwatch_17xx_40xx.o)
 .debug_abbrev  0x00001d24      0x294 C:\Robot\trunk\Workspaces\MultiWorkSpaces_2021\0_lpc_chip_175x_6x\Release\lib0_lpc_chip_175x_6x.a(sysinit_17xx_40xx.o)
 .debug_abbrev  0x00001fb8      0x1f9 C:\Robot\trunk\Workspaces\MultiWorkSpaces_2021\0_lpc_chip_175x_6x\Release\lib0_lpc_chip_175x_6x.a(timer_17xx_40xx.o)
 .debug_abbrev  0x000021b1      0x52a C:\Robot\trunk\Workspaces\MultiWorkSpaces_2021\0_lpc_board_nxp_lpcxpresso_1769\Release\lib0_lpc_board_nxp_lpcxpresso_1769.a(board.o)
 .debug_abbrev  0x000026db      0x143 C:\Robot\trunk\Workspaces\MultiWorkSpaces_2021\0_lpc_chip_175x_6x\libs\libusbd_175x_6x_lib.a(mw_usbd_rom_api.o)
 .debug_abbrev  0x0000281e      0x3b8 C:\Robot\trunk\Workspaces\MultiWorkSpaces_2021\0_lpc_chip_175x_6x\libs\libusbd_175x_6x_lib.a(hw_usbd_ip3503.o)
 .debug_abbrev  0x00002bd6      0x2f5 C:\Robot\trunk\Workspaces\MultiWorkSpaces_2021\0_lpc_chip_175x_6x\libs\libusbd_175x_6x_lib.a(mw_usbd_cdcuser.o)
 .debug_abbrev  0x00002ecb      0x3f6 C:\Robot\trunk\Workspaces\MultiWorkSpaces_2021\0_lpc_chip_175x_6x\libs\libusbd_175x_6x_lib.a(mw_usbd_core.o)

.debug_aranges  0x00000000      0x9c8
 .debug_aranges
                0x00000000       0x80 ./src/cr_startup_lpc175x_6x.o
 .debug_aranges
                0x00000080       0x18 ./src/crp.o
 .debug_aranges
                0x00000098       0x48 ./src/main.o
 .debug_aranges
                0x000000e0       0x20 ./src/sysinit.o
 .debug_aranges
                0x00000100       0x40 ./freertos/src/FreeRTOSCommonHooks.o
 .debug_aranges
                0x00000140       0x28 ./freertos/src/heap_3.o
 .debug_aranges
                0x00000168       0x40 ./freertos/src/list.o
 .debug_aranges
                0x000001a8       0x70 ./freertos/src/port.o
 .debug_aranges
                0x00000218      0x200 ./freertos/src/tasks.o
 .debug_aranges
                0x00000418       0x18 ./0_Communication/USB/scr/cdc_desc.o
 .debug_aranges
                0x00000430       0x70 ./0_Communication/USB/scr/cdc_usb_main.o
 .debug_aranges
                0x000004a0       0x68 ./0_Communication/USB/scr/cdc_vcom.o
 .debug_aranges
                0x00000508       0x28 C:\Robot\trunk\Workspaces\MultiWorkSpaces_2021\0_lpc_chip_175x_6x\Release\lib0_lpc_chip_175x_6x.a(chip_17xx_40xx.o)
 .debug_aranges
                0x00000530       0xc8 C:\Robot\trunk\Workspaces\MultiWorkSpaces_2021\0_lpc_chip_175x_6x\Release\lib0_lpc_chip_175x_6x.a(clock_17xx_40xx.o)
 .debug_aranges
                0x000005f8       0x50 C:\Robot\trunk\Workspaces\MultiWorkSpaces_2021\0_lpc_chip_175x_6x\Release\lib0_lpc_chip_175x_6x.a(stopwatch_17xx_40xx.o)
 .debug_aranges
                0x00000648       0x30 C:\Robot\trunk\Workspaces\MultiWorkSpaces_2021\0_lpc_chip_175x_6x\Release\lib0_lpc_chip_175x_6x.a(sysinit_17xx_40xx.o)
 .debug_aranges
                0x00000678       0x38 C:\Robot\trunk\Workspaces\MultiWorkSpaces_2021\0_lpc_chip_175x_6x\Release\lib0_lpc_chip_175x_6x.a(timer_17xx_40xx.o)
 .debug_aranges
                0x000006b0       0xc8 C:\Robot\trunk\Workspaces\MultiWorkSpaces_2021\0_lpc_board_nxp_lpcxpresso_1769\Release\lib0_lpc_board_nxp_lpcxpresso_1769.a(board.o)
 .debug_aranges
                0x00000778       0x18 C:\Robot\trunk\Workspaces\MultiWorkSpaces_2021\0_lpc_chip_175x_6x\libs\libusbd_175x_6x_lib.a(mw_usbd_rom_api.o)
 .debug_aranges
                0x00000790      0x118 C:\Robot\trunk\Workspaces\MultiWorkSpaces_2021\0_lpc_chip_175x_6x\libs\libusbd_175x_6x_lib.a(hw_usbd_ip3503.o)
 .debug_aranges
                0x000008a8       0x48 C:\Robot\trunk\Workspaces\MultiWorkSpaces_2021\0_lpc_chip_175x_6x\libs\libusbd_175x_6x_lib.a(mw_usbd_cdcuser.o)
 .debug_aranges
                0x000008f0       0xd8 C:\Robot\trunk\Workspaces\MultiWorkSpaces_2021\0_lpc_chip_175x_6x\libs\libusbd_175x_6x_lib.a(mw_usbd_core.o)

.debug_ranges   0x00000000      0xbb0
 .debug_ranges  0x00000000       0x70 ./src/cr_startup_lpc175x_6x.o
 .debug_ranges  0x00000070       0x38 ./src/main.o
 .debug_ranges  0x000000a8       0x10 ./src/sysinit.o
 .debug_ranges  0x000000b8       0x30 ./freertos/src/FreeRTOSCommonHooks.o
 .debug_ranges  0x000000e8       0x18 ./freertos/src/heap_3.o
 .debug_ranges  0x00000100       0x30 ./freertos/src/list.o
 .debug_ranges  0x00000130       0x60 ./freertos/src/port.o
 .debug_ranges  0x00000190      0x1f0 ./freertos/src/tasks.o
 .debug_ranges  0x00000380       0x60 ./0_Communication/USB/scr/cdc_usb_main.o
 .debug_ranges  0x000003e0       0x58 ./0_Communication/USB/scr/cdc_vcom.o
 .debug_ranges  0x00000438       0x30 C:\Robot\trunk\Workspaces\MultiWorkSpaces_2021\0_lpc_chip_175x_6x\Release\lib0_lpc_chip_175x_6x.a(chip_17xx_40xx.o)
 .debug_ranges  0x00000468      0x198 C:\Robot\trunk\Workspaces\MultiWorkSpaces_2021\0_lpc_chip_175x_6x\Release\lib0_lpc_chip_175x_6x.a(clock_17xx_40xx.o)
 .debug_ranges  0x00000600       0x40 C:\Robot\trunk\Workspaces\MultiWorkSpaces_2021\0_lpc_chip_175x_6x\Release\lib0_lpc_chip_175x_6x.a(stopwatch_17xx_40xx.o)
 .debug_ranges  0x00000640       0x90 C:\Robot\trunk\Workspaces\MultiWorkSpaces_2021\0_lpc_chip_175x_6x\Release\lib0_lpc_chip_175x_6x.a(sysinit_17xx_40xx.o)
 .debug_ranges  0x000006d0       0x58 C:\Robot\trunk\Workspaces\MultiWorkSpaces_2021\0_lpc_chip_175x_6x\Release\lib0_lpc_chip_175x_6x.a(timer_17xx_40xx.o)
 .debug_ranges  0x00000728      0x268 C:\Robot\trunk\Workspaces\MultiWorkSpaces_2021\0_lpc_board_nxp_lpcxpresso_1769\Release\lib0_lpc_board_nxp_lpcxpresso_1769.a(board.o)
 .debug_ranges  0x00000990      0x108 C:\Robot\trunk\Workspaces\MultiWorkSpaces_2021\0_lpc_chip_175x_6x\libs\libusbd_175x_6x_lib.a(hw_usbd_ip3503.o)
 .debug_ranges  0x00000a98       0x38 C:\Robot\trunk\Workspaces\MultiWorkSpaces_2021\0_lpc_chip_175x_6x\libs\libusbd_175x_6x_lib.a(mw_usbd_cdcuser.o)
 .debug_ranges  0x00000ad0       0xe0 C:\Robot\trunk\Workspaces\MultiWorkSpaces_2021\0_lpc_chip_175x_6x\libs\libusbd_175x_6x_lib.a(mw_usbd_core.o)

.debug_macro    0x00000000     0x2f0d
 .debug_macro   0x00000000       0x1d ./src/cr_startup_lpc175x_6x.o
 .debug_macro   0x0000001d       0x1a ./src/crp.o
 .debug_macro   0x00000037       0x34 ./src/crp.o
 .debug_macro   0x0000006b      0x350 ./src/main.o
 .debug_macro   0x000003bb       0x10 ./src/main.o
 .debug_macro   0x000003cb      0x164 ./src/main.o
 .debug_macro   0x0000052f      0x15a ./src/main.o
 .debug_macro   0x00000689       0xdd ./src/main.o
 .debug_macro   0x00000766       0x1c ./src/main.o
 .debug_macro   0x00000782       0x26 ./src/main.o
 .debug_macro   0x000007a8      0x4fd ./src/main.o
 .debug_macro   0x00000ca5       0xb5 ./src/main.o
 .debug_macro   0x00000d5a       0xaa ./src/main.o
 .debug_macro   0x00000e04      0x26c ./src/main.o
 .debug_macro   0x00001070       0x58 ./src/main.o
 .debug_macro   0x000010c8       0x12 ./src/main.o
 .debug_macro   0x000010da       0xfa ./src/main.o
 .debug_macro   0x000011d4       0xee ./src/main.o
 .debug_macro   0x000012c2      0x693 ./src/main.o
 .debug_macro   0x00001955      0x272 ./src/main.o
 .debug_macro   0x00001bc7       0x10 ./src/main.o
 .debug_macro   0x00001bd7       0x2e ./src/main.o
 .debug_macro   0x00001c05       0x82 ./src/main.o
 .debug_macro   0x00001c87      0x221 ./src/sysinit.o
 .debug_macro   0x00001ea8       0x6a ./src/sysinit.o
 .debug_macro   0x00001f12      0x258 ./freertos/src/FreeRTOSCommonHooks.o
 .debug_macro   0x0000216a       0x16 ./freertos/src/FreeRTOSCommonHooks.o
 .debug_macro   0x00002180      0x164 ./freertos/src/FreeRTOSCommonHooks.o
 .debug_macro   0x000022e4       0x74 ./freertos/src/FreeRTOSCommonHooks.o
 .debug_macro   0x00002358       0x11 ./freertos/src/FreeRTOSCommonHooks.o
 .debug_macro   0x00002369       0xd3 ./freertos/src/heap_3.o
 .debug_macro   0x0000243c       0xb8 ./freertos/src/list.o
 .debug_macro   0x000024f4      0x155 ./freertos/src/port.o
 .debug_macro   0x00002649      0x19b ./freertos/src/tasks.o
 .debug_macro   0x000027e4       0x10 ./freertos/src/tasks.o
 .debug_macro   0x000027f4       0xf5 ./0_Communication/USB/scr/cdc_desc.o
 .debug_macro   0x000028e9       0x58 ./0_Communication/USB/scr/cdc_desc.o
 .debug_macro   0x00002941      0x2e8 ./0_Communication/USB/scr/cdc_usb_main.o
 .debug_macro   0x00002c29      0x2e4 ./0_Communication/USB/scr/cdc_vcom.o

.debug_line     0x00000000     0x7ca0
 .debug_line    0x00000000      0x160 ./src/cr_startup_lpc175x_6x.o
 .debug_line    0x00000160       0xb1 ./src/crp.o
 .debug_line    0x00000211      0x915 ./src/main.o
 .debug_line    0x00000b26      0x519 ./src/sysinit.o
 .debug_line    0x0000103f      0x65d ./freertos/src/FreeRTOSCommonHooks.o
 .debug_line    0x0000169c      0x2dd ./freertos/src/heap_3.o
 .debug_line    0x00001979      0x3a5 ./freertos/src/list.o
 .debug_line    0x00001d1e      0x447 ./freertos/src/port.o
 .debug_line    0x00002165     0x1569 ./freertos/src/tasks.o
 .debug_line    0x000036ce      0x34a ./0_Communication/USB/scr/cdc_desc.o
 .debug_line    0x00003a18      0x86e ./0_Communication/USB/scr/cdc_usb_main.o
 .debug_line    0x00004286      0x91d ./0_Communication/USB/scr/cdc_vcom.o
 .debug_line    0x00004ba3      0x2c6 C:\Robot\trunk\Workspaces\MultiWorkSpaces_2021\0_lpc_chip_175x_6x\Release\lib0_lpc_chip_175x_6x.a(chip_17xx_40xx.o)
 .debug_line    0x00004e69      0x791 C:\Robot\trunk\Workspaces\MultiWorkSpaces_2021\0_lpc_chip_175x_6x\Release\lib0_lpc_chip_175x_6x.a(clock_17xx_40xx.o)
 .debug_line    0x000055fa      0x351 C:\Robot\trunk\Workspaces\MultiWorkSpaces_2021\0_lpc_chip_175x_6x\Release\lib0_lpc_chip_175x_6x.a(stopwatch_17xx_40xx.o)
 .debug_line    0x0000594b      0x4a0 C:\Robot\trunk\Workspaces\MultiWorkSpaces_2021\0_lpc_chip_175x_6x\Release\lib0_lpc_chip_175x_6x.a(sysinit_17xx_40xx.o)
 .debug_line    0x00005deb      0x2fd C:\Robot\trunk\Workspaces\MultiWorkSpaces_2021\0_lpc_chip_175x_6x\Release\lib0_lpc_chip_175x_6x.a(timer_17xx_40xx.o)
 .debug_line    0x000060e8      0xd00 C:\Robot\trunk\Workspaces\MultiWorkSpaces_2021\0_lpc_board_nxp_lpcxpresso_1769\Release\lib0_lpc_board_nxp_lpcxpresso_1769.a(board.o)
 .debug_line    0x00006de8      0x198 C:\Robot\trunk\Workspaces\MultiWorkSpaces_2021\0_lpc_chip_175x_6x\libs\libusbd_175x_6x_lib.a(mw_usbd_rom_api.o)
 .debug_line    0x00006f80      0x54e C:\Robot\trunk\Workspaces\MultiWorkSpaces_2021\0_lpc_chip_175x_6x\libs\libusbd_175x_6x_lib.a(hw_usbd_ip3503.o)
 .debug_line    0x000074ce      0x308 C:\Robot\trunk\Workspaces\MultiWorkSpaces_2021\0_lpc_chip_175x_6x\libs\libusbd_175x_6x_lib.a(mw_usbd_cdcuser.o)
 .debug_line    0x000077d6      0x4ca C:\Robot\trunk\Workspaces\MultiWorkSpaces_2021\0_lpc_chip_175x_6x\libs\libusbd_175x_6x_lib.a(mw_usbd_core.o)

.debug_str      0x00000000    0x2035b
 .debug_str     0x00000000     0x2fba ./src/cr_startup_lpc175x_6x.o
                               0x2fcd (size before relaxing)
 .debug_str     0x00002fba       0xe9 ./src/crp.o
                               0x2eda (size before relaxing)
 .debug_str     0x000030a3    0x17cfc ./src/main.o
                              0x1ae34 (size before relaxing)
 .debug_str     0x0001ad9f       0x1b ./src/sysinit.o
                              0x11784 (size before relaxing)
 .debug_str     0x0001adba      0x118 ./freertos/src/FreeRTOSCommonHooks.o
                              0x15348 (size before relaxing)
 .debug_str     0x0001aed2       0xfc ./freertos/src/heap_3.o
                               0x868e (size before relaxing)
 .debug_str     0x0001afce      0x121 ./freertos/src/list.o
                               0x80d5 (size before relaxing)
 .debug_str     0x0001b0ef      0x661 ./freertos/src/port.o
                               0x8c63 (size before relaxing)
 .debug_str     0x0001b750     0x1d8f ./freertos/src/tasks.o
                               0xa940 (size before relaxing)
 .debug_str     0x0001d4df       0x44 ./0_Communication/USB/scr/cdc_desc.o
                               0x961c (size before relaxing)
 .debug_str     0x0001d523      0x4ac ./0_Communication/USB/scr/cdc_usb_main.o
                              0x16da2 (size before relaxing)
 .debug_str     0x0001d9cf      0x210 ./0_Communication/USB/scr/cdc_vcom.o
                              0x16d70 (size before relaxing)
 .debug_str     0x0001dbdf      0x59b C:\Robot\trunk\Workspaces\MultiWorkSpaces_2021\0_lpc_chip_175x_6x\Release\lib0_lpc_chip_175x_6x.a(chip_17xx_40xx.o)
                                0x878 (size before relaxing)
 .debug_str     0x0001e17a      0x7ed C:\Robot\trunk\Workspaces\MultiWorkSpaces_2021\0_lpc_chip_175x_6x\Release\lib0_lpc_chip_175x_6x.a(clock_17xx_40xx.o)
                                0xe92 (size before relaxing)
 .debug_str     0x0001e967      0x14d C:\Robot\trunk\Workspaces\MultiWorkSpaces_2021\0_lpc_chip_175x_6x\Release\lib0_lpc_chip_175x_6x.a(stopwatch_17xx_40xx.o)
                                0x531 (size before relaxing)
 .debug_str     0x0001eab4      0x112 C:\Robot\trunk\Workspaces\MultiWorkSpaces_2021\0_lpc_chip_175x_6x\Release\lib0_lpc_chip_175x_6x.a(sysinit_17xx_40xx.o)
                                0x72b (size before relaxing)
 .debug_str     0x0001ebc6      0x125 C:\Robot\trunk\Workspaces\MultiWorkSpaces_2021\0_lpc_chip_175x_6x\Release\lib0_lpc_chip_175x_6x.a(timer_17xx_40xx.o)
                                0x67b (size before relaxing)
 .debug_str     0x0001eceb      0x78d C:\Robot\trunk\Workspaces\MultiWorkSpaces_2021\0_lpc_board_nxp_lpcxpresso_1769\Release\lib0_lpc_board_nxp_lpcxpresso_1769.a(board.o)
                                0xfc5 (size before relaxing)
 .debug_str     0x0001f478      0x6f7 C:\Robot\trunk\Workspaces\MultiWorkSpaces_2021\0_lpc_chip_175x_6x\libs\libusbd_175x_6x_lib.a(mw_usbd_rom_api.o)
                               0x18af (size before relaxing)
 .debug_str     0x0001fb6f      0x519 C:\Robot\trunk\Workspaces\MultiWorkSpaces_2021\0_lpc_chip_175x_6x\libs\libusbd_175x_6x_lib.a(hw_usbd_ip3503.o)
                               0x1ab2 (size before relaxing)
 .debug_str     0x00020088      0x15a C:\Robot\trunk\Workspaces\MultiWorkSpaces_2021\0_lpc_chip_175x_6x\libs\libusbd_175x_6x_lib.a(mw_usbd_cdcuser.o)
                               0x1910 (size before relaxing)
 .debug_str     0x000201e2      0x179 C:\Robot\trunk\Workspaces\MultiWorkSpaces_2021\0_lpc_chip_175x_6x\libs\libusbd_175x_6x_lib.a(mw_usbd_core.o)
                               0x19a7 (size before relaxing)

.comment        0x00000000       0xe6
 .comment       0x00000000       0x76 ./src/cr_startup_lpc175x_6x.o
                                 0x77 (size before relaxing)
 .comment       0x00000076       0x77 ./src/crp.o
 .comment       0x00000076       0x77 ./src/main.o
 .comment       0x00000076       0x77 ./src/sysinit.o
 .comment       0x00000076       0x77 ./freertos/src/FreeRTOSCommonHooks.o
 .comment       0x00000076       0x77 ./freertos/src/heap_3.o
 .comment       0x00000076       0x77 ./freertos/src/list.o
 .comment       0x00000076       0x77 ./freertos/src/port.o
 .comment       0x00000076       0x77 ./freertos/src/tasks.o
 .comment       0x00000076       0x77 ./0_Communication/USB/scr/cdc_desc.o
 .comment       0x00000076       0x77 ./0_Communication/USB/scr/cdc_usb_main.o
 .comment       0x00000076       0x77 ./0_Communication/USB/scr/cdc_vcom.o
 .comment       0x00000076       0x77 C:\Robot\trunk\Workspaces\MultiWorkSpaces_2021\0_lpc_chip_175x_6x\Release\lib0_lpc_chip_175x_6x.a(chip_17xx_40xx.o)
 .comment       0x00000076       0x77 C:\Robot\trunk\Workspaces\MultiWorkSpaces_2021\0_lpc_chip_175x_6x\Release\lib0_lpc_chip_175x_6x.a(clock_17xx_40xx.o)
 .comment       0x00000076       0x77 C:\Robot\trunk\Workspaces\MultiWorkSpaces_2021\0_lpc_chip_175x_6x\Release\lib0_lpc_chip_175x_6x.a(stopwatch_17xx_40xx.o)
 .comment       0x00000076       0x77 C:\Robot\trunk\Workspaces\MultiWorkSpaces_2021\0_lpc_chip_175x_6x\Release\lib0_lpc_chip_175x_6x.a(sysinit_17xx_40xx.o)
 .comment       0x00000076       0x77 C:\Robot\trunk\Workspaces\MultiWorkSpaces_2021\0_lpc_chip_175x_6x\Release\lib0_lpc_chip_175x_6x.a(timer_17xx_40xx.o)
 .comment       0x00000076       0x77 C:\Robot\trunk\Workspaces\MultiWorkSpaces_2021\0_lpc_board_nxp_lpcxpresso_1769\Release\lib0_lpc_board_nxp_lpcxpresso_1769.a(board.o)
 .comment       0x00000076       0x70 C:\Robot\trunk\Workspaces\MultiWorkSpaces_2021\0_lpc_chip_175x_6x\libs\libusbd_175x_6x_lib.a(mw_usbd_rom_api.o)
                                 0x71 (size before relaxing)
 .comment       0x000000e6       0x71 C:\Robot\trunk\Workspaces\MultiWorkSpaces_2021\0_lpc_chip_175x_6x\libs\libusbd_175x_6x_lib.a(hw_usbd_ip3503.o)
 .comment       0x000000e6       0x71 C:\Robot\trunk\Workspaces\MultiWorkSpaces_2021\0_lpc_chip_175x_6x\libs\libusbd_175x_6x_lib.a(mw_usbd_cdcuser.o)
 .comment       0x000000e6       0x71 C:\Robot\trunk\Workspaces\MultiWorkSpaces_2021\0_lpc_chip_175x_6x\libs\libusbd_175x_6x_lib.a(mw_usbd_core.o)
 .comment       0x000000e6       0x77 c:/nxp/mcuxpressoide_11.1.1_3241/ide/plugins/com.nxp.mcuxpresso.tools.win32_11.1.0.202001081728/tools/bin/../lib/gcc/arm-none-eabi/8.3.1/../../../../arm-none-eabi/lib/thumb/v7-m/nofp\libcr_c.a(memcpy.o)
 .comment       0x000000e6       0x77 c:/nxp/mcuxpressoide_11.1.1_3241/ide/plugins/com.nxp.mcuxpresso.tools.win32_11.1.0.202001081728/tools/bin/../lib/gcc/arm-none-eabi/8.3.1/../../../../arm-none-eabi/lib/thumb/v7-m/nofp\libcr_c.a(memset.o)
 .comment       0x000000e6       0x77 c:/nxp/mcuxpressoide_11.1.1_3241/ide/plugins/com.nxp.mcuxpresso.tools.win32_11.1.0.202001081728/tools/bin/../lib/gcc/arm-none-eabi/8.3.1/../../../../arm-none-eabi/lib/thumb/v7-m/nofp\libcr_c.a(__weak__main.o)
 .comment       0x000000e6       0x77 c:/nxp/mcuxpressoide_11.1.1_3241/ide/plugins/com.nxp.mcuxpresso.tools.win32_11.1.0.202001081728/tools/bin/../lib/gcc/arm-none-eabi/8.3.1/../../../../arm-none-eabi/lib/thumb/v7-m/nofp\libcr_c.a(alloc.o)
 .comment       0x000000e6       0x77 c:/nxp/mcuxpressoide_11.1.1_3241/ide/plugins/com.nxp.mcuxpresso.tools.win32_11.1.0.202001081728/tools/bin/../lib/gcc/arm-none-eabi/8.3.1/../../../../arm-none-eabi/lib/thumb/v7-m/nofp\libcr_c.a(__init_alloc.o)
 .comment       0x000000e6       0x77 c:/nxp/mcuxpressoide_11.1.1_3241/ide/plugins/com.nxp.mcuxpresso.tools.win32_11.1.0.202001081728/tools/bin/../lib/gcc/arm-none-eabi/8.3.1/../../../../arm-none-eabi/lib/thumb/v7-m/nofp\libcr_c.a(_cr_sbrk.o)
 .comment       0x000000e6       0x77 c:/nxp/mcuxpressoide_11.1.1_3241/ide/plugins/com.nxp.mcuxpresso.tools.win32_11.1.0.202001081728/tools/bin/../lib/gcc/arm-none-eabi/8.3.1/../../../../arm-none-eabi/lib/thumb/v7-m/nofp\libcr_c.a(errno.o)
 .comment       0x000000e6       0x77 c:/nxp/mcuxpressoide_11.1.1_3241/ide/plugins/com.nxp.mcuxpresso.tools.win32_11.1.0.202001081728/tools/bin/../lib/gcc/arm-none-eabi/8.3.1/../../../../arm-none-eabi/lib/thumb/v7-m/nofp\libcr_c.a(_cr_check_heap.o)

.ARM.attributes
                0x00000000       0x2b
 .ARM.attributes
                0x00000000       0x2d ./src/cr_startup_lpc175x_6x.o
 .ARM.attributes
                0x0000002d       0x33 ./src/crp.o
 .ARM.attributes
                0x00000060       0x2d ./src/main.o
 .ARM.attributes
                0x0000008d       0x2d ./src/sysinit.o
 .ARM.attributes
                0x000000ba       0x2d ./freertos/src/FreeRTOSCommonHooks.o
 .ARM.attributes
                0x000000e7       0x2d ./freertos/src/heap_3.o
 .ARM.attributes
                0x00000114       0x2d ./freertos/src/list.o
 .ARM.attributes
                0x00000141       0x2d ./freertos/src/port.o
 .ARM.attributes
                0x0000016e       0x2d ./freertos/src/tasks.o
 .ARM.attributes
                0x0000019b       0x33 ./0_Communication/USB/scr/cdc_desc.o
 .ARM.attributes
                0x000001ce       0x2d ./0_Communication/USB/scr/cdc_usb_main.o
 .ARM.attributes
                0x000001fb       0x2d ./0_Communication/USB/scr/cdc_vcom.o
 .ARM.attributes
                0x00000228       0x2d C:\Robot\trunk\Workspaces\MultiWorkSpaces_2021\0_lpc_chip_175x_6x\Release\lib0_lpc_chip_175x_6x.a(chip_17xx_40xx.o)
 .ARM.attributes
                0x00000255       0x2d C:\Robot\trunk\Workspaces\MultiWorkSpaces_2021\0_lpc_chip_175x_6x\Release\lib0_lpc_chip_175x_6x.a(clock_17xx_40xx.o)
 .ARM.attributes
                0x00000282       0x2d C:\Robot\trunk\Workspaces\MultiWorkSpaces_2021\0_lpc_chip_175x_6x\Release\lib0_lpc_chip_175x_6x.a(stopwatch_17xx_40xx.o)
 .ARM.attributes
                0x000002af       0x2d C:\Robot\trunk\Workspaces\MultiWorkSpaces_2021\0_lpc_chip_175x_6x\Release\lib0_lpc_chip_175x_6x.a(sysinit_17xx_40xx.o)
 .ARM.attributes
                0x000002dc       0x2d C:\Robot\trunk\Workspaces\MultiWorkSpaces_2021\0_lpc_chip_175x_6x\Release\lib0_lpc_chip_175x_6x.a(timer_17xx_40xx.o)
 .ARM.attributes
                0x00000309       0x2d C:\Robot\trunk\Workspaces\MultiWorkSpaces_2021\0_lpc_board_nxp_lpcxpresso_1769\Release\lib0_lpc_board_nxp_lpcxpresso_1769.a(board.o)
 .ARM.attributes
                0x00000336       0x33 C:\Robot\trunk\Workspaces\MultiWorkSpaces_2021\0_lpc_chip_175x_6x\libs\libusbd_175x_6x_lib.a(mw_usbd_rom_api.o)
 .ARM.attributes
                0x00000369       0x33 C:\Robot\trunk\Workspaces\MultiWorkSpaces_2021\0_lpc_chip_175x_6x\libs\libusbd_175x_6x_lib.a(hw_usbd_ip3503.o)
 .ARM.attributes
                0x0000039c       0x33 C:\Robot\trunk\Workspaces\MultiWorkSpaces_2021\0_lpc_chip_175x_6x\libs\libusbd_175x_6x_lib.a(mw_usbd_cdcuser.o)
 .ARM.attributes
                0x000003cf       0x33 C:\Robot\trunk\Workspaces\MultiWorkSpaces_2021\0_lpc_chip_175x_6x\libs\libusbd_175x_6x_lib.a(mw_usbd_core.o)
 .ARM.attributes
                0x00000402       0x2d c:/nxp/mcuxpressoide_11.1.1_3241/ide/plugins/com.nxp.mcuxpresso.tools.win32_11.1.0.202001081728/tools/bin/../lib/gcc/arm-none-eabi/8.3.1/../../../../arm-none-eabi/lib/thumb/v7-m/nofp\libcr_c.a(memcpy.o)
 .ARM.attributes
                0x0000042f       0x2d c:/nxp/mcuxpressoide_11.1.1_3241/ide/plugins/com.nxp.mcuxpresso.tools.win32_11.1.0.202001081728/tools/bin/../lib/gcc/arm-none-eabi/8.3.1/../../../../arm-none-eabi/lib/thumb/v7-m/nofp\libcr_c.a(memset.o)
 .ARM.attributes
                0x0000045c       0x2d c:/nxp/mcuxpressoide_11.1.1_3241/ide/plugins/com.nxp.mcuxpresso.tools.win32_11.1.0.202001081728/tools/bin/../lib/gcc/arm-none-eabi/8.3.1/../../../../arm-none-eabi/lib/thumb/v7-m/nofp\libcr_c.a(__weak__main.o)
 .ARM.attributes
                0x00000489       0x2d c:/nxp/mcuxpressoide_11.1.1_3241/ide/plugins/com.nxp.mcuxpresso.tools.win32_11.1.0.202001081728/tools/bin/../lib/gcc/arm-none-eabi/8.3.1/../../../../arm-none-eabi/lib/thumb/v7-m/nofp\libcr_c.a(alloc.o)
 .ARM.attributes
                0x000004b6       0x2d c:/nxp/mcuxpressoide_11.1.1_3241/ide/plugins/com.nxp.mcuxpresso.tools.win32_11.1.0.202001081728/tools/bin/../lib/gcc/arm-none-eabi/8.3.1/../../../../arm-none-eabi/lib/thumb/v7-m/nofp\libcr_c.a(__init_alloc.o)
 .ARM.attributes
                0x000004e3       0x2d c:/nxp/mcuxpressoide_11.1.1_3241/ide/plugins/com.nxp.mcuxpresso.tools.win32_11.1.0.202001081728/tools/bin/../lib/gcc/arm-none-eabi/8.3.1/../../../../arm-none-eabi/lib/thumb/v7-m/nofp\libcr_c.a(_cr_sbrk.o)
 .ARM.attributes
                0x00000510       0x33 c:/nxp/mcuxpressoide_11.1.1_3241/ide/plugins/com.nxp.mcuxpresso.tools.win32_11.1.0.202001081728/tools/bin/../lib/gcc/arm-none-eabi/8.3.1/../../../../arm-none-eabi/lib/thumb/v7-m/nofp\libcr_c.a(errno.o)
 .ARM.attributes
                0x00000543       0x2d c:/nxp/mcuxpressoide_11.1.1_3241/ide/plugins/com.nxp.mcuxpresso.tools.win32_11.1.0.202001081728/tools/bin/../lib/gcc/arm-none-eabi/8.3.1/../../../../arm-none-eabi/lib/thumb/v7-m/nofp\libcr_c.a(_cr_check_heap.o)
 .ARM.attributes
                0x00000570       0x1b c:/nxp/mcuxpressoide_11.1.1_3241/ide/plugins/com.nxp.mcuxpresso.tools.win32_11.1.0.202001081728/tools/bin/../lib/gcc/arm-none-eabi/8.3.1/thumb/v7-m/nofp\libcr_eabihelpers.a(memcpy.o)

.debug_frame    0x00000000     0x1c80
 .debug_frame   0x00000000      0x170 ./src/cr_startup_lpc175x_6x.o
 .debug_frame   0x00000170       0xd0 ./src/main.o
 .debug_frame   0x00000240       0x34 ./src/sysinit.o
 .debug_frame   0x00000274       0xac ./freertos/src/FreeRTOSCommonHooks.o
 .debug_frame   0x00000320       0x58 ./freertos/src/heap_3.o
 .debug_frame   0x00000378       0xd8 ./freertos/src/list.o
 .debug_frame   0x00000450      0x160 ./freertos/src/port.o
 .debug_frame   0x000005b0      0x8c4 ./freertos/src/tasks.o
 .debug_frame   0x00000e74      0x1a0 ./0_Communication/USB/scr/cdc_usb_main.o
 .debug_frame   0x00001014      0x19c ./0_Communication/USB/scr/cdc_vcom.o
 .debug_frame   0x000011b0       0x44 C:\Robot\trunk\Workspaces\MultiWorkSpaces_2021\0_lpc_chip_175x_6x\Release\lib0_lpc_chip_175x_6x.a(chip_17xx_40xx.o)
 .debug_frame   0x000011f4      0x1b4 C:\Robot\trunk\Workspaces\MultiWorkSpaces_2021\0_lpc_chip_175x_6x\Release\lib0_lpc_chip_175x_6x.a(clock_17xx_40xx.o)
 .debug_frame   0x000013a8       0x88 C:\Robot\trunk\Workspaces\MultiWorkSpaces_2021\0_lpc_chip_175x_6x\Release\lib0_lpc_chip_175x_6x.a(stopwatch_17xx_40xx.o)
 .debug_frame   0x00001430       0x70 C:\Robot\trunk\Workspaces\MultiWorkSpaces_2021\0_lpc_chip_175x_6x\Release\lib0_lpc_chip_175x_6x.a(sysinit_17xx_40xx.o)
 .debug_frame   0x000014a0       0x60 C:\Robot\trunk\Workspaces\MultiWorkSpaces_2021\0_lpc_chip_175x_6x\Release\lib0_lpc_chip_175x_6x.a(timer_17xx_40xx.o)
 .debug_frame   0x00001500      0x1d4 C:\Robot\trunk\Workspaces\MultiWorkSpaces_2021\0_lpc_board_nxp_lpcxpresso_1769\Release\lib0_lpc_board_nxp_lpcxpresso_1769.a(board.o)
 .debug_frame   0x000016d4      0x2cc C:\Robot\trunk\Workspaces\MultiWorkSpaces_2021\0_lpc_chip_175x_6x\libs\libusbd_175x_6x_lib.a(hw_usbd_ip3503.o)
 .debug_frame   0x000019a0       0xac C:\Robot\trunk\Workspaces\MultiWorkSpaces_2021\0_lpc_chip_175x_6x\libs\libusbd_175x_6x_lib.a(mw_usbd_cdcuser.o)
 .debug_frame   0x00001a4c      0x234 C:\Robot\trunk\Workspaces\MultiWorkSpaces_2021\0_lpc_chip_175x_6x\libs\libusbd_175x_6x_lib.a(mw_usbd_core.o)

.debug_loc      0x00000000     0x4ea6
 .debug_loc     0x00000000      0x688 C:\Robot\trunk\Workspaces\MultiWorkSpaces_2021\0_lpc_chip_175x_6x\Release\lib0_lpc_chip_175x_6x.a(clock_17xx_40xx.o)
 .debug_loc     0x00000688       0xf8 C:\Robot\trunk\Workspaces\MultiWorkSpaces_2021\0_lpc_chip_175x_6x\Release\lib0_lpc_chip_175x_6x.a(stopwatch_17xx_40xx.o)
 .debug_loc     0x00000780      0x110 C:\Robot\trunk\Workspaces\MultiWorkSpaces_2021\0_lpc_chip_175x_6x\Release\lib0_lpc_chip_175x_6x.a(sysinit_17xx_40xx.o)
 .debug_loc     0x00000890      0x245 C:\Robot\trunk\Workspaces\MultiWorkSpaces_2021\0_lpc_chip_175x_6x\Release\lib0_lpc_chip_175x_6x.a(timer_17xx_40xx.o)
 .debug_loc     0x00000ad5     0x1b00 C:\Robot\trunk\Workspaces\MultiWorkSpaces_2021\0_lpc_board_nxp_lpcxpresso_1769\Release\lib0_lpc_board_nxp_lpcxpresso_1769.a(board.o)
 .debug_loc     0x000025d5      0xf0b C:\Robot\trunk\Workspaces\MultiWorkSpaces_2021\0_lpc_chip_175x_6x\libs\libusbd_175x_6x_lib.a(hw_usbd_ip3503.o)
 .debug_loc     0x000034e0      0xb98 C:\Robot\trunk\Workspaces\MultiWorkSpaces_2021\0_lpc_chip_175x_6x\libs\libusbd_175x_6x_lib.a(mw_usbd_cdcuser.o)
 .debug_loc     0x00004078      0xe2e C:\Robot\trunk\Workspaces\MultiWorkSpaces_2021\0_lpc_chip_175x_6x\libs\libusbd_175x_6x_lib.a(mw_usbd_core.o)

Cross Reference Table

Symbol                                            File
ADC_IRQHandler                                    ./src/cr_startup_lpc175x_6x.o
BOD_IRQHandler                                    ./src/cr_startup_lpc175x_6x.o
Board_Audio_Init                                  C:\Robot\trunk\Workspaces\MultiWorkSpaces_2021\0_lpc_board_nxp_lpcxpresso_1769\Release\lib0_lpc_board_nxp_lpcxpresso_1769.a(board.o)
Board_Buttons_Init                                C:\Robot\trunk\Workspaces\MultiWorkSpaces_2021\0_lpc_board_nxp_lpcxpresso_1769\Release\lib0_lpc_board_nxp_lpcxpresso_1769.a(board.o)
Board_Debug_Init                                  C:\Robot\trunk\Workspaces\MultiWorkSpaces_2021\0_lpc_board_nxp_lpcxpresso_1769\Release\lib0_lpc_board_nxp_lpcxpresso_1769.a(board.o)
Board_ENET_GetMacADDR                             C:\Robot\trunk\Workspaces\MultiWorkSpaces_2021\0_lpc_board_nxp_lpcxpresso_1769\Release\lib0_lpc_board_nxp_lpcxpresso_1769.a(board.o)
Board_I2C_Init                                    C:\Robot\trunk\Workspaces\MultiWorkSpaces_2021\0_lpc_board_nxp_lpcxpresso_1769\Release\lib0_lpc_board_nxp_lpcxpresso_1769.a(board.o)
Board_Init                                        C:\Robot\trunk\Workspaces\MultiWorkSpaces_2021\0_lpc_board_nxp_lpcxpresso_1769\Release\lib0_lpc_board_nxp_lpcxpresso_1769.a(board.o)
                                                  ./src/main.o
Board_Joystick_Init                               C:\Robot\trunk\Workspaces\MultiWorkSpaces_2021\0_lpc_board_nxp_lpcxpresso_1769\Release\lib0_lpc_board_nxp_lpcxpresso_1769.a(board.o)
Board_LED_Set                                     C:\Robot\trunk\Workspaces\MultiWorkSpaces_2021\0_lpc_board_nxp_lpcxpresso_1769\Release\lib0_lpc_board_nxp_lpcxpresso_1769.a(board.o)
                                                  ./src/main.o
Board_LED_Test                                    C:\Robot\trunk\Workspaces\MultiWorkSpaces_2021\0_lpc_board_nxp_lpcxpresso_1769\Release\lib0_lpc_board_nxp_lpcxpresso_1769.a(board.o)
Board_LED_Toggle                                  C:\Robot\trunk\Workspaces\MultiWorkSpaces_2021\0_lpc_board_nxp_lpcxpresso_1769\Release\lib0_lpc_board_nxp_lpcxpresso_1769.a(board.o)
Board_SPI_AssertSSEL                              C:\Robot\trunk\Workspaces\MultiWorkSpaces_2021\0_lpc_board_nxp_lpcxpresso_1769\Release\lib0_lpc_board_nxp_lpcxpresso_1769.a(board.o)
Board_SPI_DeassertSSEL                            C:\Robot\trunk\Workspaces\MultiWorkSpaces_2021\0_lpc_board_nxp_lpcxpresso_1769\Release\lib0_lpc_board_nxp_lpcxpresso_1769.a(board.o)
Board_SPI_Init                                    C:\Robot\trunk\Workspaces\MultiWorkSpaces_2021\0_lpc_board_nxp_lpcxpresso_1769\Release\lib0_lpc_board_nxp_lpcxpresso_1769.a(board.o)
Board_SSP_Init                                    C:\Robot\trunk\Workspaces\MultiWorkSpaces_2021\0_lpc_board_nxp_lpcxpresso_1769\Release\lib0_lpc_board_nxp_lpcxpresso_1769.a(board.o)
Board_UARTGetChar                                 C:\Robot\trunk\Workspaces\MultiWorkSpaces_2021\0_lpc_board_nxp_lpcxpresso_1769\Release\lib0_lpc_board_nxp_lpcxpresso_1769.a(board.o)
Board_UARTPutChar                                 C:\Robot\trunk\Workspaces\MultiWorkSpaces_2021\0_lpc_board_nxp_lpcxpresso_1769\Release\lib0_lpc_board_nxp_lpcxpresso_1769.a(board.o)
Board_UARTPutSTR                                  C:\Robot\trunk\Workspaces\MultiWorkSpaces_2021\0_lpc_board_nxp_lpcxpresso_1769\Release\lib0_lpc_board_nxp_lpcxpresso_1769.a(board.o)
Board_UART_Init                                   C:\Robot\trunk\Workspaces\MultiWorkSpaces_2021\0_lpc_board_nxp_lpcxpresso_1769\Release\lib0_lpc_board_nxp_lpcxpresso_1769.a(board.o)
Board_USBD_Init                                   C:\Robot\trunk\Workspaces\MultiWorkSpaces_2021\0_lpc_board_nxp_lpcxpresso_1769\Release\lib0_lpc_board_nxp_lpcxpresso_1769.a(board.o)
                                                  ./0_Communication/USB/scr/cdc_usb_main.o
BusFault_Handler                                  ./src/cr_startup_lpc175x_6x.o
Buttons_GetStatus                                 C:\Robot\trunk\Workspaces\MultiWorkSpaces_2021\0_lpc_board_nxp_lpcxpresso_1769\Release\lib0_lpc_board_nxp_lpcxpresso_1769.a(board.o)
CANActivity_IRQHandler                            ./src/cr_startup_lpc175x_6x.o
CAN_IRQHandler                                    ./src/cr_startup_lpc175x_6x.o
CRP_WORD                                          ./src/crp.o
Chip_Clock_DisablePLL                             C:\Robot\trunk\Workspaces\MultiWorkSpaces_2021\0_lpc_chip_175x_6x\Release\lib0_lpc_chip_175x_6x.a(clock_17xx_40xx.o)
                                                  C:\Robot\trunk\Workspaces\MultiWorkSpaces_2021\0_lpc_chip_175x_6x\Release\lib0_lpc_chip_175x_6x.a(sysinit_17xx_40xx.o)
Chip_Clock_DisablePeriphClock                     C:\Robot\trunk\Workspaces\MultiWorkSpaces_2021\0_lpc_chip_175x_6x\Release\lib0_lpc_chip_175x_6x.a(clock_17xx_40xx.o)
                                                  C:\Robot\trunk\Workspaces\MultiWorkSpaces_2021\0_lpc_chip_175x_6x\Release\lib0_lpc_chip_175x_6x.a(timer_17xx_40xx.o)
Chip_Clock_EnablePLL                              C:\Robot\trunk\Workspaces\MultiWorkSpaces_2021\0_lpc_chip_175x_6x\Release\lib0_lpc_chip_175x_6x.a(clock_17xx_40xx.o)
                                                  C:\Robot\trunk\Workspaces\MultiWorkSpaces_2021\0_lpc_chip_175x_6x\Release\lib0_lpc_chip_175x_6x.a(sysinit_17xx_40xx.o)
                                                  C:\Robot\trunk\Workspaces\MultiWorkSpaces_2021\0_lpc_chip_175x_6x\Release\lib0_lpc_chip_175x_6x.a(chip_17xx_40xx.o)
Chip_Clock_EnablePeriphClock                      C:\Robot\trunk\Workspaces\MultiWorkSpaces_2021\0_lpc_chip_175x_6x\Release\lib0_lpc_chip_175x_6x.a(clock_17xx_40xx.o)
                                                  C:\Robot\trunk\Workspaces\MultiWorkSpaces_2021\0_lpc_board_nxp_lpcxpresso_1769\Release\lib0_lpc_board_nxp_lpcxpresso_1769.a(board.o)
                                                  C:\Robot\trunk\Workspaces\MultiWorkSpaces_2021\0_lpc_chip_175x_6x\Release\lib0_lpc_chip_175x_6x.a(timer_17xx_40xx.o)
                                                  C:\Robot\trunk\Workspaces\MultiWorkSpaces_2021\0_lpc_chip_175x_6x\Release\lib0_lpc_chip_175x_6x.a(chip_17xx_40xx.o)
Chip_Clock_GetCPUClockDiv                         C:\Robot\trunk\Workspaces\MultiWorkSpaces_2021\0_lpc_chip_175x_6x\Release\lib0_lpc_chip_175x_6x.a(clock_17xx_40xx.o)
Chip_Clock_GetCPUClockSource                      C:\Robot\trunk\Workspaces\MultiWorkSpaces_2021\0_lpc_chip_175x_6x\Release\lib0_lpc_chip_175x_6x.a(clock_17xx_40xx.o)
Chip_Clock_GetMainClockRate                       C:\Robot\trunk\Workspaces\MultiWorkSpaces_2021\0_lpc_chip_175x_6x\Release\lib0_lpc_chip_175x_6x.a(clock_17xx_40xx.o)
Chip_Clock_GetMainPLLOutClockRate                 C:\Robot\trunk\Workspaces\MultiWorkSpaces_2021\0_lpc_chip_175x_6x\Release\lib0_lpc_chip_175x_6x.a(clock_17xx_40xx.o)
Chip_Clock_GetPCLKDiv                             C:\Robot\trunk\Workspaces\MultiWorkSpaces_2021\0_lpc_chip_175x_6x\Release\lib0_lpc_chip_175x_6x.a(clock_17xx_40xx.o)
Chip_Clock_GetPeripheralClockRate                 C:\Robot\trunk\Workspaces\MultiWorkSpaces_2021\0_lpc_chip_175x_6x\Release\lib0_lpc_chip_175x_6x.a(clock_17xx_40xx.o)
Chip_Clock_GetSYSCLKRate                          C:\Robot\trunk\Workspaces\MultiWorkSpaces_2021\0_lpc_chip_175x_6x\Release\lib0_lpc_chip_175x_6x.a(clock_17xx_40xx.o)
Chip_Clock_GetSystemClockRate                     C:\Robot\trunk\Workspaces\MultiWorkSpaces_2021\0_lpc_chip_175x_6x\Release\lib0_lpc_chip_175x_6x.a(clock_17xx_40xx.o)
                                                  C:\Robot\trunk\Workspaces\MultiWorkSpaces_2021\0_lpc_chip_175x_6x\Release\lib0_lpc_chip_175x_6x.a(stopwatch_17xx_40xx.o)
                                                  C:\Robot\trunk\Workspaces\MultiWorkSpaces_2021\0_lpc_chip_175x_6x\Release\lib0_lpc_chip_175x_6x.a(chip_17xx_40xx.o)
Chip_Clock_GetUSBClockDiv                         C:\Robot\trunk\Workspaces\MultiWorkSpaces_2021\0_lpc_chip_175x_6x\Release\lib0_lpc_chip_175x_6x.a(clock_17xx_40xx.o)
Chip_Clock_GetUSBClockRate                        C:\Robot\trunk\Workspaces\MultiWorkSpaces_2021\0_lpc_chip_175x_6x\Release\lib0_lpc_chip_175x_6x.a(clock_17xx_40xx.o)
Chip_Clock_GetUSBPLLOutClockRate                  C:\Robot\trunk\Workspaces\MultiWorkSpaces_2021\0_lpc_chip_175x_6x\Release\lib0_lpc_chip_175x_6x.a(clock_17xx_40xx.o)
Chip_Clock_IsPeripheralClockEnabled               C:\Robot\trunk\Workspaces\MultiWorkSpaces_2021\0_lpc_chip_175x_6x\Release\lib0_lpc_chip_175x_6x.a(clock_17xx_40xx.o)
Chip_Clock_SetCLKOUTSource                        C:\Robot\trunk\Workspaces\MultiWorkSpaces_2021\0_lpc_chip_175x_6x\Release\lib0_lpc_chip_175x_6x.a(clock_17xx_40xx.o)
Chip_Clock_SetCPUClockDiv                         C:\Robot\trunk\Workspaces\MultiWorkSpaces_2021\0_lpc_chip_175x_6x\Release\lib0_lpc_chip_175x_6x.a(clock_17xx_40xx.o)
                                                  C:\Robot\trunk\Workspaces\MultiWorkSpaces_2021\0_lpc_chip_175x_6x\Release\lib0_lpc_chip_175x_6x.a(sysinit_17xx_40xx.o)
Chip_Clock_SetCPUClockSource                      C:\Robot\trunk\Workspaces\MultiWorkSpaces_2021\0_lpc_chip_175x_6x\Release\lib0_lpc_chip_175x_6x.a(clock_17xx_40xx.o)
Chip_Clock_SetPCLKDiv                             C:\Robot\trunk\Workspaces\MultiWorkSpaces_2021\0_lpc_chip_175x_6x\Release\lib0_lpc_chip_175x_6x.a(clock_17xx_40xx.o)
Chip_Clock_SetUSBClockDiv                         C:\Robot\trunk\Workspaces\MultiWorkSpaces_2021\0_lpc_chip_175x_6x\Release\lib0_lpc_chip_175x_6x.a(clock_17xx_40xx.o)
Chip_Clock_SetupPLL                               C:\Robot\trunk\Workspaces\MultiWorkSpaces_2021\0_lpc_chip_175x_6x\Release\lib0_lpc_chip_175x_6x.a(clock_17xx_40xx.o)
                                                  C:\Robot\trunk\Workspaces\MultiWorkSpaces_2021\0_lpc_chip_175x_6x\Release\lib0_lpc_chip_175x_6x.a(sysinit_17xx_40xx.o)
                                                  C:\Robot\trunk\Workspaces\MultiWorkSpaces_2021\0_lpc_chip_175x_6x\Release\lib0_lpc_chip_175x_6x.a(chip_17xx_40xx.o)
Chip_I2S_Init                                     C:\Robot\trunk\Workspaces\MultiWorkSpaces_2021\0_lpc_board_nxp_lpcxpresso_1769\Release\lib0_lpc_board_nxp_lpcxpresso_1769.a(board.o)
Chip_I2S_TxConfig                                 C:\Robot\trunk\Workspaces\MultiWorkSpaces_2021\0_lpc_board_nxp_lpcxpresso_1769\Release\lib0_lpc_board_nxp_lpcxpresso_1769.a(board.o)
Chip_IAP_BlankCheckSector                         C:\Robot\trunk\Workspaces\MultiWorkSpaces_2021\0_lpc_chip_175x_6x\Release\lib0_lpc_chip_175x_6x.a(iap.o)
Chip_IAP_Compare                                  C:\Robot\trunk\Workspaces\MultiWorkSpaces_2021\0_lpc_chip_175x_6x\Release\lib0_lpc_chip_175x_6x.a(iap.o)
Chip_IAP_CopyRamToFlash                           C:\Robot\trunk\Workspaces\MultiWorkSpaces_2021\0_lpc_chip_175x_6x\Release\lib0_lpc_chip_175x_6x.a(iap.o)
                                                  ./src/Flash_iap.o
Chip_IAP_ErasePage                                C:\Robot\trunk\Workspaces\MultiWorkSpaces_2021\0_lpc_chip_175x_6x\Release\lib0_lpc_chip_175x_6x.a(iap.o)
Chip_IAP_EraseSector                              C:\Robot\trunk\Workspaces\MultiWorkSpaces_2021\0_lpc_chip_175x_6x\Release\lib0_lpc_chip_175x_6x.a(iap.o)
                                                  ./src/Flash_iap.o
Chip_IAP_PreSectorForReadWrite                    C:\Robot\trunk\Workspaces\MultiWorkSpaces_2021\0_lpc_chip_175x_6x\Release\lib0_lpc_chip_175x_6x.a(iap.o)
                                                  ./src/Flash_iap.o
Chip_IAP_ReadBootCode                             C:\Robot\trunk\Workspaces\MultiWorkSpaces_2021\0_lpc_chip_175x_6x\Release\lib0_lpc_chip_175x_6x.a(iap.o)
Chip_IAP_ReadPID                                  C:\Robot\trunk\Workspaces\MultiWorkSpaces_2021\0_lpc_chip_175x_6x\Release\lib0_lpc_chip_175x_6x.a(iap.o)
                                                  ./src/Flash_iap.o
Chip_IAP_ReadUID                                  C:\Robot\trunk\Workspaces\MultiWorkSpaces_2021\0_lpc_chip_175x_6x\Release\lib0_lpc_chip_175x_6x.a(iap.o)
Chip_IAP_ReinvokeISP                              C:\Robot\trunk\Workspaces\MultiWorkSpaces_2021\0_lpc_chip_175x_6x\Release\lib0_lpc_chip_175x_6x.a(iap.o)
Chip_SetupIrcClocking                             C:\Robot\trunk\Workspaces\MultiWorkSpaces_2021\0_lpc_chip_175x_6x\Release\lib0_lpc_chip_175x_6x.a(sysinit_17xx_40xx.o)
Chip_SetupXtalClocking                            C:\Robot\trunk\Workspaces\MultiWorkSpaces_2021\0_lpc_chip_175x_6x\Release\lib0_lpc_chip_175x_6x.a(sysinit_17xx_40xx.o)
                                                  ./src/main.o
Chip_SystemInit                                   C:\Robot\trunk\Workspaces\MultiWorkSpaces_2021\0_lpc_chip_175x_6x\Release\lib0_lpc_chip_175x_6x.a(sysinit_17xx_40xx.o)
                                                  ./src/sysinit.o
Chip_TIMER_DeInit                                 C:\Robot\trunk\Workspaces\MultiWorkSpaces_2021\0_lpc_chip_175x_6x\Release\lib0_lpc_chip_175x_6x.a(timer_17xx_40xx.o)
Chip_TIMER_ExtMatchControlSet                     C:\Robot\trunk\Workspaces\MultiWorkSpaces_2021\0_lpc_chip_175x_6x\Release\lib0_lpc_chip_175x_6x.a(timer_17xx_40xx.o)
Chip_TIMER_Init                                   C:\Robot\trunk\Workspaces\MultiWorkSpaces_2021\0_lpc_chip_175x_6x\Release\lib0_lpc_chip_175x_6x.a(timer_17xx_40xx.o)
                                                  C:\Robot\trunk\Workspaces\MultiWorkSpaces_2021\0_lpc_chip_175x_6x\Release\lib0_lpc_chip_175x_6x.a(stopwatch_17xx_40xx.o)
Chip_TIMER_Reset                                  C:\Robot\trunk\Workspaces\MultiWorkSpaces_2021\0_lpc_chip_175x_6x\Release\lib0_lpc_chip_175x_6x.a(timer_17xx_40xx.o)
Chip_USB_Init                                     C:\Robot\trunk\Workspaces\MultiWorkSpaces_2021\0_lpc_chip_175x_6x\Release\lib0_lpc_chip_175x_6x.a(chip_17xx_40xx.o)