Archive member included to satisfy reference by file (symbol)

D:\Developpement_Robot\Robotic-System.git\trunk\Workspaces\MultiWorkSpaces_2021\0_lpc_chip_175x_6x\Release\lib0_lpc_chip_175x_6x.a(chip_17xx_40xx.o)
                              ./src/main.o (SystemCoreClockUpdate)
D:\Developpement_Robot\Robotic-System.git\trunk\Workspaces\MultiWorkSpaces_2021\0_lpc_chip_175x_6x\Release\lib0_lpc_chip_175x_6x.a(clock_17xx_40xx.o)
                              D:\Developpement_Robot\Robotic-System.git\trunk\Workspaces\MultiWorkSpaces_2021\0_lpc_chip_175x_6x\Release\lib0_lpc_chip_175x_6x.a(chip_17xx_40xx.o) (Chip_Clock_EnablePLL)
D:\Developpement_Robot\Robotic-System.git\trunk\Workspaces\MultiWorkSpaces_2021\0_lpc_chip_175x_6x\Release\lib0_lpc_chip_175x_6x.a(iap.o)
                              ./src/Flash_iap.o (Chip_IAP_PreSectorForReadWrite)
D:\Developpement_Robot\Robotic-System.git\trunk\Workspaces\MultiWorkSpaces_2021\0_lpc_chip_175x_6x\Release\lib0_lpc_chip_175x_6x.a(ring_buffer.o)
                              ./0_Communication/0_Communication.o (RingBuffer_Init)
D:\Developpement_Robot\Robotic-System.git\trunk\Workspaces\MultiWorkSpaces_2021\0_lpc_chip_175x_6x\Release\lib0_lpc_chip_175x_6x.a(stopwatch_17xx_40xx.o)
                              ./0_Communication/USB/scr/cdc_usb_main.o (StopWatch_Init)
D:\Developpement_Robot\Robotic-System.git\trunk\Workspaces\MultiWorkSpaces_2021\0_lpc_chip_175x_6x\Release\lib0_lpc_chip_175x_6x.a(sysinit_17xx_40xx.o)
                              ./src/main.o (Chip_SetupXtalClocking)
D:\Developpement_Robot\Robotic-System.git\trunk\Workspaces\MultiWorkSpaces_2021\0_lpc_chip_175x_6x\Release\lib0_lpc_chip_175x_6x.a(timer_17xx_40xx.o)
                              D:\Developpement_Robot\Robotic-System.git\trunk\Workspaces\MultiWorkSpaces_2021\0_lpc_chip_175x_6x\Release\lib0_lpc_chip_175x_6x.a(stopwatch_17xx_40xx.o) (Chip_TIMER_Init)
D:\Developpement_Robot\Robotic-System.git\trunk\Workspaces\MultiWorkSpaces_2021\0_lpc_chip_175x_6x\Release\lib0_lpc_chip_175x_6x.a(uart_17xx_40xx.o)
                              ./0_Communication/0_Communication.o (Chip_UART_Init)
D:\Developpement_Robot\Robotic-System.git\trunk\Workspaces\MultiWorkSpaces_2021\0_lpc_board_nxp_lpcxpresso_1769\Release\lib0_lpc_board_nxp_lpcxpresso_1769.a(board.o)
                              ./src/main.o (Set_Clock_in)
D:\Developpement_Robot\Robotic-System.git\trunk\Workspaces\MultiWorkSpaces_2021\0_lpc_chip_175x_6x\libs\libusbd_175x_6x_lib.a(mw_usbd_rom_api.o)
                              ./0_Communication/USB/scr/cdc_usb_main.o (cdc_api)
D:\Developpement_Robot\Robotic-System.git\trunk\Workspaces\MultiWorkSpaces_2021\0_lpc_chip_175x_6x\libs\libusbd_175x_6x_lib.a(hw_usbd_ip3503.o)
                              D:\Developpement_Robot\Robotic-System.git\trunk\Workspaces\MultiWorkSpaces_2021\0_lpc_chip_175x_6x\libs\libusbd_175x_6x_lib.a(mw_usbd_rom_api.o) (hwUSB_GetMemSize)
D:\Developpement_Robot\Robotic-System.git\trunk\Workspaces\MultiWorkSpaces_2021\0_lpc_chip_175x_6x\libs\libusbd_175x_6x_lib.a(mw_usbd_cdcuser.o)
                              D:\Developpement_Robot\Robotic-System.git\trunk\Workspaces\MultiWorkSpaces_2021\0_lpc_chip_175x_6x\libs\libusbd_175x_6x_lib.a(mw_usbd_rom_api.o) (mwCDC_SendNotification)
D:\Developpement_Robot\Robotic-System.git\trunk\Workspaces\MultiWorkSpaces_2021\0_lpc_chip_175x_6x\libs\libusbd_175x_6x_lib.a(mw_usbd_core.o)
                              D:\Developpement_Robot\Robotic-System.git\trunk\Workspaces\MultiWorkSpaces_2021\0_lpc_chip_175x_6x\libs\libusbd_175x_6x_lib.a(mw_usbd_rom_api.o) (mwUSB_SetupStage)
D:\Developpement_Robot\Robotic-System.git\trunk\Workspaces\MultiWorkSpaces_2021\0_lpc_chip_175x_6x\libs\libusbd_175x_6x_lib.a(mw_usbd_dfuuser.o)
                              D:\Developpement_Robot\Robotic-System.git\trunk\Workspaces\MultiWorkSpaces_2021\0_lpc_chip_175x_6x\libs\libusbd_175x_6x_lib.a(mw_usbd_rom_api.o) (mwDFU_GetMemSize)
D:\Developpement_Robot\Robotic-System.git\trunk\Workspaces\MultiWorkSpaces_2021\0_lpc_chip_175x_6x\libs\libusbd_175x_6x_lib.a(mw_usbd_hiduser.o)
                              D:\Developpement_Robot\Robotic-System.git\trunk\Workspaces\MultiWorkSpaces_2021\0_lpc_chip_175x_6x\libs\libusbd_175x_6x_lib.a(mw_usbd_rom_api.o) (mwHID_GetMemSize)
D:\Developpement_Robot\Robotic-System.git\trunk\Workspaces\MultiWorkSpaces_2021\0_lpc_chip_175x_6x\libs\libusbd_175x_6x_lib.a(mw_usbd_mscuser.o)
                              D:\Developpement_Robot\Robotic-System.git\trunk\Workspaces\MultiWorkSpaces_2021\0_lpc_chip_175x_6x\libs\libusbd_175x_6x_lib.a(mw_usbd_rom_api.o) (mwMSC_GetMemSize)
c:/nxp/mcuxpressoide_11.2.1_4149/ide/plugins/com.nxp.mcuxpresso.tools.win32_11.2.0.202008311134/tools/bin/../lib/gcc/arm-none-eabi/9.2.1/thumb/v7-m/nofp\libgcc.a(_aeabi_ldivmod.o)
[...]
Memory Configuration

Name             Origin             Length             Attributes
MFlash512        0x00000000         0x00010000         xr
RamLoc32         0x10000000         0x00008000         xrw
RamAHB32         0x2007c000         0x00008000         xrw
*default*        0x00000000         0xffffffff

Linker script and memory map

LOAD ./src/Bootloader.o
LOAD ./src/Bootloader_Data.o
LOAD ./src/Flash_iap.o
LOAD ./src/cr_startup_lpc175x_6x.o
LOAD ./src/crp.o
LOAD ./src/main.o
LOAD ./src/sysinit.o
LOAD ./freertos/src/FreeRTOSCommonHooks.o
LOAD ./freertos/src/croutine.o
LOAD ./freertos/src/event_groups.o
LOAD ./freertos/src/heap_3.o
LOAD ./freertos/src/list.o
LOAD ./freertos/src/port.o
LOAD ./freertos/src/queue.o
LOAD ./freertos/src/stream_buffer.o
LOAD ./freertos/src/tasks.o
LOAD ./freertos/src/timers.o
LOAD ./0_Communication/USB/scr/cdc_desc.o
LOAD ./0_Communication/USB/scr/cdc_usb_main.o
LOAD ./0_Communication/USB/scr/cdc_vcom.o
LOAD ./0_Communication/RS485/0_RS485.o
LOAD ./0_Communication/0_Communication.o
LOAD ./0_Communication/0_Event_Group.o
LOAD ./0_Communication/1_Trame_Communication.o
LOAD ./0_Communication/2_Echange_Datas.o
LOAD ./0_Communication/2_Echange_Datas_Reception.o
LOAD D:\Developpement_Robot\Robotic-System.git\trunk\Workspaces\MultiWorkSpaces_2021\0_lpc_chip_175x_6x\Release\lib0_lpc_chip_175x_6x.a
LOAD D:\Developpement_Robot\Robotic-System.git\trunk\Workspaces\MultiWorkSpaces_2021\0_lpc_board_nxp_lpcxpresso_1769\Release\lib0_lpc_board_nxp_lpcxpresso_1769.a
LOAD D:\Developpement_Robot\Robotic-System.git\trunk\Workspaces\MultiWorkSpaces_2021\0_lpc_chip_175x_6x\libs\libusbd_175x_6x_lib.a
START GROUP
LOAD c:/nxp/mcuxpressoide_11.2.1_4149/ide/plugins/com.nxp.mcuxpresso.tools.win32_11.2.0.202008311134/tools/bin/../lib/gcc/arm-none-eabi/9.2.1/thumb/v7-m/nofp\libgcc.a
LOAD c:/nxp/mcuxpressoide_11.2.1_4149/ide/plugins/com.nxp.mcuxpresso.tools.win32_11.2.0.202008311134/tools/bin/../lib/gcc/arm-none-eabi/9.2.1/../../../../arm-none-eabi/lib/thumb/v7-m/nofp\libc.a
LOAD c:/nxp/mcuxpressoide_11.2.1_4149/ide/plugins/com.nxp.mcuxpresso.tools.win32_11.2.0.202008311134/tools/bin/../lib/gcc/arm-none-eabi/9.2.1/../../../../arm-none-eabi/lib/thumb/v7-m/nofp\libm.a
LOAD c:/nxp/mcuxpressoide_11.2.1_4149/ide/plugins/com.nxp.mcuxpresso.tools.win32_11.2.0.202008311134/tools/bin/../lib/gcc/arm-none-eabi/9.2.1/../../../../arm-none-eabi/lib/thumb/v7-m/nofp\libcr_newlib_none.a
END GROUP
                0x00000000                __base_MFlash512 = 0x0
                0x00000000                __base_Flash = 0x0
                0x00010000                __top_MFlash512 = 0x10000
                0x00010000                __top_Flash = 0x10000
                0x10000000                __base_RamLoc32 = 0x10000000
                0x10000000                __base_RAM = 0x10000000
                0x10008000                __top_RamLoc32 = 0x10008000
                0x10008000                __top_RAM = 0x10008000
                0x2007c000                __base_RamAHB32 = 0x2007c000
                0x2007c000                __base_RAM2 = 0x2007c000
                0x20084000                __top_RamAHB32 = 0x20084000
                0x20084000                __top_RAM2 = 0x20084000

.text           0x00000000     0x9778
 FILL mask 0xff
                0x00000000                __vectors_start__ = ABSOLUTE (.)
 *(.isr_vector)
 .isr_vector    0x00000000       0xcc ./src/cr_startup_lpc175x_6x.o
                0x00000000                g_pfnVectors
                0x000000cc                . = ALIGN (0x4)
                0x000000cc                __section_table_start = .
                0x000000cc                __data_section_table = .
                0x000000cc        0x4 LONG 0x9780 LOADADDR (.data)
                0x000000d0        0x4 LONG 0x10000000 ADDR (.data)
                0x000000d4        0x4 LONG 0xa2c SIZEOF (.data)
                0x000000d8        0x4 LONG 0x9780 LOADADDR (.data_RAM2)
                0x000000dc        0x4 LONG 0x2007c000 ADDR (.data_RAM2)
                0x000000e0        0x4 LONG 0x0 SIZEOF (.data_RAM2)
                0x000000e4                __data_section_table_end = .
                0x000000e4                __bss_section_table = .
                0x000000e4        0x4 LONG 0x10000a2c ADDR (.bss)
                0x000000e8        0x4 LONG 0x16cc SIZEOF (.bss)
                0x000000ec        0x4 LONG 0x2007c000 ADDR (.bss_RAM2)
                0x000000f0        0x4 LONG 0x0 SIZEOF (.bss_RAM2)
                0x000000f4                __bss_section_table_end = .
                0x000000f4                __section_table_end = .
 *(.after_vectors*)
 .after_vectors
                0x000000f4      0x130 ./src/cr_startup_lpc175x_6x.o
                0x000000f4                data_init
                0x00000138                bss_init
                0x00000170                ResetISR
                0x000001e8                NMI_Handler
                0x000001ee                HardFault_Handler
                0x000001f4                MemManage_Handler
                0x000001fa                BusFault_Handler
                0x00000200                UsageFault_Handler
                0x00000206                SVC_Handler
                0x0000020c                DebugMon_Handler
                0x00000212                PendSV_Handler
                0x00000218                SysTick_Handler
                0x0000021e                EINT3_IRQHandler
                0x0000021e                CANActivity_IRQHandler
                0x0000021e                TIMER3_IRQHandler
                0x0000021e                UART0_IRQHandler
                0x0000021e                EINT2_IRQHandler
                0x0000021e                USBActivity_IRQHandler
                0x0000021e                IntDefaultHandler
                0x0000021e                PLL0_IRQHandler
                0x0000021e                CAN_IRQHandler
                0x0000021e                I2C1_IRQHandler
                0x0000021e                SSP0_IRQHandler
                0x0000021e                I2S_IRQHandler
                0x0000021e                I2C2_IRQHandler
                0x0000021e                RTC_IRQHandler
                0x0000021e                TIMER0_IRQHandler
                0x0000021e                SPI_IRQHandler
                0x0000021e                RIT_IRQHandler
                0x0000021e                EINT1_IRQHandler
                0x0000021e                TIMER1_IRQHandler
                0x0000021e                UART2_IRQHandler
                0x0000021e                ADC_IRQHandler
                0x0000021e                SSP1_IRQHandler
                0x0000021e                BOD_IRQHandler
                0x0000021e                I2C0_IRQHandler
                0x0000021e                WDT_IRQHandler
                0x0000021e                PWM1_IRQHandler
                0x0000021e                QEI_IRQHandler
                0x0000021e                EINT0_IRQHandler
                0x0000021e                ETH_IRQHandler
                0x0000021e                PLL1_IRQHandler
                0x0000021e                DMA_IRQHandler
                0x0000021e                TIMER2_IRQHandler
                0x0000021e                UART3_IRQHandler
                0x0000021e                MCPWM_IRQHandler
                0x000002fc                . = 0x2fc
 *fill*         0x00000224       0xd8 ff
                0x000002fc                PROVIDE (__CRP_WORD_START__ = .)
 *(.crp)
 .crp           0x000002fc        0x4 ./src/crp.o
                0x000002fc                CRP_WORD
                0x00000300                PROVIDE (__CRP_WORD_END__ = .)
                0x00000001                ASSERT (! ((__CRP_WORD_START__ == __CRP_WORD_END__)), Linker CRP Enabled, but no CRP_WORD provided within application)
 *(.text*)
 .text.iap_entry
                0x00000300       0x20 ./src/Bootloader.o
 .text.execute_user_code
                0x00000320       0x38 ./src/Bootloader.o
                0x00000320                execute_user_code
 .text.user_code_present
                0x00000358       0x38 ./src/Bootloader.o
                0x00000358                user_code_present
 .text.Reception_Trame_Bootloader
                0x00000390       0xa8 ./src/Bootloader_Data.o
                0x00000390                Reception_Trame_Bootloader
 .text.Traitement_Data
                0x00000438      0x148 ./src/Bootloader_Data.o
                0x00000438                Traitement_Data
 .text.Flash_Write_Block
                0x00000580       0x70 ./src/Flash_iap.o
                0x00000580                Flash_Write_Block
 .text.Chip_GPIO_SetPinState
                0x000005f0       0x64 ./src/main.o
 .text.Chip_GPIO_WritePortBit
                0x00000654       0x2c ./src/main.o
 .text.Chip_GPIO_SetPinDIROutput
                0x00000680       0x36 ./src/main.o
 .text.Chip_GPIO_SetPinDIRInput
                0x000006b6       0x3a ./src/main.o
 .text.Chip_GPIO_SetPinDIR
                0x000006f0       0x42 ./src/main.o
 .text.Chip_GPIO_WriteDirBit
                0x00000732       0x2e ./src/main.o
 .text.prvSetupHardware
                0x00000760       0x28 ./src/main.o
 .text.vTask_HartBeat
                0x00000788       0x8c ./src/main.o
 .text.vTask_LunchUser_Application
                0x00000814       0x5c ./src/main.o
 .text.main     0x00000870       0x68 ./src/main.o
                0x00000870                main
 .text.SystemInit
                0x000008d8       0x24 ./src/sysinit.o
                0x000008d8                SystemInit
 .text.vApplicationStackOverflowHook
                0x000008fc       0x20 ./freertos/src/FreeRTOSCommonHooks.o
                0x000008fc                vApplicationStackOverflowHook
 .text.xEventGroupCreate
                0x0000091c       0x2e ./freertos/src/event_groups.o
                0x0000091c                xEventGroupCreate
 *fill*         0x0000094a        0x2 ff
 .text.xEventGroupWaitBits
                0x0000094c      0x114 ./freertos/src/event_groups.o
                0x0000094c                xEventGroupWaitBits
 .text.xEventGroupSetBits
                0x00000a60       0xda ./freertos/src/event_groups.o
                0x00000a60                xEventGroupSetBits
 .text.vEventGroupSetBitsCallback
                0x00000b3a       0x1a ./freertos/src/event_groups.o
                0x00000b3a                vEventGroupSetBitsCallback
 .text.prvTestWaitCondition
                0x00000b54       0x42 ./freertos/src/event_groups.o
 *fill*         0x00000b96        0x2 ff
 .text.xEventGroupSetBitsFromISR
                0x00000b98       0x28 ./freertos/src/event_groups.o
                0x00000b98                xEventGroupSetBitsFromISR
 .text.pvPortMalloc
                0x00000bc0       0x24 ./freertos/src/heap_3.o
                0x00000bc0                pvPortMalloc
 .text.vPortFree
                0x00000be4       0x24 ./freertos/src/heap_3.o
                0x00000be4                vPortFree
 .text.vListInitialise
                0x00000c08       0x3e ./freertos/src/list.o
                0x00000c08                vListInitialise
 .text.vListInitialiseItem
                0x00000c46       0x18 ./freertos/src/list.o
                0x00000c46                vListInitialiseItem
 .text.vListInsertEnd
                0x00000c5e       0x46 ./freertos/src/list.o
                0x00000c5e                vListInsertEnd
 .text.vListInsert
                0x00000ca4       0x70 ./freertos/src/list.o
                0x00000ca4                vListInsert
 .text.uxListRemove
                0x00000d14       0x52 ./freertos/src/list.o
                0x00000d14                uxListRemove
 *fill*         0x00000d66        0x2 ff
 .text.pxPortInitialiseStack
                0x00000d68       0x58 ./freertos/src/port.o
                0x00000d68                pxPortInitialiseStack
 .text.prvTaskExitError
                0x00000dc0       0x32 ./freertos/src/port.o
 *fill*         0x00000df2        0xe ff
 .text.vPortSVCHandler
                0x00000e00       0x28 ./freertos/src/port.o
                0x00000e00                vPortSVCHandler
 .text.prvPortStartFirstTask
                0x00000e28       0x20 ./freertos/src/port.o
 .text.xPortStartScheduler
                0x00000e48       0x40 ./freertos/src/port.o
                0x00000e48                xPortStartScheduler
 .text.vPortEnterCritical
                0x00000e88       0x34 ./freertos/src/port.o
                0x00000e88                vPortEnterCritical
 .text.vPortExitCritical
                0x00000ebc       0x34 ./freertos/src/port.o
                0x00000ebc                vPortExitCritical
 .text.xPortPendSVHandler
                0x00000ef0       0x48 ./freertos/src/port.o
                0x00000ef0                xPortPendSVHandler
 .text.xPortSysTickHandler
                0x00000f38       0x44 ./freertos/src/port.o
                0x00000f38                xPortSysTickHandler
 .text.vPortSetupTimerInterrupt
                0x00000f7c       0x34 ./freertos/src/port.o
                0x00000f7c                vPortSetupTimerInterrupt
 .text.xQueueGenericReset
                0x00000fb0       0xb4 ./freertos/src/queue.o
                0x00000fb0                xQueueGenericReset
 .text.xQueueGenericCreate
                0x00001064       0x50 ./freertos/src/queue.o
                0x00001064                xQueueGenericCreate
 .text.prvInitialiseNewQueue
                0x000010b4       0x46 ./freertos/src/queue.o
 *fill*         0x000010fa        0x2 ff
 .text.xQueueGenericSend
                0x000010fc      0x154 ./freertos/src/queue.o
                0x000010fc                xQueueGenericSend
 .text.xQueueGenericSendFromISR
                0x00001250       0xba ./freertos/src/queue.o
                0x00001250                xQueueGenericSendFromISR
 *fill*         0x0000130a        0x2 ff
 .text.xQueueReceive
                0x0000130c      0x144 ./freertos/src/queue.o
                0x0000130c                xQueueReceive
 .text.prvCopyDataToQueue
                0x00001450       0xd4 ./freertos/src/queue.o
 .text.prvCopyDataFromQueue
                0x00001524       0x4c ./freertos/src/queue.o
 .text.prvUnlockQueue
                0x00001570       0xa4 ./freertos/src/queue.o
 .text.prvIsQueueEmpty
                0x00001614       0x2c ./freertos/src/queue.o
 .text.prvIsQueueFull
                0x00001640       0x30 ./freertos/src/queue.o
 .text.vQueueAddToRegistry
                0x00001670       0x50 ./freertos/src/queue.o
                0x00001670                vQueueAddToRegistry
 .text.vQueueWaitForMessageRestricted
                0x000016c0       0x68 ./freertos/src/queue.o
                0x000016c0                vQueueWaitForMessageRestricted
 .text.xTaskCreate
                0x00001728       0x82 ./freertos/src/tasks.o
                0x00001728                xTaskCreate
 .text.prvInitialiseNewTask
                0x000017aa       0xfe ./freertos/src/tasks.o
 .text.prvAddNewTaskToReadyList
                0x000018a8       0xdc ./freertos/src/tasks.o
 .text.vTaskDelete
                0x00001984       0xfc ./freertos/src/tasks.o
                0x00001984                vTaskDelete
 .text.vTaskDelay
                0x00001a80       0x48 ./freertos/src/tasks.o
                0x00001a80                vTaskDelay
 .text.vTaskSuspend
                0x00001ac8      0x104 ./freertos/src/tasks.o
                0x00001ac8                vTaskSuspend
 .text.vTaskStartScheduler
                0x00001bcc       0x7c ./freertos/src/tasks.o
                0x00001bcc                vTaskStartScheduler
 .text.vTaskSuspendAll
                0x00001c48       0x1c ./freertos/src/tasks.o
                0x00001c48                vTaskSuspendAll
 .text.xTaskResumeAll
                0x00001c64      0x11c ./freertos/src/tasks.o
                0x00001c64                xTaskResumeAll
 .text.xTaskGetTickCount
                0x00001d80       0x1c ./freertos/src/tasks.o
                0x00001d80                xTaskGetTickCount
 .text.xTaskIncrementTick
                0x00001d9c      0x150 ./freertos/src/tasks.o
                0x00001d9c                xTaskIncrementTick
 .text.vTaskSwitchContext
                0x00001eec       0xd8 ./freertos/src/tasks.o
                0x00001eec                vTaskSwitchContext
 .text.vTaskPlaceOnEventList
                0x00001fc4       0x2c ./freertos/src/tasks.o
                0x00001fc4                vTaskPlaceOnEventList
 .text.vTaskPlaceOnUnorderedEventList
                0x00001ff0       0x3c ./freertos/src/tasks.o
                0x00001ff0                vTaskPlaceOnUnorderedEventList
 .text.vTaskPlaceOnEventListRestricted
                0x0000202c       0x3c ./freertos/src/tasks.o
                0x0000202c                vTaskPlaceOnEventListRestricted
 .text.xTaskRemoveFromEventList
                0x00002068       0xa8 ./freertos/src/tasks.o
                0x00002068                xTaskRemoveFromEventList
 .text.vTaskRemoveFromUnorderedEventList
                0x00002110       0x84 ./freertos/src/tasks.o
                0x00002110                vTaskRemoveFromUnorderedEventList
 .text.vTaskInternalSetTimeOutState
                0x00002194       0x2c ./freertos/src/tasks.o
                0x00002194                vTaskInternalSetTimeOutState
 .text.xTaskCheckForTimeOut
                0x000021c0       0x8c ./freertos/src/tasks.o
                0x000021c0                xTaskCheckForTimeOut
 .text.vTaskMissedYield
                0x0000224c       0x18 ./freertos/src/tasks.o
                0x0000224c                vTaskMissedYield
 .text.prvIdleTask
                0x00002264        0xe ./freertos/src/tasks.o
 *fill*         0x00002272        0x2 ff
 .text.prvInitialiseTaskLists
                0x00002274       0x80 ./freertos/src/tasks.o
 .text.prvCheckTasksWaitingTermination
                0x000022f4       0x5c ./freertos/src/tasks.o
 .text.prvDeleteTCB
                0x00002350       0x20 ./freertos/src/tasks.o
 .text.prvResetNextTaskUnblockTime
                0x00002370       0x40 ./freertos/src/tasks.o
 .text.xTaskGetCurrentTaskHandle
                0x000023b0       0x1c ./freertos/src/tasks.o
                0x000023b0                xTaskGetCurrentTaskHandle
 .text.xTaskGetSchedulerState
                0x000023cc       0x3c ./freertos/src/tasks.o
                0x000023cc                xTaskGetSchedulerState
 .text.xTaskPriorityDisinherit
                0x00002408       0xc8 ./freertos/src/tasks.o
                0x00002408                xTaskPriorityDisinherit
 .text.uxTaskResetEventItemValue
                0x000024d0       0x30 ./freertos/src/tasks.o
                0x000024d0                uxTaskResetEventItemValue
 .text.prvAddCurrentTaskToDelayedList
                0x00002500       0xcc ./freertos/src/tasks.o
 .text.xTimerCreateTimerTask
                0x000025cc       0x48 ./freertos/src/timers.o
                0x000025cc                xTimerCreateTimerTask
 .text.xTimerGenericCommand
                0x00002614       0x80 ./freertos/src/timers.o
                0x00002614                xTimerGenericCommand
 .text.prvProcessExpiredTimer
                0x00002694       0x80 ./freertos/src/timers.o
 .text.prvTimerTask
                0x00002714       0x24 ./freertos/src/timers.o
 .text.prvProcessTimerOrBlockTask
                0x00002738       0x9c ./freertos/src/timers.o
 .text.prvGetNextExpireTime
                0x000027d4       0x44 ./freertos/src/timers.o
 .text.prvSampleTimeNow
                0x00002818       0x40 ./freertos/src/timers.o
 .text.prvInsertTimerInActiveList
                0x00002858       0x84 ./freertos/src/timers.o
 .text.prvProcessReceivedCommands
                0x000028dc      0x170 ./freertos/src/timers.o
 .text.prvSwitchTimerLists
                0x00002a4c       0xac ./freertos/src/timers.o
 .text.prvCheckForValidListAndQueue
                0x00002af8       0x6c ./freertos/src/timers.o
 .text.xTimerPendFunctionCallFromISR
                0x00002b64       0x40 ./freertos/src/timers.o
                0x00002b64                xTimerPendFunctionCallFromISR
 .text.Chip_IOCON_PinMux
                0x00002ba4       0x94 ./0_Communication/RS485/0_RS485.o
 .text.Chip_GPIO_SetPinState
                0x00002c38       0x64 ./0_Communication/RS485/0_RS485.o
 .text.Chip_GPIO_WritePortBit
                0x00002c9c       0x2c ./0_Communication/RS485/0_RS485.o
 .text.Chip_GPIO_SetPinDIROutput
                0x00002cc8       0x36 ./0_Communication/RS485/0_RS485.o
 .text.Chip_GPIO_SetPinDIRInput
                0x00002cfe       0x3a ./0_Communication/RS485/0_RS485.o
 .text.Chip_GPIO_SetPinDIR
                0x00002d38       0x42 ./0_Communication/RS485/0_RS485.o
 .text.Chip_GPIO_WriteDirBit
                0x00002d7a       0x2e ./0_Communication/RS485/0_RS485.o
 .text._0_RS485_Init
                0x00002da8       0x48 ./0_Communication/RS485/0_RS485.o
                0x00002da8                _0_RS485_Init
 .text._0_RS485_Master_Mode
                0x00002df0       0x28 ./0_Communication/RS485/0_RS485.o
                0x00002df0                _0_RS485_Master_Mode
 .text._0_RS485_Slave_Mode
                0x00002e18       0x28 ./0_Communication/RS485/0_RS485.o
                0x00002e18                _0_RS485_Slave_Mode
 .text.NVIC_DisableIRQ
                0x00002e40       0x34 ./0_Communication/0_Communication.o
 .text.NVIC_ClearPendingIRQ
                0x00002e74       0x34 ./0_Communication/0_Communication.o
 .text.NVIC_SetPriority
                0x00002ea8       0x54 ./0_Communication/0_Communication.o
 .text.Chip_IOCON_PinMux
                0x00002efc       0x94 ./0_Communication/0_Communication.o
 .text.Chip_UART_SendByte
                0x00002f90       0x1c ./0_Communication/0_Communication.o
 .text.Chip_UART_IntEnable
                0x00002fac       0x20 ./0_Communication/0_Communication.o
 .text.Chip_UART_IntDisable
                0x00002fcc       0x22 ./0_Communication/0_Communication.o
 .text.Chip_UART_SetupFIFOS
                0x00002fee       0x1a ./0_Communication/0_Communication.o
 .text.Chip_UART_ConfigData
                0x00003008       0x1a ./0_Communication/0_Communication.o
 .text.Chip_UART_ReadLineStatus
                0x00003022       0x16 ./0_Communication/0_Communication.o
 .text._0_Communication_Init
                0x00003038       0x6c ./0_Communication/0_Communication.o
                0x00003038                _0_Communication_Init
 .text._0_Communication_Init_USB
                0x000030a4        0xc ./0_Communication/0_Communication.o
                0x000030a4                _0_Communication_Init_USB
 .text._0_Communication_Init_RS485
                0x000030b0       0xa0 ./0_Communication/0_Communication.o
                0x000030b0                _0_Communication_Init_RS485
 .text.UART1_IRQHandler
                0x00003150       0xac ./0_Communication/0_Communication.o
                0x00003150                UART1_IRQHandler
 .text.USB_IRQHandler
                0x000031fc        0xc ./0_Communication/0_Communication.o
                0x000031fc                USB_IRQHandler
 .text._0_Communication_Send_Data
                0x00003208       0x78 ./0_Communication/0_Communication.o
                0x00003208                _0_Communication_Send_Data
 .text._0_Communication_Send_RS485
                0x00003280       0x6a ./0_Communication/0_Communication.o
                0x00003280                _0_Communication_Send_RS485
 *fill*         0x000032ea        0x2 ff
 .text._0_Communication_Init_Event_Group
                0x000032ec       0x18 ./0_Communication/0_Event_Group.o
                0x000032ec                _0_Communication_Init_Event_Group
 .text.NVIC_EnableIRQ
                0x00003304       0x30 ./0_Communication/1_Trame_Communication.o
 .text._1_Communication_Init
                0x00003334       0x34 ./0_Communication/1_Trame_Communication.o
                0x00003334                _1_Communication_Init
 .text._1_Communication_Create_Queues_Semaphores
                0x00003368       0x3c ./0_Communication/1_Trame_Communication.o
                0x00003368                _1_Communication_Create_Queues_Semaphores
 .text._1_Communication_Wait_To_Send
                0x000033a4       0x38 ./0_Communication/1_Trame_Communication.o
                0x000033a4                _1_Communication_Wait_To_Send
 .text._1_Communication_Free_Send_Bit
                0x000033dc       0x18 ./0_Communication/1_Trame_Communication.o
                0x000033dc                _1_Communication_Free_Send_Bit
 .text._1_Communication_Wait_To_Receive
                0x000033f4       0x38 ./0_Communication/1_Trame_Communication.o
                0x000033f4                _1_Communication_Wait_To_Receive
 .text._1_Communication_Free_Receive_Bit
                0x0000342c       0x18 ./0_Communication/1_Trame_Communication.o
                0x0000342c                _1_Communication_Free_Receive_Bit
 .text._1_Communication_Create_Trame
                0x00003444      0x130 ./0_Communication/1_Trame_Communication.o
                0x00003444                _1_Communication_Create_Trame
 .text._1_Communication_Create_Trame_From_Buffer
                0x00003574      0x2d0 ./0_Communication/1_Trame_Communication.o
                0x00003574                _1_Communication_Create_Trame_From_Buffer
 .text._1_Communication_Check_Rx_Adresse
                0x00003844       0x5a ./0_Communication/1_Trame_Communication.o
                0x00003844                _1_Communication_Check_Rx_Adresse
 .text._1_Communication_Check_Priority_Messages
                0x0000389e       0x14 ./0_Communication/1_Trame_Communication.o
                0x0000389e                _1_Communication_Check_Priority_Messages
 *fill*         0x000038b2        0x2 ff
 .text._1_Communication_Recomposition_Rx
                0x000038b4       0x80 ./0_Communication/1_Trame_Communication.o
                0x000038b4                _1_Communication_Recomposition_Rx
 .text._2_Communication_Init
                0x00003934       0x18 ./0_Communication/2_Echange_Datas.o
                0x00003934                _2_Communication_Init
 .text._2_Comm_Send_PONG
                0x0000394c       0x80 ./0_Communication/2_Echange_Datas.o
                0x0000394c                _2_Comm_Send_PONG
 .text._2_Comm_Send_Log_Message
                0x000039cc      0x13c ./0_Communication/2_Echange_Datas.o
                0x000039cc                _2_Comm_Send_Log_Message
 .text._2_Communication_RX_Init
                0x00003b08       0x30 ./0_Communication/2_Echange_Datas_Reception.o
                0x00003b08                _2_Communication_RX_Init
 .text._2_Communication_RX_Lectures_Messages
                0x00003b38       0x68 ./0_Communication/2_Echange_Datas_Reception.o
                0x00003b38                _2_Communication_RX_Lectures_Messages
 .text.SystemCoreClockUpdate
                0x00003ba0       0x10 D:\Developpement_Robot\Robotic-System.git\trunk\Workspaces\MultiWorkSpaces_2021\0_lpc_chip_175x_6x\Release\lib0_lpc_chip_175x_6x.a(chip_17xx_40xx.o)
                0x00003ba0                SystemCoreClockUpdate
 .text.Chip_Clock_EnablePLL
                0x00003bb0       0x24 D:\Developpement_Robot\Robotic-System.git\trunk\Workspaces\MultiWorkSpaces_2021\0_lpc_chip_175x_6x\Release\lib0_lpc_chip_175x_6x.a(clock_17xx_40xx.o)
                0x00003bb0                Chip_Clock_EnablePLL
 .text.Chip_Clock_DisablePLL
                0x00003bd4       0x26 D:\Developpement_Robot\Robotic-System.git\trunk\Workspaces\MultiWorkSpaces_2021\0_lpc_chip_175x_6x\Release\lib0_lpc_chip_175x_6x.a(clock_17xx_40xx.o)
                0x00003bd4                Chip_Clock_DisablePLL
 .text.Chip_Clock_SetupPLL
                0x00003bfa       0x30 D:\Developpement_Robot\Robotic-System.git\trunk\Workspaces\MultiWorkSpaces_2021\0_lpc_chip_175x_6x\Release\lib0_lpc_chip_175x_6x.a(clock_17xx_40xx.o)
                0x00003bfa                Chip_Clock_SetupPLL
 *fill*         0x00003c2a        0x2 ff
 .text.Chip_Clock_EnablePeriphClock
                0x00003c2c       0x18 D:\Developpement_Robot\Robotic-System.git\trunk\Workspaces\MultiWorkSpaces_2021\0_lpc_chip_175x_6x\Release\lib0_lpc_chip_175x_6x.a(clock_17xx_40xx.o)
                0x00003c2c                Chip_Clock_EnablePeriphClock
 .text.Chip_Clock_GetCPUClockSource
                0x00003c44       0x10 D:\Developpement_Robot\Robotic-System.git\trunk\Workspaces\MultiWorkSpaces_2021\0_lpc_chip_175x_6x\Release\lib0_lpc_chip_175x_6x.a(clock_17xx_40xx.o)
                0x00003c44                Chip_Clock_GetCPUClockSource
 .text.Chip_Clock_SetCPUClockDiv
                0x00003c54        0xc D:\Developpement_Robot\Robotic-System.git\trunk\Workspaces\MultiWorkSpaces_2021\0_lpc_chip_175x_6x\Release\lib0_lpc_chip_175x_6x.a(clock_17xx_40xx.o)
                0x00003c54                Chip_Clock_SetCPUClockDiv
 .text.Chip_Clock_GetCPUClockDiv
                0x00003c60       0x10 D:\Developpement_Robot\Robotic-System.git\trunk\Workspaces\MultiWorkSpaces_2021\0_lpc_chip_175x_6x\Release\lib0_lpc_chip_175x_6x.a(clock_17xx_40xx.o)
                0x00003c60                Chip_Clock_GetCPUClockDiv
 .text.Chip_Clock_GetPCLKDiv
                0x00003c70       0x38 D:\Developpement_Robot\Robotic-System.git\trunk\Workspaces\MultiWorkSpaces_2021\0_lpc_chip_175x_6x\Release\lib0_lpc_chip_175x_6x.a(clock_17xx_40xx.o)
                0x00003c70                Chip_Clock_GetPCLKDiv
 .text.Chip_Clock_GetSYSCLKRate
                0x00003ca8       0x38 D:\Developpement_Robot\Robotic-System.git\trunk\Workspaces\MultiWorkSpaces_2021\0_lpc_chip_175x_6x\Release\lib0_lpc_chip_175x_6x.a(clock_17xx_40xx.o)
                0x00003ca8                Chip_Clock_GetSYSCLKRate
 .text.Chip_Clock_GetMainPLLOutClockRate
                0x00003ce0       0x34 D:\Developpement_Robot\Robotic-System.git\trunk\Workspaces\MultiWorkSpaces_2021\0_lpc_chip_175x_6x\Release\lib0_lpc_chip_175x_6x.a(clock_17xx_40xx.o)
                0x00003ce0                Chip_Clock_GetMainPLLOutClockRate
 .text.Chip_Clock_GetMainClockRate
                0x00003d14       0x20 D:\Developpement_Robot\Robotic-System.git\trunk\Workspaces\MultiWorkSpaces_2021\0_lpc_chip_175x_6x\Release\lib0_lpc_chip_175x_6x.a(clock_17xx_40xx.o)
                0x00003d14                Chip_Clock_GetMainClockRate
 .text.Chip_Clock_GetSystemClockRate
                0x00003d34       0x12 D:\Developpement_Robot\Robotic-System.git\trunk\Workspaces\MultiWorkSpaces_2021\0_lpc_chip_175x_6x\Release\lib0_lpc_chip_175x_6x.a(clock_17xx_40xx.o)
                0x00003d34                Chip_Clock_GetSystemClockRate
 .text.Chip_Clock_GetPeripheralClockRate
                0x00003d46       0x16 D:\Developpement_Robot\Robotic-System.git\trunk\Workspaces\MultiWorkSpaces_2021\0_lpc_chip_175x_6x\Release\lib0_lpc_chip_175x_6x.a(clock_17xx_40xx.o)
                0x00003d46                Chip_Clock_GetPeripheralClockRate
 .text.iap_entry
                0x00003d5c        0x8 D:\Developpement_Robot\Robotic-System.git\trunk\Workspaces\MultiWorkSpaces_2021\0_lpc_chip_175x_6x\Release\lib0_lpc_chip_175x_6x.a(iap.o)
 .text.Chip_IAP_PreSectorForReadWrite
                0x00003d64       0x1e D:\Developpement_Robot\Robotic-System.git\trunk\Workspaces\MultiWorkSpaces_2021\0_lpc_chip_175x_6x\Release\lib0_lpc_chip_175x_6x.a(iap.o)
                0x00003d64                Chip_IAP_PreSectorForReadWrite
 *fill*         0x00003d82        0x2 ff
 .text.Chip_IAP_CopyRamToFlash
                0x00003d84       0x34 D:\Developpement_Robot\Robotic-System.git\trunk\Workspaces\MultiWorkSpaces_2021\0_lpc_chip_175x_6x\Release\lib0_lpc_chip_175x_6x.a(iap.o)
                0x00003d84                Chip_IAP_CopyRamToFlash
 .text.Chip_IAP_EraseSector
                0x00003db8       0x30 D:\Developpement_Robot\Robotic-System.git\trunk\Workspaces\MultiWorkSpaces_2021\0_lpc_chip_175x_6x\Release\lib0_lpc_chip_175x_6x.a(iap.o)
                0x00003db8                Chip_IAP_EraseSector
 .text.RingBuffer_Init
                0x00003de8       0x10 D:\Developpement_Robot\Robotic-System.git\trunk\Workspaces\MultiWorkSpaces_2021\0_lpc_chip_175x_6x\Release\lib0_lpc_chip_175x_6x.a(ring_buffer.o)
                0x00003de8                RingBuffer_Init
 .text.RingBuffer_Insert
                0x00003df8       0x30 D:\Developpement_Robot\Robotic-System.git\trunk\Workspaces\MultiWorkSpaces_2021\0_lpc_chip_175x_6x\Release\lib0_lpc_chip_175x_6x.a(ring_buffer.o)
                0x00003df8                RingBuffer_Insert
 .text.RingBuffer_InsertMult
                0x00003e28       0x8c D:\Developpement_Robot\Robotic-System.git\trunk\Workspaces\MultiWorkSpaces_2021\0_lpc_chip_175x_6x\Release\lib0_lpc_chip_175x_6x.a(ring_buffer.o)
                0x00003e28                RingBuffer_InsertMult
 .text.RingBuffer_Pop
                0x00003eb4       0x30 D:\Developpement_Robot\Robotic-System.git\trunk\Workspaces\MultiWorkSpaces_2021\0_lpc_chip_175x_6x\Release\lib0_lpc_chip_175x_6x.a(ring_buffer.o)
                0x00003eb4                RingBuffer_Pop
 .text.RingBuffer_PopMult
                0x00003ee4       0x7e D:\Developpement_Robot\Robotic-System.git\trunk\Workspaces\MultiWorkSpaces_2021\0_lpc_chip_175x_6x\Release\lib0_lpc_chip_175x_6x.a(ring_buffer.o)
                0x00003ee4                RingBuffer_PopMult
 .text.RingBuffer_Count
                0x00003f62        0x8 D:\Developpement_Robot\Robotic-System.git\trunk\Workspaces\MultiWorkSpaces_2021\0_lpc_chip_175x_6x\Release\lib0_lpc_chip_175x_6x.a(ring_buffer.o)
                0x00003f62                RingBuffer_Count
 *fill*         0x00003f6a        0x2 ff
 .text.Chip_SetupIrcClocking
                0x00003f6c       0x64 D:\Developpement_Robot\Robotic-System.git\trunk\Workspaces\MultiWorkSpaces_2021\0_lpc_chip_175x_6x\Release\lib0_lpc_chip_175x_6x.a(sysinit_17xx_40xx.o)
                0x00003f6c                Chip_SetupIrcClocking
 .text.Chip_SetupXtalClocking
                0x00003fd0       0xdc D:\Developpement_Robot\Robotic-System.git\trunk\Workspaces\MultiWorkSpaces_2021\0_lpc_chip_175x_6x\Release\lib0_lpc_chip_175x_6x.a(sysinit_17xx_40xx.o)
                0x00003fd0                Chip_SetupXtalClocking
 .text.Chip_SystemInit
                0x000040ac        0x4 D:\Developpement_Robot\Robotic-System.git\trunk\Workspaces\MultiWorkSpaces_2021\0_lpc_chip_175x_6x\Release\lib0_lpc_chip_175x_6x.a(sysinit_17xx_40xx.o)
                0x000040ac                Chip_SystemInit
 .text.Chip_UART_Init
                0x000040b0       0x58 D:\Developpement_Robot\Robotic-System.git\trunk\Workspaces\MultiWorkSpaces_2021\0_lpc_chip_175x_6x\Release\lib0_lpc_chip_175x_6x.a(uart_17xx_40xx.o)
                0x000040b0                Chip_UART_Init
 .text.Chip_UART_TXEnable
                0x00004108        0x6 D:\Developpement_Robot\Robotic-System.git\trunk\Workspaces\MultiWorkSpaces_2021\0_lpc_chip_175x_6x\Release\lib0_lpc_chip_175x_6x.a(uart_17xx_40xx.o)
                0x00004108                Chip_UART_TXEnable
 *fill*         0x0000410e        0x2 ff
 .text.Chip_UART_SetBaud
                0x00004110       0x58 D:\Developpement_Robot\Robotic-System.git\trunk\Workspaces\MultiWorkSpaces_2021\0_lpc_chip_175x_6x\Release\lib0_lpc_chip_175x_6x.a(uart_17xx_40xx.o)
                0x00004110                Chip_UART_SetBaud
 .text.Chip_UART_RXIntHandlerRB
                0x00004168       0x22 D:\Developpement_Robot\Robotic-System.git\trunk\Workspaces\MultiWorkSpaces_2021\0_lpc_chip_175x_6x\Release\lib0_lpc_chip_175x_6x.a(uart_17xx_40xx.o)
                0x00004168                Chip_UART_RXIntHandlerRB
 .text.Chip_UART_TXIntHandlerRB
                0x0000418a       0x24 D:\Developpement_Robot\Robotic-System.git\trunk\Workspaces\MultiWorkSpaces_2021\0_lpc_chip_175x_6x\Release\lib0_lpc_chip_175x_6x.a(uart_17xx_40xx.o)
                0x0000418a                Chip_UART_TXIntHandlerRB
 *fill*         0x000041ae        0x2 ff
 .text.Chip_UART_IRQRBHandler
                0x000041b0       0x68 D:\Developpement_Robot\Robotic-System.git\trunk\Workspaces\MultiWorkSpaces_2021\0_lpc_chip_175x_6x\Release\lib0_lpc_chip_175x_6x.a(uart_17xx_40xx.o)
                0x000041b0                Chip_UART_IRQRBHandler
 .text.Set_Clock_in
                0x00004218        0xc D:\Developpement_Robot\Robotic-System.git\trunk\Workspaces\MultiWorkSpaces_2021\0_lpc_board_nxp_lpcxpresso_1769\Release\lib0_lpc_board_nxp_lpcxpresso_1769.a(board.o)
                0x00004218                Set_Clock_in
 .text.Board_Init
                0x00004224       0x12 D:\Developpement_Robot\Robotic-System.git\trunk\Workspaces\MultiWorkSpaces_2021\0_lpc_board_nxp_lpcxpresso_1769\Release\lib0_lpc_board_nxp_lpcxpresso_1769.a(board.o)
                0x00004224                Board_Init
 *fill*         0x00004236        0x2 ff
 .text          0x00004238       0x30 c:/nxp/mcuxpressoide_11.2.1_4149/ide/plugins/com.nxp.mcuxpresso.tools.win32_11.2.0.202008311134/tools/bin/../lib/gcc/arm-none-eabi/9.2.1/thumb/v7-m/nofp\libgcc.a(_aeabi_uldivmod.o)
                0x00004238                __aeabi_uldivmod
 .text          0x00004268      0x2c4 c:/nxp/mcuxpressoide_11.2.1_4149/ide/plugins/com.nxp.mcuxpresso.tools.win32_11.2.0.202008311134/tools/bin/../lib/gcc/arm-none-eabi/9.2.1/thumb/v7-m/nofp\libgcc.a(_udivmoddi4.o)
                0x00004268                __udivmoddi4
 .text          0x0000452c        0x4 c:/nxp/mcuxpressoide_11.2.1_4149/ide/plugins/com.nxp.mcuxpresso.tools.win32_11.2.0.202008311134/tools/bin/../lib/gcc/arm-none-eabi/9.2.1/thumb/v7-m/nofp\libgcc.a(_dvmd_tls.o)
                0x0000452c                __aeabi_idiv0
                0x0000452c                __aeabi_ldiv0
 .text.malloc   0x00004530       0x10 c:/nxp/mcuxpressoide_11.2.1_4149/ide/plugins/com.nxp.mcuxpresso.tools.win32_11.2.0.202008311134/tools/bin/../lib/gcc/arm-none-eabi/9.2.1/../../../../arm-none-eabi/lib/thumb/v7-m/nofp\libc.a(lib_a-malloc.o)
                0x00004530                malloc
 .text.free     0x00004540       0x10 c:/nxp/mcuxpressoide_11.2.1_4149/ide/plugins/com.nxp.mcuxpresso.tools.win32_11.2.0.202008311134/tools/bin/../lib/gcc/arm-none-eabi/9.2.1/../../../../arm-none-eabi/lib/thumb/v7-m/nofp\libc.a(lib_a-malloc.o)
                0x00004540                free
 .text._malloc_r
                0x00004550      0x55c c:/nxp/mcuxpressoide_11.2.1_4149/ide/plugins/com.nxp.mcuxpresso.tools.win32_11.2.0.202008311134/tools/bin/../lib/gcc/arm-none-eabi/9.2.1/../../../../arm-none-eabi/lib/thumb/v7-m/nofp\libc.a(lib_a-mallocr.o)
                0x00004550                _malloc_r
 .text          0x00004aac       0xec c:/nxp/mcuxpressoide_11.2.1_4149/ide/plugins/com.nxp.mcuxpresso.tools.win32_11.2.0.202008311134/tools/bin/../lib/gcc/arm-none-eabi/9.2.1/../../../../arm-none-eabi/lib/thumb/v7-m/nofp\libc.a(lib_a-memcpy.o)
                0x00004aac                memcpy
 .text.memset   0x00004b98       0xa0 c:/nxp/mcuxpressoide_11.2.1_4149/ide/plugins/com.nxp.mcuxpresso.tools.win32_11.2.0.202008311134/tools/bin/../lib/gcc/arm-none-eabi/9.2.1/../../../../arm-none-eabi/lib/thumb/v7-m/nofp\libc.a(lib_a-memset.o)
                0x00004b98                memset
 .text.__malloc_lock
                0x00004c38        0xc c:/nxp/mcuxpressoide_11.2.1_4149/ide/plugins/com.nxp.mcuxpresso.tools.win32_11.2.0.202008311134/tools/bin/../lib/gcc/arm-none-eabi/9.2.1/../../../../arm-none-eabi/lib/thumb/v7-m/nofp\libc.a(lib_a-mlock.o)
                0x00004c38                __malloc_lock
 .text.__malloc_unlock
                0x00004c44        0xc c:/nxp/mcuxpressoide_11.2.1_4149/ide/plugins/com.nxp.mcuxpresso.tools.win32_11.2.0.202008311134/tools/bin/../lib/gcc/arm-none-eabi/9.2.1/../../../../arm-none-eabi/lib/thumb/v7-m/nofp\libc.a(lib_a-mlock.o)
                0x00004c44                __malloc_unlock
 .text._sbrk_r  0x00004c50       0x24 c:/nxp/mcuxpressoide_11.2.1_4149/ide/plugins/com.nxp.mcuxpresso.tools.win32_11.2.0.202008311134/tools/bin/../lib/gcc/arm-none-eabi/9.2.1/../../../../arm-none-eabi/lib/thumb/v7-m/nofp\libc.a(lib_a-sbrkr.o)
                0x00004c50                _sbrk_r
 .text.sprintf  0x00004c74       0x44 c:/nxp/mcuxpressoide_11.2.1_4149/ide/plugins/com.nxp.mcuxpresso.tools.win32_11.2.0.202008311134/tools/bin/../lib/gcc/arm-none-eabi/9.2.1/../../../../arm-none-eabi/lib/thumb/v7-m/nofp\libc.a(lib_a-sprintf.o)
                0x00004c74                sprintf
 .text.strlen   0x00004cb8       0x5c c:/nxp/mcuxpressoide_11.2.1_4149/ide/plugins/com.nxp.mcuxpresso.tools.win32_11.2.0.202008311134/tools/bin/../lib/gcc/arm-none-eabi/9.2.1/../../../../arm-none-eabi/lib/thumb/v7-m/nofp\libc.a(lib_a-strlen-stub.o)
                0x00004cb8                strlen
 .text._svfprintf_r
                0x00004d14     0x1b50 c:/nxp/mcuxpressoide_11.2.1_4149/ide/plugins/com.nxp.mcuxpresso.tools.win32_11.2.0.202008311134/tools/bin/../lib/gcc/arm-none-eabi/9.2.1/../../../../arm-none-eabi/lib/thumb/v7-m/nofp\libc.a(lib_a-svfprintf.o)
                0x00004d14                _svfprintf_r
 .text.quorem   0x00006864      0x120 c:/nxp/mcuxpressoide_11.2.1_4149/ide/plugins/com.nxp.mcuxpresso.tools.win32_11.2.0.202008311134/tools/bin/../lib/gcc/arm-none-eabi/9.2.1/../../../../arm-none-eabi/lib/thumb/v7-m/nofp\libc.a(lib_a-dtoa.o)
 *fill*         0x00006984        0x4 ff
 .text._dtoa_r  0x00006988      0xe8c c:/nxp/mcuxpressoide_11.2.1_4149/ide/plugins/com.nxp.mcuxpresso.tools.win32_11.2.0.202008311134/tools/bin/../lib/gcc/arm-none-eabi/9.2.1/../../../../arm-none-eabi/lib/thumb/v7-m/nofp\libc.a(lib_a-dtoa.o)
                0x00006988                _dtoa_r
 .text._malloc_trim_r
                0x00007814       0xa0 c:/nxp/mcuxpressoide_11.2.1_4149/ide/plugins/com.nxp.mcuxpresso.tools.win32_11.2.0.202008311134/tools/bin/../lib/gcc/arm-none-eabi/9.2.1/../../../../arm-none-eabi/lib/thumb/v7-m/nofp\libc.a(lib_a-freer.o)
                0x00007814                _malloc_trim_r
 .text._free_r  0x000078b4      0x20c c:/nxp/mcuxpressoide_11.2.1_4149/ide/plugins/com.nxp.mcuxpresso.tools.win32_11.2.0.202008311134/tools/bin/../lib/gcc/arm-none-eabi/9.2.1/../../../../arm-none-eabi/lib/thumb/v7-m/nofp\libc.a(lib_a-freer.o)
                0x000078b4                _free_r
 .text._localeconv_r
                0x00007ac0        0x8 c:/nxp/mcuxpressoide_11.2.1_4149/ide/plugins/com.nxp.mcuxpresso.tools.win32_11.2.0.202008311134/tools/bin/../lib/gcc/arm-none-eabi/9.2.1/../../../../arm-none-eabi/lib/thumb/v7-m/nofp\libc.a(lib_a-localeconv.o)
                0x00007ac0                _localeconv_r
 .text.__retarget_lock_acquire_recursive
                0x00007ac8        0x4 c:/nxp/mcuxpressoide_11.2.1_4149/ide/plugins/com.nxp.mcuxpresso.tools.win32_11.2.0.202008311134/tools/bin/../lib/gcc/arm-none-eabi/9.2.1/../../../../arm-none-eabi/lib/thumb/v7-m/nofp\libc.a(lib_a-lock.o)
                0x00007ac8                __retarget_lock_acquire_recursive
 .text.__retarget_lock_release_recursive
                0x00007acc        0x4 c:/nxp/mcuxpressoide_11.2.1_4149/ide/plugins/com.nxp.mcuxpresso.tools.win32_11.2.0.202008311134/tools/bin/../lib/gcc/arm-none-eabi/9.2.1/../../../../arm-none-eabi/lib/thumb/v7-m/nofp\libc.a(lib_a-lock.o)
                0x00007acc                __retarget_lock_release_recursive
 .text.memchr   0x00007ad0       0x80 c:/nxp/mcuxpressoide_11.2.1_4149/ide/plugins/com.nxp.mcuxpresso.tools.win32_11.2.0.202008311134/tools/bin/../lib/gcc/arm-none-eabi/9.2.1/../../../../arm-none-eabi/lib/thumb/v7-m/nofp\libc.a(lib_a-memchr-stub.o)
                0x00007ad0                memchr
 .text._Balloc  0x00007b50       0x4c c:/nxp/mcuxpressoide_11.2.1_4149/ide/plugins/com.nxp.mcuxpresso.tools.win32_11.2.0.202008311134/tools/bin/../lib/gcc/arm-none-eabi/9.2.1/../../../../arm-none-eabi/lib/thumb/v7-m/nofp\libc.a(lib_a-mprec.o)
                0x00007b50                _Balloc
 .text._Bfree   0x00007b9c       0x14 c:/nxp/mcuxpressoide_11.2.1_4149/ide/plugins/com.nxp.mcuxpresso.tools.win32_11.2.0.202008311134/tools/bin/../lib/gcc/arm-none-eabi/9.2.1/../../../../arm-none-eabi/lib/thumb/v7-m/nofp\libc.a(lib_a-mprec.o)
                0x00007b9c                _Bfree
 .text.__multadd
                0x00007bb0       0x7c c:/nxp/mcuxpressoide_11.2.1_4149/ide/plugins/com.nxp.mcuxpresso.tools.win32_11.2.0.202008311134/tools/bin/../lib/gcc/arm-none-eabi/9.2.1/../../../../arm-none-eabi/lib/thumb/v7-m/nofp\libc.a(lib_a-mprec.o)
                0x00007bb0                __multadd
 .text.__hi0bits
                0x00007c2c       0x40 c:/nxp/mcuxpressoide_11.2.1_4149/ide/plugins/com.nxp.mcuxpresso.tools.win32_11.2.0.202008311134/tools/bin/../lib/gcc/arm-none-eabi/9.2.1/../../../../arm-none-eabi/lib/thumb/v7-m/nofp\libc.a(lib_a-mprec.o)
                0x00007c2c                __hi0bits
 .text.__lo0bits
                0x00007c6c       0x60 c:/nxp/mcuxpressoide_11.2.1_4149/ide/plugins/com.nxp.mcuxpresso.tools.win32_11.2.0.202008311134/tools/bin/../lib/gcc/arm-none-eabi/9.2.1/../../../../arm-none-eabi/lib/thumb/v7-m/nofp\libc.a(lib_a-mprec.o)
                0x00007c6c                __lo0bits
 .text.__i2b    0x00007ccc       0x14 c:/nxp/mcuxpressoide_11.2.1_4149/ide/plugins/com.nxp.mcuxpresso.tools.win32_11.2.0.202008311134/tools/bin/../lib/gcc/arm-none-eabi/9.2.1/../../../../arm-none-eabi/lib/thumb/v7-m/nofp\libc.a(lib_a-mprec.o)
                0x00007ccc                __i2b
 .text.__multiply
                0x00007ce0      0x144 c:/nxp/mcuxpressoide_11.2.1_4149/ide/plugins/com.nxp.mcuxpresso.tools.win32_11.2.0.202008311134/tools/bin/../lib/gcc/arm-none-eabi/9.2.1/../../../../arm-none-eabi/lib/thumb/v7-m/nofp\libc.a(lib_a-mprec.o)
                0x00007ce0                __multiply
 .text.__pow5mult
                0x00007e24       0xa0 c:/nxp/mcuxpressoide_11.2.1_4149/ide/plugins/com.nxp.mcuxpresso.tools.win32_11.2.0.202008311134/tools/bin/../lib/gcc/arm-none-eabi/9.2.1/../../../../arm-none-eabi/lib/thumb/v7-m/nofp\libc.a(lib_a-mprec.o)
                0x00007e24                __pow5mult
 .text.__lshift
                0x00007ec4       0xd0 c:/nxp/mcuxpressoide_11.2.1_4149/ide/plugins/com.nxp.mcuxpresso.tools.win32_11.2.0.202008311134/tools/bin/../lib/gcc/arm-none-eabi/9.2.1/../../../../arm-none-eabi/lib/thumb/v7-m/nofp\libc.a(lib_a-mprec.o)
                0x00007ec4                __lshift
 .text.__mcmp   0x00007f94       0x3c c:/nxp/mcuxpressoide_11.2.1_4149/ide/plugins/com.nxp.mcuxpresso.tools.win32_11.2.0.202008311134/tools/bin/../lib/gcc/arm-none-eabi/9.2.1/../../../../arm-none-eabi/lib/thumb/v7-m/nofp\libc.a(lib_a-mprec.o)
                0x00007f94                __mcmp
 .text.__mdiff  0x00007fd0      0x138 c:/nxp/mcuxpressoide_11.2.1_4149/ide/plugins/com.nxp.mcuxpresso.tools.win32_11.2.0.202008311134/tools/bin/../lib/gcc/arm-none-eabi/9.2.1/../../../../arm-none-eabi/lib/thumb/v7-m/nofp\libc.a(lib_a-mprec.o)
                0x00007fd0                __mdiff
 .text.__d2b    0x00008108       0xa8 c:/nxp/mcuxpressoide_11.2.1_4149/ide/plugins/com.nxp.mcuxpresso.tools.win32_11.2.0.202008311134/tools/bin/../lib/gcc/arm-none-eabi/9.2.1/../../../../arm-none-eabi/lib/thumb/v7-m/nofp\libc.a(lib_a-mprec.o)
                0x00008108                __d2b
 .text.frexp    0x000081b0       0x70 c:/nxp/mcuxpressoide_11.2.1_4149/ide/plugins/com.nxp.mcuxpresso.tools.win32_11.2.0.202008311134/tools/bin/../lib/gcc/arm-none-eabi/9.2.1/../../../../arm-none-eabi/lib/thumb/v7-m/nofp\libc.a(lib_a-s_frexp.o)
                0x000081b0                frexp
 .text.strncpy  0x00008220       0x68 c:/nxp/mcuxpressoide_11.2.1_4149/ide/plugins/com.nxp.mcuxpresso.tools.win32_11.2.0.202008311134/tools/bin/../lib/gcc/arm-none-eabi/9.2.1/../../../../arm-none-eabi/lib/thumb/v7-m/nofp\libc.a(lib_a-strncpy.o)
                0x00008220                strncpy
 .text.__ssprint_r
                0x00008288       0xf8 c:/nxp/mcuxpressoide_11.2.1_4149/ide/plugins/com.nxp.mcuxpresso.tools.win32_11.2.0.202008311134/tools/bin/../lib/gcc/arm-none-eabi/9.2.1/../../../../arm-none-eabi/lib/thumb/v7-m/nofp\libc.a(lib_a-svfiprintf.o)
                0x00008288                __ssprint_r
 .text._calloc_r
                0x00008380       0x60 c:/nxp/mcuxpressoide_11.2.1_4149/ide/plugins/com.nxp.mcuxpresso.tools.win32_11.2.0.202008311134/tools/bin/../lib/gcc/arm-none-eabi/9.2.1/../../../../arm-none-eabi/lib/thumb/v7-m/nofp\libc.a(lib_a-callocr.o)
                0x00008380                _calloc_r
 .text.__ascii_mbtowc
                0x000083e0       0x2c c:/nxp/mcuxpressoide_11.2.1_4149/ide/plugins/com.nxp.mcuxpresso.tools.win32_11.2.0.202008311134/tools/bin/../lib/gcc/arm-none-eabi/9.2.1/../../../../arm-none-eabi/lib/thumb/v7-m/nofp\libc.a(lib_a-mbtowc_r.o)
                0x000083e0                __ascii_mbtowc
 .text.memmove  0x0000840c       0xd4 c:/nxp/mcuxpressoide_11.2.1_4149/ide/plugins/com.nxp.mcuxpresso.tools.win32_11.2.0.202008311134/tools/bin/../lib/gcc/arm-none-eabi/9.2.1/../../../../arm-none-eabi/lib/thumb/v7-m/nofp\libc.a(lib_a-memmove.o)
                0x0000840c                memmove
 .text._realloc_r
                0x000084e0      0x3e0 c:/nxp/mcuxpressoide_11.2.1_4149/ide/plugins/com.nxp.mcuxpresso.tools.win32_11.2.0.202008311134/tools/bin/../lib/gcc/arm-none-eabi/9.2.1/../../../../arm-none-eabi/lib/thumb/v7-m/nofp\libc.a(lib_a-reallocr.o)
                0x000084e0                _realloc_r
 .text.__ascii_wctomb
                0x000088c0       0x1c c:/nxp/mcuxpressoide_11.2.1_4149/ide/plugins/com.nxp.mcuxpresso.tools.win32_11.2.0.202008311134/tools/bin/../lib/gcc/arm-none-eabi/9.2.1/../../../../arm-none-eabi/lib/thumb/v7-m/nofp\libc.a(lib_a-wctomb_r.o)
                0x000088c0                __ascii_wctomb
 .text._sbrk    0x000088dc       0x3c c:/nxp/mcuxpressoide_11.2.1_4149/ide/plugins/com.nxp.mcuxpresso.tools.win32_11.2.0.202008311134/tools/bin/../lib/gcc/arm-none-eabi/9.2.1/../../../../arm-none-eabi/lib/thumb/v7-m/nofp\libcr_newlib_none.a(_cr_sbrk.o)
                0x000088dc                _sbrk
 .text.__check_heap_overflow
                0x00008918       0x14 c:/nxp/mcuxpressoide_11.2.1_4149/ide/plugins/com.nxp.mcuxpresso.tools.win32_11.2.0.202008311134/tools/bin/../lib/gcc/arm-none-eabi/9.2.1/../../../../arm-none-eabi/lib/thumb/v7-m/nofp\libcr_newlib_none.a(_cr_check_heap.o)
                0x00008918                __check_heap_overflow
 .text          0x0000892c      0x378 c:/nxp/mcuxpressoide_11.2.1_4149/ide/plugins/com.nxp.mcuxpresso.tools.win32_11.2.0.202008311134/tools/bin/../lib/gcc/arm-none-eabi/9.2.1/thumb/v7-m/nofp\libgcc.a(_arm_addsubdf3.o)
                0x0000892c                __aeabi_drsub
                0x00008934                __aeabi_dsub
                0x00008934                __subdf3
                0x00008938                __aeabi_dadd
                0x00008938                __adddf3
                0x00008bb0                __floatunsidf
                0x00008bb0                __aeabi_ui2d
                0x00008bd0                __floatsidf
                0x00008bd0                __aeabi_i2d
                0x00008bf4                __aeabi_f2d
                0x00008bf4                __extendsfdf2
                0x00008c38                __floatundidf
                0x00008c38                __aeabi_ul2d
                0x00008c48                __floatdidf
                0x00008c48                __aeabi_l2d
 .text          0x00008ca4      0x424 c:/nxp/mcuxpressoide_11.2.1_4149/ide/plugins/com.nxp.mcuxpresso.tools.win32_11.2.0.202008311134/tools/bin/../lib/gcc/arm-none-eabi/9.2.1/thumb/v7-m/nofp\libgcc.a(_arm_muldivdf3.o)
                0x00008ca4                __aeabi_dmul
                0x00008ca4                __muldf3
                0x00008ef8                __divdf3
                0x00008ef8                __aeabi_ddiv
 .text          0x000090c8      0x110 c:/nxp/mcuxpressoide_11.2.1_4149/ide/plugins/com.nxp.mcuxpresso.tools.win32_11.2.0.202008311134/tools/bin/../lib/gcc/arm-none-eabi/9.2.1/thumb/v7-m/nofp\libgcc.a(_arm_cmpdf2.o)
                0x000090c8                __gtdf2
                0x000090c8                __gedf2
                0x000090d0                __ltdf2
                0x000090d0                __ledf2
                0x000090d8                __nedf2
                0x000090d8                __eqdf2
                0x000090d8                __cmpdf2
                0x00009154                __aeabi_cdrcmple
                0x00009164                __aeabi_cdcmpeq
                0x00009164                __aeabi_cdcmple
                0x00009174                __aeabi_dcmpeq
                0x00009188                __aeabi_dcmplt
                0x0000919c                __aeabi_dcmple
                0x000091b0                __aeabi_dcmpge
                0x000091c4                __aeabi_dcmpgt
 .text          0x000091d8       0x2c c:/nxp/mcuxpressoide_11.2.1_4149/ide/plugins/com.nxp.mcuxpresso.tools.win32_11.2.0.202008311134/tools/bin/../lib/gcc/arm-none-eabi/9.2.1/thumb/v7-m/nofp\libgcc.a(_arm_unorddf2.o)
                0x000091d8                __unorddf2
                0x000091d8                __aeabi_dcmpun
 .text          0x00009204       0x50 c:/nxp/mcuxpressoide_11.2.1_4149/ide/plugins/com.nxp.mcuxpresso.tools.win32_11.2.0.202008311134/tools/bin/../lib/gcc/arm-none-eabi/9.2.1/thumb/v7-m/nofp\libgcc.a(_arm_fixdfsi.o)
                0x00009204                __aeabi_d2iz
                0x00009204                __fixdfsi
 .text.__errno  0x00009254        0xc c:/nxp/mcuxpressoide_11.2.1_4149/ide/plugins/com.nxp.mcuxpresso.tools.win32_11.2.0.202008311134/tools/bin/../lib/gcc/arm-none-eabi/9.2.1/../../../../arm-none-eabi/lib/thumb/v7-m/nofp\libc.a(lib_a-errno.o)
                0x00009254                __errno
 *(.rodata .rodata.* .constdata .constdata.*)
 .rodata.main.str1.4
                0x00009260       0x2c ./src/main.o
 .rodata.vTaskStartScheduler.str1.4
                0x0000928c        0x5 ./freertos/src/tasks.o
 *fill*         0x00009291        0x3 ff
 .rodata.xTimerCreateTimerTask.str1.4
                0x00009294        0x8 ./freertos/src/timers.o
 .rodata.prvCheckForValidListAndQueue.str1.4
                0x0000929c        0x5 ./freertos/src/timers.o
 *fill*         0x000092a1        0x3 ff
 .rodata        0x000092a4       0x25 ./0_Communication/0_Communication.o
 *fill*         0x000092c9        0x3 ff
 .rodata        0x000092cc       0x29 ./0_Communication/1_Trame_Communication.o
 *fill*         0x000092f5        0x3 ff
 .rodata._2_Comm_Send_PONG.str1.4
                0x000092f8       0x44 ./0_Communication/2_Echange_Datas.o
 .rodata._2_Communication_RX_Init.str1.4
                0x0000933c       0x11 ./0_Communication/2_Echange_Datas_Reception.o
 *fill*         0x0000934d        0x3 ff
 .rodata.MainOscPLL0conf_12
                0x00009350       0xf0 D:\Developpement_Robot\Robotic-System.git\trunk\Workspaces\MultiWorkSpaces_2021\0_lpc_chip_175x_6x\Release\lib0_lpc_chip_175x_6x.a(sysinit_17xx_40xx.o)
 .rodata.MainOscPLL0conf_16
                0x00009440       0xb0 D:\Developpement_Robot\Robotic-System.git\trunk\Workspaces\MultiWorkSpaces_2021\0_lpc_chip_175x_6x\Release\lib0_lpc_chip_175x_6x.a(sysinit_17xx_40xx.o)
 .rodata.RTCOscRateIn
                0x000094f0        0x4 D:\Developpement_Robot\Robotic-System.git\trunk\Workspaces\MultiWorkSpaces_2021\0_lpc_board_nxp_lpcxpresso_1769\Release\lib0_lpc_board_nxp_lpcxpresso_1769.a(board.o)
                0x000094f0                RTCOscRateIn
 .rodata._svfprintf_r.str1.4
                0x000094f4       0x42 c:/nxp/mcuxpressoide_11.2.1_4149/ide/plugins/com.nxp.mcuxpresso.tools.win32_11.2.0.202008311134/tools/bin/../lib/gcc/arm-none-eabi/9.2.1/../../../../arm-none-eabi/lib/thumb/v7-m/nofp\libc.a(lib_a-svfprintf.o)
 *fill*         0x00009536        0x2 ff
 .rodata.blanks.7345
                0x00009538       0x10 c:/nxp/mcuxpressoide_11.2.1_4149/ide/plugins/com.nxp.mcuxpresso.tools.win32_11.2.0.202008311134/tools/bin/../lib/gcc/arm-none-eabi/9.2.1/../../../../arm-none-eabi/lib/thumb/v7-m/nofp\libc.a(lib_a-svfprintf.o)
 .rodata.zeroes.7346
                0x00009548       0x10 c:/nxp/mcuxpressoide_11.2.1_4149/ide/plugins/com.nxp.mcuxpresso.tools.win32_11.2.0.202008311134/tools/bin/../lib/gcc/arm-none-eabi/9.2.1/../../../../arm-none-eabi/lib/thumb/v7-m/nofp\libc.a(lib_a-svfprintf.o)
 .rodata._dtoa_r.str1.4
                0x00009558        0xd c:/nxp/mcuxpressoide_11.2.1_4149/ide/plugins/com.nxp.mcuxpresso.tools.win32_11.2.0.202008311134/tools/bin/../lib/gcc/arm-none-eabi/9.2.1/../../../../arm-none-eabi/lib/thumb/v7-m/nofp\libc.a(lib_a-dtoa.o)
                                 0x12 (size before relaxing)
 *fill*         0x00009565        0x3 ff
 .rodata.__mprec_bigtens
                0x00009568       0x28 c:/nxp/mcuxpressoide_11.2.1_4149/ide/plugins/com.nxp.mcuxpresso.tools.win32_11.2.0.202008311134/tools/bin/../lib/gcc/arm-none-eabi/9.2.1/../../../../arm-none-eabi/lib/thumb/v7-m/nofp\libc.a(lib_a-mprec.o)
                0x00009568                __mprec_bigtens
 .rodata.__mprec_tens
                0x00009590       0xc8 c:/nxp/mcuxpressoide_11.2.1_4149/ide/plugins/com.nxp.mcuxpresso.tools.win32_11.2.0.202008311134/tools/bin/../lib/gcc/arm-none-eabi/9.2.1/../../../../arm-none-eabi/lib/thumb/v7-m/nofp\libc.a(lib_a-mprec.o)
                0x00009590                __mprec_tens
 .rodata.p05.6115
                0x00009658        0xc c:/nxp/mcuxpressoide_11.2.1_4149/ide/plugins/com.nxp.mcuxpresso.tools.win32_11.2.0.202008311134/tools/bin/../lib/gcc/arm-none-eabi/9.2.1/../../../../arm-none-eabi/lib/thumb/v7-m/nofp\libc.a(lib_a-mprec.o)
 .rodata._setlocale_r.str1.4
                0x00009664        0xa c:/nxp/mcuxpressoide_11.2.1_4149/ide/plugins/com.nxp.mcuxpresso.tools.win32_11.2.0.202008311134/tools/bin/../lib/gcc/arm-none-eabi/9.2.1/../../../../arm-none-eabi/lib/thumb/v7-m/nofp\libc.a(lib_a-locale.o)
                                  0xd (size before relaxing)
 *fill*         0x0000966e        0x2 ff
 .rodata.str1.4
                0x00009670        0x2 c:/nxp/mcuxpressoide_11.2.1_4149/ide/plugins/com.nxp.mcuxpresso.tools.win32_11.2.0.202008311134/tools/bin/../lib/gcc/arm-none-eabi/9.2.1/../../../../arm-none-eabi/lib/thumb/v7-m/nofp\libc.a(lib_a-locale.o)
 *fill*         0x00009672        0x2 ff
 .rodata._ctype_
                0x00009674      0x101 c:/nxp/mcuxpressoide_11.2.1_4149/ide/plugins/com.nxp.mcuxpresso.tools.win32_11.2.0.202008311134/tools/bin/../lib/gcc/arm-none-eabi/9.2.1/../../../../arm-none-eabi/lib/thumb/v7-m/nofp\libc.a(lib_a-ctype_.o)
                0x00009674                _ctype_
                0x00009778                . = ALIGN (0x4)
 *fill*         0x00009775        0x3 ff

.glue_7         0x00009778        0x0
 .glue_7        0x00009778        0x0 linker stubs

.glue_7t        0x00009778        0x0
 .glue_7t       0x00009778        0x0 linker stubs

.vfp11_veneer   0x00009778        0x0
 .vfp11_veneer  0x00009778        0x0 linker stubs

.v4_bx          0x00009778        0x0
 .v4_bx         0x00009778        0x0 linker stubs

.iplt           0x00009778        0x0
 .iplt          0x00009778        0x0 ./src/Bootloader.o

.ARM.extab
 *(.ARM.extab* .gnu.linkonce.armextab.*)

.ARM.exidx      0x00009778        0x8
                0x00009778                __exidx_start = .
 *(.ARM.exidx* .gnu.linkonce.armexidx.*)
 .ARM.exidx     0x00009778        0x8 c:/nxp/mcuxpressoide_11.2.1_4149/ide/plugins/com.nxp.mcuxpresso.tools.win32_11.2.0.202008311134/tools/bin/../lib/gcc/arm-none-eabi/9.2.1/thumb/v7-m/nofp\libgcc.a(_udivmoddi4.o)
                0x00009780                __exidx_end = .
                0x00009780                _etext = .

.rel.dyn        0x00009780        0x0
 .rel.iplt      0x00009780        0x0 ./src/Bootloader.o

.data_RAM2      0x2007c000        0x0 load address 0x00009780
 FILL mask 0xff
                [!provide]                PROVIDE (__start_data_RAM2 = .)
                [!provide]                PROVIDE (__start_data_RamAHB32 = .)
 *(.ramfunc.$RAM2)
 *(.ramfunc.$RamAHB32)
 *(.data.$RAM2)
 *(.data.$RamAHB32)
 *(.data.$RAM2.*)
 *(.data.$RamAHB32.*)
                0x2007c000                . = ALIGN (0x4)
                [!provide]                PROVIDE (__end_data_RAM2 = .)
                [!provide]                PROVIDE (__end_data_RamAHB32 = .)

.uninit_RESERVED
                0x10000000        0x0
                0x10000000                _start_uninit_RESERVED = .
 *(.bss.$RESERVED*)
                0x10000000                . = ALIGN (0x4)
                0x10000000                _end_uninit_RESERVED = .

.data           0x10000000      0xa2c load address 0x00009780
 FILL mask 0xff
                0x10000000                _data = .
                [!provide]                PROVIDE (__start_data_RAM = .)
                [!provide]                PROVIDE (__start_data_RamLoc32 = .)
 *(vtable)
 *(.ramfunc*)
 *(CodeQuickAccess)
 *(DataQuickAccess)
 *(RamFunction)
 *(.data*)
 .data.sector_start_map
                0x10000000       0x78 ./src/Bootloader.o
                0x10000000                sector_start_map
 .data.is_RunApplication_running
                0x10000078        0x1 ./src/Bootloader_Data.o
                0x10000078                is_RunApplication_running
 *fill*         0x10000079        0x3 ff
 .data.uxCriticalNesting
                0x1000007c        0x4 ./freertos/src/port.o
 .data.OscRateIn
                0x10000080        0x4 D:\Developpement_Robot\Robotic-System.git\trunk\Workspaces\MultiWorkSpaces_2021\0_lpc_board_nxp_lpcxpresso_1769\Release\lib0_lpc_board_nxp_lpcxpresso_1769.a(board.o)
                0x10000080                OscRateIn
 .data.__malloc_av_
                0x10000084      0x408 c:/nxp/mcuxpressoide_11.2.1_4149/ide/plugins/com.nxp.mcuxpresso.tools.win32_11.2.0.202008311134/tools/bin/../lib/gcc/arm-none-eabi/9.2.1/../../../../arm-none-eabi/lib/thumb/v7-m/nofp\libc.a(lib_a-mallocr.o)
                0x10000084                __malloc_av_
 .data.__malloc_sbrk_base
                0x1000048c        0x4 c:/nxp/mcuxpressoide_11.2.1_4149/ide/plugins/com.nxp.mcuxpresso.tools.win32_11.2.0.202008311134/tools/bin/../lib/gcc/arm-none-eabi/9.2.1/../../../../arm-none-eabi/lib/thumb/v7-m/nofp\libc.a(lib_a-mallocr.o)
                0x1000048c                __malloc_sbrk_base
 .data.__malloc_trim_threshold
                0x10000490        0x4 c:/nxp/mcuxpressoide_11.2.1_4149/ide/plugins/com.nxp.mcuxpresso.tools.win32_11.2.0.202008311134/tools/bin/../lib/gcc/arm-none-eabi/9.2.1/../../../../arm-none-eabi/lib/thumb/v7-m/nofp\libc.a(lib_a-mallocr.o)
                0x10000490                __malloc_trim_threshold
 .data._impure_ptr
                0x10000494        0x4 c:/nxp/mcuxpressoide_11.2.1_4149/ide/plugins/com.nxp.mcuxpresso.tools.win32_11.2.0.202008311134/tools/bin/../lib/gcc/arm-none-eabi/9.2.1/../../../../arm-none-eabi/lib/thumb/v7-m/nofp\libc.a(lib_a-impure.o)
                0x10000494                _impure_ptr
 .data.impure_data
                0x10000498      0x428 c:/nxp/mcuxpressoide_11.2.1_4149/ide/plugins/com.nxp.mcuxpresso.tools.win32_11.2.0.202008311134/tools/bin/../lib/gcc/arm-none-eabi/9.2.1/../../../../arm-none-eabi/lib/thumb/v7-m/nofp\libc.a(lib_a-impure.o)
 .data.__global_locale
                0x100008c0      0x16c c:/nxp/mcuxpressoide_11.2.1_4149/ide/plugins/com.nxp.mcuxpresso.tools.win32_11.2.0.202008311134/tools/bin/../lib/gcc/arm-none-eabi/9.2.1/../../../../arm-none-eabi/lib/thumb/v7-m/nofp\libc.a(lib_a-locale.o)
                0x100008c0                __global_locale
                0x10000a2c                . = ALIGN (0x4)
                0x10000a2c                _edata = .
                [!provide]                PROVIDE (__end_data_RAM = .)
                [!provide]                PROVIDE (__end_data_RamLoc32 = .)

.igot.plt       0x10000a2c        0x0 load address 0x0000a1ac
 .igot.plt      0x10000a2c        0x0 ./src/Bootloader.o

.bss_RAM2       0x2007c000        0x0
                [!provide]                PROVIDE (__start_bss_RAM2 = .)
                [!provide]                PROVIDE (__start_bss_RamAHB32 = .)
 *(.bss.$RAM2)
 *(.bss.$RamAHB32)
 *(.bss.$RAM2.*)
 *(.bss.$RamAHB32.*)
                0x2007c000                . = ALIGN ((. != 0x0)?0x4:0x1)
                [!provide]                PROVIDE (__end_bss_RAM2 = .)
                [!provide]                PROVIDE (__end_bss_RamAHB32 = .)

.bss            0x10000a2c     0x16cc
                0x10000a2c                _bss = .
                [!provide]                PROVIDE (__start_bss_RAM = .)
                [!provide]                PROVIDE (__start_bss_RamLoc32 = .)
 *(.bss*)
 .bss.param_table
                0x10000a2c       0x14 ./src/Bootloader.o
                0x10000a2c                param_table
 .bss.result_table
                0x10000a40       0x14 ./src/Bootloader.o
                0x10000a40                result_table
 .bss.Offset_Adresse_Ecriture
                0x10000a54        0x4 ./src/Bootloader_Data.o
                0x10000a54                Offset_Adresse_Ecriture
 .bss.Nb_Bloc   0x10000a58        0x4 ./src/Bootloader_Data.o
                0x10000a58                Nb_Bloc
 .bss.flash_buf
                0x10000a5c     0x1000 ./src/Bootloader_Data.o
                0x10000a5c                flash_buf
 .bss.block_start_address
                0x10001a5c        0x4 ./src/Bootloader_Data.o
                0x10001a5c                block_start_address
 .bss.last_erased_sector
                0x10001a60        0x4 ./src/Flash_iap.o
                0x10001a60                last_erased_sector
 .bss.Run_Application_Handler
                0x10001a64        0x4 ./src/main.o
                0x10001a64                Run_Application_Handler
 .bss.xQueueRegistry
                0x10001a68       0x50 ./freertos/src/queue.o
                0x10001a68                xQueueRegistry
 .bss.pxCurrentTCB
                0x10001ab8        0x4 ./freertos/src/tasks.o
                0x10001ab8                pxCurrentTCB
 .bss.pxReadyTasksLists
                0x10001abc       0x64 ./freertos/src/tasks.o
 .bss.xDelayedTaskList1
                0x10001b20       0x14 ./freertos/src/tasks.o
 .bss.xDelayedTaskList2
                0x10001b34       0x14 ./freertos/src/tasks.o
 .bss.pxDelayedTaskList
                0x10001b48        0x4 ./freertos/src/tasks.o
 .bss.pxOverflowDelayedTaskList
                0x10001b4c        0x4 ./freertos/src/tasks.o
 .bss.xPendingReadyList
                0x10001b50       0x14 ./freertos/src/tasks.o
 .bss.xTasksWaitingTermination
                0x10001b64       0x14 ./freertos/src/tasks.o
 .bss.uxDeletedTasksWaitingCleanUp
                0x10001b78        0x4 ./freertos/src/tasks.o
 .bss.xSuspendedTaskList
                0x10001b7c       0x14 ./freertos/src/tasks.o
 .bss.uxCurrentNumberOfTasks
                0x10001b90        0x4 ./freertos/src/tasks.o
 .bss.xTickCount
                0x10001b94        0x4 ./freertos/src/tasks.o
 .bss.uxTopReadyPriority
                0x10001b98        0x4 ./freertos/src/tasks.o
 .bss.xSchedulerRunning
                0x10001b9c        0x4 ./freertos/src/tasks.o
 .bss.xPendedTicks
                0x10001ba0        0x4 ./freertos/src/tasks.o
 .bss.xYieldPending
                0x10001ba4        0x4 ./freertos/src/tasks.o
 .bss.xNumOfOverflows
                0x10001ba8        0x4 ./freertos/src/tasks.o
 .bss.uxTaskNumber
                0x10001bac        0x4 ./freertos/src/tasks.o
 .bss.xNextTaskUnblockTime
                0x10001bb0        0x4 ./freertos/src/tasks.o
 .bss.xIdleTaskHandle
                0x10001bb4        0x4 ./freertos/src/tasks.o
 .bss.uxSchedulerSuspended
                0x10001bb8        0x4 ./freertos/src/tasks.o
 .bss.xActiveTimerList1
                0x10001bbc       0x14 ./freertos/src/timers.o
 .bss.xActiveTimerList2
                0x10001bd0       0x14 ./freertos/src/timers.o
 .bss.pxCurrentTimerList
                0x10001be4        0x4 ./freertos/src/timers.o
 .bss.pxOverflowTimerList
                0x10001be8        0x4 ./freertos/src/timers.o
 .bss.xTimerQueue
                0x10001bec        0x4 ./freertos/src/timers.o
 .bss.xTimerTaskHandle
                0x10001bf0        0x4 ./freertos/src/timers.o
 .bss.xLastTime.4994
                0x10001bf4        0x4 ./freertos/src/timers.o
 .bss.rxring_RS485
                0x10001bf8       0x14 ./0_Communication/0_Communication.o
                0x10001bf8                rxring_RS485
 .bss.$RAM3     0x10001c0c      0x180 ./0_Communication/0_Communication.o
 .bss.txring    0x10001d8c       0x14 ./0_Communication/0_Communication.o
                0x10001d8c                txring
 .bss._1_xQueue_Message_TO_Send
                0x10001da0        0x4 ./0_Communication/0_Communication.o
                0x10001da0                _1_xQueue_Message_TO_Send
 .bss.already_flaged.11045
                0x10001da4        0x1 ./0_Communication/0_Communication.o
 *fill*         0x10001da5        0x3 
 .bss.Message.11054
                0x10001da8       0x4d ./0_Communication/0_Communication.o
 *fill*         0x10001df5        0x3 
 .bss.g_txBuff.11055
                0x10001df8       0x80 ./0_Communication/0_Communication.o
 .bss._0_Comm_EventGroup
                0x10001e78        0x4 ./0_Communication/0_Event_Group.o
                0x10001e78                _0_Comm_EventGroup
 .bss._1_xQueue_Message_Receive
                0x10001e7c        0x4 ./0_Communication/1_Trame_Communication.o
                0x10001e7c                _1_xQueue_Message_Receive
 .bss.Nb_Messages_recus
                0x10001e80        0x4 ./0_Communication/1_Trame_Communication.o
 .bss.Nb_Messages_adresses_corrects
                0x10001e84        0x4 ./0_Communication/1_Trame_Communication.o
 .bss.Nb_Erreurs_com
                0x10001e88        0x4 ./0_Communication/1_Trame_Communication.o
 .bss.Nb_Rx_Fifo_Full
                0x10001e8c        0x4 ./0_Communication/1_Trame_Communication.o
 .bss.$RAM3     0x10001e90       0xe3 ./0_Communication/1_Trame_Communication.o
 *fill*         0x10001f73        0x1 
 .bss.$RAM3     0x10001f74       0x46 ./0_Communication/2_Echange_Datas.o
 *fill*         0x10001fba        0x2 
 .bss.log_message
                0x10001fbc       0x3e ./0_Communication/2_Echange_Datas.o
 *fill*         0x10001ffa        0x2 
 .bss.str.9915  0x10001ffc       0x46 ./0_Communication/2_Echange_Datas.o
 *fill*         0x10002042        0x2 
 .bss.Nb_Messages_Interpretes
                0x10002044        0x4 ./0_Communication/2_Echange_Datas_Reception.o
 .bss.Nb_PONG_recus
                0x10002048        0x4 ./0_Communication/2_Echange_Datas_Reception.o
                0x10002048                Nb_PONG_recus
 .bss.$RAM3     0x1000204c       0x46 ./0_Communication/2_Echange_Datas_Reception.o
 .bss.ABsyncSts
                0x10002092        0x1 D:\Developpement_Robot\Robotic-System.git\trunk\Workspaces\MultiWorkSpaces_2021\0_lpc_chip_175x_6x\Release\lib0_lpc_chip_175x_6x.a(uart_17xx_40xx.o)
 *fill*         0x10002093        0x1 
 .bss.__malloc_current_mallinfo
                0x10002094       0x28 c:/nxp/mcuxpressoide_11.2.1_4149/ide/plugins/com.nxp.mcuxpresso.tools.win32_11.2.0.202008311134/tools/bin/../lib/gcc/arm-none-eabi/9.2.1/../../../../arm-none-eabi/lib/thumb/v7-m/nofp\libc.a(lib_a-mallocr.o)
                0x10002094                __malloc_current_mallinfo
 .bss.__malloc_max_sbrked_mem
                0x100020bc        0x4 c:/nxp/mcuxpressoide_11.2.1_4149/ide/plugins/com.nxp.mcuxpresso.tools.win32_11.2.0.202008311134/tools/bin/../lib/gcc/arm-none-eabi/9.2.1/../../../../arm-none-eabi/lib/thumb/v7-m/nofp\libc.a(lib_a-mallocr.o)
                0x100020bc                __malloc_max_sbrked_mem
 .bss.__malloc_max_total_mem
                0x100020c0        0x4 c:/nxp/mcuxpressoide_11.2.1_4149/ide/plugins/com.nxp.mcuxpresso.tools.win32_11.2.0.202008311134/tools/bin/../lib/gcc/arm-none-eabi/9.2.1/../../../../arm-none-eabi/lib/thumb/v7-m/nofp\libc.a(lib_a-mallocr.o)
                0x100020c0                __malloc_max_total_mem
 .bss.__malloc_top_pad
                0x100020c4        0x4 c:/nxp/mcuxpressoide_11.2.1_4149/ide/plugins/com.nxp.mcuxpresso.tools.win32_11.2.0.202008311134/tools/bin/../lib/gcc/arm-none-eabi/9.2.1/../../../../arm-none-eabi/lib/thumb/v7-m/nofp\libc.a(lib_a-mallocr.o)
                0x100020c4                __malloc_top_pad
 .bss.__end_of_heap
                0x100020c8        0x4 c:/nxp/mcuxpressoide_11.2.1_4149/ide/plugins/com.nxp.mcuxpresso.tools.win32_11.2.0.202008311134/tools/bin/../lib/gcc/arm-none-eabi/9.2.1/../../../../arm-none-eabi/lib/thumb/v7-m/nofp\libcr_newlib_none.a(_cr_sbrk.o)
                0x100020c8                __end_of_heap
 *(COMMON)
 COMMON         0x100020cc        0x4 D:\Developpement_Robot\Robotic-System.git\trunk\Workspaces\MultiWorkSpaces_2021\0_lpc_chip_175x_6x\Release\lib0_lpc_chip_175x_6x.a(chip_17xx_40xx.o)
                0x100020cc                SystemCoreClock
 COMMON         0x100020d0       0x21 c:/nxp/mcuxpressoide_11.2.1_4149/ide/plugins/com.nxp.mcuxpresso.tools.win32_11.2.0.202008311134/tools/bin/../lib/gcc/arm-none-eabi/9.2.1/../../../../arm-none-eabi/lib/thumb/v7-m/nofp\libc.a(lib_a-lock.o)
                0x100020d0                __lock___atexit_recursive_mutex
                0x100020d4                __lock___arc4random_mutex
                0x100020d8                __lock___env_recursive_mutex
                0x100020dc                __lock___sinit_recursive_mutex
                0x100020e0                __lock___malloc_recursive_mutex
                0x100020e4                __lock___at_quick_exit_mutex
                0x100020e8                __lock___dd_hash_mutex
                0x100020ec                __lock___tz_mutex
                0x100020f0                __lock___sfp_recursive_mutex
 *fill*         0x100020f1        0x3 
 COMMON         0x100020f4        0x4 c:/nxp/mcuxpressoide_11.2.1_4149/ide/plugins/com.nxp.mcuxpresso.tools.win32_11.2.0.202008311134/tools/bin/../lib/gcc/arm-none-eabi/9.2.1/../../../../arm-none-eabi/lib/thumb/v7-m/nofp\libc.a(lib_a-reent.o)
                0x100020f4                errno
                0x100020f8                . = ALIGN (0x4)
                0x100020f8                _ebss = .
                [!provide]                PROVIDE (__end_bss_RAM = .)
                [!provide]                PROVIDE (__end_bss_RamLoc32 = .)
                [!provide]                PROVIDE (end = .)

.noinit_RAM2    0x2007c000        0x0
                [!provide]                PROVIDE (__start_noinit_RAM2 = .)
                [!provide]                PROVIDE (__start_noinit_RamAHB32 = .)
 *(.noinit.$RAM2)
 *(.noinit.$RamAHB32)
 *(.noinit.$RAM2.*)
 *(.noinit.$RamAHB32.*)
                0x2007c000                . = ALIGN (0x4)
                [!provide]                PROVIDE (__end_noinit_RAM2 = .)
                [!provide]                PROVIDE (__end_noinit_RamAHB32 = .)

.noinit         0x100020f8        0x0
                0x100020f8                _noinit = .
                [!provide]                PROVIDE (__start_noinit_RAM = .)
                [!provide]                PROVIDE (__start_noinit_RamLoc32 = .)
 *(.noinit*)
                0x100020f8                . = ALIGN (0x4)
                0x100020f8                _end_noinit = .
                [!provide]                PROVIDE (__end_noinit_RAM = .)
                [!provide]                PROVIDE (__end_noinit_RamLoc32 = .)
                0x100020f8                PROVIDE (_pvHeapStart = DEFINED (__user_heap_base)?__user_heap_base:.)
                0x10008000                PROVIDE (_vStackTop = DEFINED (__user_stack_top)?__user_stack_top:(__top_RamLoc32 - 0x0))
                [!provide]                PROVIDE (__valid_user_code_checksum = (0x0 - ((((((_vStackTop + (ResetISR + 0x1)) + (NMI_Handler + 0x1)) + (HardFault_Handler + 0x1)) + (DEFINED (MemManage_Handler)?MemManage_Handler:0x0 + 0x1)) + (DEFINED (BusFault_Handler)?BusFault_Handler:0x0 + 0x1)) + (DEFINED (UsageFault_Handler)?UsageFault_Handler:0x0 + 0x1))))
                0x00000000                _image_start = LOADADDR (.text)
                0x0000a1ac                _image_end = (LOADADDR (.data) + SIZEOF (.data))
                0x0000a1ac                _image_size = (_image_end - _image_start)
OUTPUT(Bootloader.axf elf32-littlearm)

.debug_info     0x00000000    0x1ab28
 .debug_info    0x00000000      0xd50 ./src/Bootloader.o
 .debug_info    0x00000d50      0xe78 ./src/Bootloader_Data.o
 .debug_info    0x00001bc8      0xb58 ./src/Flash_iap.o
 .debug_info    0x00002720      0x273 ./src/cr_startup_lpc175x_6x.o
 .debug_info    0x00002993       0x40 ./src/crp.o
 .debug_info    0x000029d3     0x2294 ./src/main.o
 .debug_info    0x00004c67      0x9bf ./src/sysinit.o
 .debug_info    0x00005626      0x224 ./freertos/src/FreeRTOSCommonHooks.o
 .debug_info    0x0000584a     0x10eb ./freertos/src/event_groups.o
 .debug_info    0x00006935      0x98b ./freertos/src/heap_3.o
 .debug_info    0x000072c0      0xb76 ./freertos/src/list.o
 .debug_info    0x00007e36      0x2e1 ./freertos/src/port.o
 .debug_info    0x00008117     0x1abb ./freertos/src/queue.o
 .debug_info    0x00009bd2     0x24dc ./freertos/src/tasks.o
 .debug_info    0x0000c0ae     0x1529 ./freertos/src/timers.o
 .debug_info    0x0000d5d7      0xe23 ./0_Communication/RS485/0_RS485.o
 .debug_info    0x0000e3fa     0x2b3c ./0_Communication/0_Communication.o
 .debug_info    0x00010f36       0xc1 ./0_Communication/0_Event_Group.o
 .debug_info    0x00010ff7     0x140a ./0_Communication/1_Trame_Communication.o
 .debug_info    0x00012401      0xef2 ./0_Communication/2_Echange_Datas.o
 .debug_info    0x000132f3      0xe9f ./0_Communication/2_Echange_Datas_Reception.o
 .debug_info    0x00014192      0x642 D:\Developpement_Robot\Robotic-System.git\trunk\Workspaces\MultiWorkSpaces_2021\0_lpc_chip_175x_6x\Release\lib0_lpc_chip_175x_6x.a(chip_17xx_40xx.o)
 .debug_info    0x000147d4      0xeb0 D:\Developpement_Robot\Robotic-System.git\trunk\Workspaces\MultiWorkSpaces_2021\0_lpc_chip_175x_6x\Release\lib0_lpc_chip_175x_6x.a(clock_17xx_40xx.o)
 .debug_info    0x00015684      0x5e2 D:\Developpement_Robot\Robotic-System.git\trunk\Workspaces\MultiWorkSpaces_2021\0_lpc_chip_175x_6x\Release\lib0_lpc_chip_175x_6x.a(iap.o)
 .debug_info    0x00015c66      0x63f D:\Developpement_Robot\Robotic-System.git\trunk\Workspaces\MultiWorkSpaces_2021\0_lpc_chip_175x_6x\Release\lib0_lpc_chip_175x_6x.a(ring_buffer.o)
 .debug_info    0x000162a5      0x89e D:\Developpement_Robot\Robotic-System.git\trunk\Workspaces\MultiWorkSpaces_2021\0_lpc_chip_175x_6x\Release\lib0_lpc_chip_175x_6x.a(sysinit_17xx_40xx.o)
 .debug_info    0x00016b43     0x179c D:\Developpement_Robot\Robotic-System.git\trunk\Workspaces\MultiWorkSpaces_2021\0_lpc_chip_175x_6x\Release\lib0_lpc_chip_175x_6x.a(uart_17xx_40xx.o)
 .debug_info    0x000182df     0x2849 D:\Developpement_Robot\Robotic-System.git\trunk\Workspaces\MultiWorkSpaces_2021\0_lpc_board_nxp_lpcxpresso_1769\Release\lib0_lpc_board_nxp_lpcxpresso_1769.a(board.o)

.debug_abbrev   0x00000000     0x4931
 .debug_abbrev  0x00000000      0x282 ./src/Bootloader.o
 .debug_abbrev  0x00000282      0x27f ./src/Bootloader_Data.o
 .debug_abbrev  0x00000501      0x26c ./src/Flash_iap.o
 .debug_abbrev  0x0000076d      0x12a ./src/cr_startup_lpc175x_6x.o
 .debug_abbrev  0x00000897       0x38 ./src/crp.o
 .debug_abbrev  0x000008cf      0x31b ./src/main.o
 .debug_abbrev  0x00000bea      0x1ea ./src/sysinit.o
 .debug_abbrev  0x00000dd4      0x163 ./freertos/src/FreeRTOSCommonHooks.o
 .debug_abbrev  0x00000f37      0x334 ./freertos/src/event_groups.o
 .debug_abbrev  0x0000126b      0x223 ./freertos/src/heap_3.o
 .debug_abbrev  0x0000148e      0x235 ./freertos/src/list.o
 .debug_abbrev  0x000016c3      0x1e6 ./freertos/src/port.o
 .debug_abbrev  0x000018a9      0x38d ./freertos/src/queue.o
 .debug_abbrev  0x00001c36      0x3da ./freertos/src/tasks.o
 .debug_abbrev  0x00002010      0x311 ./freertos/src/timers.o
 .debug_abbrev  0x00002321      0x27a ./0_Communication/RS485/0_RS485.o
 .debug_abbrev  0x0000259b      0x44e ./0_Communication/0_Communication.o
 .debug_abbrev  0x000029e9       0x8a ./0_Communication/0_Event_Group.o
 .debug_abbrev  0x00002a73      0x387 ./0_Communication/1_Trame_Communication.o
 .debug_abbrev  0x00002dfa      0x2aa ./0_Communication/2_Echange_Datas.o
 .debug_abbrev  0x000030a4      0x2b3 ./0_Communication/2_Echange_Datas_Reception.o
 .debug_abbrev  0x00003357      0x1e7 D:\Developpement_Robot\Robotic-System.git\trunk\Workspaces\MultiWorkSpaces_2021\0_lpc_chip_175x_6x\Release\lib0_lpc_chip_175x_6x.a(chip_17xx_40xx.o)
 .debug_abbrev  0x0000353e      0x426 D:\Developpement_Robot\Robotic-System.git\trunk\Workspaces\MultiWorkSpaces_2021\0_lpc_chip_175x_6x\Release\lib0_lpc_chip_175x_6x.a(clock_17xx_40xx.o)
 .debug_abbrev  0x00003964      0x125 D:\Developpement_Robot\Robotic-System.git\trunk\Workspaces\MultiWorkSpaces_2021\0_lpc_chip_175x_6x\Release\lib0_lpc_chip_175x_6x.a(iap.o)
 .debug_abbrev  0x00003a89      0x221 D:\Developpement_Robot\Robotic-System.git\trunk\Workspaces\MultiWorkSpaces_2021\0_lpc_chip_175x_6x\Release\lib0_lpc_chip_175x_6x.a(ring_buffer.o)
 .debug_abbrev  0x00003caa      0x294 D:\Developpement_Robot\Robotic-System.git\trunk\Workspaces\MultiWorkSpaces_2021\0_lpc_chip_175x_6x\Release\lib0_lpc_chip_175x_6x.a(sysinit_17xx_40xx.o)
 .debug_abbrev  0x00003f3e      0x4c9 D:\Developpement_Robot\Robotic-System.git\trunk\Workspaces\MultiWorkSpaces_2021\0_lpc_chip_175x_6x\Release\lib0_lpc_chip_175x_6x.a(uart_17xx_40xx.o)
 .debug_abbrev  0x00004407      0x52a D:\Developpement_Robot\Robotic-System.git\trunk\Workspaces\MultiWorkSpaces_2021\0_lpc_board_nxp_lpcxpresso_1769\Release\lib0_lpc_board_nxp_lpcxpresso_1769.a(board.o)

.debug_aranges  0x00000000      0xcc0
 .debug_aranges
                0x00000000       0x30 ./src/Bootloader.o
 .debug_aranges
                0x00000030       0x28 ./src/Bootloader_Data.o
 .debug_aranges
                0x00000058       0x20 ./src/Flash_iap.o
 .debug_aranges
                0x00000078       0x80 ./src/cr_startup_lpc175x_6x.o
 .debug_aranges
                0x000000f8       0x18 ./src/crp.o
 .debug_aranges
                0x00000110       0x68 ./src/main.o
 .debug_aranges
                0x00000178       0x20 ./src/sysinit.o
 .debug_aranges
                0x00000198       0x40 ./freertos/src/FreeRTOSCommonHooks.o
 .debug_aranges
                0x000001d8       0x88 ./freertos/src/event_groups.o
 .debug_aranges
                0x00000260       0x28 ./freertos/src/heap_3.o
 .debug_aranges
                0x00000288       0x40 ./freertos/src/list.o
 .debug_aranges
                0x000002c8       0x70 ./freertos/src/port.o
 .debug_aranges
                0x00000338      0x128 ./freertos/src/queue.o
 .debug_aranges
                0x00000460      0x210 ./freertos/src/tasks.o
 .debug_aranges
                0x00000670       0xe8 ./freertos/src/timers.o
 .debug_aranges
                0x00000758       0x68 ./0_Communication/RS485/0_RS485.o
 .debug_aranges
                0x000007c0       0xb0 ./0_Communication/0_Communication.o
 .debug_aranges
                0x00000870       0x20 ./0_Communication/0_Event_Group.o
 .debug_aranges
                0x00000890       0x78 ./0_Communication/1_Trame_Communication.o
 .debug_aranges
                0x00000908       0x40 ./0_Communication/2_Echange_Datas.o
 .debug_aranges
                0x00000948       0x28 ./0_Communication/2_Echange_Datas_Reception.o
 .debug_aranges
                0x00000970       0x28 D:\Developpement_Robot\Robotic-System.git\trunk\Workspaces\MultiWorkSpaces_2021\0_lpc_chip_175x_6x\Release\lib0_lpc_chip_175x_6x.a(chip_17xx_40xx.o)
 .debug_aranges
                0x00000998       0xc8 D:\Developpement_Robot\Robotic-System.git\trunk\Workspaces\MultiWorkSpaces_2021\0_lpc_chip_175x_6x\Release\lib0_lpc_chip_175x_6x.a(clock_17xx_40xx.o)
 .debug_aranges
                0x00000a60       0x70 D:\Developpement_Robot\Robotic-System.git\trunk\Workspaces\MultiWorkSpaces_2021\0_lpc_chip_175x_6x\Release\lib0_lpc_chip_175x_6x.a(iap.o)
 .debug_aranges
                0x00000ad0       0x50 D:\Developpement_Robot\Robotic-System.git\trunk\Workspaces\MultiWorkSpaces_2021\0_lpc_chip_175x_6x\Release\lib0_lpc_chip_175x_6x.a(ring_buffer.o)
 .debug_aranges
                0x00000b20       0x30 D:\Developpement_Robot\Robotic-System.git\trunk\Workspaces\MultiWorkSpaces_2021\0_lpc_chip_175x_6x\Release\lib0_lpc_chip_175x_6x.a(sysinit_17xx_40xx.o)
 .debug_aranges
                0x00000b50       0xa8 D:\Developpement_Robot\Robotic-System.git\trunk\Workspaces\MultiWorkSpaces_2021\0_lpc_chip_175x_6x\Release\lib0_lpc_chip_175x_6x.a(uart_17xx_40xx.o)
 .debug_aranges
                0x00000bf8       0xc8 D:\Developpement_Robot\Robotic-System.git\trunk\Workspaces\MultiWorkSpaces_2021\0_lpc_board_nxp_lpcxpresso_1769\Release\lib0_lpc_board_nxp_lpcxpresso_1769.a(board.o)

.debug_ranges   0x00000000     0x10a8
 .debug_ranges  0x00000000       0x20 ./src/Bootloader.o
 .debug_ranges  0x00000020       0x18 ./src/Bootloader_Data.o
 .debug_ranges  0x00000038       0x10 ./src/Flash_iap.o
 .debug_ranges  0x00000048       0x70 ./src/cr_startup_lpc175x_6x.o
 .debug_ranges  0x000000b8       0x58 ./src/main.o
 .debug_ranges  0x00000110       0x10 ./src/sysinit.o
 .debug_ranges  0x00000120       0x30 ./freertos/src/FreeRTOSCommonHooks.o
 .debug_ranges  0x00000150       0x78 ./freertos/src/event_groups.o
 .debug_ranges  0x000001c8       0x18 ./freertos/src/heap_3.o
 .debug_ranges  0x000001e0       0x30 ./freertos/src/list.o
 .debug_ranges  0x00000210       0x60 ./freertos/src/port.o
 .debug_ranges  0x00000270      0x118 ./freertos/src/queue.o
 .debug_ranges  0x00000388      0x200 ./freertos/src/tasks.o
 .debug_ranges  0x00000588       0xd8 ./freertos/src/timers.o
 .debug_ranges  0x00000660       0x58 ./0_Communication/RS485/0_RS485.o
 .debug_ranges  0x000006b8       0xa0 ./0_Communication/0_Communication.o
 .debug_ranges  0x00000758       0x10 ./0_Communication/0_Event_Group.o
 .debug_ranges  0x00000768       0x68 ./0_Communication/1_Trame_Communication.o
 .debug_ranges  0x000007d0       0x30 ./0_Communication/2_Echange_Datas.o
 .debug_ranges  0x00000800       0x18 ./0_Communication/2_Echange_Datas_Reception.o
 .debug_ranges  0x00000818       0x30 D:\Developpement_Robot\Robotic-System.git\trunk\Workspaces\MultiWorkSpaces_2021\0_lpc_chip_175x_6x\Release\lib0_lpc_chip_175x_6x.a(chip_17xx_40xx.o)
 .debug_ranges  0x00000848      0x198 D:\Developpement_Robot\Robotic-System.git\trunk\Workspaces\MultiWorkSpaces_2021\0_lpc_chip_175x_6x\Release\lib0_lpc_chip_175x_6x.a(clock_17xx_40xx.o)
 .debug_ranges  0x000009e0       0x60 D:\Developpement_Robot\Robotic-System.git\trunk\Workspaces\MultiWorkSpaces_2021\0_lpc_chip_175x_6x\Release\lib0_lpc_chip_175x_6x.a(iap.o)
 .debug_ranges  0x00000a40      0x138 D:\Developpement_Robot\Robotic-System.git\trunk\Workspaces\MultiWorkSpaces_2021\0_lpc_chip_175x_6x\Release\lib0_lpc_chip_175x_6x.a(ring_buffer.o)
 .debug_ranges  0x00000b78       0x90 D:\Developpement_Robot\Robotic-System.git\trunk\Workspaces\MultiWorkSpaces_2021\0_lpc_chip_175x_6x\Release\lib0_lpc_chip_175x_6x.a(sysinit_17xx_40xx.o)
 .debug_ranges  0x00000c08      0x238 D:\Developpement_Robot\Robotic-System.git\trunk\Workspaces\MultiWorkSpaces_2021\0_lpc_chip_175x_6x\Release\lib0_lpc_chip_175x_6x.a(uart_17xx_40xx.o)
 .debug_ranges  0x00000e40      0x268 D:\Developpement_Robot\Robotic-System.git\trunk\Workspaces\MultiWorkSpaces_2021\0_lpc_board_nxp_lpcxpresso_1769\Release\lib0_lpc_board_nxp_lpcxpresso_1769.a(board.o)

.debug_macro    0x00000000     0xb099
 .debug_macro   0x00000000      0x3fb ./src/Bootloader.o
 .debug_macro   0x000003fb      0xac0 ./src/Bootloader.o
 .debug_macro   0x00000ebb       0x22 ./src/Bootloader.o
 .debug_macro   0x00000edd       0x8e ./src/Bootloader.o
 .debug_macro   0x00000f6b       0x51 ./src/Bootloader.o
 .debug_macro   0x00000fbc       0xef ./src/Bootloader.o
 .debug_macro   0x000010ab       0x6a ./src/Bootloader.o
 .debug_macro   0x00001115      0x1df ./src/Bootloader.o
 .debug_macro   0x000012f4       0x22 ./src/Bootloader.o
 .debug_macro   0x00001316       0x7b ./src/Bootloader.o
 .debug_macro   0x00001391       0x10 ./src/Bootloader.o
 .debug_macro   0x000013a1       0x2d ./src/Bootloader.o
 .debug_macro   0x000013ce       0x3a ./src/Bootloader.o
 .debug_macro   0x00001408       0x2d ./src/Bootloader.o
 .debug_macro   0x00001435      0xbb1 ./src/Bootloader.o
 .debug_macro   0x00001fe6      0x233 ./src/Bootloader.o
 .debug_macro   0x00002219       0x42 ./src/Bootloader.o
 .debug_macro   0x0000225b       0x52 ./src/Bootloader.o
 .debug_macro   0x000022ad       0x78 ./src/Bootloader.o
 .debug_macro   0x00002325       0x82 ./src/Bootloader.o
 .debug_macro   0x000023a7      0x48c ./src/Bootloader.o
 .debug_macro   0x00002833       0x34 ./src/Bootloader.o
 .debug_macro   0x00002867      0x4c5 ./src/Bootloader.o
 .debug_macro   0x00002d2c      0x1b7 ./src/Bootloader.o
 .debug_macro   0x00002ee3       0x10 ./src/Bootloader.o
 .debug_macro   0x00002ef3      0x21b ./src/Bootloader.o
 .debug_macro   0x0000310e      0x1b9 ./src/Bootloader.o
 .debug_macro   0x000032c7       0x40 ./src/Bootloader.o
 .debug_macro   0x00003307       0x22 ./src/Bootloader.o
 .debug_macro   0x00003329      0x162 ./src/Bootloader.o
 .debug_macro   0x0000348b       0x94 ./src/Bootloader.o
 .debug_macro   0x0000351f       0xb8 ./src/Bootloader.o
 .debug_macro   0x000035d7       0x4c ./src/Bootloader.o
 .debug_macro   0x00003623       0x16 ./src/Bootloader.o
 .debug_macro   0x00003639      0x328 ./src/Bootloader.o
 .debug_macro   0x00003961       0x49 ./src/Bootloader.o
 .debug_macro   0x000039aa       0x16 ./src/Bootloader.o
 .debug_macro   0x000039c0       0xca ./src/Bootloader.o
 .debug_macro   0x00003a8a       0x18 ./src/Bootloader.o
 .debug_macro   0x00003aa2      0x130 ./src/Bootloader.o
 .debug_macro   0x00003bd2       0x70 ./src/Bootloader.o
 .debug_macro   0x00003c42       0x5e ./src/Bootloader.o
 .debug_macro   0x00003ca0       0x18 ./src/Bootloader.o
 .debug_macro   0x00003cb8       0x35 ./src/Bootloader.o
 .debug_macro   0x00003ced       0x34 ./src/Bootloader.o
 .debug_macro   0x00003d21       0x16 ./src/Bootloader.o
 .debug_macro   0x00003d37       0x97 ./src/Bootloader.o
 .debug_macro   0x00003dce      0x339 ./src/Bootloader.o
 .debug_macro   0x00004107       0xfd ./src/Bootloader.o
 .debug_macro   0x00004204       0x10 ./src/Bootloader.o
 .debug_macro   0x00004214       0x58 ./src/Bootloader.o
 .debug_macro   0x0000426c       0x1f ./src/Bootloader.o
 .debug_macro   0x0000428b       0x43 ./src/Bootloader.o
 .debug_macro   0x000042ce       0x20 ./src/Bootloader.o
 .debug_macro   0x000042ee      0x18e ./src/Bootloader.o
 .debug_macro   0x0000447c       0x10 ./src/Bootloader.o
 .debug_macro   0x0000448c       0x1c ./src/Bootloader.o
 .debug_macro   0x000044a8       0x52 ./src/Bootloader.o
 .debug_macro   0x000044fa       0x40 ./src/Bootloader.o
 .debug_macro   0x0000453a       0x10 ./src/Bootloader.o
 .debug_macro   0x0000454a       0x40 ./src/Bootloader.o
 .debug_macro   0x0000458a       0xd7 ./src/Bootloader.o
 .debug_macro   0x00004661       0x1c ./src/Bootloader.o
 .debug_macro   0x0000467d       0x3d ./src/Bootloader.o
 .debug_macro   0x000046ba       0x16 ./src/Bootloader.o
 .debug_macro   0x000046d0      0x16f ./src/Bootloader.o
 .debug_macro   0x0000483f       0x20 ./src/Bootloader.o
 .debug_macro   0x0000485f       0x28 ./src/Bootloader.o
 .debug_macro   0x00004887      0x1d4 ./src/Bootloader.o
 .debug_macro   0x00004a5b      0x159 ./src/Bootloader.o
 .debug_macro   0x00004bb4      0x15a ./src/Bootloader.o
 .debug_macro   0x00004d0e       0xdd ./src/Bootloader.o
 .debug_macro   0x00004deb       0x1c ./src/Bootloader.o
 .debug_macro   0x00004e07       0x26 ./src/Bootloader.o
 .debug_macro   0x00004e2d      0x4ef ./src/Bootloader.o
 .debug_macro   0x0000531c       0xb5 ./src/Bootloader.o
 .debug_macro   0x000053d1       0xaa ./src/Bootloader.o
 .debug_macro   0x0000547b      0x45c ./src/Bootloader_Data.o
 .debug_macro   0x000058d7      0x1ce ./src/Bootloader_Data.o
 .debug_macro   0x00005aa5       0x1c ./src/Bootloader_Data.o
 .debug_macro   0x00005ac1       0x24 ./src/Bootloader_Data.o
 .debug_macro   0x00005ae5       0x16 ./src/Bootloader_Data.o
 .debug_macro   0x00005afb       0x35 ./src/Bootloader_Data.o
 .debug_macro   0x00005b30      0x49d ./src/Flash_iap.o
 .debug_macro   0x00005fcd      0x1e1 ./src/Flash_iap.o
 .debug_macro   0x000061ae       0x16 ./src/Flash_iap.o
 .debug_macro   0x000061c4       0x16 ./src/Flash_iap.o
 .debug_macro   0x000061da       0x29 ./src/Flash_iap.o
 .debug_macro   0x00006203      0x1e0 ./src/Flash_iap.o
 .debug_macro   0x000063e3       0x1d ./src/cr_startup_lpc175x_6x.o
 .debug_macro   0x00006400       0x1a ./src/crp.o
 .debug_macro   0x0000641a       0x34 ./src/crp.o
 .debug_macro   0x0000644e      0x5d8 ./src/main.o
 .debug_macro   0x00006a26      0x26c ./src/main.o
 .debug_macro   0x00006c92       0x58 ./src/main.o
 .debug_macro   0x00006cea       0x12 ./src/main.o
 .debug_macro   0x00006cfc       0xfa ./src/main.o