Archive member included to satisfy reference by file (symbol)

C:\Robot\Robotic-System.git\trunk\Workspaces\MultiWorkSpaces_2021\0_lpc_chip_175x_6x\Release\lib0_lpc_chip_175x_6x.a(chip_17xx_40xx.o)
                              ./src/main.o (SystemCoreClockUpdate)
C:\Robot\Robotic-System.git\trunk\Workspaces\MultiWorkSpaces_2021\0_lpc_chip_175x_6x\Release\lib0_lpc_chip_175x_6x.a(clock_17xx_40xx.o)
                              C:\Robot\Robotic-System.git\trunk\Workspaces\MultiWorkSpaces_2021\0_lpc_chip_175x_6x\Release\lib0_lpc_chip_175x_6x.a(chip_17xx_40xx.o) (Chip_Clock_EnablePLL)
C:\Robot\Robotic-System.git\trunk\Workspaces\MultiWorkSpaces_2021\0_lpc_chip_175x_6x\Release\lib0_lpc_chip_175x_6x.a(iap.o)
                              ./src/Flash_iap.o (Chip_IAP_PreSectorForReadWrite)
C:\Robot\Robotic-System.git\trunk\Workspaces\MultiWorkSpaces_2021\0_lpc_chip_175x_6x\Release\lib0_lpc_chip_175x_6x.a(ring_buffer.o)
                              ./0_Communication/0_Communication.o (RingBuffer_Init)
C:\Robot\Robotic-System.git\trunk\Workspaces\MultiWorkSpaces_2021\0_lpc_chip_175x_6x\Release\lib0_lpc_chip_175x_6x.a(stopwatch_17xx_40xx.o)
                              ./0_Communication/USB/scr/cdc_usb_main.o (StopWatch_Init)
C:\Robot\Robotic-System.git\trunk\Workspaces\MultiWorkSpaces_2021\0_lpc_chip_175x_6x\Release\lib0_lpc_chip_175x_6x.a(sysinit_17xx_40xx.o)
                              ./src/main.o (Chip_SetupXtalClocking)
C:\Robot\Robotic-System.git\trunk\Workspaces\MultiWorkSpaces_2021\0_lpc_chip_175x_6x\Release\lib0_lpc_chip_175x_6x.a(timer_17xx_40xx.o)
                              C:\Robot\Robotic-System.git\trunk\Workspaces\MultiWorkSpaces_2021\0_lpc_chip_175x_6x\Release\lib0_lpc_chip_175x_6x.a(stopwatch_17xx_40xx.o) (Chip_TIMER_Init)
C:\Robot\Robotic-System.git\trunk\Workspaces\MultiWorkSpaces_2021\0_lpc_chip_175x_6x\Release\lib0_lpc_chip_175x_6x.a(uart_17xx_40xx.o)
                              ./0_Communication/0_Communication.o (Chip_UART_Init)
C:\Robot\Robotic-System.git\trunk\Workspaces\MultiWorkSpaces_2021\0_lpc_board_nxp_lpcxpresso_1769\Release\lib0_lpc_board_nxp_lpcxpresso_1769.a(board.o)
                              ./src/main.o (Set_Clock_in)
C:\Robot\Robotic-System.git\trunk\Workspaces\MultiWorkSpaces_2021\0_lpc_chip_175x_6x\libs\libusbd_175x_6x_lib.a(mw_usbd_rom_api.o)
                              ./0_Communication/USB/scr/cdc_usb_main.o (cdc_api)
C:\Robot\Robotic-System.git\trunk\Workspaces\MultiWorkSpaces_2021\0_lpc_chip_175x_6x\libs\libusbd_175x_6x_lib.a(hw_usbd_ip3503.o)
                              C:\Robot\Robotic-System.git\trunk\Workspaces\MultiWorkSpaces_2021\0_lpc_chip_175x_6x\libs\libusbd_175x_6x_lib.a(mw_usbd_rom_api.o) (hwUSB_GetMemSize)
C:\Robot\Robotic-System.git\trunk\Workspaces\MultiWorkSpaces_2021\0_lpc_chip_175x_6x\libs\libusbd_175x_6x_lib.a(mw_usbd_cdcuser.o)
                              C:\Robot\Robotic-System.git\trunk\Workspaces\MultiWorkSpaces_2021\0_lpc_chip_175x_6x\libs\libusbd_175x_6x_lib.a(mw_usbd_rom_api.o) (mwCDC_SendNotification)
C:\Robot\Robotic-System.git\trunk\Workspaces\MultiWorkSpaces_2021\0_lpc_chip_175x_6x\libs\libusbd_175x_6x_lib.a(mw_usbd_core.o)
                              C:\Robot\Robotic-System.git\trunk\Workspaces\MultiWorkSpaces_2021\0_lpc_chip_175x_6x\libs\libusbd_175x_6x_lib.a(mw_usbd_rom_api.o) (mwUSB_SetupStage)
C:\Robot\Robotic-System.git\trunk\Workspaces\MultiWorkSpaces_2021\0_lpc_chip_175x_6x\libs\libusbd_175x_6x_lib.a(mw_usbd_dfuuser.o)
                              C:\Robot\Robotic-System.git\trunk\Workspaces\MultiWorkSpaces_2021\0_lpc_chip_175x_6x\libs\libusbd_175x_6x_lib.a(mw_usbd_rom_api.o) (mwDFU_GetMemSize)
C:\Robot\Robotic-System.git\trunk\Workspaces\MultiWorkSpaces_2021\0_lpc_chip_175x_6x\libs\libusbd_175x_6x_lib.a(mw_usbd_hiduser.o)
                              C:\Robot\Robotic-System.git\trunk\Workspaces\MultiWorkSpaces_2021\0_lpc_chip_175x_6x\libs\libusbd_175x_6x_lib.a(mw_usbd_rom_api.o) (mwHID_GetMemSize)
C:\Robot\Robotic-System.git\trunk\Workspaces\MultiWorkSpaces_2021\0_lpc_chip_175x_6x\libs\libusbd_175x_6x_lib.a(mw_usbd_mscuser.o)
                              C:\Robot\Robotic-System.git\trunk\Workspaces\MultiWorkSpaces_2021\0_lpc_chip_175x_6x\libs\libusbd_175x_6x_lib.a(mw_usbd_rom_api.o) (mwMSC_GetMemSize)
c:/nxp/mcuxpressoide_11.2.1_4149/ide/plugins/com.nxp.mcuxpresso.tools.win32_11.2.0.202008311134/tools/bin/../lib/gcc/arm-none-eabi/9.2.1/thumb/v7-m/nofp\libgcc.a(_aeabi_ldivmod.o)
                              C:\Robot\Robotic-System.git\trunk\Workspaces\MultiWorkSpaces_2021\0_lpc_chip_175x_6x\Release\lib0_lpc_chip_175x_6x.a(uart_17xx_40xx.o) (__aeabi_ldivmod)
c:/nxp/mcuxpressoide_11.2.1_4149/ide/plugins/com.nxp.mcuxpresso.tools.win32_11.2.0.202008311134/tools/bin/../lib/gcc/arm-none-eabi/9.2.1/thumb/v7-m/nofp\libgcc.a(_aeabi_uldivmod.o)
[...]
Memory Configuration

Name             Origin             Length             Attributes
MFlash512        0x00000000         0x00010000         xr
RamLoc32         0x10000000         0x00008000         xrw
RamAHB32         0x2007c000         0x00008000         xrw
*default*        0x00000000         0xffffffff

Linker script and memory map

LOAD ./src/Bootloader.o
LOAD ./src/Bootloader_Data.o
LOAD ./src/Flash_iap.o
LOAD ./src/cr_startup_lpc175x_6x.o
LOAD ./src/crp.o
LOAD ./src/main.o
LOAD ./src/sysinit.o
LOAD ./freertos/src/FreeRTOSCommonHooks.o
LOAD ./freertos/src/croutine.o
LOAD ./freertos/src/event_groups.o
LOAD ./freertos/src/heap_3.o
LOAD ./freertos/src/list.o
LOAD ./freertos/src/port.o
LOAD ./freertos/src/queue.o
LOAD ./freertos/src/stream_buffer.o
LOAD ./freertos/src/tasks.o
LOAD ./freertos/src/timers.o
LOAD ./0_Communication/USB/scr/cdc_desc.o
LOAD ./0_Communication/USB/scr/cdc_usb_main.o
LOAD ./0_Communication/USB/scr/cdc_vcom.o
LOAD ./0_Communication/RS485/0_RS485.o
LOAD ./0_Communication/0_Communication.o
LOAD ./0_Communication/0_Event_Group.o
LOAD ./0_Communication/1_Trame_Communication.o
LOAD ./0_Communication/2_Echange_Datas.o
LOAD ./0_Communication/2_Echange_Datas_Reception.o
LOAD C:\Robot\Robotic-System.git\trunk\Workspaces\MultiWorkSpaces_2021\0_lpc_chip_175x_6x\Release\lib0_lpc_chip_175x_6x.a
LOAD C:\Robot\Robotic-System.git\trunk\Workspaces\MultiWorkSpaces_2021\0_lpc_board_nxp_lpcxpresso_1769\Release\lib0_lpc_board_nxp_lpcxpresso_1769.a
LOAD C:\Robot\Robotic-System.git\trunk\Workspaces\MultiWorkSpaces_2021\0_lpc_chip_175x_6x\libs\libusbd_175x_6x_lib.a
START GROUP
LOAD c:/nxp/mcuxpressoide_11.2.1_4149/ide/plugins/com.nxp.mcuxpresso.tools.win32_11.2.0.202008311134/tools/bin/../lib/gcc/arm-none-eabi/9.2.1/thumb/v7-m/nofp\libgcc.a
LOAD c:/nxp/mcuxpressoide_11.2.1_4149/ide/plugins/com.nxp.mcuxpresso.tools.win32_11.2.0.202008311134/tools/bin/../lib/gcc/arm-none-eabi/9.2.1/../../../../arm-none-eabi/lib/thumb/v7-m/nofp\libc.a
LOAD c:/nxp/mcuxpressoide_11.2.1_4149/ide/plugins/com.nxp.mcuxpresso.tools.win32_11.2.0.202008311134/tools/bin/../lib/gcc/arm-none-eabi/9.2.1/../../../../arm-none-eabi/lib/thumb/v7-m/nofp\libm.a
LOAD c:/nxp/mcuxpressoide_11.2.1_4149/ide/plugins/com.nxp.mcuxpresso.tools.win32_11.2.0.202008311134/tools/bin/../lib/gcc/arm-none-eabi/9.2.1/../../../../arm-none-eabi/lib/thumb/v7-m/nofp\libcr_newlib_none.a
END GROUP
                0x00000000                __base_MFlash512 = 0x0
                0x00000000                __base_Flash = 0x0
                0x00010000                __top_MFlash512 = 0x10000
                0x00010000                __top_Flash = 0x10000
                0x10000000                __base_RamLoc32 = 0x10000000
                0x10000000                __base_RAM = 0x10000000
                0x10008000                __top_RamLoc32 = 0x10008000
                0x10008000                __top_RAM = 0x10008000
                0x2007c000                __base_RamAHB32 = 0x2007c000
                0x2007c000                __base_RAM2 = 0x2007c000
                0x20084000                __top_RamAHB32 = 0x20084000
                0x20084000                __top_RAM2 = 0x20084000

.text           0x00000000     0x9858
 FILL mask 0xff
                0x00000000                __vectors_start__ = ABSOLUTE (.)
 *(.isr_vector)
 .isr_vector    0x00000000       0xcc ./src/cr_startup_lpc175x_6x.o
                0x00000000                g_pfnVectors
                0x000000cc                . = ALIGN (0x4)
                0x000000cc                __section_table_start = .
                0x000000cc                __data_section_table = .
                0x000000cc        0x4 LONG 0x9860 LOADADDR (.data)
                0x000000d0        0x4 LONG 0x10000000 ADDR (.data)
                0x000000d4        0x4 LONG 0xa2c SIZEOF (.data)
                0x000000d8        0x4 LONG 0x9860 LOADADDR (.data_RAM2)
                0x000000dc        0x4 LONG 0x2007c000 ADDR (.data_RAM2)
                0x000000e0        0x4 LONG 0x0 SIZEOF (.data_RAM2)
                0x000000e4                __data_section_table_end = .
                0x000000e4                __bss_section_table = .
                0x000000e4        0x4 LONG 0x10000a2c ADDR (.bss)
                0x000000e8        0x4 LONG 0x16cc SIZEOF (.bss)
                0x000000ec        0x4 LONG 0x2007c000 ADDR (.bss_RAM2)
                0x000000f0        0x4 LONG 0x0 SIZEOF (.bss_RAM2)
                0x000000f4                __bss_section_table_end = .
                0x000000f4                __section_table_end = .
 *(.after_vectors*)
 .after_vectors
                0x000000f4      0x130 ./src/cr_startup_lpc175x_6x.o
                0x000000f4                data_init
                0x00000138                bss_init
                0x00000170                ResetISR
                0x000001e8                NMI_Handler
                0x000001ee                HardFault_Handler
                0x000001f4                MemManage_Handler
                0x000001fa                BusFault_Handler
                0x00000200                UsageFault_Handler
                0x00000206                SVC_Handler
                0x0000020c                DebugMon_Handler
                0x00000212                PendSV_Handler
                0x00000218                SysTick_Handler
                0x0000021e                EINT3_IRQHandler
                0x0000021e                CANActivity_IRQHandler
                0x0000021e                TIMER3_IRQHandler
                0x0000021e                UART0_IRQHandler
                0x0000021e                EINT2_IRQHandler
                0x0000021e                USBActivity_IRQHandler
                0x0000021e                IntDefaultHandler
                0x0000021e                PLL0_IRQHandler
                0x0000021e                CAN_IRQHandler
                0x0000021e                I2C1_IRQHandler
                0x0000021e                SSP0_IRQHandler
                0x0000021e                I2S_IRQHandler
                0x0000021e                I2C2_IRQHandler
                0x0000021e                RTC_IRQHandler
                0x0000021e                TIMER0_IRQHandler
                0x0000021e                SPI_IRQHandler
                0x0000021e                RIT_IRQHandler
                0x0000021e                EINT1_IRQHandler
                0x0000021e                TIMER1_IRQHandler
                0x0000021e                UART2_IRQHandler
                0x0000021e                ADC_IRQHandler
                0x0000021e                SSP1_IRQHandler
                0x0000021e                BOD_IRQHandler
                0x0000021e                I2C0_IRQHandler
                0x0000021e                WDT_IRQHandler
                0x0000021e                PWM1_IRQHandler
                0x0000021e                QEI_IRQHandler
                0x0000021e                EINT0_IRQHandler
                0x0000021e                ETH_IRQHandler
                0x0000021e                PLL1_IRQHandler
                0x0000021e                DMA_IRQHandler
                0x0000021e                TIMER2_IRQHandler
                0x0000021e                UART3_IRQHandler
                0x0000021e                MCPWM_IRQHandler
                0x000002fc                . = 0x2fc
 *fill*         0x00000224       0xd8 ff
                0x000002fc                PROVIDE (__CRP_WORD_START__ = .)
 *(.crp)
 .crp           0x000002fc        0x4 ./src/crp.o
                0x000002fc                CRP_WORD
                0x00000300                PROVIDE (__CRP_WORD_END__ = .)
                0x00000001                ASSERT (! ((__CRP_WORD_START__ == __CRP_WORD_END__)), Linker CRP Enabled, but no CRP_WORD provided within application)
 *(.text*)
 .text.iap_entry
                0x00000300       0x20 ./src/Bootloader.o
 .text.execute_user_code
                0x00000320       0x38 ./src/Bootloader.o
                0x00000320                execute_user_code
 .text.user_code_present
                0x00000358       0x38 ./src/Bootloader.o
                0x00000358                user_code_present
 .text.Chip_GPIO_SetPinState
                0x00000390       0x64 ./src/Bootloader_Data.o
 .text.Chip_GPIO_WritePortBit
                0x000003f4       0x2c ./src/Bootloader_Data.o
 .text.Init_bootloader
                0x00000420       0x18 ./src/Bootloader_Data.o
                0x00000420                Init_bootloader
 .text.Reception_Trame_Bootloader
                0x00000438       0xb4 ./src/Bootloader_Data.o
                0x00000438                Reception_Trame_Bootloader
 .text.Traitement_Data
                0x000004ec      0x14c ./src/Bootloader_Data.o
                0x000004ec                Traitement_Data
 .text.Flash_Write_Block
                0x00000638       0x70 ./src/Flash_iap.o
                0x00000638                Flash_Write_Block
 .text.NVIC_DisableIRQ
                0x000006a8       0x34 ./src/main.o
 .text.Chip_GPIO_SetPinState
                0x000006dc       0x64 ./src/main.o
 .text.Chip_GPIO_WritePortBit
                0x00000740       0x2c ./src/main.o
 .text.Chip_GPIO_SetPinDIROutput
                0x0000076c       0x36 ./src/main.o
 .text.Chip_GPIO_SetPinDIRInput
                0x000007a2       0x3a ./src/main.o
 .text.Chip_GPIO_SetPinDIR
                0x000007dc       0x42 ./src/main.o
 .text.Chip_GPIO_WriteDirBit
                0x0000081e       0x2e ./src/main.o
 .text.prvSetupHardware
                0x0000084c       0x28 ./src/main.o
 .text.vTask_HartBeat
                0x00000874       0xa8 ./src/main.o
 .text.vTask_LunchUser_Application
                0x0000091c       0x34 ./src/main.o
 .text.main     0x00000950       0x6c ./src/main.o
                0x00000950                main
 .text.SystemInit
                0x000009bc       0x24 ./src/sysinit.o
                0x000009bc                SystemInit
 .text.vApplicationStackOverflowHook
                0x000009e0       0x20 ./freertos/src/FreeRTOSCommonHooks.o
                0x000009e0                vApplicationStackOverflowHook
 .text.xEventGroupCreate
                0x00000a00       0x2e ./freertos/src/event_groups.o
                0x00000a00                xEventGroupCreate
 *fill*         0x00000a2e        0x2 ff
 .text.xEventGroupWaitBits
                0x00000a30      0x114 ./freertos/src/event_groups.o
                0x00000a30                xEventGroupWaitBits
 .text.xEventGroupSetBits
                0x00000b44       0xda ./freertos/src/event_groups.o
                0x00000b44                xEventGroupSetBits
 .text.vEventGroupSetBitsCallback
                0x00000c1e       0x1a ./freertos/src/event_groups.o
                0x00000c1e                vEventGroupSetBitsCallback
 .text.prvTestWaitCondition
                0x00000c38       0x42 ./freertos/src/event_groups.o
 *fill*         0x00000c7a        0x2 ff
 .text.xEventGroupSetBitsFromISR
                0x00000c7c       0x28 ./freertos/src/event_groups.o
                0x00000c7c                xEventGroupSetBitsFromISR
 .text.pvPortMalloc
                0x00000ca4       0x24 ./freertos/src/heap_3.o
                0x00000ca4                pvPortMalloc
 .text.vPortFree
                0x00000cc8       0x24 ./freertos/src/heap_3.o
                0x00000cc8                vPortFree
 .text.vListInitialise
                0x00000cec       0x3e ./freertos/src/list.o
                0x00000cec                vListInitialise
 .text.vListInitialiseItem
                0x00000d2a       0x18 ./freertos/src/list.o
                0x00000d2a                vListInitialiseItem
 .text.vListInsertEnd
                0x00000d42       0x46 ./freertos/src/list.o
                0x00000d42                vListInsertEnd
 .text.vListInsert
                0x00000d88       0x70 ./freertos/src/list.o
                0x00000d88                vListInsert
 .text.uxListRemove
                0x00000df8       0x52 ./freertos/src/list.o
                0x00000df8                uxListRemove
 *fill*         0x00000e4a        0x2 ff
 .text.pxPortInitialiseStack
                0x00000e4c       0x58 ./freertos/src/port.o
                0x00000e4c                pxPortInitialiseStack
 .text.prvTaskExitError
                0x00000ea4       0x32 ./freertos/src/port.o
 *fill*         0x00000ed6        0xa ff
 .text.vPortSVCHandler
                0x00000ee0       0x28 ./freertos/src/port.o
                0x00000ee0                vPortSVCHandler
 .text.prvPortStartFirstTask
                0x00000f08       0x20 ./freertos/src/port.o
 .text.xPortStartScheduler
                0x00000f28       0x40 ./freertos/src/port.o
                0x00000f28                xPortStartScheduler
 .text.vPortEnterCritical
                0x00000f68       0x34 ./freertos/src/port.o
                0x00000f68                vPortEnterCritical
 .text.vPortExitCritical
                0x00000f9c       0x34 ./freertos/src/port.o
                0x00000f9c                vPortExitCritical
 .text.xPortPendSVHandler
                0x00000fd0       0x48 ./freertos/src/port.o
                0x00000fd0                xPortPendSVHandler
 .text.xPortSysTickHandler
                0x00001018       0x44 ./freertos/src/port.o
                0x00001018                xPortSysTickHandler
 .text.vPortSetupTimerInterrupt
                0x0000105c       0x34 ./freertos/src/port.o
                0x0000105c                vPortSetupTimerInterrupt
 .text.xQueueGenericReset
                0x00001090       0xb4 ./freertos/src/queue.o
                0x00001090                xQueueGenericReset
 .text.xQueueGenericCreate
                0x00001144       0x50 ./freertos/src/queue.o
                0x00001144                xQueueGenericCreate
 .text.prvInitialiseNewQueue
                0x00001194       0x46 ./freertos/src/queue.o
 *fill*         0x000011da        0x2 ff
 .text.xQueueGenericSend
                0x000011dc      0x154 ./freertos/src/queue.o
                0x000011dc                xQueueGenericSend
 .text.xQueueGenericSendFromISR
                0x00001330       0xba ./freertos/src/queue.o
                0x00001330                xQueueGenericSendFromISR
 *fill*         0x000013ea        0x2 ff
 .text.xQueueReceive
                0x000013ec      0x144 ./freertos/src/queue.o
                0x000013ec                xQueueReceive
 .text.prvCopyDataToQueue
                0x00001530       0xd4 ./freertos/src/queue.o
 .text.prvCopyDataFromQueue
                0x00001604       0x4c ./freertos/src/queue.o
 .text.prvUnlockQueue
                0x00001650       0xa4 ./freertos/src/queue.o
 .text.prvIsQueueEmpty
                0x000016f4       0x2c ./freertos/src/queue.o
 .text.prvIsQueueFull
                0x00001720       0x30 ./freertos/src/queue.o
 .text.vQueueAddToRegistry
                0x00001750       0x50 ./freertos/src/queue.o
                0x00001750                vQueueAddToRegistry
 .text.vQueueWaitForMessageRestricted
                0x000017a0       0x68 ./freertos/src/queue.o
                0x000017a0                vQueueWaitForMessageRestricted
 .text.xTaskCreate
                0x00001808       0x82 ./freertos/src/tasks.o
                0x00001808                xTaskCreate
 .text.prvInitialiseNewTask
                0x0000188a       0xfe ./freertos/src/tasks.o
 .text.prvAddNewTaskToReadyList
                0x00001988       0xdc ./freertos/src/tasks.o
 .text.vTaskDelete
                0x00001a64       0xfc ./freertos/src/tasks.o
                0x00001a64                vTaskDelete
 .text.vTaskDelay
                0x00001b60       0x48 ./freertos/src/tasks.o
                0x00001b60                vTaskDelay
 .text.vTaskSuspend
                0x00001ba8      0x104 ./freertos/src/tasks.o
                0x00001ba8                vTaskSuspend
 .text.vTaskStartScheduler
                0x00001cac       0x7c ./freertos/src/tasks.o
                0x00001cac                vTaskStartScheduler
 .text.vTaskSuspendAll
                0x00001d28       0x1c ./freertos/src/tasks.o
                0x00001d28                vTaskSuspendAll
 .text.xTaskResumeAll
                0x00001d44      0x11c ./freertos/src/tasks.o
                0x00001d44                xTaskResumeAll
 .text.xTaskGetTickCount
                0x00001e60       0x1c ./freertos/src/tasks.o
                0x00001e60                xTaskGetTickCount
 .text.xTaskIncrementTick
                0x00001e7c      0x150 ./freertos/src/tasks.o
                0x00001e7c                xTaskIncrementTick
 .text.vTaskSwitchContext
                0x00001fcc       0xd8 ./freertos/src/tasks.o
                0x00001fcc                vTaskSwitchContext
 .text.vTaskPlaceOnEventList
                0x000020a4       0x2c ./freertos/src/tasks.o
                0x000020a4                vTaskPlaceOnEventList
 .text.vTaskPlaceOnUnorderedEventList
                0x000020d0       0x3c ./freertos/src/tasks.o
                0x000020d0                vTaskPlaceOnUnorderedEventList
 .text.vTaskPlaceOnEventListRestricted
                0x0000210c       0x3c ./freertos/src/tasks.o
                0x0000210c                vTaskPlaceOnEventListRestricted
 .text.xTaskRemoveFromEventList
                0x00002148       0xa8 ./freertos/src/tasks.o
                0x00002148                xTaskRemoveFromEventList
 .text.vTaskRemoveFromUnorderedEventList
                0x000021f0       0x84 ./freertos/src/tasks.o
                0x000021f0                vTaskRemoveFromUnorderedEventList
 .text.vTaskInternalSetTimeOutState
                0x00002274       0x2c ./freertos/src/tasks.o
                0x00002274                vTaskInternalSetTimeOutState
 .text.xTaskCheckForTimeOut
                0x000022a0       0x8c ./freertos/src/tasks.o
                0x000022a0                xTaskCheckForTimeOut
 .text.vTaskMissedYield
                0x0000232c       0x18 ./freertos/src/tasks.o
                0x0000232c                vTaskMissedYield
 .text.prvIdleTask
                0x00002344        0xe ./freertos/src/tasks.o
 *fill*         0x00002352        0x2 ff
 .text.prvInitialiseTaskLists
                0x00002354       0x80 ./freertos/src/tasks.o
 .text.prvCheckTasksWaitingTermination
                0x000023d4       0x5c ./freertos/src/tasks.o
 .text.prvDeleteTCB
                0x00002430       0x20 ./freertos/src/tasks.o
 .text.prvResetNextTaskUnblockTime
                0x00002450       0x40 ./freertos/src/tasks.o
 .text.xTaskGetCurrentTaskHandle
                0x00002490       0x1c ./freertos/src/tasks.o
                0x00002490                xTaskGetCurrentTaskHandle
 .text.xTaskGetSchedulerState
                0x000024ac       0x3c ./freertos/src/tasks.o
                0x000024ac                xTaskGetSchedulerState
 .text.xTaskPriorityDisinherit
                0x000024e8       0xc8 ./freertos/src/tasks.o
                0x000024e8                xTaskPriorityDisinherit
 .text.uxTaskResetEventItemValue
                0x000025b0       0x30 ./freertos/src/tasks.o
                0x000025b0                uxTaskResetEventItemValue
 .text.prvAddCurrentTaskToDelayedList
                0x000025e0       0xcc ./freertos/src/tasks.o
 .text.xTimerCreateTimerTask
                0x000026ac       0x48 ./freertos/src/timers.o
                0x000026ac                xTimerCreateTimerTask
 .text.xTimerGenericCommand
                0x000026f4       0x80 ./freertos/src/timers.o
                0x000026f4                xTimerGenericCommand
 .text.prvProcessExpiredTimer
                0x00002774       0x80 ./freertos/src/timers.o
 .text.prvTimerTask
                0x000027f4       0x24 ./freertos/src/timers.o
 .text.prvProcessTimerOrBlockTask
                0x00002818       0x9c ./freertos/src/timers.o
 .text.prvGetNextExpireTime
                0x000028b4       0x44 ./freertos/src/timers.o
 .text.prvSampleTimeNow
                0x000028f8       0x40 ./freertos/src/timers.o
 .text.prvInsertTimerInActiveList
                0x00002938       0x84 ./freertos/src/timers.o
 .text.prvProcessReceivedCommands
                0x000029bc      0x170 ./freertos/src/timers.o
 .text.prvSwitchTimerLists
                0x00002b2c       0xac ./freertos/src/timers.o
 .text.prvCheckForValidListAndQueue
                0x00002bd8       0x6c ./freertos/src/timers.o
 .text.xTimerPendFunctionCallFromISR
                0x00002c44       0x40 ./freertos/src/timers.o
                0x00002c44                xTimerPendFunctionCallFromISR
 .text.Chip_IOCON_PinMux
                0x00002c84       0x94 ./0_Communication/RS485/0_RS485.o
 .text.Chip_GPIO_SetPinState
                0x00002d18       0x64 ./0_Communication/RS485/0_RS485.o
 .text.Chip_GPIO_WritePortBit
                0x00002d7c       0x2c ./0_Communication/RS485/0_RS485.o
 .text.Chip_GPIO_SetPinDIROutput
                0x00002da8       0x36 ./0_Communication/RS485/0_RS485.o
 .text.Chip_GPIO_SetPinDIRInput
                0x00002dde       0x3a ./0_Communication/RS485/0_RS485.o
 .text.Chip_GPIO_SetPinDIR
                0x00002e18       0x42 ./0_Communication/RS485/0_RS485.o
 .text.Chip_GPIO_WriteDirBit
                0x00002e5a       0x2e ./0_Communication/RS485/0_RS485.o
 .text._0_RS485_Init
                0x00002e88       0x48 ./0_Communication/RS485/0_RS485.o
                0x00002e88                _0_RS485_Init
 .text._0_RS485_Master_Mode
                0x00002ed0       0x28 ./0_Communication/RS485/0_RS485.o
                0x00002ed0                _0_RS485_Master_Mode
 .text._0_RS485_Slave_Mode
                0x00002ef8       0x28 ./0_Communication/RS485/0_RS485.o
                0x00002ef8                _0_RS485_Slave_Mode
 .text.NVIC_DisableIRQ
                0x00002f20       0x34 ./0_Communication/0_Communication.o
 .text.NVIC_ClearPendingIRQ
                0x00002f54       0x34 ./0_Communication/0_Communication.o
 .text.NVIC_SetPriority
                0x00002f88       0x54 ./0_Communication/0_Communication.o
 .text.Chip_IOCON_PinMux
                0x00002fdc       0x94 ./0_Communication/0_Communication.o
 .text.Chip_UART_SendByte
                0x00003070       0x1c ./0_Communication/0_Communication.o
 .text.Chip_UART_IntEnable
                0x0000308c       0x20 ./0_Communication/0_Communication.o
 .text.Chip_UART_IntDisable
                0x000030ac       0x22 ./0_Communication/0_Communication.o
 .text.Chip_UART_SetupFIFOS
                0x000030ce       0x1a ./0_Communication/0_Communication.o
 .text.Chip_UART_ConfigData
                0x000030e8       0x1a ./0_Communication/0_Communication.o
 .text.Chip_UART_ReadLineStatus
                0x00003102       0x16 ./0_Communication/0_Communication.o
 .text._0_Communication_Init
                0x00003118       0x6c ./0_Communication/0_Communication.o
                0x00003118                _0_Communication_Init
 .text._0_Communication_Init_USB
                0x00003184        0xc ./0_Communication/0_Communication.o
                0x00003184                _0_Communication_Init_USB
 .text._0_Communication_Init_RS485
                0x00003190       0xa0 ./0_Communication/0_Communication.o
                0x00003190                _0_Communication_Init_RS485
 .text.UART1_IRQHandler
                0x00003230       0xac ./0_Communication/0_Communication.o
                0x00003230                UART1_IRQHandler
 .text.USB_IRQHandler
                0x000032dc        0xc ./0_Communication/0_Communication.o
                0x000032dc                USB_IRQHandler
 .text._0_Communication_Send_Data
                0x000032e8       0x78 ./0_Communication/0_Communication.o
                0x000032e8                _0_Communication_Send_Data
 .text._0_Communication_Send_RS485
                0x00003360       0x6a ./0_Communication/0_Communication.o
                0x00003360                _0_Communication_Send_RS485
 *fill*         0x000033ca        0x2 ff
 .text._0_Communication_Init_Event_Group
                0x000033cc       0x18 ./0_Communication/0_Event_Group.o
                0x000033cc                _0_Communication_Init_Event_Group
 .text.NVIC_EnableIRQ
                0x000033e4       0x30 ./0_Communication/1_Trame_Communication.o
 .text._1_Communication_Init
                0x00003414       0x34 ./0_Communication/1_Trame_Communication.o
                0x00003414                _1_Communication_Init
 .text._1_Communication_Create_Queues_Semaphores
                0x00003448       0x3c ./0_Communication/1_Trame_Communication.o
                0x00003448                _1_Communication_Create_Queues_Semaphores
 .text._1_Communication_Wait_To_Send
                0x00003484       0x38 ./0_Communication/1_Trame_Communication.o
                0x00003484                _1_Communication_Wait_To_Send
 .text._1_Communication_Free_Send_Bit
                0x000034bc       0x18 ./0_Communication/1_Trame_Communication.o
                0x000034bc                _1_Communication_Free_Send_Bit
 .text._1_Communication_Wait_To_Receive
                0x000034d4       0x38 ./0_Communication/1_Trame_Communication.o
                0x000034d4                _1_Communication_Wait_To_Receive
 .text._1_Communication_Free_Receive_Bit
                0x0000350c       0x18 ./0_Communication/1_Trame_Communication.o
                0x0000350c                _1_Communication_Free_Receive_Bit
 .text._1_Communication_Create_Trame
                0x00003524      0x130 ./0_Communication/1_Trame_Communication.o
                0x00003524                _1_Communication_Create_Trame
 .text._1_Communication_Create_Trame_From_Buffer
                0x00003654      0x2fc ./0_Communication/1_Trame_Communication.o
                0x00003654                _1_Communication_Create_Trame_From_Buffer
 .text._1_Communication_Check_Rx_Adresse
                0x00003950       0x5a ./0_Communication/1_Trame_Communication.o
                0x00003950                _1_Communication_Check_Rx_Adresse
 .text._1_Communication_Check_Priority_Messages
                0x000039aa       0x14 ./0_Communication/1_Trame_Communication.o
                0x000039aa                _1_Communication_Check_Priority_Messages
 *fill*         0x000039be        0x2 ff
 .text._1_Communication_Recomposition_Rx
                0x000039c0       0x80 ./0_Communication/1_Trame_Communication.o
                0x000039c0                _1_Communication_Recomposition_Rx
 .text._2_Communication_Init
                0x00003a40       0x18 ./0_Communication/2_Echange_Datas.o
                0x00003a40                _2_Communication_Init
 .text._2_Comm_Send_PONG
                0x00003a58       0x80 ./0_Communication/2_Echange_Datas.o
                0x00003a58                _2_Comm_Send_PONG
 .text._2_Comm_Send_Log_Message
                0x00003ad8      0x13c ./0_Communication/2_Echange_Datas.o
                0x00003ad8                _2_Comm_Send_Log_Message
 .text._2_Communication_RX_Init
                0x00003c14       0x30 ./0_Communication/2_Echange_Datas_Reception.o
                0x00003c14                _2_Communication_RX_Init
 .text._2_Communication_RX_Lectures_Messages
                0x00003c44       0x68 ./0_Communication/2_Echange_Datas_Reception.o
                0x00003c44                _2_Communication_RX_Lectures_Messages
 .text.SystemCoreClockUpdate
                0x00003cac       0x10 C:\Robot\Robotic-System.git\trunk\Workspaces\MultiWorkSpaces_2021\0_lpc_chip_175x_6x\Release\lib0_lpc_chip_175x_6x.a(chip_17xx_40xx.o)
                0x00003cac                SystemCoreClockUpdate
 .text.Chip_Clock_EnablePLL
                0x00003cbc       0x24 C:\Robot\Robotic-System.git\trunk\Workspaces\MultiWorkSpaces_2021\0_lpc_chip_175x_6x\Release\lib0_lpc_chip_175x_6x.a(clock_17xx_40xx.o)
                0x00003cbc                Chip_Clock_EnablePLL
 .text.Chip_Clock_DisablePLL
                0x00003ce0       0x26 C:\Robot\Robotic-System.git\trunk\Workspaces\MultiWorkSpaces_2021\0_lpc_chip_175x_6x\Release\lib0_lpc_chip_175x_6x.a(clock_17xx_40xx.o)
                0x00003ce0                Chip_Clock_DisablePLL
 .text.Chip_Clock_SetupPLL
                0x00003d06       0x30 C:\Robot\Robotic-System.git\trunk\Workspaces\MultiWorkSpaces_2021\0_lpc_chip_175x_6x\Release\lib0_lpc_chip_175x_6x.a(clock_17xx_40xx.o)
                0x00003d06                Chip_Clock_SetupPLL
 *fill*         0x00003d36        0x2 ff
 .text.Chip_Clock_EnablePeriphClock
                0x00003d38       0x18 C:\Robot\Robotic-System.git\trunk\Workspaces\MultiWorkSpaces_2021\0_lpc_chip_175x_6x\Release\lib0_lpc_chip_175x_6x.a(clock_17xx_40xx.o)
                0x00003d38                Chip_Clock_EnablePeriphClock
 .text.Chip_Clock_GetCPUClockSource
                0x00003d50       0x10 C:\Robot\Robotic-System.git\trunk\Workspaces\MultiWorkSpaces_2021\0_lpc_chip_175x_6x\Release\lib0_lpc_chip_175x_6x.a(clock_17xx_40xx.o)
                0x00003d50                Chip_Clock_GetCPUClockSource
 .text.Chip_Clock_SetCPUClockDiv
                0x00003d60        0xc C:\Robot\Robotic-System.git\trunk\Workspaces\MultiWorkSpaces_2021\0_lpc_chip_175x_6x\Release\lib0_lpc_chip_175x_6x.a(clock_17xx_40xx.o)
                0x00003d60                Chip_Clock_SetCPUClockDiv
 .text.Chip_Clock_GetCPUClockDiv
                0x00003d6c       0x10 C:\Robot\Robotic-System.git\trunk\Workspaces\MultiWorkSpaces_2021\0_lpc_chip_175x_6x\Release\lib0_lpc_chip_175x_6x.a(clock_17xx_40xx.o)
                0x00003d6c                Chip_Clock_GetCPUClockDiv
 .text.Chip_Clock_GetPCLKDiv
                0x00003d7c       0x38 C:\Robot\Robotic-System.git\trunk\Workspaces\MultiWorkSpaces_2021\0_lpc_chip_175x_6x\Release\lib0_lpc_chip_175x_6x.a(clock_17xx_40xx.o)
                0x00003d7c                Chip_Clock_GetPCLKDiv
 .text.Chip_Clock_GetSYSCLKRate
                0x00003db4       0x38 C:\Robot\Robotic-System.git\trunk\Workspaces\MultiWorkSpaces_2021\0_lpc_chip_175x_6x\Release\lib0_lpc_chip_175x_6x.a(clock_17xx_40xx.o)
                0x00003db4                Chip_Clock_GetSYSCLKRate
 .text.Chip_Clock_GetMainPLLOutClockRate
                0x00003dec       0x34 C:\Robot\Robotic-System.git\trunk\Workspaces\MultiWorkSpaces_2021\0_lpc_chip_175x_6x\Release\lib0_lpc_chip_175x_6x.a(clock_17xx_40xx.o)
                0x00003dec                Chip_Clock_GetMainPLLOutClockRate
 .text.Chip_Clock_GetMainClockRate
                0x00003e20       0x20 C:\Robot\Robotic-System.git\trunk\Workspaces\MultiWorkSpaces_2021\0_lpc_chip_175x_6x\Release\lib0_lpc_chip_175x_6x.a(clock_17xx_40xx.o)
                0x00003e20                Chip_Clock_GetMainClockRate
 .text.Chip_Clock_GetSystemClockRate
                0x00003e40       0x12 C:\Robot\Robotic-System.git\trunk\Workspaces\MultiWorkSpaces_2021\0_lpc_chip_175x_6x\Release\lib0_lpc_chip_175x_6x.a(clock_17xx_40xx.o)
                0x00003e40                Chip_Clock_GetSystemClockRate
 .text.Chip_Clock_GetPeripheralClockRate
                0x00003e52       0x16 C:\Robot\Robotic-System.git\trunk\Workspaces\MultiWorkSpaces_2021\0_lpc_chip_175x_6x\Release\lib0_lpc_chip_175x_6x.a(clock_17xx_40xx.o)
                0x00003e52                Chip_Clock_GetPeripheralClockRate
 .text.iap_entry
                0x00003e68        0x8 C:\Robot\Robotic-System.git\trunk\Workspaces\MultiWorkSpaces_2021\0_lpc_chip_175x_6x\Release\lib0_lpc_chip_175x_6x.a(iap.o)
 .text.Chip_IAP_PreSectorForReadWrite
                0x00003e70       0x1e C:\Robot\Robotic-System.git\trunk\Workspaces\MultiWorkSpaces_2021\0_lpc_chip_175x_6x\Release\lib0_lpc_chip_175x_6x.a(iap.o)
                0x00003e70                Chip_IAP_PreSectorForReadWrite
 *fill*         0x00003e8e        0x2 ff
 .text.Chip_IAP_CopyRamToFlash
                0x00003e90       0x34 C:\Robot\Robotic-System.git\trunk\Workspaces\MultiWorkSpaces_2021\0_lpc_chip_175x_6x\Release\lib0_lpc_chip_175x_6x.a(iap.o)
                0x00003e90                Chip_IAP_CopyRamToFlash
 .text.Chip_IAP_EraseSector
                0x00003ec4       0x30 C:\Robot\Robotic-System.git\trunk\Workspaces\MultiWorkSpaces_2021\0_lpc_chip_175x_6x\Release\lib0_lpc_chip_175x_6x.a(iap.o)
                0x00003ec4                Chip_IAP_EraseSector
 .text.RingBuffer_Init
                0x00003ef4       0x10 C:\Robot\Robotic-System.git\trunk\Workspaces\MultiWorkSpaces_2021\0_lpc_chip_175x_6x\Release\lib0_lpc_chip_175x_6x.a(ring_buffer.o)
                0x00003ef4                RingBuffer_Init
 .text.RingBuffer_Insert
                0x00003f04       0x30 C:\Robot\Robotic-System.git\trunk\Workspaces\MultiWorkSpaces_2021\0_lpc_chip_175x_6x\Release\lib0_lpc_chip_175x_6x.a(ring_buffer.o)
                0x00003f04                RingBuffer_Insert
 .text.RingBuffer_InsertMult
                0x00003f34       0x88 C:\Robot\Robotic-System.git\trunk\Workspaces\MultiWorkSpaces_2021\0_lpc_chip_175x_6x\Release\lib0_lpc_chip_175x_6x.a(ring_buffer.o)
                0x00003f34                RingBuffer_InsertMult
 .text.RingBuffer_Pop
                0x00003fbc       0x30 C:\Robot\Robotic-System.git\trunk\Workspaces\MultiWorkSpaces_2021\0_lpc_chip_175x_6x\Release\lib0_lpc_chip_175x_6x.a(ring_buffer.o)
                0x00003fbc                RingBuffer_Pop
 .text.RingBuffer_PopMult
                0x00003fec       0x7c C:\Robot\Robotic-System.git\trunk\Workspaces\MultiWorkSpaces_2021\0_lpc_chip_175x_6x\Release\lib0_lpc_chip_175x_6x.a(ring_buffer.o)
                0x00003fec                RingBuffer_PopMult
 .text.RingBuffer_Count
                0x00004068        0x8 C:\Robot\Robotic-System.git\trunk\Workspaces\MultiWorkSpaces_2021\0_lpc_chip_175x_6x\Release\lib0_lpc_chip_175x_6x.a(ring_buffer.o)
                0x00004068                RingBuffer_Count
 .text.Chip_SetupIrcClocking
                0x00004070       0x64 C:\Robot\Robotic-System.git\trunk\Workspaces\MultiWorkSpaces_2021\0_lpc_chip_175x_6x\Release\lib0_lpc_chip_175x_6x.a(sysinit_17xx_40xx.o)
                0x00004070                Chip_SetupIrcClocking
 .text.Chip_SetupXtalClocking
                0x000040d4       0xdc C:\Robot\Robotic-System.git\trunk\Workspaces\MultiWorkSpaces_2021\0_lpc_chip_175x_6x\Release\lib0_lpc_chip_175x_6x.a(sysinit_17xx_40xx.o)
                0x000040d4                Chip_SetupXtalClocking
 .text.Chip_SystemInit
                0x000041b0        0x4 C:\Robot\Robotic-System.git\trunk\Workspaces\MultiWorkSpaces_2021\0_lpc_chip_175x_6x\Release\lib0_lpc_chip_175x_6x.a(sysinit_17xx_40xx.o)
                0x000041b0                Chip_SystemInit
 .text.Chip_UART_GetClockIndex
                0x000041b4       0x28 C:\Robot\Robotic-System.git\trunk\Workspaces\MultiWorkSpaces_2021\0_lpc_chip_175x_6x\Release\lib0_lpc_chip_175x_6x.a(uart_17xx_40xx.o)
 .text.Chip_UART_Init
                0x000041dc       0x38 C:\Robot\Robotic-System.git\trunk\Workspaces\MultiWorkSpaces_2021\0_lpc_chip_175x_6x\Release\lib0_lpc_chip_175x_6x.a(uart_17xx_40xx.o)
                0x000041dc                Chip_UART_Init
 .text.Chip_UART_TXEnable
                0x00004214        0x6 C:\Robot\Robotic-System.git\trunk\Workspaces\MultiWorkSpaces_2021\0_lpc_chip_175x_6x\Release\lib0_lpc_chip_175x_6x.a(uart_17xx_40xx.o)
                0x00004214                Chip_UART_TXEnable
 .text.Chip_UART_SetBaud
                0x0000421a       0x34 C:\Robot\Robotic-System.git\trunk\Workspaces\MultiWorkSpaces_2021\0_lpc_chip_175x_6x\Release\lib0_lpc_chip_175x_6x.a(uart_17xx_40xx.o)
                0x0000421a                Chip_UART_SetBaud
 .text.Chip_UART_RXIntHandlerRB
                0x0000424e       0x22 C:\Robot\Robotic-System.git\trunk\Workspaces\MultiWorkSpaces_2021\0_lpc_chip_175x_6x\Release\lib0_lpc_chip_175x_6x.a(uart_17xx_40xx.o)
                0x0000424e                Chip_UART_RXIntHandlerRB
 .text.Chip_UART_TXIntHandlerRB
                0x00004270       0x24 C:\Robot\Robotic-System.git\trunk\Workspaces\MultiWorkSpaces_2021\0_lpc_chip_175x_6x\Release\lib0_lpc_chip_175x_6x.a(uart_17xx_40xx.o)
                0x00004270                Chip_UART_TXIntHandlerRB
 .text.Chip_UART_IRQRBHandler
                0x00004294       0x68 C:\Robot\Robotic-System.git\trunk\Workspaces\MultiWorkSpaces_2021\0_lpc_chip_175x_6x\Release\lib0_lpc_chip_175x_6x.a(uart_17xx_40xx.o)
                0x00004294                Chip_UART_IRQRBHandler
 .text.Set_Clock_in
                0x000042fc        0xc C:\Robot\Robotic-System.git\trunk\Workspaces\MultiWorkSpaces_2021\0_lpc_board_nxp_lpcxpresso_1769\Release\lib0_lpc_board_nxp_lpcxpresso_1769.a(board.o)
                0x000042fc                Set_Clock_in
 .text.Board_Init
                0x00004308       0x12 C:\Robot\Robotic-System.git\trunk\Workspaces\MultiWorkSpaces_2021\0_lpc_board_nxp_lpcxpresso_1769\Release\lib0_lpc_board_nxp_lpcxpresso_1769.a(board.o)
                0x00004308                Board_Init
 *fill*         0x0000431a        0x2 ff
 .text          0x0000431c       0x30 c:/nxp/mcuxpressoide_11.2.1_4149/ide/plugins/com.nxp.mcuxpresso.tools.win32_11.2.0.202008311134/tools/bin/../lib/gcc/arm-none-eabi/9.2.1/thumb/v7-m/nofp\libgcc.a(_aeabi_uldivmod.o)
                0x0000431c                __aeabi_uldivmod
 .text          0x0000434c      0x2c4 c:/nxp/mcuxpressoide_11.2.1_4149/ide/plugins/com.nxp.mcuxpresso.tools.win32_11.2.0.202008311134/tools/bin/../lib/gcc/arm-none-eabi/9.2.1/thumb/v7-m/nofp\libgcc.a(_udivmoddi4.o)
                0x0000434c                __udivmoddi4
 .text          0x00004610        0x4 c:/nxp/mcuxpressoide_11.2.1_4149/ide/plugins/com.nxp.mcuxpresso.tools.win32_11.2.0.202008311134/tools/bin/../lib/gcc/arm-none-eabi/9.2.1/thumb/v7-m/nofp\libgcc.a(_dvmd_tls.o)
                0x00004610                __aeabi_idiv0
                0x00004610                __aeabi_ldiv0
 .text.malloc   0x00004614       0x10 c:/nxp/mcuxpressoide_11.2.1_4149/ide/plugins/com.nxp.mcuxpresso.tools.win32_11.2.0.202008311134/tools/bin/../lib/gcc/arm-none-eabi/9.2.1/../../../../arm-none-eabi/lib/thumb/v7-m/nofp\libc.a(lib_a-malloc.o)
                0x00004614                malloc
 .text.free     0x00004624       0x10 c:/nxp/mcuxpressoide_11.2.1_4149/ide/plugins/com.nxp.mcuxpresso.tools.win32_11.2.0.202008311134/tools/bin/../lib/gcc/arm-none-eabi/9.2.1/../../../../arm-none-eabi/lib/thumb/v7-m/nofp\libc.a(lib_a-malloc.o)
                0x00004624                free
 .text._malloc_r
                0x00004634      0x55c c:/nxp/mcuxpressoide_11.2.1_4149/ide/plugins/com.nxp.mcuxpresso.tools.win32_11.2.0.202008311134/tools/bin/../lib/gcc/arm-none-eabi/9.2.1/../../../../arm-none-eabi/lib/thumb/v7-m/nofp\libc.a(lib_a-mallocr.o)
                0x00004634                _malloc_r
 .text          0x00004b90       0xec c:/nxp/mcuxpressoide_11.2.1_4149/ide/plugins/com.nxp.mcuxpresso.tools.win32_11.2.0.202008311134/tools/bin/../lib/gcc/arm-none-eabi/9.2.1/../../../../arm-none-eabi/lib/thumb/v7-m/nofp\libc.a(lib_a-memcpy.o)
                0x00004b90                memcpy
 .text.memset   0x00004c7c       0xa0 c:/nxp/mcuxpressoide_11.2.1_4149/ide/plugins/com.nxp.mcuxpresso.tools.win32_11.2.0.202008311134/tools/bin/../lib/gcc/arm-none-eabi/9.2.1/../../../../arm-none-eabi/lib/thumb/v7-m/nofp\libc.a(lib_a-memset.o)
                0x00004c7c                memset
 .text.__malloc_lock
                0x00004d1c        0xc c:/nxp/mcuxpressoide_11.2.1_4149/ide/plugins/com.nxp.mcuxpresso.tools.win32_11.2.0.202008311134/tools/bin/../lib/gcc/arm-none-eabi/9.2.1/../../../../arm-none-eabi/lib/thumb/v7-m/nofp\libc.a(lib_a-mlock.o)
                0x00004d1c                __malloc_lock
 .text.__malloc_unlock
                0x00004d28        0xc c:/nxp/mcuxpressoide_11.2.1_4149/ide/plugins/com.nxp.mcuxpresso.tools.win32_11.2.0.202008311134/tools/bin/../lib/gcc/arm-none-eabi/9.2.1/../../../../arm-none-eabi/lib/thumb/v7-m/nofp\libc.a(lib_a-mlock.o)
                0x00004d28                __malloc_unlock
 .text._sbrk_r  0x00004d34       0x24 c:/nxp/mcuxpressoide_11.2.1_4149/ide/plugins/com.nxp.mcuxpresso.tools.win32_11.2.0.202008311134/tools/bin/../lib/gcc/arm-none-eabi/9.2.1/../../../../arm-none-eabi/lib/thumb/v7-m/nofp\libc.a(lib_a-sbrkr.o)
                0x00004d34                _sbrk_r
 .text.sprintf  0x00004d58       0x44 c:/nxp/mcuxpressoide_11.2.1_4149/ide/plugins/com.nxp.mcuxpresso.tools.win32_11.2.0.202008311134/tools/bin/../lib/gcc/arm-none-eabi/9.2.1/../../../../arm-none-eabi/lib/thumb/v7-m/nofp\libc.a(lib_a-sprintf.o)
                0x00004d58                sprintf
 .text.strlen   0x00004d9c       0x5c c:/nxp/mcuxpressoide_11.2.1_4149/ide/plugins/com.nxp.mcuxpresso.tools.win32_11.2.0.202008311134/tools/bin/../lib/gcc/arm-none-eabi/9.2.1/../../../../arm-none-eabi/lib/thumb/v7-m/nofp\libc.a(lib_a-strlen-stub.o)
                0x00004d9c                strlen
 .text._svfprintf_r
                0x00004df8     0x1b50 c:/nxp/mcuxpressoide_11.2.1_4149/ide/plugins/com.nxp.mcuxpresso.tools.win32_11.2.0.202008311134/tools/bin/../lib/gcc/arm-none-eabi/9.2.1/../../../../arm-none-eabi/lib/thumb/v7-m/nofp\libc.a(lib_a-svfprintf.o)
                0x00004df8                _svfprintf_r
 .text.quorem   0x00006948      0x120 c:/nxp/mcuxpressoide_11.2.1_4149/ide/plugins/com.nxp.mcuxpresso.tools.win32_11.2.0.202008311134/tools/bin/../lib/gcc/arm-none-eabi/9.2.1/../../../../arm-none-eabi/lib/thumb/v7-m/nofp\libc.a(lib_a-dtoa.o)
 .text._dtoa_r  0x00006a68      0xe8c c:/nxp/mcuxpressoide_11.2.1_4149/ide/plugins/com.nxp.mcuxpresso.tools.win32_11.2.0.202008311134/tools/bin/../lib/gcc/arm-none-eabi/9.2.1/../../../../arm-none-eabi/lib/thumb/v7-m/nofp\libc.a(lib_a-dtoa.o)
                0x00006a68                _dtoa_r
 .text._malloc_trim_r
                0x000078f4       0xa0 c:/nxp/mcuxpressoide_11.2.1_4149/ide/plugins/com.nxp.mcuxpresso.tools.win32_11.2.0.202008311134/tools/bin/../lib/gcc/arm-none-eabi/9.2.1/../../../../arm-none-eabi/lib/thumb/v7-m/nofp\libc.a(lib_a-freer.o)
                0x000078f4                _malloc_trim_r
 .text._free_r  0x00007994      0x20c c:/nxp/mcuxpressoide_11.2.1_4149/ide/plugins/com.nxp.mcuxpresso.tools.win32_11.2.0.202008311134/tools/bin/../lib/gcc/arm-none-eabi/9.2.1/../../../../arm-none-eabi/lib/thumb/v7-m/nofp\libc.a(lib_a-freer.o)
                0x00007994                _free_r
 .text._localeconv_r
                0x00007ba0        0x8 c:/nxp/mcuxpressoide_11.2.1_4149/ide/plugins/com.nxp.mcuxpresso.tools.win32_11.2.0.202008311134/tools/bin/../lib/gcc/arm-none-eabi/9.2.1/../../../../arm-none-eabi/lib/thumb/v7-m/nofp\libc.a(lib_a-localeconv.o)
                0x00007ba0                _localeconv_r
 .text.__retarget_lock_acquire_recursive
                0x00007ba8        0x4 c:/nxp/mcuxpressoide_11.2.1_4149/ide/plugins/com.nxp.mcuxpresso.tools.win32_11.2.0.202008311134/tools/bin/../lib/gcc/arm-none-eabi/9.2.1/../../../../arm-none-eabi/lib/thumb/v7-m/nofp\libc.a(lib_a-lock.o)
                0x00007ba8                __retarget_lock_acquire_recursive
 .text.__retarget_lock_release_recursive
                0x00007bac        0x4 c:/nxp/mcuxpressoide_11.2.1_4149/ide/plugins/com.nxp.mcuxpresso.tools.win32_11.2.0.202008311134/tools/bin/../lib/gcc/arm-none-eabi/9.2.1/../../../../arm-none-eabi/lib/thumb/v7-m/nofp\libc.a(lib_a-lock.o)
                0x00007bac                __retarget_lock_release_recursive
 .text.memchr   0x00007bb0       0x80 c:/nxp/mcuxpressoide_11.2.1_4149/ide/plugins/com.nxp.mcuxpresso.tools.win32_11.2.0.202008311134/tools/bin/../lib/gcc/arm-none-eabi/9.2.1/../../../../arm-none-eabi/lib/thumb/v7-m/nofp\libc.a(lib_a-memchr-stub.o)
                0x00007bb0                memchr
 .text._Balloc  0x00007c30       0x4c c:/nxp/mcuxpressoide_11.2.1_4149/ide/plugins/com.nxp.mcuxpresso.tools.win32_11.2.0.202008311134/tools/bin/../lib/gcc/arm-none-eabi/9.2.1/../../../../arm-none-eabi/lib/thumb/v7-m/nofp\libc.a(lib_a-mprec.o)
                0x00007c30                _Balloc
 .text._Bfree   0x00007c7c       0x14 c:/nxp/mcuxpressoide_11.2.1_4149/ide/plugins/com.nxp.mcuxpresso.tools.win32_11.2.0.202008311134/tools/bin/../lib/gcc/arm-none-eabi/9.2.1/../../../../arm-none-eabi/lib/thumb/v7-m/nofp\libc.a(lib_a-mprec.o)
                0x00007c7c                _Bfree
 .text.__multadd
                0x00007c90       0x7c c:/nxp/mcuxpressoide_11.2.1_4149/ide/plugins/com.nxp.mcuxpresso.tools.win32_11.2.0.202008311134/tools/bin/../lib/gcc/arm-none-eabi/9.2.1/../../../../arm-none-eabi/lib/thumb/v7-m/nofp\libc.a(lib_a-mprec.o)
                0x00007c90                __multadd
 .text.__hi0bits
                0x00007d0c       0x40 c:/nxp/mcuxpressoide_11.2.1_4149/ide/plugins/com.nxp.mcuxpresso.tools.win32_11.2.0.202008311134/tools/bin/../lib/gcc/arm-none-eabi/9.2.1/../../../../arm-none-eabi/lib/thumb/v7-m/nofp\libc.a(lib_a-mprec.o)
                0x00007d0c                __hi0bits
 .text.__lo0bits
                0x00007d4c       0x60 c:/nxp/mcuxpressoide_11.2.1_4149/ide/plugins/com.nxp.mcuxpresso.tools.win32_11.2.0.202008311134/tools/bin/../lib/gcc/arm-none-eabi/9.2.1/../../../../arm-none-eabi/lib/thumb/v7-m/nofp\libc.a(lib_a-mprec.o)
                0x00007d4c                __lo0bits
 .text.__i2b    0x00007dac       0x14 c:/nxp/mcuxpressoide_11.2.1_4149/ide/plugins/com.nxp.mcuxpresso.tools.win32_11.2.0.202008311134/tools/bin/../lib/gcc/arm-none-eabi/9.2.1/../../../../arm-none-eabi/lib/thumb/v7-m/nofp\libc.a(lib_a-mprec.o)
                0x00007dac                __i2b
 .text.__multiply
                0x00007dc0      0x144 c:/nxp/mcuxpressoide_11.2.1_4149/ide/plugins/com.nxp.mcuxpresso.tools.win32_11.2.0.202008311134/tools/bin/../lib/gcc/arm-none-eabi/9.2.1/../../../../arm-none-eabi/lib/thumb/v7-m/nofp\libc.a(lib_a-mprec.o)
                0x00007dc0                __multiply
 .text.__pow5mult
                0x00007f04       0xa0 c:/nxp/mcuxpressoide_11.2.1_4149/ide/plugins/com.nxp.mcuxpresso.tools.win32_11.2.0.202008311134/tools/bin/../lib/gcc/arm-none-eabi/9.2.1/../../../../arm-none-eabi/lib/thumb/v7-m/nofp\libc.a(lib_a-mprec.o)
                0x00007f04                __pow5mult
 .text.__lshift
                0x00007fa4       0xd0 c:/nxp/mcuxpressoide_11.2.1_4149/ide/plugins/com.nxp.mcuxpresso.tools.win32_11.2.0.202008311134/tools/bin/../lib/gcc/arm-none-eabi/9.2.1/../../../../arm-none-eabi/lib/thumb/v7-m/nofp\libc.a(lib_a-mprec.o)
                0x00007fa4                __lshift
 .text.__mcmp   0x00008074       0x3c c:/nxp/mcuxpressoide_11.2.1_4149/ide/plugins/com.nxp.mcuxpresso.tools.win32_11.2.0.202008311134/tools/bin/../lib/gcc/arm-none-eabi/9.2.1/../../../../arm-none-eabi/lib/thumb/v7-m/nofp\libc.a(lib_a-mprec.o)
                0x00008074                __mcmp
 .text.__mdiff  0x000080b0      0x138 c:/nxp/mcuxpressoide_11.2.1_4149/ide/plugins/com.nxp.mcuxpresso.tools.win32_11.2.0.202008311134/tools/bin/../lib/gcc/arm-none-eabi/9.2.1/../../../../arm-none-eabi/lib/thumb/v7-m/nofp\libc.a(lib_a-mprec.o)
                0x000080b0                __mdiff
 .text.__d2b    0x000081e8       0xa8 c:/nxp/mcuxpressoide_11.2.1_4149/ide/plugins/com.nxp.mcuxpresso.tools.win32_11.2.0.202008311134/tools/bin/../lib/gcc/arm-none-eabi/9.2.1/../../../../arm-none-eabi/lib/thumb/v7-m/nofp\libc.a(lib_a-mprec.o)
                0x000081e8                __d2b
 .text.frexp    0x00008290       0x70 c:/nxp/mcuxpressoide_11.2.1_4149/ide/plugins/com.nxp.mcuxpresso.tools.win32_11.2.0.202008311134/tools/bin/../lib/gcc/arm-none-eabi/9.2.1/../../../../arm-none-eabi/lib/thumb/v7-m/nofp\libc.a(lib_a-s_frexp.o)
                0x00008290                frexp
 .text.strncpy  0x00008300       0x68 c:/nxp/mcuxpressoide_11.2.1_4149/ide/plugins/com.nxp.mcuxpresso.tools.win32_11.2.0.202008311134/tools/bin/../lib/gcc/arm-none-eabi/9.2.1/../../../../arm-none-eabi/lib/thumb/v7-m/nofp\libc.a(lib_a-strncpy.o)
                0x00008300                strncpy
 .text.__ssprint_r
                0x00008368       0xf8 c:/nxp/mcuxpressoide_11.2.1_4149/ide/plugins/com.nxp.mcuxpresso.tools.win32_11.2.0.202008311134/tools/bin/../lib/gcc/arm-none-eabi/9.2.1/../../../../arm-none-eabi/lib/thumb/v7-m/nofp\libc.a(lib_a-svfiprintf.o)
                0x00008368                __ssprint_r
 .text._calloc_r
                0x00008460       0x60 c:/nxp/mcuxpressoide_11.2.1_4149/ide/plugins/com.nxp.mcuxpresso.tools.win32_11.2.0.202008311134/tools/bin/../lib/gcc/arm-none-eabi/9.2.1/../../../../arm-none-eabi/lib/thumb/v7-m/nofp\libc.a(lib_a-callocr.o)
                0x00008460                _calloc_r
 .text.__ascii_mbtowc
                0x000084c0       0x2c c:/nxp/mcuxpressoide_11.2.1_4149/ide/plugins/com.nxp.mcuxpresso.tools.win32_11.2.0.202008311134/tools/bin/../lib/gcc/arm-none-eabi/9.2.1/../../../../arm-none-eabi/lib/thumb/v7-m/nofp\libc.a(lib_a-mbtowc_r.o)
                0x000084c0                __ascii_mbtowc
 .text.memmove  0x000084ec       0xd4 c:/nxp/mcuxpressoide_11.2.1_4149/ide/plugins/com.nxp.mcuxpresso.tools.win32_11.2.0.202008311134/tools/bin/../lib/gcc/arm-none-eabi/9.2.1/../../../../arm-none-eabi/lib/thumb/v7-m/nofp\libc.a(lib_a-memmove.o)
                0x000084ec                memmove
 .text._realloc_r
                0x000085c0      0x3e0 c:/nxp/mcuxpressoide_11.2.1_4149/ide/plugins/com.nxp.mcuxpresso.tools.win32_11.2.0.202008311134/tools/bin/../lib/gcc/arm-none-eabi/9.2.1/../../../../arm-none-eabi/lib/thumb/v7-m/nofp\libc.a(lib_a-reallocr.o)
                0x000085c0                _realloc_r
 .text.__ascii_wctomb
                0x000089a0       0x1c c:/nxp/mcuxpressoide_11.2.1_4149/ide/plugins/com.nxp.mcuxpresso.tools.win32_11.2.0.202008311134/tools/bin/../lib/gcc/arm-none-eabi/9.2.1/../../../../arm-none-eabi/lib/thumb/v7-m/nofp\libc.a(lib_a-wctomb_r.o)
                0x000089a0                __ascii_wctomb
 .text._sbrk    0x000089bc       0x3c c:/nxp/mcuxpressoide_11.2.1_4149/ide/plugins/com.nxp.mcuxpresso.tools.win32_11.2.0.202008311134/tools/bin/../lib/gcc/arm-none-eabi/9.2.1/../../../../arm-none-eabi/lib/thumb/v7-m/nofp\libcr_newlib_none.a(_cr_sbrk.o)
                0x000089bc                _sbrk
 .text.__check_heap_overflow
                0x000089f8       0x14 c:/nxp/mcuxpressoide_11.2.1_4149/ide/plugins/com.nxp.mcuxpresso.tools.win32_11.2.0.202008311134/tools/bin/../lib/gcc/arm-none-eabi/9.2.1/../../../../arm-none-eabi/lib/thumb/v7-m/nofp\libcr_newlib_none.a(_cr_check_heap.o)
                0x000089f8                __check_heap_overflow
 .text          0x00008a0c      0x378 c:/nxp/mcuxpressoide_11.2.1_4149/ide/plugins/com.nxp.mcuxpresso.tools.win32_11.2.0.202008311134/tools/bin/../lib/gcc/arm-none-eabi/9.2.1/thumb/v7-m/nofp\libgcc.a(_arm_addsubdf3.o)
                0x00008a0c                __aeabi_drsub
                0x00008a14                __aeabi_dsub
                0x00008a14                __subdf3
                0x00008a18                __aeabi_dadd
                0x00008a18                __adddf3
                0x00008c90                __floatunsidf
                0x00008c90                __aeabi_ui2d
                0x00008cb0                __floatsidf
                0x00008cb0                __aeabi_i2d
                0x00008cd4                __aeabi_f2d
                0x00008cd4                __extendsfdf2
                0x00008d18                __floatundidf
                0x00008d18                __aeabi_ul2d
                0x00008d28                __floatdidf
                0x00008d28                __aeabi_l2d
 .text          0x00008d84      0x424 c:/nxp/mcuxpressoide_11.2.1_4149/ide/plugins/com.nxp.mcuxpresso.tools.win32_11.2.0.202008311134/tools/bin/../lib/gcc/arm-none-eabi/9.2.1/thumb/v7-m/nofp\libgcc.a(_arm_muldivdf3.o)
                0x00008d84                __aeabi_dmul
                0x00008d84                __muldf3
                0x00008fd8                __divdf3
                0x00008fd8                __aeabi_ddiv
 .text          0x000091a8      0x110 c:/nxp/mcuxpressoide_11.2.1_4149/ide/plugins/com.nxp.mcuxpresso.tools.win32_11.2.0.202008311134/tools/bin/../lib/gcc/arm-none-eabi/9.2.1/thumb/v7-m/nofp\libgcc.a(_arm_cmpdf2.o)
                0x000091a8                __gtdf2
                0x000091a8                __gedf2
                0x000091b0                __ltdf2
                0x000091b0                __ledf2
                0x000091b8                __nedf2
                0x000091b8                __eqdf2
                0x000091b8                __cmpdf2
                0x00009234                __aeabi_cdrcmple
                0x00009244                __aeabi_cdcmpeq
                0x00009244                __aeabi_cdcmple
                0x00009254                __aeabi_dcmpeq
                0x00009268                __aeabi_dcmplt
                0x0000927c                __aeabi_dcmple
                0x00009290                __aeabi_dcmpge
                0x000092a4                __aeabi_dcmpgt
 .text          0x000092b8       0x2c c:/nxp/mcuxpressoide_11.2.1_4149/ide/plugins/com.nxp.mcuxpresso.tools.win32_11.2.0.202008311134/tools/bin/../lib/gcc/arm-none-eabi/9.2.1/thumb/v7-m/nofp\libgcc.a(_arm_unorddf2.o)
                0x000092b8                __unorddf2
                0x000092b8                __aeabi_dcmpun
 .text          0x000092e4       0x50 c:/nxp/mcuxpressoide_11.2.1_4149/ide/plugins/com.nxp.mcuxpresso.tools.win32_11.2.0.202008311134/tools/bin/../lib/gcc/arm-none-eabi/9.2.1/thumb/v7-m/nofp\libgcc.a(_arm_fixdfsi.o)
                0x000092e4                __aeabi_d2iz
                0x000092e4                __fixdfsi
 .text.__errno  0x00009334        0xc c:/nxp/mcuxpressoide_11.2.1_4149/ide/plugins/com.nxp.mcuxpresso.tools.win32_11.2.0.202008311134/tools/bin/../lib/gcc/arm-none-eabi/9.2.1/../../../../arm-none-eabi/lib/thumb/v7-m/nofp\libc.a(lib_a-errno.o)
                0x00009334                __errno
 *(.rodata .rodata.* .constdata .constdata.*)
 .rodata.main.str1.4
                0x00009340       0x2c ./src/main.o
 .rodata.vTaskStartScheduler.str1.4
                0x0000936c        0x5 ./freertos/src/tasks.o
 *fill*         0x00009371        0x3 ff
 .rodata.xTimerCreateTimerTask.str1.4
                0x00009374        0x8 ./freertos/src/timers.o
 .rodata.prvCheckForValidListAndQueue.str1.4
                0x0000937c        0x5 ./freertos/src/timers.o
 *fill*         0x00009381        0x3 ff
 .rodata        0x00009384       0x25 ./0_Communication/0_Communication.o
 *fill*         0x000093a9        0x3 ff
 .rodata        0x000093ac       0x29 ./0_Communication/1_Trame_Communication.o
 *fill*         0x000093d5        0x3 ff
 .rodata._2_Comm_Send_PONG.str1.4
                0x000093d8       0x44 ./0_Communication/2_Echange_Datas.o
 .rodata._2_Communication_RX_Init.str1.4
                0x0000941c       0x11 ./0_Communication/2_Echange_Datas_Reception.o
 *fill*         0x0000942d        0x3 ff
 .rodata.MainOscPLL0conf_12
                0x00009430       0xf0 C:\Robot\Robotic-System.git\trunk\Workspaces\MultiWorkSpaces_2021\0_lpc_chip_175x_6x\Release\lib0_lpc_chip_175x_6x.a(sysinit_17xx_40xx.o)
 .rodata.MainOscPLL0conf_16
                0x00009520       0xb0 C:\Robot\Robotic-System.git\trunk\Workspaces\MultiWorkSpaces_2021\0_lpc_chip_175x_6x\Release\lib0_lpc_chip_175x_6x.a(sysinit_17xx_40xx.o)
 .rodata.RTCOscRateIn
                0x000095d0        0x4 C:\Robot\Robotic-System.git\trunk\Workspaces\MultiWorkSpaces_2021\0_lpc_board_nxp_lpcxpresso_1769\Release\lib0_lpc_board_nxp_lpcxpresso_1769.a(board.o)
                0x000095d0                RTCOscRateIn
 .rodata._svfprintf_r.str1.4
                0x000095d4       0x42 c:/nxp/mcuxpressoide_11.2.1_4149/ide/plugins/com.nxp.mcuxpresso.tools.win32_11.2.0.202008311134/tools/bin/../lib/gcc/arm-none-eabi/9.2.1/../../../../arm-none-eabi/lib/thumb/v7-m/nofp\libc.a(lib_a-svfprintf.o)
 *fill*         0x00009616        0x2 ff
 .rodata.blanks.7345
                0x00009618       0x10 c:/nxp/mcuxpressoide_11.2.1_4149/ide/plugins/com.nxp.mcuxpresso.tools.win32_11.2.0.202008311134/tools/bin/../lib/gcc/arm-none-eabi/9.2.1/../../../../arm-none-eabi/lib/thumb/v7-m/nofp\libc.a(lib_a-svfprintf.o)
 .rodata.zeroes.7346
                0x00009628       0x10 c:/nxp/mcuxpressoide_11.2.1_4149/ide/plugins/com.nxp.mcuxpresso.tools.win32_11.2.0.202008311134/tools/bin/../lib/gcc/arm-none-eabi/9.2.1/../../../../arm-none-eabi/lib/thumb/v7-m/nofp\libc.a(lib_a-svfprintf.o)
 .rodata._dtoa_r.str1.4
                0x00009638        0xd c:/nxp/mcuxpressoide_11.2.1_4149/ide/plugins/com.nxp.mcuxpresso.tools.win32_11.2.0.202008311134/tools/bin/../lib/gcc/arm-none-eabi/9.2.1/../../../../arm-none-eabi/lib/thumb/v7-m/nofp\libc.a(lib_a-dtoa.o)
                                 0x12 (size before relaxing)
 *fill*         0x00009645        0x3 ff
 .rodata.__mprec_bigtens
                0x00009648       0x28 c:/nxp/mcuxpressoide_11.2.1_4149/ide/plugins/com.nxp.mcuxpresso.tools.win32_11.2.0.202008311134/tools/bin/../lib/gcc/arm-none-eabi/9.2.1/../../../../arm-none-eabi/lib/thumb/v7-m/nofp\libc.a(lib_a-mprec.o)
                0x00009648                __mprec_bigtens
 .rodata.__mprec_tens
                0x00009670       0xc8 c:/nxp/mcuxpressoide_11.2.1_4149/ide/plugins/com.nxp.mcuxpresso.tools.win32_11.2.0.202008311134/tools/bin/../lib/gcc/arm-none-eabi/9.2.1/../../../../arm-none-eabi/lib/thumb/v7-m/nofp\libc.a(lib_a-mprec.o)
                0x00009670                __mprec_tens
 .rodata.p05.6115
                0x00009738        0xc c:/nxp/mcuxpressoide_11.2.1_4149/ide/plugins/com.nxp.mcuxpresso.tools.win32_11.2.0.202008311134/tools/bin/../lib/gcc/arm-none-eabi/9.2.1/../../../../arm-none-eabi/lib/thumb/v7-m/nofp\libc.a(lib_a-mprec.o)
 .rodata._setlocale_r.str1.4
                0x00009744        0xa c:/nxp/mcuxpressoide_11.2.1_4149/ide/plugins/com.nxp.mcuxpresso.tools.win32_11.2.0.202008311134/tools/bin/../lib/gcc/arm-none-eabi/9.2.1/../../../../arm-none-eabi/lib/thumb/v7-m/nofp\libc.a(lib_a-locale.o)
                                  0xd (size before relaxing)
 *fill*         0x0000974e        0x2 ff
 .rodata.str1.4
                0x00009750        0x2 c:/nxp/mcuxpressoide_11.2.1_4149/ide/plugins/com.nxp.mcuxpresso.tools.win32_11.2.0.202008311134/tools/bin/../lib/gcc/arm-none-eabi/9.2.1/../../../../arm-none-eabi/lib/thumb/v7-m/nofp\libc.a(lib_a-locale.o)
 *fill*         0x00009752        0x2 ff
 .rodata._ctype_
                0x00009754      0x101 c:/nxp/mcuxpressoide_11.2.1_4149/ide/plugins/com.nxp.mcuxpresso.tools.win32_11.2.0.202008311134/tools/bin/../lib/gcc/arm-none-eabi/9.2.1/../../../../arm-none-eabi/lib/thumb/v7-m/nofp\libc.a(lib_a-ctype_.o)
                0x00009754                _ctype_
                0x00009858                . = ALIGN (0x4)
 *fill*         0x00009855        0x3 ff

.glue_7         0x00009858        0x0
 .glue_7        0x00009858        0x0 linker stubs

.glue_7t        0x00009858        0x0
 .glue_7t       0x00009858        0x0 linker stubs

.vfp11_veneer   0x00009858        0x0
 .vfp11_veneer  0x00009858        0x0 linker stubs

.v4_bx          0x00009858        0x0
 .v4_bx         0x00009858        0x0 linker stubs

.iplt           0x00009858        0x0
 .iplt          0x00009858        0x0 ./src/Bootloader.o

.ARM.extab
 *(.ARM.extab* .gnu.linkonce.armextab.*)

.ARM.exidx      0x00009858        0x8
                0x00009858                __exidx_start = .
 *(.ARM.exidx* .gnu.linkonce.armexidx.*)
 .ARM.exidx     0x00009858        0x8 c:/nxp/mcuxpressoide_11.2.1_4149/ide/plugins/com.nxp.mcuxpresso.tools.win32_11.2.0.202008311134/tools/bin/../lib/gcc/arm-none-eabi/9.2.1/thumb/v7-m/nofp\libgcc.a(_udivmoddi4.o)
                0x00009860                __exidx_end = .
                0x00009860                _etext = .

.rel.dyn        0x00009860        0x0
 .rel.iplt      0x00009860        0x0 ./src/Bootloader.o

.data_RAM2      0x2007c000        0x0 load address 0x00009860
 FILL mask 0xff
                [!provide]                PROVIDE (__start_data_RAM2 = .)
                [!provide]                PROVIDE (__start_data_RamAHB32 = .)
 *(.ramfunc.$RAM2)
 *(.ramfunc.$RamAHB32)
 *(.data.$RAM2)
 *(.data.$RamAHB32)
 *(.data.$RAM2.*)
 *(.data.$RamAHB32.*)
                0x2007c000                . = ALIGN (0x4)
                [!provide]                PROVIDE (__end_data_RAM2 = .)
                [!provide]                PROVIDE (__end_data_RamAHB32 = .)

.uninit_RESERVED
                0x10000000        0x0
                0x10000000                _start_uninit_RESERVED = .
 *(.bss.$RESERVED*)
                0x10000000                . = ALIGN (0x4)
                0x10000000                _end_uninit_RESERVED = .

.data           0x10000000      0xa2c load address 0x00009860
 FILL mask 0xff
                0x10000000                _data = .
                [!provide]                PROVIDE (__start_data_RAM = .)
                [!provide]                PROVIDE (__start_data_RamLoc32 = .)
 *(vtable)
 *(.ramfunc*)
 *(CodeQuickAccess)
 *(DataQuickAccess)
 *(RamFunction)
 *(.data*)
 .data.sector_start_map
                0x10000000       0x78 ./src/Bootloader.o
                0x10000000                sector_start_map
 .data.uxCriticalNesting
                0x10000078        0x4 ./freertos/src/port.o
 .data.is_RunApplication_running
                0x1000007c        0x1 ./0_Communication/1_Trame_Communication.o
                0x1000007c                is_RunApplication_running
 *fill*         0x1000007d        0x3 ff
 .data.OscRateIn
                0x10000080        0x4 C:\Robot\Robotic-System.git\trunk\Workspaces\MultiWorkSpaces_2021\0_lpc_board_nxp_lpcxpresso_1769\Release\lib0_lpc_board_nxp_lpcxpresso_1769.a(board.o)
                0x10000080                OscRateIn
 .data.__malloc_av_
                0x10000084      0x408 c:/nxp/mcuxpressoide_11.2.1_4149/ide/plugins/com.nxp.mcuxpresso.tools.win32_11.2.0.202008311134/tools/bin/../lib/gcc/arm-none-eabi/9.2.1/../../../../arm-none-eabi/lib/thumb/v7-m/nofp\libc.a(lib_a-mallocr.o)
                0x10000084                __malloc_av_
 .data.__malloc_sbrk_base
                0x1000048c        0x4 c:/nxp/mcuxpressoide_11.2.1_4149/ide/plugins/com.nxp.mcuxpresso.tools.win32_11.2.0.202008311134/tools/bin/../lib/gcc/arm-none-eabi/9.2.1/../../../../arm-none-eabi/lib/thumb/v7-m/nofp\libc.a(lib_a-mallocr.o)
                0x1000048c                __malloc_sbrk_base
 .data.__malloc_trim_threshold
                0x10000490        0x4 c:/nxp/mcuxpressoide_11.2.1_4149/ide/plugins/com.nxp.mcuxpresso.tools.win32_11.2.0.202008311134/tools/bin/../lib/gcc/arm-none-eabi/9.2.1/../../../../arm-none-eabi/lib/thumb/v7-m/nofp\libc.a(lib_a-mallocr.o)
                0x10000490                __malloc_trim_threshold
 .data._impure_ptr
                0x10000494        0x4 c:/nxp/mcuxpressoide_11.2.1_4149/ide/plugins/com.nxp.mcuxpresso.tools.win32_11.2.0.202008311134/tools/bin/../lib/gcc/arm-none-eabi/9.2.1/../../../../arm-none-eabi/lib/thumb/v7-m/nofp\libc.a(lib_a-impure.o)
                0x10000494                _impure_ptr
 .data.impure_data
                0x10000498      0x428 c:/nxp/mcuxpressoide_11.2.1_4149/ide/plugins/com.nxp.mcuxpresso.tools.win32_11.2.0.202008311134/tools/bin/../lib/gcc/arm-none-eabi/9.2.1/../../../../arm-none-eabi/lib/thumb/v7-m/nofp\libc.a(lib_a-impure.o)
 .data.__global_locale
                0x100008c0      0x16c c:/nxp/mcuxpressoide_11.2.1_4149/ide/plugins/com.nxp.mcuxpresso.tools.win32_11.2.0.202008311134/tools/bin/../lib/gcc/arm-none-eabi/9.2.1/../../../../arm-none-eabi/lib/thumb/v7-m/nofp\libc.a(lib_a-locale.o)
                0x100008c0                __global_locale
                0x10000a2c                . = ALIGN (0x4)
                0x10000a2c                _edata = .
                [!provide]                PROVIDE (__end_data_RAM = .)
                [!provide]                PROVIDE (__end_data_RamLoc32 = .)

.igot.plt       0x10000a2c        0x0 load address 0x0000a28c
 .igot.plt      0x10000a2c        0x0 ./src/Bootloader.o

.bss_RAM2       0x2007c000        0x0
                [!provide]                PROVIDE (__start_bss_RAM2 = .)
                [!provide]                PROVIDE (__start_bss_RamAHB32 = .)
 *(.bss.$RAM2)
 *(.bss.$RamAHB32)
 *(.bss.$RAM2.*)
 *(.bss.$RamAHB32.*)
                0x2007c000                . = ALIGN ((. != 0x0)?0x4:0x1)
                [!provide]                PROVIDE (__end_bss_RAM2 = .)
                [!provide]                PROVIDE (__end_bss_RamAHB32 = .)

.bss            0x10000a2c     0x16cc
                0x10000a2c                _bss = .
                [!provide]                PROVIDE (__start_bss_RAM = .)
                [!provide]                PROVIDE (__start_bss_RamLoc32 = .)
 *(.bss*)
 .bss.param_table
                0x10000a2c       0x14 ./src/Bootloader.o
                0x10000a2c                param_table
 .bss.result_table
                0x10000a40       0x14 ./src/Bootloader.o
                0x10000a40                result_table
 .bss.Offset_Adresse_Ecriture
                0x10000a54        0x4 ./src/Bootloader_Data.o
                0x10000a54                Offset_Adresse_Ecriture
 .bss.flash_buf
                0x10000a58     0x1000 ./src/Bootloader_Data.o
                0x10000a58                flash_buf
 .bss.block_start_address
                0x10001a58        0x4 ./src/Bootloader_Data.o
                0x10001a58                block_start_address
 .bss.LedState  0x10001a5c        0x1 ./src/Bootloader_Data.o
                0x10001a5c                LedState
 *fill*         0x10001a5d        0x3 
 .bss.last_erased_sector
                0x10001a60        0x4 ./src/Flash_iap.o
                0x10001a60                last_erased_sector
 .bss.Run_Application_Handler
                0x10001a64        0x4 ./src/main.o
                0x10001a64                Run_Application_Handler
 .bss.xQueueRegistry
                0x10001a68       0x50 ./freertos/src/queue.o
                0x10001a68                xQueueRegistry
 .bss.pxCurrentTCB
                0x10001ab8        0x4 ./freertos/src/tasks.o
                0x10001ab8                pxCurrentTCB
 .bss.pxReadyTasksLists
                0x10001abc       0x64 ./freertos/src/tasks.o
 .bss.xDelayedTaskList1
                0x10001b20       0x14 ./freertos/src/tasks.o
 .bss.xDelayedTaskList2
                0x10001b34       0x14 ./freertos/src/tasks.o
 .bss.pxDelayedTaskList
                0x10001b48        0x4 ./freertos/src/tasks.o
 .bss.pxOverflowDelayedTaskList
                0x10001b4c        0x4 ./freertos/src/tasks.o
 .bss.xPendingReadyList
                0x10001b50       0x14 ./freertos/src/tasks.o
 .bss.xTasksWaitingTermination
                0x10001b64       0x14 ./freertos/src/tasks.o
 .bss.uxDeletedTasksWaitingCleanUp
                0x10001b78        0x4 ./freertos/src/tasks.o
 .bss.xSuspendedTaskList
                0x10001b7c       0x14 ./freertos/src/tasks.o
 .bss.uxCurrentNumberOfTasks
                0x10001b90        0x4 ./freertos/src/tasks.o
 .bss.xTickCount
                0x10001b94        0x4 ./freertos/src/tasks.o
 .bss.uxTopReadyPriority
                0x10001b98        0x4 ./freertos/src/tasks.o
 .bss.xSchedulerRunning
                0x10001b9c        0x4 ./freertos/src/tasks.o
 .bss.xPendedTicks
                0x10001ba0        0x4 ./freertos/src/tasks.o
 .bss.xYieldPending
                0x10001ba4        0x4 ./freertos/src/tasks.o
 .bss.xNumOfOverflows
                0x10001ba8        0x4 ./freertos/src/tasks.o
 .bss.uxTaskNumber
                0x10001bac        0x4 ./freertos/src/tasks.o
 .bss.xNextTaskUnblockTime
                0x10001bb0        0x4 ./freertos/src/tasks.o
 .bss.xIdleTaskHandle
                0x10001bb4        0x4 ./freertos/src/tasks.o
 .bss.uxSchedulerSuspended
                0x10001bb8        0x4 ./freertos/src/tasks.o
 .bss.xActiveTimerList1
                0x10001bbc       0x14 ./freertos/src/timers.o
 .bss.xActiveTimerList2
                0x10001bd0       0x14 ./freertos/src/timers.o
 .bss.pxCurrentTimerList
                0x10001be4        0x4 ./freertos/src/timers.o
 .bss.pxOverflowTimerList
                0x10001be8        0x4 ./freertos/src/timers.o
 .bss.xTimerQueue
                0x10001bec        0x4 ./freertos/src/timers.o
 .bss.xTimerTaskHandle
                0x10001bf0        0x4 ./freertos/src/timers.o
 .bss.xLastTime.4994
                0x10001bf4        0x4 ./freertos/src/timers.o
 .bss.rxring_RS485
                0x10001bf8       0x14 ./0_Communication/0_Communication.o
                0x10001bf8                rxring_RS485
 .bss.$RAM3     0x10001c0c      0x180 ./0_Communication/0_Communication.o
 .bss.txring    0x10001d8c       0x14 ./0_Communication/0_Communication.o
                0x10001d8c                txring
 .bss._1_xQueue_Message_TO_Send
                0x10001da0        0x4 ./0_Communication/0_Communication.o
                0x10001da0                _1_xQueue_Message_TO_Send
 .bss.already_flaged.11094
                0x10001da4        0x1 ./0_Communication/0_Communication.o
 *fill*         0x10001da5        0x3 
 .bss.Message.11103
                0x10001da8       0x4d ./0_Communication/0_Communication.o
 *fill*         0x10001df5        0x3 
 .bss.g_txBuff.11104
                0x10001df8       0x80 ./0_Communication/0_Communication.o
 .bss._0_Comm_EventGroup
                0x10001e78        0x4 ./0_Communication/0_Event_Group.o
                0x10001e78                _0_Comm_EventGroup
 .bss._1_xQueue_Message_Receive
                0x10001e7c        0x4 ./0_Communication/1_Trame_Communication.o
                0x10001e7c                _1_xQueue_Message_Receive
 .bss.Nb_Messages_recus
                0x10001e80        0x4 ./0_Communication/1_Trame_Communication.o
 .bss.Nb_Messages_adresses_corrects
                0x10001e84        0x4 ./0_Communication/1_Trame_Communication.o
 .bss.Nb_Erreurs_com
                0x10001e88        0x4 ./0_Communication/1_Trame_Communication.o
 .bss.Nb_Rx_Fifo_Full
                0x10001e8c        0x4 ./0_Communication/1_Trame_Communication.o
 .bss.$RAM3     0x10001e90       0xe3 ./0_Communication/1_Trame_Communication.o
 *fill*         0x10001f73        0x1 
 .bss.$RAM3     0x10001f74       0x46 ./0_Communication/2_Echange_Datas.o
 *fill*         0x10001fba        0x2 
 .bss.log_message
                0x10001fbc       0x3e ./0_Communication/2_Echange_Datas.o
 *fill*         0x10001ffa        0x2 
 .bss.str.9964  0x10001ffc       0x46 ./0_Communication/2_Echange_Datas.o
 *fill*         0x10002042        0x2 
 .bss.Nb_Messages_Interpretes
                0x10002044        0x4 ./0_Communication/2_Echange_Datas_Reception.o
 .bss.Nb_PONG_recus
                0x10002048        0x4 ./0_Communication/2_Echange_Datas_Reception.o
                0x10002048                Nb_PONG_recus
 .bss.$RAM3     0x1000204c       0x46 ./0_Communication/2_Echange_Datas_Reception.o
 .bss.ABsyncSts
                0x10002092        0x1 C:\Robot\Robotic-System.git\trunk\Workspaces\MultiWorkSpaces_2021\0_lpc_chip_175x_6x\Release\lib0_lpc_chip_175x_6x.a(uart_17xx_40xx.o)
 *fill*         0x10002093        0x1 
 .bss.__malloc_current_mallinfo
                0x10002094       0x28 c:/nxp/mcuxpressoide_11.2.1_4149/ide/plugins/com.nxp.mcuxpresso.tools.win32_11.2.0.202008311134/tools/bin/../lib/gcc/arm-none-eabi/9.2.1/../../../../arm-none-eabi/lib/thumb/v7-m/nofp\libc.a(lib_a-mallocr.o)
                0x10002094                __malloc_current_mallinfo
 .bss.__malloc_max_sbrked_mem
                0x100020bc        0x4 c:/nxp/mcuxpressoide_11.2.1_4149/ide/plugins/com.nxp.mcuxpresso.tools.win32_11.2.0.202008311134/tools/bin/../lib/gcc/arm-none-eabi/9.2.1/../../../../arm-none-eabi/lib/thumb/v7-m/nofp\libc.a(lib_a-mallocr.o)
                0x100020bc                __malloc_max_sbrked_mem
 .bss.__malloc_max_total_mem
                0x100020c0        0x4 c:/nxp/mcuxpressoide_11.2.1_4149/ide/plugins/com.nxp.mcuxpresso.tools.win32_11.2.0.202008311134/tools/bin/../lib/gcc/arm-none-eabi/9.2.1/../../../../arm-none-eabi/lib/thumb/v7-m/nofp\libc.a(lib_a-mallocr.o)
                0x100020c0                __malloc_max_total_mem
 .bss.__malloc_top_pad
                0x100020c4        0x4 c:/nxp/mcuxpressoide_11.2.1_4149/ide/plugins/com.nxp.mcuxpresso.tools.win32_11.2.0.202008311134/tools/bin/../lib/gcc/arm-none-eabi/9.2.1/../../../../arm-none-eabi/lib/thumb/v7-m/nofp\libc.a(lib_a-mallocr.o)
                0x100020c4                __malloc_top_pad
 .bss.__end_of_heap
                0x100020c8        0x4 c:/nxp/mcuxpressoide_11.2.1_4149/ide/plugins/com.nxp.mcuxpresso.tools.win32_11.2.0.202008311134/tools/bin/../lib/gcc/arm-none-eabi/9.2.1/../../../../arm-none-eabi/lib/thumb/v7-m/nofp\libcr_newlib_none.a(_cr_sbrk.o)
                0x100020c8                __end_of_heap
 *(COMMON)
 COMMON         0x100020cc        0x4 C:\Robot\Robotic-System.git\trunk\Workspaces\MultiWorkSpaces_2021\0_lpc_chip_175x_6x\Release\lib0_lpc_chip_175x_6x.a(chip_17xx_40xx.o)
                0x100020cc                SystemCoreClock
 COMMON         0x100020d0       0x21 c:/nxp/mcuxpressoide_11.2.1_4149/ide/plugins/com.nxp.mcuxpresso.tools.win32_11.2.0.202008311134/tools/bin/../lib/gcc/arm-none-eabi/9.2.1/../../../../arm-none-eabi/lib/thumb/v7-m/nofp\libc.a(lib_a-lock.o)
                0x100020d0                __lock___atexit_recursive_mutex
                0x100020d4                __lock___arc4random_mutex
                0x100020d8                __lock___env_recursive_mutex
                0x100020dc                __lock___sinit_recursive_mutex
                0x100020e0                __lock___malloc_recursive_mutex
                0x100020e4                __lock___at_quick_exit_mutex
                0x100020e8                __lock___dd_hash_mutex
                0x100020ec                __lock___tz_mutex
                0x100020f0                __lock___sfp_recursive_mutex
 *fill*         0x100020f1        0x3 
 COMMON         0x100020f4        0x4 c:/nxp/mcuxpressoide_11.2.1_4149/ide/plugins/com.nxp.mcuxpresso.tools.win32_11.2.0.202008311134/tools/bin/../lib/gcc/arm-none-eabi/9.2.1/../../../../arm-none-eabi/lib/thumb/v7-m/nofp\libc.a(lib_a-reent.o)
                0x100020f4                errno
                0x100020f8                . = ALIGN (0x4)
                0x100020f8                _ebss = .
                [!provide]                PROVIDE (__end_bss_RAM = .)
                [!provide]                PROVIDE (__end_bss_RamLoc32 = .)
                [!provide]                PROVIDE (end = .)

.noinit_RAM2    0x2007c000        0x0
                [!provide]                PROVIDE (__start_noinit_RAM2 = .)
                [!provide]                PROVIDE (__start_noinit_RamAHB32 = .)
 *(.noinit.$RAM2)
 *(.noinit.$RamAHB32)
 *(.noinit.$RAM2.*)
 *(.noinit.$RamAHB32.*)
                0x2007c000                . = ALIGN (0x4)
                [!provide]                PROVIDE (__end_noinit_RAM2 = .)
                [!provide]                PROVIDE (__end_noinit_RamAHB32 = .)

.noinit         0x100020f8        0x0
                0x100020f8                _noinit = .
                [!provide]                PROVIDE (__start_noinit_RAM = .)
                [!provide]                PROVIDE (__start_noinit_RamLoc32 = .)
 *(.noinit*)
                0x100020f8                . = ALIGN (0x4)
                0x100020f8                _end_noinit = .
                [!provide]                PROVIDE (__end_noinit_RAM = .)
                [!provide]                PROVIDE (__end_noinit_RamLoc32 = .)
                0x100020f8                PROVIDE (_pvHeapStart = DEFINED (__user_heap_base)?__user_heap_base:.)
                0x10008000                PROVIDE (_vStackTop = DEFINED (__user_stack_top)?__user_stack_top:(__top_RamLoc32 - 0x0))
                [!provide]                PROVIDE (__valid_user_code_checksum = (0x0 - ((((((_vStackTop + (ResetISR + 0x1)) + (NMI_Handler + 0x1)) + (HardFault_Handler + 0x1)) + (DEFINED (MemManage_Handler)?MemManage_Handler:0x0 + 0x1)) + (DEFINED (BusFault_Handler)?BusFault_Handler:0x0 + 0x1)) + (DEFINED (UsageFault_Handler)?UsageFault_Handler:0x0 + 0x1))))
                0x00000000                _image_start = LOADADDR (.text)
                0x0000a28c                _image_end = (LOADADDR (.data) + SIZEOF (.data))
                0x0000a28c                _image_size = (_image_end - _image_start)
OUTPUT(Bootloader.axf elf32-littlearm)

.debug_info     0x00000000    0x1ad6e
 .debug_info    0x00000000      0xd50 ./src/Bootloader.o
 .debug_info    0x00000d50      0xf86 ./src/Bootloader_Data.o
 .debug_info    0x00001cd6      0xb58 ./src/Flash_iap.o
 .debug_info    0x0000282e      0x273 ./src/cr_startup_lpc175x_6x.o
 .debug_info    0x00002aa1       0x40 ./src/crp.o
 .debug_info    0x00002ae1     0x254a ./src/main.o
 .debug_info    0x0000502b      0x9bf ./src/sysinit.o
 .debug_info    0x000059ea      0x224 ./freertos/src/FreeRTOSCommonHooks.o
 .debug_info    0x00005c0e     0x10eb ./freertos/src/event_groups.o
 .debug_info    0x00006cf9      0x98b ./freertos/src/heap_3.o
 .debug_info    0x00007684      0xb76 ./freertos/src/list.o
 .debug_info    0x000081fa      0x2e1 ./freertos/src/port.o
 .debug_info    0x000084db     0x1abb ./freertos/src/queue.o
 .debug_info    0x00009f96     0x24dc ./freertos/src/tasks.o
 .debug_info    0x0000c472     0x1529 ./freertos/src/timers.o
 .debug_info    0x0000d99b      0xe23 ./0_Communication/RS485/0_RS485.o
 .debug_info    0x0000e7be     0x2b3c ./0_Communication/0_Communication.o
 .debug_info    0x000112fa       0xc1 ./0_Communication/0_Event_Group.o
 .debug_info    0x000113bb     0x1425 ./0_Communication/1_Trame_Communication.o
 .debug_info    0x000127e0      0xefa ./0_Communication/2_Echange_Datas.o
 .debug_info    0x000136da      0xe8c ./0_Communication/2_Echange_Datas_Reception.o
 .debug_info    0x00014566      0x642 C:\Robot\Robotic-System.git\trunk\Workspaces\MultiWorkSpaces_2021\0_lpc_chip_175x_6x\Release\lib0_lpc_chip_175x_6x.a(chip_17xx_40xx.o)
 .debug_info    0x00014ba8      0xe8f C:\Robot\Robotic-System.git\trunk\Workspaces\MultiWorkSpaces_2021\0_lpc_chip_175x_6x\Release\lib0_lpc_chip_175x_6x.a(clock_17xx_40xx.o)
 .debug_info    0x00015a37      0x5e2 C:\Robot\Robotic-System.git\trunk\Workspaces\MultiWorkSpaces_2021\0_lpc_chip_175x_6x\Release\lib0_lpc_chip_175x_6x.a(iap.o)
 .debug_info    0x00016019      0x63f C:\Robot\Robotic-System.git\trunk\Workspaces\MultiWorkSpaces_2021\0_lpc_chip_175x_6x\Release\lib0_lpc_chip_175x_6x.a(ring_buffer.o)
 .debug_info    0x00016658      0x89e C:\Robot\Robotic-System.git\trunk\Workspaces\MultiWorkSpaces_2021\0_lpc_chip_175x_6x\Release\lib0_lpc_chip_175x_6x.a(sysinit_17xx_40xx.o)
 .debug_info    0x00016ef6     0x170f C:\Robot\Robotic-System.git\trunk\Workspaces\MultiWorkSpaces_2021\0_lpc_chip_175x_6x\Release\lib0_lpc_chip_175x_6x.a(uart_17xx_40xx.o)
 .debug_info    0x00018605     0x2769 C:\Robot\Robotic-System.git\trunk\Workspaces\MultiWorkSpaces_2021\0_lpc_board_nxp_lpcxpresso_1769\Release\lib0_lpc_board_nxp_lpcxpresso_1769.a(board.o)

.debug_abbrev   0x00000000     0x4a01
 .debug_abbrev  0x00000000      0x282 ./src/Bootloader.o
 .debug_abbrev  0x00000282      0x2f1 ./src/Bootloader_Data.o
 .debug_abbrev  0x00000573      0x26c ./src/Flash_iap.o
 .debug_abbrev  0x000007df      0x12a ./src/cr_startup_lpc175x_6x.o
 .debug_abbrev  0x00000909       0x38 ./src/crp.o
 .debug_abbrev  0x00000941      0x36f ./src/main.o
 .debug_abbrev  0x00000cb0      0x1ea ./src/sysinit.o
 .debug_abbrev  0x00000e9a      0x163 ./freertos/src/FreeRTOSCommonHooks.o
 .debug_abbrev  0x00000ffd      0x334 ./freertos/src/event_groups.o
 .debug_abbrev  0x00001331      0x223 ./freertos/src/heap_3.o
 .debug_abbrev  0x00001554      0x235 ./freertos/src/list.o
 .debug_abbrev  0x00001789      0x1e6 ./freertos/src/port.o
 .debug_abbrev  0x0000196f      0x38d ./freertos/src/queue.o
 .debug_abbrev  0x00001cfc      0x3da ./freertos/src/tasks.o
 .debug_abbrev  0x000020d6      0x311 ./freertos/src/timers.o
 .debug_abbrev  0x000023e7      0x27a ./0_Communication/RS485/0_RS485.o
 .debug_abbrev  0x00002661      0x44e ./0_Communication/0_Communication.o
 .debug_abbrev  0x00002aaf       0x8a ./0_Communication/0_Event_Group.o
 .debug_abbrev  0x00002b39      0x387 ./0_Communication/1_Trame_Communication.o
 .debug_abbrev  0x00002ec0      0x2aa ./0_Communication/2_Echange_Datas.o
 .debug_abbrev  0x0000316a      0x2b3 ./0_Communication/2_Echange_Datas_Reception.o
 .debug_abbrev  0x0000341d      0x1e7 C:\Robot\Robotic-System.git\trunk\Workspaces\MultiWorkSpaces_2021\0_lpc_chip_175x_6x\Release\lib0_lpc_chip_175x_6x.a(chip_17xx_40xx.o)
 .debug_abbrev  0x00003604      0x41d C:\Robot\Robotic-System.git\trunk\Workspaces\MultiWorkSpaces_2021\0_lpc_chip_175x_6x\Release\lib0_lpc_chip_175x_6x.a(clock_17xx_40xx.o)
 .debug_abbrev  0x00003a21      0x125 C:\Robot\Robotic-System.git\trunk\Workspaces\MultiWorkSpaces_2021\0_lpc_chip_175x_6x\Release\lib0_lpc_chip_175x_6x.a(iap.o)
 .debug_abbrev  0x00003b46      0x221 C:\Robot\Robotic-System.git\trunk\Workspaces\MultiWorkSpaces_2021\0_lpc_chip_175x_6x\Release\lib0_lpc_chip_175x_6x.a(ring_buffer.o)
 .debug_abbrev  0x00003d67      0x294 C:\Robot\Robotic-System.git\trunk\Workspaces\MultiWorkSpaces_2021\0_lpc_chip_175x_6x\Release\lib0_lpc_chip_175x_6x.a(sysinit_17xx_40xx.o)
 .debug_abbrev  0x00003ffb      0x4e5 C:\Robot\Robotic-System.git\trunk\Workspaces\MultiWorkSpaces_2021\0_lpc_chip_175x_6x\Release\lib0_lpc_chip_175x_6x.a(uart_17xx_40xx.o)
 .debug_abbrev  0x000044e0      0x521 C:\Robot\Robotic-System.git\trunk\Workspaces\MultiWorkSpaces_2021\0_lpc_board_nxp_lpcxpresso_1769\Release\lib0_lpc_board_nxp_lpcxpresso_1769.a(board.o)

.debug_aranges  0x00000000      0xce8
 .debug_aranges
                0x00000000       0x30 ./src/Bootloader.o
 .debug_aranges
                0x00000030       0x40 ./src/Bootloader_Data.o
 .debug_aranges
                0x00000070       0x20 ./src/Flash_iap.o
 .debug_aranges
                0x00000090       0x80 ./src/cr_startup_lpc175x_6x.o
 .debug_aranges
                0x00000110       0x18 ./src/crp.o
 .debug_aranges
                0x00000128       0x70 ./src/main.o
 .debug_aranges
                0x00000198       0x20 ./src/sysinit.o
 .debug_aranges
                0x000001b8       0x40 ./freertos/src/FreeRTOSCommonHooks.o
 .debug_aranges
                0x000001f8       0x88 ./freertos/src/event_groups.o
 .debug_aranges
                0x00000280       0x28 ./freertos/src/heap_3.o
 .debug_aranges
                0x000002a8       0x40 ./freertos/src/list.o
 .debug_aranges
                0x000002e8       0x70 ./freertos/src/port.o
 .debug_aranges
                0x00000358      0x128 ./freertos/src/queue.o
 .debug_aranges
                0x00000480      0x210 ./freertos/src/tasks.o
 .debug_aranges
                0x00000690       0xe8 ./freertos/src/timers.o
 .debug_aranges
                0x00000778       0x68 ./0_Communication/RS485/0_RS485.o
 .debug_aranges
                0x000007e0       0xb0 ./0_Communication/0_Communication.o
 .debug_aranges
                0x00000890       0x20 ./0_Communication/0_Event_Group.o
 .debug_aranges
                0x000008b0       0x78 ./0_Communication/1_Trame_Communication.o
 .debug_aranges
                0x00000928       0x40 ./0_Communication/2_Echange_Datas.o
 .debug_aranges
                0x00000968       0x28 ./0_Communication/2_Echange_Datas_Reception.o
 .debug_aranges
                0x00000990       0x28 C:\Robot\Robotic-System.git\trunk\Workspaces\MultiWorkSpaces_2021\0_lpc_chip_175x_6x\Release\lib0_lpc_chip_175x_6x.a(chip_17xx_40xx.o)
 .debug_aranges
                0x000009b8       0xc8 C:\Robot\Robotic-System.git\trunk\Workspaces\MultiWorkSpaces_2021\0_lpc_chip_175x_6x\Release\lib0_lpc_chip_175x_6x.a(clock_17xx_40xx.o)
 .debug_aranges
                0x00000a80       0x70 C:\Robot\Robotic-System.git\trunk\Workspaces\MultiWorkSpaces_2021\0_lpc_chip_175x_6x\Release\lib0_lpc_chip_175x_6x.a(iap.o)
 .debug_aranges
                0x00000af0       0x50 C:\Robot\Robotic-System.git\trunk\Workspaces\MultiWorkSpaces_2021\0_lpc_chip_175x_6x\Release\lib0_lpc_chip_175x_6x.a(ring_buffer.o)
 .debug_aranges
                0x00000b40       0x30 C:\Robot\Robotic-System.git\trunk\Workspaces\MultiWorkSpaces_2021\0_lpc_chip_175x_6x\Release\lib0_lpc_chip_175x_6x.a(sysinit_17xx_40xx.o)
 .debug_aranges
                0x00000b70       0xb0 C:\Robot\Robotic-System.git\trunk\Workspaces\MultiWorkSpaces_2021\0_lpc_chip_175x_6x\Release\lib0_lpc_chip_175x_6x.a(uart_17xx_40xx.o)
 .debug_aranges
                0x00000c20       0xc8 C:\Robot\Robotic-System.git\trunk\Workspaces\MultiWorkSpaces_2021\0_lpc_board_nxp_lpcxpresso_1769\Release\lib0_lpc_board_nxp_lpcxpresso_1769.a(board.o)

.debug_ranges   0x00000000     0x1040
 .debug_ranges  0x00000000       0x20 ./src/Bootloader.o
 .debug_ranges  0x00000020       0x30 ./src/Bootloader_Data.o
 .debug_ranges  0x00000050       0x10 ./src/Flash_iap.o
 .debug_ranges  0x00000060       0x70 ./src/cr_startup_lpc175x_6x.o
 .debug_ranges  0x000000d0       0x60 ./src/main.o
 .debug_ranges  0x00000130       0x10 ./src/sysinit.o
 .debug_ranges  0x00000140       0x30 ./freertos/src/FreeRTOSCommonHooks.o
 .debug_ranges  0x00000170       0x78 ./freertos/src/event_groups.o
 .debug_ranges  0x000001e8       0x18 ./freertos/src/heap_3.o
 .debug_ranges  0x00000200       0x30 ./freertos/src/list.o
 .debug_ranges  0x00000230       0x60 ./freertos/src/port.o
 .debug_ranges  0x00000290      0x118 ./freertos/src/queue.o
 .debug_ranges  0x000003a8      0x200 ./freertos/src/tasks.o
 .debug_ranges  0x000005a8       0xd8 ./freertos/src/timers.o
 .debug_ranges  0x00000680       0x58 ./0_Communication/RS485/0_RS485.o
 .debug_ranges  0x000006d8       0xa0 ./0_Communication/0_Communication.o
 .debug_ranges  0x00000778       0x10 ./0_Communication/0_Event_Group.o
 .debug_ranges  0x00000788       0x68 ./0_Communication/1_Trame_Communication.o
 .debug_ranges  0x000007f0       0x30 ./0_Communication/2_Echange_Datas.o
 .debug_ranges  0x00000820       0x18 ./0_Communication/2_Echange_Datas_Reception.o
 .debug_ranges  0x00000838       0x30 C:\Robot\Robotic-System.git\trunk\Workspaces\MultiWorkSpaces_2021\0_lpc_chip_175x_6x\Release\lib0_lpc_chip_175x_6x.a(chip_17xx_40xx.o)
 .debug_ranges  0x00000868      0x198 C:\Robot\Robotic-System.git\trunk\Workspaces\MultiWorkSpaces_2021\0_lpc_chip_175x_6x\Release\lib0_lpc_chip_175x_6x.a(clock_17xx_40xx.o)
 .debug_ranges  0x00000a00       0x60 C:\Robot\Robotic-System.git\trunk\Workspaces\MultiWorkSpaces_2021\0_lpc_chip_175x_6x\Release\lib0_lpc_chip_175x_6x.a(iap.o)
 .debug_ranges  0x00000a60      0x138 C:\Robot\Robotic-System.git\trunk\Workspaces\MultiWorkSpaces_2021\0_lpc_chip_175x_6x\Release\lib0_lpc_chip_175x_6x.a(ring_buffer.o)
 .debug_ranges  0x00000b98       0x90 C:\Robot\Robotic-System.git\trunk\Workspaces\MultiWorkSpaces_2021\0_lpc_chip_175x_6x\Release\lib0_lpc_chip_175x_6x.a(sysinit_17xx_40xx.o)
 .debug_ranges  0x00000c28      0x1b8 C:\Robot\Robotic-System.git\trunk\Workspaces\MultiWorkSpaces_2021\0_lpc_chip_175x_6x\Release\lib0_lpc_chip_175x_6x.a(uart_17xx_40xx.o)
 .debug_ranges  0x00000de0      0x260 C:\Robot\Robotic-System.git\trunk\Workspaces\MultiWorkSpaces_2021\0_lpc_board_nxp_lpcxpresso_1769\Release\lib0_lpc_board_nxp_lpcxpresso_1769.a(board.o)

.debug_macro    0x00000000     0xb146
 .debug_macro   0x00000000      0x3fb ./src/Bootloader.o
 .debug_macro   0x000003fb      0xac0 ./src/Bootloader.o
 .debug_macro   0x00000ebb       0x22 ./src/Bootloader.o
 .debug_macro   0x00000edd       0x8e ./src/Bootloader.o
 .debug_macro   0x00000f6b       0x51 ./src/Bootloader.o
 .debug_macro   0x00000fbc       0xef ./src/Bootloader.o
 .debug_macro   0x000010ab       0x6a ./src/Bootloader.o
 .debug_macro   0x00001115      0x1df ./src/Bootloader.o
 .debug_macro   0x000012f4       0x22 ./src/Bootloader.o
 .debug_macro   0x00001316       0x7b ./src/Bootloader.o
 .debug_macro   0x00001391       0x10 ./src/Bootloader.o
 .debug_macro   0x000013a1       0x2d ./src/Bootloader.o
 .debug_macro   0x000013ce       0x3a ./src/Bootloader.o
 .debug_macro   0x00001408       0x2d ./src/Bootloader.o
 .debug_macro   0x00001435      0xbb1 ./src/Bootloader.o
 .debug_macro   0x00001fe6      0x233 ./src/Bootloader.o
 .debug_macro   0x00002219       0x42 ./src/Bootloader.o
 .debug_macro   0x0000225b       0x52 ./src/Bootloader.o
 .debug_macro   0x000022ad       0x78 ./src/Bootloader.o
 .debug_macro   0x00002325       0x82 ./src/Bootloader.o
 .debug_macro   0x000023a7      0x48c ./src/Bootloader.o
 .debug_macro   0x00002833       0x34 ./src/Bootloader.o
 .debug_macro   0x00002867      0x4c5 ./src/Bootloader.o
 .debug_macro   0x00002d2c      0x1b7 ./src/Bootloader.o
 .debug_macro   0x00002ee3       0x10 ./src/Bootloader.o
 .debug_macro   0x00002ef3      0x21b ./src/Bootloader.o
 .debug_macro   0x0000310e      0x1b9 ./src/Bootloader.o
 .debug_macro   0x000032c7       0x40 ./src/Bootloader.o
 .debug_macro   0x00003307       0x22 ./src/Bootloader.o
 .debug_macro   0x00003329      0x162 ./src/Bootloader.o
 .debug_macro   0x0000348b       0x94 ./src/Bootloader.o
 .debug_macro   0x0000351f       0xb8 ./src/Bootloader.o
 .debug_macro   0x000035d7       0x4c ./src/Bootloader.o
 .debug_macro   0x00003623       0x16 ./src/Bootloader.o
 .debug_macro   0x00003639      0x328 ./src/Bootloader.o
 .debug_macro   0x00003961       0x49 ./src/Bootloader.o
 .debug_macro   0x000039aa       0x16 ./src/Bootloader.o
 .debug_macro   0x000039c0       0xca ./src/Bootloader.o
 .debug_macro   0x00003a8a       0x18 ./src/Bootloader.o
 .debug_macro   0x00003aa2      0x130 ./src/Bootloader.o
 .debug_macro   0x00003bd2       0x70 ./src/Bootloader.o
 .debug_macro   0x00003c42       0x5e ./src/Bootloader.o
 .debug_macro   0x00003ca0       0x18 ./src/Bootloader.o
 .debug_macro   0x00003cb8       0x35 ./src/Bootloader.o
 .debug_macro   0x00003ced       0x34 ./src/Bootloader.o
 .debug_macro   0x00003d21       0x16 ./src/Bootloader.o
 .debug_macro   0x00003d37       0x97 ./src/Bootloader.o
 .debug_macro   0x00003dce      0x339 ./src/Bootloader.o
 .debug_macro   0x00004107       0xfd ./src/Bootloader.o
 .debug_macro   0x00004204       0x10 ./src/Bootloader.o
 .debug_macro   0x00004214       0x58 ./src/Bootloader.o
 .debug_macro   0x0000426c       0x1f ./src/Bootloader.o
 .debug_macro   0x0000428b       0x43 ./src/Bootloader.o
 .debug_macro   0x000042ce       0x20 ./src/Bootloader.o
 .debug_macro   0x000042ee      0x18e ./src/Bootloader.o
 .debug_macro   0x0000447c       0x10 ./src/Bootloader.o
 .debug_macro   0x0000448c       0x1c ./src/Bootloader.o
 .debug_macro   0x000044a8       0x52 ./src/Bootloader.o
 .debug_macro   0x000044fa       0x40 ./src/Bootloader.o
 .debug_macro   0x0000453a       0x10 ./src/Bootloader.o
 .debug_macro   0x0000454a       0x40 ./src/Bootloader.o
 .debug_macro   0x0000458a       0xd7 ./src/Bootloader.o
 .debug_macro   0x00004661       0x1c ./src/Bootloader.o
 .debug_macro   0x0000467d       0x3d ./src/Bootloader.o
 .debug_macro   0x000046ba       0x16 ./src/Bootloader.o
 .debug_macro   0x000046d0      0x16f ./src/Bootloader.o
 .debug_macro   0x0000483f       0x20 ./src/Bootloader.o
 .debug_macro   0x0000485f       0x28 ./src/Bootloader.o
 .debug_macro   0x00004887      0x1d4 ./src/Bootloader.o
 .debug_macro   0x00004a5b      0x159 ./src/Bootloader.o
 .debug_macro   0x00004bb4      0x15a ./src/Bootloader.o
 .debug_macro   0x00004d0e       0xdd ./src/Bootloader.o
 .debug_macro   0x00004deb       0x1c ./src/Bootloader.o
 .debug_macro   0x00004e07       0x26 ./src/Bootloader.o
 .debug_macro   0x00004e2d      0x4ef ./src/Bootloader.o
 .debug_macro   0x0000531c       0xb5 ./src/Bootloader.o
 .debug_macro   0x000053d1       0xaa ./src/Bootloader.o
 .debug_macro   0x0000547b      0x4b6 ./src/Bootloader_Data.o
 .debug_macro   0x00005931      0x1ce ./src/Bootloader_Data.o
 .debug_macro   0x00005aff       0x34 ./src/Bootloader_Data.o
 .debug_macro   0x00005b33       0x2b ./src/Bootloader_Data.o
 .debug_macro   0x00005b5e       0x16 ./src/Bootloader_Data.o
 .debug_macro   0x00005b74       0x35 ./src/Bootloader_Data.o
 .debug_macro   0x00005ba9      0x1e1 ./src/Bootloader_Data.o
 .debug_macro   0x00005d8a       0x16 ./src/Bootloader_Data.o
 .debug_macro   0x00005da0       0x16 ./src/Bootloader_Data.o
 .debug_macro   0x00005db6       0x29 ./src/Bootloader_Data.o
 .debug_macro   0x00005ddf      0x1da ./src/Bootloader_Data.o
 .debug_macro   0x00005fb9      0x49d ./src/Flash_iap.o
 .debug_macro   0x00006456       0x1d ./src/cr_startup_lpc175x_6x.o
 .debug_macro   0x00006473       0x1a ./src/crp.o
 .debug_macro   0x0000648d       0x34 ./src/crp.o
 .debug_macro   0x000064c1      0x5d8 ./src/main.o
 .debug_macro   0x00006a99      0x26c ./src/main.o
 .debug_macro   0x00006d05       0x58 ./src/main.o
 .debug_macro   0x00006d5d       0x12 ./src/main.o
 .debug_macro   0x00006d6f       0xfa ./src/main.o
 .debug_macro   0x00006e69       0xee ./src/main.o
 .debug_macro   0x00006f57      0x693 ./src/main.o
 .debug_macro   0x000075ea      0x272 ./src/main.o
 .debug_macro   0x0000785c       0x10 ./src/main.o
 .debug_macro   0x0000786c       0x2e ./src/main.o
 .debug_macro   0x0000789a       0x91 ./src/main.o
 .debug_macro   0x0000792b       0x22 ./src/main.o
 .debug_macro   0x0000794d       0x86 ./src/main.o
 .debug_macro   0x000079d3       0x7e ./src/main.o