Archive member included to satisfy reference by file (symbol)

C:\Robot\trunk\Workspaces\MultiWorkSpaces_2021\0_lpc_chip_175x_6x\Release\lib0_lpc_chip_175x_6x.a(chip_17xx_40xx.o)
                              ./src/main.o (SystemCoreClockUpdate)
C:\Robot\trunk\Workspaces\MultiWorkSpaces_2021\0_lpc_chip_175x_6x\Release\lib0_lpc_chip_175x_6x.a(clock_17xx_40xx.o)
                              C:\Robot\trunk\Workspaces\MultiWorkSpaces_2021\0_lpc_chip_175x_6x\Release\lib0_lpc_chip_175x_6x.a(chip_17xx_40xx.o) (Chip_Clock_EnablePLL)
C:\Robot\trunk\Workspaces\MultiWorkSpaces_2021\0_lpc_chip_175x_6x\Release\lib0_lpc_chip_175x_6x.a(iap.o)
                              ./src/Flash_iap.o (Chip_IAP_PreSectorForReadWrite)
C:\Robot\trunk\Workspaces\MultiWorkSpaces_2021\0_lpc_chip_175x_6x\Release\lib0_lpc_chip_175x_6x.a(stopwatch_17xx_40xx.o)
                              ./0_Communication/USB/scr/cdc_usb_main.o (StopWatch_Init)
C:\Robot\trunk\Workspaces\MultiWorkSpaces_2021\0_lpc_chip_175x_6x\Release\lib0_lpc_chip_175x_6x.a(sysinit_17xx_40xx.o)
                              ./src/main.o (Chip_SetupXtalClocking)
C:\Robot\trunk\Workspaces\MultiWorkSpaces_2021\0_lpc_chip_175x_6x\Release\lib0_lpc_chip_175x_6x.a(timer_17xx_40xx.o)
                              C:\Robot\trunk\Workspaces\MultiWorkSpaces_2021\0_lpc_chip_175x_6x\Release\lib0_lpc_chip_175x_6x.a(stopwatch_17xx_40xx.o) (Chip_TIMER_Init)
C:\Robot\trunk\Workspaces\MultiWorkSpaces_2021\0_lpc_board_nxp_lpcxpresso_1769\Release\lib0_lpc_board_nxp_lpcxpresso_1769.a(board.o)
                              ./src/main.o (Set_Clock_in)
C:\Robot\trunk\Workspaces\MultiWorkSpaces_2021\0_lpc_chip_175x_6x\libs\libusbd_175x_6x_lib.a(mw_usbd_rom_api.o)
                              ./0_Communication/USB/scr/cdc_usb_main.o (cdc_api)
C:\Robot\trunk\Workspaces\MultiWorkSpaces_2021\0_lpc_chip_175x_6x\libs\libusbd_175x_6x_lib.a(hw_usbd_ip3503.o)
                              C:\Robot\trunk\Workspaces\MultiWorkSpaces_2021\0_lpc_chip_175x_6x\libs\libusbd_175x_6x_lib.a(mw_usbd_rom_api.o) (hwUSB_GetMemSize)
C:\Robot\trunk\Workspaces\MultiWorkSpaces_2021\0_lpc_chip_175x_6x\libs\libusbd_175x_6x_lib.a(mw_usbd_cdcuser.o)
                              C:\Robot\trunk\Workspaces\MultiWorkSpaces_2021\0_lpc_chip_175x_6x\libs\libusbd_175x_6x_lib.a(mw_usbd_rom_api.o) (mwCDC_SendNotification)
C:\Robot\trunk\Workspaces\MultiWorkSpaces_2021\0_lpc_chip_175x_6x\libs\libusbd_175x_6x_lib.a(mw_usbd_core.o)
                              C:\Robot\trunk\Workspaces\MultiWorkSpaces_2021\0_lpc_chip_175x_6x\libs\libusbd_175x_6x_lib.a(mw_usbd_rom_api.o) (mwUSB_SetupStage)
C:\Robot\trunk\Workspaces\MultiWorkSpaces_2021\0_lpc_chip_175x_6x\libs\libusbd_175x_6x_lib.a(mw_usbd_dfuuser.o)
                              C:\Robot\trunk\Workspaces\MultiWorkSpaces_2021\0_lpc_chip_175x_6x\libs\libusbd_175x_6x_lib.a(mw_usbd_rom_api.o) (mwDFU_GetMemSize)
C:\Robot\trunk\Workspaces\MultiWorkSpaces_2021\0_lpc_chip_175x_6x\libs\libusbd_175x_6x_lib.a(mw_usbd_hiduser.o)
                              C:\Robot\trunk\Workspaces\MultiWorkSpaces_2021\0_lpc_chip_175x_6x\libs\libusbd_175x_6x_lib.a(mw_usbd_rom_api.o) (mwHID_GetMemSize)
C:\Robot\trunk\Workspaces\MultiWorkSpaces_2021\0_lpc_chip_175x_6x\libs\libusbd_175x_6x_lib.a(mw_usbd_mscuser.o)
                              C:\Robot\trunk\Workspaces\MultiWorkSpaces_2021\0_lpc_chip_175x_6x\libs\libusbd_175x_6x_lib.a(mw_usbd_rom_api.o) (mwMSC_GetMemSize)
c:/nxp/mcuxpressoide_11.1.1_3241/ide/plugins/com.nxp.mcuxpresso.tools.win32_11.1.0.202001081728/tools/bin/../lib/gcc/arm-none-eabi/8.3.1/../../../../arm-none-eabi/lib/thumb/v7-m/nofp\libcr_c.a(memcpy.o)
                              ./freertos/src/queue.o (memcpy)
c:/nxp/mcuxpressoide_11.1.1_3241/ide/plugins/com.nxp.mcuxpresso.tools.win32_11.1.0.202001081728/tools/bin/../lib/gcc/arm-none-eabi/8.3.1/../../../../arm-none-eabi/lib/thumb/v7-m/nofp\libcr_c.a(memset.o)
                              ./freertos/src/stream_buffer.o (memset)
c:/nxp/mcuxpressoide_11.1.1_3241/ide/plugins/com.nxp.mcuxpresso.tools.win32_11.1.0.202001081728/tools/bin/../lib/gcc/arm-none-eabi/8.3.1/../../../../arm-none-eabi/lib/thumb/v7-m/nofp\libcr_c.a(__weak__main.o)
                              ./src/cr_startup_lpc175x_6x.o (__main)
c:/nxp/mcuxpressoide_11.1.1_3241/ide/plugins/com.nxp.mcuxpresso.tools.win32_11.1.0.202001081728/tools/bin/../lib/gcc/arm-none-eabi/8.3.1/../../../../arm-none-eabi/lib/thumb/v7-m/nofp\libcr_c.a(alloc.o)
                              ./freertos/src/heap_3.o (malloc)
c:/nxp/mcuxpressoide_11.1.1_3241/ide/plugins/com.nxp.mcuxpresso.tools.win32_11.1.0.202001081728/tools/bin/../lib/gcc/arm-none-eabi/8.3.1/../../../../arm-none-eabi/lib/thumb/v7-m/nofp\libcr_c.a(printf.o)
                              ./freertos/src/tasks.o (_sprintf)
[...]
Memory Configuration

Name             Origin             Length             Attributes
MFlash512        0x00000000         0x00080000         xr
RamLoc32         0x10000000         0x00008000         xrw
RamAHB32         0x2007c000         0x00008000         xrw
*default*        0x00000000         0xffffffff

Linker script and memory map

LOAD ./src/Bootloader.o
LOAD ./src/Flash_iap.o
LOAD ./src/cr_startup_lpc175x_6x.o
LOAD ./src/crp.o
LOAD ./src/main.o
LOAD ./src/sysinit.o
LOAD ./freertos/src/FreeRTOSCommonHooks.o
LOAD ./freertos/src/croutine.o
LOAD ./freertos/src/event_groups.o
LOAD ./freertos/src/heap_3.o
LOAD ./freertos/src/list.o
LOAD ./freertos/src/port.o
LOAD ./freertos/src/queue.o
LOAD ./freertos/src/stream_buffer.o
LOAD ./freertos/src/tasks.o
LOAD ./freertos/src/timers.o
LOAD ./0_Communication/USB/scr/cdc_desc.o
LOAD ./0_Communication/USB/scr/cdc_usb_main.o
LOAD ./0_Communication/USB/scr/cdc_vcom.o
LOAD C:\Robot\trunk\Workspaces\MultiWorkSpaces_2021\0_lpc_chip_175x_6x\Release\lib0_lpc_chip_175x_6x.a
LOAD C:\Robot\trunk\Workspaces\MultiWorkSpaces_2021\0_lpc_board_nxp_lpcxpresso_1769\Release\lib0_lpc_board_nxp_lpcxpresso_1769.a
LOAD C:\Robot\trunk\Workspaces\MultiWorkSpaces_2021\0_lpc_chip_175x_6x\libs\libusbd_175x_6x_lib.a
START GROUP
LOAD c:/nxp/mcuxpressoide_11.1.1_3241/ide/plugins/com.nxp.mcuxpresso.tools.win32_11.1.0.202001081728/tools/bin/../lib/gcc/arm-none-eabi/8.3.1/../../../../arm-none-eabi/lib/thumb/v7-m/nofp\libcr_c.a
LOAD c:/nxp/mcuxpressoide_11.1.1_3241/ide/plugins/com.nxp.mcuxpresso.tools.win32_11.1.0.202001081728/tools/bin/../lib/gcc/arm-none-eabi/8.3.1/thumb/v7-m/nofp\libcr_eabihelpers.a
LOAD c:/nxp/mcuxpressoide_11.1.1_3241/ide/plugins/com.nxp.mcuxpresso.tools.win32_11.1.0.202001081728/tools/bin/../lib/gcc/arm-none-eabi/8.3.1/thumb/v7-m/nofp\libgcc.a
END GROUP
                0x00000000                __base_MFlash512 = 0x0
                0x00000000                __base_Flash = 0x0
                0x00080000                __top_MFlash512 = 0x80000
                0x00080000                __top_Flash = 0x80000
                0x10000000                __base_RamLoc32 = 0x10000000
                0x10000000                __base_RAM = 0x10000000
                0x10008000                __top_RamLoc32 = 0x10008000
                0x10008000                __top_RAM = 0x10008000
                0x2007c000                __base_RamAHB32 = 0x2007c000
                0x2007c000                __base_RAM2 = 0x2007c000
                0x20084000                __top_RamAHB32 = 0x20084000
                0x20084000                __top_RAM2 = 0x20084000

.text           0x00000000     0x2c54
 FILL mask 0xff
                0x00000000                __vectors_start__ = ABSOLUTE (.)
 *(.isr_vector)
 .isr_vector    0x00000000       0xcc ./src/cr_startup_lpc175x_6x.o
                0x00000000                g_pfnVectors
                0x000000cc                . = ALIGN (0x4)
                0x000000cc                __section_table_start = .
                0x000000cc                __data_section_table = .
                0x000000cc        0x4 LONG 0x2c54 LOADADDR (.data)
                0x000000d0        0x4 LONG 0x10000000 ADDR (.data)
                0x000000d4        0x4 LONG 0x84 SIZEOF (.data)
                0x000000d8        0x4 LONG 0x2c54 LOADADDR (.data_RAM2)
                0x000000dc        0x4 LONG 0x2007c000 ADDR (.data_RAM2)
                0x000000e0        0x4 LONG 0x0 SIZEOF (.data_RAM2)
                0x000000e4                __data_section_table_end = .
                0x000000e4                __bss_section_table = .
                0x000000e4        0x4 LONG 0x10000084 ADDR (.bss)
                0x000000e8        0x4 LONG 0x118 SIZEOF (.bss)
                0x000000ec        0x4 LONG 0x2007c000 ADDR (.bss_RAM2)
                0x000000f0        0x4 LONG 0x0 SIZEOF (.bss_RAM2)
                0x000000f4                __bss_section_table_end = .
                0x000000f4                __section_table_end = .
 *(.after_vectors*)
 .after_vectors
                0x000000f4      0x12c ./src/cr_startup_lpc175x_6x.o
                0x000000f4                data_init
                0x00000136                bss_init
                0x0000016c                ResetISR
                0x000001e4                NMI_Handler
                0x000001ea                HardFault_Handler
                0x000001f0                MemManage_Handler
                0x000001f6                BusFault_Handler
                0x000001fc                UsageFault_Handler
                0x00000202                SVC_Handler
                0x00000208                DebugMon_Handler
                0x0000020e                PendSV_Handler
                0x00000214                SysTick_Handler
                0x0000021a                EINT3_IRQHandler
                0x0000021a                CANActivity_IRQHandler
                0x0000021a                TIMER3_IRQHandler
                0x0000021a                UART0_IRQHandler
                0x0000021a                UART1_IRQHandler
                0x0000021a                EINT2_IRQHandler
                0x0000021a                USBActivity_IRQHandler
                0x0000021a                IntDefaultHandler
                0x0000021a                PLL0_IRQHandler
                0x0000021a                I2C0_IRQHandler
                0x0000021a                I2C1_IRQHandler
                0x0000021a                SSP0_IRQHandler
                0x0000021a                I2S_IRQHandler
                0x0000021a                I2C2_IRQHandler
                0x0000021a                RTC_IRQHandler
                0x0000021a                TIMER0_IRQHandler
                0x0000021a                SPI_IRQHandler
                0x0000021a                RIT_IRQHandler
                0x0000021a                EINT1_IRQHandler
                0x0000021a                TIMER1_IRQHandler
                0x0000021a                UART2_IRQHandler
                0x0000021a                ADC_IRQHandler
                0x0000021a                SSP1_IRQHandler
                0x0000021a                BOD_IRQHandler
                0x0000021a                PLL1_IRQHandler
                0x0000021a                WDT_IRQHandler
                0x0000021a                PWM1_IRQHandler
                0x0000021a                QEI_IRQHandler
                0x0000021a                EINT0_IRQHandler
                0x0000021a                ETH_IRQHandler
                0x0000021a                CAN_IRQHandler
                0x0000021a                DMA_IRQHandler
                0x0000021a                TIMER2_IRQHandler
                0x0000021a                UART3_IRQHandler
                0x0000021a                MCPWM_IRQHandler
                0x000002fc                . = 0x2fc
 *fill*         0x00000220       0xdc ff
                0x000002fc                PROVIDE (__CRP_WORD_START__ = .)
 *(.crp)
 .crp           0x000002fc        0x4 ./src/crp.o
                0x000002fc                CRP_WORD
                0x00000300                PROVIDE (__CRP_WORD_END__ = .)
                0x00000001                ASSERT (! ((__CRP_WORD_START__ == __CRP_WORD_END__)), Linker CRP Enabled, but no CRP_WORD provided within application)
 *(.text*)
 .text.execute_user_code
                0x00000300       0x50 ./src/Bootloader.o
                0x00000300                execute_user_code
 .text.Chip_GPIO_SetPinState
                0x00000350       0x64 ./src/main.o
 .text.Chip_GPIO_WritePortBit
                0x000003b4       0x2c ./src/main.o
 .text.Chip_GPIO_SetPinDIROutput
                0x000003e0       0x36 ./src/main.o
 .text.Chip_GPIO_SetPinDIRInput
                0x00000416       0x3a ./src/main.o
 .text.Chip_GPIO_SetPinDIR
                0x00000450       0x42 ./src/main.o
 .text.Chip_GPIO_WriteDirBit
                0x00000492       0x2e ./src/main.o
 .text.prvSetupHardware
                0x000004c0       0x28 ./src/main.o
 .text.vTask_HartBeat
                0x000004e8       0x8c ./src/main.o
 .text.vTask_LunchUser_Application
                0x00000574       0x50 ./src/main.o
 .text.main     0x000005c4       0x50 ./src/main.o
                0x000005c4                main
 .text.SystemInit
                0x00000614       0x24 ./src/sysinit.o
                0x00000614                SystemInit
 .text.vApplicationStackOverflowHook
                0x00000638       0x1e ./freertos/src/FreeRTOSCommonHooks.o
                0x00000638                vApplicationStackOverflowHook
 .text.vApplicationTickHook
                0x00000656        0xc ./freertos/src/FreeRTOSCommonHooks.o
                0x00000656                vApplicationTickHook
 .text.pvPortMalloc
                0x00000662       0x22 ./freertos/src/heap_3.o
                0x00000662                pvPortMalloc
 .text.vPortFree
                0x00000684       0x24 ./freertos/src/heap_3.o
                0x00000684                vPortFree
 .text.vListInitialise
                0x000006a8       0x3e ./freertos/src/list.o
                0x000006a8                vListInitialise
 .text.vListInitialiseItem
                0x000006e6       0x18 ./freertos/src/list.o
                0x000006e6                vListInitialiseItem
 .text.vListInsertEnd
                0x000006fe       0x46 ./freertos/src/list.o
                0x000006fe                vListInsertEnd
 .text.vListInsert
                0x00000744       0x70 ./freertos/src/list.o
                0x00000744                vListInsert
 .text.uxListRemove
                0x000007b4       0x52 ./freertos/src/list.o
                0x000007b4                uxListRemove
 *fill*         0x00000806        0x2 ff
 .text.pxPortInitialiseStack
                0x00000808       0x58 ./freertos/src/port.o
                0x00000808                pxPortInitialiseStack
 .text.prvTaskExitError
                0x00000860       0x2e ./freertos/src/port.o
 *fill*         0x0000088e        0x2 ff
 .text.vPortSVCHandler
                0x00000890       0x28 ./freertos/src/port.o
                0x00000890                vPortSVCHandler
 .text.prvPortStartFirstTask
                0x000008b8       0x20 ./freertos/src/port.o
 .text.xPortStartScheduler
                0x000008d8       0x40 ./freertos/src/port.o
                0x000008d8                xPortStartScheduler
 .text.vPortEndScheduler
                0x00000918        0xc ./freertos/src/port.o
                0x00000918                vPortEndScheduler
 .text.vPortEnterCritical
                0x00000924       0x30 ./freertos/src/port.o
                0x00000924                vPortEnterCritical
 .text.vPortExitCritical
                0x00000954       0x30 ./freertos/src/port.o
                0x00000954                vPortExitCritical
 *fill*         0x00000984        0xc ff
 .text.xPortPendSVHandler
                0x00000990       0x48 ./freertos/src/port.o
                0x00000990                xPortPendSVHandler
 .text.xPortSysTickHandler
                0x000009d8       0x40 ./freertos/src/port.o
                0x000009d8                xPortSysTickHandler
 .text.vPortSetupTimerInterrupt
                0x00000a18       0x34 ./freertos/src/port.o
                0x00000a18                vPortSetupTimerInterrupt
 .text.xTaskCreate
                0x00000a4c       0x82 ./freertos/src/tasks.o
                0x00000a4c                xTaskCreate
 .text.prvInitialiseNewTask
                0x00000ace       0xfe ./freertos/src/tasks.o
 .text.prvAddNewTaskToReadyList
                0x00000bcc       0xdc ./freertos/src/tasks.o
 .text.vTaskDelay
                0x00000ca8       0x48 ./freertos/src/tasks.o
                0x00000ca8                vTaskDelay
 .text.vTaskStartScheduler
                0x00000cf0       0x6c ./freertos/src/tasks.o
                0x00000cf0                vTaskStartScheduler
 .text.vTaskEndScheduler
                0x00000d5c       0x30 ./freertos/src/tasks.o
                0x00000d5c                vTaskEndScheduler
 .text.vTaskSuspendAll
                0x00000d8c       0x1c ./freertos/src/tasks.o
                0x00000d8c                vTaskSuspendAll
 .text.xTaskResumeAll
                0x00000da8      0x11c ./freertos/src/tasks.o
                0x00000da8                xTaskResumeAll
 .text.xTaskIncrementTick
                0x00000ec4      0x160 ./freertos/src/tasks.o
                0x00000ec4                xTaskIncrementTick
 .text.vTaskSwitchContext
                0x00001024       0xd8 ./freertos/src/tasks.o
                0x00001024                vTaskSwitchContext
 .text.prvIdleTask
                0x000010fc        0xe ./freertos/src/tasks.o
 *fill*         0x0000110a        0x2 ff
 .text.prvInitialiseTaskLists
                0x0000110c       0x80 ./freertos/src/tasks.o
 .text.prvCheckTasksWaitingTermination
                0x0000118c       0x58 ./freertos/src/tasks.o
 .text.prvDeleteTCB
                0x000011e4       0x20 ./freertos/src/tasks.o
 .text.prvResetNextTaskUnblockTime
                0x00001204       0x40 ./freertos/src/tasks.o
 .text.prvAddCurrentTaskToDelayedList
                0x00001244       0xcc ./freertos/src/tasks.o
 .text.USB_IRQHandler
                0x00001310       0x20 ./0_Communication/USB/scr/cdc_usb_main.o
                0x00001310                USB_IRQHandler
 .text.SystemCoreClockUpdate
                0x00001330       0x10 C:\Robot\trunk\Workspaces\MultiWorkSpaces_2021\0_lpc_chip_175x_6x\Release\lib0_lpc_chip_175x_6x.a(chip_17xx_40xx.o)
                0x00001330                SystemCoreClockUpdate
 .text.Chip_Clock_EnablePLL
                0x00001340       0x24 C:\Robot\trunk\Workspaces\MultiWorkSpaces_2021\0_lpc_chip_175x_6x\Release\lib0_lpc_chip_175x_6x.a(clock_17xx_40xx.o)
                0x00001340                Chip_Clock_EnablePLL
 .text.Chip_Clock_DisablePLL
                0x00001364       0x26 C:\Robot\trunk\Workspaces\MultiWorkSpaces_2021\0_lpc_chip_175x_6x\Release\lib0_lpc_chip_175x_6x.a(clock_17xx_40xx.o)
                0x00001364                Chip_Clock_DisablePLL
 .text.Chip_Clock_SetupPLL
                0x0000138a       0x30 C:\Robot\trunk\Workspaces\MultiWorkSpaces_2021\0_lpc_chip_175x_6x\Release\lib0_lpc_chip_175x_6x.a(clock_17xx_40xx.o)
                0x0000138a                Chip_Clock_SetupPLL
 *fill*         0x000013ba        0x2 ff
 .text.Chip_Clock_EnablePeriphClock
                0x000013bc       0x18 C:\Robot\trunk\Workspaces\MultiWorkSpaces_2021\0_lpc_chip_175x_6x\Release\lib0_lpc_chip_175x_6x.a(clock_17xx_40xx.o)
                0x000013bc                Chip_Clock_EnablePeriphClock
 .text.Chip_Clock_GetCPUClockSource
                0x000013d4       0x10 C:\Robot\trunk\Workspaces\MultiWorkSpaces_2021\0_lpc_chip_175x_6x\Release\lib0_lpc_chip_175x_6x.a(clock_17xx_40xx.o)
                0x000013d4                Chip_Clock_GetCPUClockSource
 .text.Chip_Clock_SetCPUClockDiv
                0x000013e4        0xc C:\Robot\trunk\Workspaces\MultiWorkSpaces_2021\0_lpc_chip_175x_6x\Release\lib0_lpc_chip_175x_6x.a(clock_17xx_40xx.o)
                0x000013e4                Chip_Clock_SetCPUClockDiv
 .text.Chip_Clock_GetCPUClockDiv
                0x000013f0       0x10 C:\Robot\trunk\Workspaces\MultiWorkSpaces_2021\0_lpc_chip_175x_6x\Release\lib0_lpc_chip_175x_6x.a(clock_17xx_40xx.o)
                0x000013f0                Chip_Clock_GetCPUClockDiv
 .text.Chip_Clock_GetSYSCLKRate
                0x00001400       0x38 C:\Robot\trunk\Workspaces\MultiWorkSpaces_2021\0_lpc_chip_175x_6x\Release\lib0_lpc_chip_175x_6x.a(clock_17xx_40xx.o)
                0x00001400                Chip_Clock_GetSYSCLKRate
 .text.Chip_Clock_GetMainPLLOutClockRate
                0x00001438       0x34 C:\Robot\trunk\Workspaces\MultiWorkSpaces_2021\0_lpc_chip_175x_6x\Release\lib0_lpc_chip_175x_6x.a(clock_17xx_40xx.o)
                0x00001438                Chip_Clock_GetMainPLLOutClockRate
 .text.Chip_Clock_GetMainClockRate
                0x0000146c       0x20 C:\Robot\trunk\Workspaces\MultiWorkSpaces_2021\0_lpc_chip_175x_6x\Release\lib0_lpc_chip_175x_6x.a(clock_17xx_40xx.o)
                0x0000146c                Chip_Clock_GetMainClockRate
 .text.Chip_Clock_GetSystemClockRate
                0x0000148c       0x12 C:\Robot\trunk\Workspaces\MultiWorkSpaces_2021\0_lpc_chip_175x_6x\Release\lib0_lpc_chip_175x_6x.a(clock_17xx_40xx.o)
                0x0000148c                Chip_Clock_GetSystemClockRate
 *fill*         0x0000149e        0x2 ff
 .text.Chip_SetupIrcClocking
                0x000014a0       0x64 C:\Robot\trunk\Workspaces\MultiWorkSpaces_2021\0_lpc_chip_175x_6x\Release\lib0_lpc_chip_175x_6x.a(sysinit_17xx_40xx.o)
                0x000014a0                Chip_SetupIrcClocking
 .text.Chip_SetupXtalClocking
                0x00001504       0xdc C:\Robot\trunk\Workspaces\MultiWorkSpaces_2021\0_lpc_chip_175x_6x\Release\lib0_lpc_chip_175x_6x.a(sysinit_17xx_40xx.o)
                0x00001504                Chip_SetupXtalClocking
 .text.Chip_SystemInit
                0x000015e0        0x4 C:\Robot\trunk\Workspaces\MultiWorkSpaces_2021\0_lpc_chip_175x_6x\Release\lib0_lpc_chip_175x_6x.a(sysinit_17xx_40xx.o)
                0x000015e0                Chip_SystemInit
 .text.Set_Clock_in
                0x000015e4        0xc C:\Robot\trunk\Workspaces\MultiWorkSpaces_2021\0_lpc_board_nxp_lpcxpresso_1769\Release\lib0_lpc_board_nxp_lpcxpresso_1769.a(board.o)
                0x000015e4                Set_Clock_in
 .text.Board_Init
                0x000015f0       0x12 C:\Robot\trunk\Workspaces\MultiWorkSpaces_2021\0_lpc_board_nxp_lpcxpresso_1769\Release\lib0_lpc_board_nxp_lpcxpresso_1769.a(board.o)
                0x000015f0                Board_Init
 .text.EPAdr    0x00001602       0x10 C:\Robot\trunk\Workspaces\MultiWorkSpaces_2021\0_lpc_chip_175x_6x\libs\libusbd_175x_6x_lib.a(hw_usbd_ip3503.o)
                0x00001602                EPAdr
 .text.hwWrCmd  0x00001612       0x10 C:\Robot\trunk\Workspaces\MultiWorkSpaces_2021\0_lpc_chip_175x_6x\libs\libusbd_175x_6x_lib.a(hw_usbd_ip3503.o)
                0x00001612                hwWrCmd
 .text.hwWrCmdDat
                0x00001622       0x16 C:\Robot\trunk\Workspaces\MultiWorkSpaces_2021\0_lpc_chip_175x_6x\libs\libusbd_175x_6x_lib.a(hw_usbd_ip3503.o)
                0x00001622                hwWrCmdDat
 .text.hwWrCmdEP
                0x00001638       0x24 C:\Robot\trunk\Workspaces\MultiWorkSpaces_2021\0_lpc_chip_175x_6x\libs\libusbd_175x_6x_lib.a(hw_usbd_ip3503.o)
                0x00001638                hwWrCmdEP
 .text.hwRdCmdDat
                0x0000165c       0x12 C:\Robot\trunk\Workspaces\MultiWorkSpaces_2021\0_lpc_chip_175x_6x\libs\libusbd_175x_6x_lib.a(hw_usbd_ip3503.o)
                0x0000165c                hwRdCmdDat
 .text.hwUSB_GetMemSize
                0x0000166e        0x6 C:\Robot\trunk\Workspaces\MultiWorkSpaces_2021\0_lpc_chip_175x_6x\libs\libusbd_175x_6x_lib.a(hw_usbd_ip3503.o)
                0x0000166e                hwUSB_GetMemSize
 .text.hwUSB_Connect
                0x00001674       0x1c C:\Robot\trunk\Workspaces\MultiWorkSpaces_2021\0_lpc_chip_175x_6x\libs\libusbd_175x_6x_lib.a(hw_usbd_ip3503.o)
                0x00001674                hwUSB_Connect
 .text.hwUSB_Reset
                0x00001690       0x30 C:\Robot\trunk\Workspaces\MultiWorkSpaces_2021\0_lpc_chip_175x_6x\libs\libusbd_175x_6x_lib.a(hw_usbd_ip3503.o)
                0x00001690                hwUSB_Reset
 .text.hwUSB_WakeUp
                0x000016c0       0x20 C:\Robot\trunk\Workspaces\MultiWorkSpaces_2021\0_lpc_chip_175x_6x\libs\libusbd_175x_6x_lib.a(hw_usbd_ip3503.o)
                0x000016c0                hwUSB_WakeUp
 .text.hwUSB_WakeUpCfg
                0x000016e0        0x2 C:\Robot\trunk\Workspaces\MultiWorkSpaces_2021\0_lpc_chip_175x_6x\libs\libusbd_175x_6x_lib.a(hw_usbd_ip3503.o)
                0x000016e0                hwUSB_WakeUpCfg
 *fill*         0x000016e2        0x2 ff
 .text.hwUSB_SetAddress
                0x000016e4       0x30 C:\Robot\trunk\Workspaces\MultiWorkSpaces_2021\0_lpc_chip_175x_6x\libs\libusbd_175x_6x_lib.a(hw_usbd_ip3503.o)
                0x000016e4                hwUSB_SetAddress
 .text.hwUSB_Init
                0x00001714       0x84 C:\Robot\trunk\Workspaces\MultiWorkSpaces_2021\0_lpc_chip_175x_6x\libs\libusbd_175x_6x_lib.a(hw_usbd_ip3503.o)
                0x00001714                hwUSB_Init
 .text.hwUSB_Configure
                0x00001798       0x34 C:\Robot\trunk\Workspaces\MultiWorkSpaces_2021\0_lpc_chip_175x_6x\libs\libusbd_175x_6x_lib.a(hw_usbd_ip3503.o)
                0x00001798                hwUSB_Configure
 .text.hwUSB_ConfigEP
                0x000017cc       0x32 C:\Robot\trunk\Workspaces\MultiWorkSpaces_2021\0_lpc_chip_175x_6x\libs\libusbd_175x_6x_lib.a(hw_usbd_ip3503.o)
                0x000017cc                hwUSB_ConfigEP
 .text.hwUSB_DirCtrlEP
                0x000017fe        0x2 C:\Robot\trunk\Workspaces\MultiWorkSpaces_2021\0_lpc_chip_175x_6x\libs\libusbd_175x_6x_lib.a(hw_usbd_ip3503.o)
                0x000017fe                hwUSB_DirCtrlEP
 .text.hwUSB_EnableEP
                0x00001800       0x24 C:\Robot\trunk\Workspaces\MultiWorkSpaces_2021\0_lpc_chip_175x_6x\libs\libusbd_175x_6x_lib.a(hw_usbd_ip3503.o)
                0x00001800                hwUSB_EnableEP
 .text.hwUSB_DisableEP
                0x00001824       0x28 C:\Robot\trunk\Workspaces\MultiWorkSpaces_2021\0_lpc_chip_175x_6x\libs\libusbd_175x_6x_lib.a(hw_usbd_ip3503.o)
                0x00001824                hwUSB_DisableEP
 .text.hwUSB_ResetEP
                0x0000184c       0x24 C:\Robot\trunk\Workspaces\MultiWorkSpaces_2021\0_lpc_chip_175x_6x\libs\libusbd_175x_6x_lib.a(hw_usbd_ip3503.o)
                0x0000184c                hwUSB_ResetEP
 .text.hwUSB_SetStallEP
                0x00001870       0x28 C:\Robot\trunk\Workspaces\MultiWorkSpaces_2021\0_lpc_chip_175x_6x\libs\libusbd_175x_6x_lib.a(hw_usbd_ip3503.o)
                0x00001870                hwUSB_SetStallEP
 .text.hwUSB_ClrStallEP
                0x00001898       0x24 C:\Robot\trunk\Workspaces\MultiWorkSpaces_2021\0_lpc_chip_175x_6x\libs\libusbd_175x_6x_lib.a(hw_usbd_ip3503.o)
                0x00001898                hwUSB_ClrStallEP
 .text.hwUSB_EnableEvent
                0x000018bc       0xd8 C:\Robot\trunk\Workspaces\MultiWorkSpaces_2021\0_lpc_chip_175x_6x\libs\libusbd_175x_6x_lib.a(hw_usbd_ip3503.o)
                0x000018bc                hwUSB_EnableEvent
 .text.hwUSB_ReadEP
                0x00001994       0x80 C:\Robot\trunk\Workspaces\MultiWorkSpaces_2021\0_lpc_chip_175x_6x\libs\libusbd_175x_6x_lib.a(hw_usbd_ip3503.o)
                0x00001994                hwUSB_ReadEP
 .text.hwUSB_ForceFullSpeed
                0x00001a14        0x2 C:\Robot\trunk\Workspaces\MultiWorkSpaces_2021\0_lpc_chip_175x_6x\libs\libusbd_175x_6x_lib.a(hw_usbd_ip3503.o)
                0x00001a14                hwUSB_ForceFullSpeed
 .text.hwUSB_SetTestMode
                0x00001a16        0x4 C:\Robot\trunk\Workspaces\MultiWorkSpaces_2021\0_lpc_chip_175x_6x\libs\libusbd_175x_6x_lib.a(hw_usbd_ip3503.o)
                0x00001a16                hwUSB_SetTestMode
 .text.hwUSB_ReadReqEP
                0x00001a1a        0x4 C:\Robot\trunk\Workspaces\MultiWorkSpaces_2021\0_lpc_chip_175x_6x\libs\libusbd_175x_6x_lib.a(hw_usbd_ip3503.o)
                0x00001a1a                hwUSB_ReadReqEP
 .text.hwUSB_ReadSetupPkt
                0x00001a1e        0x4 C:\Robot\trunk\Workspaces\MultiWorkSpaces_2021\0_lpc_chip_175x_6x\libs\libusbd_175x_6x_lib.a(hw_usbd_ip3503.o)
                0x00001a1e                hwUSB_ReadSetupPkt
 *fill*         0x00001a22        0x2 ff
 .text.hwUSB_WriteEP
                0x00001a24       0x44 C:\Robot\trunk\Workspaces\MultiWorkSpaces_2021\0_lpc_chip_175x_6x\libs\libusbd_175x_6x_lib.a(hw_usbd_ip3503.o)
                0x00001a24                hwUSB_WriteEP
 .text.hwUSB_ISR
                0x00001a68      0x1a0 C:\Robot\trunk\Workspaces\MultiWorkSpaces_2021\0_lpc_chip_175x_6x\libs\libusbd_175x_6x_lib.a(hw_usbd_ip3503.o)
                0x00001a68                hwUSB_ISR
 .text.mwCDC_SetRequest
                0x00001c08       0x7c C:\Robot\trunk\Workspaces\MultiWorkSpaces_2021\0_lpc_chip_175x_6x\libs\libusbd_175x_6x_lib.a(mw_usbd_cdcuser.o)
                0x00001c08                mwCDC_SetRequest
 .text.mwCDC_ep0_hdlr
                0x00001c84       0xb0 C:\Robot\trunk\Workspaces\MultiWorkSpaces_2021\0_lpc_chip_175x_6x\libs\libusbd_175x_6x_lib.a(mw_usbd_cdcuser.o)
                0x00001c84                mwCDC_ep0_hdlr
 .text.mwCDC_GetRequest
                0x00001d34       0x50 C:\Robot\trunk\Workspaces\MultiWorkSpaces_2021\0_lpc_chip_175x_6x\libs\libusbd_175x_6x_lib.a(mw_usbd_cdcuser.o)
                0x00001d34                mwCDC_GetRequest
 .text.mwCDC_SendNotification
                0x00001d84       0x50 C:\Robot\trunk\Workspaces\MultiWorkSpaces_2021\0_lpc_chip_175x_6x\libs\libusbd_175x_6x_lib.a(mw_usbd_cdcuser.o)
                0x00001d84                mwCDC_SendNotification
 .text.mwCDC_GetMemSize
                0x00001dd4        0x4 C:\Robot\trunk\Workspaces\MultiWorkSpaces_2021\0_lpc_chip_175x_6x\libs\libusbd_175x_6x_lib.a(mw_usbd_cdcuser.o)
                0x00001dd4                mwCDC_GetMemSize
 .text.mwCDC_init
                0x00001dd8      0x140 C:\Robot\trunk\Workspaces\MultiWorkSpaces_2021\0_lpc_chip_175x_6x\libs\libusbd_175x_6x_lib.a(mw_usbd_cdcuser.o)
                0x00001dd8                mwCDC_init
 .text.USB_ReqGetConfiguration
                0x00001f18       0x20 C:\Robot\trunk\Workspaces\MultiWorkSpaces_2021\0_lpc_chip_175x_6x\libs\libusbd_175x_6x_lib.a(mw_usbd_core.o)
                0x00001f18                USB_ReqGetConfiguration
 .text.USBD_virt_to_phys
                0x00001f38        0x2 C:\Robot\trunk\Workspaces\MultiWorkSpaces_2021\0_lpc_chip_175x_6x\libs\libusbd_175x_6x_lib.a(mw_usbd_core.o)
                0x00001f38                USBD_virt_to_phys
 .text.USBD_cache_flush
                0x00001f3a        0x2 C:\Robot\trunk\Workspaces\MultiWorkSpaces_2021\0_lpc_chip_175x_6x\libs\libusbd_175x_6x_lib.a(mw_usbd_core.o)
                0x00001f3a                USBD_cache_flush
 .text.USB_ReqGetStatus
                0x00001f3c       0x8c C:\Robot\trunk\Workspaces\MultiWorkSpaces_2021\0_lpc_chip_175x_6x\libs\libusbd_175x_6x_lib.a(mw_usbd_core.o)
                0x00001f3c                USB_ReqGetStatus
 .text.USB_ReqGetDescriptor
                0x00001fc8       0x84 C:\Robot\trunk\Workspaces\MultiWorkSpaces_2021\0_lpc_chip_175x_6x\libs\libusbd_175x_6x_lib.a(mw_usbd_core.o)
                0x00001fc8                USB_ReqGetDescriptor
 .text.USB_ReqGetInterface
                0x0000204c       0x34 C:\Robot\trunk\Workspaces\MultiWorkSpaces_2021\0_lpc_chip_175x_6x\libs\libusbd_175x_6x_lib.a(mw_usbd_core.o)
                0x0000204c                USB_ReqGetInterface
 .text.USB_ReqSetClrFeature
                0x00002080       0xb4 C:\Robot\trunk\Workspaces\MultiWorkSpaces_2021\0_lpc_chip_175x_6x\libs\libusbd_175x_6x_lib.a(mw_usbd_core.o)
                0x00002080                USB_ReqSetClrFeature
 .text.USB_ReqSetConfiguration
                0x00002134      0x194 C:\Robot\trunk\Workspaces\MultiWorkSpaces_2021\0_lpc_chip_175x_6x\libs\libusbd_175x_6x_lib.a(mw_usbd_core.o)
                0x00002134                USB_ReqSetConfiguration
 .text.USB_ReqSetInterface
                0x000022c8      0x144 C:\Robot\trunk\Workspaces\MultiWorkSpaces_2021\0_lpc_chip_175x_6x\libs\libusbd_175x_6x_lib.a(mw_usbd_core.o)
                0x000022c8                USB_ReqSetInterface
 .text.mwUSB_SetupStage
                0x0000240c        0xa C:\Robot\trunk\Workspaces\MultiWorkSpaces_2021\0_lpc_chip_175x_6x\libs\libusbd_175x_6x_lib.a(mw_usbd_core.o)
                0x0000240c                mwUSB_SetupStage
 .text.mwUSB_DataInStage
                0x00002416       0x2e C:\Robot\trunk\Workspaces\MultiWorkSpaces_2021\0_lpc_chip_175x_6x\libs\libusbd_175x_6x_lib.a(mw_usbd_core.o)
                0x00002416                mwUSB_DataInStage
 .text.mwUSB_DataOutStage
                0x00002444       0x24 C:\Robot\trunk\Workspaces\MultiWorkSpaces_2021\0_lpc_chip_175x_6x\libs\libusbd_175x_6x_lib.a(mw_usbd_core.o)
                0x00002444                mwUSB_DataOutStage
 .text.mwUSB_StatusInStage
                0x00002468        0xa C:\Robot\trunk\Workspaces\MultiWorkSpaces_2021\0_lpc_chip_175x_6x\libs\libusbd_175x_6x_lib.a(mw_usbd_core.o)
                0x00002468                mwUSB_StatusInStage
 .text.mwUSB_StatusOutStage
                0x00002472        0xa C:\Robot\trunk\Workspaces\MultiWorkSpaces_2021\0_lpc_chip_175x_6x\libs\libusbd_175x_6x_lib.a(mw_usbd_core.o)
                0x00002472                mwUSB_StatusOutStage
 .text.mwUSB_StallEp0
                0x0000247c       0x12 C:\Robot\trunk\Workspaces\MultiWorkSpaces_2021\0_lpc_chip_175x_6x\libs\libusbd_175x_6x_lib.a(mw_usbd_core.o)
                0x0000247c                mwUSB_StallEp0
 *fill*         0x0000248e        0x2 ff
 .text.USB_ReqSetAddress
                0x00002490       0x24 C:\Robot\trunk\Workspaces\MultiWorkSpaces_2021\0_lpc_chip_175x_6x\libs\libusbd_175x_6x_lib.a(mw_usbd_core.o)
                0x00002490                USB_ReqSetAddress
 .text.USB_InvokeEp0Hdlrs
                0x000024b4       0x44 C:\Robot\trunk\Workspaces\MultiWorkSpaces_2021\0_lpc_chip_175x_6x\libs\libusbd_175x_6x_lib.a(mw_usbd_core.o)
                0x000024b4                USB_InvokeEp0Hdlrs
 .text.mwUSB_ResetCore
                0x000024f8       0x26 C:\Robot\trunk\Workspaces\MultiWorkSpaces_2021\0_lpc_chip_175x_6x\libs\libusbd_175x_6x_lib.a(mw_usbd_core.o)
                0x000024f8                mwUSB_ResetCore
 *fill*         0x0000251e        0x2 ff
 .text.USB_EvtSetupHandler
                0x00002520      0x108 C:\Robot\trunk\Workspaces\MultiWorkSpaces_2021\0_lpc_chip_175x_6x\libs\libusbd_175x_6x_lib.a(mw_usbd_core.o)
                0x00002520                USB_EvtSetupHandler
 .text.USB_EvtOutHandler
                0x00002628       0x68 C:\Robot\trunk\Workspaces\MultiWorkSpaces_2021\0_lpc_chip_175x_6x\libs\libusbd_175x_6x_lib.a(mw_usbd_core.o)
                0x00002628                USB_EvtOutHandler
 .text.USB_EndPoint0
                0x00002690       0x94 C:\Robot\trunk\Workspaces\MultiWorkSpaces_2021\0_lpc_chip_175x_6x\libs\libusbd_175x_6x_lib.a(mw_usbd_core.o)
                0x00002690                USB_EndPoint0
 .text.mwUSB_InitCore
                0x00002724       0xdc C:\Robot\trunk\Workspaces\MultiWorkSpaces_2021\0_lpc_chip_175x_6x\libs\libusbd_175x_6x_lib.a(mw_usbd_core.o)
                0x00002724                mwUSB_InitCore
 .text.mwUSB_RegisterClassHandler
                0x00002800       0x28 C:\Robot\trunk\Workspaces\MultiWorkSpaces_2021\0_lpc_chip_175x_6x\libs\libusbd_175x_6x_lib.a(mw_usbd_core.o)
                0x00002800                mwUSB_RegisterClassHandler
 .text.mwUSB_RegisterEpHandler
                0x00002828       0x24 C:\Robot\trunk\Workspaces\MultiWorkSpaces_2021\0_lpc_chip_175x_6x\libs\libusbd_175x_6x_lib.a(mw_usbd_core.o)
                0x00002828                mwUSB_RegisterEpHandler
 .text.memset   0x0000284c        0x4 c:/nxp/mcuxpressoide_11.1.1_3241/ide/plugins/com.nxp.mcuxpresso.tools.win32_11.1.0.202001081728/tools/bin/../lib/gcc/arm-none-eabi/8.3.1/../../../../arm-none-eabi/lib/thumb/v7-m/nofp\libcr_c.a(memset.o)
                0x0000284c                memset
 .text.__weak_main
                0x00002850        0x4 c:/nxp/mcuxpressoide_11.1.1_3241/ide/plugins/com.nxp.mcuxpresso.tools.win32_11.1.0.202001081728/tools/bin/../lib/gcc/arm-none-eabi/8.3.1/../../../../arm-none-eabi/lib/thumb/v7-m/nofp\libcr_c.a(__weak__main.o)
                0x00002850                __weak_main
                0x00002850                __main
 .text.malloc   0x00002854       0xc8 c:/nxp/mcuxpressoide_11.1.1_3241/ide/plugins/com.nxp.mcuxpresso.tools.win32_11.1.0.202001081728/tools/bin/../lib/gcc/arm-none-eabi/8.3.1/../../../../arm-none-eabi/lib/thumb/v7-m/nofp\libcr_c.a(alloc.o)
                0x00002854                malloc
 .text.free     0x0000291c       0x30 c:/nxp/mcuxpressoide_11.1.1_3241/ide/plugins/com.nxp.mcuxpresso.tools.win32_11.1.0.202001081728/tools/bin/../lib/gcc/arm-none-eabi/8.3.1/../../../../arm-none-eabi/lib/thumb/v7-m/nofp\libcr_c.a(alloc.o)
                0x0000291c                free
 .text._sbrk    0x0000294c       0x3c c:/nxp/mcuxpressoide_11.1.1_3241/ide/plugins/com.nxp.mcuxpresso.tools.win32_11.1.0.202001081728/tools/bin/../lib/gcc/arm-none-eabi/8.3.1/../../../../arm-none-eabi/lib/thumb/v7-m/nofp\libcr_c.a(_cr_sbrk.o)
                0x0000294c                _sbrk
 .text.__check_heap_overflow
                0x00002988       0x18 c:/nxp/mcuxpressoide_11.1.1_3241/ide/plugins/com.nxp.mcuxpresso.tools.win32_11.1.0.202001081728/tools/bin/../lib/gcc/arm-none-eabi/8.3.1/../../../../arm-none-eabi/lib/thumb/v7-m/nofp\libcr_c.a(_cr_check_heap.o)
                0x00002988                __check_heap_overflow
 .text.__aeabi_memset_lowlevel
                0x000029a0       0x32 c:/nxp/mcuxpressoide_11.1.1_3241/ide/plugins/com.nxp.mcuxpresso.tools.win32_11.1.0.202001081728/tools/bin/../lib/gcc/arm-none-eabi/8.3.1/thumb/v7-m/nofp\libcr_eabihelpers.a(memcpy.o)
                0x000029a0                __aeabi_lowlevel_memset
 *(.rodata .rodata.* .constdata .constdata.*)
 *fill*         0x000029d2        0x2 ff
 .rodata.main.str1.4
                0x000029d4       0x2c ./src/main.o
 .rodata.vTaskStartScheduler.str1.4
                0x00002a00        0x8 ./freertos/src/tasks.o
                                  0x5 (size before relaxing)
 .rodata.g_usbApi
                0x00002a08       0x20 ./0_Communication/USB/scr/cdc_usb_main.o
 .rodata.MainOscPLL0conf_12
                0x00002a28       0xf0 C:\Robot\trunk\Workspaces\MultiWorkSpaces_2021\0_lpc_chip_175x_6x\Release\lib0_lpc_chip_175x_6x.a(sysinit_17xx_40xx.o)
 .rodata.MainOscPLL0conf_16
                0x00002b18       0xb0 C:\Robot\trunk\Workspaces\MultiWorkSpaces_2021\0_lpc_chip_175x_6x\Release\lib0_lpc_chip_175x_6x.a(sysinit_17xx_40xx.o)
 .rodata.RTCOscRateIn
                0x00002bc8        0x4 C:\Robot\trunk\Workspaces\MultiWorkSpaces_2021\0_lpc_board_nxp_lpcxpresso_1769\Release\lib0_lpc_board_nxp_lpcxpresso_1769.a(board.o)
                0x00002bc8                RTCOscRateIn
 .rodata.hw_api
                0x00002bcc       0x5c C:\Robot\trunk\Workspaces\MultiWorkSpaces_2021\0_lpc_chip_175x_6x\libs\libusbd_175x_6x_lib.a(mw_usbd_rom_api.o)
                0x00002bcc                hw_api
 .rodata.core_api
                0x00002c28       0x20 C:\Robot\trunk\Workspaces\MultiWorkSpaces_2021\0_lpc_chip_175x_6x\libs\libusbd_175x_6x_lib.a(mw_usbd_rom_api.o)
                0x00002c28                core_api
 .rodata.cdc_api
                0x00002c48        0xc C:\Robot\trunk\Workspaces\MultiWorkSpaces_2021\0_lpc_chip_175x_6x\libs\libusbd_175x_6x_lib.a(mw_usbd_rom_api.o)
                0x00002c48                cdc_api
                0x00002c54                . = ALIGN (0x4)

.glue_7         0x00002c54        0x0
 .glue_7        0x00002c54        0x0 linker stubs

.glue_7t        0x00002c54        0x0
 .glue_7t       0x00002c54        0x0 linker stubs

.vfp11_veneer   0x00002c54        0x0
 .vfp11_veneer  0x00002c54        0x0 linker stubs

.v4_bx          0x00002c54        0x0
 .v4_bx         0x00002c54        0x0 linker stubs

.iplt           0x00002c54        0x0
 .iplt          0x00002c54        0x0 ./src/Bootloader.o

.rel.dyn        0x00002c54        0x0
 .rel.iplt      0x00002c54        0x0 ./src/Bootloader.o

.ARM.extab
 *(.ARM.extab* .gnu.linkonce.armextab.*)

.ARM.exidx      0x00002c54        0x0
                0x00002c54                __exidx_start = .
 *(.ARM.exidx* .gnu.linkonce.armexidx.*)
                0x00002c54                __exidx_end = .
                0x00002c54                _etext = .

.data_RAM2      0x2007c000        0x0 load address 0x00002c54
 FILL mask 0xff
                [!provide]                PROVIDE (__start_data_RAM2 = .)
                [!provide]                PROVIDE (__start_data_RamAHB32 = .)
 *(.ramfunc.$RAM2)
 *(.ramfunc.$RamAHB32)
 *(.data.$RAM2)
 *(.data.$RamAHB32)
 *(.data.$RAM2.*)
 *(.data.$RamAHB32.*)
                0x2007c000                . = ALIGN (0x4)
                [!provide]                PROVIDE (__end_data_RAM2 = .)
                [!provide]                PROVIDE (__end_data_RamAHB32 = .)

.uninit_RESERVED
                0x10000000        0x0
                0x10000000                _start_uninit_RESERVED = .
 *(.bss.$RESERVED*)
                0x10000000                . = ALIGN (0x4)
                0x10000000                _end_uninit_RESERVED = .

.data           0x10000000       0x84 load address 0x00002c54
 FILL mask 0xff
                0x10000000                _data = .
                [!provide]                PROVIDE (__start_data_RAM = .)
                [!provide]                PROVIDE (__start_data_RamLoc32 = .)
 *(vtable)
 *(.ramfunc*)
 *(CodeQuickAccess)
 *(DataQuickAccess)
 *(RamFunction)
 *(.data*)
 .data.sector_start_map
                0x10000000       0x78 ./src/Bootloader.o
                0x10000000                sector_start_map
 .data.uxCriticalNesting
                0x10000078        0x4 ./freertos/src/port.o
 .data.g_pUsbApi
                0x1000007c        0x4 ./0_Communication/USB/scr/cdc_usb_main.o
                0x1000007c                g_pUsbApi
 .data.OscRateIn
                0x10000080        0x4 C:\Robot\trunk\Workspaces\MultiWorkSpaces_2021\0_lpc_board_nxp_lpcxpresso_1769\Release\lib0_lpc_board_nxp_lpcxpresso_1769.a(board.o)
                0x10000080                OscRateIn
                0x10000084                . = ALIGN (0x4)
                0x10000084                _edata = .
                [!provide]                PROVIDE (__end_data_RAM = .)
                [!provide]                PROVIDE (__end_data_RamLoc32 = .)

.igot.plt       0x10000084        0x0 load address 0x00002cd8
 .igot.plt      0x10000084        0x0 ./src/Bootloader.o

.bss_RAM2       0x2007c000        0x0
                [!provide]                PROVIDE (__start_bss_RAM2 = .)
                [!provide]                PROVIDE (__start_bss_RamAHB32 = .)
 *(.bss.$RAM2)
 *(.bss.$RamAHB32)
 *(.bss.$RAM2.*)
 *(.bss.$RamAHB32.*)
                0x2007c000                . = ALIGN ((. != 0x0)?0x4:0x1)
                [!provide]                PROVIDE (__end_bss_RAM2 = .)
                [!provide]                PROVIDE (__end_bss_RamAHB32 = .)

.bss            0x10000084      0x118
                0x10000084                _bss = .
                [!provide]                PROVIDE (__start_bss_RAM = .)
                [!provide]                PROVIDE (__start_bss_RamLoc32 = .)
 *(.bss*)
 .bss.pxCurrentTCB
                0x10000084        0x4 ./freertos/src/tasks.o
                0x10000084                pxCurrentTCB
 .bss.pxReadyTasksLists
                0x10000088       0x64 ./freertos/src/tasks.o
 .bss.xDelayedTaskList1
                0x100000ec       0x14 ./freertos/src/tasks.o
 .bss.xDelayedTaskList2
                0x10000100       0x14 ./freertos/src/tasks.o
 .bss.pxDelayedTaskList
                0x10000114        0x4 ./freertos/src/tasks.o
 .bss.pxOverflowDelayedTaskList
                0x10000118        0x4 ./freertos/src/tasks.o
 .bss.xPendingReadyList
                0x1000011c       0x14 ./freertos/src/tasks.o
 .bss.xTasksWaitingTermination
                0x10000130       0x14 ./freertos/src/tasks.o
 .bss.uxDeletedTasksWaitingCleanUp
                0x10000144        0x4 ./freertos/src/tasks.o
 .bss.xSuspendedTaskList
                0x10000148       0x14 ./freertos/src/tasks.o
 .bss.uxCurrentNumberOfTasks
                0x1000015c        0x4 ./freertos/src/tasks.o
 .bss.xTickCount
                0x10000160        0x4 ./freertos/src/tasks.o
 .bss.uxTopReadyPriority
                0x10000164        0x4 ./freertos/src/tasks.o
 .bss.xSchedulerRunning
                0x10000168        0x4 ./freertos/src/tasks.o
 .bss.xPendedTicks
                0x1000016c        0x4 ./freertos/src/tasks.o
 .bss.xYieldPending
                0x10000170        0x4 ./freertos/src/tasks.o
 .bss.xNumOfOverflows
                0x10000174        0x4 ./freertos/src/tasks.o
 .bss.uxTaskNumber
                0x10000178        0x4 ./freertos/src/tasks.o
 .bss.xNextTaskUnblockTime
                0x1000017c        0x4 ./freertos/src/tasks.o
 .bss.xIdleTaskHandle
                0x10000180        0x4 ./freertos/src/tasks.o
 .bss.uxSchedulerSuspended
                0x10000184        0x4 ./freertos/src/tasks.o
 .bss.g_hUsb    0x10000188        0x4 ./0_Communication/USB/scr/cdc_usb_main.o
 .bss.__end_of_heap
                0x1000018c        0x4 c:/nxp/mcuxpressoide_11.1.1_3241/ide/plugins/com.nxp.mcuxpresso.tools.win32_11.1.0.202001081728/tools/bin/../lib/gcc/arm-none-eabi/8.3.1/../../../../arm-none-eabi/lib/thumb/v7-m/nofp\libcr_c.a(__init_alloc.o)
                0x1000018c                __end_of_heap
 .bss.__heaps   0x10000190        0x4 c:/nxp/mcuxpressoide_11.1.1_3241/ide/plugins/com.nxp.mcuxpresso.tools.win32_11.1.0.202001081728/tools/bin/../lib/gcc/arm-none-eabi/8.3.1/../../../../arm-none-eabi/lib/thumb/v7-m/nofp\libcr_c.a(__init_alloc.o)
                0x10000190                __heaps
 .bss.errno     0x10000194        0x4 c:/nxp/mcuxpressoide_11.1.1_3241/ide/plugins/com.nxp.mcuxpresso.tools.win32_11.1.0.202001081728/tools/bin/../lib/gcc/arm-none-eabi/8.3.1/../../../../arm-none-eabi/lib/thumb/v7-m/nofp\libcr_c.a(errno.o)
                0x10000194                errno
 *(COMMON)
 COMMON         0x10000198        0x4 C:\Robot\trunk\Workspaces\MultiWorkSpaces_2021\0_lpc_chip_175x_6x\Release\lib0_lpc_chip_175x_6x.a(chip_17xx_40xx.o)
                0x10000198                SystemCoreClock
                0x1000019c                . = ALIGN (0x4)
                0x1000019c                _ebss = .
                [!provide]                PROVIDE (__end_bss_RAM = .)
                [!provide]                PROVIDE (__end_bss_RamLoc32 = .)
                [!provide]                PROVIDE (end = .)

.noinit_RAM2    0x2007c000        0x0
                [!provide]                PROVIDE (__start_noinit_RAM2 = .)
                [!provide]                PROVIDE (__start_noinit_RamAHB32 = .)
 *(.noinit.$RAM2)
 *(.noinit.$RamAHB32)
 *(.noinit.$RAM2.*)
 *(.noinit.$RamAHB32.*)
                0x2007c000                . = ALIGN (0x4)
                [!provide]                PROVIDE (__end_noinit_RAM2 = .)
                [!provide]                PROVIDE (__end_noinit_RamAHB32 = .)

.noinit         0x1000019c        0x0
                0x1000019c                _noinit = .
                [!provide]                PROVIDE (__start_noinit_RAM = .)
                [!provide]                PROVIDE (__start_noinit_RamLoc32 = .)
 *(.noinit*)
                0x1000019c                . = ALIGN (0x4)
                0x1000019c                _end_noinit = .
                [!provide]                PROVIDE (__end_noinit_RAM = .)
                [!provide]                PROVIDE (__end_noinit_RamLoc32 = .)
                0x1000019c                PROVIDE (_pvHeapStart = DEFINED (__user_heap_base)?__user_heap_base:.)
                0x10008000                PROVIDE (_vStackTop = DEFINED (__user_stack_top)?__user_stack_top:(__top_RamLoc32 - 0x0))
                [!provide]                PROVIDE (__valid_user_code_checksum = (0x0 - ((((((_vStackTop + (ResetISR + 0x1)) + (NMI_Handler + 0x1)) + (HardFault_Handler + 0x1)) + (DEFINED (MemManage_Handler)?MemManage_Handler:0x0 + 0x1)) + (DEFINED (BusFault_Handler)?BusFault_Handler:0x0 + 0x1)) + (DEFINED (UsageFault_Handler)?UsageFault_Handler:0x0 + 0x1))))
                0x00000000                _image_start = LOADADDR (.text)
                0x00002cd8                _image_end = (LOADADDR (.data) + SIZEOF (.data))
                0x00002cd8                _image_size = (_image_end - _image_start)
OUTPUT(Bootloader.axf elf32-littlearm)

.debug_info     0x00000000    0x11aa0
 .debug_info    0x00000000      0x913 ./src/Bootloader.o
 .debug_info    0x00000913      0x273 ./src/cr_startup_lpc175x_6x.o
 .debug_info    0x00000b86       0x40 ./src/crp.o
 .debug_info    0x00000bc6     0x193a ./src/main.o
 .debug_info    0x00002500      0x250 ./src/sysinit.o
 .debug_info    0x00002750      0x258 ./freertos/src/FreeRTOSCommonHooks.o
 .debug_info    0x000029a8      0x11e ./freertos/src/heap_3.o
 .debug_info    0x00002ac6      0x2f6 ./freertos/src/list.o
 .debug_info    0x00002dbc      0x32b ./freertos/src/port.o
 .debug_info    0x000030e7     0x1d38 ./freertos/src/tasks.o
 .debug_info    0x00004e1f     0x1dd5 ./0_Communication/USB/scr/cdc_usb_main.o
 .debug_info    0x00006bf4      0x642 C:\Robot\trunk\Workspaces\MultiWorkSpaces_2021\0_lpc_chip_175x_6x\Release\lib0_lpc_chip_175x_6x.a(chip_17xx_40xx.o)
 .debug_info    0x00007236      0xeb0 C:\Robot\trunk\Workspaces\MultiWorkSpaces_2021\0_lpc_chip_175x_6x\Release\lib0_lpc_chip_175x_6x.a(clock_17xx_40xx.o)
 .debug_info    0x000080e6      0x89e C:\Robot\trunk\Workspaces\MultiWorkSpaces_2021\0_lpc_chip_175x_6x\Release\lib0_lpc_chip_175x_6x.a(sysinit_17xx_40xx.o)
 .debug_info    0x00008984     0x2849 C:\Robot\trunk\Workspaces\MultiWorkSpaces_2021\0_lpc_board_nxp_lpcxpresso_1769\Release\lib0_lpc_board_nxp_lpcxpresso_1769.a(board.o)
 .debug_info    0x0000b1cd     0x14f8 C:\Robot\trunk\Workspaces\MultiWorkSpaces_2021\0_lpc_chip_175x_6x\libs\libusbd_175x_6x_lib.a(mw_usbd_rom_api.o)
 .debug_info    0x0000c6c5     0x1f77 C:\Robot\trunk\Workspaces\MultiWorkSpaces_2021\0_lpc_chip_175x_6x\libs\libusbd_175x_6x_lib.a(hw_usbd_ip3503.o)
 .debug_info    0x0000e63c     0x14e4 C:\Robot\trunk\Workspaces\MultiWorkSpaces_2021\0_lpc_chip_175x_6x\libs\libusbd_175x_6x_lib.a(mw_usbd_cdcuser.o)
 .debug_info    0x0000fb20     0x1f80 C:\Robot\trunk\Workspaces\MultiWorkSpaces_2021\0_lpc_chip_175x_6x\libs\libusbd_175x_6x_lib.a(mw_usbd_core.o)

.debug_abbrev   0x00000000     0x2ca4
 .debug_abbrev  0x00000000      0x26f ./src/Bootloader.o
 .debug_abbrev  0x0000026f      0x12a ./src/cr_startup_lpc175x_6x.o
 .debug_abbrev  0x00000399       0x38 ./src/crp.o
 .debug_abbrev  0x000003d1      0x264 ./src/main.o
 .debug_abbrev  0x00000635       0xeb ./src/sysinit.o
 .debug_abbrev  0x00000720      0x181 ./freertos/src/FreeRTOSCommonHooks.o
 .debug_abbrev  0x000008a1       0xf2 ./freertos/src/heap_3.o
 .debug_abbrev  0x00000993      0x12d ./freertos/src/list.o
 .debug_abbrev  0x00000ac0      0x22a ./freertos/src/port.o
 .debug_abbrev  0x00000cea      0x30b ./freertos/src/tasks.o
 .debug_abbrev  0x00000ff5      0x2fe ./0_Communication/USB/scr/cdc_usb_main.o
 .debug_abbrev  0x000012f3      0x1e7 C:\Robot\trunk\Workspaces\MultiWorkSpaces_2021\0_lpc_chip_175x_6x\Release\lib0_lpc_chip_175x_6x.a(chip_17xx_40xx.o)
 .debug_abbrev  0x000014da      0x426 C:\Robot\trunk\Workspaces\MultiWorkSpaces_2021\0_lpc_chip_175x_6x\Release\lib0_lpc_chip_175x_6x.a(clock_17xx_40xx.o)
 .debug_abbrev  0x00001900      0x294 C:\Robot\trunk\Workspaces\MultiWorkSpaces_2021\0_lpc_chip_175x_6x\Release\lib0_lpc_chip_175x_6x.a(sysinit_17xx_40xx.o)
 .debug_abbrev  0x00001b94      0x52a C:\Robot\trunk\Workspaces\MultiWorkSpaces_2021\0_lpc_board_nxp_lpcxpresso_1769\Release\lib0_lpc_board_nxp_lpcxpresso_1769.a(board.o)
 .debug_abbrev  0x000020be      0x143 C:\Robot\trunk\Workspaces\MultiWorkSpaces_2021\0_lpc_chip_175x_6x\libs\libusbd_175x_6x_lib.a(mw_usbd_rom_api.o)
 .debug_abbrev  0x00002201      0x3b8 C:\Robot\trunk\Workspaces\MultiWorkSpaces_2021\0_lpc_chip_175x_6x\libs\libusbd_175x_6x_lib.a(hw_usbd_ip3503.o)
 .debug_abbrev  0x000025b9      0x2f5 C:\Robot\trunk\Workspaces\MultiWorkSpaces_2021\0_lpc_chip_175x_6x\libs\libusbd_175x_6x_lib.a(mw_usbd_cdcuser.o)
 .debug_abbrev  0x000028ae      0x3f6 C:\Robot\trunk\Workspaces\MultiWorkSpaces_2021\0_lpc_chip_175x_6x\libs\libusbd_175x_6x_lib.a(mw_usbd_core.o)

.debug_aranges  0x00000000      0x918
 .debug_aranges
                0x00000000       0x38 ./src/Bootloader.o
 .debug_aranges
                0x00000038       0x80 ./src/cr_startup_lpc175x_6x.o
 .debug_aranges
                0x000000b8       0x18 ./src/crp.o
 .debug_aranges
                0x000000d0       0x68 ./src/main.o
 .debug_aranges
                0x00000138       0x20 ./src/sysinit.o
 .debug_aranges
                0x00000158       0x40 ./freertos/src/FreeRTOSCommonHooks.o
 .debug_aranges
                0x00000198       0x28 ./freertos/src/heap_3.o
 .debug_aranges
                0x000001c0       0x40 ./freertos/src/list.o
 .debug_aranges
                0x00000200       0x70 ./freertos/src/port.o
 .debug_aranges
                0x00000270      0x200 ./freertos/src/tasks.o
 .debug_aranges
                0x00000470       0x70 ./0_Communication/USB/scr/cdc_usb_main.o
 .debug_aranges
                0x000004e0       0x28 C:\Robot\trunk\Workspaces\MultiWorkSpaces_2021\0_lpc_chip_175x_6x\Release\lib0_lpc_chip_175x_6x.a(chip_17xx_40xx.o)
 .debug_aranges
                0x00000508       0xc8 C:\Robot\trunk\Workspaces\MultiWorkSpaces_2021\0_lpc_chip_175x_6x\Release\lib0_lpc_chip_175x_6x.a(clock_17xx_40xx.o)
 .debug_aranges
                0x000005d0       0x30 C:\Robot\trunk\Workspaces\MultiWorkSpaces_2021\0_lpc_chip_175x_6x\Release\lib0_lpc_chip_175x_6x.a(sysinit_17xx_40xx.o)
 .debug_aranges
                0x00000600       0xc8 C:\Robot\trunk\Workspaces\MultiWorkSpaces_2021\0_lpc_board_nxp_lpcxpresso_1769\Release\lib0_lpc_board_nxp_lpcxpresso_1769.a(board.o)
 .debug_aranges
                0x000006c8       0x18 C:\Robot\trunk\Workspaces\MultiWorkSpaces_2021\0_lpc_chip_175x_6x\libs\libusbd_175x_6x_lib.a(mw_usbd_rom_api.o)
 .debug_aranges
                0x000006e0      0x118 C:\Robot\trunk\Workspaces\MultiWorkSpaces_2021\0_lpc_chip_175x_6x\libs\libusbd_175x_6x_lib.a(hw_usbd_ip3503.o)
 .debug_aranges
                0x000007f8       0x48 C:\Robot\trunk\Workspaces\MultiWorkSpaces_2021\0_lpc_chip_175x_6x\libs\libusbd_175x_6x_lib.a(mw_usbd_cdcuser.o)
 .debug_aranges
                0x00000840       0xd8 C:\Robot\trunk\Workspaces\MultiWorkSpaces_2021\0_lpc_chip_175x_6x\libs\libusbd_175x_6x_lib.a(mw_usbd_core.o)

.debug_ranges   0x00000000      0xb08
 .debug_ranges  0x00000000       0x28 ./src/Bootloader.o
 .debug_ranges  0x00000028       0x70 ./src/cr_startup_lpc175x_6x.o
 .debug_ranges  0x00000098       0x58 ./src/main.o
 .debug_ranges  0x000000f0       0x10 ./src/sysinit.o
 .debug_ranges  0x00000100       0x30 ./freertos/src/FreeRTOSCommonHooks.o
 .debug_ranges  0x00000130       0x18 ./freertos/src/heap_3.o
 .debug_ranges  0x00000148       0x30 ./freertos/src/list.o
 .debug_ranges  0x00000178       0x60 ./freertos/src/port.o
 .debug_ranges  0x000001d8      0x1f0 ./freertos/src/tasks.o
 .debug_ranges  0x000003c8       0x60 ./0_Communication/USB/scr/cdc_usb_main.o
 .debug_ranges  0x00000428       0x30 C:\Robot\trunk\Workspaces\MultiWorkSpaces_2021\0_lpc_chip_175x_6x\Release\lib0_lpc_chip_175x_6x.a(chip_17xx_40xx.o)
 .debug_ranges  0x00000458      0x198 C:\Robot\trunk\Workspaces\MultiWorkSpaces_2021\0_lpc_chip_175x_6x\Release\lib0_lpc_chip_175x_6x.a(clock_17xx_40xx.o)
 .debug_ranges  0x000005f0       0x90 C:\Robot\trunk\Workspaces\MultiWorkSpaces_2021\0_lpc_chip_175x_6x\Release\lib0_lpc_chip_175x_6x.a(sysinit_17xx_40xx.o)
 .debug_ranges  0x00000680      0x268 C:\Robot\trunk\Workspaces\MultiWorkSpaces_2021\0_lpc_board_nxp_lpcxpresso_1769\Release\lib0_lpc_board_nxp_lpcxpresso_1769.a(board.o)
 .debug_ranges  0x000008e8      0x108 C:\Robot\trunk\Workspaces\MultiWorkSpaces_2021\0_lpc_chip_175x_6x\libs\libusbd_175x_6x_lib.a(hw_usbd_ip3503.o)
 .debug_ranges  0x000009f0       0x38 C:\Robot\trunk\Workspaces\MultiWorkSpaces_2021\0_lpc_chip_175x_6x\libs\libusbd_175x_6x_lib.a(mw_usbd_cdcuser.o)
 .debug_ranges  0x00000a28       0xe0 C:\Robot\trunk\Workspaces\MultiWorkSpaces_2021\0_lpc_chip_175x_6x\libs\libusbd_175x_6x_lib.a(mw_usbd_core.o)

.debug_macro    0x00000000     0x6e47
 .debug_macro   0x00000000      0x224 ./src/Bootloader.o
 .debug_macro   0x00000224      0xaae ./src/Bootloader.o
 .debug_macro   0x00000cd2       0x10 ./src/Bootloader.o
 .debug_macro   0x00000ce2      0x12e ./src/Bootloader.o
 .debug_macro   0x00000e10      0x5b3 ./src/Bootloader.o
 .debug_macro   0x000013c3       0x22 ./src/Bootloader.o
 .debug_macro   0x000013e5       0x7b ./src/Bootloader.o
 .debug_macro   0x00001460       0x10 ./src/Bootloader.o
 .debug_macro   0x00001470       0x2d ./src/Bootloader.o
 .debug_macro   0x0000149d       0x3a ./src/Bootloader.o
 .debug_macro   0x000014d7       0x2d ./src/Bootloader.o
 .debug_macro   0x00001504      0xbb1 ./src/Bootloader.o
 .debug_macro   0x000020b5      0x233 ./src/Bootloader.o
 .debug_macro   0x000022e8       0x42 ./src/Bootloader.o
 .debug_macro   0x0000232a       0x52 ./src/Bootloader.o
 .debug_macro   0x0000237c       0x78 ./src/Bootloader.o
 .debug_macro   0x000023f4       0x82 ./src/Bootloader.o
 .debug_macro   0x00002476      0x48c ./src/Bootloader.o
 .debug_macro   0x00002902       0x34 ./src/Bootloader.o
 .debug_macro   0x00002936      0x4c5 ./src/Bootloader.o
 .debug_macro   0x00002dfb      0x1b7 ./src/Bootloader.o
 .debug_macro   0x00002fb2       0x10 ./src/Bootloader.o
 .debug_macro   0x00002fc2      0x21b ./src/Bootloader.o
 .debug_macro   0x000031dd      0x1b9 ./src/Bootloader.o
 .debug_macro   0x00003396       0x40 ./src/Bootloader.o
 .debug_macro   0x000033d6       0x22 ./src/Bootloader.o
 .debug_macro   0x000033f8      0x162 ./src/Bootloader.o
 .debug_macro   0x0000355a       0x94 ./src/Bootloader.o
 .debug_macro   0x000035ee       0xb8 ./src/Bootloader.o
 .debug_macro   0x000036a6       0x4c ./src/Bootloader.o
 .debug_macro   0x000036f2       0x16 ./src/Bootloader.o
 .debug_macro   0x00003708      0x328 ./src/Bootloader.o
 .debug_macro   0x00003a30       0x49 ./src/Bootloader.o
 .debug_macro   0x00003a79       0x16 ./src/Bootloader.o
 .debug_macro   0x00003a8f       0xca ./src/Bootloader.o
 .debug_macro   0x00003b59       0x18 ./src/Bootloader.o
 .debug_macro   0x00003b71      0x130 ./src/Bootloader.o
 .debug_macro   0x00003ca1       0x70 ./src/Bootloader.o
 .debug_macro   0x00003d11       0xd2 ./src/Bootloader.o
 .debug_macro   0x00003de3       0x20 ./src/Bootloader.o
 .debug_macro   0x00003e03       0x28 ./src/Bootloader.o
 .debug_macro   0x00003e2b      0x1d4 ./src/Bootloader.o
 .debug_macro   0x00003fff       0x1d ./src/cr_startup_lpc175x_6x.o
 .debug_macro   0x0000401c       0x1a ./src/crp.o
 .debug_macro   0x00004036       0x34 ./src/crp.o
 .debug_macro   0x0000406a      0x3ae ./src/main.o
 .debug_macro   0x00004418       0x10 ./src/main.o
 .debug_macro   0x00004428      0x164 ./src/main.o
 .debug_macro   0x0000458c      0x15a ./src/main.o
 .debug_macro   0x000046e6       0xdd ./src/main.o
 .debug_macro   0x000047c3       0x1c ./src/main.o
 .debug_macro   0x000047df       0x26 ./src/main.o
 .debug_macro   0x00004805      0x4fd ./src/main.o
 .debug_macro   0x00004d02       0xb5 ./src/main.o
 .debug_macro   0x00004db7       0xaa ./src/main.o
 .debug_macro   0x00004e61      0x26c ./src/main.o
 .debug_macro   0x000050cd       0x58 ./src/main.o
 .debug_macro   0x00005125       0x12 ./src/main.o
 .debug_macro   0x00005137       0xfa ./src/main.o
 .debug_macro   0x00005231       0xee ./src/main.o
 .debug_macro   0x0000531f      0x693 ./src/main.o
 .debug_macro   0x000059b2      0x272 ./src/main.o
 .debug_macro   0x00005c24       0x10 ./src/main.o
 .debug_macro   0x00005c34       0x2e ./src/main.o
 .debug_macro   0x00005c62       0xc4 ./src/main.o
 .debug_macro   0x00005d26       0x1c ./src/main.o
 .debug_macro   0x00005d42       0x1c ./src/main.o
 .debug_macro   0x00005d5e       0x24 ./src/main.o
 .debug_macro   0x00005d82      0x1ee ./src/main.o
 .debug_macro   0x00005f70       0x82 ./src/main.o
 .debug_macro   0x00005ff2      0x221 ./src/sysinit.o
 .debug_macro   0x00006213       0x6a ./src/sysinit.o
 .debug_macro   0x0000627d      0x258 ./freertos/src/FreeRTOSCommonHooks.o
 .debug_macro   0x000064d5       0x16 ./freertos/src/FreeRTOSCommonHooks.o
 .debug_macro   0x000064eb      0x164 ./freertos/src/FreeRTOSCommonHooks.o
 .debug_macro   0x0000664f       0x74 ./freertos/src/FreeRTOSCommonHooks.o
 .debug_macro   0x000066c3       0x11 ./freertos/src/FreeRTOSCommonHooks.o
 .debug_macro   0x000066d4       0xd3 ./freertos/src/heap_3.o
 .debug_macro   0x000067a7       0xb8 ./freertos/src/list.o
 .debug_macro   0x0000685f      0x155 ./freertos/src/port.o
 .debug_macro   0x000069b4      0x19b ./freertos/src/tasks.o
 .debug_macro   0x00006b4f       0x10 ./freertos/src/tasks.o
 .debug_macro   0x00006b5f      0x2e8 ./0_Communication/USB/scr/cdc_usb_main.o

.debug_line     0x00000000     0x70f6
 .debug_line    0x00000000      0x5af ./src/Bootloader.o
 .debug_line    0x000005af      0x160 ./src/cr_startup_lpc175x_6x.o
 .debug_line    0x0000070f       0xb1 ./src/crp.o
 .debug_line    0x000007c0      0xa71 ./src/main.o
 .debug_line    0x00001231      0x519 ./src/sysinit.o
 .debug_line    0x0000174a      0x65d ./freertos/src/FreeRTOSCommonHooks.o
 .debug_line    0x00001da7      0x2dd ./freertos/src/heap_3.o
 .debug_line    0x00002084      0x3a5 ./freertos/src/list.o
 .debug_line    0x00002429      0x447 ./freertos/src/port.o
 .debug_line    0x00002870     0x1569 ./freertos/src/tasks.o
 .debug_line    0x00003dd9      0x86e ./0_Communication/USB/scr/cdc_usb_main.o
 .debug_line    0x00004647      0x2c6 C:\Robot\trunk\Workspaces\MultiWorkSpaces_2021\0_lpc_chip_175x_6x\Release\lib0_lpc_chip_175x_6x.a(chip_17xx_40xx.o)
 .debug_line    0x0000490d      0x791 C:\Robot\trunk\Workspaces\MultiWorkSpaces_2021\0_lpc_chip_175x_6x\Release\lib0_lpc_chip_175x_6x.a(clock_17xx_40xx.o)
 .debug_line    0x0000509e      0x4a0 C:\Robot\trunk\Workspaces\MultiWorkSpaces_2021\0_lpc_chip_175x_6x\Release\lib0_lpc_chip_175x_6x.a(sysinit_17xx_40xx.o)
 .debug_line    0x0000553e      0xd00 C:\Robot\trunk\Workspaces\MultiWorkSpaces_2021\0_lpc_board_nxp_lpcxpresso_1769\Release\lib0_lpc_board_nxp_lpcxpresso_1769.a(board.o)
 .debug_line    0x0000623e      0x198 C:\Robot\trunk\Workspaces\MultiWorkSpaces_2021\0_lpc_chip_175x_6x\libs\libusbd_175x_6x_lib.a(mw_usbd_rom_api.o)
 .debug_line    0x000063d6      0x54e C:\Robot\trunk\Workspaces\MultiWorkSpaces_2021\0_lpc_chip_175x_6x\libs\libusbd_175x_6x_lib.a(hw_usbd_ip3503.o)
 .debug_line    0x00006924      0x308 C:\Robot\trunk\Workspaces\MultiWorkSpaces_2021\0_lpc_chip_175x_6x\libs\libusbd_175x_6x_lib.a(mw_usbd_cdcuser.o)
 .debug_line    0x00006c2c      0x4ca C:\Robot\trunk\Workspaces\MultiWorkSpaces_2021\0_lpc_chip_175x_6x\libs\libusbd_175x_6x_lib.a(mw_usbd_core.o)

.debug_str      0x00000000    0x21636
 .debug_str     0x00000000    0x1223f ./src/Bootloader.o
                              0x12373 (size before relaxing)
 .debug_str     0x0001223f      0x1d6 ./src/cr_startup_lpc175x_6x.o
                               0x2fcd (size before relaxing)
 .debug_str     0x00012415       0xe9 ./src/crp.o
                               0x2eda (size before relaxing)
 .debug_str     0x000124fe     0xa153 ./src/main.o
                              0x1c280 (size before relaxing)
 .debug_str     0x0001c651       0x1b ./src/sysinit.o
                              0x11784 (size before relaxing)
 .debug_str     0x0001c66c      0x118 ./freertos/src/FreeRTOSCommonHooks.o
                              0x15348 (size before relaxing)
 .debug_str     0x0001c784       0x8e ./freertos/src/heap_3.o
                               0x868e (size before relaxing)
 .debug_str     0x0001c812      0x121 ./freertos/src/list.o
                               0x80d5 (size before relaxing)
 .debug_str     0x0001c933      0x661 ./freertos/src/port.o
                               0x8c63 (size before relaxing)
 .debug_str     0x0001cf94     0x1d68 ./freertos/src/tasks.o
                               0xa940 (size before relaxing)
 .debug_str     0x0001ecfc      0x3e1 ./0_Communication/USB/scr/cdc_usb_main.o
                              0x16da2 (size before relaxing)
 .debug_str     0x0001f0dd      0x4a3 C:\Robot\trunk\Workspaces\MultiWorkSpaces_2021\0_lpc_chip_175x_6x\Release\lib0_lpc_chip_175x_6x.a(chip_17xx_40xx.o)
                                0x878 (size before relaxing)
 .debug_str     0x0001f580      0x7ed C:\Robot\trunk\Workspaces\MultiWorkSpaces_2021\0_lpc_chip_175x_6x\Release\lib0_lpc_chip_175x_6x.a(clock_17xx_40xx.o)
                                0xe92 (size before relaxing)
 .debug_str     0x0001fd6d      0x112 C:\Robot\trunk\Workspaces\MultiWorkSpaces_2021\0_lpc_chip_175x_6x\Release\lib0_lpc_chip_175x_6x.a(sysinit_17xx_40xx.o)
                                0x72b (size before relaxing)
 .debug_str     0x0001fe7f      0x793 C:\Robot\trunk\Workspaces\MultiWorkSpaces_2021\0_lpc_board_nxp_lpcxpresso_1769\Release\lib0_lpc_board_nxp_lpcxpresso_1769.a(board.o)
                                0xfc5 (size before relaxing)
 .debug_str     0x00020612      0x6f7 C:\Robot\trunk\Workspaces\MultiWorkSpaces_2021\0_lpc_chip_175x_6x\libs\libusbd_175x_6x_lib.a(mw_usbd_rom_api.o)
                               0x18af (size before relaxing)
 .debug_str     0x00020d09      0x640 C:\Robot\trunk\Workspaces\MultiWorkSpaces_2021\0_lpc_chip_175x_6x\libs\libusbd_175x_6x_lib.a(hw_usbd_ip3503.o)
                               0x1ab2 (size before relaxing)
 .debug_str     0x00021349      0x16c C:\Robot\trunk\Workspaces\MultiWorkSpaces_2021\0_lpc_chip_175x_6x\libs\libusbd_175x_6x_lib.a(mw_usbd_cdcuser.o)
                               0x1910 (size before relaxing)
 .debug_str     0x000214b5      0x181 C:\Robot\trunk\Workspaces\MultiWorkSpaces_2021\0_lpc_chip_175x_6x\libs\libusbd_175x_6x_lib.a(mw_usbd_core.o)
                               0x19a7 (size before relaxing)

.comment        0x00000000       0xe6
 .comment       0x00000000       0x76 ./src/Bootloader.o
                                 0x77 (size before relaxing)
 .comment       0x00000076       0x77 ./src/cr_startup_lpc175x_6x.o
 .comment       0x00000076       0x77 ./src/crp.o
 .comment       0x00000076       0x77 ./src/main.o
 .comment       0x00000076       0x77 ./src/sysinit.o
 .comment       0x00000076       0x77 ./freertos/src/FreeRTOSCommonHooks.o
 .comment       0x00000076       0x77 ./freertos/src/heap_3.o
 .comment       0x00000076       0x77 ./freertos/src/list.o
 .comment       0x00000076       0x77 ./freertos/src/port.o
 .comment       0x00000076       0x77 ./freertos/src/tasks.o
 .comment       0x00000076       0x77 ./0_Communication/USB/scr/cdc_usb_main.o
 .comment       0x00000076       0x77 C:\Robot\trunk\Workspaces\MultiWorkSpaces_2021\0_lpc_chip_175x_6x\Release\lib0_lpc_chip_175x_6x.a(chip_17xx_40xx.o)
 .comment       0x00000076       0x77 C:\Robot\trunk\Workspaces\MultiWorkSpaces_2021\0_lpc_chip_175x_6x\Release\lib0_lpc_chip_175x_6x.a(clock_17xx_40xx.o)
 .comment       0x00000076       0x77 C:\Robot\trunk\Workspaces\MultiWorkSpaces_2021\0_lpc_chip_175x_6x\Release\lib0_lpc_chip_175x_6x.a(sysinit_17xx_40xx.o)
 .comment       0x00000076       0x77 C:\Robot\trunk\Workspaces\MultiWorkSpaces_2021\0_lpc_board_nxp_lpcxpresso_1769\Release\lib0_lpc_board_nxp_lpcxpresso_1769.a(board.o)
 .comment       0x00000076       0x70 C:\Robot\trunk\Workspaces\MultiWorkSpaces_2021\0_lpc_chip_175x_6x\libs\libusbd_175x_6x_lib.a(mw_usbd_rom_api.o)
                                 0x71 (size before relaxing)
 .comment       0x000000e6       0x71 C:\Robot\trunk\Workspaces\MultiWorkSpaces_2021\0_lpc_chip_175x_6x\libs\libusbd_175x_6x_lib.a(hw_usbd_ip3503.o)
 .comment       0x000000e6       0x71 C:\Robot\trunk\Workspaces\MultiWorkSpaces_2021\0_lpc_chip_175x_6x\libs\libusbd_175x_6x_lib.a(mw_usbd_cdcuser.o)
 .comment       0x000000e6       0x71 C:\Robot\trunk\Workspaces\MultiWorkSpaces_2021\0_lpc_chip_175x_6x\libs\libusbd_175x_6x_lib.a(mw_usbd_core.o)
 .comment       0x000000e6       0x77 c:/nxp/mcuxpressoide_11.1.1_3241/ide/plugins/com.nxp.mcuxpresso.tools.win32_11.1.0.202001081728/tools/bin/../lib/gcc/arm-none-eabi/8.3.1/../../../../arm-none-eabi/lib/thumb/v7-m/nofp\libcr_c.a(memset.o)
 .comment       0x000000e6       0x77 c:/nxp/mcuxpressoide_11.1.1_3241/ide/plugins/com.nxp.mcuxpresso.tools.win32_11.1.0.202001081728/tools/bin/../lib/gcc/arm-none-eabi/8.3.1/../../../../arm-none-eabi/lib/thumb/v7-m/nofp\libcr_c.a(__weak__main.o)
 .comment       0x000000e6       0x77 c:/nxp/mcuxpressoide_11.1.1_3241/ide/plugins/com.nxp.mcuxpresso.tools.win32_11.1.0.202001081728/tools/bin/../lib/gcc/arm-none-eabi/8.3.1/../../../../arm-none-eabi/lib/thumb/v7-m/nofp\libcr_c.a(alloc.o)
 .comment       0x000000e6       0x77 c:/nxp/mcuxpressoide_11.1.1_3241/ide/plugins/com.nxp.mcuxpresso.tools.win32_11.1.0.202001081728/tools/bin/../lib/gcc/arm-none-eabi/8.3.1/../../../../arm-none-eabi/lib/thumb/v7-m/nofp\libcr_c.a(__init_alloc.o)
 .comment       0x000000e6       0x77 c:/nxp/mcuxpressoide_11.1.1_3241/ide/plugins/com.nxp.mcuxpresso.tools.win32_11.1.0.202001081728/tools/bin/../lib/gcc/arm-none-eabi/8.3.1/../../../../arm-none-eabi/lib/thumb/v7-m/nofp\libcr_c.a(_cr_sbrk.o)
 .comment       0x000000e6       0x77 c:/nxp/mcuxpressoide_11.1.1_3241/ide/plugins/com.nxp.mcuxpresso.tools.win32_11.1.0.202001081728/tools/bin/../lib/gcc/arm-none-eabi/8.3.1/../../../../arm-none-eabi/lib/thumb/v7-m/nofp\libcr_c.a(errno.o)
 .comment       0x000000e6       0x77 c:/nxp/mcuxpressoide_11.1.1_3241/ide/plugins/com.nxp.mcuxpresso.tools.win32_11.1.0.202001081728/tools/bin/../lib/gcc/arm-none-eabi/8.3.1/../../../../arm-none-eabi/lib/thumb/v7-m/nofp\libcr_c.a(_cr_check_heap.o)

.ARM.attributes
                0x00000000       0x2b
 .ARM.attributes
                0x00000000       0x2d ./src/Bootloader.o
 .ARM.attributes
                0x0000002d       0x2d ./src/cr_startup_lpc175x_6x.o
 .ARM.attributes
                0x0000005a       0x33 ./src/crp.o
 .ARM.attributes
                0x0000008d       0x2d ./src/main.o
 .ARM.attributes
                0x000000ba       0x2d ./src/sysinit.o
 .ARM.attributes
                0x000000e7       0x2d ./freertos/src/FreeRTOSCommonHooks.o
 .ARM.attributes
                0x00000114       0x2d ./freertos/src/heap_3.o
 .ARM.attributes
                0x00000141       0x2d ./freertos/src/list.o
 .ARM.attributes
                0x0000016e       0x2d ./freertos/src/port.o
 .ARM.attributes
                0x0000019b       0x2d ./freertos/src/tasks.o
 .ARM.attributes
                0x000001c8       0x2d ./0_Communication/USB/scr/cdc_usb_main.o
 .ARM.attributes
                0x000001f5       0x2d C:\Robot\trunk\Workspaces\MultiWorkSpaces_2021\0_lpc_chip_175x_6x\Release\lib0_lpc_chip_175x_6x.a(chip_17xx_40xx.o)
 .ARM.attributes
                0x00000222       0x2d C:\Robot\trunk\Workspaces\MultiWorkSpaces_2021\0_lpc_chip_175x_6x\Release\lib0_lpc_chip_175x_6x.a(clock_17xx_40xx.o)
 .ARM.attributes
                0x0000024f       0x2d C:\Robot\trunk\Workspaces\MultiWorkSpaces_2021\0_lpc_chip_175x_6x\Release\lib0_lpc_chip_175x_6x.a(sysinit_17xx_40xx.o)
 .ARM.attributes
                0x0000027c       0x2d C:\Robot\trunk\Workspaces\MultiWorkSpaces_2021\0_lpc_board_nxp_lpcxpresso_1769\Release\lib0_lpc_board_nxp_lpcxpresso_1769.a(board.o)
 .ARM.attributes
                0x000002a9       0x33 C:\Robot\trunk\Workspaces\MultiWorkSpaces_2021\0_lpc_chip_175x_6x\libs\libusbd_175x_6x_lib.a(mw_usbd_rom_api.o)
 .ARM.attributes
                0x000002dc       0x33 C:\Robot\trunk\Workspaces\MultiWorkSpaces_2021\0_lpc_chip_175x_6x\libs\libusbd_175x_6x_lib.a(hw_usbd_ip3503.o)
 .ARM.attributes
                0x0000030f       0x33 C:\Robot\trunk\Workspaces\MultiWorkSpaces_2021\0_lpc_chip_175x_6x\libs\libusbd_175x_6x_lib.a(mw_usbd_cdcuser.o)
 .ARM.attributes
                0x00000342       0x33 C:\Robot\trunk\Workspaces\MultiWorkSpaces_2021\0_lpc_chip_175x_6x\libs\libusbd_175x_6x_lib.a(mw_usbd_core.o)
 .ARM.attributes
                0x00000375       0x2d c:/nxp/mcuxpressoide_11.1.1_3241/ide/plugins/com.nxp.mcuxpresso.tools.win32_11.1.0.202001081728/tools/bin/../lib/gcc/arm-none-eabi/8.3.1/../../../../arm-none-eabi/lib/thumb/v7-m/nofp\libcr_c.a(memset.o)
 .ARM.attributes
                0x000003a2       0x2d c:/nxp/mcuxpressoide_11.1.1_3241/ide/plugins/com.nxp.mcuxpresso.tools.win32_11.1.0.202001081728/tools/bin/../lib/gcc/arm-none-eabi/8.3.1/../../../../arm-none-eabi/lib/thumb/v7-m/nofp\libcr_c.a(__weak__main.o)
 .ARM.attributes
                0x000003cf       0x2d c:/nxp/mcuxpressoide_11.1.1_3241/ide/plugins/com.nxp.mcuxpresso.tools.win32_11.1.0.202001081728/tools/bin/../lib/gcc/arm-none-eabi/8.3.1/../../../../arm-none-eabi/lib/thumb/v7-m/nofp\libcr_c.a(alloc.o)
 .ARM.attributes
                0x000003fc       0x2d c:/nxp/mcuxpressoide_11.1.1_3241/ide/plugins/com.nxp.mcuxpresso.tools.win32_11.1.0.202001081728/tools/bin/../lib/gcc/arm-none-eabi/8.3.1/../../../../arm-none-eabi/lib/thumb/v7-m/nofp\libcr_c.a(__init_alloc.o)
 .ARM.attributes
                0x00000429       0x2d c:/nxp/mcuxpressoide_11.1.1_3241/ide/plugins/com.nxp.mcuxpresso.tools.win32_11.1.0.202001081728/tools/bin/../lib/gcc/arm-none-eabi/8.3.1/../../../../arm-none-eabi/lib/thumb/v7-m/nofp\libcr_c.a(_cr_sbrk.o)
 .ARM.attributes
                0x00000456       0x33 c:/nxp/mcuxpressoide_11.1.1_3241/ide/plugins/com.nxp.mcuxpresso.tools.win32_11.1.0.202001081728/tools/bin/../lib/gcc/arm-none-eabi/8.3.1/../../../../arm-none-eabi/lib/thumb/v7-m/nofp\libcr_c.a(errno.o)
 .ARM.attributes
                0x00000489       0x2d c:/nxp/mcuxpressoide_11.1.1_3241/ide/plugins/com.nxp.mcuxpresso.tools.win32_11.1.0.202001081728/tools/bin/../lib/gcc/arm-none-eabi/8.3.1/../../../../arm-none-eabi/lib/thumb/v7-m/nofp\libcr_c.a(_cr_check_heap.o)
 .ARM.attributes
                0x000004b6       0x1b c:/nxp/mcuxpressoide_11.1.1_3241/ide/plugins/com.nxp.mcuxpresso.tools.win32_11.1.0.202001081728/tools/bin/../lib/gcc/arm-none-eabi/8.3.1/thumb/v7-m/nofp\libcr_eabihelpers.a(memcpy.o)

.debug_frame    0x00000000     0x1b3c
 .debug_frame   0x00000000       0x9c ./src/Bootloader.o
 .debug_frame   0x0000009c      0x170 ./src/cr_startup_lpc175x_6x.o
 .debug_frame   0x0000020c      0x174 ./src/main.o
 .debug_frame   0x00000380       0x34 ./src/sysinit.o
 .debug_frame   0x000003b4       0xac ./freertos/src/FreeRTOSCommonHooks.o
 .debug_frame   0x00000460       0x58 ./freertos/src/heap_3.o
 .debug_frame   0x000004b8       0xd8 ./freertos/src/list.o
 .debug_frame   0x00000590      0x160 ./freertos/src/port.o
 .debug_frame   0x000006f0      0x8c4 ./freertos/src/tasks.o
 .debug_frame   0x00000fb4      0x1a0 ./0_Communication/USB/scr/cdc_usb_main.o
 .debug_frame   0x00001154       0x44 C:\Robot\trunk\Workspaces\MultiWorkSpaces_2021\0_lpc_chip_175x_6x\Release\lib0_lpc_chip_175x_6x.a(chip_17xx_40xx.o)
 .debug_frame   0x00001198      0x1b4 C:\Robot\trunk\Workspaces\MultiWorkSpaces_2021\0_lpc_chip_175x_6x\Release\lib0_lpc_chip_175x_6x.a(clock_17xx_40xx.o)
 .debug_frame   0x0000134c       0x70 C:\Robot\trunk\Workspaces\MultiWorkSpaces_2021\0_lpc_chip_175x_6x\Release\lib0_lpc_chip_175x_6x.a(sysinit_17xx_40xx.o)
 .debug_frame   0x000013bc      0x1d4 C:\Robot\trunk\Workspaces\MultiWorkSpaces_2021\0_lpc_board_nxp_lpcxpresso_1769\Release\lib0_lpc_board_nxp_lpcxpresso_1769.a(board.o)
 .debug_frame   0x00001590      0x2cc C:\Robot\trunk\Workspaces\MultiWorkSpaces_2021\0_lpc_chip_175x_6x\libs\libusbd_175x_6x_lib.a(hw_usbd_ip3503.o)
 .debug_frame   0x0000185c       0xac C:\Robot\trunk\Workspaces\MultiWorkSpaces_2021\0_lpc_chip_175x_6x\libs\libusbd_175x_6x_lib.a(mw_usbd_cdcuser.o)
 .debug_frame   0x00001908      0x234 C:\Robot\trunk\Workspaces\MultiWorkSpaces_2021\0_lpc_chip_175x_6x\libs\libusbd_175x_6x_lib.a(mw_usbd_core.o)

.debug_loc      0x00000000     0x4b69
 .debug_loc     0x00000000      0x688 C:\Robot\trunk\Workspaces\MultiWorkSpaces_2021\0_lpc_chip_175x_6x\Release\lib0_lpc_chip_175x_6x.a(clock_17xx_40xx.o)
 .debug_loc     0x00000688      0x110 C:\Robot\trunk\Workspaces\MultiWorkSpaces_2021\0_lpc_chip_175x_6x\Release\lib0_lpc_chip_175x_6x.a(sysinit_17xx_40xx.o)
 .debug_loc     0x00000798     0x1b00 C:\Robot\trunk\Workspaces\MultiWorkSpaces_2021\0_lpc_board_nxp_lpcxpresso_1769\Release\lib0_lpc_board_nxp_lpcxpresso_1769.a(board.o)
 .debug_loc     0x00002298      0xf0b C:\Robot\trunk\Workspaces\MultiWorkSpaces_2021\0_lpc_chip_175x_6x\libs\libusbd_175x_6x_lib.a(hw_usbd_ip3503.o)
 .debug_loc     0x000031a3      0xb98 C:\Robot\trunk\Workspaces\MultiWorkSpaces_2021\0_lpc_chip_175x_6x\libs\libusbd_175x_6x_lib.a(mw_usbd_cdcuser.o)
 .debug_loc     0x00003d3b      0xe2e C:\Robot\trunk\Workspaces\MultiWorkSpaces_2021\0_lpc_chip_175x_6x\libs\libusbd_175x_6x_lib.a(mw_usbd_core.o)

Cross Reference Table

Symbol                                            File
ADC_IRQHandler                                    ./src/cr_startup_lpc175x_6x.o
BOD_IRQHandler                                    ./src/cr_startup_lpc175x_6x.o
Board_Audio_Init                                  C:\Robot\trunk\Workspaces\MultiWorkSpaces_2021\0_lpc_board_nxp_lpcxpresso_1769\Release\lib0_lpc_board_nxp_lpcxpresso_1769.a(board.o)
Board_Buttons_Init                                C:\Robot\trunk\Workspaces\MultiWorkSpaces_2021\0_lpc_board_nxp_lpcxpresso_1769\Release\lib0_lpc_board_nxp_lpcxpresso_1769.a(board.o)
Board_Debug_Init                                  C:\Robot\trunk\Workspaces\MultiWorkSpaces_2021\0_lpc_board_nxp_lpcxpresso_1769\Release\lib0_lpc_board_nxp_lpcxpresso_1769.a(board.o)
Board_ENET_GetMacADDR                             C:\Robot\trunk\Workspaces\MultiWorkSpaces_2021\0_lpc_board_nxp_lpcxpresso_1769\Release\lib0_lpc_board_nxp_lpcxpresso_1769.a(board.o)
Board_I2C_Init                                    C:\Robot\trunk\Workspaces\MultiWorkSpaces_2021\0_lpc_board_nxp_lpcxpresso_1769\Release\lib0_lpc_board_nxp_lpcxpresso_1769.a(board.o)
Board_Init                                        C:\Robot\trunk\Workspaces\MultiWorkSpaces_2021\0_lpc_board_nxp_lpcxpresso_1769\Release\lib0_lpc_board_nxp_lpcxpresso_1769.a(board.o)
                                                  ./src/main.o
Board_Joystick_Init                               C:\Robot\trunk\Workspaces\MultiWorkSpaces_2021\0_lpc_board_nxp_lpcxpresso_1769\Release\lib0_lpc_board_nxp_lpcxpresso_1769.a(board.o)
Board_LED_Set                                     C:\Robot\trunk\Workspaces\MultiWorkSpaces_2021\0_lpc_board_nxp_lpcxpresso_1769\Release\lib0_lpc_board_nxp_lpcxpresso_1769.a(board.o)
Board_LED_Test                                    C:\Robot\trunk\Workspaces\MultiWorkSpaces_2021\0_lpc_board_nxp_lpcxpresso_1769\Release\lib0_lpc_board_nxp_lpcxpresso_1769.a(board.o)
Board_LED_Toggle                                  C:\Robot\trunk\Workspaces\MultiWorkSpaces_2021\0_lpc_board_nxp_lpcxpresso_1769\Release\lib0_lpc_board_nxp_lpcxpresso_1769.a(board.o)
Board_SPI_AssertSSEL                              C:\Robot\trunk\Workspaces\MultiWorkSpaces_2021\0_lpc_board_nxp_lpcxpresso_1769\Release\lib0_lpc_board_nxp_lpcxpresso_1769.a(board.o)
Board_SPI_DeassertSSEL                            C:\Robot\trunk\Workspaces\MultiWorkSpaces_2021\0_lpc_board_nxp_lpcxpresso_1769\Release\lib0_lpc_board_nxp_lpcxpresso_1769.a(board.o)
Board_SPI_Init                                    C:\Robot\trunk\Workspaces\MultiWorkSpaces_2021\0_lpc_board_nxp_lpcxpresso_1769\Release\lib0_lpc_board_nxp_lpcxpresso_1769.a(board.o)
Board_SSP_Init                                    C:\Robot\trunk\Workspaces\MultiWorkSpaces_2021\0_lpc_board_nxp_lpcxpresso_1769\Release\lib0_lpc_board_nxp_lpcxpresso_1769.a(board.o)
Board_UARTGetChar                                 C:\Robot\trunk\Workspaces\MultiWorkSpaces_2021\0_lpc_board_nxp_lpcxpresso_1769\Release\lib0_lpc_board_nxp_lpcxpresso_1769.a(board.o)
Board_UARTPutChar                                 C:\Robot\trunk\Workspaces\MultiWorkSpaces_2021\0_lpc_board_nxp_lpcxpresso_1769\Release\lib0_lpc_board_nxp_lpcxpresso_1769.a(board.o)
Board_UARTPutSTR                                  C:\Robot\trunk\Workspaces\MultiWorkSpaces_2021\0_lpc_board_nxp_lpcxpresso_1769\Release\lib0_lpc_board_nxp_lpcxpresso_1769.a(board.o)
Board_UART_Init                                   C:\Robot\trunk\Workspaces\MultiWorkSpaces_2021\0_lpc_board_nxp_lpcxpresso_1769\Release\lib0_lpc_board_nxp_lpcxpresso_1769.a(board.o)
Board_USBD_Init                                   C:\Robot\trunk\Workspaces\MultiWorkSpaces_2021\0_lpc_board_nxp_lpcxpresso_1769\Release\lib0_lpc_board_nxp_lpcxpresso_1769.a(board.o)
                                                  ./0_Communication/USB/scr/cdc_usb_main.o
BusFault_Handler                                  ./src/cr_startup_lpc175x_6x.o
Buttons_GetStatus                                 C:\Robot\trunk\Workspaces\MultiWorkSpaces_2021\0_lpc_board_nxp_lpcxpresso_1769\Release\lib0_lpc_board_nxp_lpcxpresso_1769.a(board.o)
CANActivity_IRQHandler                            ./src/cr_startup_lpc175x_6x.o
CAN_IRQHandler                                    ./src/cr_startup_lpc175x_6x.o
CRP_WORD                                          ./src/crp.o
Chip_Clock_DisablePLL                             C:\Robot\trunk\Workspaces\MultiWorkSpaces_2021\0_lpc_chip_175x_6x\Release\lib0_lpc_chip_175x_6x.a(clock_17xx_40xx.o)
                                                  C:\Robot\trunk\Workspaces\MultiWorkSpaces_2021\0_lpc_chip_175x_6x\Release\lib0_lpc_chip_175x_6x.a(sysinit_17xx_40xx.o)
Chip_Clock_DisablePeriphClock                     C:\Robot\trunk\Workspaces\MultiWorkSpaces_2021\0_lpc_chip_175x_6x\Release\lib0_lpc_chip_175x_6x.a(clock_17xx_40xx.o)
                                                  C:\Robot\trunk\Workspaces\MultiWorkSpaces_2021\0_lpc_chip_175x_6x\Release\lib0_lpc_chip_175x_6x.a(timer_17xx_40xx.o)
Chip_Clock_EnablePLL                              C:\Robot\trunk\Workspaces\MultiWorkSpaces_2021\0_lpc_chip_175x_6x\Release\lib0_lpc_chip_175x_6x.a(clock_17xx_40xx.o)
                                                  C:\Robot\trunk\Workspaces\MultiWorkSpaces_2021\0_lpc_chip_175x_6x\Release\lib0_lpc_chip_175x_6x.a(sysinit_17xx_40xx.o)
                                                  C:\Robot\trunk\Workspaces\MultiWorkSpaces_2021\0_lpc_chip_175x_6x\Release\lib0_lpc_chip_175x_6x.a(chip_17xx_40xx.o)
Chip_Clock_EnablePeriphClock                      C:\Robot\trunk\Workspaces\MultiWorkSpaces_2021\0_lpc_chip_175x_6x\Release\lib0_lpc_chip_175x_6x.a(clock_17xx_40xx.o)
                                                  C:\Robot\trunk\Workspaces\MultiWorkSpaces_2021\0_lpc_board_nxp_lpcxpresso_1769\Release\lib0_lpc_board_nxp_lpcxpresso_1769.a(board.o)
                                                  C:\Robot\trunk\Workspaces\MultiWorkSpaces_2021\0_lpc_chip_175x_6x\Release\lib0_lpc_chip_175x_6x.a(timer_17xx_40xx.o)
                                                  C:\Robot\trunk\Workspaces\MultiWorkSpaces_2021\0_lpc_chip_175x_6x\Release\lib0_lpc_chip_175x_6x.a(chip_17xx_40xx.o)
Chip_Clock_GetCPUClockDiv                         C:\Robot\trunk\Workspaces\MultiWorkSpaces_2021\0_lpc_chip_175x_6x\Release\lib0_lpc_chip_175x_6x.a(clock_17xx_40xx.o)
Chip_Clock_GetCPUClockSource                      C:\Robot\trunk\Workspaces\MultiWorkSpaces_2021\0_lpc_chip_175x_6x\Release\lib0_lpc_chip_175x_6x.a(clock_17xx_40xx.o)
Chip_Clock_GetMainClockRate                       C:\Robot\trunk\Workspaces\MultiWorkSpaces_2021\0_lpc_chip_175x_6x\Release\lib0_lpc_chip_175x_6x.a(clock_17xx_40xx.o)
Chip_Clock_GetMainPLLOutClockRate                 C:\Robot\trunk\Workspaces\MultiWorkSpaces_2021\0_lpc_chip_175x_6x\Release\lib0_lpc_chip_175x_6x.a(clock_17xx_40xx.o)
Chip_Clock_GetPCLKDiv                             C:\Robot\trunk\Workspaces\MultiWorkSpaces_2021\0_lpc_chip_175x_6x\Release\lib0_lpc_chip_175x_6x.a(clock_17xx_40xx.o)
Chip_Clock_GetPeripheralClockRate                 C:\Robot\trunk\Workspaces\MultiWorkSpaces_2021\0_lpc_chip_175x_6x\Release\lib0_lpc_chip_175x_6x.a(clock_17xx_40xx.o)
Chip_Clock_GetSYSCLKRate                          C:\Robot\trunk\Workspaces\MultiWorkSpaces_2021\0_lpc_chip_175x_6x\Release\lib0_lpc_chip_175x_6x.a(clock_17xx_40xx.o)
Chip_Clock_GetSystemClockRate                     C:\Robot\trunk\Workspaces\MultiWorkSpaces_2021\0_lpc_chip_175x_6x\Release\lib0_lpc_chip_175x_6x.a(clock_17xx_40xx.o)
                                                  C:\Robot\trunk\Workspaces\MultiWorkSpaces_2021\0_lpc_chip_175x_6x\Release\lib0_lpc_chip_175x_6x.a(stopwatch_17xx_40xx.o)
                                                  C:\Robot\trunk\Workspaces\MultiWorkSpaces_2021\0_lpc_chip_175x_6x\Release\lib0_lpc_chip_175x_6x.a(chip_17xx_40xx.o)
Chip_Clock_GetUSBClockDiv                         C:\Robot\trunk\Workspaces\MultiWorkSpaces_2021\0_lpc_chip_175x_6x\Release\lib0_lpc_chip_175x_6x.a(clock_17xx_40xx.o)
Chip_Clock_GetUSBClockRate                        C:\Robot\trunk\Workspaces\MultiWorkSpaces_2021\0_lpc_chip_175x_6x\Release\lib0_lpc_chip_175x_6x.a(clock_17xx_40xx.o)
Chip_Clock_GetUSBPLLOutClockRate                  C:\Robot\trunk\Workspaces\MultiWorkSpaces_2021\0_lpc_chip_175x_6x\Release\lib0_lpc_chip_175x_6x.a(clock_17xx_40xx.o)
Chip_Clock_IsPeripheralClockEnabled               C:\Robot\trunk\Workspaces\MultiWorkSpaces_2021\0_lpc_chip_175x_6x\Release\lib0_lpc_chip_175x_6x.a(clock_17xx_40xx.o)
Chip_Clock_SetCLKOUTSource                        C:\Robot\trunk\Workspaces\MultiWorkSpaces_2021\0_lpc_chip_175x_6x\Release\lib0_lpc_chip_175x_6x.a(clock_17xx_40xx.o)
Chip_Clock_SetCPUClockDiv                         C:\Robot\trunk\Workspaces\MultiWorkSpaces_2021\0_lpc_chip_175x_6x\Release\lib0_lpc_chip_175x_6x.a(clock_17xx_40xx.o)
                                                  C:\Robot\trunk\Workspaces\MultiWorkSpaces_2021\0_lpc_chip_175x_6x\Release\lib0_lpc_chip_175x_6x.a(sysinit_17xx_40xx.o)
Chip_Clock_SetCPUClockSource                      C:\Robot\trunk\Workspaces\MultiWorkSpaces_2021\0_lpc_chip_175x_6x\Release\lib0_lpc_chip_175x_6x.a(clock_17xx_40xx.o)
Chip_Clock_SetPCLKDiv                             C:\Robot\trunk\Workspaces\MultiWorkSpaces_2021\0_lpc_chip_175x_6x\Release\lib0_lpc_chip_175x_6x.a(clock_17xx_40xx.o)
Chip_Clock_SetUSBClockDiv                         C:\Robot\trunk\Workspaces\MultiWorkSpaces_2021\0_lpc_chip_175x_6x\Release\lib0_lpc_chip_175x_6x.a(clock_17xx_40xx.o)
Chip_Clock_SetupPLL                               C:\Robot\trunk\Workspaces\MultiWorkSpaces_2021\0_lpc_chip_175x_6x\Release\lib0_lpc_chip_175x_6x.a(clock_17xx_40xx.o)
                                                  C:\Robot\trunk\Workspaces\MultiWorkSpaces_2021\0_lpc_chip_175x_6x\Release\lib0_lpc_chip_175x_6x.a(sysinit_17xx_40xx.o)
                                                  C:\Robot\trunk\Workspaces\MultiWorkSpaces_2021\0_lpc_chip_175x_6x\Release\lib0_lpc_chip_175x_6x.a(chip_17xx_40xx.o)
Chip_I2S_Init                                     C:\Robot\trunk\Workspaces\MultiWorkSpaces_2021\0_lpc_board_nxp_lpcxpresso_1769\Release\lib0_lpc_board_nxp_lpcxpresso_1769.a(board.o)
Chip_I2S_TxConfig                                 C:\Robot\trunk\Workspaces\MultiWorkSpaces_2021\0_lpc_board_nxp_lpcxpresso_1769\Release\lib0_lpc_board_nxp_lpcxpresso_1769.a(board.o)
Chip_IAP_BlankCheckSector                         C:\Robot\trunk\Workspaces\MultiWorkSpaces_2021\0_lpc_chip_175x_6x\Release\lib0_lpc_chip_175x_6x.a(iap.o)
Chip_IAP_Compare                                  C:\Robot\trunk\Workspaces\MultiWorkSpaces_2021\0_lpc_chip_175x_6x\Release\lib0_lpc_chip_175x_6x.a(iap.o)
Chip_IAP_CopyRamToFlash                           C:\Robot\trunk\Workspaces\MultiWorkSpaces_2021\0_lpc_chip_175x_6x\Release\lib0_lpc_chip_175x_6x.a(iap.o)
                                                  ./src/Flash_iap.o
Chip_IAP_ErasePage                                C:\Robot\trunk\Workspaces\MultiWorkSpaces_2021\0_lpc_chip_175x_6x\Release\lib0_lpc_chip_175x_6x.a(iap.o)
Chip_IAP_EraseSector                              C:\Robot\trunk\Workspaces\MultiWorkSpaces_2021\0_lpc_chip_175x_6x\Release\lib0_lpc_chip_175x_6x.a(iap.o)
                                                  ./src/Flash_iap.o
Chip_IAP_PreSectorForReadWrite                    C:\Robot\trunk\Workspaces\MultiWorkSpaces_2021\0_lpc_chip_175x_6x\Release\lib0_lpc_chip_175x_6x.a(iap.o)
                                                  ./src/Flash_iap.o
Chip_IAP_ReadBootCode                             C:\Robot\trunk\Workspaces\MultiWorkSpaces_2021\0_lpc_chip_175x_6x\Release\lib0_lpc_chip_175x_6x.a(iap.o)
Chip_IAP_ReadPID                                  C:\Robot\trunk\Workspaces\MultiWorkSpaces_2021\0_lpc_chip_175x_6x\Release\lib0_lpc_chip_175x_6x.a(iap.o)
                                                  ./src/Flash_iap.o
Chip_IAP_ReadUID                                  C:\Robot\trunk\Workspaces\MultiWorkSpaces_2021\0_lpc_chip_175x_6x\Release\lib0_lpc_chip_175x_6x.a(iap.o)
Chip_IAP_ReinvokeISP                              C:\Robot\trunk\Workspaces\MultiWorkSpaces_2021\0_lpc_chip_175x_6x\Release\lib0_lpc_chip_175x_6x.a(iap.o)
Chip_SetupIrcClocking                             C:\Robot\trunk\Workspaces\MultiWorkSpaces_2021\0_lpc_chip_175x_6x\Release\lib0_lpc_chip_175x_6x.a(sysinit_17xx_40xx.o)
Chip_SetupXtalClocking                            C:\Robot\trunk\Workspaces\MultiWorkSpaces_2021\0_lpc_chip_175x_6x\Release\lib0_lpc_chip_175x_6x.a(sysinit_17xx_40xx.o)
                                                  ./src/main.o
Chip_SystemInit                                   C:\Robot\trunk\Workspaces\MultiWorkSpaces_2021\0_lpc_chip_175x_6x\Release\lib0_lpc_chip_175x_6x.a(sysinit_17xx_40xx.o)
                                                  ./src/sysinit.o
Chip_TIMER_DeInit                                 C:\Robot\trunk\Workspaces\MultiWorkSpaces_2021\0_lpc_chip_175x_6x\Release\lib0_lpc_chip_175x_6x.a(timer_17xx_40xx.o)
Chip_TIMER_ExtMatchControlSet                     C:\Robot\trunk\Workspaces\MultiWorkSpaces_2021\0_lpc_chip_175x_6x\Release\lib0_lpc_chip_175x_6x.a(timer_17xx_40xx.o)
Chip_TIMER_Init                                   C:\Robot\trunk\Workspaces\MultiWorkSpaces_2021\0_lpc_chip_175x_6x\Release\lib0_lpc_chip_175x_6x.a(timer_17xx_40xx.o)
                                                  C:\Robot\trunk\Workspaces\MultiWorkSpaces_2021\0_lpc_chip_175x_6x\Release\lib0_lpc_chip_175x_6x.a(stopwatch_17xx_40xx.o)
Chip_TIMER_Reset                                  C:\Robot\trunk\Workspaces\MultiWorkSpaces_2021\0_lpc_chip_175x_6x\Release\lib0_lpc_chip_175x_6x.a(timer_17xx_40xx.o)
Chip_USB_Init                                     C:\Robot\trunk\Workspaces\MultiWorkSpaces_2021\0_lpc_chip_175x_6x\Release\lib0_lpc_chip_175x_6x.a(chip_17xx_40xx.o)
                                                  ./0_Communication/USB/scr/cdc_usb_main.o
DMA_IRQHandler                                    ./src/cr_startup_lpc175x_6x.o
DebugMon_Handler                                  ./src/cr_startup_lpc175x_6x.o
EINT0_IRQHandler                                  ./src/cr_startup_lpc175x_6x.o
EINT1_IRQHandler                                  ./src/cr_startup_lpc175x_6x.o
EINT2_IRQHandler                                  ./src/cr_startup_lpc175x_6x.o
EINT3_IRQHandler                                  ./src/cr_startup_lpc175x_6x.o
EPAdr                                             C:\Robot\trunk\Workspaces\MultiWorkSpaces_2021\0_lpc_chip_175x_6x\libs\libusbd_175x_6x_lib.a(hw_usbd_ip3503.o)
ETH_IRQHandler                                    ./src/cr_startup_lpc175x_6x.o
Flash_Write_Block                                 ./src/Flash_iap.o
FreeRTOSDelay                                     ./freertos/src/FreeRTOSCommonHooks.o
HardFault_Handler                                 ./src/cr_startup_lpc175x_6x.o
I2C0_IRQHandler                                   ./src/cr_startup_lpc175x_6x.o
I2C1_IRQHandler                                   ./src/cr_startup_lpc175x_6x.o
I2C2_IRQHandler                                   ./src/cr_startup_lpc175x_6x.o
I2S_IRQHandler                                    ./src/cr_startup_lpc175x_6x.o
IntDefaultHandler                                 ./src/cr_startup_lpc175x_6x.o
Joystick_GetStatus                                C:\Robot\trunk\Workspaces\MultiWorkSpaces_2021\0_lpc_board_nxp_lpcxpresso_1769\Release\lib0_lpc_board_nxp_lpcxpresso_1769.a(board.o)
MCPWM_IRQHandler                                  ./src/cr_startup_lpc175x_6x.o
MemManage_Handler                                 ./src/cr_startup_lpc175x_6x.o
NMI_Handler                                       ./src/cr_startup_lpc175x_6x.o
OscRateIn                                         C:\Robot\trunk\Workspaces\MultiWorkSpaces_2021\0_lpc_board_nxp_lpcxpresso_1769\Release\lib0_lpc_board_nxp_lpcxpresso_1769.a(board.o)
                                                  C:\Robot\trunk\Workspaces\MultiWorkSpaces_2021\0_lpc_chip_175x_6x\Release\lib0_lpc_chip_175x_6x.a(clock_17xx_40xx.o)
PLL0_IRQHandler                                   ./src/cr_startup_lpc175x_6x.o
PLL1_IRQHandler                                   ./src/cr_startup_lpc175x_6x.o
PWM1_IRQHandler                                   ./src/cr_startup_lpc175x_6x.o
PendSV_Handler                                    ./src/cr_startup_lpc175x_6x.o
QEI_IRQHandler                                    ./src/cr_startup_lpc175x_6x.o
RIT_IRQHandler                                    ./src/cr_startup_lpc175x_6x.o
RTCOscRateIn                                      C:\Robot\trunk\Workspaces\MultiWorkSpaces_2021\0_lpc_board_nxp_lpcxpresso_1769\Release\lib0_lpc_board_nxp_lpcxpresso_1769.a(board.o)
                                                  C:\Robot\trunk\Workspaces\MultiWorkSpaces_2021\0_lpc_chip_175x_6x\Release\lib0_lpc_chip_175x_6x.a(clock_17xx_40xx.o)
RTC_IRQHandler                                    ./src/cr_startup_lpc175x_6x.o
ResetISR                                          ./src/cr_startup_lpc175x_6x.o
SPI_IRQHandler                                    ./src/cr_startup_lpc175x_6x.o
SSP0_IRQHandler                                   ./src/cr_startup_lpc175x_6x.o
SSP1_IRQHandler                                   ./src/cr_startup_lpc175x_6x.o
SVC_Handler                                       ./src/cr_startup_lpc175x_6x.o
Serial_CreateStream                               C:\Robot\trunk\Workspaces\MultiWorkSpaces_2021\0_lpc_board_nxp_lpcxpresso_1769\Release\lib0_lpc_board_nxp_lpcxpresso_1769.a(board.o)
Set_Clock_in                                      C:\Robot\trunk\Workspaces\MultiWorkSpaces_2021\0_lpc_board_nxp_lpcxpresso_1769\Release\lib0_lpc_board_nxp_lpcxpresso_1769.a(board.o)
                                                  ./src/main.o
StopWatch_Init                                    C:\Robot\trunk\Workspaces\MultiWorkSpaces_2021\0_lpc_chip_175x_6x\Release\lib0_lpc_chip_175x_6x.a(stopwatch_17xx_40xx.o)
                                                  ./0_Communication/USB/scr/cdc_usb_main.o
StopWatch_MsToTicks                               C:\Robot\trunk\Workspaces\MultiWorkSpaces_2021\0_lpc_chip_175x_6x\Release\lib0_lpc_chip_175x_6x.a(stopwatch_17xx_40xx.o)
StopWatch_Start                                   C:\Robot\trunk\Workspaces\MultiWorkSpaces_2021\0_lpc_chip_175x_6x\Release\lib0_lpc_chip_175x_6x.a(stopwatch_17xx_40xx.o)
StopWatch_TicksPerSecond                          C:\Robot\trunk\Workspaces\MultiWorkSpaces_2021\0_lpc_chip_175x_6x\Release\lib0_lpc_chip_175x_6x.a(stopwatch_17xx_40xx.o)
StopWatch_TicksToMs                               C:\Robot\trunk\Workspaces\MultiWorkSpaces_2021\0_lpc_chip_175x_6x\Release\lib0_lpc_chip_175x_6x.a(stopwatch_17xx_40xx.o)
StopWatch_TicksToUs                               C:\Robot\trunk\Workspaces\MultiWorkSpaces_2021\0_lpc_chip_175x_6x\Release\lib0_lpc_chip_175x_6x.a(stopwatch_17xx_40xx.o)
StopWatch_UsToTicks                               C:\Robot\trunk\Workspaces\MultiWorkSpaces_2021\0_lpc_chip_175x_6x\Release\lib0_lpc_chip_175x_6x.a(stopwatch_17xx_40xx.o)
SysTick_Handler                                   ./src/cr_startup_lpc175x_6x.o
SystemCoreClock                                   C:\Robot\trunk\Workspaces\MultiWorkSpaces_2021\0_lpc_chip_175x_6x\Release\lib0_lpc_chip_175x_6x.a(chip_17xx_40xx.o)
                                                  C:\Robot\trunk\Workspaces\MultiWorkSpaces_2021\0_lpc_chip_175x_6x\Release\lib0_lpc_chip_175x_6x.a(iap.o)
SystemCoreClockUpdate                             C:\Robot\trunk\Workspaces\MultiWorkSpaces_2021\0_lpc_chip_175x_6x\Release\lib0_lpc_chip_175x_6x.a(chip_17xx_40xx.o)
                                                  ./src/main.o
SystemInit                                        ./src/sysinit.o
                                                  ./src/cr_startup_lpc175x_6x.o
TIMER0_IRQHandler                                 ./src/cr_startup_lpc175x_6x.o
TIMER1_IRQHandler                                 ./src/cr_startup_lpc175x_6x.o
TIMER2_IRQHandler                                 ./src/cr_startup_lpc175x_6x.o
TIMER3_IRQHandler                                 ./src/cr_startup_lpc175x_6x.o
UART0_IRQHandler                                  ./src/cr_startup_lpc175x_6x.o
UART1_IRQHandler                                  ./src/cr_startup_lpc175x_6x.o
UART2_IRQHandler                                  ./src/cr_startup_lpc175x_6x.o
UART3_IRQHandler                                  ./src/cr_startup_lpc175x_6x.o
USBActivity_IRQHandler                            ./src/cr_startup_lpc175x_6x.o
USBD_cache_flush                                  C:\Robot\trunk\Workspaces\MultiWorkSpaces_2021\0_lpc_chip_175x_6x\libs\libusbd_175x_6x_lib.a(mw_usbd_core.o)