core_cm3.h:1335:22:NVIC_DisableIRQ	16	static
core_cm3.h:1375:22:NVIC_ClearPendingIRQ	16	static
core_cm3.h:1405:22:NVIC_SetPriority	16	static
iocon_17xx_40xx.h:181:20:Chip_IOCON_PinMux	32	static
uart_17xx_40xx.h:309:20:Chip_UART_SendByte	16	static
uart_17xx_40xx.h:337:20:Chip_UART_IntEnable	16	static
uart_17xx_40xx.h:352:20:Chip_UART_IntDisable	16	static
uart_17xx_40xx.h:390:20:Chip_UART_SetupFIFOS	16	static
uart_17xx_40xx.h:405:20:Chip_UART_ConfigData	16	static
uart_17xx_40xx.h:492:24:Chip_UART_ReadLineStatus	16	static
cdc_vcom.h:107:24:vcom_connected	4	static
0_Communication.c:80:6:_0_Communication_Init	16	static
0_Communication.c:115:6:_0_Communication_Init_USB	4	static
0_Communication.c:139:6:_0_Communication_Init_RS485	16	static
0_Communication.c:189:6:UART1_IRQHandler	16	static
0_Communication.c:246:6:USB_IRQHandler	16	static
0_Communication.c:309:6:_0_Communication_Send_Data	24	static
0_Communication.c:373:38:_0_Communication_Send_RS485	40	static
0_Communication.c:408:6:_0_Communication_Send_USB	16	static
