2_Echange_Datas.c:25:6:_2_Communication_Init	8	static
2_Echange_Datas.c:41:6:_2_Comm_Send_Destination_Robot	80	static
2_Echange_Datas.c:90:6:_2_Comm_Send_Demande_Info	16	static
2_Echange_Datas.c:119:6:_2_Comm_Send_PING	16	static
2_Echange_Datas.c:151:6:_2_Comm_Send_PONG	24	static
2_Echange_Datas.c:208:6:_2_Comm_Send_Robot_Position	8	static
2_Echange_Datas.c:254:6:_2_Comm_Send_Log_Message	24	static
2_Echange_Datas.c:327:6:_2_Communication_Boards_Status	24	static
2_Echange_Datas.c:357:6:_2_Comm_Send_Servos_Destinations	16	static
2_Echange_Datas.c:387:6:_2_Comm_Robot_ID	16	static
2_Echange_Datas.c:419:6:_2_Comm_Demande_Simulation	24	static
2_Echange_Datas.c:454:6:_2_Comm_Demande_Motor_Power	24	static
2_Echange_Datas.c:492:6:_2_Comm_Set_Robot_Position	88	static
