enet_17xx_40xx.c:71:6:Chip_ENET_Init	24	static
enet_17xx_40xx.c:105:6:Chip_ENET_DeInit	0	static
enet_17xx_40xx.c:121:6:Chip_ENET_SetupMII	0	static
enet_17xx_40xx.c:134:10:Chip_ENET_FindMIIDiv	8	static
enet_17xx_40xx.c:154:6:Chip_ENET_StartMIIWrite	0	static
enet_17xx_40xx.c:163:6:Chip_ENET_StartMIIRead	0	static
enet_17xx_40xx.c:171:10:Chip_ENET_ReadMIIData	0	static
enet_17xx_40xx.c:178:6:Chip_ENET_SetFullDuplex	0	static
enet_17xx_40xx.c:186:6:Chip_ENET_SetHalfDuplex	0	static
enet_17xx_40xx.c:194:6:Chip_ENET_InitTxDescriptors	0	static
enet_17xx_40xx.c:207:6:Chip_ENET_InitRxDescriptors	0	static
enet_17xx_40xx.c:220:20:Chip_ENET_GetBufferStatus	0	static
enet_17xx_40xx.c:245:10:Chip_ENET_GetFillDescNum	0	static
enet_17xx_40xx.c:260:10:Chip_ENET_IncTXProduceIndex	0	static
enet_17xx_40xx.c:276:10:Chip_ENET_IncRXConsumeIndex	0	static
