i2c_17xx_40xx.c:338:6:Chip_I2C_EventHandler	0	static
i2c_17xx_40xx.c:187:5:handleMasterXferState	12	static
i2c_17xx_40xx.c:256:14:getSlaveIndex	0	static
i2c_17xx_40xx.c:273:5:handleSlaveXferState	8	static
i2c_17xx_40xx.c:374:6:Chip_I2C_Init	16	static
i2c_17xx_40xx.c:383:6:Chip_I2C_DeInit	0	static
i2c_17xx_40xx.c:392:6:Chip_I2C_SetClockRate	16	static
i2c_17xx_40xx.c:402:10:Chip_I2C_GetClockRate	8	static
i2c_17xx_40xx.c:408:5:Chip_I2C_SetMasterEventHandler	12	static
i2c_17xx_40xx.c:418:20:Chip_I2C_GetMasterEventHandler	0	static
i2c_17xx_40xx.c:424:5:Chip_I2C_MasterTransfer	24	static
i2c_17xx_40xx.c:452:5:Chip_I2C_MasterSend	48	static
i2c_17xx_40xx.c:465:5:Chip_I2C_MasterCmdRead	56	static
i2c_17xx_40xx.c:478:5:Chip_I2C_MasterRead	48	static
i2c_17xx_40xx.c:489:5:Chip_I2C_IsMasterActive	0	static
i2c_17xx_40xx.c:495:6:Chip_I2C_MasterStateHandler	16	static
i2c_17xx_40xx.c:503:6:Chip_I2C_SlaveSetup	16	static
i2c_17xx_40xx.c:526:6:Chip_I2C_SlaveStateHandler	24	static
i2c_17xx_40xx.c:552:6:Chip_I2C_Disable	0	static
i2c_17xx_40xx.c:558:5:Chip_I2C_IsStateChanged	0	static
i2c_17xx_40xx.c:354:6:Chip_I2C_EventHandlerPolling	16	static
