rtc_17xx_40xx.c:75:6:Chip_RTC_DeInit	0	static
rtc_17xx_40xx.c:82:6:Chip_RTC_ResetClockTickCounter	0	static
rtc_17xx_40xx.c:51:6:Chip_RTC_Init	8	static
rtc_17xx_40xx.c:96:6:Chip_RTC_Enable	0	static
rtc_17xx_40xx.c:109:6:Chip_RTC_CntIncrIntConfig	0	static
rtc_17xx_40xx.c:122:6:Chip_RTC_AlarmIntConfig	0	static
rtc_17xx_40xx.c:134:6:Chip_RTC_SetFullTime	12	static
rtc_17xx_40xx.c:154:6:Chip_RTC_GetFullTime	8	static
rtc_17xx_40xx.c:170:6:Chip_RTC_SetFullAlarmTime	8	static
rtc_17xx_40xx.c:180:6:Chip_RTC_GetFullAlarmTime	0	static
rtc_17xx_40xx.c:190:6:Chip_RTC_CalibCounterCmd	0	static
