0_Communication.c:371:38:_0_Communication_Send_RS485	32	static
0_Communication.c:403:6:_0_Communication_Send_USB	8	static
uart_17xx_40xx.h:309:20:Chip_UART_SendByte	0	static
uart_17xx_40xx.h:492:24:Chip_UART_ReadLineStatus	0	static
0_Communication.c:114:6:_0_Communication_Init_USB	0	static
0_Communication.c:138:6:_0_Communication_Init_RS485	8	static
0_Communication.c:79:6:_0_Communication_Init	24	static
0_Communication.c:187:6:UART1_IRQHandler	16	static
0_Communication.c:244:6:USB_IRQHandler	16	static
0_Communication.c:307:6:_0_Communication_Send_Data	32	static
