core_cm3.h:1323:22:NVIC_EnableIRQ	16	static
1_Trame_Communication.c:38:6:_1_Communication_Init	16	static
1_Trame_Communication.c:56:6:_1_Communication_Create_Queues_Semaphores	8	static
1_Trame_Communication.c:74:12:_1_Communication_Wait_To_Send	32	static
1_Trame_Communication.c:103:6:_1_Communication_Free_Send_Bit	16	static
1_Trame_Communication.c:120:12:_1_Communication_Wait_To_Receive	32	static
1_Trame_Communication.c:147:6:_1_Communication_Free_Receive_Bit	8	static
1_Trame_Communication.c:167:31:_1_Communication_Create_Message	24	static
1_Trame_Communication.c:231:12:_1_Communication_Create_Trame	176	static
1_Trame_Communication.c:409:7:_1_Communication_WAIT_ACK	32	static
1_Trame_Communication.c:465:6:_1_Communication_CLEAR_ACK	8	static
1_Trame_Communication.c:487:44:_1_Communication_Create_Trame_From_Buffer	40	static
1_Trame_Communication.c:674:12:_1_Communication_Check_Rx_Adresse	16	static
1_Trame_Communication.c:697:12:_1_Communication_Check_Priority_Messages	16	static
1_Trame_Communication.c:712:6:_1_Communication_Recomposition_Rx	32	static
