core_cm3.h:1323:22:NVIC_EnableIRQ	16	static
1_Trame_Communication.c:36:6:_1_Communication_Init	16	static
1_Trame_Communication.c:58:6:_1_Communication_Create_Queues_Semaphores	8	static
1_Trame_Communication.c:76:12:_1_Communication_Wait_To_Send	32	static
1_Trame_Communication.c:103:6:_1_Communication_Free_Send_Bit	16	static
1_Trame_Communication.c:120:12:_1_Communication_Wait_To_Receive	32	static
1_Trame_Communication.c:147:6:_1_Communication_Free_Receive_Bit	8	static
1_Trame_Communication.c:167:31:_1_Communication_Create_Message	24	static
1_Trame_Communication.c:216:12:_1_Communication_Create_Trame	16	static
1_Trame_Communication.c:249:44:_1_Communication_Create_Trame_From_Buffer	40	static
1_Trame_Communication.c:460:12:_1_Communication_Check_Rx_Adresse	16	static
1_Trame_Communication.c:483:12:_1_Communication_Check_Priority_Messages	16	static
1_Trame_Communication.c:498:6:_1_Communication_Recomposition_Rx	32	static
