2_Echange_Datas.c:25:6:_2_Communication_Init	8	static
2_Echange_Datas.c:41:6:_2_Comm_Send_Destination_Robot	72	static
2_Echange_Datas.c:80:6:_2_Comm_Send_Demande_Info	16	static
2_Echange_Datas.c:109:6:_2_Comm_Send_PING	16	static
2_Echange_Datas.c:138:6:_2_Comm_Send_PONG	24	static
2_Echange_Datas.c:179:6:_2_Comm_Send_Robot_Position	8	static
2_Echange_Datas.c:225:6:_2_Comm_Send_Log_Message	24	static
2_Echange_Datas.c:296:6:_2_Communication_Boards_Status	24	static
2_Echange_Datas.c:321:6:_2_Comm_Send_Servos_Destinations	16	static
