2_Echange_Datas.c:28:6:_2_Communication_Init	8	static
2_Echange_Datas.c:44:6:_2_Comm_Send_Destination_Robot	80	static
2_Echange_Datas.c:93:6:_2_Comm_Send_Demande_Info	16	static
2_Echange_Datas.c:122:6:_2_Comm_Send_PING	16	static
2_Echange_Datas.c:155:6:_2_Comm_Send_PONG	24	static
2_Echange_Datas.c:189:6:_2_Comm_Send_Communication_Status	16	static
2_Echange_Datas.c:217:6:_2_Comm_Send_Robot_Position	8	static
2_Echange_Datas.c:263:6:_2_Comm_Send_Log_Message	24	static
2_Echange_Datas.c:337:6:_2_Communication_Boards_Status	40	static
2_Echange_Datas.c:403:6:_2_Comm_Send_Servos_Destinations	16	static
2_Echange_Datas.c:433:6:_2_Comm_Robot_ID	16	static
2_Echange_Datas.c:465:6:_2_Comm_Demande_Simulation	24	static
2_Echange_Datas.c:500:6:_2_Comm_Demande_Motor_Power	24	static
2_Echange_Datas.c:538:6:_2_Comm_Set_Robot_Position	80	static
2_Echange_Datas.c:581:31:_2_Comm_Envoi_Fin_Communication	8	static
2_Echange_Datas.c:606:6:_2_Comm_Send_ASTAR_Contenu	104	static
2_Echange_Datas.c:657:6:_2_Comm_Send_ASTAR_Vectors	104	static
2_Echange_Datas.c:734:6:_2_Comm_Send_Robot_Speed	40	static
2_Echange_Datas.c:783:6:_2_Comm_Send_Info_Carte_IA	24	static
