Archive member included to satisfy reference by file (symbol)

C:\Robot\Robotic-System.git\trunk\TEST\Test_Workspace\0_lpc_chip_175x_6x\Release\lib0_lpc_chip_175x_6x.a(chip_17xx_40xx.o)
                              ./src/IA_2021_V1.o (SystemCoreClockUpdate)
C:\Robot\Robotic-System.git\trunk\TEST\Test_Workspace\0_lpc_chip_175x_6x\Release\lib0_lpc_chip_175x_6x.a(clock_17xx_40xx.o)
                              C:\Robot\Robotic-System.git\trunk\TEST\Test_Workspace\0_lpc_chip_175x_6x\Release\lib0_lpc_chip_175x_6x.a(chip_17xx_40xx.o) (Chip_Clock_EnablePLL)
C:\Robot\Robotic-System.git\trunk\TEST\Test_Workspace\0_lpc_chip_175x_6x\Release\lib0_lpc_chip_175x_6x.a(sysinit_17xx_40xx.o)
                              ./src/IA_2021_V1.o (Chip_SetupXtalClocking)
C:\Robot\Robotic-System.git\trunk\TEST\Test_Workspace\0_lpc_chip_175x_6x\Release\lib0_lpc_chip_175x_6x.a(timer_17xx_40xx.o)
                              ./src/IA_2021_V1.o (Chip_TIMER_Init)
C:\Robot\Robotic-System.git\trunk\TEST\Test_Workspace\0_lpc_board_nxp_lpcxpresso_1769\Release\lib0_lpc_board_nxp_lpcxpresso_1769.a(board.o)
                              ./src/IA_2021_V1.o (Set_Clock_in)
C:\Robot\Robotic-System.git\trunk\TEST\Test_Workspace\0_Robot_Library\Release\lib0_Robot_Library.a(heap_5.o)
                              ./src/IA_2021_V1.o (vPortDefineHeapRegions)
C:\Robot\Robotic-System.git\trunk\TEST\Test_Workspace\0_Robot_Library\Release\lib0_Robot_Library.a(port.o)
                              ./src/cr_startup_lpc175x_6x.o (vPortSVCHandler)
C:\Robot\Robotic-System.git\trunk\TEST\Test_Workspace\0_Robot_Library\Release\lib0_Robot_Library.a(tasks.o)
                              C:\Robot\Robotic-System.git\trunk\TEST\Test_Workspace\0_Robot_Library\Release\lib0_Robot_Library.a(heap_5.o) (vTaskSuspendAll)
C:\Robot\Robotic-System.git\trunk\TEST\Test_Workspace\0_Robot_Library\Release\lib0_Robot_Library.a(timers.o)
                              C:\Robot\Robotic-System.git\trunk\TEST\Test_Workspace\0_Robot_Library\Release\lib0_Robot_Library.a(tasks.o) (xTimerCreateTimerTask)
C:\Robot\Robotic-System.git\trunk\TEST\Test_Workspace\0_Robot_Library\Release\lib0_Robot_Library.a(FreeRTOSCommonHooks.o)
                              C:\Robot\Robotic-System.git\trunk\TEST\Test_Workspace\0_Robot_Library\Release\lib0_Robot_Library.a(tasks.o) (vApplicationStackOverflowHook)
C:\Robot\Robotic-System.git\trunk\TEST\Test_Workspace\0_Robot_Library\Release\lib0_Robot_Library.a(list.o)
                              C:\Robot\Robotic-System.git\trunk\TEST\Test_Workspace\0_Robot_Library\Release\lib0_Robot_Library.a(tasks.o) (vListInitialise)
C:\Robot\Robotic-System.git\trunk\TEST\Test_Workspace\0_Robot_Library\Release\lib0_Robot_Library.a(queue.o)
                              C:\Robot\Robotic-System.git\trunk\TEST\Test_Workspace\0_Robot_Library\Release\lib0_Robot_Library.a(timers.o) (xQueueGenericCreate)
c:/nxp/mcuxpressoide_11.2.1_4149/ide/plugins/com.nxp.mcuxpresso.tools.win32_11.2.0.202008311134/tools/bin/../lib/gcc/arm-none-eabi/9.2.1/../../../../arm-none-eabi/lib/thumb/v7-m/nofp\libc_nano.a(lib_a-memcpy-stub.o)
                              C:\Robot\Robotic-System.git\trunk\TEST\Test_Workspace\0_lpc_board_nxp_lpcxpresso_1769\Release\lib0_lpc_board_nxp_lpcxpresso_1769.a(board.o) (memcpy)
c:/nxp/mcuxpressoide_11.2.1_4149/ide/plugins/com.nxp.mcuxpresso.tools.win32_11.2.0.202008311134/tools/bin/../lib/gcc/arm-none-eabi/9.2.1/../../../../arm-none-eabi/lib/thumb/v7-m/nofp\libc_nano.a(lib_a-memset.o)
                              C:\Robot\Robotic-System.git\trunk\TEST\Test_Workspace\0_Robot_Library\Release\lib0_Robot_Library.a(tasks.o) (memset)
c:/nxp/mcuxpressoide_11.2.1_4149/ide/plugins/com.nxp.mcuxpresso.tools.win32_11.2.0.202008311134/tools/bin/../lib/gcc/arm-none-eabi/9.2.1/../../../../arm-none-eabi/lib/thumb/v7-m/nofp\libc_nano.a(lib_a-nano-vfprintf_float.o)
                              (_printf_float)
c:/nxp/mcuxpressoide_11.2.1_4149/ide/plugins/com.nxp.mcuxpresso.tools.win32_11.2.0.202008311134/tools/bin/../lib/gcc/arm-none-eabi/9.2.1/../../../../arm-none-eabi/lib/thumb/v7-m/nofp\libc_nano.a(lib_a-nano-vfprintf_i.o)
                              c:/nxp/mcuxpressoide_11.2.1_4149/ide/plugins/com.nxp.mcuxpresso.tools.win32_11.2.0.202008311134/tools/bin/../lib/gcc/arm-none-eabi/9.2.1/../../../../arm-none-eabi/lib/thumb/v7-m/nofp\libc_nano.a(lib_a-nano-vfprintf_float.o) (_printf_common)
c:/nxp/mcuxpressoide_11.2.1_4149/ide/plugins/com.nxp.mcuxpresso.tools.win32_11.2.0.202008311134/tools/bin/../lib/gcc/arm-none-eabi/9.2.1/../../../../arm-none-eabi/lib/thumb/v7-m/nofp\libc_nano.a(lib_a-strlen.o)
                              c:/nxp/mcuxpressoide_11.2.1_4149/ide/plugins/com.nxp.mcuxpresso.tools.win32_11.2.0.202008311134/tools/bin/../lib/gcc/arm-none-eabi/9.2.1/../../../../arm-none-eabi/lib/thumb/v7-m/nofp\libc_nano.a(lib_a-nano-vfprintf_float.o) (strlen)
[...]
Memory Configuration

Name             Origin             Length             Attributes
MFlash512        0x00010000         0x00070000         xr
RamLoc32         0x10000000         0x00008000         xrw
Ram_USB          0x2007c000         0x00000800         xrw
RAM3             0x2007c800         0x00007800         xrw
*default*        0x00000000         0xffffffff

Linker script and memory map

LOAD ./src/IA_2021_V1.o
LOAD ./src/cr_startup_lpc175x_6x.o
LOAD ./src/crp.o
LOAD ./src/sysinit.o
LOAD C:\Robot\Robotic-System.git\trunk\TEST\Test_Workspace\0_lpc_chip_175x_6x\Release\lib0_lpc_chip_175x_6x.a
LOAD C:\Robot\Robotic-System.git\trunk\TEST\Test_Workspace\0_lpc_board_nxp_lpcxpresso_1769\Release\lib0_lpc_board_nxp_lpcxpresso_1769.a
LOAD C:\Robot\Robotic-System.git\trunk\TEST\Test_Workspace\0_lpc_chip_175x_6x\libs\libusbd_175x_6x_lib.a
LOAD C:\Robot\Robotic-System.git\trunk\TEST\Test_Workspace\0_Robot_Library\Release\lib0_Robot_Library.a
START GROUP
LOAD c:/nxp/mcuxpressoide_11.2.1_4149/ide/plugins/com.nxp.mcuxpresso.tools.win32_11.2.0.202008311134/tools/bin/../lib/gcc/arm-none-eabi/9.2.1/thumb/v7-m/nofp\libgcc.a
LOAD c:/nxp/mcuxpressoide_11.2.1_4149/ide/plugins/com.nxp.mcuxpresso.tools.win32_11.2.0.202008311134/tools/bin/../lib/gcc/arm-none-eabi/9.2.1/../../../../arm-none-eabi/lib/thumb/v7-m/nofp\libc_nano.a
LOAD c:/nxp/mcuxpressoide_11.2.1_4149/ide/plugins/com.nxp.mcuxpresso.tools.win32_11.2.0.202008311134/tools/bin/../lib/gcc/arm-none-eabi/9.2.1/../../../../arm-none-eabi/lib/thumb/v7-m/nofp\libm.a
LOAD c:/nxp/mcuxpressoide_11.2.1_4149/ide/plugins/com.nxp.mcuxpresso.tools.win32_11.2.0.202008311134/tools/bin/../lib/gcc/arm-none-eabi/9.2.1/../../../../arm-none-eabi/lib/thumb/v7-m/nofp\libcr_newlib_none.a
END GROUP
                0x00010000                __base_MFlash512 = 0x10000
                0x00010000                __base_Flash = 0x10000
                0x00080000                __top_MFlash512 = 0x80000
                0x00080000                __top_Flash = 0x80000
                0x10000000                __base_RamLoc32 = 0x10000000
                0x10000000                __base_RAM = 0x10000000
                0x10008000                __top_RamLoc32 = 0x10008000
                0x10008000                __top_RAM = 0x10008000
                0x2007c000                __base_Ram_USB = 0x2007c000
                0x2007c000                __base_RAM2 = 0x2007c000
                0x2007c800                __top_Ram_USB = 0x2007c800
                0x2007c800                __top_RAM2 = 0x2007c800
                0x2007c800                __base_RAM3 = 0x2007c800
                0x2007c800                __base_RAM3 = 0x2007c800
                0x20084000                __top_RAM3 = 0x20084000
                0x20084000                __top_RAM3 = 0x20084000

.text           0x00010000     0x2fc8
 FILL mask 0xff
                0x00010000                __vectors_start__ = ABSOLUTE (.)
 *(.isr_vector)
 .isr_vector    0x00010000       0xcc ./src/cr_startup_lpc175x_6x.o
                0x00010000                g_pfnVectors
                0x000100cc                . = ALIGN (0x4)
                0x000100cc                __section_table_start = .
                0x000100cc                __data_section_table = .
                0x000100cc        0x4 LONG 0x12fc8 LOADADDR (.data)
                0x000100d0        0x4 LONG 0x10000000 ADDR (.data)
                0x000100d4        0x4 LONG 0x1e4 SIZEOF (.data)
                0x000100d8        0x4 LONG 0x12fc8 LOADADDR (.data_RAM2)
                0x000100dc        0x4 LONG 0x2007c000 ADDR (.data_RAM2)
                0x000100e0        0x4 LONG 0x0 SIZEOF (.data_RAM2)
                0x000100e4        0x4 LONG 0x12fc8 LOADADDR (.data_RAM3)
                0x000100e8        0x4 LONG 0x2007c800 ADDR (.data_RAM3)
                0x000100ec        0x4 LONG 0x0 SIZEOF (.data_RAM3)
                0x000100f0                __data_section_table_end = .
                0x000100f0                __bss_section_table = .
                0x000100f0        0x4 LONG 0x100001e4 ADDR (.bss)
                0x000100f4        0x4 LONG 0xc4 SIZEOF (.bss)
                0x000100f8        0x4 LONG 0x2007c000 ADDR (.bss_RAM2)
                0x000100fc        0x4 LONG 0x0 SIZEOF (.bss_RAM2)
                0x00010100        0x4 LONG 0x2007c800 ADDR (.bss_RAM3)
                0x00010104        0x4 LONG 0x3000 SIZEOF (.bss_RAM3)
                0x00010108                __bss_section_table_end = .
                0x00010108                __section_table_end = .
 *(.after_vectors*)
 .after_vectors
                0x00010108       0x88 ./src/cr_startup_lpc175x_6x.o
                0x00010108                NMI_Handler
                0x0001010a                HardFault_Handler
                0x0001010c                MemManage_Handler
                0x0001010e                BusFault_Handler
                0x00010110                UsageFault_Handler
                0x00010112                DebugMon_Handler
                0x00010114                PWM1_IRQHandler
                0x00010114                UART3_IRQHandler
                0x00010114                USBActivity_IRQHandler
                0x00010114                MCPWM_IRQHandler
                0x00010114                RIT_IRQHandler
                0x00010114                EINT2_IRQHandler
                0x00010114                UART1_IRQHandler
                0x00010114                EINT3_IRQHandler
                0x00010114                CANActivity_IRQHandler
                0x00010114                TIMER3_IRQHandler
                0x00010114                UART0_IRQHandler
                0x00010114                I2C1_IRQHandler
                0x00010114                I2C0_IRQHandler
                0x00010114                IntDefaultHandler
                0x00010114                PLL0_IRQHandler
                0x00010114                CAN_IRQHandler
                0x00010114                PLL1_IRQHandler
                0x00010114                SSP0_IRQHandler
                0x00010114                I2S_IRQHandler
                0x00010114                I2C2_IRQHandler
                0x00010114                RTC_IRQHandler
                0x00010114                TIMER0_IRQHandler
                0x00010114                SPI_IRQHandler
                0x00010114                DMA_IRQHandler
                0x00010114                EINT1_IRQHandler
                0x00010114                TIMER1_IRQHandler
                0x00010114                UART2_IRQHandler
                0x00010114                ADC_IRQHandler
                0x00010114                SSP1_IRQHandler
                0x00010114                USB_IRQHandler
                0x00010114                BOD_IRQHandler
                0x00010114                TIMER2_IRQHandler
                0x00010114                WDT_IRQHandler
                0x00010114                EINT0_IRQHandler
                0x00010114                QEI_IRQHandler
                0x00010114                ENET_IRQHandler
                0x00010116                data_init
                0x00010132                bss_init
                0x00010144                ResetISR
                0x00010188                SVC_Handler
                0x0001018a                PendSV_Handler
                0x0001018c                SysTick_Handler
 *(.text*)
 .text.prvSetupHardware
                0x00010190       0x30 ./src/IA_2021_V1.o
 .text.main     0x000101c0        0xa ./src/IA_2021_V1.o
                0x000101c0                main
 *fill*         0x000101ca        0x2 ff
 .text.SystemCoreClockUpdate
                0x000101cc       0x10 C:\Robot\Robotic-System.git\trunk\TEST\Test_Workspace\0_lpc_chip_175x_6x\Release\lib0_lpc_chip_175x_6x.a(chip_17xx_40xx.o)
                0x000101cc                SystemCoreClockUpdate
 .text.Chip_Clock_EnablePLL
                0x000101dc       0x24 C:\Robot\Robotic-System.git\trunk\TEST\Test_Workspace\0_lpc_chip_175x_6x\Release\lib0_lpc_chip_175x_6x.a(clock_17xx_40xx.o)
                0x000101dc                Chip_Clock_EnablePLL
 .text.Chip_Clock_DisablePLL
                0x00010200       0x26 C:\Robot\Robotic-System.git\trunk\TEST\Test_Workspace\0_lpc_chip_175x_6x\Release\lib0_lpc_chip_175x_6x.a(clock_17xx_40xx.o)
                0x00010200                Chip_Clock_DisablePLL
 .text.Chip_Clock_SetupPLL
                0x00010226       0x30 C:\Robot\Robotic-System.git\trunk\TEST\Test_Workspace\0_lpc_chip_175x_6x\Release\lib0_lpc_chip_175x_6x.a(clock_17xx_40xx.o)
                0x00010226                Chip_Clock_SetupPLL
 *fill*         0x00010256        0x2 ff
 .text.Chip_Clock_EnablePeriphClock
                0x00010258       0x18 C:\Robot\Robotic-System.git\trunk\TEST\Test_Workspace\0_lpc_chip_175x_6x\Release\lib0_lpc_chip_175x_6x.a(clock_17xx_40xx.o)
                0x00010258                Chip_Clock_EnablePeriphClock
 .text.Chip_Clock_GetCPUClockSource
                0x00010270       0x10 C:\Robot\Robotic-System.git\trunk\TEST\Test_Workspace\0_lpc_chip_175x_6x\Release\lib0_lpc_chip_175x_6x.a(clock_17xx_40xx.o)
                0x00010270                Chip_Clock_GetCPUClockSource
 .text.Chip_Clock_SetCPUClockDiv
                0x00010280        0xc C:\Robot\Robotic-System.git\trunk\TEST\Test_Workspace\0_lpc_chip_175x_6x\Release\lib0_lpc_chip_175x_6x.a(clock_17xx_40xx.o)
                0x00010280                Chip_Clock_SetCPUClockDiv
 .text.Chip_Clock_GetCPUClockDiv
                0x0001028c       0x10 C:\Robot\Robotic-System.git\trunk\TEST\Test_Workspace\0_lpc_chip_175x_6x\Release\lib0_lpc_chip_175x_6x.a(clock_17xx_40xx.o)
                0x0001028c                Chip_Clock_GetCPUClockDiv
 .text.Chip_Clock_GetSYSCLKRate
                0x0001029c       0x38 C:\Robot\Robotic-System.git\trunk\TEST\Test_Workspace\0_lpc_chip_175x_6x\Release\lib0_lpc_chip_175x_6x.a(clock_17xx_40xx.o)
                0x0001029c                Chip_Clock_GetSYSCLKRate
 .text.Chip_Clock_GetMainPLLOutClockRate
                0x000102d4       0x34 C:\Robot\Robotic-System.git\trunk\TEST\Test_Workspace\0_lpc_chip_175x_6x\Release\lib0_lpc_chip_175x_6x.a(clock_17xx_40xx.o)
                0x000102d4                Chip_Clock_GetMainPLLOutClockRate
 .text.Chip_Clock_GetMainClockRate
                0x00010308       0x20 C:\Robot\Robotic-System.git\trunk\TEST\Test_Workspace\0_lpc_chip_175x_6x\Release\lib0_lpc_chip_175x_6x.a(clock_17xx_40xx.o)
                0x00010308                Chip_Clock_GetMainClockRate
 .text.Chip_Clock_GetSystemClockRate
                0x00010328       0x12 C:\Robot\Robotic-System.git\trunk\TEST\Test_Workspace\0_lpc_chip_175x_6x\Release\lib0_lpc_chip_175x_6x.a(clock_17xx_40xx.o)
                0x00010328                Chip_Clock_GetSystemClockRate
 *fill*         0x0001033a        0x2 ff
 .text.Chip_SetupXtalClocking
                0x0001033c       0xdc C:\Robot\Robotic-System.git\trunk\TEST\Test_Workspace\0_lpc_chip_175x_6x\Release\lib0_lpc_chip_175x_6x.a(sysinit_17xx_40xx.o)
                0x0001033c                Chip_SetupXtalClocking
 .text.Set_Clock_in
                0x00010418        0xc C:\Robot\Robotic-System.git\trunk\TEST\Test_Workspace\0_lpc_board_nxp_lpcxpresso_1769\Release\lib0_lpc_board_nxp_lpcxpresso_1769.a(board.o)
                0x00010418                Set_Clock_in
 .text.Board_Init
                0x00010424       0x12 C:\Robot\Robotic-System.git\trunk\TEST\Test_Workspace\0_lpc_board_nxp_lpcxpresso_1769\Release\lib0_lpc_board_nxp_lpcxpresso_1769.a(board.o)
                0x00010424                Board_Init
 *fill*         0x00010436        0x2 ff
 .text.vPortDefineHeapRegions
                0x00010438       0x84 C:\Robot\Robotic-System.git\trunk\TEST\Test_Workspace\0_Robot_Library\Release\lib0_Robot_Library.a(heap_5.o)
                0x00010438                vPortDefineHeapRegions
 *fill*         0x000104bc        0x4 ff
 .text.vPortSVCHandler
                0x000104c0       0x24 C:\Robot\Robotic-System.git\trunk\TEST\Test_Workspace\0_Robot_Library\Release\lib0_Robot_Library.a(port.o)
                0x000104c0                vPortSVCHandler
 *fill*         0x000104e4        0xc ff
 .text.xPortPendSVHandler
                0x000104f0       0x44 C:\Robot\Robotic-System.git\trunk\TEST\Test_Workspace\0_Robot_Library\Release\lib0_Robot_Library.a(port.o)
                0x000104f0                xPortPendSVHandler
 .text.xPortSysTickHandler
                0x00010534       0x2c C:\Robot\Robotic-System.git\trunk\TEST\Test_Workspace\0_Robot_Library\Release\lib0_Robot_Library.a(port.o)
                0x00010534                xPortSysTickHandler
 .text.prvResetNextTaskUnblockTime
                0x00010560       0x2c C:\Robot\Robotic-System.git\trunk\TEST\Test_Workspace\0_Robot_Library\Release\lib0_Robot_Library.a(tasks.o)
 .text.xTaskIncrementTick
                0x0001058c      0x100 C:\Robot\Robotic-System.git\trunk\TEST\Test_Workspace\0_Robot_Library\Release\lib0_Robot_Library.a(tasks.o)
                0x0001058c                xTaskIncrementTick
 .text.vTaskSwitchContext
                0x0001068c       0xac C:\Robot\Robotic-System.git\trunk\TEST\Test_Workspace\0_Robot_Library\Release\lib0_Robot_Library.a(tasks.o)
                0x0001068c                vTaskSwitchContext
 .text.vApplicationStackOverflowHook
                0x00010738       0x12 C:\Robot\Robotic-System.git\trunk\TEST\Test_Workspace\0_Robot_Library\Release\lib0_Robot_Library.a(FreeRTOSCommonHooks.o)
                0x00010738                vApplicationStackOverflowHook
 .text.vListInsertEnd
                0x0001074a       0x16 C:\Robot\Robotic-System.git\trunk\TEST\Test_Workspace\0_Robot_Library\Release\lib0_Robot_Library.a(list.o)
                0x0001074a                vListInsertEnd
 .text.uxListRemove
                0x00010760       0x26 C:\Robot\Robotic-System.git\trunk\TEST\Test_Workspace\0_Robot_Library\Release\lib0_Robot_Library.a(list.o)
                0x00010760                uxListRemove
 .text.memcpy   0x00010786       0x1c c:/nxp/mcuxpressoide_11.2.1_4149/ide/plugins/com.nxp.mcuxpresso.tools.win32_11.2.0.202008311134/tools/bin/../lib/gcc/arm-none-eabi/9.2.1/../../../../arm-none-eabi/lib/thumb/v7-m/nofp\libc_nano.a(lib_a-memcpy-stub.o)
                0x00010786                memcpy
 .text.memset   0x000107a2       0x10 c:/nxp/mcuxpressoide_11.2.1_4149/ide/plugins/com.nxp.mcuxpresso.tools.win32_11.2.0.202008311134/tools/bin/../lib/gcc/arm-none-eabi/9.2.1/../../../../arm-none-eabi/lib/thumb/v7-m/nofp\libc_nano.a(lib_a-memset.o)
                0x000107a2                memset
 .text.__cvt    0x000107b2       0xbe c:/nxp/mcuxpressoide_11.2.1_4149/ide/plugins/com.nxp.mcuxpresso.tools.win32_11.2.0.202008311134/tools/bin/../lib/gcc/arm-none-eabi/9.2.1/../../../../arm-none-eabi/lib/thumb/v7-m/nofp\libc_nano.a(lib_a-nano-vfprintf_float.o)
                0x000107b2                __cvt
 .text.__exponent
                0x00010870       0x7c c:/nxp/mcuxpressoide_11.2.1_4149/ide/plugins/com.nxp.mcuxpresso.tools.win32_11.2.0.202008311134/tools/bin/../lib/gcc/arm-none-eabi/9.2.1/../../../../arm-none-eabi/lib/thumb/v7-m/nofp\libc_nano.a(lib_a-nano-vfprintf_float.o)
                0x00010870                __exponent
 .text._printf_float
                0x000108ec      0x458 c:/nxp/mcuxpressoide_11.2.1_4149/ide/plugins/com.nxp.mcuxpresso.tools.win32_11.2.0.202008311134/tools/bin/../lib/gcc/arm-none-eabi/9.2.1/../../../../arm-none-eabi/lib/thumb/v7-m/nofp\libc_nano.a(lib_a-nano-vfprintf_float.o)
                0x000108ec                _printf_float
 .text._printf_common
                0x00010d44       0xde c:/nxp/mcuxpressoide_11.2.1_4149/ide/plugins/com.nxp.mcuxpresso.tools.win32_11.2.0.202008311134/tools/bin/../lib/gcc/arm-none-eabi/9.2.1/../../../../arm-none-eabi/lib/thumb/v7-m/nofp\libc_nano.a(lib_a-nano-vfprintf_i.o)
                0x00010d44                _printf_common
 .text          0x00010e22       0x10 c:/nxp/mcuxpressoide_11.2.1_4149/ide/plugins/com.nxp.mcuxpresso.tools.win32_11.2.0.202008311134/tools/bin/../lib/gcc/arm-none-eabi/9.2.1/../../../../arm-none-eabi/lib/thumb/v7-m/nofp\libc_nano.a(lib_a-strlen.o)
                0x00010e22                strlen
 .text.quorem   0x00010e32      0x11a c:/nxp/mcuxpressoide_11.2.1_4149/ide/plugins/com.nxp.mcuxpresso.tools.win32_11.2.0.202008311134/tools/bin/../lib/gcc/arm-none-eabi/9.2.1/../../../../arm-none-eabi/lib/thumb/v7-m/nofp\libc_nano.a(lib_a-dtoa.o)
 *fill*         0x00010f4c        0x4 ff
 .text._dtoa_r  0x00010f50      0xba4 c:/nxp/mcuxpressoide_11.2.1_4149/ide/plugins/com.nxp.mcuxpresso.tools.win32_11.2.0.202008311134/tools/bin/../lib/gcc/arm-none-eabi/9.2.1/../../../../arm-none-eabi/lib/thumb/v7-m/nofp\libc_nano.a(lib_a-dtoa.o)
                0x00010f50                _dtoa_r
 .text._localeconv_r
                0x00011af4        0x8 c:/nxp/mcuxpressoide_11.2.1_4149/ide/plugins/com.nxp.mcuxpresso.tools.win32_11.2.0.202008311134/tools/bin/../lib/gcc/arm-none-eabi/9.2.1/../../../../arm-none-eabi/lib/thumb/v7-m/nofp\libc_nano.a(lib_a-localeconv.o)
                0x00011af4                _localeconv_r
 .text.malloc   0x00011afc       0x10 c:/nxp/mcuxpressoide_11.2.1_4149/ide/plugins/com.nxp.mcuxpresso.tools.win32_11.2.0.202008311134/tools/bin/../lib/gcc/arm-none-eabi/9.2.1/../../../../arm-none-eabi/lib/thumb/v7-m/nofp\libc_nano.a(lib_a-malloc.o)
                0x00011afc                malloc
 .text._Balloc  0x00011b0c       0x68 c:/nxp/mcuxpressoide_11.2.1_4149/ide/plugins/com.nxp.mcuxpresso.tools.win32_11.2.0.202008311134/tools/bin/../lib/gcc/arm-none-eabi/9.2.1/../../../../arm-none-eabi/lib/thumb/v7-m/nofp\libc_nano.a(lib_a-mprec.o)
                0x00011b0c                _Balloc
 .text._Bfree   0x00011b74       0x2e c:/nxp/mcuxpressoide_11.2.1_4149/ide/plugins/com.nxp.mcuxpresso.tools.win32_11.2.0.202008311134/tools/bin/../lib/gcc/arm-none-eabi/9.2.1/../../../../arm-none-eabi/lib/thumb/v7-m/nofp\libc_nano.a(lib_a-mprec.o)
                0x00011b74                _Bfree
 .text.__multadd
                0x00011ba2       0x7c c:/nxp/mcuxpressoide_11.2.1_4149/ide/plugins/com.nxp.mcuxpresso.tools.win32_11.2.0.202008311134/tools/bin/../lib/gcc/arm-none-eabi/9.2.1/../../../../arm-none-eabi/lib/thumb/v7-m/nofp\libc_nano.a(lib_a-mprec.o)
                0x00011ba2                __multadd
 .text.__hi0bits
                0x00011c1e       0x40 c:/nxp/mcuxpressoide_11.2.1_4149/ide/plugins/com.nxp.mcuxpresso.tools.win32_11.2.0.202008311134/tools/bin/../lib/gcc/arm-none-eabi/9.2.1/../../../../arm-none-eabi/lib/thumb/v7-m/nofp\libc_nano.a(lib_a-mprec.o)
                0x00011c1e                __hi0bits
 .text.__lo0bits
                0x00011c5e       0x5c c:/nxp/mcuxpressoide_11.2.1_4149/ide/plugins/com.nxp.mcuxpresso.tools.win32_11.2.0.202008311134/tools/bin/../lib/gcc/arm-none-eabi/9.2.1/../../../../arm-none-eabi/lib/thumb/v7-m/nofp\libc_nano.a(lib_a-mprec.o)
                0x00011c5e                __lo0bits
 .text.__i2b    0x00011cba       0x12 c:/nxp/mcuxpressoide_11.2.1_4149/ide/plugins/com.nxp.mcuxpresso.tools.win32_11.2.0.202008311134/tools/bin/../lib/gcc/arm-none-eabi/9.2.1/../../../../arm-none-eabi/lib/thumb/v7-m/nofp\libc_nano.a(lib_a-mprec.o)
                0x00011cba                __i2b
 .text.__multiply
                0x00011ccc      0x136 c:/nxp/mcuxpressoide_11.2.1_4149/ide/plugins/com.nxp.mcuxpresso.tools.win32_11.2.0.202008311134/tools/bin/../lib/gcc/arm-none-eabi/9.2.1/../../../../arm-none-eabi/lib/thumb/v7-m/nofp\libc_nano.a(lib_a-mprec.o)
                0x00011ccc                __multiply
 *fill*         0x00011e02        0x2 ff
 .text.__pow5mult
                0x00011e04       0x9c c:/nxp/mcuxpressoide_11.2.1_4149/ide/plugins/com.nxp.mcuxpresso.tools.win32_11.2.0.202008311134/tools/bin/../lib/gcc/arm-none-eabi/9.2.1/../../../../arm-none-eabi/lib/thumb/v7-m/nofp\libc_nano.a(lib_a-mprec.o)
                0x00011e04                __pow5mult
 .text.__lshift
                0x00011ea0       0xbe c:/nxp/mcuxpressoide_11.2.1_4149/ide/plugins/com.nxp.mcuxpresso.tools.win32_11.2.0.202008311134/tools/bin/../lib/gcc/arm-none-eabi/9.2.1/../../../../arm-none-eabi/lib/thumb/v7-m/nofp\libc_nano.a(lib_a-mprec.o)
                0x00011ea0                __lshift
 .text.__mcmp   0x00011f5e       0x36 c:/nxp/mcuxpressoide_11.2.1_4149/ide/plugins/com.nxp.mcuxpresso.tools.win32_11.2.0.202008311134/tools/bin/../lib/gcc/arm-none-eabi/9.2.1/../../../../arm-none-eabi/lib/thumb/v7-m/nofp\libc_nano.a(lib_a-mprec.o)
                0x00011f5e                __mcmp
 .text.__mdiff  0x00011f94       0xf8 c:/nxp/mcuxpressoide_11.2.1_4149/ide/plugins/com.nxp.mcuxpresso.tools.win32_11.2.0.202008311134/tools/bin/../lib/gcc/arm-none-eabi/9.2.1/../../../../arm-none-eabi/lib/thumb/v7-m/nofp\libc_nano.a(lib_a-mprec.o)
                0x00011f94                __mdiff
 .text.__d2b    0x0001208c       0x9e c:/nxp/mcuxpressoide_11.2.1_4149/ide/plugins/com.nxp.mcuxpresso.tools.win32_11.2.0.202008311134/tools/bin/../lib/gcc/arm-none-eabi/9.2.1/../../../../arm-none-eabi/lib/thumb/v7-m/nofp\libc_nano.a(lib_a-mprec.o)
                0x0001208c                __d2b
 .text._calloc_r
                0x0001212a       0x1c c:/nxp/mcuxpressoide_11.2.1_4149/ide/plugins/com.nxp.mcuxpresso.tools.win32_11.2.0.202008311134/tools/bin/../lib/gcc/arm-none-eabi/9.2.1/../../../../arm-none-eabi/lib/thumb/v7-m/nofp\libc_nano.a(lib_a-nano-callocr.o)
                0x0001212a                _calloc_r
 *fill*         0x00012146        0x2 ff
 .text._malloc_r
                0x00012148       0xb4 c:/nxp/mcuxpressoide_11.2.1_4149/ide/plugins/com.nxp.mcuxpresso.tools.win32_11.2.0.202008311134/tools/bin/../lib/gcc/arm-none-eabi/9.2.1/../../../../arm-none-eabi/lib/thumb/v7-m/nofp\libc_nano.a(lib_a-nano-mallocr.o)
                0x00012148                _malloc_r
 .text._sbrk_r  0x000121fc       0x20 c:/nxp/mcuxpressoide_11.2.1_4149/ide/plugins/com.nxp.mcuxpresso.tools.win32_11.2.0.202008311134/tools/bin/../lib/gcc/arm-none-eabi/9.2.1/../../../../arm-none-eabi/lib/thumb/v7-m/nofp\libc_nano.a(lib_a-sbrkr.o)
                0x000121fc                _sbrk_r
 .text.__ascii_mbtowc
                0x0001221c       0x24 c:/nxp/mcuxpressoide_11.2.1_4149/ide/plugins/com.nxp.mcuxpresso.tools.win32_11.2.0.202008311134/tools/bin/../lib/gcc/arm-none-eabi/9.2.1/../../../../arm-none-eabi/lib/thumb/v7-m/nofp\libc_nano.a(lib_a-mbtowc_r.o)
                0x0001221c                __ascii_mbtowc
 .text.__malloc_lock
                0x00012240        0xc c:/nxp/mcuxpressoide_11.2.1_4149/ide/plugins/com.nxp.mcuxpresso.tools.win32_11.2.0.202008311134/tools/bin/../lib/gcc/arm-none-eabi/9.2.1/../../../../arm-none-eabi/lib/thumb/v7-m/nofp\libc_nano.a(lib_a-mlock.o)
                0x00012240                __malloc_lock
 .text.__malloc_unlock
                0x0001224c        0xc c:/nxp/mcuxpressoide_11.2.1_4149/ide/plugins/com.nxp.mcuxpresso.tools.win32_11.2.0.202008311134/tools/bin/../lib/gcc/arm-none-eabi/9.2.1/../../../../arm-none-eabi/lib/thumb/v7-m/nofp\libc_nano.a(lib_a-mlock.o)
                0x0001224c                __malloc_unlock
 .text.__ascii_wctomb
                0x00012258       0x1a c:/nxp/mcuxpressoide_11.2.1_4149/ide/plugins/com.nxp.mcuxpresso.tools.win32_11.2.0.202008311134/tools/bin/../lib/gcc/arm-none-eabi/9.2.1/../../../../arm-none-eabi/lib/thumb/v7-m/nofp\libc_nano.a(lib_a-wctomb_r.o)
                0x00012258                __ascii_wctomb
 .text.__retarget_lock_acquire_recursive
                0x00012272        0x2 c:/nxp/mcuxpressoide_11.2.1_4149/ide/plugins/com.nxp.mcuxpresso.tools.win32_11.2.0.202008311134/tools/bin/../lib/gcc/arm-none-eabi/9.2.1/../../../../arm-none-eabi/lib/thumb/v7-m/nofp\libc_nano.a(lib_a-lock.o)
                0x00012272                __retarget_lock_acquire_recursive
 .text.__retarget_lock_release_recursive
                0x00012274        0x2 c:/nxp/mcuxpressoide_11.2.1_4149/ide/plugins/com.nxp.mcuxpresso.tools.win32_11.2.0.202008311134/tools/bin/../lib/gcc/arm-none-eabi/9.2.1/../../../../arm-none-eabi/lib/thumb/v7-m/nofp\libc_nano.a(lib_a-lock.o)
                0x00012274                __retarget_lock_release_recursive
 *fill*         0x00012276        0x2 ff
 .text._sbrk    0x00012278       0x3c c:/nxp/mcuxpressoide_11.2.1_4149/ide/plugins/com.nxp.mcuxpresso.tools.win32_11.2.0.202008311134/tools/bin/../lib/gcc/arm-none-eabi/9.2.1/../../../../arm-none-eabi/lib/thumb/v7-m/nofp\libcr_newlib_none.a(_cr_sbrk.o)
                0x00012278                _sbrk
 .text.__check_heap_overflow
                0x000122b4       0x14 c:/nxp/mcuxpressoide_11.2.1_4149/ide/plugins/com.nxp.mcuxpresso.tools.win32_11.2.0.202008311134/tools/bin/../lib/gcc/arm-none-eabi/9.2.1/../../../../arm-none-eabi/lib/thumb/v7-m/nofp\libcr_newlib_none.a(_cr_check_heap.o)
                0x000122b4                __check_heap_overflow
 .text          0x000122c8      0x378 c:/nxp/mcuxpressoide_11.2.1_4149/ide/plugins/com.nxp.mcuxpresso.tools.win32_11.2.0.202008311134/tools/bin/../lib/gcc/arm-none-eabi/9.2.1/thumb/v7-m/nofp\libgcc.a(_arm_addsubdf3.o)
                0x000122c8                __aeabi_drsub
                0x000122d0                __aeabi_dsub
                0x000122d0                __subdf3
                0x000122d4                __aeabi_dadd
                0x000122d4                __adddf3
                0x0001254c                __floatunsidf
                0x0001254c                __aeabi_ui2d
                0x0001256c                __floatsidf
                0x0001256c                __aeabi_i2d
                0x00012590                __aeabi_f2d
                0x00012590                __extendsfdf2
                0x000125d4                __floatundidf
                0x000125d4                __aeabi_ul2d
                0x000125e4                __floatdidf
                0x000125e4                __aeabi_l2d
 .text          0x00012640      0x424 c:/nxp/mcuxpressoide_11.2.1_4149/ide/plugins/com.nxp.mcuxpresso.tools.win32_11.2.0.202008311134/tools/bin/../lib/gcc/arm-none-eabi/9.2.1/thumb/v7-m/nofp\libgcc.a(_arm_muldivdf3.o)
                0x00012640                __aeabi_dmul
                0x00012640                __muldf3
                0x00012894                __divdf3
                0x00012894                __aeabi_ddiv
 .text          0x00012a64      0x110 c:/nxp/mcuxpressoide_11.2.1_4149/ide/plugins/com.nxp.mcuxpresso.tools.win32_11.2.0.202008311134/tools/bin/../lib/gcc/arm-none-eabi/9.2.1/thumb/v7-m/nofp\libgcc.a(_arm_cmpdf2.o)
                0x00012a64                __gtdf2
                0x00012a64                __gedf2
                0x00012a6c                __ltdf2
                0x00012a6c                __ledf2
                0x00012a74                __nedf2
                0x00012a74                __eqdf2
                0x00012a74                __cmpdf2
                0x00012af0                __aeabi_cdrcmple
                0x00012b00                __aeabi_cdcmpeq
                0x00012b00                __aeabi_cdcmple
                0x00012b10                __aeabi_dcmpeq
                0x00012b24                __aeabi_dcmplt
                0x00012b38                __aeabi_dcmple
                0x00012b4c                __aeabi_dcmpge
                0x00012b60                __aeabi_dcmpgt
 .text          0x00012b74       0x2c c:/nxp/mcuxpressoide_11.2.1_4149/ide/plugins/com.nxp.mcuxpresso.tools.win32_11.2.0.202008311134/tools/bin/../lib/gcc/arm-none-eabi/9.2.1/thumb/v7-m/nofp\libgcc.a(_arm_unorddf2.o)
                0x00012b74                __unorddf2
                0x00012b74                __aeabi_dcmpun
 .text          0x00012ba0       0x50 c:/nxp/mcuxpressoide_11.2.1_4149/ide/plugins/com.nxp.mcuxpresso.tools.win32_11.2.0.202008311134/tools/bin/../lib/gcc/arm-none-eabi/9.2.1/thumb/v7-m/nofp\libgcc.a(_arm_fixdfsi.o)
                0x00012ba0                __aeabi_d2iz
                0x00012ba0                __fixdfsi
 .text.__errno  0x00012bf0        0xc c:/nxp/mcuxpressoide_11.2.1_4149/ide/plugins/com.nxp.mcuxpresso.tools.win32_11.2.0.202008311134/tools/bin/../lib/gcc/arm-none-eabi/9.2.1/../../../../arm-none-eabi/lib/thumb/v7-m/nofp\libc_nano.a(lib_a-errno.o)
                0x00012bf0                __errno
 *(.rodata .rodata.* .constdata .constdata.*)
 .rodata.MainOscPLL0conf_12
                0x00012bfc       0xf0 C:\Robot\Robotic-System.git\trunk\TEST\Test_Workspace\0_lpc_chip_175x_6x\Release\lib0_lpc_chip_175x_6x.a(sysinit_17xx_40xx.o)
 .rodata.MainOscPLL0conf_16
                0x00012cec       0xb0 C:\Robot\Robotic-System.git\trunk\TEST\Test_Workspace\0_lpc_chip_175x_6x\Release\lib0_lpc_chip_175x_6x.a(sysinit_17xx_40xx.o)
 .rodata.RTCOscRateIn
                0x00012d9c        0x4 C:\Robot\Robotic-System.git\trunk\TEST\Test_Workspace\0_lpc_board_nxp_lpcxpresso_1769\Release\lib0_lpc_board_nxp_lpcxpresso_1769.a(board.o)
                0x00012d9c                RTCOscRateIn
 .rodata._printf_float.str1.1
                0x00012da0       0x12 c:/nxp/mcuxpressoide_11.2.1_4149/ide/plugins/com.nxp.mcuxpresso.tools.win32_11.2.0.202008311134/tools/bin/../lib/gcc/arm-none-eabi/9.2.1/../../../../arm-none-eabi/lib/thumb/v7-m/nofp\libc_nano.a(lib_a-nano-vfprintf_float.o)
 .rodata._dtoa_r.str1.1
                0x00012db2        0xd c:/nxp/mcuxpressoide_11.2.1_4149/ide/plugins/com.nxp.mcuxpresso.tools.win32_11.2.0.202008311134/tools/bin/../lib/gcc/arm-none-eabi/9.2.1/../../../../arm-none-eabi/lib/thumb/v7-m/nofp\libc_nano.a(lib_a-dtoa.o)
                                  0xf (size before relaxing)
 *fill*         0x00012dbf        0x1 ff
 .rodata.__mprec_bigtens
                0x00012dc0       0x28 c:/nxp/mcuxpressoide_11.2.1_4149/ide/plugins/com.nxp.mcuxpresso.tools.win32_11.2.0.202008311134/tools/bin/../lib/gcc/arm-none-eabi/9.2.1/../../../../arm-none-eabi/lib/thumb/v7-m/nofp\libc_nano.a(lib_a-mprec.o)
                0x00012dc0                __mprec_bigtens
 .rodata.__mprec_tens
                0x00012de8       0xc8 c:/nxp/mcuxpressoide_11.2.1_4149/ide/plugins/com.nxp.mcuxpresso.tools.win32_11.2.0.202008311134/tools/bin/../lib/gcc/arm-none-eabi/9.2.1/../../../../arm-none-eabi/lib/thumb/v7-m/nofp\libc_nano.a(lib_a-mprec.o)
                0x00012de8                __mprec_tens
 .rodata.p05.6127
                0x00012eb0        0xc c:/nxp/mcuxpressoide_11.2.1_4149/ide/plugins/com.nxp.mcuxpresso.tools.win32_11.2.0.202008311134/tools/bin/../lib/gcc/arm-none-eabi/9.2.1/../../../../arm-none-eabi/lib/thumb/v7-m/nofp\libc_nano.a(lib_a-mprec.o)
 .rodata._setlocale_r.str1.1
                0x00012ebc        0x8 c:/nxp/mcuxpressoide_11.2.1_4149/ide/plugins/com.nxp.mcuxpresso.tools.win32_11.2.0.202008311134/tools/bin/../lib/gcc/arm-none-eabi/9.2.1/../../../../arm-none-eabi/lib/thumb/v7-m/nofp\libc_nano.a(lib_a-locale.o)
                                  0x9 (size before relaxing)
 .rodata.str1.1
                0x00012ec4        0x2 c:/nxp/mcuxpressoide_11.2.1_4149/ide/plugins/com.nxp.mcuxpresso.tools.win32_11.2.0.202008311134/tools/bin/../lib/gcc/arm-none-eabi/9.2.1/../../../../arm-none-eabi/lib/thumb/v7-m/nofp\libc_nano.a(lib_a-locale.o)
 .rodata._ctype_
                0x00012ec6      0x101 c:/nxp/mcuxpressoide_11.2.1_4149/ide/plugins/com.nxp.mcuxpresso.tools.win32_11.2.0.202008311134/tools/bin/../lib/gcc/arm-none-eabi/9.2.1/../../../../arm-none-eabi/lib/thumb/v7-m/nofp\libc_nano.a(lib_a-ctype_.o)
                0x00012ec6                _ctype_
                0x00012fc8                . = ALIGN (0x4)
 *fill*         0x00012fc7        0x1 ff

.glue_7         0x00012fc8        0x0
 .glue_7        0x00012fc8        0x0 linker stubs

.glue_7t        0x00012fc8        0x0
 .glue_7t       0x00012fc8        0x0 linker stubs

.vfp11_veneer   0x00012fc8        0x0
 .vfp11_veneer  0x00012fc8        0x0 linker stubs

.v4_bx          0x00012fc8        0x0
 .v4_bx         0x00012fc8        0x0 linker stubs

.iplt           0x00012fc8        0x0
 .iplt          0x00012fc8        0x0 ./src/IA_2021_V1.o

.rel.dyn        0x00012fc8        0x0
 .rel.iplt      0x00012fc8        0x0 ./src/IA_2021_V1.o

.ARM.extab
 *(.ARM.extab* .gnu.linkonce.armextab.*)

.ARM.exidx      0x00012fc8        0x0
                0x00012fc8                __exidx_start = .
 *(.ARM.exidx* .gnu.linkonce.armexidx.*)
                0x00012fc8                __exidx_end = .
                0x00012fc8                _etext = .

.data_RAM2      0x2007c000        0x0 load address 0x00012fc8
 FILL mask 0xff
                [!provide]                PROVIDE (__start_data_RAM2 = .)
                [!provide]                PROVIDE (__start_data_Ram_USB = .)
 *(.ramfunc.$RAM2)
 *(.ramfunc.$Ram_USB)
 *(.data.$RAM2)
 *(.data.$Ram_USB)
 *(.data.$RAM2.*)
 *(.data.$Ram_USB.*)
                0x2007c000                . = ALIGN (0x4)
                [!provide]                PROVIDE (__end_data_RAM2 = .)
                [!provide]                PROVIDE (__end_data_Ram_USB = .)

.data_RAM3      0x2007c800        0x0 load address 0x00012fc8
 FILL mask 0xff
                [!provide]                PROVIDE (__start_data_RAM3 = .)
                [!provide]                PROVIDE (__start_data_RAM3 = .)
 *(.ramfunc.$RAM3)
 *(.ramfunc.$RAM3)
 *(.data.$RAM3)
 *(.data.$RAM3)
 *(.data.$RAM3.*)
 *(.data.$RAM3.*)
                0x2007c800                . = ALIGN (0x4)
                [!provide]                PROVIDE (__end_data_RAM3 = .)
                [!provide]                PROVIDE (__end_data_RAM3 = .)

.uninit_RESERVED
                0x10000000        0x0
                0x10000000                _start_uninit_RESERVED = .
 *(.bss.$RESERVED*)
                0x10000000                . = ALIGN (0x4)
                0x10000000                _end_uninit_RESERVED = .

.data           0x10000000      0x1e4 load address 0x00012fc8
 FILL mask 0xff
                0x10000000                _data = .
                [!provide]                PROVIDE (__start_data_RAM = .)
                [!provide]                PROVIDE (__start_data_RamLoc32 = .)
 *(vtable)
 *(.ramfunc*)
 *(CodeQuickAccess)
 *(DataQuickAccess)
 *(RamFunction)
 *(.data*)
 .data.xHeapRegions
                0x10000000       0x10 ./src/IA_2021_V1.o
 .data.OscRateIn
                0x10000010        0x4 C:\Robot\Robotic-System.git\trunk\TEST\Test_Workspace\0_lpc_board_nxp_lpcxpresso_1769\Release\lib0_lpc_board_nxp_lpcxpresso_1769.a(board.o)
                0x10000010                OscRateIn
 .data._impure_ptr
                0x10000014        0x4 c:/nxp/mcuxpressoide_11.2.1_4149/ide/plugins/com.nxp.mcuxpresso.tools.win32_11.2.0.202008311134/tools/bin/../lib/gcc/arm-none-eabi/9.2.1/../../../../arm-none-eabi/lib/thumb/v7-m/nofp\libc_nano.a(lib_a-impure.o)
                0x10000014                _impure_ptr
 .data.impure_data
                0x10000018       0x60 c:/nxp/mcuxpressoide_11.2.1_4149/ide/plugins/com.nxp.mcuxpresso.tools.win32_11.2.0.202008311134/tools/bin/../lib/gcc/arm-none-eabi/9.2.1/../../../../arm-none-eabi/lib/thumb/v7-m/nofp\libc_nano.a(lib_a-impure.o)
 .data.__global_locale
                0x10000078      0x16c c:/nxp/mcuxpressoide_11.2.1_4149/ide/plugins/com.nxp.mcuxpresso.tools.win32_11.2.0.202008311134/tools/bin/../lib/gcc/arm-none-eabi/9.2.1/../../../../arm-none-eabi/lib/thumb/v7-m/nofp\libc_nano.a(lib_a-locale.o)
                0x10000078                __global_locale
                0x100001e4                . = ALIGN (0x4)
                0x100001e4                _edata = .
                [!provide]                PROVIDE (__end_data_RAM = .)
                [!provide]                PROVIDE (__end_data_RamLoc32 = .)

.igot.plt       0x100001e4        0x0 load address 0x000131ac
 .igot.plt      0x100001e4        0x0 ./src/IA_2021_V1.o

.bss_RAM2       0x2007c000        0x0
                [!provide]                PROVIDE (__start_bss_RAM2 = .)
                [!provide]                PROVIDE (__start_bss_Ram_USB = .)
 *(.bss.$RAM2)
 *(.bss.$Ram_USB)
 *(.bss.$RAM2.*)
 *(.bss.$Ram_USB.*)
                0x2007c000                . = ALIGN ((. != 0x0)?0x4:0x1)
                [!provide]                PROVIDE (__end_bss_RAM2 = .)
                [!provide]                PROVIDE (__end_bss_Ram_USB = .)

.bss_RAM3       0x2007c800     0x3000
                [!provide]                PROVIDE (__start_bss_RAM3 = .)
                [!provide]                PROVIDE (__start_bss_RAM3 = .)
 *(.bss.$RAM3)
 *(.bss.$RAM3)
 *(.bss.$RAM3.*)
 .bss.$RAM3.    0x2007c800     0x3000 ./src/IA_2021_V1.o
 *(.bss.$RAM3.*)
                0x2007f800                . = ALIGN ((. != 0x0)?0x4:0x1)
                [!provide]                PROVIDE (__end_bss_RAM3 = .)
                [!provide]                PROVIDE (__end_bss_RAM3 = .)

.bss            0x100001e4       0xc4
                0x100001e4                _bss = .
                [!provide]                PROVIDE (__start_bss_RAM = .)
                [!provide]                PROVIDE (__start_bss_RamLoc32 = .)
 *(.bss*)
 .bss.pxEnd     0x100001e4        0x4 C:\Robot\Robotic-System.git\trunk\TEST\Test_Workspace\0_Robot_Library\Release\lib0_Robot_Library.a(heap_5.o)
 .bss.xBlockAllocatedBit
                0x100001e8        0x4 C:\Robot\Robotic-System.git\trunk\TEST\Test_Workspace\0_Robot_Library\Release\lib0_Robot_Library.a(heap_5.o)
 .bss.xFreeBytesRemaining
                0x100001ec        0x4 C:\Robot\Robotic-System.git\trunk\TEST\Test_Workspace\0_Robot_Library\Release\lib0_Robot_Library.a(heap_5.o)
 .bss.xMinimumEverFreeBytesRemaining
                0x100001f0        0x4 C:\Robot\Robotic-System.git\trunk\TEST\Test_Workspace\0_Robot_Library\Release\lib0_Robot_Library.a(heap_5.o)
 .bss.xStart    0x100001f4        0x8 C:\Robot\Robotic-System.git\trunk\TEST\Test_Workspace\0_Robot_Library\Release\lib0_Robot_Library.a(heap_5.o)
 .bss.pxCurrentTCB
                0x100001fc        0x4 C:\Robot\Robotic-System.git\trunk\TEST\Test_Workspace\0_Robot_Library\Release\lib0_Robot_Library.a(tasks.o)
                0x100001fc                pxCurrentTCB
 .bss.pxDelayedTaskList
                0x10000200        0x4 C:\Robot\Robotic-System.git\trunk\TEST\Test_Workspace\0_Robot_Library\Release\lib0_Robot_Library.a(tasks.o)
 .bss.pxOverflowDelayedTaskList
                0x10000204        0x4 C:\Robot\Robotic-System.git\trunk\TEST\Test_Workspace\0_Robot_Library\Release\lib0_Robot_Library.a(tasks.o)
 .bss.pxReadyTasksLists
                0x10000208       0x64 C:\Robot\Robotic-System.git\trunk\TEST\Test_Workspace\0_Robot_Library\Release\lib0_Robot_Library.a(tasks.o)
 .bss.uxSchedulerSuspended
                0x1000026c        0x4 C:\Robot\Robotic-System.git\trunk\TEST\Test_Workspace\0_Robot_Library\Release\lib0_Robot_Library.a(tasks.o)
 .bss.uxTopReadyPriority
                0x10000270        0x4 C:\Robot\Robotic-System.git\trunk\TEST\Test_Workspace\0_Robot_Library\Release\lib0_Robot_Library.a(tasks.o)
 .bss.xNextTaskUnblockTime
                0x10000274        0x4 C:\Robot\Robotic-System.git\trunk\TEST\Test_Workspace\0_Robot_Library\Release\lib0_Robot_Library.a(tasks.o)
 .bss.xNumOfOverflows
                0x10000278        0x4 C:\Robot\Robotic-System.git\trunk\TEST\Test_Workspace\0_Robot_Library\Release\lib0_Robot_Library.a(tasks.o)
 .bss.xPendedTicks
                0x1000027c        0x4 C:\Robot\Robotic-System.git\trunk\TEST\Test_Workspace\0_Robot_Library\Release\lib0_Robot_Library.a(tasks.o)
 .bss.xTickCount
                0x10000280        0x4 C:\Robot\Robotic-System.git\trunk\TEST\Test_Workspace\0_Robot_Library\Release\lib0_Robot_Library.a(tasks.o)
 .bss.xYieldPending
                0x10000284        0x4 C:\Robot\Robotic-System.git\trunk\TEST\Test_Workspace\0_Robot_Library\Release\lib0_Robot_Library.a(tasks.o)
 .bss.__malloc_free_list
                0x10000288        0x4 c:/nxp/mcuxpressoide_11.2.1_4149/ide/plugins/com.nxp.mcuxpresso.tools.win32_11.2.0.202008311134/tools/bin/../lib/gcc/arm-none-eabi/9.2.1/../../../../arm-none-eabi/lib/thumb/v7-m/nofp\libc_nano.a(lib_a-nano-mallocr.o)
                0x10000288                __malloc_free_list
 .bss.__malloc_sbrk_start
                0x1000028c        0x4 c:/nxp/mcuxpressoide_11.2.1_4149/ide/plugins/com.nxp.mcuxpresso.tools.win32_11.2.0.202008311134/tools/bin/../lib/gcc/arm-none-eabi/9.2.1/../../../../arm-none-eabi/lib/thumb/v7-m/nofp\libc_nano.a(lib_a-nano-mallocr.o)
                0x1000028c                __malloc_sbrk_start
 .bss.__end_of_heap
                0x10000290        0x4 c:/nxp/mcuxpressoide_11.2.1_4149/ide/plugins/com.nxp.mcuxpresso.tools.win32_11.2.0.202008311134/tools/bin/../lib/gcc/arm-none-eabi/9.2.1/../../../../arm-none-eabi/lib/thumb/v7-m/nofp\libcr_newlib_none.a(_cr_sbrk.o)
                0x10000290                __end_of_heap
 *(COMMON)
 COMMON         0x10000294        0x4 C:\Robot\Robotic-System.git\trunk\TEST\Test_Workspace\0_lpc_chip_175x_6x\Release\lib0_lpc_chip_175x_6x.a(chip_17xx_40xx.o)
                0x10000294                SystemCoreClock
 COMMON         0x10000298        0x4 c:/nxp/mcuxpressoide_11.2.1_4149/ide/plugins/com.nxp.mcuxpresso.tools.win32_11.2.0.202008311134/tools/bin/../lib/gcc/arm-none-eabi/9.2.1/../../../../arm-none-eabi/lib/thumb/v7-m/nofp\libc_nano.a(lib_a-reent.o)
                0x10000298                errno
 COMMON         0x1000029c        0x9 c:/nxp/mcuxpressoide_11.2.1_4149/ide/plugins/com.nxp.mcuxpresso.tools.win32_11.2.0.202008311134/tools/bin/../lib/gcc/arm-none-eabi/9.2.1/../../../../arm-none-eabi/lib/thumb/v7-m/nofp\libc_nano.a(lib_a-lock.o)
                0x1000029c                __lock___atexit_recursive_mutex
                0x1000029d                __lock___arc4random_mutex
                0x1000029e                __lock___env_recursive_mutex
                0x1000029f                __lock___sinit_recursive_mutex
                0x100002a0                __lock___malloc_recursive_mutex
                0x100002a1                __lock___at_quick_exit_mutex
                0x100002a2                __lock___dd_hash_mutex
                0x100002a3                __lock___tz_mutex
                0x100002a4                __lock___sfp_recursive_mutex
                0x100002a8                . = ALIGN (0x4)
 *fill*         0x100002a5        0x3 
                0x100002a8                _ebss = .
                [!provide]                PROVIDE (__end_bss_RAM = .)
                [!provide]                PROVIDE (__end_bss_RamLoc32 = .)
                [!provide]                PROVIDE (end = .)

.noinit_RAM2    0x2007c000        0x0
                [!provide]                PROVIDE (__start_noinit_RAM2 = .)
                [!provide]                PROVIDE (__start_noinit_Ram_USB = .)
 *(.noinit.$RAM2)
 *(.noinit.$Ram_USB)
 *(.noinit.$RAM2.*)
 *(.noinit.$Ram_USB.*)
                0x2007c000                . = ALIGN (0x4)
                [!provide]                PROVIDE (__end_noinit_RAM2 = .)
                [!provide]                PROVIDE (__end_noinit_Ram_USB = .)

.noinit_RAM3    0x2007f800        0x0
                [!provide]                PROVIDE (__start_noinit_RAM3 = .)
                [!provide]                PROVIDE (__start_noinit_RAM3 = .)
 *(.noinit.$RAM3)
 *(.noinit.$RAM3)
 *(.noinit.$RAM3.*)
 *(.noinit.$RAM3.*)
                0x2007f800                . = ALIGN (0x4)
                [!provide]                PROVIDE (__end_noinit_RAM3 = .)
                [!provide]                PROVIDE (__end_noinit_RAM3 = .)

.noinit         0x100002a8        0x0
                0x100002a8                _noinit = .
                [!provide]                PROVIDE (__start_noinit_RAM = .)
                [!provide]                PROVIDE (__start_noinit_RamLoc32 = .)
 *(.noinit*)
                0x100002a8                . = ALIGN (0x4)
                0x100002a8                _end_noinit = .
                [!provide]                PROVIDE (__end_noinit_RAM = .)
                [!provide]                PROVIDE (__end_noinit_RamLoc32 = .)
                0x00000800                _HeapSize = 0x800

.heap           0x100002a8      0x800
                0x100002a8                _pvHeapStart = .
                0x10000aa8                . = (. + _HeapSize)
 *fill*         0x100002a8      0x800 
                0x10000aa8                . = ALIGN (0x4)
                0x10000aa8                _pvHeapLimit = .
                0x00000800                _StackSize = 0x800

.heap2stackfill
                0x10000aa8      0x800
                0x100012a8                . = (. + _StackSize)
 *fill*         0x10000aa8      0x800 

.stack          0x10007800        0x0
                0x10007800                _vStackBase = .
                0x10007800                . = ALIGN (0x4)
                0x10008000                _vStackTop = (. + _StackSize)
                [!provide]                PROVIDE (__valid_user_code_checksum = (0x0 - ((((((_vStackTop + (ResetISR + 0x1)) + (NMI_Handler + 0x1)) + (HardFault_Handler + 0x1)) + (DEFINED (MemManage_Handler)?MemManage_Handler:0x0 + 0x1)) + (DEFINED (BusFault_Handler)?BusFault_Handler:0x0 + 0x1)) + (DEFINED (UsageFault_Handler)?UsageFault_Handler:0x0 + 0x1))))
                0x00010000                _image_start = LOADADDR (.text)
                0x000131ac                _image_end = (LOADADDR (.data) + SIZEOF (.data))
                0x000031ac                _image_size = (_image_end - _image_start)
OUTPUT(IA_2021_V1.axf elf32-littlearm)

.debug_info     0x00000000     0xb5c1
 .debug_info    0x00000000      0xcfe ./src/IA_2021_V1.o
 .debug_info    0x00000cfe      0x2d4 ./src/cr_startup_lpc175x_6x.o
 .debug_info    0x00000fd2      0x642 C:\Robot\Robotic-System.git\trunk\TEST\Test_Workspace\0_lpc_chip_175x_6x\Release\lib0_lpc_chip_175x_6x.a(chip_17xx_40xx.o)
 .debug_info    0x00001614      0xe8f C:\Robot\Robotic-System.git\trunk\TEST\Test_Workspace\0_lpc_chip_175x_6x\Release\lib0_lpc_chip_175x_6x.a(clock_17xx_40xx.o)
 .debug_info    0x000024a3      0x89e C:\Robot\Robotic-System.git\trunk\TEST\Test_Workspace\0_lpc_chip_175x_6x\Release\lib0_lpc_chip_175x_6x.a(sysinit_17xx_40xx.o)
 .debug_info    0x00002d41     0x2769 C:\Robot\Robotic-System.git\trunk\TEST\Test_Workspace\0_lpc_board_nxp_lpcxpresso_1769\Release\lib0_lpc_board_nxp_lpcxpresso_1769.a(board.o)
 .debug_info    0x000054aa      0xebb C:\Robot\Robotic-System.git\trunk\TEST\Test_Workspace\0_Robot_Library\Release\lib0_Robot_Library.a(heap_5.o)
 .debug_info    0x00006365      0xd07 C:\Robot\Robotic-System.git\trunk\TEST\Test_Workspace\0_Robot_Library\Release\lib0_Robot_Library.a(port.o)
 .debug_info    0x0000706c     0x2e5a C:\Robot\Robotic-System.git\trunk\TEST\Test_Workspace\0_Robot_Library\Release\lib0_Robot_Library.a(tasks.o)
 .debug_info    0x00009ec6      0xb10 C:\Robot\Robotic-System.git\trunk\TEST\Test_Workspace\0_Robot_Library\Release\lib0_Robot_Library.a(FreeRTOSCommonHooks.o)
 .debug_info    0x0000a9d6      0xbeb C:\Robot\Robotic-System.git\trunk\TEST\Test_Workspace\0_Robot_Library\Release\lib0_Robot_Library.a(list.o)

.debug_abbrev   0x00000000     0x1fd0
 .debug_abbrev  0x00000000      0x25b ./src/IA_2021_V1.o
 .debug_abbrev  0x0000025b      0x134 ./src/cr_startup_lpc175x_6x.o
 .debug_abbrev  0x0000038f      0x1e7 C:\Robot\Robotic-System.git\trunk\TEST\Test_Workspace\0_lpc_chip_175x_6x\Release\lib0_lpc_chip_175x_6x.a(chip_17xx_40xx.o)
 .debug_abbrev  0x00000576      0x41d C:\Robot\Robotic-System.git\trunk\TEST\Test_Workspace\0_lpc_chip_175x_6x\Release\lib0_lpc_chip_175x_6x.a(clock_17xx_40xx.o)
 .debug_abbrev  0x00000993      0x294 C:\Robot\Robotic-System.git\trunk\TEST\Test_Workspace\0_lpc_chip_175x_6x\Release\lib0_lpc_chip_175x_6x.a(sysinit_17xx_40xx.o)
 .debug_abbrev  0x00000c27      0x521 C:\Robot\Robotic-System.git\trunk\TEST\Test_Workspace\0_lpc_board_nxp_lpcxpresso_1769\Release\lib0_lpc_board_nxp_lpcxpresso_1769.a(board.o)
 .debug_abbrev  0x00001148      0x2ee C:\Robot\Robotic-System.git\trunk\TEST\Test_Workspace\0_Robot_Library\Release\lib0_Robot_Library.a(heap_5.o)
 .debug_abbrev  0x00001436      0x334 C:\Robot\Robotic-System.git\trunk\TEST\Test_Workspace\0_Robot_Library\Release\lib0_Robot_Library.a(port.o)
 .debug_abbrev  0x0000176a      0x3d6 C:\Robot\Robotic-System.git\trunk\TEST\Test_Workspace\0_Robot_Library\Release\lib0_Robot_Library.a(tasks.o)
 .debug_abbrev  0x00001b40      0x285 C:\Robot\Robotic-System.git\trunk\TEST\Test_Workspace\0_Robot_Library\Release\lib0_Robot_Library.a(FreeRTOSCommonHooks.o)
 .debug_abbrev  0x00001dc5      0x20b C:\Robot\Robotic-System.git\trunk\TEST\Test_Workspace\0_Robot_Library\Release\lib0_Robot_Library.a(list.o)

.debug_aranges  0x00000000      0x5a8
 .debug_aranges
                0x00000000       0x30 ./src/IA_2021_V1.o
 .debug_aranges
                0x00000030       0x80 ./src/cr_startup_lpc175x_6x.o
 .debug_aranges
                0x000000b0       0x28 C:\Robot\Robotic-System.git\trunk\TEST\Test_Workspace\0_lpc_chip_175x_6x\Release\lib0_lpc_chip_175x_6x.a(chip_17xx_40xx.o)
 .debug_aranges
                0x000000d8       0xc8 C:\Robot\Robotic-System.git\trunk\TEST\Test_Workspace\0_lpc_chip_175x_6x\Release\lib0_lpc_chip_175x_6x.a(clock_17xx_40xx.o)
 .debug_aranges
                0x000001a0       0x30 C:\Robot\Robotic-System.git\trunk\TEST\Test_Workspace\0_lpc_chip_175x_6x\Release\lib0_lpc_chip_175x_6x.a(sysinit_17xx_40xx.o)
 .debug_aranges
                0x000001d0       0xc8 C:\Robot\Robotic-System.git\trunk\TEST\Test_Workspace\0_lpc_board_nxp_lpcxpresso_1769\Release\lib0_lpc_board_nxp_lpcxpresso_1769.a(board.o)
 .debug_aranges
                0x00000298       0x50 C:\Robot\Robotic-System.git\trunk\TEST\Test_Workspace\0_Robot_Library\Release\lib0_Robot_Library.a(heap_5.o)
 .debug_aranges
                0x000002e8       0x70 C:\Robot\Robotic-System.git\trunk\TEST\Test_Workspace\0_Robot_Library\Release\lib0_Robot_Library.a(port.o)
 .debug_aranges
                0x00000358      0x1d0 C:\Robot\Robotic-System.git\trunk\TEST\Test_Workspace\0_Robot_Library\Release\lib0_Robot_Library.a(tasks.o)
 .debug_aranges
                0x00000528       0x40 C:\Robot\Robotic-System.git\trunk\TEST\Test_Workspace\0_Robot_Library\Release\lib0_Robot_Library.a(FreeRTOSCommonHooks.o)
 .debug_aranges
                0x00000568       0x40 C:\Robot\Robotic-System.git\trunk\TEST\Test_Workspace\0_Robot_Library\Release\lib0_Robot_Library.a(list.o)

.debug_ranges   0x00000000      0x8f0
 .debug_ranges  0x00000000       0x20 ./src/IA_2021_V1.o
 .debug_ranges  0x00000020       0x70 ./src/cr_startup_lpc175x_6x.o
 .debug_ranges  0x00000090       0x30 C:\Robot\Robotic-System.git\trunk\TEST\Test_Workspace\0_lpc_chip_175x_6x\Release\lib0_lpc_chip_175x_6x.a(chip_17xx_40xx.o)
 .debug_ranges  0x000000c0      0x198 C:\Robot\Robotic-System.git\trunk\TEST\Test_Workspace\0_lpc_chip_175x_6x\Release\lib0_lpc_chip_175x_6x.a(clock_17xx_40xx.o)
 .debug_ranges  0x00000258       0x90 C:\Robot\Robotic-System.git\trunk\TEST\Test_Workspace\0_lpc_chip_175x_6x\Release\lib0_lpc_chip_175x_6x.a(sysinit_17xx_40xx.o)
 .debug_ranges  0x000002e8      0x260 C:\Robot\Robotic-System.git\trunk\TEST\Test_Workspace\0_lpc_board_nxp_lpcxpresso_1769\Release\lib0_lpc_board_nxp_lpcxpresso_1769.a(board.o)
 .debug_ranges  0x00000548       0x40 C:\Robot\Robotic-System.git\trunk\TEST\Test_Workspace\0_Robot_Library\Release\lib0_Robot_Library.a(heap_5.o)
 .debug_ranges  0x00000588       0x60 C:\Robot\Robotic-System.git\trunk\TEST\Test_Workspace\0_Robot_Library\Release\lib0_Robot_Library.a(port.o)
 .debug_ranges  0x000005e8      0x2a8 C:\Robot\Robotic-System.git\trunk\TEST\Test_Workspace\0_Robot_Library\Release\lib0_Robot_Library.a(tasks.o)
 .debug_ranges  0x00000890       0x30 C:\Robot\Robotic-System.git\trunk\TEST\Test_Workspace\0_Robot_Library\Release\lib0_Robot_Library.a(FreeRTOSCommonHooks.o)
 .debug_ranges  0x000008c0       0x30 C:\Robot\Robotic-System.git\trunk\TEST\Test_Workspace\0_Robot_Library\Release\lib0_Robot_Library.a(list.o)

.debug_line     0x00000000     0x5b54
 .debug_line    0x00000000      0x48c ./src/IA_2021_V1.o
 .debug_line    0x0000048c      0x27e ./src/cr_startup_lpc175x_6x.o
 .debug_line    0x0000070a      0x2db C:\Robot\Robotic-System.git\trunk\TEST\Test_Workspace\0_lpc_chip_175x_6x\Release\lib0_lpc_chip_175x_6x.a(chip_17xx_40xx.o)
 .debug_line    0x000009e5      0x788 C:\Robot\Robotic-System.git\trunk\TEST\Test_Workspace\0_lpc_chip_175x_6x\Release\lib0_lpc_chip_175x_6x.a(clock_17xx_40xx.o)
 .debug_line    0x0000116d      0x4ce C:\Robot\Robotic-System.git\trunk\TEST\Test_Workspace\0_lpc_chip_175x_6x\Release\lib0_lpc_chip_175x_6x.a(sysinit_17xx_40xx.o)
 .debug_line    0x0000163b      0xd33 C:\Robot\Robotic-System.git\trunk\TEST\Test_Workspace\0_lpc_board_nxp_lpcxpresso_1769\Release\lib0_lpc_board_nxp_lpcxpresso_1769.a(board.o)
 .debug_line    0x0000236e      0x895 C:\Robot\Robotic-System.git\trunk\TEST\Test_Workspace\0_Robot_Library\Release\lib0_Robot_Library.a(heap_5.o)
 .debug_line    0x00002c03      0x5ef C:\Robot\Robotic-System.git\trunk\TEST\Test_Workspace\0_Robot_Library\Release\lib0_Robot_Library.a(port.o)
 .debug_line    0x000031f2     0x1f61 C:\Robot\Robotic-System.git\trunk\TEST\Test_Workspace\0_Robot_Library\Release\lib0_Robot_Library.a(tasks.o)
 .debug_line    0x00005153      0x45e C:\Robot\Robotic-System.git\trunk\TEST\Test_Workspace\0_Robot_Library\Release\lib0_Robot_Library.a(FreeRTOSCommonHooks.o)
 .debug_line    0x000055b1      0x5a3 C:\Robot\Robotic-System.git\trunk\TEST\Test_Workspace\0_Robot_Library\Release\lib0_Robot_Library.a(list.o)

.debug_str      0x00000000     0x3435
 .debug_str     0x00000000      0x898 ./src/IA_2021_V1.o
                                0x956 (size before relaxing)
 .debug_str     0x00000898      0x18e ./src/cr_startup_lpc175x_6x.o
                                0x2d0 (size before relaxing)
 .debug_str     0x00000a26      0x5da C:\Robot\Robotic-System.git\trunk\TEST\Test_Workspace\0_lpc_chip_175x_6x\Release\lib0_lpc_chip_175x_6x.a(chip_17xx_40xx.o)
                                0x883 (size before relaxing)
 .debug_str     0x00001000      0x7ed C:\Robot\Robotic-System.git\trunk\TEST\Test_Workspace\0_lpc_chip_175x_6x\Release\lib0_lpc_chip_175x_6x.a(clock_17xx_40xx.o)
                                0xe9d (size before relaxing)
 .debug_str     0x000017ed       0xfb C:\Robot\Robotic-System.git\trunk\TEST\Test_Workspace\0_lpc_chip_175x_6x\Release\lib0_lpc_chip_175x_6x.a(sysinit_17xx_40xx.o)
                                0x736 (size before relaxing)
 .debug_str     0x000018e8      0x8c4 C:\Robot\Robotic-System.git\trunk\TEST\Test_Workspace\0_lpc_board_nxp_lpcxpresso_1769\Release\lib0_lpc_board_nxp_lpcxpresso_1769.a(board.o)
                                0xfd0 (size before relaxing)
 .debug_str     0x000021ac      0x394 C:\Robot\Robotic-System.git\trunk\TEST\Test_Workspace\0_Robot_Library\Release\lib0_Robot_Library.a(heap_5.o)
                                0xa0f (size before relaxing)
 .debug_str     0x00002540      0x190 C:\Robot\Robotic-System.git\trunk\TEST\Test_Workspace\0_Robot_Library\Release\lib0_Robot_Library.a(port.o)
                                0x9bb (size before relaxing)
 .debug_str     0x000026d0      0xc7e C:\Robot\Robotic-System.git\trunk\TEST\Test_Workspace\0_Robot_Library\Release\lib0_Robot_Library.a(tasks.o)
                               0x164b (size before relaxing)
 .debug_str     0x0000334e       0x93 C:\Robot\Robotic-System.git\trunk\TEST\Test_Workspace\0_Robot_Library\Release\lib0_Robot_Library.a(FreeRTOSCommonHooks.o)
                                0x777 (size before relaxing)
 .debug_str     0x000033e1       0x54 C:\Robot\Robotic-System.git\trunk\TEST\Test_Workspace\0_Robot_Library\Release\lib0_Robot_Library.a(list.o)
                                0x7ae (size before relaxing)

.comment        0x00000000       0x79
 .comment       0x00000000       0x79 ./src/IA_2021_V1.o
                                 0x7a (size before relaxing)
 .comment       0x00000079       0x7a ./src/cr_startup_lpc175x_6x.o
 .comment       0x00000079       0x7a C:\Robot\Robotic-System.git\trunk\TEST\Test_Workspace\0_lpc_chip_175x_6x\Release\lib0_lpc_chip_175x_6x.a(chip_17xx_40xx.o)
 .comment       0x00000079       0x7a C:\Robot\Robotic-System.git\trunk\TEST\Test_Workspace\0_lpc_chip_175x_6x\Release\lib0_lpc_chip_175x_6x.a(clock_17xx_40xx.o)
 .comment       0x00000079       0x7a C:\Robot\Robotic-System.git\trunk\TEST\Test_Workspace\0_lpc_chip_175x_6x\Release\lib0_lpc_chip_175x_6x.a(sysinit_17xx_40xx.o)
 .comment       0x00000079       0x7a C:\Robot\Robotic-System.git\trunk\TEST\Test_Workspace\0_lpc_board_nxp_lpcxpresso_1769\Release\lib0_lpc_board_nxp_lpcxpresso_1769.a(board.o)
 .comment       0x00000079       0x7a C:\Robot\Robotic-System.git\trunk\TEST\Test_Workspace\0_Robot_Library\Release\lib0_Robot_Library.a(heap_5.o)
 .comment       0x00000079       0x7a C:\Robot\Robotic-System.git\trunk\TEST\Test_Workspace\0_Robot_Library\Release\lib0_Robot_Library.a(port.o)
 .comment       0x00000079       0x7a C:\Robot\Robotic-System.git\trunk\TEST\Test_Workspace\0_Robot_Library\Release\lib0_Robot_Library.a(tasks.o)
 .comment       0x00000079       0x7a C:\Robot\Robotic-System.git\trunk\TEST\Test_Workspace\0_Robot_Library\Release\lib0_Robot_Library.a(FreeRTOSCommonHooks.o)
 .comment       0x00000079       0x7a C:\Robot\Robotic-System.git\trunk\TEST\Test_Workspace\0_Robot_Library\Release\lib0_Robot_Library.a(list.o)
 .comment       0x00000079       0x7a c:/nxp/mcuxpressoide_11.2.1_4149/ide/plugins/com.nxp.mcuxpresso.tools.win32_11.2.0.202008311134/tools/bin/../lib/gcc/arm-none-eabi/9.2.1/../../../../arm-none-eabi/lib/thumb/v7-m/nofp\libcr_newlib_none.a(_cr_sbrk.o)
 .comment       0x00000079       0x7a c:/nxp/mcuxpressoide_11.2.1_4149/ide/plugins/com.nxp.mcuxpresso.tools.win32_11.2.0.202008311134/tools/bin/../lib/gcc/arm-none-eabi/9.2.1/../../../../arm-none-eabi/lib/thumb/v7-m/nofp\libcr_newlib_none.a(_cr_check_heap.o)

.ARM.attributes
                0x00000000       0x2b
 .ARM.attributes
                0x00000000       0x2d ./src/IA_2021_V1.o
 .ARM.attributes
                0x0000002d       0x2d ./src/cr_startup_lpc175x_6x.o
 .ARM.attributes
                0x0000005a       0x2d C:\Robot\Robotic-System.git\trunk\TEST\Test_Workspace\0_lpc_chip_175x_6x\Release\lib0_lpc_chip_175x_6x.a(chip_17xx_40xx.o)
 .ARM.attributes
                0x00000087       0x2d C:\Robot\Robotic-System.git\trunk\TEST\Test_Workspace\0_lpc_chip_175x_6x\Release\lib0_lpc_chip_175x_6x.a(clock_17xx_40xx.o)
 .ARM.attributes
                0x000000b4       0x2d C:\Robot\Robotic-System.git\trunk\TEST\Test_Workspace\0_lpc_chip_175x_6x\Release\lib0_lpc_chip_175x_6x.a(sysinit_17xx_40xx.o)
 .ARM.attributes
                0x000000e1       0x2d C:\Robot\Robotic-System.git\trunk\TEST\Test_Workspace\0_lpc_board_nxp_lpcxpresso_1769\Release\lib0_lpc_board_nxp_lpcxpresso_1769.a(board.o)
 .ARM.attributes
                0x0000010e       0x2d C:\Robot\Robotic-System.git\trunk\TEST\Test_Workspace\0_Robot_Library\Release\lib0_Robot_Library.a(heap_5.o)
 .ARM.attributes
                0x0000013b       0x2d C:\Robot\Robotic-System.git\trunk\TEST\Test_Workspace\0_Robot_Library\Release\lib0_Robot_Library.a(port.o)
 .ARM.attributes
                0x00000168       0x2d C:\Robot\Robotic-System.git\trunk\TEST\Test_Workspace\0_Robot_Library\Release\lib0_Robot_Library.a(tasks.o)
 .ARM.attributes
                0x00000195       0x2d C:\Robot\Robotic-System.git\trunk\TEST\Test_Workspace\0_Robot_Library\Release\lib0_Robot_Library.a(FreeRTOSCommonHooks.o)
 .ARM.attributes
                0x000001c2       0x2d C:\Robot\Robotic-System.git\trunk\TEST\Test_Workspace\0_Robot_Library\Release\lib0_Robot_Library.a(list.o)
 .ARM.attributes
                0x000001ef       0x2d c:/nxp/mcuxpressoide_11.2.1_4149/ide/plugins/com.nxp.mcuxpresso.tools.win32_11.2.0.202008311134/tools/bin/../lib/gcc/arm-none-eabi/9.2.1/../../../../arm-none-eabi/lib/thumb/v7-m/nofp\libc_nano.a(lib_a-memcpy-stub.o)
 .ARM.attributes
                0x0000021c       0x2d c:/nxp/mcuxpressoide_11.2.1_4149/ide/plugins/com.nxp.mcuxpresso.tools.win32_11.2.0.202008311134/tools/bin/../lib/gcc/arm-none-eabi/9.2.1/../../../../arm-none-eabi/lib/thumb/v7-m/nofp\libc_nano.a(lib_a-memset.o)
 .ARM.attributes
                0x00000249       0x2d c:/nxp/mcuxpressoide_11.2.1_4149/ide/plugins/com.nxp.mcuxpresso.tools.win32_11.2.0.202008311134/tools/bin/../lib/gcc/arm-none-eabi/9.2.1/../../../../arm-none-eabi/lib/thumb/v7-m/nofp\libc_nano.a(lib_a-nano-vfprintf_float.o)
 .ARM.attributes
                0x00000276       0x2d c:/nxp/mcuxpressoide_11.2.1_4149/ide/plugins/com.nxp.mcuxpresso.tools.win32_11.2.0.202008311134/tools/bin/../lib/gcc/arm-none-eabi/9.2.1/../../../../arm-none-eabi/lib/thumb/v7-m/nofp\libc_nano.a(lib_a-nano-vfprintf_i.o)
 .ARM.attributes
                0x000002a3       0x17 c:/nxp/mcuxpressoide_11.2.1_4149/ide/plugins/com.nxp.mcuxpresso.tools.win32_11.2.0.202008311134/tools/bin/../lib/gcc/arm-none-eabi/9.2.1/../../../../arm-none-eabi/lib/thumb/v7-m/nofp\libc_nano.a(lib_a-strlen.o)
 .ARM.attributes
                0x000002ba       0x2d c:/nxp/mcuxpressoide_11.2.1_4149/ide/plugins/com.nxp.mcuxpresso.tools.win32_11.2.0.202008311134/tools/bin/../lib/gcc/arm-none-eabi/9.2.1/../../../../arm-none-eabi/lib/thumb/v7-m/nofp\libc_nano.a(lib_a-dtoa.o)
 .ARM.attributes
                0x000002e7       0x2d c:/nxp/mcuxpressoide_11.2.1_4149/ide/plugins/com.nxp.mcuxpresso.tools.win32_11.2.0.202008311134/tools/bin/../lib/gcc/arm-none-eabi/9.2.1/../../../../arm-none-eabi/lib/thumb/v7-m/nofp\libc_nano.a(lib_a-localeconv.o)
 .ARM.attributes
                0x00000314       0x2d c:/nxp/mcuxpressoide_11.2.1_4149/ide/plugins/com.nxp.mcuxpresso.tools.win32_11.2.0.202008311134/tools/bin/../lib/gcc/arm-none-eabi/9.2.1/../../../../arm-none-eabi/lib/thumb/v7-m/nofp\libc_nano.a(lib_a-malloc.o)
 .ARM.attributes
                0x00000341       0x2d c:/nxp/mcuxpressoide_11.2.1_4149/ide/plugins/com.nxp.mcuxpresso.tools.win32_11.2.0.202008311134/tools/bin/../lib/gcc/arm-none-eabi/9.2.1/../../../../arm-none-eabi/lib/thumb/v7-m/nofp\libc_nano.a(lib_a-mprec.o)
 .ARM.attributes
                0x0000036e       0x2d c:/nxp/mcuxpressoide_11.2.1_4149/ide/plugins/com.nxp.mcuxpresso.tools.win32_11.2.0.202008311134/tools/bin/../lib/gcc/arm-none-eabi/9.2.1/../../../../arm-none-eabi/lib/thumb/v7-m/nofp\libc_nano.a(lib_a-nano-callocr.o)
 .ARM.attributes
                0x0000039b       0x2d c:/nxp/mcuxpressoide_11.2.1_4149/ide/plugins/com.nxp.mcuxpresso.tools.win32_11.2.0.202008311134/tools/bin/../lib/gcc/arm-none-eabi/9.2.1/../../../../arm-none-eabi/lib/thumb/v7-m/nofp\libc_nano.a(lib_a-nano-mallocr.o)
 .ARM.attributes
                0x000003c8       0x2d c:/nxp/mcuxpressoide_11.2.1_4149/ide/plugins/com.nxp.mcuxpresso.tools.win32_11.2.0.202008311134/tools/bin/../lib/gcc/arm-none-eabi/9.2.1/../../../../arm-none-eabi/lib/thumb/v7-m/nofp\libc_nano.a(lib_a-sbrkr.o)
 .ARM.attributes
                0x000003f5       0x2d c:/nxp/mcuxpressoide_11.2.1_4149/ide/plugins/com.nxp.mcuxpresso.tools.win32_11.2.0.202008311134/tools/bin/../lib/gcc/arm-none-eabi/9.2.1/../../../../arm-none-eabi/lib/thumb/v7-m/nofp\libc_nano.a(lib_a-impure.o)
 .ARM.attributes
                0x00000422       0x2d c:/nxp/mcuxpressoide_11.2.1_4149/ide/plugins/com.nxp.mcuxpresso.tools.win32_11.2.0.202008311134/tools/bin/../lib/gcc/arm-none-eabi/9.2.1/../../../../arm-none-eabi/lib/thumb/v7-m/nofp\libc_nano.a(lib_a-locale.o)
 .ARM.attributes
                0x0000044f       0x2d c:/nxp/mcuxpressoide_11.2.1_4149/ide/plugins/com.nxp.mcuxpresso.tools.win32_11.2.0.202008311134/tools/bin/../lib/gcc/arm-none-eabi/9.2.1/../../../../arm-none-eabi/lib/thumb/v7-m/nofp\libc_nano.a(lib_a-mbtowc_r.o)
 .ARM.attributes
                0x0000047c       0x2d c:/nxp/mcuxpressoide_11.2.1_4149/ide/plugins/com.nxp.mcuxpresso.tools.win32_11.2.0.202008311134/tools/bin/../lib/gcc/arm-none-eabi/9.2.1/../../../../arm-none-eabi/lib/thumb/v7-m/nofp\libc_nano.a(lib_a-mlock.o)
 .ARM.attributes
                0x000004a9       0x2d c:/nxp/mcuxpressoide_11.2.1_4149/ide/plugins/com.nxp.mcuxpresso.tools.win32_11.2.0.202008311134/tools/bin/../lib/gcc/arm-none-eabi/9.2.1/../../../../arm-none-eabi/lib/thumb/v7-m/nofp\libc_nano.a(lib_a-reent.o)
 .ARM.attributes
                0x000004d6       0x2d c:/nxp/mcuxpressoide_11.2.1_4149/ide/plugins/com.nxp.mcuxpresso.tools.win32_11.2.0.202008311134/tools/bin/../lib/gcc/arm-none-eabi/9.2.1/../../../../arm-none-eabi/lib/thumb/v7-m/nofp\libc_nano.a(lib_a-wctomb_r.o)
 .ARM.attributes
                0x00000503       0x2d c:/nxp/mcuxpressoide_11.2.1_4149/ide/plugins/com.nxp.mcuxpresso.tools.win32_11.2.0.202008311134/tools/bin/../lib/gcc/arm-none-eabi/9.2.1/../../../../arm-none-eabi/lib/thumb/v7-m/nofp\libc_nano.a(lib_a-ctype_.o)
 .ARM.attributes
                0x00000530       0x2d c:/nxp/mcuxpressoide_11.2.1_4149/ide/plugins/com.nxp.mcuxpresso.tools.win32_11.2.0.202008311134/tools/bin/../lib/gcc/arm-none-eabi/9.2.1/../../../../arm-none-eabi/lib/thumb/v7-m/nofp\libc_nano.a(lib_a-lock.o)
 .ARM.attributes
                0x0000055d       0x2d c:/nxp/mcuxpressoide_11.2.1_4149/ide/plugins/com.nxp.mcuxpresso.tools.win32_11.2.0.202008311134/tools/bin/../lib/gcc/arm-none-eabi/9.2.1/../../../../arm-none-eabi/lib/thumb/v7-m/nofp\libcr_newlib_none.a(_cr_sbrk.o)
 .ARM.attributes
                0x0000058a       0x2d c:/nxp/mcuxpressoide_11.2.1_4149/ide/plugins/com.nxp.mcuxpresso.tools.win32_11.2.0.202008311134/tools/bin/../lib/gcc/arm-none-eabi/9.2.1/../../../../arm-none-eabi/lib/thumb/v7-m/nofp\libcr_newlib_none.a(_cr_check_heap.o)
 .ARM.attributes
                0x000005b7       0x1d c:/nxp/mcuxpressoide_11.2.1_4149/ide/plugins/com.nxp.mcuxpresso.tools.win32_11.2.0.202008311134/tools/bin/../lib/gcc/arm-none-eabi/9.2.1/thumb/v7-m/nofp\libgcc.a(_arm_addsubdf3.o)
 .ARM.attributes
                0x000005d4       0x1d c:/nxp/mcuxpressoide_11.2.1_4149/ide/plugins/com.nxp.mcuxpresso.tools.win32_11.2.0.202008311134/tools/bin/../lib/gcc/arm-none-eabi/9.2.1/thumb/v7-m/nofp\libgcc.a(_arm_muldivdf3.o)
 .ARM.attributes
                0x000005f1       0x1d c:/nxp/mcuxpressoide_11.2.1_4149/ide/plugins/com.nxp.mcuxpresso.tools.win32_11.2.0.202008311134/tools/bin/../lib/gcc/arm-none-eabi/9.2.1/thumb/v7-m/nofp\libgcc.a(_arm_cmpdf2.o)
 .ARM.attributes
                0x0000060e       0x1d c:/nxp/mcuxpressoide_11.2.1_4149/ide/plugins/com.nxp.mcuxpresso.tools.win32_11.2.0.202008311134/tools/bin/../lib/gcc/arm-none-eabi/9.2.1/thumb/v7-m/nofp\libgcc.a(_arm_unorddf2.o)
 .ARM.attributes
                0x0000062b       0x1d c:/nxp/mcuxpressoide_11.2.1_4149/ide/plugins/com.nxp.mcuxpresso.tools.win32_11.2.0.202008311134/tools/bin/../lib/gcc/arm-none-eabi/9.2.1/thumb/v7-m/nofp\libgcc.a(_arm_fixdfsi.o)
 .ARM.attributes
                0x00000648       0x2d c:/nxp/mcuxpressoide_11.2.1_4149/ide/plugins/com.nxp.mcuxpresso.tools.win32_11.2.0.202008311134/tools/bin/../lib/gcc/arm-none-eabi/9.2.1/../../../../arm-none-eabi/lib/thumb/v7-m/nofp\libc_nano.a(lib_a-errno.o)

.debug_frame    0x00000000     0x16c8
 .debug_frame   0x00000000       0x58 ./src/IA_2021_V1.o
 .debug_frame   0x00000058       0xf4 ./src/cr_startup_lpc175x_6x.o
 .debug_frame   0x0000014c       0x44 C:\Robot\Robotic-System.git\trunk\TEST\Test_Workspace\0_lpc_chip_175x_6x\Release\lib0_lpc_chip_175x_6x.a(chip_17xx_40xx.o)
 .debug_frame   0x00000190      0x1b4 C:\Robot\Robotic-System.git\trunk\TEST\Test_Workspace\0_lpc_chip_175x_6x\Release\lib0_lpc_chip_175x_6x.a(clock_17xx_40xx.o)
 .debug_frame   0x00000344       0x70 C:\Robot\Robotic-System.git\trunk\TEST\Test_Workspace\0_lpc_chip_175x_6x\Release\lib0_lpc_chip_175x_6x.a(sysinit_17xx_40xx.o)
 .debug_frame   0x000003b4      0x1d4 C:\Robot\Robotic-System.git\trunk\TEST\Test_Workspace\0_lpc_board_nxp_lpcxpresso_1769\Release\lib0_lpc_board_nxp_lpcxpresso_1769.a(board.o)
 .debug_frame   0x00000588       0xd0 C:\Robot\Robotic-System.git\trunk\TEST\Test_Workspace\0_Robot_Library\Release\lib0_Robot_Library.a(heap_5.o)
 .debug_frame   0x00000658       0xd8 C:\Robot\Robotic-System.git\trunk\TEST\Test_Workspace\0_Robot_Library\Release\lib0_Robot_Library.a(port.o)
 .debug_frame   0x00000730      0x598 C:\Robot\Robotic-System.git\trunk\TEST\Test_Workspace\0_Robot_Library\Release\lib0_Robot_Library.a(tasks.o)
 .debug_frame   0x00000cc8       0x70 C:\Robot\Robotic-System.git\trunk\TEST\Test_Workspace\0_Robot_Library\Release\lib0_Robot_Library.a(FreeRTOSCommonHooks.o)
 .debug_frame   0x00000d38       0x70 C:\Robot\Robotic-System.git\trunk\TEST\Test_Workspace\0_Robot_Library\Release\lib0_Robot_Library.a(list.o)
 .debug_frame   0x00000da8       0x28 c:/nxp/mcuxpressoide_11.2.1_4149/ide/plugins/com.nxp.mcuxpresso.tools.win32_11.2.0.202008311134/tools/bin/../lib/gcc/arm-none-eabi/9.2.1/../../../../arm-none-eabi/lib/thumb/v7-m/nofp\libc_nano.a(lib_a-memcpy-stub.o)
 .debug_frame   0x00000dd0       0x20 c:/nxp/mcuxpressoide_11.2.1_4149/ide/plugins/com.nxp.mcuxpresso.tools.win32_11.2.0.202008311134/tools/bin/../lib/gcc/arm-none-eabi/9.2.1/../../../../arm-none-eabi/lib/thumb/v7-m/nofp\libc_nano.a(lib_a-memset.o)
 .debug_frame   0x00000df0       0x94 c:/nxp/mcuxpressoide_11.2.1_4149/ide/plugins/com.nxp.mcuxpresso.tools.win32_11.2.0.202008311134/tools/bin/../lib/gcc/arm-none-eabi/9.2.1/../../../../arm-none-eabi/lib/thumb/v7-m/nofp\libc_nano.a(lib_a-nano-vfprintf_float.o)
 .debug_frame   0x00000e84       0x60 c:/nxp/mcuxpressoide_11.2.1_4149/ide/plugins/com.nxp.mcuxpresso.tools.win32_11.2.0.202008311134/tools/bin/../lib/gcc/arm-none-eabi/9.2.1/../../../../arm-none-eabi/lib/thumb/v7-m/nofp\libc_nano.a(lib_a-nano-vfprintf_i.o)
 .debug_frame   0x00000ee4       0x6c c:/nxp/mcuxpressoide_11.2.1_4149/ide/plugins/com.nxp.mcuxpresso.tools.win32_11.2.0.202008311134/tools/bin/../lib/gcc/arm-none-eabi/9.2.1/../../../../arm-none-eabi/lib/thumb/v7-m/nofp\libc_nano.a(lib_a-dtoa.o)
 .debug_frame   0x00000f50       0x40 c:/nxp/mcuxpressoide_11.2.1_4149/ide/plugins/com.nxp.mcuxpresso.tools.win32_11.2.0.202008311134/tools/bin/../lib/gcc/arm-none-eabi/9.2.1/../../../../arm-none-eabi/lib/thumb/v7-m/nofp\libc_nano.a(lib_a-localeconv.o)
 .debug_frame   0x00000f90       0x30 c:/nxp/mcuxpressoide_11.2.1_4149/ide/plugins/com.nxp.mcuxpresso.tools.win32_11.2.0.202008311134/tools/bin/../lib/gcc/arm-none-eabi/9.2.1/../../../../arm-none-eabi/lib/thumb/v7-m/nofp\libc_nano.a(lib_a-malloc.o)
 .debug_frame   0x00000fc0      0x254 c:/nxp/mcuxpressoide_11.2.1_4149/ide/plugins/com.nxp.mcuxpresso.tools.win32_11.2.0.202008311134/tools/bin/../lib/gcc/arm-none-eabi/9.2.1/../../../../arm-none-eabi/lib/thumb/v7-m/nofp\libc_nano.a(lib_a-mprec.o)
 .debug_frame   0x00001214       0x2c c:/nxp/mcuxpressoide_11.2.1_4149/ide/plugins/com.nxp.mcuxpresso.tools.win32_11.2.0.202008311134/tools/bin/../lib/gcc/arm-none-eabi/9.2.1/../../../../arm-none-eabi/lib/thumb/v7-m/nofp\libc_nano.a(lib_a-nano-callocr.o)
 .debug_frame   0x00001240       0x30 c:/nxp/mcuxpressoide_11.2.1_4149/ide/plugins/com.nxp.mcuxpresso.tools.win32_11.2.0.202008311134/tools/bin/../lib/gcc/arm-none-eabi/9.2.1/../../../../arm-none-eabi/lib/thumb/v7-m/nofp\libc_nano.a(lib_a-nano-mallocr.o)
 .debug_frame   0x00001270       0x2c c:/nxp/mcuxpressoide_11.2.1_4149/ide/plugins/com.nxp.mcuxpresso.tools.win32_11.2.0.202008311134/tools/bin/../lib/gcc/arm-none-eabi/9.2.1/../../../../arm-none-eabi/lib/thumb/v7-m/nofp\libc_nano.a(lib_a-sbrkr.o)
 .debug_frame   0x0000129c       0x48 c:/nxp/mcuxpressoide_11.2.1_4149/ide/plugins/com.nxp.mcuxpresso.tools.win32_11.2.0.202008311134/tools/bin/../lib/gcc/arm-none-eabi/9.2.1/../../../../arm-none-eabi/lib/thumb/v7-m/nofp\libc_nano.a(lib_a-locale.o)
 .debug_frame   0x000012e4       0x48 c:/nxp/mcuxpressoide_11.2.1_4149/ide/plugins/com.nxp.mcuxpresso.tools.win32_11.2.0.202008311134/tools/bin/../lib/gcc/arm-none-eabi/9.2.1/../../../../arm-none-eabi/lib/thumb/v7-m/nofp\libc_nano.a(lib_a-mbtowc_r.o)
 .debug_frame   0x0000132c       0x30 c:/nxp/mcuxpressoide_11.2.1_4149/ide/plugins/com.nxp.mcuxpresso.tools.win32_11.2.0.202008311134/tools/bin/../lib/gcc/arm-none-eabi/9.2.1/../../../../arm-none-eabi/lib/thumb/v7-m/nofp\libc_nano.a(lib_a-mlock.o)
 .debug_frame   0x0000135c       0x5c c:/nxp/mcuxpressoide_11.2.1_4149/ide/plugins/com.nxp.mcuxpresso.tools.win32_11.2.0.202008311134/tools/bin/../lib/gcc/arm-none-eabi/9.2.1/../../../../arm-none-eabi/lib/thumb/v7-m/nofp\libc_nano.a(lib_a-reent.o)
 .debug_frame   0x000013b8       0x3c c:/nxp/mcuxpressoide_11.2.1_4149/ide/plugins/com.nxp.mcuxpresso.tools.win32_11.2.0.202008311134/tools/bin/../lib/gcc/arm-none-eabi/9.2.1/../../../../arm-none-eabi/lib/thumb/v7-m/nofp\libc_nano.a(lib_a-wctomb_r.o)
 .debug_frame   0x000013f4       0xb0 c:/nxp/mcuxpressoide_11.2.1_4149/ide/plugins/com.nxp.mcuxpresso.tools.win32_11.2.0.202008311134/tools/bin/../lib/gcc/arm-none-eabi/9.2.1/../../../../arm-none-eabi/lib/thumb/v7-m/nofp\libc_nano.a(lib_a-lock.o)
 .debug_frame   0x000014a4       0xac c:/nxp/mcuxpressoide_11.2.1_4149/ide/plugins/com.nxp.mcuxpresso.tools.win32_11.2.0.202008311134/tools/bin/../lib/gcc/arm-none-eabi/9.2.1/thumb/v7-m/nofp\libgcc.a(_arm_addsubdf3.o)
 .debug_frame   0x00001550       0x50 c:/nxp/mcuxpressoide_11.2.1_4149/ide/plugins/com.nxp.mcuxpresso.tools.win32_11.2.0.202008311134/tools/bin/../lib/gcc/arm-none-eabi/9.2.1/thumb/v7-m/nofp\libgcc.a(_arm_muldivdf3.o)
 .debug_frame   0x000015a0       0xc4 c:/nxp/mcuxpressoide_11.2.1_4149/ide/plugins/com.nxp.mcuxpresso.tools.win32_11.2.0.202008311134/tools/bin/../lib/gcc/arm-none-eabi/9.2.1/thumb/v7-m/nofp\libgcc.a(_arm_cmpdf2.o)
 .debug_frame   0x00001664       0x20 c:/nxp/mcuxpressoide_11.2.1_4149/ide/plugins/com.nxp.mcuxpresso.tools.win32_11.2.0.202008311134/tools/bin/../lib/gcc/arm-none-eabi/9.2.1/thumb/v7-m/nofp\libgcc.a(_arm_unorddf2.o)
 .debug_frame   0x00001684       0x24 c:/nxp/mcuxpressoide_11.2.1_4149/ide/plugins/com.nxp.mcuxpresso.tools.win32_11.2.0.202008311134/tools/bin/../lib/gcc/arm-none-eabi/9.2.1/thumb/v7-m/nofp\libgcc.a(_arm_fixdfsi.o)
 .debug_frame   0x000016a8       0x20 c:/nxp/mcuxpressoide_11.2.1_4149/ide/plugins/com.nxp.mcuxpresso.tools.win32_11.2.0.202008311134/tools/bin/../lib/gcc/arm-none-eabi/9.2.1/../../../../arm-none-eabi/lib/thumb/v7-m/nofp\libc_nano.a(lib_a-errno.o)

.debug_loc      0x00000000     0x4800
 .debug_loc     0x00000000      0x245 ./src/cr_startup_lpc175x_6x.o
 .debug_loc     0x00000245      0x57c C:\Robot\Robotic-System.git\trunk\TEST\Test_Workspace\0_lpc_chip_175x_6x\Release\lib0_lpc_chip_175x_6x.a(clock_17xx_40xx.o)
 .debug_loc     0x000007c1      0x110 C:\Robot\Robotic-System.git\trunk\TEST\Test_Workspace\0_lpc_chip_175x_6x\Release\lib0_lpc_chip_175x_6x.a(sysinit_17xx_40xx.o)
 .debug_loc     0x000008d1     0x1b9f C:\Robot\Robotic-System.git\trunk\TEST\Test_Workspace\0_lpc_board_nxp_lpcxpresso_1769\Release\lib0_lpc_board_nxp_lpcxpresso_1769.a(board.o)
 .debug_loc     0x00002470      0x4be C:\Robot\Robotic-System.git\trunk\TEST\Test_Workspace\0_Robot_Library\Release\lib0_Robot_Library.a(heap_5.o)
 .debug_loc     0x0000292e       0xbe C:\Robot\Robotic-System.git\trunk\TEST\Test_Workspace\0_Robot_Library\Release\lib0_Robot_Library.a(port.o)
 .debug_loc     0x000029ec     0x1d45 C:\Robot\Robotic-System.git\trunk\TEST\Test_Workspace\0_Robot_Library\Release\lib0_Robot_Library.a(tasks.o)
 .debug_loc     0x00004731       0x22 C:\Robot\Robotic-System.git\trunk\TEST\Test_Workspace\0_Robot_Library\Release\lib0_Robot_Library.a(FreeRTOSCommonHooks.o)
 .debug_loc     0x00004753       0xad C:\Robot\Robotic-System.git\trunk\TEST\Test_Workspace\0_Robot_Library\Release\lib0_Robot_Library.a(list.o)

Cross Reference Table

Symbol                                            File
ADC_IRQHandler                                    ./src/cr_startup_lpc175x_6x.o
BOD_IRQHandler                                    ./src/cr_startup_lpc175x_6x.o
Board_Audio_Init                                  C:\Robot\Robotic-System.git\trunk\TEST\Test_Workspace\0_lpc_board_nxp_lpcxpresso_1769\Release\lib0_lpc_board_nxp_lpcxpresso_1769.a(board.o)
Board_Buttons_Init                                C:\Robot\Robotic-System.git\trunk\TEST\Test_Workspace\0_lpc_board_nxp_lpcxpresso_1769\Release\lib0_lpc_board_nxp_lpcxpresso_1769.a(board.o)
Board_Debug_Init                                  C:\Robot\Robotic-System.git\trunk\TEST\Test_Workspace\0_lpc_board_nxp_lpcxpresso_1769\Release\lib0_lpc_board_nxp_lpcxpresso_1769.a(board.o)
Board_ENET_GetMacADDR                             C:\Robot\Robotic-System.git\trunk\TEST\Test_Workspace\0_lpc_board_nxp_lpcxpresso_1769\Release\lib0_lpc_board_nxp_lpcxpresso_1769.a(board.o)
Board_I2C_Init                                    C:\Robot\Robotic-System.git\trunk\TEST\Test_Workspace\0_lpc_board_nxp_lpcxpresso_1769\Release\lib0_lpc_board_nxp_lpcxpresso_1769.a(board.o)
Board_Init                                        C:\Robot\Robotic-System.git\trunk\TEST\Test_Workspace\0_lpc_board_nxp_lpcxpresso_1769\Release\lib0_lpc_board_nxp_lpcxpresso_1769.a(board.o)
                                                  ./src/IA_2021_V1.o
Board_Joystick_Init                               C:\Robot\Robotic-System.git\trunk\TEST\Test_Workspace\0_lpc_board_nxp_lpcxpresso_1769\Release\lib0_lpc_board_nxp_lpcxpresso_1769.a(board.o)
Board_LED_Set                                     C:\Robot\Robotic-System.git\trunk\TEST\Test_Workspace\0_lpc_board_nxp_lpcxpresso_1769\Release\lib0_lpc_board_nxp_lpcxpresso_1769.a(board.o)
Board_LED_Test                                    C:\Robot\Robotic-System.git\trunk\TEST\Test_Workspace\0_lpc_board_nxp_lpcxpresso_1769\Release\lib0_lpc_board_nxp_lpcxpresso_1769.a(board.o)
Board_LED_Toggle                                  C:\Robot\Robotic-System.git\trunk\TEST\Test_Workspace\0_lpc_board_nxp_lpcxpresso_1769\Release\lib0_lpc_board_nxp_lpcxpresso_1769.a(board.o)
Board_SPI_AssertSSEL                              C:\Robot\Robotic-System.git\trunk\TEST\Test_Workspace\0_lpc_board_nxp_lpcxpresso_1769\Release\lib0_lpc_board_nxp_lpcxpresso_1769.a(board.o)
Board_SPI_DeassertSSEL                            C:\Robot\Robotic-System.git\trunk\TEST\Test_Workspace\0_lpc_board_nxp_lpcxpresso_1769\Release\lib0_lpc_board_nxp_lpcxpresso_1769.a(board.o)
Board_SPI_Init                                    C:\Robot\Robotic-System.git\trunk\TEST\Test_Workspace\0_lpc_board_nxp_lpcxpresso_1769\Release\lib0_lpc_board_nxp_lpcxpresso_1769.a(board.o)
Board_SSP_Init                                    C:\Robot\Robotic-System.git\trunk\TEST\Test_Workspace\0_lpc_board_nxp_lpcxpresso_1769\Release\lib0_lpc_board_nxp_lpcxpresso_1769.a(board.o)
Board_UARTGetChar                                 C:\Robot\Robotic-System.git\trunk\TEST\Test_Workspace\0_lpc_board_nxp_lpcxpresso_1769\Release\lib0_lpc_board_nxp_lpcxpresso_1769.a(board.o)
Board_UARTPutChar                                 C:\Robot\Robotic-System.git\trunk\TEST\Test_Workspace\0_lpc_board_nxp_lpcxpresso_1769\Release\lib0_lpc_board_nxp_lpcxpresso_1769.a(board.o)
Board_UARTPutSTR                                  C:\Robot\Robotic-System.git\trunk\TEST\Test_Workspace\0_lpc_board_nxp_lpcxpresso_1769\Release\lib0_lpc_board_nxp_lpcxpresso_1769.a(board.o)
Board_UART_Init                                   C:\Robot\Robotic-System.git\trunk\TEST\Test_Workspace\0_lpc_board_nxp_lpcxpresso_1769\Release\lib0_lpc_board_nxp_lpcxpresso_1769.a(board.o)
Board_USBD_Init                                   C:\Robot\Robotic-System.git\trunk\TEST\Test_Workspace\0_lpc_board_nxp_lpcxpresso_1769\Release\lib0_lpc_board_nxp_lpcxpresso_1769.a(board.o)
BusFault_Handler                                  ./src/cr_startup_lpc175x_6x.o
Buttons_GetStatus                                 C:\Robot\Robotic-System.git\trunk\TEST\Test_Workspace\0_lpc_board_nxp_lpcxpresso_1769\Release\lib0_lpc_board_nxp_lpcxpresso_1769.a(board.o)
CANActivity_IRQHandler                            ./src/cr_startup_lpc175x_6x.o
CAN_IRQHandler                                    ./src/cr_startup_lpc175x_6x.o
CRP_WORD                                          ./src/crp.o
Chip_Clock_DisablePLL                             C:\Robot\Robotic-System.git\trunk\TEST\Test_Workspace\0_lpc_chip_175x_6x\Release\lib0_lpc_chip_175x_6x.a(clock_17xx_40xx.o)
                                                  C:\Robot\Robotic-System.git\trunk\TEST\Test_Workspace\0_lpc_chip_175x_6x\Release\lib0_lpc_chip_175x_6x.a(sysinit_17xx_40xx.o)
Chip_Clock_DisablePeriphClock                     C:\Robot\Robotic-System.git\trunk\TEST\Test_Workspace\0_lpc_chip_175x_6x\Release\lib0_lpc_chip_175x_6x.a(clock_17xx_40xx.o)
                                                  C:\Robot\Robotic-System.git\trunk\TEST\Test_Workspace\0_lpc_chip_175x_6x\Release\lib0_lpc_chip_175x_6x.a(timer_17xx_40xx.o)
Chip_Clock_EnablePLL                              C:\Robot\Robotic-System.git\trunk\TEST\Test_Workspace\0_lpc_chip_175x_6x\Release\lib0_lpc_chip_175x_6x.a(clock_17xx_40xx.o)
                                                  C:\Robot\Robotic-System.git\trunk\TEST\Test_Workspace\0_lpc_chip_175x_6x\Release\lib0_lpc_chip_175x_6x.a(sysinit_17xx_40xx.o)
                                                  C:\Robot\Robotic-System.git\trunk\TEST\Test_Workspace\0_lpc_chip_175x_6x\Release\lib0_lpc_chip_175x_6x.a(chip_17xx_40xx.o)
Chip_Clock_EnablePeriphClock                      C:\Robot\Robotic-System.git\trunk\TEST\Test_Workspace\0_lpc_chip_175x_6x\Release\lib0_lpc_chip_175x_6x.a(clock_17xx_40xx.o)
                                                  C:\Robot\Robotic-System.git\trunk\TEST\Test_Workspace\0_lpc_board_nxp_lpcxpresso_1769\Release\lib0_lpc_board_nxp_lpcxpresso_1769.a(board.o)
                                                  C:\Robot\Robotic-System.git\trunk\TEST\Test_Workspace\0_lpc_chip_175x_6x\Release\lib0_lpc_chip_175x_6x.a(timer_17xx_40xx.o)
                                                  C:\Robot\Robotic-System.git\trunk\TEST\Test_Workspace\0_lpc_chip_175x_6x\Release\lib0_lpc_chip_175x_6x.a(chip_17xx_40xx.o)
Chip_Clock_GetCPUClockDiv                         C:\Robot\Robotic-System.git\trunk\TEST\Test_Workspace\0_lpc_chip_175x_6x\Release\lib0_lpc_chip_175x_6x.a(clock_17xx_40xx.o)
Chip_Clock_GetCPUClockSource                      C:\Robot\Robotic-System.git\trunk\TEST\Test_Workspace\0_lpc_chip_175x_6x\Release\lib0_lpc_chip_175x_6x.a(clock_17xx_40xx.o)
Chip_Clock_GetMainClockRate                       C:\Robot\Robotic-System.git\trunk\TEST\Test_Workspace\0_lpc_chip_175x_6x\Release\lib0_lpc_chip_175x_6x.a(clock_17xx_40xx.o)
Chip_Clock_GetMainPLLOutClockRate                 C:\Robot\Robotic-System.git\trunk\TEST\Test_Workspace\0_lpc_chip_175x_6x\Release\lib0_lpc_chip_175x_6x.a(clock_17xx_40xx.o)
Chip_Clock_GetPCLKDiv                             C:\Robot\Robotic-System.git\trunk\TEST\Test_Workspace\0_lpc_chip_175x_6x\Release\lib0_lpc_chip_175x_6x.a(clock_17xx_40xx.o)
Chip_Clock_GetPeripheralClockRate                 C:\Robot\Robotic-System.git\trunk\TEST\Test_Workspace\0_lpc_chip_175x_6x\Release\lib0_lpc_chip_175x_6x.a(clock_17xx_40xx.o)
Chip_Clock_GetSYSCLKRate                          C:\Robot\Robotic-System.git\trunk\TEST\Test_Workspace\0_lpc_chip_175x_6x\Release\lib0_lpc_chip_175x_6x.a(clock_17xx_40xx.o)
Chip_Clock_GetSystemClockRate                     C:\Robot\Robotic-System.git\trunk\TEST\Test_Workspace\0_lpc_chip_175x_6x\Release\lib0_lpc_chip_175x_6x.a(clock_17xx_40xx.o)
                                                  C:\Robot\Robotic-System.git\trunk\TEST\Test_Workspace\0_lpc_chip_175x_6x\Release\lib0_lpc_chip_175x_6x.a(chip_17xx_40xx.o)
Chip_Clock_GetUSBClockDiv                         C:\Robot\Robotic-System.git\trunk\TEST\Test_Workspace\0_lpc_chip_175x_6x\Release\lib0_lpc_chip_175x_6x.a(clock_17xx_40xx.o)
Chip_Clock_GetUSBClockRate                        C:\Robot\Robotic-System.git\trunk\TEST\Test_Workspace\0_lpc_chip_175x_6x\Release\lib0_lpc_chip_175x_6x.a(clock_17xx_40xx.o)
Chip_Clock_GetUSBPLLOutClockRate                  C:\Robot\Robotic-System.git\trunk\TEST\Test_Workspace\0_lpc_chip_175x_6x\Release\lib0_lpc_chip_175x_6x.a(clock_17xx_40xx.o)
Chip_Clock_IsPeripheralClockEnabled               C:\Robot\Robotic-System.git\trunk\TEST\Test_Workspace\0_lpc_chip_175x_6x\Release\lib0_lpc_chip_175x_6x.a(clock_17xx_40xx.o)
Chip_Clock_SetCLKOUTSource                        C:\Robot\Robotic-System.git\trunk\TEST\Test_Workspace\0_lpc_chip_175x_6x\Release\lib0_lpc_chip_175x_6x.a(clock_17xx_40xx.o)
Chip_Clock_SetCPUClockDiv                         C:\Robot\Robotic-System.git\trunk\TEST\Test_Workspace\0_lpc_chip_175x_6x\Release\lib0_lpc_chip_175x_6x.a(clock_17xx_40xx.o)
                                                  C:\Robot\Robotic-System.git\trunk\TEST\Test_Workspace\0_lpc_chip_175x_6x\Release\lib0_lpc_chip_175x_6x.a(sysinit_17xx_40xx.o)
Chip_Clock_SetCPUClockSource                      C:\Robot\Robotic-System.git\trunk\TEST\Test_Workspace\0_lpc_chip_175x_6x\Release\lib0_lpc_chip_175x_6x.a(clock_17xx_40xx.o)
Chip_Clock_SetPCLKDiv                             C:\Robot\Robotic-System.git\trunk\TEST\Test_Workspace\0_lpc_chip_175x_6x\Release\lib0_lpc_chip_175x_6x.a(clock_17xx_40xx.o)
Chip_Clock_SetUSBClockDiv                         C:\Robot\Robotic-System.git\trunk\TEST\Test_Workspace\0_lpc_chip_175x_6x\Release\lib0_lpc_chip_175x_6x.a(clock_17xx_40xx.o)
Chip_Clock_SetupPLL                               C:\Robot\Robotic-System.git\trunk\TEST\Test_Workspace\0_lpc_chip_175x_6x\Release\lib0_lpc_chip_175x_6x.a(clock_17xx_40xx.o)
                                                  C:\Robot\Robotic-System.git\trunk\TEST\Test_Workspace\0_lpc_chip_175x_6x\Release\lib0_lpc_chip_175x_6x.a(sysinit_17xx_40xx.o)
                                                  C:\Robot\Robotic-System.git\trunk\TEST\Test_Workspace\0_lpc_chip_175x_6x\Release\lib0_lpc_chip_175x_6x.a(chip_17xx_40xx.o)
Chip_I2S_Init                                     C:\Robot\Robotic-System.git\trunk\TEST\Test_Workspace\0_lpc_board_nxp_lpcxpresso_1769\Release\lib0_lpc_board_nxp_lpcxpresso_1769.a(board.o)
Chip_I2S_TxConfig                                 C:\Robot\Robotic-System.git\trunk\TEST\Test_Workspace\0_lpc_board_nxp_lpcxpresso_1769\Release\lib0_lpc_board_nxp_lpcxpresso_1769.a(board.o)
Chip_SetupIrcClocking                             C:\Robot\Robotic-System.git\trunk\TEST\Test_Workspace\0_lpc_chip_175x_6x\Release\lib0_lpc_chip_175x_6x.a(sysinit_17xx_40xx.o)
Chip_SetupXtalClocking                            C:\Robot\Robotic-System.git\trunk\TEST\Test_Workspace\0_lpc_chip_175x_6x\Release\lib0_lpc_chip_175x_6x.a(sysinit_17xx_40xx.o)
                                                  ./src/IA_2021_V1.o
Chip_SystemInit                                   C:\Robot\Robotic-System.git\trunk\TEST\Test_Workspace\0_lpc_chip_175x_6x\Release\lib0_lpc_chip_175x_6x.a(sysinit_17xx_40xx.o)
                                                  ./src/sysinit.o
Chip_TIMER_DeInit                                 C:\Robot\Robotic-System.git\trunk\TEST\Test_Workspace\0_lpc_chip_175x_6x\Release\lib0_lpc_chip_175x_6x.a(timer_17xx_40xx.o)
Chip_TIMER_ExtMatchControlSet                     C:\Robot\Robotic-System.git\trunk\TEST\Test_Workspace\0_lpc_chip_175x_6x\Release\lib0_lpc_chip_175x_6x.a(timer_17xx_40xx.o)
Chip_TIMER_Init                                   C:\Robot\Robotic-System.git\trunk\TEST\Test_Workspace\0_lpc_chip_175x_6x\Release\lib0_lpc_chip_175x_6x.a(timer_17xx_40xx.o)
                                                  ./src/IA_2021_V1.o
Chip_TIMER_Reset                                  C:\Robot\Robotic-System.git\trunk\TEST\Test_Workspace\0_lpc_chip_175x_6x\Release\lib0_lpc_chip_175x_6x.a(timer_17xx_40xx.o)
Chip_USB_Init                                     C:\Robot\Robotic-System.git\trunk\TEST\Test_Workspace\0_lpc_chip_175x_6x\Release\lib0_lpc_chip_175x_6x.a(chip_17xx_40xx.o)
DMA_IRQHandler                                    ./src/cr_startup_lpc175x_6x.o
DebugMon_Handler                                  ./src/cr_startup_lpc175x_6x.o
EINT0_IRQHandler                                  ./src/cr_startup_lpc175x_6x.o
EINT1_IRQHandler                                  ./src/cr_startup_lpc175x_6x.o
EINT2_IRQHandler                                  ./src/cr_startup_lpc175x_6x.o
EINT3_IRQHandler                                  ./src/cr_startup_lpc175x_6x.o
ENET_IRQHandler                                   ./src/cr_startup_lpc175x_6x.o
FreeRTOSDelay                                     C:\Robot\Robotic-System.git\trunk\TEST\Test_Workspace\0_Robot_Library\Release\lib0_Robot_Library.a(FreeRTOSCommonHooks.o)
HardFault_Handler                                 ./src/cr_startup_lpc175x_6x.o
I2C0_IRQHandler                                   ./src/cr_startup_lpc175x_6x.o
I2C1_IRQHandler                                   ./src/cr_startup_lpc175x_6x.o
I2C2_IRQHandler                                   ./src/cr_startup_lpc175x_6x.o
I2S_IRQHandler                                    ./src/cr_startup_lpc175x_6x.o
IntDefaultHandler                                 ./src/cr_startup_lpc175x_6x.o
Joystick_GetStatus                                C:\Robot\Robotic-System.git\trunk\TEST\Test_Workspace\0_lpc_board_nxp_lpcxpresso_1769\Release\lib0_lpc_board_nxp_lpcxpresso_1769.a(board.o)
MCPWM_IRQHandler                                  ./src/cr_startup_lpc175x_6x.o
MemManage_Handler                                 ./src/cr_startup_lpc175x_6x.o
NMI_Handler                                       ./src/cr_startup_lpc175x_6x.o
OscRateIn                                         C:\Robot\Robotic-System.git\trunk\TEST\Test_Workspace\0_lpc_board_nxp_lpcxpresso_1769\Release\lib0_lpc_board_nxp_lpcxpresso_1769.a(board.o)
                                                  C:\Robot\Robotic-System.git\trunk\TEST\Test_Workspace\0_lpc_chip_175x_6x\Release\lib0_lpc_chip_175x_6x.a(clock_17xx_40xx.o)
PLL0_IRQHandler                                   ./src/cr_startup_lpc175x_6x.o
PLL1_IRQHandler                                   ./src/cr_startup_lpc175x_6x.o
PWM1_IRQHandler                                   ./src/cr_startup_lpc175x_6x.o
PendSV_Handler                                    ./src/cr_startup_lpc175x_6x.o
QEI_IRQHandler                                    ./src/cr_startup_lpc175x_6x.o
RIT_IRQHandler                                    ./src/cr_startup_lpc175x_6x.o
RTCOscRateIn                                      C:\Robot\Robotic-System.git\trunk\TEST\Test_Workspace\0_lpc_board_nxp_lpcxpresso_1769\Release\lib0_lpc_board_nxp_lpcxpresso_1769.a(board.o)
                                                  C:\Robot\Robotic-System.git\trunk\TEST\Test_Workspace\0_lpc_chip_175x_6x\Release\lib0_lpc_chip_175x_6x.a(clock_17xx_40xx.o)
RTC_IRQHandler                                    ./src/cr_startup_lpc175x_6x.o
ResetISR                                          ./src/cr_startup_lpc175x_6x.o
SPI_IRQHandler                                    ./src/cr_startup_lpc175x_6x.o
SSP0_IRQHandler                                   ./src/cr_startup_lpc175x_6x.o
SSP1_IRQHandler                                   ./src/cr_startup_lpc175x_6x.o
SVC_Handler                                       ./src/cr_startup_lpc175x_6x.o
Serial_CreateStream                               C:\Robot\Robotic-System.git\trunk\TEST\Test_Workspace\0_lpc_board_nxp_lpcxpresso_1769\Release\lib0_lpc_board_nxp_lpcxpresso_1769.a(board.o)
Set_Clock_in                                      C:\Robot\Robotic-System.git\trunk\TEST\Test_Workspace\0_lpc_board_nxp_lpcxpresso_1769\Release\lib0_lpc_board_nxp_lpcxpresso_1769.a(board.o)
                                                  ./src/IA_2021_V1.o
SysTick_Handler                                   ./src/cr_startup_lpc175x_6x.o
SystemCoreClock                                   C:\Robot\Robotic-System.git\trunk\TEST\Test_Workspace\0_lpc_chip_175x_6x\Release\lib0_lpc_chip_175x_6x.a(chip_17xx_40xx.o)
SystemCoreClockUpdate                             C:\Robot\Robotic-System.git\trunk\TEST\Test_Workspace\0_lpc_chip_175x_6x\Release\lib0_lpc_chip_175x_6x.a(chip_17xx_40xx.o)
                                                  ./src/IA_2021_V1.o
SystemInit                                        ./src/sysinit.o
TIMER0_IRQHandler                                 ./src/cr_startup_lpc175x_6x.o
TIMER1_IRQHandler                                 ./src/cr_startup_lpc175x_6x.o
TIMER2_IRQHandler                                 ./src/cr_startup_lpc175x_6x.o
TIMER3_IRQHandler                                 ./src/cr_startup_lpc175x_6x.o
UART0_IRQHandler                                  ./src/cr_startup_lpc175x_6x.o
UART1_IRQHandler                                  ./src/cr_startup_lpc175x_6x.o
UART2_IRQHandler                                  ./src/cr_startup_lpc175x_6x.o
UART3_IRQHandler                                  ./src/cr_startup_lpc175x_6x.o
USBActivity_IRQHandler                            ./src/cr_startup_lpc175x_6x.o
USB_IRQHandler                                    ./src/cr_startup_lpc175x_6x.o
UsageFault_Handler                                ./src/cr_startup_lpc175x_6x.o
WDT_IRQHandler                                    ./src/cr_startup_lpc175x_6x.o
_Balloc                                           c:/nxp/mcuxpressoide_11.2.1_4149/ide/plugins/com.nxp.mcuxpresso.tools.win32_11.2.0.202008311134/tools/bin/../lib/gcc/arm-none-eabi/9.2.1/../../../../arm-none-eabi/lib/thumb/v7-m/nofp\libc_nano.a(lib_a-mprec.o)
                                                  c:/nxp/mcuxpressoide_11.2.1_4149/ide/plugins/com.nxp.mcuxpresso.tools.win32_11.2.0.202008311134/tools/bin/../lib/gcc/arm-none-eabi/9.2.1/../../../../arm-none-eabi/lib/thumb/v7-m/nofp\libc_nano.a(lib_a-dtoa.o)
_Bfree                                            c:/nxp/mcuxpressoide_11.2.1_4149/ide/plugins/com.nxp.mcuxpresso.tools.win32_11.2.0.202008311134/tools/bin/../lib/gcc/arm-none-eabi/9.2.1/../../../../arm-none-eabi/lib/thumb/v7-m/nofp\libc_nano.a(lib_a-mprec.o)