Archive member included to satisfy reference by file (symbol)

D:\Developpement_Robot\Robotic-System\trunk\Workspaces\MultiWorkSpaces_2021\0_lpc_board_nxp_lpcxpresso_1347\Debug\lib0_lpc_board_nxp_lpcxpresso_1347.a(board.o)
                              ./src/main.o (Board_Init)
D:\Developpement_Robot\Robotic-System\trunk\Workspaces\MultiWorkSpaces_2021\0_lpc_board_nxp_lpcxpresso_1347\Debug\lib0_lpc_board_nxp_lpcxpresso_1347.a(board_sysinit.o)
                              ./src/sysinit.o (Board_SystemInit)
D:\Developpement_Robot\Robotic-System\trunk\Workspaces\MultiWorkSpaces_2021\0_lpc_chip_13xx\Debug\lib0_lpc_chip_13xx.a(chip_13xx.o)
                              ./src/main.o (SystemCoreClockUpdate)
D:\Developpement_Robot\Robotic-System\trunk\Workspaces\MultiWorkSpaces_2021\0_lpc_chip_13xx\Debug\lib0_lpc_chip_13xx.a(clock_13xx.o)
                              D:\Developpement_Robot\Robotic-System\trunk\Workspaces\MultiWorkSpaces_2021\0_lpc_chip_13xx\Debug\lib0_lpc_chip_13xx.a(chip_13xx.o) (Chip_Clock_SetUSBPLLSource)
D:\Developpement_Robot\Robotic-System\trunk\Workspaces\MultiWorkSpaces_2021\0_lpc_chip_13xx\Debug\lib0_lpc_chip_13xx.a(gpio_13xx_1.o)
                              D:\Developpement_Robot\Robotic-System\trunk\Workspaces\MultiWorkSpaces_2021\0_lpc_board_nxp_lpcxpresso_1347\Debug\lib0_lpc_board_nxp_lpcxpresso_1347.a(board.o) (Chip_GPIO_Init)
D:\Developpement_Robot\Robotic-System\trunk\Workspaces\MultiWorkSpaces_2021\0_lpc_chip_13xx\Debug\lib0_lpc_chip_13xx.a(iap.o)
                              ./src/Flash_iap.o (Chip_IAP_PreSectorForReadWrite)
D:\Developpement_Robot\Robotic-System\trunk\Workspaces\MultiWorkSpaces_2021\0_lpc_chip_13xx\Debug\lib0_lpc_chip_13xx.a(iocon_13xx.o)
                              ./Communication/RS485/0_RS485.o (Chip_IOCON_PinMuxSet)
D:\Developpement_Robot\Robotic-System\trunk\Workspaces\MultiWorkSpaces_2021\0_lpc_chip_13xx\Debug\lib0_lpc_chip_13xx.a(ring_buffer.o)
                              ./Communication/0_Communication.o (RingBuffer_InsertMult)
D:\Developpement_Robot\Robotic-System\trunk\Workspaces\MultiWorkSpaces_2021\0_lpc_chip_13xx\Debug\lib0_lpc_chip_13xx.a(sysctl_13xx.o)
                              D:\Developpement_Robot\Robotic-System\trunk\Workspaces\MultiWorkSpaces_2021\0_lpc_chip_13xx\Debug\lib0_lpc_chip_13xx.a(chip_13xx.o) (Chip_SYSCTL_PowerUp)
D:\Developpement_Robot\Robotic-System\trunk\Workspaces\MultiWorkSpaces_2021\0_lpc_chip_13xx\Debug\lib0_lpc_chip_13xx.a(sysinit_13xx.o)
                              D:\Developpement_Robot\Robotic-System\trunk\Workspaces\MultiWorkSpaces_2021\0_lpc_board_nxp_lpcxpresso_1347\Debug\lib0_lpc_board_nxp_lpcxpresso_1347.a(board_sysinit.o) (Chip_SetupXtalClocking)
D:\Developpement_Robot\Robotic-System\trunk\Workspaces\MultiWorkSpaces_2021\0_lpc_chip_13xx\Debug\lib0_lpc_chip_13xx.a(timer_13xx.o)
                              ./src/Init.o (Chip_TIMER_Init)
D:\Developpement_Robot\Robotic-System\trunk\Workspaces\MultiWorkSpaces_2021\0_lpc_chip_13xx\Debug\lib0_lpc_chip_13xx.a(uart_13xx.o)
                              ./Communication/0_Communication.o (Chip_UART_Init)
c:/nxp/mcuxpressoide_11.2.1_4149/ide/plugins/com.nxp.mcuxpresso.tools.win32_11.2.0.202008311134/tools/bin/../lib/gcc/arm-none-eabi/9.2.1/../../../../arm-none-eabi/lib/thumb/v7-m/nofp\libc_nano.a(lib_a-malloc.o)
                              ./freertos/src/heap_3.o (malloc)
c:/nxp/mcuxpressoide_11.2.1_4149/ide/plugins/com.nxp.mcuxpresso.tools.win32_11.2.0.202008311134/tools/bin/../lib/gcc/arm-none-eabi/9.2.1/../../../../arm-none-eabi/lib/thumb/v7-m/nofp\libc_nano.a(lib_a-memcpy-stub.o)
                              ./freertos/src/queue.o (memcpy)
c:/nxp/mcuxpressoide_11.2.1_4149/ide/plugins/com.nxp.mcuxpresso.tools.win32_11.2.0.202008311134/tools/bin/../lib/gcc/arm-none-eabi/9.2.1/../../../../arm-none-eabi/lib/thumb/v7-m/nofp\libc_nano.a(lib_a-memset.o)
                              ./src/Bootloader_Data.o (memset)
c:/nxp/mcuxpressoide_11.2.1_4149/ide/plugins/com.nxp.mcuxpresso.tools.win32_11.2.0.202008311134/tools/bin/../lib/gcc/arm-none-eabi/9.2.1/../../../../arm-none-eabi/lib/thumb/v7-m/nofp\libc_nano.a(lib_a-nano-freer.o)
                              c:/nxp/mcuxpressoide_11.2.1_4149/ide/plugins/com.nxp.mcuxpresso.tools.win32_11.2.0.202008311134/tools/bin/../lib/gcc/arm-none-eabi/9.2.1/../../../../arm-none-eabi/lib/thumb/v7-m/nofp\libc_nano.a(lib_a-malloc.o) (_free_r)
c:/nxp/mcuxpressoide_11.2.1_4149/ide/plugins/com.nxp.mcuxpresso.tools.win32_11.2.0.202008311134/tools/bin/../lib/gcc/arm-none-eabi/9.2.1/../../../../arm-none-eabi/lib/thumb/v7-m/nofp\libc_nano.a(lib_a-nano-mallocr.o)
                              c:/nxp/mcuxpressoide_11.2.1_4149/ide/plugins/com.nxp.mcuxpresso.tools.win32_11.2.0.202008311134/tools/bin/../lib/gcc/arm-none-eabi/9.2.1/../../../../arm-none-eabi/lib/thumb/v7-m/nofp\libc_nano.a(lib_a-malloc.o) (_malloc_r)
[...]
Memory Configuration

Name             Origin             Length             Attributes
MFlash64         0x00000000         0x00004000         xr
RamLoc8          0x10000000         0x00002000         xrw
RamUsb2          0x20004000         0x00000800         xrw
RamPeriph2       0x20000000         0x00000800         xrw
*default*        0x00000000         0xffffffff

Linker script and memory map

LOAD ./src/Bootloader.o
LOAD ./src/Bootloader_Data.o
LOAD ./src/Flash_iap.o
LOAD ./src/Init.o
LOAD ./src/cr_startup_lpc13xx.o
LOAD ./src/main.o
LOAD ./src/sysinit.o
LOAD ./freertos/src/FreeRTOSCommonHooks.o
LOAD ./freertos/src/croutine.o
LOAD ./freertos/src/event_groups.o
LOAD ./freertos/src/heap_3.o
LOAD ./freertos/src/list.o
LOAD ./freertos/src/port.o
LOAD ./freertos/src/queue.o
LOAD ./freertos/src/stream_buffer.o
LOAD ./freertos/src/tasks.o
LOAD ./freertos/src/timers.o
LOAD ./Communication/RS485/0_RS485.o
LOAD ./Communication/0_Communication.o
LOAD ./Communication/0_Event_Group.o
LOAD ./Communication/1_Trame_Communication.o
LOAD ./Communication/2_Echange_Datas.o
LOAD ./Communication/2_Echange_Datas_Reception.o
LOAD D:\Developpement_Robot\Robotic-System\trunk\Workspaces\MultiWorkSpaces_2021\0_lpc_board_nxp_lpcxpresso_1347\Debug\lib0_lpc_board_nxp_lpcxpresso_1347.a
LOAD D:\Developpement_Robot\Robotic-System\trunk\Workspaces\MultiWorkSpaces_2021\0_lpc_chip_13xx\Debug\lib0_lpc_chip_13xx.a
START GROUP
LOAD c:/nxp/mcuxpressoide_11.2.1_4149/ide/plugins/com.nxp.mcuxpresso.tools.win32_11.2.0.202008311134/tools/bin/../lib/gcc/arm-none-eabi/9.2.1/thumb/v7-m/nofp\libgcc.a
LOAD c:/nxp/mcuxpressoide_11.2.1_4149/ide/plugins/com.nxp.mcuxpresso.tools.win32_11.2.0.202008311134/tools/bin/../lib/gcc/arm-none-eabi/9.2.1/../../../../arm-none-eabi/lib/thumb/v7-m/nofp\libc_nano.a
LOAD c:/nxp/mcuxpressoide_11.2.1_4149/ide/plugins/com.nxp.mcuxpresso.tools.win32_11.2.0.202008311134/tools/bin/../lib/gcc/arm-none-eabi/9.2.1/../../../../arm-none-eabi/lib/thumb/v7-m/nofp\libm.a
LOAD c:/nxp/mcuxpressoide_11.2.1_4149/ide/plugins/com.nxp.mcuxpresso.tools.win32_11.2.0.202008311134/tools/bin/../lib/gcc/arm-none-eabi/9.2.1/../../../../arm-none-eabi/lib/thumb/v7-m/nofp\libcr_newlib_none.a
END GROUP
                0x00000000                __base_MFlash64 = 0x0
                0x00000000                __base_Flash = 0x0
                0x00004000                __top_MFlash64 = 0x4000
                0x00004000                __top_Flash = 0x4000
                0x10000000                __base_RamLoc8 = 0x10000000
                0x10000000                __base_RAM = 0x10000000
                0x10002000                __top_RamLoc8 = 0x10002000
                0x10002000                __top_RAM = 0x10002000
                0x20004000                __base_RamUsb2 = 0x20004000
                0x20004000                __base_RAM2 = 0x20004000
                0x20004800                __top_RamUsb2 = 0x20004800
                0x20004800                __top_RAM2 = 0x20004800
                0x20000000                __base_RamPeriph2 = 0x20000000
                0x20000000                __base_RAM3 = 0x20000000
                0x20000800                __top_RamPeriph2 = 0x20000800
                0x20000800                __top_RAM3 = 0x20000800

.text           0x00000000     0x2d44
 FILL mask 0xff
                0x00000000                __vectors_start__ = ABSOLUTE (.)
 *(.isr_vector)
 .isr_vector    0x00000000       0xc0 ./src/cr_startup_lpc13xx.o
                0x00000000                g_pfnVectors
                0x000000c0                . = ALIGN (0x4)
                0x000000c0                __section_table_start = .
                0x000000c0                __data_section_table = .
                0x000000c0        0x4 LONG 0x2d44 LOADADDR (.data)
                0x000000c4        0x4 LONG 0x10000000 ADDR (.data)
                0x000000c8        0x4 LONG 0xac SIZEOF (.data)
                0x000000cc        0x4 LONG 0x2d44 LOADADDR (.data_RAM2)
                0x000000d0        0x4 LONG 0x20004000 ADDR (.data_RAM2)
                0x000000d4        0x4 LONG 0x0 SIZEOF (.data_RAM2)
                0x000000d8        0x4 LONG 0x2d44 LOADADDR (.data_RAM3)
                0x000000dc        0x4 LONG 0x20000000 ADDR (.data_RAM3)
                0x000000e0        0x4 LONG 0x0 SIZEOF (.data_RAM3)
                0x000000e4                __data_section_table_end = .
                0x000000e4                __bss_section_table = .
                0x000000e4        0x4 LONG 0x100000ac ADDR (.bss)
                0x000000e8        0x4 LONG 0x678 SIZEOF (.bss)
                0x000000ec        0x4 LONG 0x20004000 ADDR (.bss_RAM2)
                0x000000f0        0x4 LONG 0x0 SIZEOF (.bss_RAM2)
                0x000000f4        0x4 LONG 0x20000000 ADDR (.bss_RAM3)
                0x000000f8        0x4 LONG 0x0 SIZEOF (.bss_RAM3)
                0x000000fc                __bss_section_table_end = .
                0x000000fc                __section_table_end = .
 *(.after_vectors*)
 .after_vectors
                0x000000fc       0xac ./src/cr_startup_lpc13xx.o
                0x000000fc                NMI_Handler
                0x00000100                HardFault_Handler
                0x00000110                RIT_IRQHandler
                0x00000110                TIMER16_0_IRQHandler
                0x00000110                TIMER32_0_IRQHandler
                0x00000110                FMC_IRQHandler
                0x00000110                TIMER32_1_IRQHandler
                0x00000110                OSCFAIL_IRQHandler
                0x00000110                PIN_INT6_IRQHandler
                0x00000110                IntDefaultHandler
                0x00000110                PIN_INT4_IRQHandler
                0x00000110                SSP0_IRQHandler
                0x00000110                USBWakeup_IRQHandler
                0x00000110                PIN_INT3_IRQHandler
                0x00000110                PVTCIRCUIT_IRQHandler
                0x00000110                PIN_INT5_IRQHandler
                0x00000110                PIN_INT2_IRQHandler
                0x00000110                TIMER16_1_IRQHandler
                0x00000110                USB_FIQHandler
                0x00000110                ADC_IRQHandler
                0x00000110                SSP1_IRQHandler
                0x00000110                PIN_INT7_IRQHandler
                0x00000110                PIN_INT1_IRQHandler
                0x00000110                USB_IRQHandler
                0x00000110                BOD_IRQHandler
                0x00000110                I2C_IRQHandler
                0x00000110                WDT_IRQHandler
                0x00000110                PIN_INT0_IRQHandler
                0x00000110                GINT0_IRQHandler
                0x00000110                GINT1_IRQHandler
                0x00000114                ResetISR
                0x00000180                data_init
                0x00000198                bss_init
 *(.text*)
 .text.execute_user_code
                0x000001a8       0x1c ./src/Bootloader.o
                0x000001a8                execute_user_code
 .text.user_code_present
                0x000001c4       0x2c ./src/Bootloader.o
                0x000001c4                user_code_present
 .text.Init_bootloader
                0x000001f0       0x10 ./src/Bootloader_Data.o
                0x000001f0                Init_bootloader
 .text.Traitement_Data
                0x00000200       0xd4 ./src/Bootloader_Data.o
                0x00000200                Traitement_Data
 .text.Reception_Trame_Bootloader
                0x000002d4       0x60 ./src/Bootloader_Data.o
                0x000002d4                Reception_Trame_Bootloader
 .text.Flash_Write_Block
                0x00000334       0x4c ./src/Flash_iap.o
                0x00000334                Flash_Write_Block
 .text.Init_Carte_Perpheriques
                0x00000380       0x14 ./src/Init.o
                0x00000380                Init_Carte_Perpheriques
 .text.vConfigureTimerForRunTimeStats
                0x00000394       0x24 ./src/Init.o
                0x00000394                vConfigureTimerForRunTimeStats
 .text.vTask_LunchUser_Application
                0x000003b8       0x30 ./src/main.o
 .text.vTask_HartBeat
                0x000003e8       0x5c ./src/main.o
 .text.startup.main
                0x00000444       0x58 ./src/main.o
                0x00000444                main
 .text.SystemInit
                0x0000049c        0x4 ./src/sysinit.o
                0x0000049c                SystemInit
 .text.xEventGroupCreate
                0x000004a0       0x1c ./freertos/src/event_groups.o
                0x000004a0                xEventGroupCreate
 .text.xEventGroupWaitBits
                0x000004bc       0xb4 ./freertos/src/event_groups.o
                0x000004bc                xEventGroupWaitBits
 .text.xEventGroupSetBits
                0x00000570       0x60 ./freertos/src/event_groups.o
                0x00000570                xEventGroupSetBits
 .text.vEventGroupSetBitsCallback
                0x000005d0        0x4 ./freertos/src/event_groups.o
                0x000005d0                vEventGroupSetBitsCallback
 .text.pvPortMalloc
                0x000005d4       0x18 ./freertos/src/heap_3.o
                0x000005d4                pvPortMalloc
 .text.vPortFree
                0x000005ec       0x1c ./freertos/src/heap_3.o
                0x000005ec                vPortFree
 .text.vListInitialise
                0x00000608       0x18 ./freertos/src/list.o
                0x00000608                vListInitialise
 .text.vListInitialiseItem
                0x00000620        0x8 ./freertos/src/list.o
                0x00000620                vListInitialiseItem
 .text.vListInsertEnd
                0x00000628       0x1c ./freertos/src/list.o
                0x00000628                vListInsertEnd
 .text.vListInsert
                0x00000644       0x30 ./freertos/src/list.o
                0x00000644                vListInsert
 .text.uxListRemove
                0x00000674       0x24 ./freertos/src/list.o
                0x00000674                uxListRemove
 .text.prvTaskExitError
                0x00000698       0x20 ./freertos/src/port.o
 *fill*         0x000006b8        0x8 ff
 .text.vPortStartFirstTask
                0x000006c0       0x34 ./freertos/src/port.o
 .text.pxPortInitialiseStack
                0x000006f4       0x24 ./freertos/src/port.o
                0x000006f4                pxPortInitialiseStack
 .text.SVC_Handler
                0x00000718        0x4 ./freertos/src/port.o
                0x00000718                SVC_Handler
 .text.vPortEnterCritical
                0x0000071c       0x28 ./freertos/src/port.o
                0x0000071c                vPortEnterCritical
 .text.vPortExitCritical
                0x00000744       0x14 ./freertos/src/port.o
                0x00000744                vPortExitCritical
 *fill*         0x00000758        0x8 ff
 .text.PendSV_Handler
                0x00000760       0x44 ./freertos/src/port.o
                0x00000760                PendSV_Handler
 .text.SysTick_Handler
                0x000007a4       0x30 ./freertos/src/port.o
                0x000007a4                SysTick_Handler
 .text.vPortSetupTimerInterrupt
                0x000007d4       0x2c ./freertos/src/port.o
                0x000007d4                vPortSetupTimerInterrupt
 .text.xPortStartScheduler
                0x00000800       0x50 ./freertos/src/port.o
                0x00000800                xPortStartScheduler
 .text.prvCopyDataToQueue
                0x00000850       0x84 ./freertos/src/queue.o
 .text.prvCopyDataFromQueue
                0x000008d4       0x24 ./freertos/src/queue.o
 .text.prvUnlockQueue
                0x000008f8       0x90 ./freertos/src/queue.o
 .text.xQueueGenericReset
                0x00000988       0x7c ./freertos/src/queue.o
                0x00000988                xQueueGenericReset
 .text.xQueueGenericCreate
                0x00000a04       0x30 ./freertos/src/queue.o
                0x00000a04                xQueueGenericCreate
 .text.xQueueGenericSend
                0x00000a34      0x114 ./freertos/src/queue.o
                0x00000a34                xQueueGenericSend
 .text.xQueueGenericSendFromISR
                0x00000b48       0x70 ./freertos/src/queue.o
                0x00000b48                xQueueGenericSendFromISR
 .text.xQueueReceive
                0x00000bb8      0x11c ./freertos/src/queue.o
                0x00000bb8                xQueueReceive
 .text.vQueueAddToRegistry
                0x00000cd4       0x28 ./freertos/src/queue.o
                0x00000cd4                vQueueAddToRegistry
 .text.vQueueWaitForMessageRestricted
                0x00000cfc       0x50 ./freertos/src/queue.o
                0x00000cfc                vQueueWaitForMessageRestricted
 .text.prvIdleTask
                0x00000d4c       0x70 ./freertos/src/tasks.o
 .text.prvResetNextTaskUnblockTime.part.0
                0x00000dbc       0x18 ./freertos/src/tasks.o
 .text.prvAddCurrentTaskToDelayedList
                0x00000dd4       0x8c ./freertos/src/tasks.o
 .text.xTaskIncrementTick.part.0
                0x00000e60      0x130 ./freertos/src/tasks.o
 .text.vTaskSwitchContext.part.0
                0x00000f90       0x4c ./freertos/src/tasks.o
 .text.xTaskCreate
                0x00000fdc      0x204 ./freertos/src/tasks.o
                0x00000fdc                xTaskCreate
 .text.vTaskSuspend
                0x000011e0       0xf8 ./freertos/src/tasks.o
                0x000011e0                vTaskSuspend
 .text.vTaskStartScheduler
                0x000012d8       0x70 ./freertos/src/tasks.o
                0x000012d8                vTaskStartScheduler
 .text.vTaskSuspendAll
                0x00001348       0x10 ./freertos/src/tasks.o
                0x00001348                vTaskSuspendAll
 .text.xTaskResumeAll
                0x00001358      0x130 ./freertos/src/tasks.o
                0x00001358                xTaskResumeAll
 .text.vTaskDelay
                0x00001488       0x38 ./freertos/src/tasks.o
                0x00001488                vTaskDelay
 .text.xTaskGetTickCount
                0x000014c0        0xc ./freertos/src/tasks.o
                0x000014c0                xTaskGetTickCount
 .text.xTaskIncrementTick
                0x000014cc       0x20 ./freertos/src/tasks.o
                0x000014cc                xTaskIncrementTick
 .text.vTaskSwitchContext
                0x000014ec       0x1c ./freertos/src/tasks.o
                0x000014ec                vTaskSwitchContext
 .text.vTaskPlaceOnEventList
                0x00001508       0x20 ./freertos/src/tasks.o
                0x00001508                vTaskPlaceOnEventList
 .text.vTaskPlaceOnUnorderedEventList
                0x00001528       0x28 ./freertos/src/tasks.o
                0x00001528                vTaskPlaceOnUnorderedEventList
 .text.vTaskPlaceOnEventListRestricted
                0x00001550       0x2c ./freertos/src/tasks.o
                0x00001550                vTaskPlaceOnEventListRestricted
 .text.xTaskRemoveFromEventList
                0x0000157c       0x78 ./freertos/src/tasks.o
                0x0000157c                xTaskRemoveFromEventList
 .text.vTaskRemoveFromUnorderedEventList
                0x000015f4       0x5c ./freertos/src/tasks.o
                0x000015f4                vTaskRemoveFromUnorderedEventList
 .text.vTaskInternalSetTimeOutState
                0x00001650       0x18 ./freertos/src/tasks.o
                0x00001650                vTaskInternalSetTimeOutState
 .text.xTaskCheckForTimeOut
                0x00001668       0x74 ./freertos/src/tasks.o
                0x00001668                xTaskCheckForTimeOut
 .text.vTaskMissedYield
                0x000016dc        0xc ./freertos/src/tasks.o
                0x000016dc                vTaskMissedYield
 .text.xTaskGetSchedulerState
                0x000016e8       0x20 ./freertos/src/tasks.o
                0x000016e8                xTaskGetSchedulerState
 .text.xTaskPriorityDisinherit
                0x00001708       0x84 ./freertos/src/tasks.o
                0x00001708                xTaskPriorityDisinherit
 .text.uxTaskResetEventItemValue
                0x0000178c       0x18 ./freertos/src/tasks.o
                0x0000178c                uxTaskResetEventItemValue
 .text.prvCheckForValidListAndQueue
                0x000017a4       0x5c ./freertos/src/timers.o
 .text.prvInsertTimerInActiveList
                0x00001800       0x44 ./freertos/src/timers.o
 .text.xTimerCreateTimerTask
                0x00001844       0x38 ./freertos/src/timers.o
                0x00001844                xTimerCreateTimerTask
 .text.xTimerGenericCommand
                0x0000187c       0x50 ./freertos/src/timers.o
                0x0000187c                xTimerGenericCommand
 .text.prvSwitchTimerLists
                0x000018cc       0x70 ./freertos/src/timers.o
 .text.prvTimerTask
                0x0000193c      0x1e4 ./freertos/src/timers.o
 .text.xTimerPendFunctionCallFromISR
                0x00001b20       0x2c ./freertos/src/timers.o
                0x00001b20                xTimerPendFunctionCallFromISR
 .text._0_RS485_Init
                0x00001b4c       0x30 ./Communication/RS485/0_RS485.o
                0x00001b4c                _0_RS485_Init
 .text._0_RS485_Master_Mode
                0x00001b7c        0xc ./Communication/RS485/0_RS485.o
                0x00001b7c                _0_RS485_Master_Mode
 .text._0_RS485_Slave_Mode
                0x00001b88        0xc ./Communication/RS485/0_RS485.o
                0x00001b88                _0_RS485_Slave_Mode
 .text._0_Communication_Send_RS485
                0x00001b94       0x68 ./Communication/0_Communication.o
                0x00001b94                _0_Communication_Send_RS485
 .text._0_Communication_Give_Sending_Clearance
                0x00001bfc       0x10 ./Communication/0_Communication.o
                0x00001bfc                _0_Communication_Give_Sending_Clearance
 .text.Chip_UART_SendByte
                0x00001c0c        0x4 ./Communication/0_Communication.o
 .text.Chip_UART_ReadLineStatus
                0x00001c10        0x4 ./Communication/0_Communication.o
 .text._0_Communication_Init_RS485
                0x00001c14       0x6c ./Communication/0_Communication.o
                0x00001c14                _0_Communication_Init_RS485
 .text._0_Communication_Init
                0x00001c80       0x58 ./Communication/0_Communication.o
                0x00001c80                _0_Communication_Init
 .text.UART_IRQHandler
                0x00001cd8       0xac ./Communication/0_Communication.o
                0x00001cd8                UART_IRQHandler
 .text._0_Communication_Send_Data
                0x00001d84       0x8c ./Communication/0_Communication.o
                0x00001d84                _0_Communication_Send_Data
 .text._0_Communication_Init_Event_Group
                0x00001e10       0x10 ./Communication/0_Event_Group.o
                0x00001e10                _0_Communication_Init_Event_Group
 .text._1_Communication_Create_Trame_From_Buffer
                0x00001e20      0x2dc ./Communication/1_Trame_Communication.o
                0x00001e20                _1_Communication_Create_Trame_From_Buffer
 .text._1_Communication_Check_Rx_Adresse
                0x000020fc       0x34 ./Communication/1_Trame_Communication.o
                0x000020fc                _1_Communication_Check_Rx_Adresse
 .text._1_Communication_Recomposition_Rx
                0x00002130       0x54 ./Communication/1_Trame_Communication.o
                0x00002130                _1_Communication_Recomposition_Rx
 .text._1_Communication_Init
                0x00002184       0x34 ./Communication/1_Trame_Communication.o
                0x00002184                _1_Communication_Init
 .text._1_Communication_Create_Message
                0x000021b8       0x80 ./Communication/1_Trame_Communication.o
                0x000021b8                _1_Communication_Create_Message
 .text._1_Communication_Create_Trame
                0x00002238       0x2c ./Communication/1_Trame_Communication.o
                0x00002238                _1_Communication_Create_Trame
 .text._2_Comm_Send_Bootloader_ACK
                0x00002264       0x28 ./Communication/2_Echange_Datas.o
                0x00002264                _2_Comm_Send_Bootloader_ACK
 .text._2_Communication_Interprete_message
                0x0000228c       0x28 ./Communication/2_Echange_Datas_Reception.o
                0x0000228c                _2_Communication_Interprete_message
 .text.Board_Init
                0x000022b4       0x1c D:\Developpement_Robot\Robotic-System\trunk\Workspaces\MultiWorkSpaces_2021\0_lpc_board_nxp_lpcxpresso_1347\Debug\lib0_lpc_board_nxp_lpcxpresso_1347.a(board.o)
                0x000022b4                Board_Init
 .text.Board_SetupMuxing
                0x000022d0       0x38 D:\Developpement_Robot\Robotic-System\trunk\Workspaces\MultiWorkSpaces_2021\0_lpc_board_nxp_lpcxpresso_1347\Debug\lib0_lpc_board_nxp_lpcxpresso_1347.a(board_sysinit.o)
                0x000022d0                Board_SetupMuxing
 .text.Board_SystemInit
                0x00002308       0x18 D:\Developpement_Robot\Robotic-System\trunk\Workspaces\MultiWorkSpaces_2021\0_lpc_board_nxp_lpcxpresso_1347\Debug\lib0_lpc_board_nxp_lpcxpresso_1347.a(board_sysinit.o)
                0x00002308                Board_SystemInit
 .text.SystemCoreClockUpdate
                0x00002320       0x10 D:\Developpement_Robot\Robotic-System\trunk\Workspaces\MultiWorkSpaces_2021\0_lpc_chip_13xx\Debug\lib0_lpc_chip_13xx.a(chip_13xx.o)
                0x00002320                SystemCoreClockUpdate
 .text.Chip_Clock_SetSystemPLLSource
                0x00002330        0xc D:\Developpement_Robot\Robotic-System\trunk\Workspaces\MultiWorkSpaces_2021\0_lpc_chip_13xx\Debug\lib0_lpc_chip_13xx.a(clock_13xx.o)
                0x00002330                Chip_Clock_SetSystemPLLSource
 .text.Chip_Clock_SetMainClockSource
                0x0000233c        0xc D:\Developpement_Robot\Robotic-System\trunk\Workspaces\MultiWorkSpaces_2021\0_lpc_chip_13xx\Debug\lib0_lpc_chip_13xx.a(clock_13xx.o)
                0x0000233c                Chip_Clock_SetMainClockSource
 .text.Chip_Clock_GetMainClockRate
                0x00002348       0x80 D:\Developpement_Robot\Robotic-System\trunk\Workspaces\MultiWorkSpaces_2021\0_lpc_chip_13xx\Debug\lib0_lpc_chip_13xx.a(clock_13xx.o)
                0x00002348                Chip_Clock_GetMainClockRate
 .text.Chip_Clock_GetSystemClockRate
                0x000023c8       0x14 D:\Developpement_Robot\Robotic-System\trunk\Workspaces\MultiWorkSpaces_2021\0_lpc_chip_13xx\Debug\lib0_lpc_chip_13xx.a(clock_13xx.o)
                0x000023c8                Chip_Clock_GetSystemClockRate
 .text.Chip_GPIO_Init
                0x000023dc       0x14 D:\Developpement_Robot\Robotic-System\trunk\Workspaces\MultiWorkSpaces_2021\0_lpc_chip_13xx\Debug\lib0_lpc_chip_13xx.a(gpio_13xx_1.o)
                0x000023dc                Chip_GPIO_Init
 .text.Chip_GPIO_WriteDirBit
                0x000023f0       0x34 D:\Developpement_Robot\Robotic-System\trunk\Workspaces\MultiWorkSpaces_2021\0_lpc_chip_13xx\Debug\lib0_lpc_chip_13xx.a(gpio_13xx_1.o)
                0x000023f0                Chip_GPIO_WriteDirBit
 .text.Chip_IAP_PreSectorForReadWrite
                0x00002424       0x34 D:\Developpement_Robot\Robotic-System\trunk\Workspaces\MultiWorkSpaces_2021\0_lpc_chip_13xx\Debug\lib0_lpc_chip_13xx.a(iap.o)
                0x00002424                Chip_IAP_PreSectorForReadWrite
 .text.Chip_IAP_CopyRamToFlash
                0x00002458       0x50 D:\Developpement_Robot\Robotic-System\trunk\Workspaces\MultiWorkSpaces_2021\0_lpc_chip_13xx\Debug\lib0_lpc_chip_13xx.a(iap.o)
                0x00002458                Chip_IAP_CopyRamToFlash
 .text.Chip_IAP_EraseSector
                0x000024a8       0x48 D:\Developpement_Robot\Robotic-System\trunk\Workspaces\MultiWorkSpaces_2021\0_lpc_chip_13xx\Debug\lib0_lpc_chip_13xx.a(iap.o)
                0x000024a8                Chip_IAP_EraseSector
 .text.iap_entry
                0x000024f0        0x8 D:\Developpement_Robot\Robotic-System\trunk\Workspaces\MultiWorkSpaces_2021\0_lpc_chip_13xx\Debug\lib0_lpc_chip_13xx.a(iap.o)
 .text.Chip_IOCON_PinMuxSet
                0x000024f8        0xc D:\Developpement_Robot\Robotic-System\trunk\Workspaces\MultiWorkSpaces_2021\0_lpc_chip_13xx\Debug\lib0_lpc_chip_13xx.a(iocon_13xx.o)
                0x000024f8                Chip_IOCON_PinMuxSet
 .text.RingBuffer_Insert
                0x00002504       0x5c D:\Developpement_Robot\Robotic-System\trunk\Workspaces\MultiWorkSpaces_2021\0_lpc_chip_13xx\Debug\lib0_lpc_chip_13xx.a(ring_buffer.o)
                0x00002504                RingBuffer_Insert
 .text.RingBuffer_InsertMult
                0x00002560      0x124 D:\Developpement_Robot\Robotic-System\trunk\Workspaces\MultiWorkSpaces_2021\0_lpc_chip_13xx\Debug\lib0_lpc_chip_13xx.a(ring_buffer.o)
                0x00002560                RingBuffer_InsertMult
 .text.RingBuffer_Pop
                0x00002684       0x5c D:\Developpement_Robot\Robotic-System\trunk\Workspaces\MultiWorkSpaces_2021\0_lpc_chip_13xx\Debug\lib0_lpc_chip_13xx.a(ring_buffer.o)
                0x00002684                RingBuffer_Pop
 .text.RingBuffer_PopMult
                0x000026e0      0x124 D:\Developpement_Robot\Robotic-System\trunk\Workspaces\MultiWorkSpaces_2021\0_lpc_chip_13xx\Debug\lib0_lpc_chip_13xx.a(ring_buffer.o)
                0x000026e0                RingBuffer_PopMult
 .text.RingBuffer_Count
                0x00002804       0x18 D:\Developpement_Robot\Robotic-System\trunk\Workspaces\MultiWorkSpaces_2021\0_lpc_chip_13xx\Debug\lib0_lpc_chip_13xx.a(ring_buffer.o)
                0x00002804                RingBuffer_Count
 .text.RingBuffer_GetCount
                0x0000281c        0x8 D:\Developpement_Robot\Robotic-System\trunk\Workspaces\MultiWorkSpaces_2021\0_lpc_chip_13xx\Debug\lib0_lpc_chip_13xx.a(ring_buffer.o)
 .text.RingBuffer_GetFree
                0x00002824        0xc D:\Developpement_Robot\Robotic-System\trunk\Workspaces\MultiWorkSpaces_2021\0_lpc_chip_13xx\Debug\lib0_lpc_chip_13xx.a(ring_buffer.o)
 .text.RingBuffer_IsFull
                0x00002830       0x14 D:\Developpement_Robot\Robotic-System\trunk\Workspaces\MultiWorkSpaces_2021\0_lpc_chip_13xx\Debug\lib0_lpc_chip_13xx.a(ring_buffer.o)
 .text.RingBuffer_IsEmpty
                0x00002844       0x10 D:\Developpement_Robot\Robotic-System\trunk\Workspaces\MultiWorkSpaces_2021\0_lpc_chip_13xx\Debug\lib0_lpc_chip_13xx.a(ring_buffer.o)
 .text.RingBuffer_Init
                0x00002854       0x14 D:\Developpement_Robot\Robotic-System\trunk\Workspaces\MultiWorkSpaces_2021\0_lpc_chip_13xx\Debug\lib0_lpc_chip_13xx.a(ring_buffer.o)
                0x00002854                RingBuffer_Init
 .text.Chip_SYSCTL_PowerDown
                0x00002868       0x1c D:\Developpement_Robot\Robotic-System\trunk\Workspaces\MultiWorkSpaces_2021\0_lpc_chip_13xx\Debug\lib0_lpc_chip_13xx.a(sysctl_13xx.o)
                0x00002868                Chip_SYSCTL_PowerDown
 .text.Chip_SYSCTL_PowerUp
                0x00002884       0x20 D:\Developpement_Robot\Robotic-System\trunk\Workspaces\MultiWorkSpaces_2021\0_lpc_chip_13xx\Debug\lib0_lpc_chip_13xx.a(sysctl_13xx.o)
                0x00002884                Chip_SYSCTL_PowerUp
 .text.Chip_SetupXtalClocking
                0x000028a4       0x6c D:\Developpement_Robot\Robotic-System\trunk\Workspaces\MultiWorkSpaces_2021\0_lpc_chip_13xx\Debug\lib0_lpc_chip_13xx.a(sysinit_13xx.o)
                0x000028a4                Chip_SetupXtalClocking
 .text.Chip_TIMER_Init
                0x00002910       0x40 D:\Developpement_Robot\Robotic-System\trunk\Workspaces\MultiWorkSpaces_2021\0_lpc_chip_13xx\Debug\lib0_lpc_chip_13xx.a(timer_13xx.o)
                0x00002910                Chip_TIMER_Init
 .text.Chip_UART_Init
                0x00002950       0x2c D:\Developpement_Robot\Robotic-System\trunk\Workspaces\MultiWorkSpaces_2021\0_lpc_chip_13xx\Debug\lib0_lpc_chip_13xx.a(uart_13xx.o)
                0x00002950                Chip_UART_Init
 .text.Chip_UART_SetBaud
                0x0000297c       0x30 D:\Developpement_Robot\Robotic-System\trunk\Workspaces\MultiWorkSpaces_2021\0_lpc_chip_13xx\Debug\lib0_lpc_chip_13xx.a(uart_13xx.o)
                0x0000297c                Chip_UART_SetBaud
 .text.Chip_UART_TXIntHandlerRB
                0x000029ac       0x30 D:\Developpement_Robot\Robotic-System\trunk\Workspaces\MultiWorkSpaces_2021\0_lpc_chip_13xx\Debug\lib0_lpc_chip_13xx.a(uart_13xx.o)
                0x000029ac                Chip_UART_TXIntHandlerRB
 .text.Chip_UART_IRQRBHandler
                0x000029dc       0x44 D:\Developpement_Robot\Robotic-System\trunk\Workspaces\MultiWorkSpaces_2021\0_lpc_chip_13xx\Debug\lib0_lpc_chip_13xx.a(uart_13xx.o)
                0x000029dc                Chip_UART_IRQRBHandler
 .text.malloc   0x00002a20       0x10 c:/nxp/mcuxpressoide_11.2.1_4149/ide/plugins/com.nxp.mcuxpresso.tools.win32_11.2.0.202008311134/tools/bin/../lib/gcc/arm-none-eabi/9.2.1/../../../../arm-none-eabi/lib/thumb/v7-m/nofp\libc_nano.a(lib_a-malloc.o)
                0x00002a20                malloc
 .text.free     0x00002a30       0x10 c:/nxp/mcuxpressoide_11.2.1_4149/ide/plugins/com.nxp.mcuxpresso.tools.win32_11.2.0.202008311134/tools/bin/../lib/gcc/arm-none-eabi/9.2.1/../../../../arm-none-eabi/lib/thumb/v7-m/nofp\libc_nano.a(lib_a-malloc.o)
                0x00002a30                free
 .text.memcpy   0x00002a40       0x1c c:/nxp/mcuxpressoide_11.2.1_4149/ide/plugins/com.nxp.mcuxpresso.tools.win32_11.2.0.202008311134/tools/bin/../lib/gcc/arm-none-eabi/9.2.1/../../../../arm-none-eabi/lib/thumb/v7-m/nofp\libc_nano.a(lib_a-memcpy-stub.o)
                0x00002a40                memcpy
 .text.memset   0x00002a5c       0x10 c:/nxp/mcuxpressoide_11.2.1_4149/ide/plugins/com.nxp.mcuxpresso.tools.win32_11.2.0.202008311134/tools/bin/../lib/gcc/arm-none-eabi/9.2.1/../../../../arm-none-eabi/lib/thumb/v7-m/nofp\libc_nano.a(lib_a-memset.o)
                0x00002a5c                memset
 .text._free_r  0x00002a6c       0x98 c:/nxp/mcuxpressoide_11.2.1_4149/ide/plugins/com.nxp.mcuxpresso.tools.win32_11.2.0.202008311134/tools/bin/../lib/gcc/arm-none-eabi/9.2.1/../../../../arm-none-eabi/lib/thumb/v7-m/nofp\libc_nano.a(lib_a-nano-freer.o)
                0x00002a6c                _free_r
 .text._malloc_r
                0x00002b04       0xb4 c:/nxp/mcuxpressoide_11.2.1_4149/ide/plugins/com.nxp.mcuxpresso.tools.win32_11.2.0.202008311134/tools/bin/../lib/gcc/arm-none-eabi/9.2.1/../../../../arm-none-eabi/lib/thumb/v7-m/nofp\libc_nano.a(lib_a-nano-mallocr.o)
                0x00002b04                _malloc_r
 .text._sbrk_r  0x00002bb8       0x20 c:/nxp/mcuxpressoide_11.2.1_4149/ide/plugins/com.nxp.mcuxpresso.tools.win32_11.2.0.202008311134/tools/bin/../lib/gcc/arm-none-eabi/9.2.1/../../../../arm-none-eabi/lib/thumb/v7-m/nofp\libc_nano.a(lib_a-sbrkr.o)
                0x00002bb8                _sbrk_r
 .text.__malloc_lock
                0x00002bd8        0xc c:/nxp/mcuxpressoide_11.2.1_4149/ide/plugins/com.nxp.mcuxpresso.tools.win32_11.2.0.202008311134/tools/bin/../lib/gcc/arm-none-eabi/9.2.1/../../../../arm-none-eabi/lib/thumb/v7-m/nofp\libc_nano.a(lib_a-mlock.o)
                0x00002bd8                __malloc_lock
 .text.__malloc_unlock
                0x00002be4        0xc c:/nxp/mcuxpressoide_11.2.1_4149/ide/plugins/com.nxp.mcuxpresso.tools.win32_11.2.0.202008311134/tools/bin/../lib/gcc/arm-none-eabi/9.2.1/../../../../arm-none-eabi/lib/thumb/v7-m/nofp\libc_nano.a(lib_a-mlock.o)
                0x00002be4                __malloc_unlock
 .text.__retarget_lock_acquire_recursive
                0x00002bf0        0x2 c:/nxp/mcuxpressoide_11.2.1_4149/ide/plugins/com.nxp.mcuxpresso.tools.win32_11.2.0.202008311134/tools/bin/../lib/gcc/arm-none-eabi/9.2.1/../../../../arm-none-eabi/lib/thumb/v7-m/nofp\libc_nano.a(lib_a-lock.o)
                0x00002bf0                __retarget_lock_acquire_recursive
 .text.__retarget_lock_release_recursive
                0x00002bf2        0x2 c:/nxp/mcuxpressoide_11.2.1_4149/ide/plugins/com.nxp.mcuxpresso.tools.win32_11.2.0.202008311134/tools/bin/../lib/gcc/arm-none-eabi/9.2.1/../../../../arm-none-eabi/lib/thumb/v7-m/nofp\libc_nano.a(lib_a-lock.o)
                0x00002bf2                __retarget_lock_release_recursive
 .text._sbrk    0x00002bf4       0x3c c:/nxp/mcuxpressoide_11.2.1_4149/ide/plugins/com.nxp.mcuxpresso.tools.win32_11.2.0.202008311134/tools/bin/../lib/gcc/arm-none-eabi/9.2.1/../../../../arm-none-eabi/lib/thumb/v7-m/nofp\libcr_newlib_none.a(_cr_sbrk.o)
                0x00002bf4                _sbrk
 .text.__check_heap_overflow
                0x00002c30       0x14 c:/nxp/mcuxpressoide_11.2.1_4149/ide/plugins/com.nxp.mcuxpresso.tools.win32_11.2.0.202008311134/tools/bin/../lib/gcc/arm-none-eabi/9.2.1/../../../../arm-none-eabi/lib/thumb/v7-m/nofp\libcr_newlib_none.a(_cr_check_heap.o)
                0x00002c30                __check_heap_overflow
 .text.__errno  0x00002c44        0xc c:/nxp/mcuxpressoide_11.2.1_4149/ide/plugins/com.nxp.mcuxpresso.tools.win32_11.2.0.202008311134/tools/bin/../lib/gcc/arm-none-eabi/9.2.1/../../../../arm-none-eabi/lib/thumb/v7-m/nofp\libc_nano.a(lib_a-errno.o)
                0x00002c44                __errno
 *(.rodata .rodata.* .constdata .constdata.*)
 .rodata.main.str1.4
                0x00002c50       0x2c ./src/main.o
 .rodata.vTaskStartScheduler.str1.4
                0x00002c7c        0x5 ./freertos/src/tasks.o
 *fill*         0x00002c81        0x3 ff
 .rodata.prvCheckForValidListAndQueue.str1.4
                0x00002c84        0x5 ./freertos/src/timers.o
 *fill*         0x00002c89        0x3 ff
 .rodata.xTimerCreateTimerTask.str1.4
                0x00002c8c        0x8 ./freertos/src/timers.o
 .rodata        0x00002c94       0x25 ./Communication/0_Communication.o
 *fill*         0x00002cb9        0x3 ff
 .rodata        0x00002cbc       0x11 ./Communication/1_Trame_Communication.o
 *fill*         0x00002ccd        0x3 ff
 .rodata.OscRateIn
                0x00002cd0        0x4 D:\Developpement_Robot\Robotic-System\trunk\Workspaces\MultiWorkSpaces_2021\0_lpc_board_nxp_lpcxpresso_1347\Debug\lib0_lpc_board_nxp_lpcxpresso_1347.a(board.o)
                0x00002cd0                OscRateIn
 .rodata.pinmuxing
                0x00002cd4       0x30 D:\Developpement_Robot\Robotic-System\trunk\Workspaces\MultiWorkSpaces_2021\0_lpc_board_nxp_lpcxpresso_1347\Debug\lib0_lpc_board_nxp_lpcxpresso_1347.a(board_sysinit.o)
 .rodata.wdtOSCRate
                0x00002d04       0x40 D:\Developpement_Robot\Robotic-System\trunk\Workspaces\MultiWorkSpaces_2021\0_lpc_chip_13xx\Debug\lib0_lpc_chip_13xx.a(clock_13xx.o)
                0x00002d44                . = ALIGN (0x4)

.glue_7         0x00002d44        0x0
 .glue_7        0x00002d44        0x0 linker stubs

.glue_7t        0x00002d44        0x0
 .glue_7t       0x00002d44        0x0 linker stubs

.vfp11_veneer   0x00002d44        0x0
 .vfp11_veneer  0x00002d44        0x0 linker stubs

.v4_bx          0x00002d44        0x0
 .v4_bx         0x00002d44        0x0 linker stubs

.iplt           0x00002d44        0x0
 .iplt          0x00002d44        0x0 ./src/Bootloader.o

.rel.dyn        0x00002d44        0x0
 .rel.iplt      0x00002d44        0x0 ./src/Bootloader.o

.ARM.extab
 *(.ARM.extab* .gnu.linkonce.armextab.*)

.ARM.exidx      0x00002d44        0x0
                0x00002d44                __exidx_start = .
 *(.ARM.exidx* .gnu.linkonce.armexidx.*)
                0x00002d44                __exidx_end = .
                0x00002d44                _etext = .

.data_RAM2      0x20004000        0x0 load address 0x00002d44
 FILL mask 0xff
                [!provide]                PROVIDE (__start_data_RAM2 = .)
                [!provide]                PROVIDE (__start_data_RamUsb2 = .)
 *(.ramfunc.$RAM2)
 *(.ramfunc.$RamUsb2)
 *(.data.$RAM2)
 *(.data.$RamUsb2)
 *(.data.$RAM2.*)
 *(.data.$RamUsb2.*)
                0x20004000                . = ALIGN (0x4)
                [!provide]                PROVIDE (__end_data_RAM2 = .)
                [!provide]                PROVIDE (__end_data_RamUsb2 = .)

.data_RAM3      0x20000000        0x0 load address 0x00002d44
 FILL mask 0xff
                [!provide]                PROVIDE (__start_data_RAM3 = .)
                [!provide]                PROVIDE (__start_data_RamPeriph2 = .)
 *(.ramfunc.$RAM3)
 *(.ramfunc.$RamPeriph2)
 *(.data.$RAM3)
 *(.data.$RamPeriph2)
 *(.data.$RAM3.*)
 *(.data.$RamPeriph2.*)
                0x20000000                . = ALIGN (0x4)
                [!provide]                PROVIDE (__end_data_RAM3 = .)
                [!provide]                PROVIDE (__end_data_RamPeriph2 = .)

.uninit_RESERVED
                0x10000000        0x0
                0x10000000                _start_uninit_RESERVED = .
 *(.bss.$RESERVED*)
                0x10000000                . = ALIGN (0x4)
                0x10000000                _end_uninit_RESERVED = .

.data           0x10000000       0xac load address 0x00002d44
 FILL mask 0xff
                0x10000000                _data = .
                [!provide]                PROVIDE (__start_data_RAM = .)
                [!provide]                PROVIDE (__start_data_RamLoc8 = .)
 *(vtable)
 *(.ramfunc*)
 *(CodeQuickAccess)
 *(DataQuickAccess)
 *(RamFunction)
 *(.data*)
 .data.sector_start_map
                0x10000000       0x40 ./src/Bootloader.o
                0x10000000                sector_start_map
 .data.uxCriticalNesting
                0x10000040        0x4 ./freertos/src/port.o
 .data.is_RunApplication_running
                0x10000044        0x1 ./Communication/1_Trame_Communication.o
                0x10000044                is_RunApplication_running
 *fill*         0x10000045        0x3 ff
 .data._impure_ptr
                0x10000048        0x4 c:/nxp/mcuxpressoide_11.2.1_4149/ide/plugins/com.nxp.mcuxpresso.tools.win32_11.2.0.202008311134/tools/bin/../lib/gcc/arm-none-eabi/9.2.1/../../../../arm-none-eabi/lib/thumb/v7-m/nofp\libc_nano.a(lib_a-impure.o)
                0x10000048                _impure_ptr
 .data.impure_data
                0x1000004c       0x60 c:/nxp/mcuxpressoide_11.2.1_4149/ide/plugins/com.nxp.mcuxpresso.tools.win32_11.2.0.202008311134/tools/bin/../lib/gcc/arm-none-eabi/9.2.1/../../../../arm-none-eabi/lib/thumb/v7-m/nofp\libc_nano.a(lib_a-impure.o)
                0x100000ac                . = ALIGN (0x4)
                0x100000ac                _edata = .
                [!provide]                PROVIDE (__end_data_RAM = .)
                [!provide]                PROVIDE (__end_data_RamLoc8 = .)

.igot.plt       0x100000ac        0x0 load address 0x00002df0
 .igot.plt      0x100000ac        0x0 ./src/Bootloader.o

.bss_RAM2       0x20004000        0x0
                [!provide]                PROVIDE (__start_bss_RAM2 = .)
                [!provide]                PROVIDE (__start_bss_RamUsb2 = .)
 *(.bss.$RAM2)
 *(.bss.$RamUsb2)
 *(.bss.$RAM2.*)
 *(.bss.$RamUsb2.*)
                0x20004000                . = ALIGN ((. != 0x0)?0x4:0x1)
                [!provide]                PROVIDE (__end_bss_RAM2 = .)
                [!provide]                PROVIDE (__end_bss_RamUsb2 = .)

.bss_RAM3       0x20000000        0x0
                [!provide]                PROVIDE (__start_bss_RAM3 = .)
                [!provide]                PROVIDE (__start_bss_RamPeriph2 = .)
 *(.bss.$RAM3)
 *(.bss.$RamPeriph2)
 *(.bss.$RAM3.*)
 *(.bss.$RamPeriph2.*)
                0x20000000                . = ALIGN ((. != 0x0)?0x4:0x1)
                [!provide]                PROVIDE (__end_bss_RAM3 = .)
                [!provide]                PROVIDE (__end_bss_RamPeriph2 = .)

.bss            0x100000ac      0x678
                0x100000ac                _bss = .
                [!provide]                PROVIDE (__start_bss_RAM = .)
                [!provide]                PROVIDE (__start_bss_RamLoc8 = .)
 *(.bss*)
 .bss.LedState  0x100000ac        0x1 ./src/Bootloader_Data.o
                0x100000ac                LedState
 *fill*         0x100000ad        0x3 
 .bss.Offset_Adresse_Ecriture
                0x100000b0        0x4 ./src/Bootloader_Data.o
                0x100000b0                Offset_Adresse_Ecriture
 .bss.block_start_address
                0x100000b4        0x4 ./src/Bootloader_Data.o
                0x100000b4                block_start_address
 .bss.last_erased_sector
                0x100000b8        0x4 ./src/Flash_iap.o
                0x100000b8                last_erased_sector
 .bss.Run_Application_Handler
                0x100000bc        0x4 ./src/main.o
                0x100000bc                Run_Application_Handler
 .bss.pxCurrentTCB
                0x100000c0        0x4 ./freertos/src/tasks.o
                0x100000c0                pxCurrentTCB
 .bss.pxDelayedTaskList
                0x100000c4        0x4 ./freertos/src/tasks.o
 .bss.pxOverflowDelayedTaskList
                0x100000c8        0x4 ./freertos/src/tasks.o
 .bss.pxReadyTasksLists
                0x100000cc       0x64 ./freertos/src/tasks.o
 .bss.uxCurrentNumberOfTasks
                0x10000130        0x4 ./freertos/src/tasks.o
 .bss.uxDeletedTasksWaitingCleanUp
                0x10000134        0x4 ./freertos/src/tasks.o
 .bss.uxSchedulerSuspended
                0x10000138        0x4 ./freertos/src/tasks.o
 .bss.uxTaskNumber
                0x1000013c        0x4 ./freertos/src/tasks.o
 .bss.uxTopReadyPriority
                0x10000140        0x4 ./freertos/src/tasks.o
 .bss.xDelayedTaskList1
                0x10000144       0x14 ./freertos/src/tasks.o
 .bss.xDelayedTaskList2
                0x10000158       0x14 ./freertos/src/tasks.o
 .bss.xIdleTaskHandle
                0x1000016c        0x4 ./freertos/src/tasks.o
 .bss.xNextTaskUnblockTime
                0x10000170        0x4 ./freertos/src/tasks.o
 .bss.xNumOfOverflows
                0x10000174        0x4 ./freertos/src/tasks.o
 .bss.xPendedTicks
                0x10000178        0x4 ./freertos/src/tasks.o
 .bss.xPendingReadyList
                0x1000017c       0x14 ./freertos/src/tasks.o
 .bss.xSchedulerRunning
                0x10000190        0x4 ./freertos/src/tasks.o
 .bss.xSuspendedTaskList
                0x10000194       0x14 ./freertos/src/tasks.o
 .bss.xTasksWaitingTermination
                0x100001a8       0x14 ./freertos/src/tasks.o
 .bss.xTickCount
                0x100001bc        0x4 ./freertos/src/tasks.o
 .bss.xYieldPending
                0x100001c0        0x4 ./freertos/src/tasks.o
 .bss.pxCurrentTimerList
                0x100001c4        0x4 ./freertos/src/timers.o
 .bss.pxOverflowTimerList
                0x100001c8        0x4 ./freertos/src/timers.o
 .bss.xActiveTimerList1
                0x100001cc       0x14 ./freertos/src/timers.o
 .bss.xActiveTimerList2
                0x100001e0       0x14 ./freertos/src/timers.o
 .bss.xLastTime.8307
                0x100001f4        0x4 ./freertos/src/timers.o
 .bss.xTimerQueue
                0x100001f8        0x4 ./freertos/src/timers.o
 .bss.xTimerTaskHandle
                0x100001fc        0x4 ./freertos/src/timers.o
 .bss.Message.9237
                0x10000200       0x5d ./Communication/0_Communication.o
 .bss.already_flaged.9232
                0x1000025d        0x1 ./Communication/0_Communication.o
 *fill*         0x1000025e        0x2 
 .bss.g_txBuff.9238
                0x10000260       0x80 ./Communication/0_Communication.o
 .bss.boucle.9291
                0x100002e0        0x1 ./Communication/1_Trame_Communication.o
 *fill*         0x100002e1        0x1 
 .bss.API_LENGTH.9287
                0x100002e2        0x2 ./Communication/1_Trame_Communication.o
 .bss.Nb_Erreurs_com
                0x100002e4        0x4 ./Communication/1_Trame_Communication.o
                0x100002e4                Nb_Erreurs_com
 .bss.Nb_Messages_recus
                0x100002e8        0x4 ./Communication/1_Trame_Communication.o
                0x100002e8                Nb_Messages_recus
 .bss.Nb_Messages_Interpretes
                0x100002ec        0x4 ./Communication/2_Echange_Datas_Reception.o
 .bss.__malloc_free_list
                0x100002f0        0x4 c:/nxp/mcuxpressoide_11.2.1_4149/ide/plugins/com.nxp.mcuxpresso.tools.win32_11.2.0.202008311134/tools/bin/../lib/gcc/arm-none-eabi/9.2.1/../../../../arm-none-eabi/lib/thumb/v7-m/nofp\libc_nano.a(lib_a-nano-mallocr.o)
                0x100002f0                __malloc_free_list
 .bss.__malloc_sbrk_start
                0x100002f4        0x4 c:/nxp/mcuxpressoide_11.2.1_4149/ide/plugins/com.nxp.mcuxpresso.tools.win32_11.2.0.202008311134/tools/bin/../lib/gcc/arm-none-eabi/9.2.1/../../../../arm-none-eabi/lib/thumb/v7-m/nofp\libc_nano.a(lib_a-nano-mallocr.o)
                0x100002f4                __malloc_sbrk_start
 .bss.__end_of_heap
                0x100002f8        0x4 c:/nxp/mcuxpressoide_11.2.1_4149/ide/plugins/com.nxp.mcuxpresso.tools.win32_11.2.0.202008311134/tools/bin/../lib/gcc/arm-none-eabi/9.2.1/../../../../arm-none-eabi/lib/thumb/v7-m/nofp\libcr_newlib_none.a(_cr_sbrk.o)
                0x100002f8                __end_of_heap
 *(COMMON)
 COMMON         0x100002fc       0x28 ./src/Bootloader.o
                0x100002fc                param_table
                0x10000310                result_table
 COMMON         0x10000324      0x100 ./src/Bootloader_Data.o
                0x10000324                flash_buf
 COMMON         0x10000424       0x50 ./freertos/src/queue.o
                0x10000424                xQueueRegistry
 COMMON         0x10000474      0x12c ./Communication/0_Communication.o
                0x10000474                txring
                0x10000488                txbuff
                0x10000508                rxbuff_RS485
                0x10000588                _1_xQueue_Message_TO_Send
                0x1000058c                rxring_RS485
 COMMON         0x100005a0        0x4 ./Communication/0_Event_Group.o
                0x100005a0                _0_Comm_EventGroup
 COMMON         0x100005a4      0x113 ./Communication/1_Trame_Communication.o
                0x100005a4                received_trame
                0x100005fc                Message_To_Send
                0x1000065c                Data_rx
 *fill*         0x100006b7        0x1 
 COMMON         0x100006b8       0x56 ./Communication/2_Echange_Datas.o
                0x100006b8                trame_echange
 *fill*         0x1000070e        0x2 
 COMMON         0x10000710        0x4 D:\Developpement_Robot\Robotic-System\trunk\Workspaces\MultiWorkSpaces_2021\0_lpc_chip_13xx\Debug\lib0_lpc_chip_13xx.a(chip_13xx.o)
                0x10000710                SystemCoreClock
 COMMON         0x10000714        0x4 c:/nxp/mcuxpressoide_11.2.1_4149/ide/plugins/com.nxp.mcuxpresso.tools.win32_11.2.0.202008311134/tools/bin/../lib/gcc/arm-none-eabi/9.2.1/../../../../arm-none-eabi/lib/thumb/v7-m/nofp\libc_nano.a(lib_a-reent.o)
                0x10000714                errno
 COMMON         0x10000718        0x9 c:/nxp/mcuxpressoide_11.2.1_4149/ide/plugins/com.nxp.mcuxpresso.tools.win32_11.2.0.202008311134/tools/bin/../lib/gcc/arm-none-eabi/9.2.1/../../../../arm-none-eabi/lib/thumb/v7-m/nofp\libc_nano.a(lib_a-lock.o)
                0x10000718                __lock___atexit_recursive_mutex
                0x10000719                __lock___arc4random_mutex
                0x1000071a                __lock___env_recursive_mutex
                0x1000071b                __lock___sinit_recursive_mutex
                0x1000071c                __lock___malloc_recursive_mutex
                0x1000071d                __lock___at_quick_exit_mutex
                0x1000071e                __lock___dd_hash_mutex
                0x1000071f                __lock___tz_mutex
                0x10000720                __lock___sfp_recursive_mutex
                0x10000724                . = ALIGN (0x4)
 *fill*         0x10000721        0x3 
                0x10000724                _ebss = .
                [!provide]                PROVIDE (__end_bss_RAM = .)
                [!provide]                PROVIDE (__end_bss_RamLoc8 = .)
                [!provide]                PROVIDE (end = .)

.noinit_RAM2    0x20004000        0x0
                [!provide]                PROVIDE (__start_noinit_RAM2 = .)
                [!provide]                PROVIDE (__start_noinit_RamUsb2 = .)
 *(.noinit.$RAM2)
 *(.noinit.$RamUsb2)
 *(.noinit.$RAM2.*)
 *(.noinit.$RamUsb2.*)
                0x20004000                . = ALIGN (0x4)
                [!provide]                PROVIDE (__end_noinit_RAM2 = .)
                [!provide]                PROVIDE (__end_noinit_RamUsb2 = .)

.noinit_RAM3    0x20000000        0x0
                [!provide]                PROVIDE (__start_noinit_RAM3 = .)
                [!provide]                PROVIDE (__start_noinit_RamPeriph2 = .)
 *(.noinit.$RAM3)
 *(.noinit.$RamPeriph2)
 *(.noinit.$RAM3.*)
 *(.noinit.$RamPeriph2.*)
                0x20000000                . = ALIGN (0x4)
                [!provide]                PROVIDE (__end_noinit_RAM3 = .)
                [!provide]                PROVIDE (__end_noinit_RamPeriph2 = .)

.noinit         0x10000724        0x0
                0x10000724                _noinit = .
                [!provide]                PROVIDE (__start_noinit_RAM = .)
                [!provide]                PROVIDE (__start_noinit_RamLoc8 = .)
 *(.noinit*)
                0x10000724                . = ALIGN (0x4)
                0x10000724                _end_noinit = .
                [!provide]                PROVIDE (__end_noinit_RAM = .)
                [!provide]                PROVIDE (__end_noinit_RamLoc8 = .)
                0x10000724                PROVIDE (_pvHeapStart = DEFINED (__user_heap_base)?__user_heap_base:.)
                0x10002000                PROVIDE (_vStackTop = DEFINED (__user_stack_top)?__user_stack_top:(__top_RamLoc8 - 0x0))
                [!provide]                PROVIDE (__valid_user_code_checksum = (0x0 - ((((((_vStackTop + (ResetISR + 0x1)) + (NMI_Handler + 0x1)) + (HardFault_Handler + 0x1)) + (DEFINED (MemManage_Handler)?MemManage_Handler:0x0 + 0x1)) + (DEFINED (BusFault_Handler)?BusFault_Handler:0x0 + 0x1)) + (DEFINED (UsageFault_Handler)?UsageFault_Handler:0x0 + 0x1))))
                0x00000000                _image_start = LOADADDR (.text)
                0x00002df0                _image_end = (LOADADDR (.data) + SIZEOF (.data))
                0x00002df0                _image_size = (_image_end - _image_start)
OUTPUT(1_Bootloader_1347.axf elf32-littlearm)

.debug_info     0x00000000    0x1ea73
 .debug_info    0x00000000      0xcef ./src/Bootloader.o
 .debug_info    0x00000cef      0xfe0 ./src/Bootloader_Data.o
 .debug_info    0x00001ccf      0xb49 ./src/Flash_iap.o
 .debug_info    0x00002818      0xc29 ./src/Init.o
 .debug_info    0x00003441      0x38e ./src/cr_startup_lpc13xx.o
 .debug_info    0x000037cf     0x1291 ./src/main.o
 .debug_info    0x00004a60      0x9b3 ./src/sysinit.o
 .debug_info    0x00005413     0x13f9 ./freertos/src/event_groups.o
 .debug_info    0x0000680c      0xa8a ./freertos/src/heap_3.o
 .debug_info    0x00007296      0xbdf ./freertos/src/list.o
 .debug_info    0x00007e75      0xd17 ./freertos/src/port.o
 .debug_info    0x00008b8c     0x264f ./freertos/src/queue.o
 .debug_info    0x0000b1db     0x2ead ./freertos/src/tasks.o
 .debug_info    0x0000e088     0x1d07 ./freertos/src/timers.o
 .debug_info    0x0000fd8f      0xe55 ./Communication/RS485/0_RS485.o
 .debug_info    0x00010be4     0x1ba1 ./Communication/0_Communication.o
 .debug_info    0x00012785      0x9e4 ./Communication/0_Event_Group.o
 .debug_info    0x00013169     0x17a1 ./Communication/1_Trame_Communication.o
 .debug_info    0x0001490a      0xcfa ./Communication/2_Echange_Datas.o
 .debug_info    0x00015604      0xcf8 ./Communication/2_Echange_Datas_Reception.o
 .debug_info    0x000162fc     0x1201 D:\Developpement_Robot\Robotic-System\trunk\Workspaces\MultiWorkSpaces_2021\0_lpc_board_nxp_lpcxpresso_1347\Debug\lib0_lpc_board_nxp_lpcxpresso_1347.a(board.o)
 .debug_info    0x000174fd     0x115c D:\Developpement_Robot\Robotic-System\trunk\Workspaces\MultiWorkSpaces_2021\0_lpc_board_nxp_lpcxpresso_1347\Debug\lib0_lpc_board_nxp_lpcxpresso_1347.a(board_sysinit.o)
 .debug_info    0x00018659      0x6f9 D:\Developpement_Robot\Robotic-System\trunk\Workspaces\MultiWorkSpaces_2021\0_lpc_chip_13xx\Debug\lib0_lpc_chip_13xx.a(chip_13xx.o)
 .debug_info    0x00018d52      0xb87 D:\Developpement_Robot\Robotic-System\trunk\Workspaces\MultiWorkSpaces_2021\0_lpc_chip_13xx\Debug\lib0_lpc_chip_13xx.a(clock_13xx.o)
 .debug_info    0x000198d9      0xb1e D:\Developpement_Robot\Robotic-System\trunk\Workspaces\MultiWorkSpaces_2021\0_lpc_chip_13xx\Debug\lib0_lpc_chip_13xx.a(gpio_13xx_1.o)
 .debug_info    0x0001a3f7      0x5d2 D:\Developpement_Robot\Robotic-System\trunk\Workspaces\MultiWorkSpaces_2021\0_lpc_chip_13xx\Debug\lib0_lpc_chip_13xx.a(iap.o)
 .debug_info    0x0001a9c9      0x1bb D:\Developpement_Robot\Robotic-System\trunk\Workspaces\MultiWorkSpaces_2021\0_lpc_chip_13xx\Debug\lib0_lpc_chip_13xx.a(iocon_13xx.o)
 .debug_info    0x0001ab84      0xed4 D:\Developpement_Robot\Robotic-System\trunk\Workspaces\MultiWorkSpaces_2021\0_lpc_chip_13xx\Debug\lib0_lpc_chip_13xx.a(ring_buffer.o)
 .debug_info    0x0001ba58      0x623 D:\Developpement_Robot\Robotic-System\trunk\Workspaces\MultiWorkSpaces_2021\0_lpc_chip_13xx\Debug\lib0_lpc_chip_13xx.a(sysctl_13xx.o)
 .debug_info    0x0001c07b      0x9f5 D:\Developpement_Robot\Robotic-System\trunk\Workspaces\MultiWorkSpaces_2021\0_lpc_chip_13xx\Debug\lib0_lpc_chip_13xx.a(sysinit_13xx.o)
 .debug_info    0x0001ca70      0x954 D:\Developpement_Robot\Robotic-System\trunk\Workspaces\MultiWorkSpaces_2021\0_lpc_chip_13xx\Debug\lib0_lpc_chip_13xx.a(timer_13xx.o)
 .debug_info    0x0001d3c4     0x16af D:\Developpement_Robot\Robotic-System\trunk\Workspaces\MultiWorkSpaces_2021\0_lpc_chip_13xx\Debug\lib0_lpc_chip_13xx.a(uart_13xx.o)

.debug_abbrev   0x00000000     0x58e4
 .debug_abbrev  0x00000000      0x273 ./src/Bootloader.o
 .debug_abbrev  0x00000273      0x35c ./src/Bootloader_Data.o
 .debug_abbrev  0x000005cf      0x269 ./src/Flash_iap.o
 .debug_abbrev  0x00000838      0x215 ./src/Init.o
 .debug_abbrev  0x00000a4d      0x1c0 ./src/cr_startup_lpc13xx.o
 .debug_abbrev  0x00000c0d      0x388 ./src/main.o
 .debug_abbrev  0x00000f95      0x1bb ./src/sysinit.o
 .debug_abbrev  0x00001150      0x3c0 ./freertos/src/event_groups.o
 .debug_abbrev  0x00001510      0x24c ./freertos/src/heap_3.o
 .debug_abbrev  0x0000175c      0x20b ./freertos/src/list.o
 .debug_abbrev  0x00001967      0x3a3 ./freertos/src/port.o
 .debug_abbrev  0x00001d0a      0x466 ./freertos/src/queue.o
 .debug_abbrev  0x00002170      0x520 ./freertos/src/tasks.o
 .debug_abbrev  0x00002690      0x3d9 ./freertos/src/timers.o
 .debug_abbrev  0x00002a69      0x2e1 ./Communication/RS485/0_RS485.o
 .debug_abbrev  0x00002d4a      0x469 ./Communication/0_Communication.o
 .debug_abbrev  0x000031b3      0x1c7 ./Communication/0_Event_Group.o
 .debug_abbrev  0x0000337a      0x456 ./Communication/1_Trame_Communication.o
 .debug_abbrev  0x000037d0      0x261 ./Communication/2_Echange_Datas.o
 .debug_abbrev  0x00003a31      0x25d ./Communication/2_Echange_Datas_Reception.o
 .debug_abbrev  0x00003c8e      0x3cb D:\Developpement_Robot\Robotic-System\trunk\Workspaces\MultiWorkSpaces_2021\0_lpc_board_nxp_lpcxpresso_1347\Debug\lib0_lpc_board_nxp_lpcxpresso_1347.a(board.o)
 .debug_abbrev  0x00004059      0x31e D:\Developpement_Robot\Robotic-System\trunk\Workspaces\MultiWorkSpaces_2021\0_lpc_board_nxp_lpcxpresso_1347\Debug\lib0_lpc_board_nxp_lpcxpresso_1347.a(board_sysinit.o)
 .debug_abbrev  0x00004377      0x1d4 D:\Developpement_Robot\Robotic-System\trunk\Workspaces\MultiWorkSpaces_2021\0_lpc_chip_13xx\Debug\lib0_lpc_chip_13xx.a(chip_13xx.o)
 .debug_abbrev  0x0000454b      0x30d D:\Developpement_Robot\Robotic-System\trunk\Workspaces\MultiWorkSpaces_2021\0_lpc_chip_13xx\Debug\lib0_lpc_chip_13xx.a(clock_13xx.o)
 .debug_abbrev  0x00004858      0x220 D:\Developpement_Robot\Robotic-System\trunk\Workspaces\MultiWorkSpaces_2021\0_lpc_chip_13xx\Debug\lib0_lpc_chip_13xx.a(gpio_13xx_1.o)
 .debug_abbrev  0x00004a78      0x11c D:\Developpement_Robot\Robotic-System\trunk\Workspaces\MultiWorkSpaces_2021\0_lpc_chip_13xx\Debug\lib0_lpc_chip_13xx.a(iap.o)
 .debug_abbrev  0x00004b94       0xec D:\Developpement_Robot\Robotic-System\trunk\Workspaces\MultiWorkSpaces_2021\0_lpc_chip_13xx\Debug\lib0_lpc_chip_13xx.a(iocon_13xx.o)
 .debug_abbrev  0x00004c80      0x2d6 D:\Developpement_Robot\Robotic-System\trunk\Workspaces\MultiWorkSpaces_2021\0_lpc_chip_13xx\Debug\lib0_lpc_chip_13xx.a(ring_buffer.o)
 .debug_abbrev  0x00004f56      0x122 D:\Developpement_Robot\Robotic-System\trunk\Workspaces\MultiWorkSpaces_2021\0_lpc_chip_13xx\Debug\lib0_lpc_chip_13xx.a(sysctl_13xx.o)
 .debug_abbrev  0x00005078      0x211 D:\Developpement_Robot\Robotic-System\trunk\Workspaces\MultiWorkSpaces_2021\0_lpc_chip_13xx\Debug\lib0_lpc_chip_13xx.a(sysinit_13xx.o)
 .debug_abbrev  0x00005289      0x23a D:\Developpement_Robot\Robotic-System\trunk\Workspaces\MultiWorkSpaces_2021\0_lpc_chip_13xx\Debug\lib0_lpc_chip_13xx.a(timer_13xx.o)
 .debug_abbrev  0x000054c3      0x421 D:\Developpement_Robot\Robotic-System\trunk\Workspaces\MultiWorkSpaces_2021\0_lpc_chip_13xx\Debug\lib0_lpc_chip_13xx.a(uart_13xx.o)

.debug_loc      0x00000000     0x8a2b
 .debug_loc     0x00000000       0x6d ./src/Bootloader.o
 .debug_loc     0x0000006d      0x18b ./src/Bootloader_Data.o
 .debug_loc     0x000001f8       0xbd ./src/Flash_iap.o
 .debug_loc     0x000002b5      0x37e ./src/cr_startup_lpc13xx.o
 .debug_loc     0x00000633      0x2c9 ./src/main.o
 .debug_loc     0x000008fc      0xaa7 ./freertos/src/event_groups.o
 .debug_loc     0x000013a3       0x93 ./freertos/src/heap_3.o
 .debug_loc     0x00001436       0xbc ./freertos/src/list.o
 .debug_loc     0x000014f2       0xc2 ./freertos/src/port.o
 .debug_loc     0x000015b4     0x1897 ./freertos/src/queue.o
 .debug_loc     0x00002e4b     0x1e25 ./freertos/src/tasks.o
 .debug_loc     0x00004c70      0xfa2 ./freertos/src/timers.o
 .debug_loc     0x00005c12      0x230 ./Communication/RS485/0_RS485.o
 .debug_loc     0x00005e42      0x298 ./Communication/0_Communication.o
 .debug_loc     0x000060da      0x50d ./Communication/1_Trame_Communication.o
 .debug_loc     0x000065e7       0x25 ./Communication/2_Echange_Datas.o
 .debug_loc     0x0000660c       0x25 ./Communication/2_Echange_Datas_Reception.o
 .debug_loc     0x00006631      0x37b D:\Developpement_Robot\Robotic-System\trunk\Workspaces\MultiWorkSpaces_2021\0_lpc_board_nxp_lpcxpresso_1347\Debug\lib0_lpc_board_nxp_lpcxpresso_1347.a(board.o)
 .debug_loc     0x000069ac       0x6b D:\Developpement_Robot\Robotic-System\trunk\Workspaces\MultiWorkSpaces_2021\0_lpc_board_nxp_lpcxpresso_1347\Debug\lib0_lpc_board_nxp_lpcxpresso_1347.a(board_sysinit.o)
 .debug_loc     0x00006a17       0x2c D:\Developpement_Robot\Robotic-System\trunk\Workspaces\MultiWorkSpaces_2021\0_lpc_chip_13xx\Debug\lib0_lpc_chip_13xx.a(chip_13xx.o)
 .debug_loc     0x00006a43      0x1c4 D:\Developpement_Robot\Robotic-System\trunk\Workspaces\MultiWorkSpaces_2021\0_lpc_chip_13xx\Debug\lib0_lpc_chip_13xx.a(clock_13xx.o)
 .debug_loc     0x00006c07      0x4b0 D:\Developpement_Robot\Robotic-System\trunk\Workspaces\MultiWorkSpaces_2021\0_lpc_chip_13xx\Debug\lib0_lpc_chip_13xx.a(gpio_13xx_1.o)
 .debug_loc     0x000070b7      0x2e9 D:\Developpement_Robot\Robotic-System\trunk\Workspaces\MultiWorkSpaces_2021\0_lpc_chip_13xx\Debug\lib0_lpc_chip_13xx.a(iap.o)
 .debug_loc     0x000073a0       0x25 D:\Developpement_Robot\Robotic-System\trunk\Workspaces\MultiWorkSpaces_2021\0_lpc_chip_13xx\Debug\lib0_lpc_chip_13xx.a(iocon_13xx.o)
 .debug_loc     0x000073c5      0x62d D:\Developpement_Robot\Robotic-System\trunk\Workspaces\MultiWorkSpaces_2021\0_lpc_chip_13xx\Debug\lib0_lpc_chip_13xx.a(ring_buffer.o)
 .debug_loc     0x000079f2       0xe0 D:\Developpement_Robot\Robotic-System\trunk\Workspaces\MultiWorkSpaces_2021\0_lpc_chip_13xx\Debug\lib0_lpc_chip_13xx.a(sysctl_13xx.o)
 .debug_loc     0x00007ad2       0xfe D:\Developpement_Robot\Robotic-System\trunk\Workspaces\MultiWorkSpaces_2021\0_lpc_chip_13xx\Debug\lib0_lpc_chip_13xx.a(sysinit_13xx.o)
 .debug_loc     0x00007bd0      0x1a4 D:\Developpement_Robot\Robotic-System\trunk\Workspaces\MultiWorkSpaces_2021\0_lpc_chip_13xx\Debug\lib0_lpc_chip_13xx.a(timer_13xx.o)
 .debug_loc     0x00007d74      0xcb7 D:\Developpement_Robot\Robotic-System\trunk\Workspaces\MultiWorkSpaces_2021\0_lpc_chip_13xx\Debug\lib0_lpc_chip_13xx.a(uart_13xx.o)

.debug_aranges  0x00000000      0xad8
 .debug_aranges
                0x00000000       0x28 ./src/Bootloader.o
 .debug_aranges
                0x00000028       0x30 ./src/Bootloader_Data.o
 .debug_aranges
                0x00000058       0x20 ./src/Flash_iap.o
 .debug_aranges
                0x00000078       0x28 ./src/Init.o
 .debug_aranges
                0x000000a0       0x60 ./src/cr_startup_lpc13xx.o
 .debug_aranges
                0x00000100       0x30 ./src/main.o
 .debug_aranges
                0x00000130       0x20 ./src/sysinit.o
 .debug_aranges
                0x00000150       0x60 ./freertos/src/event_groups.o
 .debug_aranges
                0x000001b0       0x28 ./freertos/src/heap_3.o
 .debug_aranges
                0x000001d8       0x40 ./freertos/src/list.o
 .debug_aranges
                0x00000218       0x80 ./freertos/src/port.o
 .debug_aranges
                0x00000298       0xd8 ./freertos/src/queue.o
 .debug_aranges
                0x00000370      0x188 ./freertos/src/tasks.o
 .debug_aranges
                0x000004f8       0xa8 ./freertos/src/timers.o
 .debug_aranges
                0x000005a0       0x30 ./Communication/RS485/0_RS485.o
 .debug_aranges
                0x000005d0       0x60 ./Communication/0_Communication.o
 .debug_aranges
                0x00000630       0x20 ./Communication/0_Event_Group.o
 .debug_aranges
                0x00000650       0x68 ./Communication/1_Trame_Communication.o
 .debug_aranges
                0x000006b8       0x28 ./Communication/2_Echange_Datas.o
 .debug_aranges
                0x000006e0       0x28 ./Communication/2_Echange_Datas_Reception.o
 .debug_aranges
                0x00000708       0x88 D:\Developpement_Robot\Robotic-System\trunk\Workspaces\MultiWorkSpaces_2021\0_lpc_board_nxp_lpcxpresso_1347\Debug\lib0_lpc_board_nxp_lpcxpresso_1347.a(board.o)
 .debug_aranges
                0x00000790       0x30 D:\Developpement_Robot\Robotic-System\trunk\Workspaces\MultiWorkSpaces_2021\0_lpc_board_nxp_lpcxpresso_1347\Debug\lib0_lpc_board_nxp_lpcxpresso_1347.a(board_sysinit.o)
 .debug_aranges
                0x000007c0       0x28 D:\Developpement_Robot\Robotic-System\trunk\Workspaces\MultiWorkSpaces_2021\0_lpc_chip_13xx\Debug\lib0_lpc_chip_13xx.a(chip_13xx.o)
 .debug_aranges
                0x000007e8       0x80 D:\Developpement_Robot\Robotic-System\trunk\Workspaces\MultiWorkSpaces_2021\0_lpc_chip_13xx\Debug\lib0_lpc_chip_13xx.a(clock_13xx.o)
 .debug_aranges
                0x00000868       0x48 D:\Developpement_Robot\Robotic-System\trunk\Workspaces\MultiWorkSpaces_2021\0_lpc_chip_13xx\Debug\lib0_lpc_chip_13xx.a(gpio_13xx_1.o)
 .debug_aranges
                0x000008b0       0x70 D:\Developpement_Robot\Robotic-System\trunk\Workspaces\MultiWorkSpaces_2021\0_lpc_chip_13xx\Debug\lib0_lpc_chip_13xx.a(iap.o)
 .debug_aranges
                0x00000920       0x20 D:\Developpement_Robot\Robotic-System\trunk\Workspaces\MultiWorkSpaces_2021\0_lpc_chip_13xx\Debug\lib0_lpc_chip_13xx.a(iocon_13xx.o)
 .debug_aranges
                0x00000940       0x78 D:\Developpement_Robot\Robotic-System\trunk\Workspaces\MultiWorkSpaces_2021\0_lpc_chip_13xx\Debug\lib0_lpc_chip_13xx.a(ring_buffer.o)
 .debug_aranges
                0x000009b8       0x38 D:\Developpement_Robot\Robotic-System\trunk\Workspaces\MultiWorkSpaces_2021\0_lpc_chip_13xx\Debug\lib0_lpc_chip_13xx.a(sysctl_13xx.o)
 .debug_aranges
                0x000009f0       0x30 D:\Developpement_Robot\Robotic-System\trunk\Workspaces\MultiWorkSpaces_2021\0_lpc_chip_13xx\Debug\lib0_lpc_chip_13xx.a(sysinit_13xx.o)
 .debug_aranges
                0x00000a20       0x38 D:\Developpement_Robot\Robotic-System\trunk\Workspaces\MultiWorkSpaces_2021\0_lpc_chip_13xx\Debug\lib0_lpc_chip_13xx.a(timer_13xx.o)
 .debug_aranges
                0x00000a58       0x80 D:\Developpement_Robot\Robotic-System\trunk\Workspaces\MultiWorkSpaces_2021\0_lpc_chip_13xx\Debug\lib0_lpc_chip_13xx.a(uart_13xx.o)

.debug_ranges   0x00000000     0x1758
 .debug_ranges  0x00000000       0x30 ./src/Bootloader.o
 .debug_ranges  0x00000030       0x40 ./src/Bootloader_Data.o
 .debug_ranges  0x00000070       0x10 ./src/Flash_iap.o
 .debug_ranges  0x00000080       0x18 ./src/Init.o
 .debug_ranges  0x00000098       0x68 ./src/cr_startup_lpc13xx.o
 .debug_ranges  0x00000100       0x98 ./src/main.o
 .debug_ranges  0x00000198       0x10 ./src/sysinit.o
 .debug_ranges  0x000001a8       0xc0 ./freertos/src/event_groups.o
 .debug_ranges  0x00000268       0x18 ./freertos/src/heap_3.o
 .debug_ranges  0x00000280       0x30 ./freertos/src/list.o
 .debug_ranges  0x000002b0       0x88 ./freertos/src/port.o
 .debug_ranges  0x00000338      0x3a8 ./freertos/src/queue.o
 .debug_ranges  0x000006e0      0x490 ./freertos/src/tasks.o
 .debug_ranges  0x00000b70      0x160 ./freertos/src/timers.o
 .debug_ranges  0x00000cd0       0x38 ./Communication/RS485/0_RS485.o
 .debug_ranges  0x00000d08      0x100 ./Communication/0_Communication.o
 .debug_ranges  0x00000e08       0x10 ./Communication/0_Event_Group.o
 .debug_ranges  0x00000e18       0xc8 ./Communication/1_Trame_Communication.o
 .debug_ranges  0x00000ee0       0x18 ./Communication/2_Echange_Datas.o
 .debug_ranges  0x00000ef8       0x18 ./Communication/2_Echange_Datas_Reception.o
 .debug_ranges  0x00000f10       0xc0 D:\Developpement_Robot\Robotic-System\trunk\Workspaces\MultiWorkSpaces_2021\0_lpc_board_nxp_lpcxpresso_1347\Debug\lib0_lpc_board_nxp_lpcxpresso_1347.a(board.o)
 .debug_ranges  0x00000fd0       0x90 D:\Developpement_Robot\Robotic-System\trunk\Workspaces\MultiWorkSpaces_2021\0_lpc_board_nxp_lpcxpresso_1347\Debug\lib0_lpc_board_nxp_lpcxpresso_1347.a(board_sysinit.o)
 .debug_ranges  0x00001060       0x48 D:\Developpement_Robot\Robotic-System\trunk\Workspaces\MultiWorkSpaces_2021\0_lpc_chip_13xx\Debug\lib0_lpc_chip_13xx.a(chip_13xx.o)
 .debug_ranges  0x000010a8      0x168 D:\Developpement_Robot\Robotic-System\trunk\Workspaces\MultiWorkSpaces_2021\0_lpc_chip_13xx\Debug\lib0_lpc_chip_13xx.a(clock_13xx.o)
 .debug_ranges  0x00001210       0x70 D:\Developpement_Robot\Robotic-System\trunk\Workspaces\MultiWorkSpaces_2021\0_lpc_chip_13xx\Debug\lib0_lpc_chip_13xx.a(gpio_13xx_1.o)
 .debug_ranges  0x00001280       0x60 D:\Developpement_Robot\Robotic-System\trunk\Workspaces\MultiWorkSpaces_2021\0_lpc_chip_13xx\Debug\lib0_lpc_chip_13xx.a(iap.o)
 .debug_ranges  0x000012e0       0x10 D:\Developpement_Robot\Robotic-System\trunk\Workspaces\MultiWorkSpaces_2021\0_lpc_chip_13xx\Debug\lib0_lpc_chip_13xx.a(iocon_13xx.o)
 .debug_ranges  0x000012f0       0x98 D:\Developpement_Robot\Robotic-System\trunk\Workspaces\MultiWorkSpaces_2021\0_lpc_chip_13xx\Debug\lib0_lpc_chip_13xx.a(ring_buffer.o)
 .debug_ranges  0x00001388       0x28 D:\Developpement_Robot\Robotic-System\trunk\Workspaces\MultiWorkSpaces_2021\0_lpc_chip_13xx\Debug\lib0_lpc_chip_13xx.a(sysctl_13xx.o)
 .debug_ranges  0x000013b0       0xf0 D:\Developpement_Robot\Robotic-System\trunk\Workspaces\MultiWorkSpaces_2021\0_lpc_chip_13xx\Debug\lib0_lpc_chip_13xx.a(sysinit_13xx.o)
 .debug_ranges  0x000014a0       0x58 D:\Developpement_Robot\Robotic-System\trunk\Workspaces\MultiWorkSpaces_2021\0_lpc_chip_13xx\Debug\lib0_lpc_chip_13xx.a(timer_13xx.o)
 .debug_ranges  0x000014f8      0x260 D:\Developpement_Robot\Robotic-System\trunk\Workspaces\MultiWorkSpaces_2021\0_lpc_chip_13xx\Debug\lib0_lpc_chip_13xx.a(uart_13xx.o)

.debug_line     0x00000000     0xf7f0
 .debug_line    0x00000000      0x388 ./src/Bootloader.o
 .debug_line    0x00000388      0x629 ./src/Bootloader_Data.o
 .debug_line    0x000009b1      0x3b1 ./src/Flash_iap.o
 .debug_line    0x00000d62      0x4d8 ./src/Init.o
 .debug_line    0x0000123a      0x287 ./src/cr_startup_lpc13xx.o
 .debug_line    0x000014c1      0x650 ./src/main.o
 .debug_line    0x00001b11      0x318 ./src/sysinit.o
 .debug_line    0x00001e29      0x8da ./freertos/src/event_groups.o
 .debug_line    0x00002703      0x3ee ./freertos/src/heap_3.o
 .debug_line    0x00002af1      0x567 ./freertos/src/list.o
 .debug_line    0x00003058      0x5f7 ./freertos/src/port.o
 .debug_line    0x0000364f     0x15e2 ./freertos/src/queue.o
 .debug_line    0x00004c31     0x1fc9 ./freertos/src/tasks.o
 .debug_line    0x00006bfa      0xbef ./freertos/src/timers.o
 .debug_line    0x000077e9      0x3ec ./Communication/RS485/0_RS485.o
 .debug_line    0x00007bd5      0x96c ./Communication/0_Communication.o
 .debug_line    0x00008541      0x3b2 ./Communication/0_Event_Group.o
 .debug_line    0x000088f3      0xb55 ./Communication/1_Trame_Communication.o
 .debug_line    0x00009448      0x4d2 ./Communication/2_Echange_Datas.o
 .debug_line    0x0000991a      0x568 ./Communication/2_Echange_Datas_Reception.o
 .debug_line    0x00009e82      0x9c3 D:\Developpement_Robot\Robotic-System\trunk\Workspaces\MultiWorkSpaces_2021\0_lpc_board_nxp_lpcxpresso_1347\Debug\lib0_lpc_board_nxp_lpcxpresso_1347.a(board.o)
 .debug_line    0x0000a845      0x812 D:\Developpement_Robot\Robotic-System\trunk\Workspaces\MultiWorkSpaces_2021\0_lpc_board_nxp_lpcxpresso_1347\Debug\lib0_lpc_board_nxp_lpcxpresso_1347.a(board_sysinit.o)
 .debug_line    0x0000b057      0x56c D:\Developpement_Robot\Robotic-System\trunk\Workspaces\MultiWorkSpaces_2021\0_lpc_chip_13xx\Debug\lib0_lpc_chip_13xx.a(chip_13xx.o)
 .debug_line    0x0000b5c3      0x884 D:\Developpement_Robot\Robotic-System\trunk\Workspaces\MultiWorkSpaces_2021\0_lpc_chip_13xx\Debug\lib0_lpc_chip_13xx.a(clock_13xx.o)
 .debug_line    0x0000be47      0x683 D:\Developpement_Robot\Robotic-System\trunk\Workspaces\MultiWorkSpaces_2021\0_lpc_chip_13xx\Debug\lib0_lpc_chip_13xx.a(gpio_13xx_1.o)
 .debug_line    0x0000c4ca      0x72e D:\Developpement_Robot\Robotic-System\trunk\Workspaces\MultiWorkSpaces_2021\0_lpc_chip_13xx\Debug\lib0_lpc_chip_13xx.a(iap.o)
 .debug_line    0x0000cbf8      0x4f5 D:\Developpement_Robot\Robotic-System\trunk\Workspaces\MultiWorkSpaces_2021\0_lpc_chip_13xx\Debug\lib0_lpc_chip_13xx.a(iocon_13xx.o)
 .debug_line    0x0000d0ed      0x855 D:\Developpement_Robot\Robotic-System\trunk\Workspaces\MultiWorkSpaces_2021\0_lpc_chip_13xx\Debug\lib0_lpc_chip_13xx.a(ring_buffer.o)
 .debug_line    0x0000d942      0x585 D:\Developpement_Robot\Robotic-System\trunk\Workspaces\MultiWorkSpaces_2021\0_lpc_chip_13xx\Debug\lib0_lpc_chip_13xx.a(sysctl_13xx.o)
 .debug_line    0x0000dec7      0x6f2 D:\Developpement_Robot\Robotic-System\trunk\Workspaces\MultiWorkSpaces_2021\0_lpc_chip_13xx\Debug\lib0_lpc_chip_13xx.a(sysinit_13xx.o)
 .debug_line    0x0000e5b9      0x634 D:\Developpement_Robot\Robotic-System\trunk\Workspaces\MultiWorkSpaces_2021\0_lpc_chip_13xx\Debug\lib0_lpc_chip_13xx.a(timer_13xx.o)
 .debug_line    0x0000ebed      0xc03 D:\Developpement_Robot\Robotic-System\trunk\Workspaces\MultiWorkSpaces_2021\0_lpc_chip_13xx\Debug\lib0_lpc_chip_13xx.a(uart_13xx.o)

.debug_str      0x00000000    0x146ad
 .debug_str     0x00000000      0x6a6 ./src/Bootloader.o
                                0x7de (size before relaxing)
 .debug_str     0x000006a6      0x60e ./src/Bootloader_Data.o
                                0xcb4 (size before relaxing)
 .debug_str     0x00000cb4       0xbc ./src/Flash_iap.o
                                0x796 (size before relaxing)
 .debug_str     0x00000d70      0x18a ./src/Init.o
                                0x855 (size before relaxing)
 .debug_str     0x00000efa      0x149 ./src/cr_startup_lpc13xx.o
                                0x2a0 (size before relaxing)
 .debug_str     0x00001043      0x3d8 ./src/main.o
                                0xb5c (size before relaxing)
 .debug_str     0x0000141b       0x22 ./src/sysinit.o
                                0x671 (size before relaxing)
 .debug_str     0x0000143d      0x40d ./freertos/src/event_groups.o
                                0xad6 (size before relaxing)
 .debug_str     0x0000184a       0x3a ./freertos/src/heap_3.o
                                0x6c5 (size before relaxing)
 .debug_str     0x00001884       0x94 ./freertos/src/list.o
                                0x7a4 (size before relaxing)
 .debug_str     0x00001918      0x168 ./freertos/src/port.o
                                0x87c (size before relaxing)
 .debug_str     0x00001a80      0x675 ./freertos/src/queue.o
                                0xef0 (size before relaxing)
 .debug_str     0x000020f5      0x885 ./freertos/src/tasks.o
                               0x13f5 (size before relaxing)
 .debug_str     0x0000297a      0x4da ./freertos/src/timers.o
                                0xe14 (size before relaxing)
 .debug_str     0x00002e54       0xbe ./Communication/RS485/0_RS485.o
                                0x7f4 (size before relaxing)
 .debug_str     0x00002f12      0x340 ./Communication/0_Communication.o
                                0xf74 (size before relaxing)
 .debug_str     0x00003252       0x21 ./Communication/0_Event_Group.o
                                0x6cf (size before relaxing)
 .debug_str     0x00003273      0x266 ./Communication/1_Trame_Communication.o
                               0x127d (size before relaxing)
 .debug_str     0x000034d9       0x63 ./Communication/2_Echange_Datas.o
                                0xc17 (size before relaxing)
 .debug_str     0x0000353c       0x5e ./Communication/2_Echange_Datas_Reception.o
                                0xc27 (size before relaxing)
 .debug_str     0x0000359a     0xf8ba D:\Developpement_Robot\Robotic-System\trunk\Workspaces\MultiWorkSpaces_2021\0_lpc_board_nxp_lpcxpresso_1347\Debug\lib0_lpc_board_nxp_lpcxpresso_1347.a(board.o)
                              0x10032 (size before relaxing)
 .debug_str     0x00012e54      0x604 D:\Developpement_Robot\Robotic-System\trunk\Workspaces\MultiWorkSpaces_2021\0_lpc_board_nxp_lpcxpresso_1347\Debug\lib0_lpc_board_nxp_lpcxpresso_1347.a(board_sysinit.o)
                              0x102c8 (size before relaxing)
 .debug_str     0x00013458      0x2c1 D:\Developpement_Robot\Robotic-System\trunk\Workspaces\MultiWorkSpaces_2021\0_lpc_chip_13xx\Debug\lib0_lpc_chip_13xx.a(chip_13xx.o)
                               0xb99b (size before relaxing)
 .debug_str     0x00013719      0x44d D:\Developpement_Robot\Robotic-System\trunk\Workspaces\MultiWorkSpaces_2021\0_lpc_chip_13xx\Debug\lib0_lpc_chip_13xx.a(clock_13xx.o)
                               0xbd55 (size before relaxing)
 .debug_str     0x00013b66      0x10d D:\Developpement_Robot\Robotic-System\trunk\Workspaces\MultiWorkSpaces_2021\0_lpc_chip_13xx\Debug\lib0_lpc_chip_13xx.a(gpio_13xx_1.o)
                               0xbbc8 (size before relaxing)
 .debug_str     0x00013c73      0x387 D:\Developpement_Robot\Robotic-System\trunk\Workspaces\MultiWorkSpaces_2021\0_lpc_chip_13xx\Debug\lib0_lpc_chip_13xx.a(iap.o)
                               0xb991 (size before relaxing)
 .debug_str     0x00013ffa       0x14 D:\Developpement_Robot\Robotic-System\trunk\Workspaces\MultiWorkSpaces_2021\0_lpc_chip_13xx\Debug\lib0_lpc_chip_13xx.a(iocon_13xx.o)
                               0xb5cd (size before relaxing)
 .debug_str     0x0001400e      0x109 D:\Developpement_Robot\Robotic-System\trunk\Workspaces\MultiWorkSpaces_2021\0_lpc_chip_13xx\Debug\lib0_lpc_chip_13xx.a(ring_buffer.o)
                               0x7535 (size before relaxing)
 .debug_str     0x00014117      0x18b D:\Developpement_Robot\Robotic-System\trunk\Workspaces\MultiWorkSpaces_2021\0_lpc_chip_13xx\Debug\lib0_lpc_chip_13xx.a(sysctl_13xx.o)
                               0xb989 (size before relaxing)
 .debug_str     0x000142a2      0x12c D:\Developpement_Robot\Robotic-System\trunk\Workspaces\MultiWorkSpaces_2021\0_lpc_chip_13xx\Debug\lib0_lpc_chip_13xx.a(sysinit_13xx.o)
                               0xba9f (size before relaxing)
 .debug_str     0x000143ce      0x120 D:\Developpement_Robot\Robotic-System\trunk\Workspaces\MultiWorkSpaces_2021\0_lpc_chip_13xx\Debug\lib0_lpc_chip_13xx.a(timer_13xx.o)
                               0xbbda (size before relaxing)
 .debug_str     0x000144ee      0x1bf D:\Developpement_Robot\Robotic-System\trunk\Workspaces\MultiWorkSpaces_2021\0_lpc_chip_13xx\Debug\lib0_lpc_chip_13xx.a(uart_13xx.o)
                               0xbe29 (size before relaxing)

.comment        0x00000000       0x79
 .comment       0x00000000       0x79 ./src/Bootloader.o
                                 0x7a (size before relaxing)
 .comment       0x00000079       0x7a ./src/Bootloader_Data.o
 .comment       0x00000079       0x7a ./src/Flash_iap.o
 .comment       0x00000079       0x7a ./src/Init.o
 .comment       0x00000079       0x7a ./src/cr_startup_lpc13xx.o
 .comment       0x00000079       0x7a ./src/main.o
 .comment       0x00000079       0x7a ./src/sysinit.o
 .comment       0x00000079       0x7a ./freertos/src/event_groups.o
 .comment       0x00000079       0x7a ./freertos/src/heap_3.o
 .comment       0x00000079       0x7a ./freertos/src/list.o
 .comment       0x00000079       0x7a ./freertos/src/port.o
 .comment       0x00000079       0x7a ./freertos/src/queue.o
 .comment       0x00000079       0x7a ./freertos/src/tasks.o
 .comment       0x00000079       0x7a ./freertos/src/timers.o
 .comment       0x00000079       0x7a ./Communication/RS485/0_RS485.o
 .comment       0x00000079       0x7a ./Communication/0_Communication.o
 .comment       0x00000079       0x7a ./Communication/0_Event_Group.o
 .comment       0x00000079       0x7a ./Communication/1_Trame_Communication.o
 .comment       0x00000079       0x7a ./Communication/2_Echange_Datas.o
 .comment       0x00000079       0x7a ./Communication/2_Echange_Datas_Reception.o
 .comment       0x00000079       0x7a D:\Developpement_Robot\Robotic-System\trunk\Workspaces\MultiWorkSpaces_2021\0_lpc_board_nxp_lpcxpresso_1347\Debug\lib0_lpc_board_nxp_lpcxpresso_1347.a(board.o)
 .comment       0x00000079       0x7a D:\Developpement_Robot\Robotic-System\trunk\Workspaces\MultiWorkSpaces_2021\0_lpc_board_nxp_lpcxpresso_1347\Debug\lib0_lpc_board_nxp_lpcxpresso_1347.a(board_sysinit.o)
 .comment       0x00000079       0x7a D:\Developpement_Robot\Robotic-System\trunk\Workspaces\MultiWorkSpaces_2021\0_lpc_chip_13xx\Debug\lib0_lpc_chip_13xx.a(chip_13xx.o)
 .comment       0x00000079       0x7a D:\Developpement_Robot\Robotic-System\trunk\Workspaces\MultiWorkSpaces_2021\0_lpc_chip_13xx\Debug\lib0_lpc_chip_13xx.a(clock_13xx.o)
 .comment       0x00000079       0x7a D:\Developpement_Robot\Robotic-System\trunk\Workspaces\MultiWorkSpaces_2021\0_lpc_chip_13xx\Debug\lib0_lpc_chip_13xx.a(gpio_13xx_1.o)
 .comment       0x00000079       0x7a D:\Developpement_Robot\Robotic-System\trunk\Workspaces\MultiWorkSpaces_2021\0_lpc_chip_13xx\Debug\lib0_lpc_chip_13xx.a(iap.o)
 .comment       0x00000079       0x7a D:\Developpement_Robot\Robotic-System\trunk\Workspaces\MultiWorkSpaces_2021\0_lpc_chip_13xx\Debug\lib0_lpc_chip_13xx.a(iocon_13xx.o)
 .comment       0x00000079       0x7a D:\Developpement_Robot\Robotic-System\trunk\Workspaces\MultiWorkSpaces_2021\0_lpc_chip_13xx\Debug\lib0_lpc_chip_13xx.a(ring_buffer.o)
 .comment       0x00000079       0x7a D:\Developpement_Robot\Robotic-System\trunk\Workspaces\MultiWorkSpaces_2021\0_lpc_chip_13xx\Debug\lib0_lpc_chip_13xx.a(sysctl_13xx.o)
 .comment       0x00000079       0x7a D:\Developpement_Robot\Robotic-System\trunk\Workspaces\MultiWorkSpaces_2021\0_lpc_chip_13xx\Debug\lib0_lpc_chip_13xx.a(sysinit_13xx.o)
 .comment       0x00000079       0x7a D:\Developpement_Robot\Robotic-System\trunk\Workspaces\MultiWorkSpaces_2021\0_lpc_chip_13xx\Debug\lib0_lpc_chip_13xx.a(timer_13xx.o)
 .comment       0x00000079       0x7a D:\Developpement_Robot\Robotic-System\trunk\Workspaces\MultiWorkSpaces_2021\0_lpc_chip_13xx\Debug\lib0_lpc_chip_13xx.a(uart_13xx.o)
 .comment       0x00000079       0x7a c:/nxp/mcuxpressoide_11.2.1_4149/ide/plugins/com.nxp.mcuxpresso.tools.win32_11.2.0.202008311134/tools/bin/../lib/gcc/arm-none-eabi/9.2.1/../../../../arm-none-eabi/lib/thumb/v7-m/nofp\libcr_newlib_none.a(_cr_sbrk.o)
 .comment       0x00000079       0x7a c:/nxp/mcuxpressoide_11.2.1_4149/ide/plugins/com.nxp.mcuxpresso.tools.win32_11.2.0.202008311134/tools/bin/../lib/gcc/arm-none-eabi/9.2.1/../../../../arm-none-eabi/lib/thumb/v7-m/nofp\libcr_newlib_none.a(_cr_check_heap.o)

.ARM.attributes
                0x00000000       0x2d
 .ARM.attributes
                0x00000000       0x2d ./src/Bootloader.o
 .ARM.attributes
                0x0000002d       0x2d ./src/Bootloader_Data.o
 .ARM.attributes
                0x0000005a       0x2d ./src/Flash_iap.o
 .ARM.attributes
                0x00000087       0x2d ./src/Init.o
 .ARM.attributes
                0x000000b4       0x2d ./src/cr_startup_lpc13xx.o
 .ARM.attributes
                0x000000e1       0x2d ./src/main.o
 .ARM.attributes
                0x0000010e       0x2d ./src/sysinit.o
 .ARM.attributes
                0x0000013b       0x2d ./freertos/src/event_groups.o
 .ARM.attributes
                0x00000168       0x2d ./freertos/src/heap_3.o
 .ARM.attributes
                0x00000195       0x2d ./freertos/src/list.o
 .ARM.attributes
                0x000001c2       0x2d ./freertos/src/port.o
 .ARM.attributes
                0x000001ef       0x2d ./freertos/src/queue.o
 .ARM.attributes
                0x0000021c       0x2d ./freertos/src/tasks.o
 .ARM.attributes
                0x00000249       0x2d ./freertos/src/timers.o
 .ARM.attributes
                0x00000276       0x2d ./Communication/RS485/0_RS485.o
 .ARM.attributes
                0x000002a3       0x2d ./Communication/0_Communication.o
 .ARM.attributes
                0x000002d0       0x2d ./Communication/0_Event_Group.o
 .ARM.attributes
                0x000002fd       0x2d ./Communication/1_Trame_Communication.o
 .ARM.attributes
                0x0000032a       0x2d ./Communication/2_Echange_Datas.o
 .ARM.attributes
                0x00000357       0x2d ./Communication/2_Echange_Datas_Reception.o
 .ARM.attributes
                0x00000384       0x2d D:\Developpement_Robot\Robotic-System\trunk\Workspaces\MultiWorkSpaces_2021\0_lpc_board_nxp_lpcxpresso_1347\Debug\lib0_lpc_board_nxp_lpcxpresso_1347.a(board.o)
 .ARM.attributes
                0x000003b1       0x2d D:\Developpement_Robot\Robotic-System\trunk\Workspaces\MultiWorkSpaces_2021\0_lpc_board_nxp_lpcxpresso_1347\Debug\lib0_lpc_board_nxp_lpcxpresso_1347.a(board_sysinit.o)
 .ARM.attributes
                0x000003de       0x2d D:\Developpement_Robot\Robotic-System\trunk\Workspaces\MultiWorkSpaces_2021\0_lpc_chip_13xx\Debug\lib0_lpc_chip_13xx.a(chip_13xx.o)
 .ARM.attributes
                0x0000040b       0x2d D:\Developpement_Robot\Robotic-System\trunk\Workspaces\MultiWorkSpaces_2021\0_lpc_chip_13xx\Debug\lib0_lpc_chip_13xx.a(clock_13xx.o)
 .ARM.attributes
                0x00000438       0x2d D:\Developpement_Robot\Robotic-System\trunk\Workspaces\MultiWorkSpaces_2021\0_lpc_chip_13xx\Debug\lib0_lpc_chip_13xx.a(gpio_13xx_1.o)
 .ARM.attributes
                0x00000465       0x2d D:\Developpement_Robot\Robotic-System\trunk\Workspaces\MultiWorkSpaces_2021\0_lpc_chip_13xx\Debug\lib0_lpc_chip_13xx.a(iap.o)
 .ARM.attributes
                0x00000492       0x2d D:\Developpement_Robot\Robotic-System\trunk\Workspaces\MultiWorkSpaces_2021\0_lpc_chip_13xx\Debug\lib0_lpc_chip_13xx.a(iocon_13xx.o)
 .ARM.attributes
                0x000004bf       0x2d D:\Developpement_Robot\Robotic-System\trunk\Workspaces\MultiWorkSpaces_2021\0_lpc_chip_13xx\Debug\lib0_lpc_chip_13xx.a(ring_buffer.o)
 .ARM.attributes
                0x000004ec       0x2d D:\Developpement_Robot\Robotic-System\trunk\Workspaces\MultiWorkSpaces_2021\0_lpc_chip_13xx\Debug\lib0_lpc_chip_13xx.a(sysctl_13xx.o)
 .ARM.attributes
                0x00000519       0x2d D:\Developpement_Robot\Robotic-System\trunk\Workspaces\MultiWorkSpaces_2021\0_lpc_chip_13xx\Debug\lib0_lpc_chip_13xx.a(sysinit_13xx.o)
 .ARM.attributes
                0x00000546       0x2d D:\Developpement_Robot\Robotic-System\trunk\Workspaces\MultiWorkSpaces_2021\0_lpc_chip_13xx\Debug\lib0_lpc_chip_13xx.a(timer_13xx.o)
 .ARM.attributes
                0x00000573       0x2d D:\Developpement_Robot\Robotic-System\trunk\Workspaces\MultiWorkSpaces_2021\0_lpc_chip_13xx\Debug\lib0_lpc_chip_13xx.a(uart_13xx.o)
 .ARM.attributes
                0x000005a0       0x2d c:/nxp/mcuxpressoide_11.2.1_4149/ide/plugins/com.nxp.mcuxpresso.tools.win32_11.2.0.202008311134/tools/bin/../lib/gcc/arm-none-eabi/9.2.1/../../../../arm-none-eabi/lib/thumb/v7-m/nofp\libc_nano.a(lib_a-malloc.o)
 .ARM.attributes
                0x000005cd       0x2d c:/nxp/mcuxpressoide_11.2.1_4149/ide/plugins/com.nxp.mcuxpresso.tools.win32_11.2.0.202008311134/tools/bin/../lib/gcc/arm-none-eabi/9.2.1/../../../../arm-none-eabi/lib/thumb/v7-m/nofp\libc_nano.a(lib_a-memcpy-stub.o)
 .ARM.attributes
                0x000005fa       0x2d c:/nxp/mcuxpressoide_11.2.1_4149/ide/plugins/com.nxp.mcuxpresso.tools.win32_11.2.0.202008311134/tools/bin/../lib/gcc/arm-none-eabi/9.2.1/../../../../arm-none-eabi/lib/thumb/v7-m/nofp\libc_nano.a(lib_a-memset.o)
 .ARM.attributes
                0x00000627       0x2d c:/nxp/mcuxpressoide_11.2.1_4149/ide/plugins/com.nxp.mcuxpresso.tools.win32_11.2.0.202008311134/tools/bin/../lib/gcc/arm-none-eabi/9.2.1/../../../../arm-none-eabi/lib/thumb/v7-m/nofp\libc_nano.a(lib_a-nano-freer.o)
 .ARM.attributes
                0x00000654       0x2d c:/nxp/mcuxpressoide_11.2.1_4149/ide/plugins/com.nxp.mcuxpresso.tools.win32_11.2.0.202008311134/tools/bin/../lib/gcc/arm-none-eabi/9.2.1/../../../../arm-none-eabi/lib/thumb/v7-m/nofp\libc_nano.a(lib_a-nano-mallocr.o)
 .ARM.attributes
                0x00000681       0x2d c:/nxp/mcuxpressoide_11.2.1_4149/ide/plugins/com.nxp.mcuxpresso.tools.win32_11.2.0.202008311134/tools/bin/../lib/gcc/arm-none-eabi/9.2.1/../../../../arm-none-eabi/lib/thumb/v7-m/nofp\libc_nano.a(lib_a-sbrkr.o)
 .ARM.attributes
                0x000006ae       0x2d c:/nxp/mcuxpressoide_11.2.1_4149/ide/plugins/com.nxp.mcuxpresso.tools.win32_11.2.0.202008311134/tools/bin/../lib/gcc/arm-none-eabi/9.2.1/../../../../arm-none-eabi/lib/thumb/v7-m/nofp\libc_nano.a(lib_a-impure.o)
 .ARM.attributes
                0x000006db       0x2d c:/nxp/mcuxpressoide_11.2.1_4149/ide/plugins/com.nxp.mcuxpresso.tools.win32_11.2.0.202008311134/tools/bin/../lib/gcc/arm-none-eabi/9.2.1/../../../../arm-none-eabi/lib/thumb/v7-m/nofp\libc_nano.a(lib_a-mlock.o)
 .ARM.attributes
                0x00000708       0x2d c:/nxp/mcuxpressoide_11.2.1_4149/ide/plugins/com.nxp.mcuxpresso.tools.win32_11.2.0.202008311134/tools/bin/../lib/gcc/arm-none-eabi/9.2.1/../../../../arm-none-eabi/lib/thumb/v7-m/nofp\libc_nano.a(lib_a-reent.o)
 .ARM.attributes
                0x00000735       0x2d c:/nxp/mcuxpressoide_11.2.1_4149/ide/plugins/com.nxp.mcuxpresso.tools.win32_11.2.0.202008311134/tools/bin/../lib/gcc/arm-none-eabi/9.2.1/../../../../arm-none-eabi/lib/thumb/v7-m/nofp\libc_nano.a(lib_a-lock.o)
 .ARM.attributes
                0x00000762       0x2d c:/nxp/mcuxpressoide_11.2.1_4149/ide/plugins/com.nxp.mcuxpresso.tools.win32_11.2.0.202008311134/tools/bin/../lib/gcc/arm-none-eabi/9.2.1/../../../../arm-none-eabi/lib/thumb/v7-m/nofp\libcr_newlib_none.a(_cr_sbrk.o)
 .ARM.attributes
                0x0000078f       0x2d c:/nxp/mcuxpressoide_11.2.1_4149/ide/plugins/com.nxp.mcuxpresso.tools.win32_11.2.0.202008311134/tools/bin/../lib/gcc/arm-none-eabi/9.2.1/../../../../arm-none-eabi/lib/thumb/v7-m/nofp\libcr_newlib_none.a(_cr_check_heap.o)
 .ARM.attributes
                0x000007bc       0x2d c:/nxp/mcuxpressoide_11.2.1_4149/ide/plugins/com.nxp.mcuxpresso.tools.win32_11.2.0.202008311134/tools/bin/../lib/gcc/arm-none-eabi/9.2.1/../../../../arm-none-eabi/lib/thumb/v7-m/nofp\libc_nano.a(lib_a-errno.o)

.debug_frame    0x00000000     0x1e5c
 .debug_frame   0x00000000       0x38 ./src/Bootloader.o
 .debug_frame   0x00000038       0x7c ./src/Bootloader_Data.o
 .debug_frame   0x000000b4       0x30 ./src/Flash_iap.o
 .debug_frame   0x000000e4       0x44 ./src/Init.o
 .debug_frame   0x00000128       0xb8 ./src/cr_startup_lpc13xx.o
 .debug_frame   0x000001e0       0x68 ./src/main.o
 .debug_frame   0x00000248       0x20 ./src/sysinit.o
 .debug_frame   0x00000268      0x104 ./freertos/src/event_groups.o
 .debug_frame   0x0000036c       0x44 ./freertos/src/heap_3.o
 .debug_frame   0x000003b0       0x88 ./freertos/src/list.o
 .debug_frame   0x00000438      0x128 ./freertos/src/port.o
 .debug_frame   0x00000560      0x31c ./freertos/src/queue.o
 .debug_frame   0x0000087c      0x538 ./freertos/src/tasks.o
 .debug_frame   0x00000db4      0x22c ./freertos/src/timers.o
 .debug_frame   0x00000fe0       0x4c ./Communication/RS485/0_RS485.o
 .debug_frame   0x0000102c       0xf4 ./Communication/0_Communication.o
 .debug_frame   0x00001120       0x28 ./Communication/0_Event_Group.o
 .debug_frame   0x00001148      0x110 ./Communication/1_Trame_Communication.o
 .debug_frame   0x00001258       0x44 ./Communication/2_Echange_Datas.o
 .debug_frame   0x0000129c       0x3c ./Communication/2_Echange_Datas_Reception.o
 .debug_frame   0x000012d8      0x164 D:\Developpement_Robot\Robotic-System\trunk\Workspaces\MultiWorkSpaces_2021\0_lpc_board_nxp_lpcxpresso_1347\Debug\lib0_lpc_board_nxp_lpcxpresso_1347.a(board.o)
 .debug_frame   0x0000143c       0x58 D:\Developpement_Robot\Robotic-System\trunk\Workspaces\MultiWorkSpaces_2021\0_lpc_board_nxp_lpcxpresso_1347\Debug\lib0_lpc_board_nxp_lpcxpresso_1347.a(board_sysinit.o)
 .debug_frame   0x00001494       0x44 D:\Developpement_Robot\Robotic-System\trunk\Workspaces\MultiWorkSpaces_2021\0_lpc_chip_13xx\Debug\lib0_lpc_chip_13xx.a(chip_13xx.o)
 .debug_frame   0x000014d8       0xe8 D:\Developpement_Robot\Robotic-System\trunk\Workspaces\MultiWorkSpaces_2021\0_lpc_chip_13xx\Debug\lib0_lpc_chip_13xx.a(clock_13xx.o)
 .debug_frame   0x000015c0       0x88 D:\Developpement_Robot\Robotic-System\trunk\Workspaces\MultiWorkSpaces_2021\0_lpc_chip_13xx\Debug\lib0_lpc_chip_13xx.a(gpio_13xx_1.o)
 .debug_frame   0x00001648      0x188 D:\Developpement_Robot\Robotic-System\trunk\Workspaces\MultiWorkSpaces_2021\0_lpc_chip_13xx\Debug\lib0_lpc_chip_13xx.a(iap.o)
 .debug_frame   0x000017d0       0x20 D:\Developpement_Robot\Robotic-System\trunk\Workspaces\MultiWorkSpaces_2021\0_lpc_chip_13xx\Debug\lib0_lpc_chip_13xx.a(iocon_13xx.o)
 .debug_frame   0x000017f0      0x154 D:\Developpement_Robot\Robotic-System\trunk\Workspaces\MultiWorkSpaces_2021\0_lpc_chip_13xx\Debug\lib0_lpc_chip_13xx.a(ring_buffer.o)
 .debug_frame   0x00001944       0x50 D:\Developpement_Robot\Robotic-System\trunk\Workspaces\MultiWorkSpaces_2021\0_lpc_chip_13xx\Debug\lib0_lpc_chip_13xx.a(sysctl_13xx.o)
 .debug_frame   0x00001994       0x60 D:\Developpement_Robot\Robotic-System\trunk\Workspaces\MultiWorkSpaces_2021\0_lpc_chip_13xx\Debug\lib0_lpc_chip_13xx.a(sysinit_13xx.o)
 .debug_frame   0x000019f4       0x6c D:\Developpement_Robot\Robotic-System\trunk\Workspaces\MultiWorkSpaces_2021\0_lpc_chip_13xx\Debug\lib0_lpc_chip_13xx.a(timer_13xx.o)
 .debug_frame   0x00001a60      0x194 D:\Developpement_Robot\Robotic-System\trunk\Workspaces\MultiWorkSpaces_2021\0_lpc_chip_13xx\Debug\lib0_lpc_chip_13xx.a(uart_13xx.o)
 .debug_frame   0x00001bf4       0x30 c:/nxp/mcuxpressoide_11.2.1_4149/ide/plugins/com.nxp.mcuxpresso.tools.win32_11.2.0.202008311134/tools/bin/../lib/gcc/arm-none-eabi/9.2.1/../../../../arm-none-eabi/lib/thumb/v7-m/nofp\libc_nano.a(lib_a-malloc.o)
 .debug_frame   0x00001c24       0x28 c:/nxp/mcuxpressoide_11.2.1_4149/ide/plugins/com.nxp.mcuxpresso.tools.win32_11.2.0.202008311134/tools/bin/../lib/gcc/arm-none-eabi/9.2.1/../../../../arm-none-eabi/lib/thumb/v7-m/nofp\libc_nano.a(lib_a-memcpy-stub.o)
 .debug_frame   0x00001c4c       0x20 c:/nxp/mcuxpressoide_11.2.1_4149/ide/plugins/com.nxp.mcuxpresso.tools.win32_11.2.0.202008311134/tools/bin/../lib/gcc/arm-none-eabi/9.2.1/../../../../arm-none-eabi/lib/thumb/v7-m/nofp\libc_nano.a(lib_a-memset.o)
 .debug_frame   0x00001c6c       0x38 c:/nxp/mcuxpressoide_11.2.1_4149/ide/plugins/com.nxp.mcuxpresso.tools.win32_11.2.0.202008311134/tools/bin/../lib/gcc/arm-none-eabi/9.2.1/../../../../arm-none-eabi/lib/thumb/v7-m/nofp\libc_nano.a(lib_a-nano-freer.o)
 .debug_frame   0x00001ca4       0x30 c:/nxp/mcuxpressoide_11.2.1_4149/ide/plugins/com.nxp.mcuxpresso.tools.win32_11.2.0.202008311134/tools/bin/../lib/gcc/arm-none-eabi/9.2.1/../../../../arm-none-eabi/lib/thumb/v7-m/nofp\libc_nano.a(lib_a-nano-mallocr.o)