Archive member included to satisfy reference by file (symbol)

D:\Developpement_Robot\Robotic-System\trunk\Workspaces\Workspace_1347\lpc_board_nxp_lpcxpresso_1347\Debug\liblpc_board_nxp_lpcxpresso_1347.a(board.o)
                              ./example/src/freertos_blinky.o (Board_LED_Set)
D:\Developpement_Robot\Robotic-System\trunk\Workspaces\Workspace_1347\lpc_board_nxp_lpcxpresso_1347\Debug\liblpc_board_nxp_lpcxpresso_1347.a(board_sysinit.o)
                              ./example/src/sysinit.o (Board_SystemInit)
D:\Developpement_Robot\Robotic-System\trunk\Workspaces\Workspace_1347\lpc_chip_13xx\Debug\liblpc_chip_13xx.a(chip_13xx.o)
                              ./freertos/src/port.o (SystemCoreClock)
D:\Developpement_Robot\Robotic-System\trunk\Workspaces\Workspace_1347\lpc_chip_13xx\Debug\liblpc_chip_13xx.a(clock_13xx.o)
                              D:\Developpement_Robot\Robotic-System\trunk\Workspaces\Workspace_1347\lpc_chip_13xx\Debug\liblpc_chip_13xx.a(chip_13xx.o) (Chip_Clock_SetUSBPLLSource)
D:\Developpement_Robot\Robotic-System\trunk\Workspaces\Workspace_1347\lpc_chip_13xx\Debug\liblpc_chip_13xx.a(gpio_13xx_1.o)
                              D:\Developpement_Robot\Robotic-System\trunk\Workspaces\Workspace_1347\lpc_board_nxp_lpcxpresso_1347\Debug\liblpc_board_nxp_lpcxpresso_1347.a(board.o) (Chip_GPIO_Init)
D:\Developpement_Robot\Robotic-System\trunk\Workspaces\Workspace_1347\lpc_chip_13xx\Debug\liblpc_chip_13xx.a(iocon_13xx.o)
                              D:\Developpement_Robot\Robotic-System\trunk\Workspaces\Workspace_1347\lpc_board_nxp_lpcxpresso_1347\Debug\liblpc_board_nxp_lpcxpresso_1347.a(board.o) (Chip_IOCON_PinMuxSet)
D:\Developpement_Robot\Robotic-System\trunk\Workspaces\Workspace_1347\lpc_chip_13xx\Debug\liblpc_chip_13xx.a(sysctl_13xx.o)
                              D:\Developpement_Robot\Robotic-System\trunk\Workspaces\Workspace_1347\lpc_chip_13xx\Debug\liblpc_chip_13xx.a(chip_13xx.o) (Chip_SYSCTL_PowerUp)
D:\Developpement_Robot\Robotic-System\trunk\Workspaces\Workspace_1347\lpc_chip_13xx\Debug\liblpc_chip_13xx.a(sysinit_13xx.o)
                              D:\Developpement_Robot\Robotic-System\trunk\Workspaces\Workspace_1347\lpc_board_nxp_lpcxpresso_1347\Debug\liblpc_board_nxp_lpcxpresso_1347.a(board_sysinit.o) (Chip_SetupXtalClocking)
c:/nxp/mcuxpressoide_11.2.1_4149/ide/plugins/com.nxp.mcuxpresso.tools.win32_11.2.0.202008311134/tools/bin/../lib/gcc/arm-none-eabi/9.2.1/../../../../arm-none-eabi/lib/thumb/v7-m/nofp\libcr_nohost.a(_cr__main.o)
                              ./example/src/cr_startup_lpc13xx.o (__main)
c:/nxp/mcuxpressoide_11.2.1_4149/ide/plugins/com.nxp.mcuxpresso.tools.win32_11.2.0.202008311134/tools/bin/../lib/gcc/arm-none-eabi/9.2.1/../../../../arm-none-eabi/lib/thumb/v7-m/nofp\libcr_c.a(memcpy.o)
                              ./freertos/src/queue.o (memcpy)
c:/nxp/mcuxpressoide_11.2.1_4149/ide/plugins/com.nxp.mcuxpresso.tools.win32_11.2.0.202008311134/tools/bin/../lib/gcc/arm-none-eabi/9.2.1/../../../../arm-none-eabi/lib/thumb/v7-m/nofp\libcr_c.a(memset.o)
                              ./freertos/src/tasks.o (memset)
c:/nxp/mcuxpressoide_11.2.1_4149/ide/plugins/com.nxp.mcuxpresso.tools.win32_11.2.0.202008311134/tools/bin/../lib/gcc/arm-none-eabi/9.2.1/../../../../arm-none-eabi/lib/thumb/v7-m/nofp\libcr_c.a(alloc.o)
                              ./freertos/src/heap_3.o (malloc)
c:/nxp/mcuxpressoide_11.2.1_4149/ide/plugins/com.nxp.mcuxpresso.tools.win32_11.2.0.202008311134/tools/bin/../lib/gcc/arm-none-eabi/9.2.1/../../../../arm-none-eabi/lib/thumb/v7-m/nofp\libcr_c.a(initio.o)
                              c:/nxp/mcuxpressoide_11.2.1_4149/ide/plugins/com.nxp.mcuxpresso.tools.win32_11.2.0.202008311134/tools/bin/../lib/gcc/arm-none-eabi/9.2.1/../../../../arm-none-eabi/lib/thumb/v7-m/nofp\libcr_nohost.a(_cr__main.o) (_initio)
c:/nxp/mcuxpressoide_11.2.1_4149/ide/plugins/com.nxp.mcuxpresso.tools.win32_11.2.0.202008311134/tools/bin/../lib/gcc/arm-none-eabi/9.2.1/../../../../arm-none-eabi/lib/thumb/v7-m/nofp\libcr_c.a(memcmp.o)
                              ./freertos/src/tasks.o (memcmp)
c:/nxp/mcuxpressoide_11.2.1_4149/ide/plugins/com.nxp.mcuxpresso.tools.win32_11.2.0.202008311134/tools/bin/../lib/gcc/arm-none-eabi/9.2.1/../../../../arm-none-eabi/lib/thumb/v7-m/nofp\libcr_c.a(setvbuf.o)
                              c:/nxp/mcuxpressoide_11.2.1_4149/ide/plugins/com.nxp.mcuxpresso.tools.win32_11.2.0.202008311134/tools/bin/../lib/gcc/arm-none-eabi/9.2.1/../../../../arm-none-eabi/lib/thumb/v7-m/nofp\libcr_c.a(initio.o) (setvbuf)
c:/nxp/mcuxpressoide_11.2.1_4149/ide/plugins/com.nxp.mcuxpresso.tools.win32_11.2.0.202008311134/tools/bin/../lib/gcc/arm-none-eabi/9.2.1/../../../../arm-none-eabi/lib/thumb/v7-m/nofp\libcr_c.a(__init_alloc.o)
[...]
Memory Configuration

Name             Origin             Length             Attributes
MFlash64         0x00000000         0x00010000         xr
RamLoc8          0x10000000         0x00002000         xrw
RamUsb2          0x20004000         0x00000800         xrw
RamPeriph2       0x20000000         0x00000800         xrw
*default*        0x00000000         0xffffffff

Linker script and memory map

LOAD ./freertos/src/FreeRTOSCommonHooks.o
LOAD ./freertos/src/heap_3.o
LOAD ./freertos/src/list.o
LOAD ./freertos/src/port.o
LOAD ./freertos/src/queue.o
LOAD ./freertos/src/tasks.o
LOAD ./example/src/cr_startup_lpc13xx.o
LOAD ./example/src/freertos_blinky.o
LOAD ./example/src/sysinit.o
LOAD D:\Developpement_Robot\Robotic-System\trunk\Workspaces\Workspace_1347\lpc_board_nxp_lpcxpresso_1347\Debug\liblpc_board_nxp_lpcxpresso_1347.a
LOAD D:\Developpement_Robot\Robotic-System\trunk\Workspaces\Workspace_1347\lpc_chip_13xx\Debug\liblpc_chip_13xx.a
START GROUP
LOAD c:/nxp/mcuxpressoide_11.2.1_4149/ide/plugins/com.nxp.mcuxpresso.tools.win32_11.2.0.202008311134/tools/bin/../lib/gcc/arm-none-eabi/9.2.1/../../../../arm-none-eabi/lib/thumb/v7-m/nofp\libcr_nohost.a
LOAD c:/nxp/mcuxpressoide_11.2.1_4149/ide/plugins/com.nxp.mcuxpresso.tools.win32_11.2.0.202008311134/tools/bin/../lib/gcc/arm-none-eabi/9.2.1/../../../../arm-none-eabi/lib/thumb/v7-m/nofp\libcr_c.a
LOAD c:/nxp/mcuxpressoide_11.2.1_4149/ide/plugins/com.nxp.mcuxpresso.tools.win32_11.2.0.202008311134/tools/bin/../lib/gcc/arm-none-eabi/9.2.1/thumb/v7-m/nofp\libcr_eabihelpers.a
LOAD c:/nxp/mcuxpressoide_11.2.1_4149/ide/plugins/com.nxp.mcuxpresso.tools.win32_11.2.0.202008311134/tools/bin/../lib/gcc/arm-none-eabi/9.2.1/thumb/v7-m/nofp\libgcc.a
END GROUP
                0x00000000                __base_MFlash64 = 0x0
                0x00000000                __base_Flash = 0x0
                0x00010000                __top_MFlash64 = 0x10000
                0x00010000                __top_Flash = 0x10000
                0x10000000                __base_RamLoc8 = 0x10000000
                0x10000000                __base_RAM = 0x10000000
                0x10002000                __top_RamLoc8 = 0x10002000
                0x10002000                __top_RAM = 0x10002000
                0x20004000                __base_RamUsb2 = 0x20004000
                0x20004000                __base_RAM2 = 0x20004000
                0x20004800                __top_RamUsb2 = 0x20004800
                0x20004800                __top_RAM2 = 0x20004800
                0x20000000                __base_RamPeriph2 = 0x20000000
                0x20000000                __base_RAM3 = 0x20000000
                0x20000800                __top_RamPeriph2 = 0x20000800
                0x20000800                __top_RAM3 = 0x20000800

.text           0x00000000     0x1d28
 FILL mask 0xff
                0x00000000                __vectors_start__ = ABSOLUTE (.)
 *(.isr_vector)
 .isr_vector    0x00000000       0xc0 ./example/src/cr_startup_lpc13xx.o
                0x00000000                g_pfnVectors
                0x000000c0                . = ALIGN (0x4)
                0x000000c0                __section_table_start = .
                0x000000c0                __data_section_table = .
                0x000000c0        0x4 LONG 0x1d28 LOADADDR (.data)
                0x000000c4        0x4 LONG 0x10000000 ADDR (.data)
                0x000000c8        0x4 LONG 0x8 SIZEOF (.data)
                0x000000cc        0x4 LONG 0x1d28 LOADADDR (.data_RAM2)
                0x000000d0        0x4 LONG 0x20004000 ADDR (.data_RAM2)
                0x000000d4        0x4 LONG 0x0 SIZEOF (.data_RAM2)
                0x000000d8        0x4 LONG 0x1d28 LOADADDR (.data_RAM3)
                0x000000dc        0x4 LONG 0x20000000 ADDR (.data_RAM3)
                0x000000e0        0x4 LONG 0x0 SIZEOF (.data_RAM3)
                0x000000e4                __data_section_table_end = .
                0x000000e4                __bss_section_table = .
                0x000000e4        0x4 LONG 0x10000008 ADDR (.bss)
                0x000000e8        0x4 LONG 0x330 SIZEOF (.bss)
                0x000000ec        0x4 LONG 0x20004000 ADDR (.bss_RAM2)
                0x000000f0        0x4 LONG 0x0 SIZEOF (.bss_RAM2)
                0x000000f4        0x4 LONG 0x20000000 ADDR (.bss_RAM3)
                0x000000f8        0x4 LONG 0x0 SIZEOF (.bss_RAM3)
                0x000000fc                __bss_section_table_end = .
                0x000000fc                __section_table_end = .
 *(.after_vectors*)
 .after_vectors
                0x000000fc      0x118 ./example/src/cr_startup_lpc13xx.o
                0x000000fc                data_init
                0x00000140                bss_init
                0x00000178                ResetISR
                0x000001f0                NMI_Handler
                0x000001f6                HardFault_Handler
                0x0000020e                TIMER32_0_IRQHandler
                0x0000020e                UART_IRQHandler
                0x0000020e                RIT_IRQHandler
                0x0000020e                OSCFAIL_IRQHandler
                0x0000020e                PIN_INT6_IRQHandler
                0x0000020e                IntDefaultHandler
                0x0000020e                PIN_INT4_IRQHandler
                0x0000020e                SSP0_IRQHandler
                0x0000020e                USBWakeup_IRQHandler
                0x0000020e                TIMER32_1_IRQHandler
                0x0000020e                PVTCIRCUIT_IRQHandler
                0x0000020e                PIN_INT5_IRQHandler
                0x0000020e                PIN_INT2_IRQHandler
                0x0000020e                TIMER16_1_IRQHandler
                0x0000020e                USB_FIQHandler
                0x0000020e                ADC_IRQHandler
                0x0000020e                SSP1_IRQHandler
                0x0000020e                PIN_INT7_IRQHandler
                0x0000020e                PIN_INT1_IRQHandler
                0x0000020e                USB_IRQHandler
                0x0000020e                BOD_IRQHandler
                0x0000020e                I2C_IRQHandler
                0x0000020e                WDT_IRQHandler
                0x0000020e                PIN_INT0_IRQHandler
                0x0000020e                GINT0_IRQHandler
                0x0000020e                TIMER16_0_IRQHandler
                0x0000020e                PIN_INT3_IRQHandler
                0x0000020e                FMC_IRQHandler
                0x0000020e                GINT1_IRQHandler
 *(.text*)
 .text.vApplicationMallocFailedHook
                0x00000214        0xa ./freertos/src/FreeRTOSCommonHooks.o
                0x00000214                vApplicationMallocFailedHook
 .text.vApplicationIdleHook
                0x0000021e       0x10 ./freertos/src/FreeRTOSCommonHooks.o
                0x0000021e                vApplicationIdleHook
 .text.vApplicationStackOverflowHook
                0x0000022e       0x10 ./freertos/src/FreeRTOSCommonHooks.o
                0x0000022e                vApplicationStackOverflowHook
 .text.pvPortMalloc
                0x0000023e       0x2c ./freertos/src/heap_3.o
                0x0000023e                pvPortMalloc
 .text.vPortFree
                0x0000026a       0x24 ./freertos/src/heap_3.o
                0x0000026a                vPortFree
 .text.vListInitialise
                0x0000028e       0x3e ./freertos/src/list.o
                0x0000028e                vListInitialise
 .text.vListInitialiseItem
                0x000002cc       0x18 ./freertos/src/list.o
                0x000002cc                vListInitialiseItem
 .text.vListInsertEnd
                0x000002e4       0x46 ./freertos/src/list.o
                0x000002e4                vListInsertEnd
 .text.vListInsert
                0x0000032a       0x70 ./freertos/src/list.o
                0x0000032a                vListInsert
 .text.uxListRemove
                0x0000039a       0x52 ./freertos/src/list.o
                0x0000039a                uxListRemove
 .text.pxPortInitialiseStack
                0x000003ec       0x54 ./freertos/src/port.o
                0x000003ec                pxPortInitialiseStack
 .text.prvTaskExitError
                0x00000440       0x20 ./freertos/src/port.o
 .text.SVC_Handler
                0x00000460       0x24 ./freertos/src/port.o
                0x00000460                SVC_Handler
 .text.prvPortStartFirstTask
                0x00000484       0x18 ./freertos/src/port.o
 .text.xPortStartScheduler
                0x0000049c       0xb8 ./freertos/src/port.o
                0x0000049c                xPortStartScheduler
 .text.vPortYield
                0x00000554       0x20 ./freertos/src/port.o
                0x00000554                vPortYield
 .text.vPortEnterCritical
                0x00000574       0x24 ./freertos/src/port.o
                0x00000574                vPortEnterCritical
 .text.vPortExitCritical
                0x00000598       0x24 ./freertos/src/port.o
                0x00000598                vPortExitCritical
 .text.ulPortSetInterruptMask
                0x000005bc       0x12 ./freertos/src/port.o
                0x000005bc                ulPortSetInterruptMask
 .text.vPortClearInterruptMask
                0x000005ce        0x8 ./freertos/src/port.o
                0x000005ce                vPortClearInterruptMask
 *fill*         0x000005d6        0x2 ff
 .text.PendSV_Handler
                0x000005d8       0x40 ./freertos/src/port.o
                0x000005d8                PendSV_Handler
 .text.SysTick_Handler
                0x00000618       0x28 ./freertos/src/port.o
                0x00000618                SysTick_Handler
 .text.vPortSetupTimerInterrupt
                0x00000640       0x34 ./freertos/src/port.o
                0x00000640                vPortSetupTimerInterrupt
 .text.xTaskGenericCreate
                0x00000674      0x168 ./freertos/src/tasks.o
                0x00000674                xTaskGenericCreate
 .text.vTaskDelay
                0x000007dc       0x54 ./freertos/src/tasks.o
                0x000007dc                vTaskDelay
 .text.vTaskStartScheduler
                0x00000830       0x64 ./freertos/src/tasks.o
                0x00000830                vTaskStartScheduler
 .text.vTaskSuspendAll
                0x00000894       0x1c ./freertos/src/tasks.o
                0x00000894                vTaskSuspendAll
 .text.xTaskResumeAll
                0x000008b0      0x10c ./freertos/src/tasks.o
                0x000008b0                xTaskResumeAll
 .text.xTaskIncrementTick
                0x000009bc      0x19c ./freertos/src/tasks.o
                0x000009bc                xTaskIncrementTick
 .text.vTaskSwitchContext
                0x00000b58       0xf4 ./freertos/src/tasks.o
                0x00000b58                vTaskSwitchContext
 .text.prvIdleTask
                0x00000c4c       0x24 ./freertos/src/tasks.o
 .text.prvInitialiseTCBVariables
                0x00000c70       0x98 ./freertos/src/tasks.o
 .text.prvInitialiseTaskLists
                0x00000d08       0x80 ./freertos/src/tasks.o
 .text.prvCheckTasksWaitingTermination
                0x00000d88       0x78 ./freertos/src/tasks.o
 .text.prvAddCurrentTaskToDelayedList
                0x00000e00       0x6c ./freertos/src/tasks.o
 .text.prvAllocateTCBAndStack
                0x00000e6c       0x62 ./freertos/src/tasks.o
 .text.prvDeleteTCB
                0x00000ece       0x20 ./freertos/src/tasks.o
 .text.prvSetupHardware
                0x00000eee       0x10 ./example/src/freertos_blinky.o
 .text.vLEDTask0
                0x00000efe       0x28 ./example/src/freertos_blinky.o
 .text.vLEDTask1
                0x00000f26       0x28 ./example/src/freertos_blinky.o
 .text.vLEDTask2
                0x00000f4e       0x28 ./example/src/freertos_blinky.o
 *fill*         0x00000f76        0x2 ff
 .text.main     0x00000f78       0x84 ./example/src/freertos_blinky.o
                0x00000f78                main
 .text.SystemInit
                0x00000ffc        0xc ./example/src/sysinit.o
                0x00000ffc                SystemInit
 .text.Chip_GPIO_WritePortBit
                0x00001008       0x32 D:\Developpement_Robot\Robotic-System\trunk\Workspaces\Workspace_1347\lpc_board_nxp_lpcxpresso_1347\Debug\liblpc_board_nxp_lpcxpresso_1347.a(board.o)
 .text.__sys_write
                0x0000103a       0x18 D:\Developpement_Robot\Robotic-System\trunk\Workspaces\Workspace_1347\lpc_board_nxp_lpcxpresso_1347\Debug\liblpc_board_nxp_lpcxpresso_1347.a(board.o)
                0x0000103a                __sys_write
 .text.Board_LED_Init
                0x00001052       0x16 D:\Developpement_Robot\Robotic-System\trunk\Workspaces\Workspace_1347\lpc_board_nxp_lpcxpresso_1347\Debug\liblpc_board_nxp_lpcxpresso_1347.a(board.o)
 .text.Board_LED_Set
                0x00001068       0x2c D:\Developpement_Robot\Robotic-System\trunk\Workspaces\Workspace_1347\lpc_board_nxp_lpcxpresso_1347\Debug\liblpc_board_nxp_lpcxpresso_1347.a(board.o)
                0x00001068                Board_LED_Set
 .text.Board_Init
                0x00001094       0x14 D:\Developpement_Robot\Robotic-System\trunk\Workspaces\Workspace_1347\lpc_board_nxp_lpcxpresso_1347\Debug\liblpc_board_nxp_lpcxpresso_1347.a(board.o)
                0x00001094                Board_Init
 .text.Chip_SYSCTL_Map
                0x000010a8       0x20 D:\Developpement_Robot\Robotic-System\trunk\Workspaces\Workspace_1347\lpc_board_nxp_lpcxpresso_1347\Debug\liblpc_board_nxp_lpcxpresso_1347.a(board_sysinit.o)
 .text.Chip_Clock_EnablePeriphClock
                0x000010c8       0x30 D:\Developpement_Robot\Robotic-System\trunk\Workspaces\Workspace_1347\lpc_board_nxp_lpcxpresso_1347\Debug\liblpc_board_nxp_lpcxpresso_1347.a(board_sysinit.o)
 .text.Chip_IOCON_SetPinMuxing
                0x000010f8       0x50 D:\Developpement_Robot\Robotic-System\trunk\Workspaces\Workspace_1347\lpc_board_nxp_lpcxpresso_1347\Debug\liblpc_board_nxp_lpcxpresso_1347.a(board_sysinit.o)
 .text.Board_SetupMuxing
                0x00001148       0x20 D:\Developpement_Robot\Robotic-System\trunk\Workspaces\Workspace_1347\lpc_board_nxp_lpcxpresso_1347\Debug\liblpc_board_nxp_lpcxpresso_1347.a(board_sysinit.o)
                0x00001148                Board_SetupMuxing
 .text.Board_SetupClocking
                0x00001168        0xc D:\Developpement_Robot\Robotic-System\trunk\Workspaces\Workspace_1347\lpc_board_nxp_lpcxpresso_1347\Debug\liblpc_board_nxp_lpcxpresso_1347.a(board_sysinit.o)
                0x00001168                Board_SetupClocking
 .text.Board_SystemInit
                0x00001174       0x16 D:\Developpement_Robot\Robotic-System\trunk\Workspaces\Workspace_1347\lpc_board_nxp_lpcxpresso_1347\Debug\liblpc_board_nxp_lpcxpresso_1347.a(board_sysinit.o)
                0x00001174                Board_SystemInit
 *fill*         0x0000118a        0x2 ff
 .text.SystemCoreClockUpdate
                0x0000118c       0x18 D:\Developpement_Robot\Robotic-System\trunk\Workspaces\Workspace_1347\lpc_chip_13xx\Debug\liblpc_chip_13xx.a(chip_13xx.o)
                0x0000118c                SystemCoreClockUpdate
 .text.Chip_Clock_GetMainOscRate
                0x000011a4       0x14 D:\Developpement_Robot\Robotic-System\trunk\Workspaces\Workspace_1347\lpc_chip_13xx\Debug\liblpc_chip_13xx.a(clock_13xx.o)
 .text.Chip_Clock_GetIntOscRate
                0x000011b8       0x14 D:\Developpement_Robot\Robotic-System\trunk\Workspaces\Workspace_1347\lpc_chip_13xx\Debug\liblpc_chip_13xx.a(clock_13xx.o)
 .text.Chip_Clock_GetWDTLFORate
                0x000011cc       0x3c D:\Developpement_Robot\Robotic-System\trunk\Workspaces\Workspace_1347\lpc_chip_13xx\Debug\liblpc_chip_13xx.a(clock_13xx.o)
 .text.Chip_Clock_GetPLLFreq
                0x00001208       0x26 D:\Developpement_Robot\Robotic-System\trunk\Workspaces\Workspace_1347\lpc_chip_13xx\Debug\liblpc_chip_13xx.a(clock_13xx.o)
 *fill*         0x0000122e        0x2 ff
 .text.Chip_Clock_SetSystemPLLSource
                0x00001230       0x20 D:\Developpement_Robot\Robotic-System\trunk\Workspaces\Workspace_1347\lpc_chip_13xx\Debug\liblpc_chip_13xx.a(clock_13xx.o)
                0x00001230                Chip_Clock_SetSystemPLLSource
 .text.Chip_Clock_SetMainClockSource
                0x00001250       0x20 D:\Developpement_Robot\Robotic-System\trunk\Workspaces\Workspace_1347\lpc_chip_13xx\Debug\liblpc_chip_13xx.a(clock_13xx.o)
                0x00001250                Chip_Clock_SetMainClockSource
 .text.Chip_Clock_GetWDTOSCRate
                0x00001270       0x18 D:\Developpement_Robot\Robotic-System\trunk\Workspaces\Workspace_1347\lpc_chip_13xx\Debug\liblpc_chip_13xx.a(clock_13xx.o)
                0x00001270                Chip_Clock_GetWDTOSCRate
 .text.Chip_Clock_GetSystemPLLInClockRate
                0x00001288       0x3c D:\Developpement_Robot\Robotic-System\trunk\Workspaces\Workspace_1347\lpc_chip_13xx\Debug\liblpc_chip_13xx.a(clock_13xx.o)
                0x00001288                Chip_Clock_GetSystemPLLInClockRate
 .text.Chip_Clock_GetSystemPLLOutClockRate
                0x000012c4       0x20 D:\Developpement_Robot\Robotic-System\trunk\Workspaces\Workspace_1347\lpc_chip_13xx\Debug\liblpc_chip_13xx.a(clock_13xx.o)
                0x000012c4                Chip_Clock_GetSystemPLLOutClockRate
 .text.Chip_Clock_GetMainClockRate
                0x000012e4       0x60 D:\Developpement_Robot\Robotic-System\trunk\Workspaces\Workspace_1347\lpc_chip_13xx\Debug\liblpc_chip_13xx.a(clock_13xx.o)
                0x000012e4                Chip_Clock_GetMainClockRate
 .text.Chip_Clock_GetSystemClockRate
                0x00001344       0x1c D:\Developpement_Robot\Robotic-System\trunk\Workspaces\Workspace_1347\lpc_chip_13xx\Debug\liblpc_chip_13xx.a(clock_13xx.o)
                0x00001344                Chip_Clock_GetSystemClockRate
 .text.Chip_Clock_EnablePeriphClock
                0x00001360       0x30 D:\Developpement_Robot\Robotic-System\trunk\Workspaces\Workspace_1347\lpc_chip_13xx\Debug\liblpc_chip_13xx.a(gpio_13xx_1.o)
 .text.Chip_GPIO_Init
                0x00001390       0x16 D:\Developpement_Robot\Robotic-System\trunk\Workspaces\Workspace_1347\lpc_chip_13xx\Debug\liblpc_chip_13xx.a(gpio_13xx_1.o)
                0x00001390                Chip_GPIO_Init
 .text.Chip_GPIO_WriteDirBit
                0x000013a6       0x72 D:\Developpement_Robot\Robotic-System\trunk\Workspaces\Workspace_1347\lpc_chip_13xx\Debug\liblpc_chip_13xx.a(gpio_13xx_1.o)
                0x000013a6                Chip_GPIO_WriteDirBit
 .text.Chip_IOCON_PinMuxSet
                0x00001418       0x3a D:\Developpement_Robot\Robotic-System\trunk\Workspaces\Workspace_1347\lpc_chip_13xx\Debug\liblpc_chip_13xx.a(iocon_13xx.o)
                0x00001418                Chip_IOCON_PinMuxSet
 *fill*         0x00001452        0x2 ff
 .text.Chip_SYSCTL_PowerDown
                0x00001454       0x40 D:\Developpement_Robot\Robotic-System\trunk\Workspaces\Workspace_1347\lpc_chip_13xx\Debug\liblpc_chip_13xx.a(sysctl_13xx.o)
                0x00001454                Chip_SYSCTL_PowerDown
 .text.Chip_SYSCTL_PowerUp
                0x00001494       0x40 D:\Developpement_Robot\Robotic-System\trunk\Workspaces\Workspace_1347\lpc_chip_13xx\Debug\liblpc_chip_13xx.a(sysctl_13xx.o)
                0x00001494                Chip_SYSCTL_PowerUp
 .text.Chip_Clock_SetupSystemPLL
                0x000014d4       0x34 D:\Developpement_Robot\Robotic-System\trunk\Workspaces\Workspace_1347\lpc_chip_13xx\Debug\liblpc_chip_13xx.a(sysinit_13xx.o)
 .text.Chip_Clock_IsSystemPLLLocked
                0x00001508       0x24 D:\Developpement_Robot\Robotic-System\trunk\Workspaces\Workspace_1347\lpc_chip_13xx\Debug\liblpc_chip_13xx.a(sysinit_13xx.o)
 .text.Chip_Clock_SetSysClockDiv
                0x0000152c       0x1c D:\Developpement_Robot\Robotic-System\trunk\Workspaces\Workspace_1347\lpc_chip_13xx\Debug\liblpc_chip_13xx.a(sysinit_13xx.o)
 .text.Chip_FMC_SetFLASHAccess
                0x00001548       0x2c D:\Developpement_Robot\Robotic-System\trunk\Workspaces\Workspace_1347\lpc_chip_13xx\Debug\liblpc_chip_13xx.a(sysinit_13xx.o)
 .text.Chip_SetupXtalClocking
                0x00001574       0x66 D:\Developpement_Robot\Robotic-System\trunk\Workspaces\Workspace_1347\lpc_chip_13xx\Debug\liblpc_chip_13xx.a(sysinit_13xx.o)
                0x00001574                Chip_SetupXtalClocking
 .text.__main   0x000015da        0xe c:/nxp/mcuxpressoide_11.2.1_4149/ide/plugins/com.nxp.mcuxpresso.tools.win32_11.2.0.202008311134/tools/bin/../lib/gcc/arm-none-eabi/9.2.1/../../../../arm-none-eabi/lib/thumb/v7-m/nofp\libcr_nohost.a(_cr__main.o)
                0x000015da                __main
 .text.memset   0x000015e8        0x4 c:/nxp/mcuxpressoide_11.2.1_4149/ide/plugins/com.nxp.mcuxpresso.tools.win32_11.2.0.202008311134/tools/bin/../lib/gcc/arm-none-eabi/9.2.1/../../../../arm-none-eabi/lib/thumb/v7-m/nofp\libcr_c.a(memset.o)
                0x000015e8                memset
 .text.malloc   0x000015ec       0xc8 c:/nxp/mcuxpressoide_11.2.1_4149/ide/plugins/com.nxp.mcuxpresso.tools.win32_11.2.0.202008311134/tools/bin/../lib/gcc/arm-none-eabi/9.2.1/../../../../arm-none-eabi/lib/thumb/v7-m/nofp\libcr_c.a(alloc.o)
                0x000015ec                malloc
 .text.free     0x000016b4       0x30 c:/nxp/mcuxpressoide_11.2.1_4149/ide/plugins/com.nxp.mcuxpresso.tools.win32_11.2.0.202008311134/tools/bin/../lib/gcc/arm-none-eabi/9.2.1/../../../../arm-none-eabi/lib/thumb/v7-m/nofp\libcr_c.a(alloc.o)
                0x000016b4                free
 .text._initio  0x000016e4       0x78 c:/nxp/mcuxpressoide_11.2.1_4149/ide/plugins/com.nxp.mcuxpresso.tools.win32_11.2.0.202008311134/tools/bin/../lib/gcc/arm-none-eabi/9.2.1/../../../../arm-none-eabi/lib/thumb/v7-m/nofp\libcr_c.a(initio.o)
                0x000016e4                _initio
 .text.memcmp   0x0000175c       0x42 c:/nxp/mcuxpressoide_11.2.1_4149/ide/plugins/com.nxp.mcuxpresso.tools.win32_11.2.0.202008311134/tools/bin/../lib/gcc/arm-none-eabi/9.2.1/../../../../arm-none-eabi/lib/thumb/v7-m/nofp\libcr_c.a(memcmp.o)
                0x0000175c                memcmp
 .text.setvbuf  0x0000179e       0x3e c:/nxp/mcuxpressoide_11.2.1_4149/ide/plugins/com.nxp.mcuxpresso.tools.win32_11.2.0.202008311134/tools/bin/../lib/gcc/arm-none-eabi/9.2.1/../../../../arm-none-eabi/lib/thumb/v7-m/nofp\libcr_c.a(setvbuf.o)
                0x0000179e                setvbuf
 .text._sbrk    0x000017dc       0x3c c:/nxp/mcuxpressoide_11.2.1_4149/ide/plugins/com.nxp.mcuxpresso.tools.win32_11.2.0.202008311134/tools/bin/../lib/gcc/arm-none-eabi/9.2.1/../../../../arm-none-eabi/lib/thumb/v7-m/nofp\libcr_c.a(_cr_sbrk.o)
                0x000017dc                _sbrk
 .text._fdopen  0x00001818       0x68 c:/nxp/mcuxpressoide_11.2.1_4149/ide/plugins/com.nxp.mcuxpresso.tools.win32_11.2.0.202008311134/tools/bin/../lib/gcc/arm-none-eabi/9.2.1/../../../../arm-none-eabi/lib/thumb/v7-m/nofp\libcr_c.a(_fdopen.o)
                0x00001818                _fdopen
 .text.fclose   0x00001880       0x58 c:/nxp/mcuxpressoide_11.2.1_4149/ide/plugins/com.nxp.mcuxpresso.tools.win32_11.2.0.202008311134/tools/bin/../lib/gcc/arm-none-eabi/9.2.1/../../../../arm-none-eabi/lib/thumb/v7-m/nofp\libcr_c.a(fclose.o)
                0x00001880                fclose
 .text.fflush   0x000018d8       0x44 c:/nxp/mcuxpressoide_11.2.1_4149/ide/plugins/com.nxp.mcuxpresso.tools.win32_11.2.0.202008311134/tools/bin/../lib/gcc/arm-none-eabi/9.2.1/../../../../arm-none-eabi/lib/thumb/v7-m/nofp\libcr_c.a(fflush.o)
                0x000018d8                fflush
 .text.fseek    0x0000191c      0x100 c:/nxp/mcuxpressoide_11.2.1_4149/ide/plugins/com.nxp.mcuxpresso.tools.win32_11.2.0.202008311134/tools/bin/../lib/gcc/arm-none-eabi/9.2.1/../../../../arm-none-eabi/lib/thumb/v7-m/nofp\libcr_c.a(fseek.o)
                0x0000191c                fseek
 .text.ftell    0x00001a1c       0x44 c:/nxp/mcuxpressoide_11.2.1_4149/ide/plugins/com.nxp.mcuxpresso.tools.win32_11.2.0.202008311134/tools/bin/../lib/gcc/arm-none-eabi/9.2.1/../../../../arm-none-eabi/lib/thumb/v7-m/nofp\libcr_c.a(ftell.o)
                0x00001a1c                ftell
 .text.remove   0x00001a60       0x14 c:/nxp/mcuxpressoide_11.2.1_4149/ide/plugins/com.nxp.mcuxpresso.tools.win32_11.2.0.202008311134/tools/bin/../lib/gcc/arm-none-eabi/9.2.1/../../../../arm-none-eabi/lib/thumb/v7-m/nofp\libcr_c.a(remove.o)
                0x00001a60                remove
 .text.strlen   0x00001a74       0x4c c:/nxp/mcuxpressoide_11.2.1_4149/ide/plugins/com.nxp.mcuxpresso.tools.win32_11.2.0.202008311134/tools/bin/../lib/gcc/arm-none-eabi/9.2.1/../../../../arm-none-eabi/lib/thumb/v7-m/nofp\libcr_c.a(strlen.o)
                0x00001a74                strlen
 .text.__check_heap_overflow
                0x00001ac0       0x14 c:/nxp/mcuxpressoide_11.2.1_4149/ide/plugins/com.nxp.mcuxpresso.tools.win32_11.2.0.202008311134/tools/bin/../lib/gcc/arm-none-eabi/9.2.1/../../../../arm-none-eabi/lib/thumb/v7-m/nofp\libcr_c.a(_cr_check_heap.o)
                0x00001ac0                __check_heap_overflow
 .text._do_fflush
                0x00001ad4       0x40 c:/nxp/mcuxpressoide_11.2.1_4149/ide/plugins/com.nxp.mcuxpresso.tools.win32_11.2.0.202008311134/tools/bin/../lib/gcc/arm-none-eabi/9.2.1/../../../../arm-none-eabi/lib/thumb/v7-m/nofp\libcr_c.a(_do_fflush.o)
                0x00001ad4                _do_fflush
 .text._fflush  0x00001b14       0x52 c:/nxp/mcuxpressoide_11.2.1_4149/ide/plugins/com.nxp.mcuxpresso.tools.win32_11.2.0.202008311134/tools/bin/../lib/gcc/arm-none-eabi/9.2.1/../../../../arm-none-eabi/lib/thumb/v7-m/nofp\libcr_c.a(_fflush.o)
                0x00001b14                _fflush
 *fill*         0x00001b66        0x2 ff
 .text._Cwritebuf
                0x00001b68       0x6c c:/nxp/mcuxpressoide_11.2.1_4149/ide/plugins/com.nxp.mcuxpresso.tools.win32_11.2.0.202008311134/tools/bin/../lib/gcc/arm-none-eabi/9.2.1/../../../../arm-none-eabi/lib/thumb/v7-m/nofp\libcr_c.a(_writebuf.o)
                0x00001b68                _Cwritebuf
 .text._deferredlazyseek
                0x00001bd4       0x40 c:/nxp/mcuxpressoide_11.2.1_4149/ide/plugins/com.nxp.mcuxpresso.tools.win32_11.2.0.202008311134/tools/bin/../lib/gcc/arm-none-eabi/9.2.1/../../../../arm-none-eabi/lib/thumb/v7-m/nofp\libcr_c.a(_deferredlazyseek.o)
                0x00001bd4                _deferredlazyseek
 .text.__aeabi_memset_lowlevel
                0x00001c14       0x32 c:/nxp/mcuxpressoide_11.2.1_4149/ide/plugins/com.nxp.mcuxpresso.tools.win32_11.2.0.202008311134/tools/bin/../lib/gcc/arm-none-eabi/9.2.1/thumb/v7-m/nofp\libcr_eabihelpers.a(memcpy.o)
                0x00001c14                __aeabi_lowlevel_memset
 .text.__sys_close
                0x00001c46        0x6 c:/nxp/mcuxpressoide_11.2.1_4149/ide/plugins/com.nxp.mcuxpresso.tools.win32_11.2.0.202008311134/tools/bin/../lib/gcc/arm-none-eabi/9.2.1/../../../../arm-none-eabi/lib/thumb/v7-m/nofp\libcr_nohost.a(__sys_close.o)
                0x00001c46                __sys_close
 .text.__sys_flen
                0x00001c4c        0x6 c:/nxp/mcuxpressoide_11.2.1_4149/ide/plugins/com.nxp.mcuxpresso.tools.win32_11.2.0.202008311134/tools/bin/../lib/gcc/arm-none-eabi/9.2.1/../../../../arm-none-eabi/lib/thumb/v7-m/nofp\libcr_nohost.a(__sys_flen.o)
                0x00001c4c                __sys_flen
 .text.__sys_istty
                0x00001c52        0x6 c:/nxp/mcuxpressoide_11.2.1_4149/ide/plugins/com.nxp.mcuxpresso.tools.win32_11.2.0.202008311134/tools/bin/../lib/gcc/arm-none-eabi/9.2.1/../../../../arm-none-eabi/lib/thumb/v7-m/nofp\libcr_nohost.a(__sys_istty.o)
                0x00001c52                __sys_istty
 .text.__sys_remove
                0x00001c58        0x6 c:/nxp/mcuxpressoide_11.2.1_4149/ide/plugins/com.nxp.mcuxpresso.tools.win32_11.2.0.202008311134/tools/bin/../lib/gcc/arm-none-eabi/9.2.1/../../../../arm-none-eabi/lib/thumb/v7-m/nofp\libcr_nohost.a(__sys_remove.o)
                0x00001c58                __sys_remove
 .text.__sys_seek
                0x00001c5e        0x6 c:/nxp/mcuxpressoide_11.2.1_4149/ide/plugins/com.nxp.mcuxpresso.tools.win32_11.2.0.202008311134/tools/bin/../lib/gcc/arm-none-eabi/9.2.1/../../../../arm-none-eabi/lib/thumb/v7-m/nofp\libcr_nohost.a(__sys_seek.o)
                0x00001c5e                __sys_seek
 .text.__sys_tmpnam
                0x00001c64        0x6 c:/nxp/mcuxpressoide_11.2.1_4149/ide/plugins/com.nxp.mcuxpresso.tools.win32_11.2.0.202008311134/tools/bin/../lib/gcc/arm-none-eabi/9.2.1/../../../../arm-none-eabi/lib/thumb/v7-m/nofp\libcr_nohost.a(__sys_tmpnam.o)
                0x00001c64                __sys_tmpnam
 */tasks.o(.rodata*)
 *fill*         0x00001c6a        0x2 ff
 .rodata.vTaskStartScheduler.str1.4
                0x00001c6c        0x5 ./freertos/src/tasks.o
 *fill*         0x00001c71        0x3 ff
 .rodata.ucExpectedStackBytes.7099
                0x00001c74       0x14 ./freertos/src/tasks.o
 *(.rodata .rodata.* .constdata .constdata.*)
 .rodata.main.str1.4
                0x00001c88       0x22 ./example/src/freertos_blinky.o
 *fill*         0x00001caa        0x2 ff
 .rodata.OscRateIn
                0x00001cac        0x4 D:\Developpement_Robot\Robotic-System\trunk\Workspaces\Workspace_1347\lpc_board_nxp_lpcxpresso_1347\Debug\liblpc_board_nxp_lpcxpresso_1347.a(board.o)
                0x00001cac                OscRateIn
 .rodata.pinmuxing
                0x00001cb0       0x30 D:\Developpement_Robot\Robotic-System\trunk\Workspaces\Workspace_1347\lpc_board_nxp_lpcxpresso_1347\Debug\liblpc_board_nxp_lpcxpresso_1347.a(board_sysinit.o)
 .rodata.wdtOSCRate
                0x00001ce0       0x40 D:\Developpement_Robot\Robotic-System\trunk\Workspaces\Workspace_1347\lpc_chip_13xx\Debug\liblpc_chip_13xx.a(clock_13xx.o)
 .rodata._initio.str1.1
                0x00001d20        0x4 c:/nxp/mcuxpressoide_11.2.1_4149/ide/plugins/com.nxp.mcuxpresso.tools.win32_11.2.0.202008311134/tools/bin/../lib/gcc/arm-none-eabi/9.2.1/../../../../arm-none-eabi/lib/thumb/v7-m/nofp\libcr_c.a(initio.o)
 .rodata.__num_Ciob_streams
                0x00001d24        0x4 c:/nxp/mcuxpressoide_11.2.1_4149/ide/plugins/com.nxp.mcuxpresso.tools.win32_11.2.0.202008311134/tools/bin/../lib/gcc/arm-none-eabi/9.2.1/../../../../arm-none-eabi/lib/thumb/v7-m/nofp\libcr_nohost.a(__ciob.o)
                0x00001d24                __num_Ciob_streams
                0x00001d28                . = ALIGN (0x4)

.glue_7         0x00001d28        0x0
 .glue_7        0x00001d28        0x0 linker stubs

.glue_7t        0x00001d28        0x0
 .glue_7t       0x00001d28        0x0 linker stubs

.vfp11_veneer   0x00001d28        0x0
 .vfp11_veneer  0x00001d28        0x0 linker stubs

.v4_bx          0x00001d28        0x0
 .v4_bx         0x00001d28        0x0 linker stubs

.iplt           0x00001d28        0x0
 .iplt          0x00001d28        0x0 ./freertos/src/FreeRTOSCommonHooks.o

.rel.dyn        0x00001d28        0x0
 .rel.iplt      0x00001d28        0x0 ./freertos/src/FreeRTOSCommonHooks.o

.ARM.extab
 *(.ARM.extab* .gnu.linkonce.armextab.*)

.ARM.exidx      0x00001d28        0x0
                0x00001d28                __exidx_start = .
 *(.ARM.exidx* .gnu.linkonce.armexidx.*)
                0x00001d28                __exidx_end = .
                0x00001d28                _etext = .

.data_RAM2      0x20004000        0x0 load address 0x00001d28
 FILL mask 0xff
                [!provide]                PROVIDE (__start_data_RAM2 = .)
                [!provide]                PROVIDE (__start_data_RamUsb2 = .)
 *(.ramfunc.$RAM2)
 *(.ramfunc.$RamUsb2)
 *(.data.$RAM2)
 *(.data.$RamUsb2)
 *(.data.$RAM2.*)
 *(.data.$RamUsb2.*)
                0x20004000                . = ALIGN (0x4)
                [!provide]                PROVIDE (__end_data_RAM2 = .)
                [!provide]                PROVIDE (__end_data_RamUsb2 = .)

.data_RAM3      0x20000000        0x0 load address 0x00001d28
 FILL mask 0xff
                [!provide]                PROVIDE (__start_data_RAM3 = .)
                [!provide]                PROVIDE (__start_data_RamPeriph2 = .)
 *(.ramfunc.$RAM3)
 *(.ramfunc.$RamPeriph2)
 *(.data.$RAM3)
 *(.data.$RamPeriph2)
 *(.data.$RAM3.*)
 *(.data.$RamPeriph2.*)
                0x20000000                . = ALIGN (0x4)
                [!provide]                PROVIDE (__end_data_RAM3 = .)
                [!provide]                PROVIDE (__end_data_RamPeriph2 = .)

.uninit_RESERVED
                0x10000000        0x0
                0x10000000                _start_uninit_RESERVED = .
 *(.bss.$RESERVED*)
                0x10000000                . = ALIGN (0x4)
                0x10000000                _end_uninit_RESERVED = .

.data           0x10000000        0x8 load address 0x00001d28
 FILL mask 0xff
                0x10000000                _data = .
                [!provide]                PROVIDE (__start_data_RAM = .)
                [!provide]                PROVIDE (__start_data_RamLoc8 = .)
 *(vtable)
 *(.ramfunc*)
 *(CodeQuickAccess)
 *(DataQuickAccess)
 *(RamFunction)
 *(.data*)
 .data.uxCriticalNesting
                0x10000000        0x4 ./freertos/src/port.o
 .data.xNextTaskUnblockTime
                0x10000004        0x4 ./freertos/src/tasks.o
                0x10000008                . = ALIGN (0x4)
                0x10000008                _edata = .
                [!provide]                PROVIDE (__end_data_RAM = .)
                [!provide]                PROVIDE (__end_data_RamLoc8 = .)

.igot.plt       0x10000008        0x0 load address 0x00001d30
 .igot.plt      0x10000008        0x0 ./freertos/src/FreeRTOSCommonHooks.o

.bss_RAM2       0x20004000        0x0
                [!provide]                PROVIDE (__start_bss_RAM2 = .)
                [!provide]                PROVIDE (__start_bss_RamUsb2 = .)
 *(.bss.$RAM2)
 *(.bss.$RamUsb2)
 *(.bss.$RAM2.*)
 *(.bss.$RamUsb2.*)
                0x20004000                . = ALIGN ((. != 0x0)?0x4:0x1)
                [!provide]                PROVIDE (__end_bss_RAM2 = .)
                [!provide]                PROVIDE (__end_bss_RamUsb2 = .)

.bss_RAM3       0x20000000        0x0
                [!provide]                PROVIDE (__start_bss_RAM3 = .)
                [!provide]                PROVIDE (__start_bss_RamPeriph2 = .)
 *(.bss.$RAM3)
 *(.bss.$RamPeriph2)
 *(.bss.$RAM3.*)
 *(.bss.$RamPeriph2.*)
                0x20000000                . = ALIGN ((. != 0x0)?0x4:0x1)
                [!provide]                PROVIDE (__end_bss_RAM3 = .)
                [!provide]                PROVIDE (__end_bss_RamPeriph2 = .)

.bss            0x10000008      0x330
                0x10000008                _bss = .
                [!provide]                PROVIDE (__start_bss_RAM = .)
                [!provide]                PROVIDE (__start_bss_RamLoc8 = .)
 *(.bss*)
 .bss.ucMaxSysCallPriority
                0x10000008        0x1 ./freertos/src/port.o
 *fill*         0x10000009        0x3 
 .bss.ulMaxPRIGROUPValue
                0x1000000c        0x4 ./freertos/src/port.o
 .bss.pxCurrentTCB
                0x10000010        0x4 ./freertos/src/tasks.o
                0x10000010                pxCurrentTCB
 .bss.pxReadyTasksLists
                0x10000014       0xa0 ./freertos/src/tasks.o
 .bss.xDelayedTaskList1
                0x100000b4       0x14 ./freertos/src/tasks.o
 .bss.xDelayedTaskList2
                0x100000c8       0x14 ./freertos/src/tasks.o
 .bss.pxDelayedTaskList
                0x100000dc        0x4 ./freertos/src/tasks.o
 .bss.pxOverflowDelayedTaskList
                0x100000e0        0x4 ./freertos/src/tasks.o
 .bss.xPendingReadyList
                0x100000e4       0x14 ./freertos/src/tasks.o
 .bss.xTasksWaitingTermination
                0x100000f8       0x14 ./freertos/src/tasks.o
 .bss.uxTasksDeleted
                0x1000010c        0x4 ./freertos/src/tasks.o
 .bss.xSuspendedTaskList
                0x10000110       0x14 ./freertos/src/tasks.o
 .bss.uxCurrentNumberOfTasks
                0x10000124        0x4 ./freertos/src/tasks.o
 .bss.xTickCount
                0x10000128        0x4 ./freertos/src/tasks.o
 .bss.uxTopReadyPriority
                0x1000012c        0x4 ./freertos/src/tasks.o
 .bss.xSchedulerRunning
                0x10000130        0x4 ./freertos/src/tasks.o
 .bss.uxSchedulerSuspended
                0x10000134        0x4 ./freertos/src/tasks.o
 .bss.uxPendedTicks
                0x10000138        0x4 ./freertos/src/tasks.o
 .bss.xYieldPending
                0x1000013c        0x4 ./freertos/src/tasks.o
 .bss.xNumOfOverflows
                0x10000140        0x4 ./freertos/src/tasks.o
 .bss.uxTaskNumber
                0x10000144        0x4 ./freertos/src/tasks.o
 .bss.__end_of_heap
                0x10000148        0x4 c:/nxp/mcuxpressoide_11.2.1_4149/ide/plugins/com.nxp.mcuxpresso.tools.win32_11.2.0.202008311134/tools/bin/../lib/gcc/arm-none-eabi/9.2.1/../../../../arm-none-eabi/lib/thumb/v7-m/nofp\libcr_c.a(__init_alloc.o)
                0x10000148                __end_of_heap
 .bss.__heaps   0x1000014c        0x4 c:/nxp/mcuxpressoide_11.2.1_4149/ide/plugins/com.nxp.mcuxpresso.tools.win32_11.2.0.202008311134/tools/bin/../lib/gcc/arm-none-eabi/9.2.1/../../../../arm-none-eabi/lib/thumb/v7-m/nofp\libcr_c.a(__init_alloc.o)
                0x1000014c                __heaps
 .bss.errno     0x10000150        0x4 c:/nxp/mcuxpressoide_11.2.1_4149/ide/plugins/com.nxp.mcuxpresso.tools.win32_11.2.0.202008311134/tools/bin/../lib/gcc/arm-none-eabi/9.2.1/../../../../arm-none-eabi/lib/thumb/v7-m/nofp\libcr_c.a(errno.o)
                0x10000150                errno
 .bss.__Ciob    0x10000154      0x1e0 c:/nxp/mcuxpressoide_11.2.1_4149/ide/plugins/com.nxp.mcuxpresso.tools.win32_11.2.0.202008311134/tools/bin/../lib/gcc/arm-none-eabi/9.2.1/../../../../arm-none-eabi/lib/thumb/v7-m/nofp\libcr_nohost.a(__ciob.o)
                0x10000154                __Ciob
 *(COMMON)
 COMMON         0x10000334        0x4 D:\Developpement_Robot\Robotic-System\trunk\Workspaces\Workspace_1347\lpc_chip_13xx\Debug\liblpc_chip_13xx.a(chip_13xx.o)
                0x10000334                SystemCoreClock
                0x10000338                . = ALIGN (0x4)
                0x10000338                _ebss = .
                [!provide]                PROVIDE (__end_bss_RAM = .)
                [!provide]                PROVIDE (__end_bss_RamLoc8 = .)
                [!provide]                PROVIDE (end = .)

.noinit_RAM2    0x20004000        0x0
                [!provide]                PROVIDE (__start_noinit_RAM2 = .)
                [!provide]                PROVIDE (__start_noinit_RamUsb2 = .)
 *(.noinit.$RAM2)
 *(.noinit.$RamUsb2)
 *(.noinit.$RAM2.*)
 *(.noinit.$RamUsb2.*)
                0x20004000                . = ALIGN (0x4)
                [!provide]                PROVIDE (__end_noinit_RAM2 = .)
                [!provide]                PROVIDE (__end_noinit_RamUsb2 = .)

.noinit_RAM3    0x20000000        0x0
                [!provide]                PROVIDE (__start_noinit_RAM3 = .)
                [!provide]                PROVIDE (__start_noinit_RamPeriph2 = .)
 *(.noinit.$RAM3)
 *(.noinit.$RamPeriph2)
 *(.noinit.$RAM3.*)
 *(.noinit.$RamPeriph2.*)
                0x20000000                . = ALIGN (0x4)
                [!provide]                PROVIDE (__end_noinit_RAM3 = .)
                [!provide]                PROVIDE (__end_noinit_RamPeriph2 = .)

.noinit         0x10000338        0x0
                0x10000338                _noinit = .
                [!provide]                PROVIDE (__start_noinit_RAM = .)
                [!provide]                PROVIDE (__start_noinit_RamLoc8 = .)
 *(.noinit*)
                0x10000338                . = ALIGN (0x4)
                0x10000338                _end_noinit = .
                [!provide]                PROVIDE (__end_noinit_RAM = .)
                [!provide]                PROVIDE (__end_noinit_RamLoc8 = .)
                0x10000338                PROVIDE (_pvHeapStart = DEFINED (__user_heap_base)?__user_heap_base:.)
                0x10002000                PROVIDE (_vStackTop = DEFINED (__user_stack_top)?__user_stack_top:(__top_RamLoc8 - 0x0))
                [!provide]                PROVIDE (__valid_user_code_checksum = (0x0 - ((((((_vStackTop + (ResetISR + 0x1)) + (NMI_Handler + 0x1)) + (HardFault_Handler + 0x1)) + (DEFINED (MemManage_Handler)?MemManage_Handler:0x0 + 0x1)) + (DEFINED (BusFault_Handler)?BusFault_Handler:0x0 + 0x1)) + (DEFINED (UsageFault_Handler)?UsageFault_Handler:0x0 + 0x1))))
                0x00000000                _image_start = LOADADDR (.text)
                0x00001d30                _image_end = (LOADADDR (.data) + SIZEOF (.data))
                0x00001d30                _image_size = (_image_end - _image_start)
OUTPUT(freertos_blinky.axf elf32-littlearm)

.debug_info     0x00000000     0x630e
 .debug_info    0x00000000      0x2f8 ./freertos/src/FreeRTOSCommonHooks.o
 .debug_info    0x000002f8      0x294 ./freertos/src/heap_3.o
 .debug_info    0x0000058c      0x439 ./freertos/src/list.o
 .debug_info    0x000009c5      0x48d ./freertos/src/port.o
 .debug_info    0x00000e52     0x1272 ./freertos/src/tasks.o
 .debug_info    0x000020c4      0x23f ./example/src/cr_startup_lpc13xx.o
 .debug_info    0x00002303      0x2fb ./example/src/freertos_blinky.o
 .debug_info    0x000025fe      0x22c ./example/src/sysinit.o
 .debug_info    0x0000282a      0x7b3 D:\Developpement_Robot\Robotic-System\trunk\Workspaces\Workspace_1347\lpc_board_nxp_lpcxpresso_1347\Debug\liblpc_board_nxp_lpcxpresso_1347.a(board.o)
 .debug_info    0x00002fdd      0x931 D:\Developpement_Robot\Robotic-System\trunk\Workspaces\Workspace_1347\lpc_board_nxp_lpcxpresso_1347\Debug\liblpc_board_nxp_lpcxpresso_1347.a(board_sysinit.o)
 .debug_info    0x0000390e      0x649 D:\Developpement_Robot\Robotic-System\trunk\Workspaces\Workspace_1347\lpc_chip_13xx\Debug\liblpc_chip_13xx.a(chip_13xx.o)
 .debug_info    0x00003f57      0x9a8 D:\Developpement_Robot\Robotic-System\trunk\Workspaces\Workspace_1347\lpc_chip_13xx\Debug\liblpc_chip_13xx.a(clock_13xx.o)
 .debug_info    0x000048ff      0xa26 D:\Developpement_Robot\Robotic-System\trunk\Workspaces\Workspace_1347\lpc_chip_13xx\Debug\liblpc_chip_13xx.a(gpio_13xx_1.o)
 .debug_info    0x00005325      0x1cd D:\Developpement_Robot\Robotic-System\trunk\Workspaces\Workspace_1347\lpc_chip_13xx\Debug\liblpc_chip_13xx.a(iocon_13xx.o)
 .debug_info    0x000054f2      0x62b D:\Developpement_Robot\Robotic-System\trunk\Workspaces\Workspace_1347\lpc_chip_13xx\Debug\liblpc_chip_13xx.a(sysctl_13xx.o)
 .debug_info    0x00005b1d      0x7f1 D:\Developpement_Robot\Robotic-System\trunk\Workspaces\Workspace_1347\lpc_chip_13xx\Debug\liblpc_chip_13xx.a(sysinit_13xx.o)

.debug_abbrev   0x00000000     0x192b
 .debug_abbrev  0x00000000      0x181 ./freertos/src/FreeRTOSCommonHooks.o
 .debug_abbrev  0x00000181      0x147 ./freertos/src/heap_3.o
 .debug_abbrev  0x000002c8      0x136 ./freertos/src/list.o
 .debug_abbrev  0x000003fe      0x229 ./freertos/src/port.o
 .debug_abbrev  0x00000627      0x291 ./freertos/src/tasks.o
 .debug_abbrev  0x000008b8      0x12c ./example/src/cr_startup_lpc13xx.o
 .debug_abbrev  0x000009e4      0x130 ./example/src/freertos_blinky.o
 .debug_abbrev  0x00000b14       0xd3 ./example/src/sysinit.o
 .debug_abbrev  0x00000be7      0x26d D:\Developpement_Robot\Robotic-System\trunk\Workspaces\Workspace_1347\lpc_board_nxp_lpcxpresso_1347\Debug\liblpc_board_nxp_lpcxpresso_1347.a(board.o)
 .debug_abbrev  0x00000e54      0x1ef D:\Developpement_Robot\Robotic-System\trunk\Workspaces\Workspace_1347\lpc_board_nxp_lpcxpresso_1347\Debug\liblpc_board_nxp_lpcxpresso_1347.a(board_sysinit.o)
 .debug_abbrev  0x00001043      0x167 D:\Developpement_Robot\Robotic-System\trunk\Workspaces\Workspace_1347\lpc_chip_13xx\Debug\liblpc_chip_13xx.a(chip_13xx.o)
 .debug_abbrev  0x000011aa      0x1f6 D:\Developpement_Robot\Robotic-System\trunk\Workspaces\Workspace_1347\lpc_chip_13xx\Debug\liblpc_chip_13xx.a(clock_13xx.o)
 .debug_abbrev  0x000013a0      0x1bf D:\Developpement_Robot\Robotic-System\trunk\Workspaces\Workspace_1347\lpc_chip_13xx\Debug\liblpc_chip_13xx.a(gpio_13xx_1.o)
 .debug_abbrev  0x0000155f       0xf5 D:\Developpement_Robot\Robotic-System\trunk\Workspaces\Workspace_1347\lpc_chip_13xx\Debug\liblpc_chip_13xx.a(iocon_13xx.o)
 .debug_abbrev  0x00001654      0x120 D:\Developpement_Robot\Robotic-System\trunk\Workspaces\Workspace_1347\lpc_chip_13xx\Debug\liblpc_chip_13xx.a(sysctl_13xx.o)
 .debug_abbrev  0x00001774      0x1b7 D:\Developpement_Robot\Robotic-System\trunk\Workspaces\Workspace_1347\lpc_chip_13xx\Debug\liblpc_chip_13xx.a(sysinit_13xx.o)

.debug_aranges  0x00000000      0x648
 .debug_aranges
                0x00000000       0x40 ./freertos/src/FreeRTOSCommonHooks.o
 .debug_aranges
                0x00000040       0x28 ./freertos/src/heap_3.o
 .debug_aranges
                0x00000068       0x40 ./freertos/src/list.o
 .debug_aranges
                0x000000a8       0x90 ./freertos/src/port.o
 .debug_aranges
                0x00000138      0x150 ./freertos/src/tasks.o
 .debug_aranges
                0x00000288       0x60 ./example/src/cr_startup_lpc13xx.o
 .debug_aranges
                0x000002e8       0x40 ./example/src/freertos_blinky.o
 .debug_aranges
                0x00000328       0x20 ./example/src/sysinit.o
 .debug_aranges
                0x00000348       0xc0 D:\Developpement_Robot\Robotic-System\trunk\Workspaces\Workspace_1347\lpc_board_nxp_lpcxpresso_1347\Debug\liblpc_board_nxp_lpcxpresso_1347.a(board.o)
 .debug_aranges
                0x00000408       0x48 D:\Developpement_Robot\Robotic-System\trunk\Workspaces\Workspace_1347\lpc_board_nxp_lpcxpresso_1347\Debug\liblpc_board_nxp_lpcxpresso_1347.a(board_sysinit.o)
 .debug_aranges
                0x00000450       0x38 D:\Developpement_Robot\Robotic-System\trunk\Workspaces\Workspace_1347\lpc_chip_13xx\Debug\liblpc_chip_13xx.a(chip_13xx.o)
 .debug_aranges
                0x00000488       0xa0 D:\Developpement_Robot\Robotic-System\trunk\Workspaces\Workspace_1347\lpc_chip_13xx\Debug\liblpc_chip_13xx.a(clock_13xx.o)
 .debug_aranges
                0x00000528       0x78 D:\Developpement_Robot\Robotic-System\trunk\Workspaces\Workspace_1347\lpc_chip_13xx\Debug\liblpc_chip_13xx.a(gpio_13xx_1.o)
 .debug_aranges
                0x000005a0       0x20 D:\Developpement_Robot\Robotic-System\trunk\Workspaces\Workspace_1347\lpc_chip_13xx\Debug\liblpc_chip_13xx.a(iocon_13xx.o)
 .debug_aranges
                0x000005c0       0x38 D:\Developpement_Robot\Robotic-System\trunk\Workspaces\Workspace_1347\lpc_chip_13xx\Debug\liblpc_chip_13xx.a(sysctl_13xx.o)
 .debug_aranges
                0x000005f8       0x50 D:\Developpement_Robot\Robotic-System\trunk\Workspaces\Workspace_1347\lpc_chip_13xx\Debug\liblpc_chip_13xx.a(sysinit_13xx.o)

.debug_ranges   0x00000000      0x548
 .debug_ranges  0x00000000       0x30 ./freertos/src/FreeRTOSCommonHooks.o
 .debug_ranges  0x00000030       0x18 ./freertos/src/heap_3.o
 .debug_ranges  0x00000048       0x30 ./freertos/src/list.o
 .debug_ranges  0x00000078       0x80 ./freertos/src/port.o
 .debug_ranges  0x000000f8      0x140 ./freertos/src/tasks.o
 .debug_ranges  0x00000238       0x50 ./example/src/cr_startup_lpc13xx.o
 .debug_ranges  0x00000288       0x30 ./example/src/freertos_blinky.o
 .debug_ranges  0x000002b8       0x10 ./example/src/sysinit.o
 .debug_ranges  0x000002c8       0xb0 D:\Developpement_Robot\Robotic-System\trunk\Workspaces\Workspace_1347\lpc_board_nxp_lpcxpresso_1347\Debug\liblpc_board_nxp_lpcxpresso_1347.a(board.o)
 .debug_ranges  0x00000378       0x38 D:\Developpement_Robot\Robotic-System\trunk\Workspaces\Workspace_1347\lpc_board_nxp_lpcxpresso_1347\Debug\liblpc_board_nxp_lpcxpresso_1347.a(board_sysinit.o)
 .debug_ranges  0x000003b0       0x28 D:\Developpement_Robot\Robotic-System\trunk\Workspaces\Workspace_1347\lpc_chip_13xx\Debug\liblpc_chip_13xx.a(chip_13xx.o)
 .debug_ranges  0x000003d8       0x90 D:\Developpement_Robot\Robotic-System\trunk\Workspaces\Workspace_1347\lpc_chip_13xx\Debug\liblpc_chip_13xx.a(clock_13xx.o)
 .debug_ranges  0x00000468       0x68 D:\Developpement_Robot\Robotic-System\trunk\Workspaces\Workspace_1347\lpc_chip_13xx\Debug\liblpc_chip_13xx.a(gpio_13xx_1.o)
 .debug_ranges  0x000004d0       0x10 D:\Developpement_Robot\Robotic-System\trunk\Workspaces\Workspace_1347\lpc_chip_13xx\Debug\liblpc_chip_13xx.a(iocon_13xx.o)
 .debug_ranges  0x000004e0       0x28 D:\Developpement_Robot\Robotic-System\trunk\Workspaces\Workspace_1347\lpc_chip_13xx\Debug\liblpc_chip_13xx.a(sysctl_13xx.o)
 .debug_ranges  0x00000508       0x40 D:\Developpement_Robot\Robotic-System\trunk\Workspaces\Workspace_1347\lpc_chip_13xx\Debug\liblpc_chip_13xx.a(sysinit_13xx.o)

.debug_macro    0x00000000     0x598b
 .debug_macro   0x00000000      0x237 ./freertos/src/FreeRTOSCommonHooks.o
 .debug_macro   0x00000237      0xaae ./freertos/src/FreeRTOSCommonHooks.o
 .debug_macro   0x00000ce5       0x10 ./freertos/src/FreeRTOSCommonHooks.o
 .debug_macro   0x00000cf5      0x12e ./freertos/src/FreeRTOSCommonHooks.o
 .debug_macro   0x00000e23       0x16 ./freertos/src/FreeRTOSCommonHooks.o
 .debug_macro   0x00000e39       0x46 ./freertos/src/FreeRTOSCommonHooks.o
 .debug_macro   0x00000e7f      0x5b3 ./freertos/src/FreeRTOSCommonHooks.o
 .debug_macro   0x00001432       0x22 ./freertos/src/FreeRTOSCommonHooks.o
 .debug_macro   0x00001454       0x74 ./freertos/src/FreeRTOSCommonHooks.o
 .debug_macro   0x000014c8       0x10 ./freertos/src/FreeRTOSCommonHooks.o
 .debug_macro   0x000014d8       0x26 ./freertos/src/FreeRTOSCommonHooks.o
 .debug_macro   0x000014fe       0x3a ./freertos/src/FreeRTOSCommonHooks.o
 .debug_macro   0x00001538       0x2d ./freertos/src/FreeRTOSCommonHooks.o
 .debug_macro   0x00001565      0xa7d ./freertos/src/FreeRTOSCommonHooks.o
 .debug_macro   0x00001fe2      0x10f ./freertos/src/FreeRTOSCommonHooks.o
 .debug_macro   0x000020f1       0xf1 ./freertos/src/FreeRTOSCommonHooks.o
 .debug_macro   0x000021e2       0x10 ./freertos/src/FreeRTOSCommonHooks.o
 .debug_macro   0x000021f2      0x145 ./freertos/src/FreeRTOSCommonHooks.o
 .debug_macro   0x00002337       0x88 ./freertos/src/FreeRTOSCommonHooks.o
 .debug_macro   0x000023bf      0x21b ./freertos/src/FreeRTOSCommonHooks.o
 .debug_macro   0x000025da       0x40 ./freertos/src/FreeRTOSCommonHooks.o
 .debug_macro   0x0000261a       0x3a ./freertos/src/FreeRTOSCommonHooks.o
 .debug_macro   0x00002654       0xb9 ./freertos/src/FreeRTOSCommonHooks.o
 .debug_macro   0x0000270d       0x4c ./freertos/src/FreeRTOSCommonHooks.o
 .debug_macro   0x00002759       0x16 ./freertos/src/FreeRTOSCommonHooks.o
 .debug_macro   0x0000276f      0x31a ./freertos/src/FreeRTOSCommonHooks.o
 .debug_macro   0x00002a89       0x5b ./freertos/src/FreeRTOSCommonHooks.o
 .debug_macro   0x00002ae4       0x2e ./freertos/src/FreeRTOSCommonHooks.o
 .debug_macro   0x00002b12       0x1c ./freertos/src/FreeRTOSCommonHooks.o
 .debug_macro   0x00002b2e       0x22 ./freertos/src/FreeRTOSCommonHooks.o
 .debug_macro   0x00002b50       0x11 ./freertos/src/FreeRTOSCommonHooks.o
 .debug_macro   0x00002b61       0x40 ./freertos/src/FreeRTOSCommonHooks.o
 .debug_macro   0x00002ba1       0x3a ./freertos/src/FreeRTOSCommonHooks.o
 .debug_macro   0x00002bdb       0x9a ./freertos/src/FreeRTOSCommonHooks.o
 .debug_macro   0x00002c75       0x20 ./freertos/src/FreeRTOSCommonHooks.o
 .debug_macro   0x00002c95      0x115 ./freertos/src/FreeRTOSCommonHooks.o
 .debug_macro   0x00002daa       0xb2 ./freertos/src/FreeRTOSCommonHooks.o
 .debug_macro   0x00002e5c       0x12 ./freertos/src/FreeRTOSCommonHooks.o
 .debug_macro   0x00002e6e       0x1f ./freertos/src/FreeRTOSCommonHooks.o
 .debug_macro   0x00002e8d      0x242 ./freertos/src/FreeRTOSCommonHooks.o
 .debug_macro   0x000030cf       0x64 ./freertos/src/FreeRTOSCommonHooks.o
 .debug_macro   0x00003133       0x57 ./freertos/src/FreeRTOSCommonHooks.o
 .debug_macro   0x0000318a      0x24d ./freertos/src/heap_3.o
 .debug_macro   0x000033d7       0x28 ./freertos/src/heap_3.o
 .debug_macro   0x000033ff      0x232 ./freertos/src/list.o
 .debug_macro   0x00003631      0x2c4 ./freertos/src/port.o
 .debug_macro   0x000038f5      0x2d1 ./freertos/src/tasks.o
 .debug_macro   0x00003bc6       0x5b ./freertos/src/tasks.o
 .debug_macro   0x00003c21       0x17 ./freertos/src/tasks.o
 .debug_macro   0x00003c38       0x26 ./example/src/cr_startup_lpc13xx.o
 .debug_macro   0x00003c5e      0x227 ./example/src/freertos_blinky.o
 .debug_macro   0x00003e85       0x7b ./example/src/freertos_blinky.o
 .debug_macro   0x00003f00       0x18 ./example/src/freertos_blinky.o
 .debug_macro   0x00003f18       0x10 ./example/src/freertos_blinky.o
 .debug_macro   0x00003f28      0x11b ./example/src/freertos_blinky.o
 .debug_macro   0x00004043      0x1b2 ./example/src/sysinit.o
 .debug_macro   0x000041f5      0x20a D:\Developpement_Robot\Robotic-System\trunk\Workspaces\Workspace_1347\lpc_board_nxp_lpcxpresso_1347\Debug\liblpc_board_nxp_lpcxpresso_1347.a(board.o)
 .debug_macro   0x000043ff      0xaa8 D:\Developpement_Robot\Robotic-System\trunk\Workspaces\Workspace_1347\lpc_board_nxp_lpcxpresso_1347\Debug\liblpc_board_nxp_lpcxpresso_1347.a(board.o)
 .debug_macro   0x00004ea7       0x12 D:\Developpement_Robot\Robotic-System\trunk\Workspaces\Workspace_1347\lpc_board_nxp_lpcxpresso_1347\Debug\liblpc_board_nxp_lpcxpresso_1347.a(board.o)
 .debug_macro   0x00004eb9      0x1c0 D:\Developpement_Robot\Robotic-System\trunk\Workspaces\Workspace_1347\lpc_board_nxp_lpcxpresso_1347\Debug\liblpc_board_nxp_lpcxpresso_1347.a(board_sysinit.o)
 .debug_macro   0x00005079      0x17c D:\Developpement_Robot\Robotic-System\trunk\Workspaces\Workspace_1347\lpc_chip_13xx\Debug\liblpc_chip_13xx.a(chip_13xx.o)
 .debug_macro   0x000051f5      0x17c D:\Developpement_Robot\Robotic-System\trunk\Workspaces\Workspace_1347\lpc_chip_13xx\Debug\liblpc_chip_13xx.a(clock_13xx.o)
 .debug_macro   0x00005371      0x17c D:\Developpement_Robot\Robotic-System\trunk\Workspaces\Workspace_1347\lpc_chip_13xx\Debug\liblpc_chip_13xx.a(gpio_13xx_1.o)
 .debug_macro   0x000054ed      0x17c D:\Developpement_Robot\Robotic-System\trunk\Workspaces\Workspace_1347\lpc_chip_13xx\Debug\liblpc_chip_13xx.a(iocon_13xx.o)
 .debug_macro   0x00005669      0x1a6 D:\Developpement_Robot\Robotic-System\trunk\Workspaces\Workspace_1347\lpc_chip_13xx\Debug\liblpc_chip_13xx.a(sysctl_13xx.o)
 .debug_macro   0x0000580f      0x17c D:\Developpement_Robot\Robotic-System\trunk\Workspaces\Workspace_1347\lpc_chip_13xx\Debug\liblpc_chip_13xx.a(sysinit_13xx.o)

.debug_line     0x00000000     0x5f58
 .debug_line    0x00000000      0x609 ./freertos/src/FreeRTOSCommonHooks.o
 .debug_line    0x00000609      0x5b0 ./freertos/src/heap_3.o
 .debug_line    0x00000bb9      0x675 ./freertos/src/list.o
 .debug_line    0x0000122e      0x796 ./freertos/src/port.o
 .debug_line    0x000019c4     0x1248 ./freertos/src/tasks.o
 .debug_line    0x00002c0c      0x1a7 ./example/src/cr_startup_lpc13xx.o
 .debug_line    0x00002db3      0x627 ./example/src/freertos_blinky.o
 .debug_line    0x000033da      0x42f ./example/src/sysinit.o
 .debug_line    0x00003809      0x69b D:\Developpement_Robot\Robotic-System\trunk\Workspaces\Workspace_1347\lpc_board_nxp_lpcxpresso_1347\Debug\liblpc_board_nxp_lpcxpresso_1347.a(board.o)
 .debug_line    0x00003ea4      0x50d D:\Developpement_Robot\Robotic-System\trunk\Workspaces\Workspace_1347\lpc_board_nxp_lpcxpresso_1347\Debug\liblpc_board_nxp_lpcxpresso_1347.a(board_sysinit.o)
 .debug_line    0x000043b1      0x41a D:\Developpement_Robot\Robotic-System\trunk\Workspaces\Workspace_1347\lpc_chip_13xx\Debug\liblpc_chip_13xx.a(chip_13xx.o)
 .debug_line    0x000047cb      0x5f2 D:\Developpement_Robot\Robotic-System\trunk\Workspaces\Workspace_1347\lpc_chip_13xx\Debug\liblpc_chip_13xx.a(clock_13xx.o)
 .debug_line    0x00004dbd      0x516 D:\Developpement_Robot\Robotic-System\trunk\Workspaces\Workspace_1347\lpc_chip_13xx\Debug\liblpc_chip_13xx.a(gpio_13xx_1.o)
 .debug_line    0x000052d3      0x3ac D:\Developpement_Robot\Robotic-System\trunk\Workspaces\Workspace_1347\lpc_chip_13xx\Debug\liblpc_chip_13xx.a(iocon_13xx.o)
 .debug_line    0x0000567f      0x420 D:\Developpement_Robot\Robotic-System\trunk\Workspaces\Workspace_1347\lpc_chip_13xx\Debug\liblpc_chip_13xx.a(sysctl_13xx.o)
 .debug_line    0x00005a9f      0x4b9 D:\Developpement_Robot\Robotic-System\trunk\Workspaces\Workspace_1347\lpc_chip_13xx\Debug\liblpc_chip_13xx.a(sysinit_13xx.o)

.debug_str      0x00000000    0x11aa9
 .debug_str     0x00000000     0xe2fa ./freertos/src/FreeRTOSCommonHooks.o
                               0xe400 (size before relaxing)
 .debug_str     0x0000e2fa      0x103 ./freertos/src/heap_3.o
                               0xe431 (size before relaxing)
 .debug_str     0x0000e3fd      0x12e ./freertos/src/list.o
                               0xe159 (size before relaxing)
 .debug_str     0x0000e52b      0x702 ./freertos/src/port.o
                               0xea5c (size before relaxing)
 .debug_str     0x0000ec2d     0x17e2 ./freertos/src/tasks.o
                               0xfcdd (size before relaxing)
 .debug_str     0x0001040f      0x169 ./example/src/cr_startup_lpc13xx.o
                               0x2fd2 (size before relaxing)
 .debug_str     0x00010578       0x94 ./example/src/freertos_blinky.o
                               0xe3ba (size before relaxing)
 .debug_str     0x0001060c       0x19 ./example/src/sysinit.o
                               0xc15b (size before relaxing)
 .debug_str     0x00010625      0x417 D:\Developpement_Robot\Robotic-System\trunk\Workspaces\Workspace_1347\lpc_board_nxp_lpcxpresso_1347\Debug\liblpc_board_nxp_lpcxpresso_1347.a(board.o)
                               0xc4ff (size before relaxing)
 .debug_str     0x00010a3c      0x5fe D:\Developpement_Robot\Robotic-System\trunk\Workspaces\Workspace_1347\lpc_board_nxp_lpcxpresso_1347\Debug\liblpc_board_nxp_lpcxpresso_1347.a(board_sysinit.o)
                               0xc78d (size before relaxing)
 .debug_str     0x0001103a      0x18f D:\Developpement_Robot\Robotic-System\trunk\Workspaces\Workspace_1347\lpc_chip_13xx\Debug\liblpc_chip_13xx.a(chip_13xx.o)
                               0xc119 (size before relaxing)
 .debug_str     0x000111c9      0x4a3 D:\Developpement_Robot\Robotic-System\trunk\Workspaces\Workspace_1347\lpc_chip_13xx\Debug\liblpc_chip_13xx.a(clock_13xx.o)
                               0xc547 (size before relaxing)
 .debug_str     0x0001166c      0x132 D:\Developpement_Robot\Robotic-System\trunk\Workspaces\Workspace_1347\lpc_chip_13xx\Debug\liblpc_chip_13xx.a(gpio_13xx_1.o)
                               0xc3b0 (size before relaxing)
 .debug_str     0x0001179e       0x29 D:\Developpement_Robot\Robotic-System\trunk\Workspaces\Workspace_1347\lpc_chip_13xx\Debug\liblpc_chip_13xx.a(iocon_13xx.o)
                               0xbdb5 (size before relaxing)
 .debug_str     0x000117c7      0x19f D:\Developpement_Robot\Robotic-System\trunk\Workspaces\Workspace_1347\lpc_chip_13xx\Debug\liblpc_chip_13xx.a(sysctl_13xx.o)
                               0xc17b (size before relaxing)
 .debug_str     0x00011966      0x143 D:\Developpement_Robot\Robotic-System\trunk\Workspaces\Workspace_1347\lpc_chip_13xx\Debug\liblpc_chip_13xx.a(sysinit_13xx.o)
                               0xc221 (size before relaxing)

.comment        0x00000000       0x79
 .comment       0x00000000       0x79 ./freertos/src/FreeRTOSCommonHooks.o
                                 0x7a (size before relaxing)
 .comment       0x00000079       0x7a ./freertos/src/heap_3.o
 .comment       0x00000079       0x7a ./freertos/src/list.o
 .comment       0x00000079       0x7a ./freertos/src/port.o
 .comment       0x00000079       0x7a ./freertos/src/tasks.o
 .comment       0x00000079       0x7a ./example/src/cr_startup_lpc13xx.o
 .comment       0x00000079       0x7a ./example/src/freertos_blinky.o
 .comment       0x00000079       0x7a ./example/src/sysinit.o
 .comment       0x00000079       0x7a D:\Developpement_Robot\Robotic-System\trunk\Workspaces\Workspace_1347\lpc_board_nxp_lpcxpresso_1347\Debug\liblpc_board_nxp_lpcxpresso_1347.a(board.o)
 .comment       0x00000079       0x7a D:\Developpement_Robot\Robotic-System\trunk\Workspaces\Workspace_1347\lpc_board_nxp_lpcxpresso_1347\Debug\liblpc_board_nxp_lpcxpresso_1347.a(board_sysinit.o)
 .comment       0x00000079       0x7a D:\Developpement_Robot\Robotic-System\trunk\Workspaces\Workspace_1347\lpc_chip_13xx\Debug\liblpc_chip_13xx.a(chip_13xx.o)
 .comment       0x00000079       0x7a D:\Developpement_Robot\Robotic-System\trunk\Workspaces\Workspace_1347\lpc_chip_13xx\Debug\liblpc_chip_13xx.a(clock_13xx.o)
 .comment       0x00000079       0x7a D:\Developpement_Robot\Robotic-System\trunk\Workspaces\Workspace_1347\lpc_chip_13xx\Debug\liblpc_chip_13xx.a(gpio_13xx_1.o)
 .comment       0x00000079       0x7a D:\Developpement_Robot\Robotic-System\trunk\Workspaces\Workspace_1347\lpc_chip_13xx\Debug\liblpc_chip_13xx.a(iocon_13xx.o)
 .comment       0x00000079       0x7a D:\Developpement_Robot\Robotic-System\trunk\Workspaces\Workspace_1347\lpc_chip_13xx\Debug\liblpc_chip_13xx.a(sysctl_13xx.o)
 .comment       0x00000079       0x7a D:\Developpement_Robot\Robotic-System\trunk\Workspaces\Workspace_1347\lpc_chip_13xx\Debug\liblpc_chip_13xx.a(sysinit_13xx.o)
 .comment       0x00000079       0x7a c:/nxp/mcuxpressoide_11.2.1_4149/ide/plugins/com.nxp.mcuxpresso.tools.win32_11.2.0.202008311134/tools/bin/../lib/gcc/arm-none-eabi/9.2.1/../../../../arm-none-eabi/lib/thumb/v7-m/nofp\libcr_nohost.a(_cr__main.o)
 .comment       0x00000079       0x7a c:/nxp/mcuxpressoide_11.2.1_4149/ide/plugins/com.nxp.mcuxpresso.tools.win32_11.2.0.202008311134/tools/bin/../lib/gcc/arm-none-eabi/9.2.1/../../../../arm-none-eabi/lib/thumb/v7-m/nofp\libcr_c.a(memset.o)
 .comment       0x00000079       0x7a c:/nxp/mcuxpressoide_11.2.1_4149/ide/plugins/com.nxp.mcuxpresso.tools.win32_11.2.0.202008311134/tools/bin/../lib/gcc/arm-none-eabi/9.2.1/../../../../arm-none-eabi/lib/thumb/v7-m/nofp\libcr_c.a(alloc.o)
 .comment       0x00000079       0x7a c:/nxp/mcuxpressoide_11.2.1_4149/ide/plugins/com.nxp.mcuxpresso.tools.win32_11.2.0.202008311134/tools/bin/../lib/gcc/arm-none-eabi/9.2.1/../../../../arm-none-eabi/lib/thumb/v7-m/nofp\libcr_c.a(initio.o)
 .comment       0x00000079       0x7a c:/nxp/mcuxpressoide_11.2.1_4149/ide/plugins/com.nxp.mcuxpresso.tools.win32_11.2.0.202008311134/tools/bin/../lib/gcc/arm-none-eabi/9.2.1/../../../../arm-none-eabi/lib/thumb/v7-m/nofp\libcr_c.a(memcmp.o)
 .comment       0x00000079       0x7a c:/nxp/mcuxpressoide_11.2.1_4149/ide/plugins/com.nxp.mcuxpresso.tools.win32_11.2.0.202008311134/tools/bin/../lib/gcc/arm-none-eabi/9.2.1/../../../../arm-none-eabi/lib/thumb/v7-m/nofp\libcr_c.a(setvbuf.o)
 .comment       0x00000079       0x7a c:/nxp/mcuxpressoide_11.2.1_4149/ide/plugins/com.nxp.mcuxpresso.tools.win32_11.2.0.202008311134/tools/bin/../lib/gcc/arm-none-eabi/9.2.1/../../../../arm-none-eabi/lib/thumb/v7-m/nofp\libcr_c.a(__init_alloc.o)
 .comment       0x00000079       0x7a c:/nxp/mcuxpressoide_11.2.1_4149/ide/plugins/com.nxp.mcuxpresso.tools.win32_11.2.0.202008311134/tools/bin/../lib/gcc/arm-none-eabi/9.2.1/../../../../arm-none-eabi/lib/thumb/v7-m/nofp\libcr_c.a(_cr_sbrk.o)
 .comment       0x00000079       0x7a c:/nxp/mcuxpressoide_11.2.1_4149/ide/plugins/com.nxp.mcuxpresso.tools.win32_11.2.0.202008311134/tools/bin/../lib/gcc/arm-none-eabi/9.2.1/../../../../arm-none-eabi/lib/thumb/v7-m/nofp\libcr_c.a(_fdopen.o)
 .comment       0x00000079       0x7a c:/nxp/mcuxpressoide_11.2.1_4149/ide/plugins/com.nxp.mcuxpresso.tools.win32_11.2.0.202008311134/tools/bin/../lib/gcc/arm-none-eabi/9.2.1/../../../../arm-none-eabi/lib/thumb/v7-m/nofp\libcr_c.a(errno.o)
 .comment       0x00000079       0x7a c:/nxp/mcuxpressoide_11.2.1_4149/ide/plugins/com.nxp.mcuxpresso.tools.win32_11.2.0.202008311134/tools/bin/../lib/gcc/arm-none-eabi/9.2.1/../../../../arm-none-eabi/lib/thumb/v7-m/nofp\libcr_c.a(fclose.o)
 .comment       0x00000079       0x7a c:/nxp/mcuxpressoide_11.2.1_4149/ide/plugins/com.nxp.mcuxpresso.tools.win32_11.2.0.202008311134/tools/bin/../lib/gcc/arm-none-eabi/9.2.1/../../../../arm-none-eabi/lib/thumb/v7-m/nofp\libcr_c.a(fflush.o)
 .comment       0x00000079       0x7a c:/nxp/mcuxpressoide_11.2.1_4149/ide/plugins/com.nxp.mcuxpresso.tools.win32_11.2.0.202008311134/tools/bin/../lib/gcc/arm-none-eabi/9.2.1/../../../../arm-none-eabi/lib/thumb/v7-m/nofp\libcr_c.a(fseek.o)
 .comment       0x00000079       0x7a c:/nxp/mcuxpressoide_11.2.1_4149/ide/plugins/com.nxp.mcuxpresso.tools.win32_11.2.0.202008311134/tools/bin/../lib/gcc/arm-none-eabi/9.2.1/../../../../arm-none-eabi/lib/thumb/v7-m/nofp\libcr_c.a(ftell.o)
 .comment       0x00000079       0x7a c:/nxp/mcuxpressoide_11.2.1_4149/ide/plugins/com.nxp.mcuxpresso.tools.win32_11.2.0.202008311134/tools/bin/../lib/gcc/arm-none-eabi/9.2.1/../../../../arm-none-eabi/lib/thumb/v7-m/nofp\libcr_c.a(remove.o)
 .comment       0x00000079       0x7a c:/nxp/mcuxpressoide_11.2.1_4149/ide/plugins/com.nxp.mcuxpresso.tools.win32_11.2.0.202008311134/tools/bin/../lib/gcc/arm-none-eabi/9.2.1/../../../../arm-none-eabi/lib/thumb/v7-m/nofp\libcr_c.a(strlen.o)
 .comment       0x00000079       0x7a c:/nxp/mcuxpressoide_11.2.1_4149/ide/plugins/com.nxp.mcuxpresso.tools.win32_11.2.0.202008311134/tools/bin/../lib/gcc/arm-none-eabi/9.2.1/../../../../arm-none-eabi/lib/thumb/v7-m/nofp\libcr_c.a(_cr_check_heap.o)
 .comment       0x00000079       0x7a c:/nxp/mcuxpressoide_11.2.1_4149/ide/plugins/com.nxp.mcuxpresso.tools.win32_11.2.0.202008311134/tools/bin/../lib/gcc/arm-none-eabi/9.2.1/../../../../arm-none-eabi/lib/thumb/v7-m/nofp\libcr_c.a(_do_fflush.o)
 .comment       0x00000079       0x7a c:/nxp/mcuxpressoide_11.2.1_4149/ide/plugins/com.nxp.mcuxpresso.tools.win32_11.2.0.202008311134/tools/bin/../lib/gcc/arm-none-eabi/9.2.1/../../../../arm-none-eabi/lib/thumb/v7-m/nofp\libcr_c.a(_fflush.o)
 .comment       0x00000079       0x7a c:/nxp/mcuxpressoide_11.2.1_4149/ide/plugins/com.nxp.mcuxpresso.tools.win32_11.2.0.202008311134/tools/bin/../lib/gcc/arm-none-eabi/9.2.1/../../../../arm-none-eabi/lib/thumb/v7-m/nofp\libcr_c.a(_writebuf.o)
 .comment       0x00000079       0x7a c:/nxp/mcuxpressoide_11.2.1_4149/ide/plugins/com.nxp.mcuxpresso.tools.win32_11.2.0.202008311134/tools/bin/../lib/gcc/arm-none-eabi/9.2.1/../../../../arm-none-eabi/lib/thumb/v7-m/nofp\libcr_c.a(_deferredlazyseek.o)
 .comment       0x00000079       0x7a c:/nxp/mcuxpressoide_11.2.1_4149/ide/plugins/com.nxp.mcuxpresso.tools.win32_11.2.0.202008311134/tools/bin/../lib/gcc/arm-none-eabi/9.2.1/../../../../arm-none-eabi/lib/thumb/v7-m/nofp\libcr_nohost.a(__ciob.o)
 .comment       0x00000079       0x7a c:/nxp/mcuxpressoide_11.2.1_4149/ide/plugins/com.nxp.mcuxpresso.tools.win32_11.2.0.202008311134/tools/bin/../lib/gcc/arm-none-eabi/9.2.1/../../../../arm-none-eabi/lib/thumb/v7-m/nofp\libcr_nohost.a(__sys_close.o)
 .comment       0x00000079       0x7a c:/nxp/mcuxpressoide_11.2.1_4149/ide/plugins/com.nxp.mcuxpresso.tools.win32_11.2.0.202008311134/tools/bin/../lib/gcc/arm-none-eabi/9.2.1/../../../../arm-none-eabi/lib/thumb/v7-m/nofp\libcr_nohost.a(__sys_flen.o)
 .comment       0x00000079       0x7a c:/nxp/mcuxpressoide_11.2.1_4149/ide/plugins/com.nxp.mcuxpresso.tools.win32_11.2.0.202008311134/tools/bin/../lib/gcc/arm-none-eabi/9.2.1/../../../../arm-none-eabi/lib/thumb/v7-m/nofp\libcr_nohost.a(__sys_istty.o)
 .comment       0x00000079       0x7a c:/nxp/mcuxpressoide_11.2.1_4149/ide/plugins/com.nxp.mcuxpresso.tools.win32_11.2.0.202008311134/tools/bin/../lib/gcc/arm-none-eabi/9.2.1/../../../../arm-none-eabi/lib/thumb/v7-m/nofp\libcr_nohost.a(__sys_remove.o)
 .comment       0x00000079       0x7a c:/nxp/mcuxpressoide_11.2.1_4149/ide/plugins/com.nxp.mcuxpresso.tools.win32_11.2.0.202008311134/tools/bin/../lib/gcc/arm-none-eabi/9.2.1/../../../../arm-none-eabi/lib/thumb/v7-m/nofp\libcr_nohost.a(__sys_seek.o)
 .comment       0x00000079       0x7a c:/nxp/mcuxpressoide_11.2.1_4149/ide/plugins/com.nxp.mcuxpresso.tools.win32_11.2.0.202008311134/tools/bin/../lib/gcc/arm-none-eabi/9.2.1/../../../../arm-none-eabi/lib/thumb/v7-m/nofp\libcr_nohost.a(__sys_tmpnam.o)

.ARM.attributes
                0x00000000       0x2b
 .ARM.attributes
                0x00000000       0x2d ./freertos/src/FreeRTOSCommonHooks.o
 .ARM.attributes
                0x0000002d       0x2d ./freertos/src/heap_3.o
 .ARM.attributes
                0x0000005a       0x2d ./freertos/src/list.o
 .ARM.attributes
                0x00000087       0x2d ./freertos/src/port.o
 .ARM.attributes
                0x000000b4       0x2d ./freertos/src/tasks.o
 .ARM.attributes
                0x000000e1       0x2d ./example/src/cr_startup_lpc13xx.o
 .ARM.attributes
                0x0000010e       0x2d ./example/src/freertos_blinky.o
 .ARM.attributes
                0x0000013b       0x2d ./example/src/sysinit.o
 .ARM.attributes
                0x00000168       0x2d D:\Developpement_Robot\Robotic-System\trunk\Workspaces\Workspace_1347\lpc_board_nxp_lpcxpresso_1347\Debug\liblpc_board_nxp_lpcxpresso_1347.a(board.o)
 .ARM.attributes
                0x00000195       0x2d D:\Developpement_Robot\Robotic-System\trunk\Workspaces\Workspace_1347\lpc_board_nxp_lpcxpresso_1347\Debug\liblpc_board_nxp_lpcxpresso_1347.a(board_sysinit.o)
 .ARM.attributes
                0x000001c2       0x2d D:\Developpement_Robot\Robotic-System\trunk\Workspaces\Workspace_1347\lpc_chip_13xx\Debug\liblpc_chip_13xx.a(chip_13xx.o)
 .ARM.attributes
                0x000001ef       0x2d D:\Developpement_Robot\Robotic-System\trunk\Workspaces\Workspace_1347\lpc_chip_13xx\Debug\liblpc_chip_13xx.a(clock_13xx.o)
 .ARM.attributes
                0x0000021c       0x2d D:\Developpement_Robot\Robotic-System\trunk\Workspaces\Workspace_1347\lpc_chip_13xx\Debug\liblpc_chip_13xx.a(gpio_13xx_1.o)
 .ARM.attributes
                0x00000249       0x2d D:\Developpement_Robot\Robotic-System\trunk\Workspaces\Workspace_1347\lpc_chip_13xx\Debug\liblpc_chip_13xx.a(iocon_13xx.o)
 .ARM.attributes
                0x00000276       0x2d D:\Developpement_Robot\Robotic-System\trunk\Workspaces\Workspace_1347\lpc_chip_13xx\Debug\liblpc_chip_13xx.a(sysctl_13xx.o)
 .ARM.attributes
                0x000002a3       0x2d D:\Developpement_Robot\Robotic-System\trunk\Workspaces\Workspace_1347\lpc_chip_13xx\Debug\liblpc_chip_13xx.a(sysinit_13xx.o)
 .ARM.attributes
                0x000002d0       0x2d c:/nxp/mcuxpressoide_11.2.1_4149/ide/plugins/com.nxp.mcuxpresso.tools.win32_11.2.0.202008311134/tools/bin/../lib/gcc/arm-none-eabi/9.2.1/../../../../arm-none-eabi/lib/thumb/v7-m/nofp\libcr_nohost.a(_cr__main.o)
 .ARM.attributes
                0x000002fd       0x2d c:/nxp/mcuxpressoide_11.2.1_4149/ide/plugins/com.nxp.mcuxpresso.tools.win32_11.2.0.202008311134/tools/bin/../lib/gcc/arm-none-eabi/9.2.1/../../../../arm-none-eabi/lib/thumb/v7-m/nofp\libcr_c.a(memset.o)
 .ARM.attributes
                0x0000032a       0x2d c:/nxp/mcuxpressoide_11.2.1_4149/ide/plugins/com.nxp.mcuxpresso.tools.win32_11.2.0.202008311134/tools/bin/../lib/gcc/arm-none-eabi/9.2.1/../../../../arm-none-eabi/lib/thumb/v7-m/nofp\libcr_c.a(alloc.o)
 .ARM.attributes
                0x00000357       0x2d c:/nxp/mcuxpressoide_11.2.1_4149/ide/plugins/com.nxp.mcuxpresso.tools.win32_11.2.0.202008311134/tools/bin/../lib/gcc/arm-none-eabi/9.2.1/../../../../arm-none-eabi/lib/thumb/v7-m/nofp\libcr_c.a(initio.o)
 .ARM.attributes
                0x00000384       0x2d c:/nxp/mcuxpressoide_11.2.1_4149/ide/plugins/com.nxp.mcuxpresso.tools.win32_11.2.0.202008311134/tools/bin/../lib/gcc/arm-none-eabi/9.2.1/../../../../arm-none-eabi/lib/thumb/v7-m/nofp\libcr_c.a(memcmp.o)
 .ARM.attributes
                0x000003b1       0x2d c:/nxp/mcuxpressoide_11.2.1_4149/ide/plugins/com.nxp.mcuxpresso.tools.win32_11.2.0.202008311134/tools/bin/../lib/gcc/arm-none-eabi/9.2.1/../../../../arm-none-eabi/lib/thumb/v7-m/nofp\libcr_c.a(setvbuf.o)
 .ARM.attributes
                0x000003de       0x2d c:/nxp/mcuxpressoide_11.2.1_4149/ide/plugins/com.nxp.mcuxpresso.tools.win32_11.2.0.202008311134/tools/bin/../lib/gcc/arm-none-eabi/9.2.1/../../../../arm-none-eabi/lib/thumb/v7-m/nofp\libcr_c.a(__init_alloc.o)
 .ARM.attributes
                0x0000040b       0x2d c:/nxp/mcuxpressoide_11.2.1_4149/ide/plugins/com.nxp.mcuxpresso.tools.win32_11.2.0.202008311134/tools/bin/../lib/gcc/arm-none-eabi/9.2.1/../../../../arm-none-eabi/lib/thumb/v7-m/nofp\libcr_c.a(_cr_sbrk.o)
 .ARM.attributes
                0x00000438       0x2d c:/nxp/mcuxpressoide_11.2.1_4149/ide/plugins/com.nxp.mcuxpresso.tools.win32_11.2.0.202008311134/tools/bin/../lib/gcc/arm-none-eabi/9.2.1/../../../../arm-none-eabi/lib/thumb/v7-m/nofp\libcr_c.a(_fdopen.o)
 .ARM.attributes
                0x00000465       0x33 c:/nxp/mcuxpressoide_11.2.1_4149/ide/plugins/com.nxp.mcuxpresso.tools.win32_11.2.0.202008311134/tools/bin/../lib/gcc/arm-none-eabi/9.2.1/../../../../arm-none-eabi/lib/thumb/v7-m/nofp\libcr_c.a(errno.o)
 .ARM.attributes
                0x00000498       0x2d c:/nxp/mcuxpressoide_11.2.1_4149/ide/plugins/com.nxp.mcuxpresso.tools.win32_11.2.0.202008311134/tools/bin/../lib/gcc/arm-none-eabi/9.2.1/../../../../arm-none-eabi/lib/thumb/v7-m/nofp\libcr_c.a(fclose.o)
 .ARM.attributes
                0x000004c5       0x2d c:/nxp/mcuxpressoide_11.2.1_4149/ide/plugins/com.nxp.mcuxpresso.tools.win32_11.2.0.202008311134/tools/bin/../lib/gcc/arm-none-eabi/9.2.1/../../../../arm-none-eabi/lib/thumb/v7-m/nofp\libcr_c.a(fflush.o)
 .ARM.attributes
                0x000004f2       0x2d c:/nxp/mcuxpressoide_11.2.1_4149/ide/plugins/com.nxp.mcuxpresso.tools.win32_11.2.0.202008311134/tools/bin/../lib/gcc/arm-none-eabi/9.2.1/../../../../arm-none-eabi/lib/thumb/v7-m/nofp\libcr_c.a(fseek.o)
 .ARM.attributes
                0x0000051f       0x2d c:/nxp/mcuxpressoide_11.2.1_4149/ide/plugins/com.nxp.mcuxpresso.tools.win32_11.2.0.202008311134/tools/bin/../lib/gcc/arm-none-eabi/9.2.1/../../../../arm-none-eabi/lib/thumb/v7-m/nofp\libcr_c.a(ftell.o)
 .ARM.attributes
                0x0000054c       0x2d c:/nxp/mcuxpressoide_11.2.1_4149/ide/plugins/com.nxp.mcuxpresso.tools.win32_11.2.0.202008311134/tools/bin/../lib/gcc/arm-none-eabi/9.2.1/../../../../arm-none-eabi/lib/thumb/v7-m/nofp\libcr_c.a(remove.o)
 .ARM.attributes
                0x00000579       0x2d c:/nxp/mcuxpressoide_11.2.1_4149/ide/plugins/com.nxp.mcuxpresso.tools.win32_11.2.0.202008311134/tools/bin/../lib/gcc/arm-none-eabi/9.2.1/../../../../arm-none-eabi/lib/thumb/v7-m/nofp\libcr_c.a(strlen.o)
 .ARM.attributes
                0x000005a6       0x2d c:/nxp/mcuxpressoide_11.2.1_4149/ide/plugins/com.nxp.mcuxpresso.tools.win32_11.2.0.202008311134/tools/bin/../lib/gcc/arm-none-eabi/9.2.1/../../../../arm-none-eabi/lib/thumb/v7-m/nofp\libcr_c.a(_cr_check_heap.o)
 .ARM.attributes
                0x000005d3       0x2d c:/nxp/mcuxpressoide_11.2.1_4149/ide/plugins/com.nxp.mcuxpresso.tools.win32_11.2.0.202008311134/tools/bin/../lib/gcc/arm-none-eabi/9.2.1/../../../../arm-none-eabi/lib/thumb/v7-m/nofp\libcr_c.a(_do_fflush.o)
 .ARM.attributes
                0x00000600       0x2d c:/nxp/mcuxpressoide_11.2.1_4149/ide/plugins/com.nxp.mcuxpresso.tools.win32_11.2.0.202008311134/tools/bin/../lib/gcc/arm-none-eabi/9.2.1/../../../../arm-none-eabi/lib/thumb/v7-m/nofp\libcr_c.a(_fflush.o)
 .ARM.attributes
                0x0000062d       0x2d c:/nxp/mcuxpressoide_11.2.1_4149/ide/plugins/com.nxp.mcuxpresso.tools.win32_11.2.0.202008311134/tools/bin/../lib/gcc/arm-none-eabi/9.2.1/../../../../arm-none-eabi/lib/thumb/v7-m/nofp\libcr_c.a(_writebuf.o)
 .ARM.attributes
                0x0000065a       0x2d c:/nxp/mcuxpressoide_11.2.1_4149/ide/plugins/com.nxp.mcuxpresso.tools.win32_11.2.0.202008311134/tools/bin/../lib/gcc/arm-none-eabi/9.2.1/../../../../arm-none-eabi/lib/thumb/v7-m/nofp\libcr_c.a(_deferredlazyseek.o)
 .ARM.attributes
                0x00000687       0x1b c:/nxp/mcuxpressoide_11.2.1_4149/ide/plugins/com.nxp.mcuxpresso.tools.win32_11.2.0.202008311134/tools/bin/../lib/gcc/arm-none-eabi/9.2.1/thumb/v7-m/nofp\libcr_eabihelpers.a(memcpy.o)
 .ARM.attributes
                0x000006a2       0x33 c:/nxp/mcuxpressoide_11.2.1_4149/ide/plugins/com.nxp.mcuxpresso.tools.win32_11.2.0.202008311134/tools/bin/../lib/gcc/arm-none-eabi/9.2.1/../../../../arm-none-eabi/lib/thumb/v7-m/nofp\libcr_nohost.a(__ciob.o)
 .ARM.attributes
                0x000006d5       0x2d c:/nxp/mcuxpressoide_11.2.1_4149/ide/plugins/com.nxp.mcuxpresso.tools.win32_11.2.0.202008311134/tools/bin/../lib/gcc/arm-none-eabi/9.2.1/../../../../arm-none-eabi/lib/thumb/v7-m/nofp\libcr_nohost.a(__sys_close.o)
 .ARM.attributes
                0x00000702       0x2d c:/nxp/mcuxpressoide_11.2.1_4149/ide/plugins/com.nxp.mcuxpresso.tools.win32_11.2.0.202008311134/tools/bin/../lib/gcc/arm-none-eabi/9.2.1/../../../../arm-none-eabi/lib/thumb/v7-m/nofp\libcr_nohost.a(__sys_flen.o)
 .ARM.attributes
                0x0000072f       0x2d c:/nxp/mcuxpressoide_11.2.1_4149/ide/plugins/com.nxp.mcuxpresso.tools.win32_11.2.0.202008311134/tools/bin/../lib/gcc/arm-none-eabi/9.2.1/../../../../arm-none-eabi/lib/thumb/v7-m/nofp\libcr_nohost.a(__sys_istty.o)
 .ARM.attributes
                0x0000075c       0x2d c:/nxp/mcuxpressoide_11.2.1_4149/ide/plugins/com.nxp.mcuxpresso.tools.win32_11.2.0.202008311134/tools/bin/../lib/gcc/arm-none-eabi/9.2.1/../../../../arm-none-eabi/lib/thumb/v7-m/nofp\libcr_nohost.a(__sys_remove.o)
 .ARM.attributes
                0x00000789       0x2d c:/nxp/mcuxpressoide_11.2.1_4149/ide/plugins/com.nxp.mcuxpresso.tools.win32_11.2.0.202008311134/tools/bin/../lib/gcc/arm-none-eabi/9.2.1/../../../../arm-none-eabi/lib/thumb/v7-m/nofp\libcr_nohost.a(__sys_seek.o)
 .ARM.attributes
                0x000007b6       0x2d c:/nxp/mcuxpressoide_11.2.1_4149/ide/plugins/com.nxp.mcuxpresso.tools.win32_11.2.0.202008311134/tools/bin/../lib/gcc/arm-none-eabi/9.2.1/../../../../arm-none-eabi/lib/thumb/v7-m/nofp\libcr_nohost.a(__sys_tmpnam.o)

.debug_frame    0x00000000     0x1590
 .debug_frame   0x00000000       0xb0 ./freertos/src/FreeRTOSCommonHooks.o
 .debug_frame   0x000000b0       0x58 ./freertos/src/heap_3.o
 .debug_frame   0x00000108       0xd8 ./freertos/src/list.o
 .debug_frame   0x000001e0      0x1a0 ./freertos/src/port.o
 .debug_frame   0x00000380      0x58c ./freertos/src/tasks.o
 .debug_frame   0x0000090c      0x110 ./example/src/cr_startup_lpc13xx.o
 .debug_frame   0x00000a1c       0xb0 ./example/src/freertos_blinky.o
 .debug_frame   0x00000acc       0x2c ./example/src/sysinit.o
 .debug_frame   0x00000af8      0x2f0 D:\Developpement_Robot\Robotic-System\trunk\Workspaces\Workspace_1347\lpc_board_nxp_lpcxpresso_1347\Debug\liblpc_board_nxp_lpcxpresso_1347.a(board.o)
 .debug_frame   0x00000de8       0xd8 D:\Developpement_Robot\Robotic-System\trunk\Workspaces\Workspace_1347\lpc_board_nxp_lpcxpresso_1347\Debug\liblpc_board_nxp_lpcxpresso_1347.a(board_sysinit.o)
 .debug_frame   0x00000ec0       0x90 D:\Developpement_Robot\Robotic-System\trunk\Workspaces\Workspace_1347\lpc_chip_13xx\Debug\liblpc_chip_13xx.a(chip_13xx.o)
 .debug_frame   0x00000f50      0x274 D:\Developpement_Robot\Robotic-System\trunk\Workspaces\Workspace_1347\lpc_chip_13xx\Debug\liblpc_chip_13xx.a(clock_13xx.o)
 .debug_frame   0x000011c4      0x1e0 D:\Developpement_Robot\Robotic-System\trunk\Workspaces\Workspace_1347\lpc_chip_13xx\Debug\liblpc_chip_13xx.a(gpio_13xx_1.o)
 .debug_frame   0x000013a4       0x38 D:\Developpement_Robot\Robotic-System\trunk\Workspaces\Workspace_1347\lpc_chip_13xx\Debug\liblpc_chip_13xx.a(iocon_13xx.o)
 .debug_frame   0x000013dc       0xb0 D:\Developpement_Robot\Robotic-System\trunk\Workspaces\Workspace_1347\lpc_chip_13xx\Debug\liblpc_chip_13xx.a(sysctl_13xx.o)
 .debug_frame   0x0000148c      0x104 D:\Developpement_Robot\Robotic-System\trunk\Workspaces\Workspace_1347\lpc_chip_13xx\Debug\liblpc_chip_13xx.a(sysinit_13xx.o)
