Astar.h:181:20:Astar_Set_Node_as_Blocked	16	static
Astar.h:188:20:Astar_Set_Node_as_Closed	16	static
Astar.h:194:20:Astar_Set_Node_as_Opened	16	static
Astar.h:200:20:Astar_Set_Node_as_Start	16	static
Astar.h:209:20:Astar_Set_Node_as_End	16	static
Astar.h:218:20:Astar_Set_Node_as_Trajectory	16	static
Astar.h:234:21:Astar_Compute_H_cost	32	static
Astar.h:246:21:smin	16	static
Astar.h:254:21:smax	16	static
Astar.h:263:21:Astar_Coord_To_Index_X	16	static
Astar.h:269:21:Astar_Coord_To_Index_Y	16	static
uart_17xx_40xx.h:309:20:Chip_UART_SendByte	16	static
uart_17xx_40xx.h:492:24:Chip_UART_ReadLineStatus	16	static
Astar.c:32:6:Astar_Map_Init	32	static
Astar.c:79:19:Astar_Get_Map	4	static
Astar.c:94:32:Astar_Get_Vector_Map	4	static
Astar.c:113:7:Astar_Find_Path	56	static
Astar.c:182:7:Astar_Generate_Trajectory	40	static
Astar.c:230:8:Astar_Find_Best_Node_To_Compute	48	static
Astar.c:308:6:Astar_Compute_Surronding_Nodes	40	static
Astar.c:439:6:Astar_Compute_Node	32	static
Astar.c:504:14:Astar_Smoothing	32	static
Astar.c:550:7:Dijkstra_Intersect_Any_Segment	40	static
Astar.c:609:15:Dijkstra_intersect_segment	64	static
Astar.c:933:6:Astar_Debug_Display_Map	16	static
Astar.c:949:6:Astar_DEBUG_Display_Map_Node_Status	32	static
Astar.c:1009:6:Astar_debug_Display_Node_Status	24	static
Astar.c:1065:6:Astar_DEBUG_Display_Map_Node_Access	32	static
Astar.c:1125:6:Astar_debug_Display_Node_Access	24	static
Astar.c:1166:6:Astar_Debug_Send_String	24	static
Astar.c:1184:6:Astar_Debug_Send_char	16	static
Astar.c:1209:6:Astar_Add_Rectangular_Obstacle	48	static
Astar.c:1255:6:Astar_Add_Obstacle_Vector	32	static
