0_Motors.c:19:38:_0_GPIO_Moteurs_Init	16	static
0_Motors.c:46:38:_0_Motors_Init	8	static
0_Motors.c:77:38:TIMER2_IRQHandler	0	static
0_Motors.c:89:38:TIMER0_IRQHandler	8	static
0_Motors.c:95:38:TIMER1_IRQHandler	8	static
0_Motors.c:113:38:_0_Set_Motor_PWM_Value	40	static
0_Motors.c:140:38:_0_Set_Motor_Direction	16	static
0_Motors.c:157:38:_0_Set_Motor_Power	24	static
core_cm3.h:1323:22:NVIC_EnableIRQ	0	static
core_cm3.h:1335:22:NVIC_DisableIRQ	0	static
core_cm3.h:1375:22:NVIC_ClearPendingIRQ	0	static
core_cm3.h:1405:22:NVIC_SetPriority	0	static
iocon_17xx_40xx.h:181:20:Chip_IOCON_PinMux	16	static
gpio_17xx_40xx.h:106:20:Chip_GPIO_WritePortBit	0	static
gpio_17xx_40xx.h:190:20:Chip_GPIO_WriteDirBit	8	static
timer_17xx_40xx.h:159:20:Chip_TIMER_Enable	0	static
timer_17xx_40xx.h:248:20:Chip_TIMER_MatchEnableInt	0	static
timer_17xx_40xx.h:259:20:Chip_TIMER_MatchDisableInt	0	static
timer_17xx_40xx.h:270:20:Chip_TIMER_ResetOnMatchEnable	0	static
