0_Communication.c:388:38:_0_Communication_Send_RS485	40	static
0_Communication.c:427:6:_0_Communication_Send_USB	8	static
0_Communication.c:447:6:_0_Communication_Wait_Sending_Clearance	16	static
0_Communication.c:466:6:_0_Communication_Give_Sending_Clearance	0	static
uart_17xx_40xx.h:309:20:Chip_UART_SendByte	0	static
uart_17xx_40xx.h:492:24:Chip_UART_ReadLineStatus	0	static
0_Communication.c:113:6:_0_Communication_Init_USB	0	static
0_Communication.c:137:6:_0_Communication_Init_RS485	8	static
0_Communication.c:78:6:_0_Communication_Init	24	static
0_Communication.c:187:6:UART1_IRQHandler	16	static
0_Communication.c:249:6:USB_IRQHandler	0	static
0_Communication.c:314:6:_0_Communication_Send_Data	8	static
