1_Trame_Communication.c:252:44:_1_Communication_Create_Trame_From_Buffer	40	static
1_Trame_Communication.c:464:12:_1_Communication_Check_Rx_Adresse	8	static
1_Trame_Communication.c:486:12:_1_Communication_Check_Priority_Messages	0	static
1_Trame_Communication.c:501:6:_1_Communication_Recomposition_Rx	24	static
1_Trame_Communication.c:58:6:_1_Communication_Create_Queues_Semaphores	8	static
1_Trame_Communication.c:36:6:_1_Communication_Init	16	static
1_Trame_Communication.c:80:12:_1_Communication_Wait_To_Send	16	static
1_Trame_Communication.c:107:6:_1_Communication_Free_Send_Bit	0	static
1_Trame_Communication.c:124:12:_1_Communication_Wait_To_Receive	16	static
1_Trame_Communication.c:151:6:_1_Communication_Free_Receive_Bit	0	static
1_Trame_Communication.c:170:31:_1_Communication_Create_Message	12	static
1_Trame_Communication.c:219:12:_1_Communication_Create_Trame	8	static
