2_Echange_Datas_Reception.c:40:6:_2_Communication_RX_Init	0	static
2_Echange_Datas_Reception.c:46:6:_2_Communication_Interprete_message	8	static
2_Echange_Datas_Reception.c:186:6:_2_Communication_RX_Destination_Robot	32	static
2_Echange_Datas_Reception.c:220:6:_2_Comm_RX_Odometrie	24	static
2_Echange_Datas_Reception.c:240:6:_2_Communication_RX_Parametres_PID	40	static
2_Echange_Datas_Reception.c:336:6:_2_Communication_RX_Vitesse	40	static
2_Echange_Datas_Reception.c:403:6:_2_Comm_RX_Destination_Servos	72	static
2_Echange_Datas_Reception.c:443:6:_2_Comm_RX_Id_Robot	16	static
2_Echange_Datas_Reception.c:452:6:_2_Comm_Get_Robot_ID	0	static
2_Echange_Datas_Reception.c:467:6:_2_Comm_RX_Simulation_Deplacement	16	static
2_Echange_Datas_Reception.c:485:6:_2_Comm_RX_Motor_Power	16	static
2_Echange_Datas_Reception.c:504:6:_2_Comm_RX_AX12_Power	16	static
2_Echange_Datas_Reception.c:522:6:_2_Comm_RX_SERVO_Power	16	static
2_Echange_Datas_Reception.c:540:6:_2_Comm_RX_Set_Position_Robot	32	static
