2_Echange_Datas_Reception.c:42:6:_2_Communication_RX_Init	0	static
2_Echange_Datas_Reception.c:48:6:_2_Communication_Interprete_message	8	static
2_Echange_Datas_Reception.c:196:6:_2_Communication_RX_Destination_Robot	32	static
2_Echange_Datas_Reception.c:230:6:_2_Communication_RX_Destination_Robot_SPLINE_CUBIQUE	40	static
2_Echange_Datas_Reception.c:255:6:_2_Comm_RX_Odometrie	24	static
2_Echange_Datas_Reception.c:275:6:_2_Communication_RX_Parametres_PID	40	static
2_Echange_Datas_Reception.c:371:6:_2_Communication_RX_Vitesse	40	static
2_Echange_Datas_Reception.c:438:6:_2_Comm_RX_Destination_Servos	72	static
2_Echange_Datas_Reception.c:478:6:_2_Comm_RX_Id_Robot	16	static
2_Echange_Datas_Reception.c:487:6:_2_Comm_Get_Robot_ID	0	static
2_Echange_Datas_Reception.c:502:6:_2_Comm_RX_Simulation_Deplacement	16	static
2_Echange_Datas_Reception.c:520:6:_2_Comm_RX_Motor_Power	16	static
2_Echange_Datas_Reception.c:539:6:_2_Comm_RX_AX12_Power	16	static
2_Echange_Datas_Reception.c:557:6:_2_Comm_RX_SERVO_Power	16	static
2_Echange_Datas_Reception.c:575:6:_2_Comm_RX_Set_Position_Robot	32	static
