2_Echange_Datas_Reception.c:40:6:_2_Communication_RX_Init	0	static
2_Echange_Datas_Reception.c:46:6:_2_Communication_Interprete_message	8	static
2_Echange_Datas_Reception.c:186:6:_2_Communication_RX_Destination_Robot	32	static
2_Echange_Datas_Reception.c:246:6:_2_Comm_RX_Odometrie	24	static
2_Echange_Datas_Reception.c:266:6:_2_Communication_RX_Parametres_PID	40	static
2_Echange_Datas_Reception.c:362:6:_2_Communication_RX_Vitesse	40	static
2_Echange_Datas_Reception.c:429:6:_2_Comm_RX_Destination_Servos	72	static
2_Echange_Datas_Reception.c:469:6:_2_Comm_RX_Id_Robot	16	static
2_Echange_Datas_Reception.c:478:6:_2_Comm_Get_Robot_ID	0	static
2_Echange_Datas_Reception.c:493:6:_2_Comm_RX_Simulation_Deplacement	16	static
2_Echange_Datas_Reception.c:511:6:_2_Comm_RX_Motor_Power	16	static
2_Echange_Datas_Reception.c:530:6:_2_Comm_RX_AX12_Power	16	static
2_Echange_Datas_Reception.c:548:6:_2_Comm_RX_SERVO_Power	16	static
2_Echange_Datas_Reception.c:566:6:_2_Comm_RX_Set_Position_Robot	32	static
